node.exe : npm warn Unknown cli config "--run". 
This will stop working in the next major version of 
npm.
At C:\Program Files\nodejs\npm.ps1:29 char:3
+   & $NODE_EXE $NPM_CLI_JS $args
+   ~~~~~~~~~~~~~~~~~~~~~~~~~~~~~
    + CategoryInfo          : NotSpecified: (npm wa 
   rn Unknow...version of npm.:String) [], RemoteE  
  xception
    + FullyQualifiedErrorId : NativeCommandError
 

> cpq-system@0.1.0 test
> vitest


[7m[1m[34m DEV [39m[22m[27m [34mv1.6.1[39m [90mC:/Users/Eli/Desktop/Claude Code/CPQ-System[39m

 [32mΓ£ô[39m src/utils/__tests__/currencyConversion.test.ts [2m ([22m[2m45 tests[22m[2m)[22m[90m 19[2mms[22m[39m
 [32mΓ£ô[39m src/utils/__tests__/assemblyCalculations.test.ts [2m ([22m[2m36 tests[22m[2m)[22m[90m 28[2mms[22m[39m
 [32mΓ£ô[39m src/utils/__tests__/quotationCalculations.test.ts [2m ([22m[2m71 tests[22m[2m)[22m[90m 33[2mms[22m[39m
 [32mΓ£ô[39m src/utils/__tests__/analyticsCalculations.test.ts [2m ([22m[2m46 tests[22m[2m)[22m[90m 67[2mms[22m[39m
[90mstderr[2m | 
src/hooks/__tests__/useQuotations.test.ts[2m > 
[22m[2museQuotations[2m > [22m[2mGetting 
Single Quotation[2m > [22m[2mshould fetch single 
quotation by ID[22m[39m
Warning: An update to TestComponent inside a test 
was not wrapped in act(...).

When testing, code that causes React state updates 
should be wrapped into act(...):

act(() => {
  /* fire events that update state */
});
/* assert on the output */

This ensures that you're testing the behavior the 
user would see in the browser. Learn more at 
https://reactjs.org/link/wrap-tests-with-act
    at TestComponent (C:\Users\Eli\Desktop\Claude Co
de\CPQ-System\node_modules\@testing-library\react\di
st\pure.js:307:5)
Warning: An update to TestComponent inside a test 
was not wrapped in act(...).

When testing, code that causes React state updates 
should be wrapped into act(...):

act(() => {
  /* fire events that update state */
});
/* assert on the output */

This ensures that you're testing the behavior the 
user would see in the browser. Learn more at 
https://reactjs.org/link/wrap-tests-with-act
    at TestComponent (C:\Users\Eli\Desktop\Claude Co
de\CPQ-System\node_modules\@testing-library\react\di
st\pure.js:307:5)
Warning: An update to TestComponent inside a test 
was not wrapped in act(...).

When testing, code that causes React state updates 
should be wrapped into act(...):

act(() => {
  /* fire events that update state */
});
/* assert on the output */

This ensures that you're testing the behavior the 
user would see in the browser. Learn more at 
https://reactjs.org/link/wrap-tests-with-act
    at TestComponent (C:\Users\Eli\Desktop\Claude Co
de\CPQ-System\node_modules\@testing-library\react\di
st\pure.js:307:5)

[90mstderr[2m | 
src/hooks/__tests__/useQuotations.test.ts[2m > 
[22m[2museQuotations[2m > [22m[2mGetting 
Single Quotation[2m > [22m[2mshould return null 
on fetch error[22m[39m
Warning: An update to TestComponent inside a test 
was not wrapped in act(...).

When testing, code that causes React state updates 
should be wrapped into act(...):

act(() => {
  /* fire events that update state */
});
/* assert on the output */

This ensures that you're testing the behavior the 
user would see in the browser. Learn more at 
https://reactjs.org/link/wrap-tests-with-act
    at TestComponent (C:\Users\Eli\Desktop\Claude Co
de\CPQ-System\node_modules\@testing-library\react\di
st\pure.js:307:5)
Warning: An update to TestComponent inside a test 
was not wrapped in act(...).

When testing, code that causes React state updates 
should be wrapped into act(...):

act(() => {
  /* fire events that update state */
});
/* assert on the output */

This ensures that you're testing the behavior the 
user would see in the browser. Learn more at 
https://reactjs.org/link/wrap-tests-with-act
    at TestComponent (C:\Users\Eli\Desktop\Claude Co
de\CPQ-System\node_modules\@testing-library\react\di
st\pure.js:307:5)
Warning: An update to TestComponent inside a test 
was not wrapped in act(...).

When testing, code that causes React state updates 
should be wrapped into act(...):

act(() => {
  /* fire events that update state */
});
/* assert on the output */

This ensures that you're testing the behavior the 
user would see in the browser. Learn more at 
https://reactjs.org/link/wrap-tests-with-act
    at TestComponent (C:\Users\Eli\Desktop\Claude Co
de\CPQ-System\node_modules\@testing-library\react\di
st\pure.js:307:5)
Warning: An update to TestComponent inside a test 
was not wrapped in act(...).

When testing, code that causes React state updates 
should be wrapped into act(...):

act(() => {
  /* fire events that update state */
});
/* assert on the output */

This ensures that you're testing the behavior the 
user would see in the browser. Learn more at 
https://reactjs.org/link/wrap-tests-with-act
    at TestComponent (C:\Users\Eli\Desktop\Claude Co
de\CPQ-System\node_modules\@testing-library\react\di
st\pure.js:307:5)

[90mstderr[2m | 
src/hooks/__tests__/useComponents.test.ts[2m > 
[22m[2museComponents[2m > [22m[2mAdding 
Components[2m > [22m[2mshould add a new 
component successfully[22m[39m
Warning: An update to TestComponent inside a test 
was not wrapped in act(...).

When testing, code that causes React state updates 
should be wrapped into act(...):

act(() => {
  /* fire events that update state */
});
/* assert on the output */

This ensures that you're testing the behavior the 
user would see in the browser. Learn more at 
https://reactjs.org/link/wrap-tests-with-act
    at TestComponent (C:\Users\Eli\Desktop\Claude Co
de\CPQ-System\node_modules\@testing-library\react\di
st\pure.js:307:5)
Warning: An update to TestComponent inside a test 
was not wrapped in act(...).

When testing, code that causes React state updates 
should be wrapped into act(...):

act(() => {
  /* fire events that update state */
});
/* assert on the output */

This ensures that you're testing the behavior the 
user would see in the browser. Learn more at 
https://reactjs.org/link/wrap-tests-with-act
    at TestComponent (C:\Users\Eli\Desktop\Claude Co
de\CPQ-System\node_modules\@testing-library\react\di
st\pure.js:307:5)
Warning: An update to TestComponent inside a test 
was not wrapped in act(...).

When testing, code that causes React state updates 
should be wrapped into act(...):

act(() => {
  /* fire events that update state */
});
/* assert on the output */

This ensures that you're testing the behavior the 
user would see in the browser. Learn more at 
https://reactjs.org/link/wrap-tests-with-act
    at TestComponent (C:\Users\Eli\Desktop\Claude Co
de\CPQ-System\node_modules\@testing-library\react\di
st\pure.js:307:5)
Warning: An update to TestComponent inside a test 
was not wrapped in act(...).

When testing, code that causes React state updates 
should be wrapped into act(...):

act(() => {
  /* fire events that update state */
});
/* assert on the output */

This ensures that you're testing the behavior the 
user would see in the browser. Learn more at 
https://reactjs.org/link/wrap-tests-with-act
    at TestComponent (C:\Users\Eli\Desktop\Claude Co
de\CPQ-System\node_modules\@testing-library\react\di
st\pure.js:307:5)
Warning: An update to TestComponent inside a test 
was not wrapped in act(...).

When testing, code that causes React state updates 
should be wrapped into act(...):

act(() => {
  /* fire events that update state */
});
/* assert on the output */

This ensures that you're testing the behavior the 
user would see in the browser. Learn more at 
https://reactjs.org/link/wrap-tests-with-act
    at TestComponent (C:\Users\Eli\Desktop\Claude Co
de\CPQ-System\node_modules\@testing-library\react\di
st\pure.js:307:5)
Warning: An update to TestComponent inside a test 
was not wrapped in act(...).

When testing, code that causes React state updates 
should be wrapped into act(...):

act(() => {
  /* fire events that update state */
});
/* assert on the output */

This ensures that you're testing the behavior the 
user would see in the browser. Learn more at 
https://reactjs.org/link/wrap-tests-with-act
    at TestComponent (C:\Users\Eli\Desktop\Claude Co
de\CPQ-System\node_modules\@testing-library\react\di
st\pure.js:307:5)

[90mstderr[2m | 
src/hooks/__tests__/useAssemblies.test.ts[2m > 
[22m[2museAssemblies[2m > [22m[2mAdding 
Assemblies[2m > [22m[2mshould add new assembly 
with components successfully[22m[39m
Warning: An update to TestComponent inside a test 
was not wrapped in act(...).

When testing, code that causes React state updates 
should be wrapped into act(...):

act(() => {
  /* fire events that update state */
});
/* assert on the output */

This ensures that you're testing the behavior the 
user would see in the browser. Learn more at 
https://reactjs.org/link/wrap-tests-with-act
    at TestComponent (C:\Users\Eli\Desktop\Claude Co
de\CPQ-System\node_modules\@testing-library\react\di
st\pure.js:307:5)
Warning: An update to TestComponent inside a test 
was not wrapped in act(...).

When testing, code that causes React state updates 
should be wrapped into act(...):

act(() => {
  /* fire events that update state */
});
/* assert on the output */

This ensures that you're testing the behavior the 
user would see in the browser. Learn more at 
https://reactjs.org/link/wrap-tests-with-act
    at TestComponent (C:\Users\Eli\Desktop\Claude Co
de\CPQ-System\node_modules\@testing-library\react\di
st\pure.js:307:5)

[90mstderr[2m | 
src/hooks/__tests__/useComponents.test.ts[2m > 
[22m[2museComponents[2m > [22m[2mAdding 
Components[2m > [22m[2mshould handle add 
component errors[22m[39m
Warning: An update to TestComponent inside a test 
was not wrapped in act(...).

When testing, code that causes React state updates 
should be wrapped into act(...):

act(() => {
  /* fire events that update state */
});
/* assert on the output */

This ensures that you're testing the behavior the 
user would see in the browser. Learn more at 
https://reactjs.org/link/wrap-tests-with-act
    at TestComponent (C:\Users\Eli\Desktop\Claude Co
de\CPQ-System\node_modules\@testing-library\react\di
st\pure.js:307:5)
Warning: An update to TestComponent inside a test 
was not wrapped in act(...).

When testing, code that causes React state updates 
should be wrapped into act(...):

act(() => {
  /* fire events that update state */
});
/* assert on the output */

This ensures that you're testing the behavior the 
user would see in the browser. Learn more at 
https://reactjs.org/link/wrap-tests-with-act
    at TestComponent (C:\Users\Eli\Desktop\Claude Co
de\CPQ-System\node_modules\@testing-library\react\di
st\pure.js:307:5)

[90mstderr[2m | 
src/hooks/__tests__/useAssemblies.test.ts[2m > 
[22m[2museAssemblies[2m > [22m[2mAdding 
Assemblies[2m > [22m[2mshould handle add 
assembly errors[22m[39m
Warning: An update to TestComponent inside a test 
was not wrapped in act(...).

When testing, code that causes React state updates 
should be wrapped into act(...):

act(() => {
  /* fire events that update state */
});
/* assert on the output */

This ensures that you're testing the behavior the 
user would see in the browser. Learn more at 
https://reactjs.org/link/wrap-tests-with-act
    at TestComponent (C:\Users\Eli\Desktop\Claude Co
de\CPQ-System\node_modules\@testing-library\react\di
st\pure.js:307:5)
Warning: An update to TestComponent inside a test 
was not wrapped in act(...).

When testing, code that causes React state updates 
should be wrapped into act(...):

act(() => {
  /* fire events that update state */
});
/* assert on the output */

This ensures that you're testing the behavior the 
user would see in the browser. Learn more at 
https://reactjs.org/link/wrap-tests-with-act
    at TestComponent (C:\Users\Eli\Desktop\Claude Co
de\CPQ-System\node_modules\@testing-library\react\di
st\pure.js:307:5)

[90mstderr[2m | 
src/hooks/__tests__/useComponents.test.ts[2m > 
[22m[2museComponents[2m > [22m[2mUpdating 
Components[2m > [22m[2mshould update component 
successfully[22m[39m
Warning: An update to TestComponent inside a test 
was not wrapped in act(...).

When testing, code that causes React state updates 
should be wrapped into act(...):

act(() => {
  /* fire events that update state */
});
/* assert on the output */

This ensures that you're testing the behavior the 
user would see in the browser. Learn more at 
https://reactjs.org/link/wrap-tests-with-act
    at TestComponent (C:\Users\Eli\Desktop\Claude Co
de\CPQ-System\node_modules\@testing-library\react\di
st\pure.js:307:5)
Warning: An update to TestComponent inside a test 
was not wrapped in act(...).

When testing, code that causes React state updates 
should be wrapped into act(...):

act(() => {
  /* fire events that update state */
});
/* assert on the output */

This ensures that you're testing the behavior the 
user would see in the browser. Learn more at 
https://reactjs.org/link/wrap-tests-with-act
    at TestComponent (C:\Users\Eli\Desktop\Claude Co
de\CPQ-System\node_modules\@testing-library\react\di
st\pure.js:307:5)

[90mstderr[2m | 
src/hooks/__tests__/useComponents.test.ts[2m > 
[22m[2museComponents[2m > [22m[2mUpdating 
Components[2m > [22m[2mshould handle update 
errors[22m[39m
Warning: An update to TestComponent inside a test 
was not wrapped in act(...).

When testing, code that causes React state updates 
should be wrapped into act(...):

act(() => {
  /* fire events that update state */
});
/* assert on the output */

This ensures that you're testing the behavior the 
user would see in the browser. Learn more at 
https://reactjs.org/link/wrap-tests-with-act
    at TestComponent (C:\Users\Eli\Desktop\Claude Co
de\CPQ-System\node_modules\@testing-library\react\di
st\pure.js:307:5)
Warning: An update to TestComponent inside a test 
was not wrapped in act(...).

When testing, code that causes React state updates 
should be wrapped into act(...):

act(() => {
  /* fire events that update state */
});
/* assert on the output */

This ensures that you're testing the behavior the 
user would see in the browser. Learn more at 
https://reactjs.org/link/wrap-tests-with-act
    at TestComponent (C:\Users\Eli\Desktop\Claude Co
de\CPQ-System\node_modules\@testing-library\react\di
st\pure.js:307:5)

[90mstderr[2m | 
src/hooks/__tests__/useComponents.test.ts[2m > 
[22m[2museComponents[2m > [22m[2mUpdating 
Components[2m > [22m[2mshould preserve currency 
fields during update[22m[39m
Warning: An update to TestComponent inside a test 
was not wrapped in act(...).

When testing, code that causes React state updates 
should be wrapped into act(...):

act(() => {
  /* fire events that update state */
});
/* assert on the output */

This ensures that you're testing the behavior the 
user would see in the browser. Learn more at 
https://reactjs.org/link/wrap-tests-with-act
    at TestComponent (C:\Users\Eli\Desktop\Claude Co
de\CPQ-System\node_modules\@testing-library\react\di
st\pure.js:307:5)
Warning: An update to TestComponent inside a test 
was not wrapped in act(...).

When testing, code that causes React state updates 
should be wrapped into act(...):

act(() => {
  /* fire events that update state */
});
/* assert on the output */

This ensures that you're testing the behavior the 
user would see in the browser. Learn more at 
https://reactjs.org/link/wrap-tests-with-act
    at TestComponent (C:\Users\Eli\Desktop\Claude Co
de\CPQ-System\node_modules\@testing-library\react\di
st\pure.js:307:5)

[90mstderr[2m | 
src/hooks/__tests__/useComponents.test.ts[2m > 
[22m[2museComponents[2m > [22m[2mDeleting 
Components[2m > [22m[2mshould delete component 
successfully[22m[39m
Warning: An update to TestComponent inside a test 
was not wrapped in act(...).

When testing, code that causes React state updates 
should be wrapped into act(...):

act(() => {
  /* fire events that update state */
});
/* assert on the output */

This ensures that you're testing the behavior the 
user would see in the browser. Learn more at 
https://reactjs.org/link/wrap-tests-with-act
    at TestComponent (C:\Users\Eli\Desktop\Claude Co
de\CPQ-System\node_modules\@testing-library\react\di
st\pure.js:307:5)
Warning: An update to TestComponent inside a test 
was not wrapped in act(...).

When testing, code that causes React state updates 
should be wrapped into act(...):

act(() => {
  /* fire events that update state */
});
/* assert on the output */

This ensures that you're testing the behavior the 
user would see in the browser. Learn more at 
https://reactjs.org/link/wrap-tests-with-act
    at TestComponent (C:\Users\Eli\Desktop\Claude Co
de\CPQ-System\node_modules\@testing-library\react\di
st\pure.js:307:5)

[90mstderr[2m | 
src/hooks/__tests__/useComponents.test.ts[2m > 
[22m[2museComponents[2m > [22m[2mDeleting 
Components[2m > [22m[2mshould handle delete 
errors[22m[39m
Warning: An update to TestComponent inside a test 
was not wrapped in act(...).

When testing, code that causes React state updates 
should be wrapped into act(...):

act(() => {
  /* fire events that update state */
});
/* assert on the output */

This ensures that you're testing the behavior the 
user would see in the browser. Learn more at 
https://reactjs.org/link/wrap-tests-with-act
    at TestComponent (C:\Users\Eli\Desktop\Claude Co
de\CPQ-System\node_modules\@testing-library\react\di
st\pure.js:307:5)
Warning: An update to TestComponent inside a test 
was not wrapped in act(...).

When testing, code that causes React state updates 
should be wrapped into act(...):

act(() => {
  /* fire events that update state */
});
/* assert on the output */

This ensures that you're testing the behavior the 
user would see in the browser. Learn more at 
https://reactjs.org/link/wrap-tests-with-act
    at TestComponent (C:\Users\Eli\Desktop\Claude Co
de\CPQ-System\node_modules\@testing-library\react\di
st\pure.js:307:5)

[90mstderr[2m | 
src/hooks/__tests__/useComponents.test.ts[2m > 
[22m[2museComponents[2m > [22m[2mSearch and 
Filter Operations[2m > [22m[2mshould search 
components by query[22m[39m
Warning: An update to TestComponent inside a test 
was not wrapped in act(...).

When testing, code that causes React state updates 
should be wrapped into act(...):

act(() => {
  /* fire events that update state */
});
/* assert on the output */

This ensures that you're testing the behavior the 
user would see in the browser. Learn more at 
https://reactjs.org/link/wrap-tests-with-act
    at TestComponent (C:\Users\Eli\Desktop\Claude Co
de\CPQ-System\node_modules\@testing-library\react\di
st\pure.js:307:5)
Warning: An update to TestComponent inside a test 
was not wrapped in act(...).

When testing, code that causes React state updates 
should be wrapped into act(...):

act(() => {
  /* fire events that update state */
});
/* assert on the output */

This ensures that you're testing the behavior the 
user would see in the browser. Learn more at 
https://reactjs.org/link/wrap-tests-with-act
    at TestComponent (C:\Users\Eli\Desktop\Claude Co
de\CPQ-System\node_modules\@testing-library\react\di
st\pure.js:307:5)
Warning: An update to TestComponent inside a test 
was not wrapped in act(...).

When testing, code that causes React state updates 
should be wrapped into act(...):

act(() => {
  /* fire events that update state */
});
/* assert on the output */

This ensures that you're testing the behavior the 
user would see in the browser. Learn more at 
https://reactjs.org/link/wrap-tests-with-act
    at TestComponent (C:\Users\Eli\Desktop\Claude Co
de\CPQ-System\node_modules\@testing-library\react\di
st\pure.js:307:5)

[90mstderr[2m | 
src/hooks/__tests__/useComponents.test.ts[2m > 
[22m[2museComponents[2m > [22m[2mSearch and 
Filter Operations[2m > [22m[2mshould filter 
components by category[22m[39m
Warning: An update to TestComponent inside a test 
was not wrapped in act(...).

When testing, code that causes React state updates 
should be wrapped into act(...):

act(() => {
  /* fire events that update state */
});
/* assert on the output */

This ensures that you're testing the behavior the 
user would see in the browser. Learn more at 
https://reactjs.org/link/wrap-tests-with-act
    at TestComponent (C:\Users\Eli\Desktop\Claude Co
de\CPQ-System\node_modules\@testing-library\react\di
st\pure.js:307:5)
Warning: An update to TestComponent inside a test 
was not wrapped in act(...).

When testing, code that causes React state updates 
should be wrapped into act(...):

act(() => {
  /* fire events that update state */
});
/* assert on the output */

This ensures that you're testing the behavior the 
user would see in the browser. Learn more at 
https://reactjs.org/link/wrap-tests-with-act
    at TestComponent (C:\Users\Eli\Desktop\Claude Co
de\CPQ-System\node_modules\@testing-library\react\di
st\pure.js:307:5)
Warning: An update to TestComponent inside a test 
was not wrapped in act(...).

When testing, code that causes React state updates 
should be wrapped into act(...):

act(() => {
  /* fire events that update state */
});
/* assert on the output */

This ensures that you're testing the behavior the 
user would see in the browser. Learn more at 
https://reactjs.org/link/wrap-tests-with-act
    at TestComponent (C:\Users\Eli\Desktop\Claude Co
de\CPQ-System\node_modules\@testing-library\react\di
st\pure.js:307:5)

[90mstderr[2m | 
src/hooks/__tests__/useComponents.test.ts[2m > 
[22m[2museComponents[2m > [22m[2mSearch and 
Filter Operations[2m > [22m[2mshould handle 
search errors[22m[39m
Warning: An update to TestComponent inside a test 
was not wrapped in act(...).

When testing, code that causes React state updates 
should be wrapped into act(...):

act(() => {
  /* fire events that update state */
});
/* assert on the output */

This ensures that you're testing the behavior the 
user would see in the browser. Learn more at 
https://reactjs.org/link/wrap-tests-with-act
    at TestComponent (C:\Users\Eli\Desktop\Claude Co
de\CPQ-System\node_modules\@testing-library\react\di
st\pure.js:307:5)
Warning: An update to TestComponent inside a test 
was not wrapped in act(...).

When testing, code that causes React state updates 
should be wrapped into act(...):

act(() => {
  /* fire events that update state */
});
/* assert on the output */

This ensures that you're testing the behavior the 
user would see in the browser. Learn more at 
https://reactjs.org/link/wrap-tests-with-act
    at TestComponent (C:\Users\Eli\Desktop\Claude Co
de\CPQ-System\node_modules\@testing-library\react\di
st\pure.js:307:5)
Warning: An update to TestComponent inside a test 
was not wrapped in act(...).

When testing, code that causes React state updates 
should be wrapped into act(...):

act(() => {
  /* fire events that update state */
});
/* assert on the output */

This ensures that you're testing the behavior the 
user would see in the browser. Learn more at 
https://reactjs.org/link/wrap-tests-with-act
    at TestComponent (C:\Users\Eli\Desktop\Claude Co
de\CPQ-System\node_modules\@testing-library\react\di
st\pure.js:307:5)
Warning: An update to TestComponent inside a test 
was not wrapped in act(...).

When testing, code that causes React state updates 
should be wrapped into act(...):

act(() => {
  /* fire events that update state */
});
/* assert on the output */

This ensures that you're testing the behavior the 
user would see in the browser. Learn more at 
https://reactjs.org/link/wrap-tests-with-act
    at TestComponent (C:\Users\Eli\Desktop\Claude Co
de\CPQ-System\node_modules\@testing-library\react\di
st\pure.js:307:5)

[90mstderr[2m | 
src/hooks/__tests__/useQuotations.test.ts[2m > 
[22m[2museQuotations[2m > [22m[2mAdding 
Quotations[2m > [22m[2mshould add new quotation 
successfully[22m[39m
Warning: An update to TestComponent inside a test 
was not wrapped in act(...).

When testing, code that causes React state updates 
should be wrapped into act(...):

act(() => {
  /* fire events that update state */
});
/* assert on the output */

This ensures that you're testing the behavior the 
user would see in the browser. Learn more at 
https://reactjs.org/link/wrap-tests-with-act
    at TestComponent (C:\Users\Eli\Desktop\Claude Co
de\CPQ-System\node_modules\@testing-library\react\di
st\pure.js:307:5)
Warning: An update to TestComponent inside a test 
was not wrapped in act(...).

When testing, code that causes React state updates 
should be wrapped into act(...):

act(() => {
  /* fire events that update state */
});
/* assert on the output */

This ensures that you're testing the behavior the 
user would see in the browser. Learn more at 
https://reactjs.org/link/wrap-tests-with-act
    at TestComponent (C:\Users\Eli\Desktop\Claude Co
de\CPQ-System\node_modules\@testing-library\react\di
st\pure.js:307:5)

[90mstderr[2m | 
src/hooks/__tests__/useQuotations.test.ts[2m > 
[22m[2museQuotations[2m > [22m[2mAdding 
Quotations[2m > [22m[2mshould handle add 
quotation errors[22m[39m
Warning: An update to TestComponent inside a test 
was not wrapped in act(...).

When testing, code that causes React state updates 
should be wrapped into act(...):

act(() => {
  /* fire events that update state */
});
/* assert on the output */

This ensures that you're testing the behavior the 
user would see in the browser. Learn more at 
https://reactjs.org/link/wrap-tests-with-act
    at TestComponent (C:\Users\Eli\Desktop\Claude Co
de\CPQ-System\node_modules\@testing-library\react\di
st\pure.js:307:5)
Warning: An update to TestComponent inside a test 
was not wrapped in act(...).

When testing, code that causes React state updates 
should be wrapped into act(...):

act(() => {
  /* fire events that update state */
});
/* assert on the output */

This ensures that you're testing the behavior the 
user would see in the browser. Learn more at 
https://reactjs.org/link/wrap-tests-with-act
    at TestComponent (C:\Users\Eli\Desktop\Claude Co
de\CPQ-System\node_modules\@testing-library\react\di
st\pure.js:307:5)

[90mstderr[2m | 
src/hooks/__tests__/useAssemblies.test.ts[2m > 
[22m[2museAssemblies[2m > [22m[2mUpdating 
Assemblies[2m > [22m[2mshould update assembly 
metadata successfully[22m[39m
Warning: An update to TestComponent inside a test 
was not wrapped in act(...).

When testing, code that causes React state updates 
should be wrapped into act(...):

act(() => {
  /* fire events that update state */
});
/* assert on the output */

This ensures that you're testing the behavior the 
user would see in the browser. Learn more at 
https://reactjs.org/link/wrap-tests-with-act
    at TestComponent (C:\Users\Eli\Desktop\Claude Co
de\CPQ-System\node_modules\@testing-library\react\di
st\pure.js:307:5)
Warning: An update to TestComponent inside a test 
was not wrapped in act(...).

When testing, code that causes React state updates 
should be wrapped into act(...):

act(() => {
  /* fire events that update state */
});
/* assert on the output */

This ensures that you're testing the behavior the 
user would see in the browser. Learn more at 
https://reactjs.org/link/wrap-tests-with-act
    at TestComponent (C:\Users\Eli\Desktop\Claude Co
de\CPQ-System\node_modules\@testing-library\react\di
st\pure.js:307:5)
Warning: An update to TestComponent inside a test 
was not wrapped in act(...).

When testing, code that causes React state updates 
should be wrapped into act(...):

act(() => {
  /* fire events that update state */
});
/* assert on the output */

This ensures that you're testing the behavior the 
user would see in the browser. Learn more at 
https://reactjs.org/link/wrap-tests-with-act
    at TestComponent (C:\Users\Eli\Desktop\Claude Co
de\CPQ-System\node_modules\@testing-library\react\di
st\pure.js:307:5)
Warning: An update to TestComponent inside a test 
was not wrapped in act(...).

When testing, code that causes React state updates 
should be wrapped into act(...):

act(() => {
  /* fire events that update state */
});
/* assert on the output */

This ensures that you're testing the behavior the 
user would see in the browser. Learn more at 
https://reactjs.org/link/wrap-tests-with-act
    at TestComponent (C:\Users\Eli\Desktop\Claude Co
de\CPQ-System\node_modules\@testing-library\react\di
st\pure.js:307:5)
Warning: An update to TestComponent inside a test 
was not wrapped in act(...).

When testing, code that causes React state updates 
should be wrapped into act(...):

act(() => {
  /* fire events that update state */
});
/* assert on the output */

This ensures that you're testing the behavior the 
user would see in the browser. Learn more at 
https://reactjs.org/link/wrap-tests-with-act
    at TestComponent (C:\Users\Eli\Desktop\Claude Co
de\CPQ-System\node_modules\@testing-library\react\di
st\pure.js:307:5)

[90mstderr[2m | 
src/hooks/__tests__/useQuotations.test.ts[2m > 
[22m[2museQuotations[2m > [22m[2mUpdating 
Quotations[2m > [22m[2mshould preserve nested 
data when updating quotation[22m[39m
Warning: An update to TestComponent inside a test 
was not wrapped in act(...).

When testing, code that causes React state updates 
should be wrapped into act(...):

act(() => {
  /* fire events that update state */
});
/* assert on the output */

This ensures that you're testing the behavior the 
user would see in the browser. Learn more at 
https://reactjs.org/link/wrap-tests-with-act
    at TestComponent (C:\Users\Eli\Desktop\Claude Co
de\CPQ-System\node_modules\@testing-library\react\di
st\pure.js:307:5)
Warning: An update to TestComponent inside a test 
was not wrapped in act(...).

When testing, code that causes React state updates 
should be wrapped into act(...):

act(() => {
  /* fire events that update state */
});
/* assert on the output */

This ensures that you're testing the behavior the 
user would see in the browser. Learn more at 
https://reactjs.org/link/wrap-tests-with-act
    at TestComponent (C:\Users\Eli\Desktop\Claude Co
de\CPQ-System\node_modules\@testing-library\react\di
st\pure.js:307:5)

[90mstderr[2m | 
src/hooks/__tests__/useQuotations.test.ts[2m > 
[22m[2museQuotations[2m > [22m[2mUpdating 
Quotations[2m > [22m[2mshould handle update 
errors[22m[39m
Warning: An update to TestComponent inside a test 
was not wrapped in act(...).

When testing, code that causes React state updates 
should be wrapped into act(...):

act(() => {
  /* fire events that update state */
});
/* assert on the output */

This ensures that you're testing the behavior the 
user would see in the browser. Learn more at 
https://reactjs.org/link/wrap-tests-with-act
    at TestComponent (C:\Users\Eli\Desktop\Claude Co
de\CPQ-System\node_modules\@testing-library\react\di
st\pure.js:307:5)
Warning: An update to TestComponent inside a test 
was not wrapped in act(...).

When testing, code that causes React state updates 
should be wrapped into act(...):

act(() => {
  /* fire events that update state */
});
/* assert on the output */

This ensures that you're testing the behavior the 
user would see in the browser. Learn more at 
https://reactjs.org/link/wrap-tests-with-act
    at TestComponent (C:\Users\Eli\Desktop\Claude Co
de\CPQ-System\node_modules\@testing-library\react\di
st\pure.js:307:5)

[90mstderr[2m | 
src/hooks/__tests__/useAssemblies.test.ts[2m > 
[22m[2museAssemblies[2m > [22m[2mUpdating 
Assemblies[2m > [22m[2mshould update assembly 
components successfully[22m[39m
Warning: An update to TestComponent inside a test 
was not wrapped in act(...).

When testing, code that causes React state updates 
should be wrapped into act(...):

act(() => {
  /* fire events that update state */
});
/* assert on the output */

This ensures that you're testing the behavior the 
user would see in the browser. Learn more at 
https://reactjs.org/link/wrap-tests-with-act
    at TestComponent (C:\Users\Eli\Desktop\Claude Co
de\CPQ-System\node_modules\@testing-library\react\di
st\pure.js:307:5)
Warning: An update to TestComponent inside a test 
was not wrapped in act(...).

When testing, code that causes React state updates 
should be wrapped into act(...):

act(() => {
  /* fire events that update state */
});
/* assert on the output */

This ensures that you're testing the behavior the 
user would see in the browser. Learn more at 
https://reactjs.org/link/wrap-tests-with-act
    at TestComponent (C:\Users\Eli\Desktop\Claude Co
de\CPQ-System\node_modules\@testing-library\react\di
st\pure.js:307:5)
Warning: An update to TestComponent inside a test 
was not wrapped in act(...).

When testing, code that causes React state updates 
should be wrapped into act(...):

act(() => {
  /* fire events that update state */
});
/* assert on the output */

This ensures that you're testing the behavior the 
user would see in the browser. Learn more at 
https://reactjs.org/link/wrap-tests-with-act
    at TestComponent (C:\Users\Eli\Desktop\Claude Co
de\CPQ-System\node_modules\@testing-library\react\di
st\pure.js:307:5)
Warning: An update to TestComponent inside a test 
was not wrapped in act(...).

When testing, code that causes React state updates 
should be wrapped into act(...):

act(() => {
  /* fire events that update state */
});
/* assert on the output */

This ensures that you're testing the behavior the 
user would see in the browser. Learn more at 
https://reactjs.org/link/wrap-tests-with-act
    at TestComponent (C:\Users\Eli\Desktop\Claude Co
de\CPQ-System\node_modules\@testing-library\react\di
st\pure.js:307:5)
Warning: An update to TestComponent inside a test 
was not wrapped in act(...).

When testing, code that causes React state updates 
should be wrapped into act(...):

act(() => {
  /* fire events that update state */
});
/* assert on the output */

This ensures that you're testing the behavior the 
user would see in the browser. Learn more at 
https://reactjs.org/link/wrap-tests-with-act
    at TestComponent (C:\Users\Eli\Desktop\Claude Co
de\CPQ-System\node_modules\@testing-library\react\di
st\pure.js:307:5)

[90mstderr[2m | 
src/hooks/__tests__/useComponents.test.ts[2m > 
[22m[2museComponents[2m > [22m[2mEdge 
Cases[2m > [22m[2mshould handle concurrent 
operations[22m[39m
Warning: An update to TestComponent inside a test 
was not wrapped in act(...).

When testing, code that causes React state updates 
should be wrapped into act(...):

act(() => {
  /* fire events that update state */
});
/* assert on the output */

This ensures that you're testing the behavior the 
user would see in the browser. Learn more at 
https://reactjs.org/link/wrap-tests-with-act
    at TestComponent (C:\Users\Eli\Desktop\Claude Co
de\CPQ-System\node_modules\@testing-library\react\di
st\pure.js:307:5)
Warning: An update to TestComponent inside a test 
was not wrapped in act(...).

When testing, code that causes React state updates 
should be wrapped into act(...):

act(() => {
  /* fire events that update state */
});
/* assert on the output */

This ensures that you're testing the behavior the 
user would see in the browser. Learn more at 
https://reactjs.org/link/wrap-tests-with-act
    at TestComponent (C:\Users\Eli\Desktop\Claude Co
de\CPQ-System\node_modules\@testing-library\react\di
st\pure.js:307:5)
Warning: An update to TestComponent inside a test 
was not wrapped in act(...).

When testing, code that causes React state updates 
should be wrapped into act(...):

act(() => {
  /* fire events that update state */
});
/* assert on the output */

This ensures that you're testing the behavior the 
user would see in the browser. Learn more at 
https://reactjs.org/link/wrap-tests-with-act
    at TestComponent (C:\Users\Eli\Desktop\Claude Co
de\CPQ-System\node_modules\@testing-library\react\di
st\pure.js:307:5)
Warning: An update to TestComponent inside a test 
was not wrapped in act(...).

When testing, code that causes React state updates 
should be wrapped into act(...):

act(() => {
  /* fire events that update state */
});
/* assert on the output */

This ensures that you're testing the behavior the 
user would see in the browser. Learn more at 
https://reactjs.org/link/wrap-tests-with-act
    at TestComponent (C:\Users\Eli\Desktop\Claude Co
de\CPQ-System\node_modules\@testing-library\react\di
st\pure.js:307:5)
Warning: An update to TestComponent inside a test 
was not wrapped in act(...).

When testing, code that causes React state updates 
should be wrapped into act(...):

act(() => {
  /* fire events that update state */
});
/* assert on the output */

This ensures that you're testing the behavior the 
user would see in the browser. Learn more at 
https://reactjs.org/link/wrap-tests-with-act
    at TestComponent (C:\Users\Eli\Desktop\Claude Co
de\CPQ-System\node_modules\@testing-library\react\di
st\pure.js:307:5)
Warning: An update to TestComponent inside a test 
was not wrapped in act(...).

When testing, code that causes React state updates 
should be wrapped into act(...):

act(() => {
  /* fire events that update state */
});
/* assert on the output */

This ensures that you're testing the behavior the 
user would see in the browser. Learn more at 
https://reactjs.org/link/wrap-tests-with-act
    at TestComponent (C:\Users\Eli\Desktop\Claude Co
de\CPQ-System\node_modules\@testing-library\react\di
st\pure.js:307:5)

[90mstderr[2m | 
src/hooks/__tests__/useAssemblies.test.ts[2m > 
[22m[2museAssemblies[2m > [22m[2mUpdating 
Assemblies[2m > [22m[2mshould handle update 
errors[22m[39m
Warning: An update to TestComponent inside a test 
was not wrapped in act(...).

When testing, code that causes React state updates 
should be wrapped into act(...):

act(() => {
  /* fire events that update state */
});
/* assert on the output */

This ensures that you're testing the behavior the 
user would see in the browser. Learn more at 
https://reactjs.org/link/wrap-tests-with-act
    at TestComponent (C:\Users\Eli\Desktop\Claude Co
de\CPQ-System\node_modules\@testing-library\react\di
st\pure.js:307:5)
Warning: An update to TestComponent inside a test 
was not wrapped in act(...).

When testing, code that causes React state updates 
should be wrapped into act(...):

act(() => {
  /* fire events that update state */
});
/* assert on the output */

This ensures that you're testing the behavior the 
user would see in the browser. Learn more at 
https://reactjs.org/link/wrap-tests-with-act
    at TestComponent (C:\Users\Eli\Desktop\Claude Co
de\CPQ-System\node_modules\@testing-library\react\di
st\pure.js:307:5)

[90mstderr[2m | 
src/hooks/__tests__/useQuotations.test.ts[2m > 
[22m[2museQuotations[2m > [22m[2mDeleting 
Quotations[2m > [22m[2mshould delete quotation 
successfully[22m[39m
Warning: An update to TestComponent inside a test 
was not wrapped in act(...).

When testing, code that causes React state updates 
should be wrapped into act(...):

act(() => {
  /* fire events that update state */
});
/* assert on the output */

This ensures that you're testing the behavior the 
user would see in the browser. Learn more at 
https://reactjs.org/link/wrap-tests-with-act
    at TestComponent (C:\Users\Eli\Desktop\Claude Co
de\CPQ-System\node_modules\@testing-library\react\di
st\pure.js:307:5)
Warning: An update to TestComponent inside a test 
was not wrapped in act(...).

When testing, code that causes React state updates 
should be wrapped into act(...):

act(() => {
  /* fire events that update state */
});
/* assert on the output */

This ensures that you're testing the behavior the 
user would see in the browser. Learn more at 
https://reactjs.org/link/wrap-tests-with-act
    at TestComponent (C:\Users\Eli\Desktop\Claude Co
de\CPQ-System\node_modules\@testing-library\react\di
st\pure.js:307:5)

[90mstderr[2m | src/components/quotations/__tests_
_/QuotationEditor.test.tsx[2m > 
[22m[2mQuotationEditor - Rendering and Initial 
State[2m > [22m[2mshould render without 
crashing[22m[39m
The above error occurred in the <QuotationEditor> 
component:

    at QuotationEditor (C:\Users\Eli\Desktop\Claude 
Code\CPQ-System\src\components\quotations\QuotationE
ditor.tsx:181:25)

Consider adding an error boundary to your tree to 
customize error handling behavior.
Visit https://reactjs.org/link/error-boundaries to 
learn more about error boundaries.

[90mstderr[2m | src/components/quotations/__tests_
_/QuotationEditor.test.tsx[2m > 
[22m[2mQuotationEditor - Rendering and Initial 
State[2m > [22m[2mshould show quotation 
metadata[22m[39m
The above error occurred in the <QuotationEditor> 
component:

    at QuotationEditor (C:\Users\Eli\Desktop\Claude 
Code\CPQ-System\src\components\quotations\QuotationE
ditor.tsx:181:25)

Consider adding an error boundary to your tree to 
customize error handling behavior.
Visit https://reactjs.org/link/error-boundaries to 
learn more about error boundaries.

[90mstderr[2m | src/components/quotations/__tests_
_/QuotationEditor.test.tsx[2m > 
[22m[2mQuotationEditor - Rendering and Initial 
State[2m > [22m[2mshould display default 
parameters[22m[39m
The above error occurred in the <QuotationEditor> 
component:

    at QuotationEditor (C:\Users\Eli\Desktop\Claude 
Code\CPQ-System\src\components\quotations\QuotationE
ditor.tsx:181:25)

Consider adding an error boundary to your tree to 
customize error handling behavior.
Visit https://reactjs.org/link/error-boundaries to 
learn more about error boundaries.

[90mstderr[2m | src/components/quotations/__tests_
_/QuotationEditor.test.tsx[2m > 
[22m[2mQuotationEditor - Rendering and Initial 
State[2m > [22m[2mshould show "Add System" 
button[22m[39m
The above error occurred in the <QuotationEditor> 
component:

    at QuotationEditor (C:\Users\Eli\Desktop\Claude 
Code\CPQ-System\src\components\quotations\QuotationE
ditor.tsx:181:25)

Consider adding an error boundary to your tree to 
customize error handling behavior.
Visit https://reactjs.org/link/error-boundaries to 
learn more about error boundaries.

[90mstderr[2m | src/components/quotations/__tests_
_/QuotationEditor.test.tsx[2m > 
[22m[2mQuotationEditor - Rendering and Initial 
State[2m > [22m[2mshould show existing 
systems[22m[39m
The above error occurred in the <QuotationEditor> 
component:

    at QuotationEditor (C:\Users\Eli\Desktop\Claude 
Code\CPQ-System\src\components\quotations\QuotationE
ditor.tsx:181:25)

Consider adding an error boundary to your tree to 
customize error handling behavior.
Visit https://reactjs.org/link/error-boundaries to 
learn more about error boundaries.

[90mstderr[2m | src/components/quotations/__tests_
_/QuotationEditor.test.tsx[2m > 
[22m[2mQuotationEditor - Rendering and Initial 
State[2m > [22m[2mshould show calculations 
summary when items exist[22m[39m
The above error occurred in the <QuotationEditor> 
component:

    at QuotationEditor (C:\Users\Eli\Desktop\Claude 
Code\CPQ-System\src\components\quotations\QuotationE
ditor.tsx:181:25)

Consider adding an error boundary to your tree to 
customize error handling behavior.
Visit https://reactjs.org/link/error-boundaries to 
learn more about error boundaries.

[90mstderr[2m | src/components/quotations/__tests_
_/QuotationEditor.test.tsx[2m > 
[22m[2mQuotationEditor - Rendering and Initial 
State[2m > [22m[2mshould show "Back to List" 
button[22m[39m
The above error occurred in the <QuotationEditor> 
component:

    at QuotationEditor (C:\Users\Eli\Desktop\Claude 
Code\CPQ-System\src\components\quotations\QuotationE
ditor.tsx:181:25)

Consider adding an error boundary to your tree to 
customize error handling behavior.
Visit https://reactjs.org/link/error-boundaries to 
learn more about error boundaries.

[90mstderr[2m | src/components/quotations/__tests_
_/QuotationEditor.test.tsx[2m > 
[22m[2mQuotationEditor - Rendering and Initial 
State[2m > [22m[2mshould show tabs for Items and 
Statistics[22m[39m
The above error occurred in the <QuotationEditor> 
component:

    at QuotationEditor (C:\Users\Eli\Desktop\Claude 
Code\CPQ-System\src\components\quotations\QuotationE
ditor.tsx:181:25)

Consider adding an error boundary to your tree to 
customize error handling behavior.
Visit https://reactjs.org/link/error-boundaries to 
learn more about error boundaries.

[90mstderr[2m | src/components/quotations/__tests_
_/QuotationEditor.test.tsx[2m > 
[22m[2mQuotationEditor - System Management[2m > 
[22m[2mshould add new system when "Add System" is 
clicked[22m[39m
The above error occurred in the <QuotationEditor> 
component:

    at QuotationEditor (C:\Users\Eli\Desktop\Claude 
Code\CPQ-System\src\components\quotations\QuotationE
ditor.tsx:181:25)

Consider adding an error boundary to your tree to 
customize error handling behavior.
Visit https://reactjs.org/link/error-boundaries to 
learn more about error boundaries.

[90mstderr[2m | src/components/quotations/__tests_
_/QuotationEditor.test.tsx[2m > 
[22m[2mQuotationEditor - System Management[2m > 
[22m[2mshould show add item button for each 
system[22m[39m
The above error occurred in the <QuotationEditor> 
component:

    at QuotationEditor (C:\Users\Eli\Desktop\Claude 
Code\CPQ-System\src\components\quotations\QuotationE
ditor.tsx:181:25)

Consider adding an error boundary to your tree to 
customize error handling behavior.
Visit https://reactjs.org/link/error-boundaries to 
learn more about error boundaries.

[90mstderr[2m | src/components/quotations/__tests_
_/QuotationEditor.test.tsx[2m > 
[22m[2mQuotationEditor - System Management[2m > 
[22m[2mshould delete system and its 
items[22m[39m
The above error occurred in the <QuotationEditor> 
component:

    at QuotationEditor (C:\Users\Eli\Desktop\Claude 
Code\CPQ-System\src\components\quotations\QuotationE
ditor.tsx:181:25)

Consider adding an error boundary to your tree to 
customize error handling behavior.
Visit https://reactjs.org/link/error-boundaries to 
learn more about error boundaries.

[90mstderr[2m | src/components/quotations/__tests_
_/QuotationEditor.test.tsx[2m > 
[22m[2mQuotationEditor - Adding Items[2m > 
[22m[2mshould open component selector when add 
item is clicked[22m[39m
The above error occurred in the <QuotationEditor> 
component:

    at QuotationEditor (C:\Users\Eli\Desktop\Claude 
Code\CPQ-System\src\components\quotations\QuotationE
ditor.tsx:181:25)

Consider adding an error boundary to your tree to 
customize error handling behavior.
Visit https://reactjs.org/link/error-boundaries to 
learn more about error boundaries.

[90mstderr[2m | src/components/quotations/__tests_
_/QuotationEditor.test.tsx[2m > 
[22m[2mQuotationEditor - Adding Items[2m > 
[22m[2mshould show components in 
selector[22m[39m
The above error occurred in the <QuotationEditor> 
component:

    at QuotationEditor (C:\Users\Eli\Desktop\Claude 
Code\CPQ-System\src\components\quotations\QuotationE
ditor.tsx:181:25)

Consider adding an error boundary to your tree to 
customize error handling behavior.
Visit https://reactjs.org/link/error-boundaries to 
learn more about error boundaries.

[90mstderr[2m | src/components/quotations/__tests_
_/QuotationEditor.test.tsx[2m > 
[22m[2mQuotationEditor - Adding Items[2m > 
[22m[2mshould add component to system when 
selected[22m[39m
The above error occurred in the <QuotationEditor> 
component:

    at QuotationEditor (C:\Users\Eli\Desktop\Claude 
Code\CPQ-System\src\components\quotations\QuotationE
ditor.tsx:181:25)

Consider adding an error boundary to your tree to 
customize error handling behavior.
Visit https://reactjs.org/link/error-boundaries to 
learn more about error boundaries.

[90mstderr[2m | src/components/quotations/__tests_
_/QuotationEditor.test.tsx[2m > 
[22m[2mQuotationEditor - Adding Items[2m > 
[22m[2mshould close selector after adding 
component[22m[39m
The above error occurred in the <QuotationEditor> 
component:

    at QuotationEditor (C:\Users\Eli\Desktop\Claude 
Code\CPQ-System\src\components\quotations\QuotationE
ditor.tsx:181:25)

Consider adding an error boundary to your tree to 
customize error handling behavior.
Visit https://reactjs.org/link/error-boundaries to 
learn more about error boundaries.

[90mstderr[2m | src/components/quotations/__tests_
_/QuotationEditor.test.tsx[2m > 
[22m[2mQuotationEditor - Adding Items[2m > 
[22m[2mshould show assemblies tab in 
selector[22m[39m
The above error occurred in the <QuotationEditor> 
component:

    at QuotationEditor (C:\Users\Eli\Desktop\Claude 
Code\CPQ-System\src\components\quotations\QuotationE
ditor.tsx:181:25)

Consider adding an error boundary to your tree to 
customize error handling behavior.
Visit https://reactjs.org/link/error-boundaries to 
learn more about error boundaries.

[90mstderr[2m | src/components/quotations/__tests_
_/QuotationEditor.test.tsx[2m > 
[22m[2mQuotationEditor - Adding Items[2m > 
[22m[2mshould filter components by search 
text[22m[39m
The above error occurred in the <QuotationEditor> 
component:

    at QuotationEditor (C:\Users\Eli\Desktop\Claude 
Code\CPQ-System\src\components\quotations\QuotationE
ditor.tsx:181:25)

Consider adding an error boundary to your tree to 
customize error handling behavior.
Visit https://reactjs.org/link/error-boundaries to 
learn more about error boundaries.

[90mstderr[2m | src/components/quotations/__tests_
_/QuotationEditor.test.tsx[2m > 
[22m[2mQuotationEditor - Parameter Updates[2m > 
[22m[2mshould recalculate ILS prices when USD 
rate changes[22m[39m
The above error occurred in the <QuotationEditor> 
component:

    at QuotationEditor (C:\Users\Eli\Desktop\Claude 
Code\CPQ-System\src\components\quotations\QuotationE
ditor.tsx:181:25)

Consider adding an error boundary to your tree to 
customize error handling behavior.
Visit https://reactjs.org/link/error-boundaries to 
learn more about error boundaries.

[90mstderr[2m | src/components/quotations/__tests_
_/QuotationEditor.test.tsx[2m > 
[22m[2mQuotationEditor - Parameter Updates[2m > 
[22m[2mshould preserve USD prices when USD rate 
changes[22m[39m
The above error occurred in the <QuotationEditor> 
component:

    at QuotationEditor (C:\Users\Eli\Desktop\Claude 
Code\CPQ-System\src\components\quotations\QuotationE
ditor.tsx:181:25)

Consider adding an error boundary to your tree to 
customize error handling behavior.
Visit https://reactjs.org/link/error-boundaries to 
learn more about error boundaries.

[90mstderr[2m | src/components/quotations/__tests_
_/QuotationEditor.test.tsx[2m > 
[22m[2mQuotationEditor - Parameter Updates[2m > 
[22m[2mshould preserve ILS prices when items are 
originally in ILS[22m[39m
The above error occurred in the <QuotationEditor> 
component:

    at QuotationEditor (C:\Users\Eli\Desktop\Claude 
Code\CPQ-System\src\components\quotations\QuotationE
ditor.tsx:181:25)

Consider adding an error boundary to your tree to 
customize error handling behavior.
Visit https://reactjs.org/link/error-boundaries to 
learn more about error boundaries.

[90mstderr[2m | src/components/quotations/__tests_
_/QuotationEditor.test.tsx[2m > 
[22m[2mQuotationEditor - Parameter Updates[2m > 
[22m[2mshould preserve EUR prices when items are 
originally in EUR[22m[39m
The above error occurred in the <QuotationEditor> 
component:

    at QuotationEditor (C:\Users\Eli\Desktop\Claude 
Code\CPQ-System\src\components\quotations\QuotationE
ditor.tsx:181:25)

Consider adding an error boundary to your tree to 
customize error handling behavior.
Visit https://reactjs.org/link/error-boundaries to 
learn more about error boundaries.

[90mstderr[2m | src/components/quotations/__tests_
_/QuotationEditor.test.tsx[2m > 
[22m[2mQuotationEditor - Parameter Updates[2m > 
[22m[2mshould handle mixed currencies in 
quotation[22m[39m
The above error occurred in the <QuotationEditor> 
component:

    at QuotationEditor (C:\Users\Eli\Desktop\Claude 
Code\CPQ-System\src\components\quotations\QuotationE
ditor.tsx:181:25)

Consider adding an error boundary to your tree to 
customize error handling behavior.
Visit https://reactjs.org/link/error-boundaries to 
learn more about error boundaries.

[90mstderr[2m | src/components/quotations/__tests_
_/QuotationEditor.test.tsx[2m > 
[22m[2mQuotationEditor - Parameter Updates[2m > 
[22m[2mshould update parameters when 
changed[22m[39m
The above error occurred in the <QuotationEditor> 
component:

    at QuotationEditor (C:\Users\Eli\Desktop\Claude 
Code\CPQ-System\src\components\quotations\QuotationE
ditor.tsx:181:25)

Consider adding an error boundary to your tree to 
customize error handling behavior.
Visit https://reactjs.org/link/error-boundaries to 
learn more about error boundaries.

[90mstderr[2m | src/components/quotations/__tests_
_/QuotationEditor.test.tsx[2m > 
[22m[2mQuotationEditor - Calculations[2m > 
[22m[2mshould display hardware total[22m[39m
The above error occurred in the <QuotationEditor> 
component:

    at QuotationEditor (C:\Users\Eli\Desktop\Claude 
Code\CPQ-System\src\components\quotations\QuotationE
ditor.tsx:181:25)

Consider adding an error boundary to your tree to 
customize error handling behavior.
Visit https://reactjs.org/link/error-boundaries to 
learn more about error boundaries.

[90mstderr[2m | src/components/quotations/__tests_
_/QuotationEditor.test.tsx[2m > 
[22m[2mQuotationEditor - Calculations[2m > 
[22m[2mshould display software total[22m[39m
The above error occurred in the <QuotationEditor> 
component:

    at QuotationEditor (C:\Users\Eli\Desktop\Claude 
Code\CPQ-System\src\components\quotations\QuotationE
ditor.tsx:181:25)

Consider adding an error boundary to your tree to 
customize error handling behavior.
Visit https://reactjs.org/link/error-boundaries to 
learn more about error boundaries.

[90mstderr[2m | src/components/quotations/__tests_
_/QuotationEditor.test.tsx[2m > 
[22m[2mQuotationEditor - Calculations[2m > 
[22m[2mshould display labor total[22m[39m
The above error occurred in the <QuotationEditor> 
component:

    at QuotationEditor (C:\Users\Eli\Desktop\Claude 
Code\CPQ-System\src\components\quotations\QuotationE
ditor.tsx:181:25)

Consider adding an error boundary to your tree to 
customize error handling behavior.
Visit https://reactjs.org/link/error-boundaries to 
learn more about error boundaries.

[90mstderr[2m | src/components/quotations/__tests_
_/QuotationEditor.test.tsx[2m > 
[22m[2mQuotationEditor - Calculations[2m > 
[22m[2mshould display labor subtypes 
breakdown[22m[39m
The above error occurred in the <QuotationEditor> 
component:

    at QuotationEditor (C:\Users\Eli\Desktop\Claude 
Code\CPQ-System\src\components\quotations\QuotationE
ditor.tsx:181:25)

Consider adding an error boundary to your tree to 
customize error handling behavior.
Visit https://reactjs.org/link/error-boundaries to 
learn more about error boundaries.

[90mstderr[2m | src/components/quotations/__tests_
_/QuotationEditor.test.tsx[2m > 
[22m[2mQuotationEditor - Calculations[2m > 
[22m[2mshould display total cost[22m[39m
The above error occurred in the <QuotationEditor> 
component:

    at QuotationEditor (C:\Users\Eli\Desktop\Claude 
Code\CPQ-System\src\components\quotations\QuotationE
ditor.tsx:181:25)

Consider adding an error boundary to your tree to 
customize error handling behavior.
Visit https://reactjs.org/link/error-boundaries to 
learn more about error boundaries.

[90mstderr[2m | src/components/quotations/__tests_
_/QuotationEditor.test.tsx[2m > 
[22m[2mQuotationEditor - Calculations[2m > 
[22m[2mshould display profit and risk[22m[39m
The above error occurred in the <QuotationEditor> 
component:

    at QuotationEditor (C:\Users\Eli\Desktop\Claude 
Code\CPQ-System\src\components\quotations\QuotationE
ditor.tsx:181:25)

Consider adding an error boundary to your tree to 
customize error handling behavior.
Visit https://reactjs.org/link/error-boundaries to 
learn more about error boundaries.

[90mstderr[2m | src/components/quotations/__tests_
_/QuotationEditor.test.tsx[2m > 
[22m[2mQuotationEditor - Calculations[2m > 
[22m[2mshould display final total before 
VAT[22m[39m
The above error occurred in the <QuotationEditor> 
component:

    at QuotationEditor (C:\Users\Eli\Desktop\Claude 
Code\CPQ-System\src\components\quotations\QuotationE
ditor.tsx:181:25)

Consider adding an error boundary to your tree to 
customize error handling behavior.
Visit https://reactjs.org/link/error-boundaries to 
learn more about error boundaries.

[90mstderr[2m | src/components/quotations/__tests_
_/QuotationEditor.test.tsx[2m > 
[22m[2mQuotationEditor - Calculations[2m > 
[22m[2mshould display profit margin[22m[39m
The above error occurred in the <QuotationEditor> 
component:

    at QuotationEditor (C:\Users\Eli\Desktop\Claude 
Code\CPQ-System\src\components\quotations\QuotationE
ditor.tsx:181:25)

Consider adding an error boundary to your tree to 
customize error handling behavior.
Visit https://reactjs.org/link/error-boundaries to 
learn more about error boundaries.

[90mstderr[2m | src/components/quotations/__tests_
_/QuotationEditor.test.tsx[2m > 
[22m[2mQuotationEditor - Calculations[2m > 
[22m[2mshould display system and item 
counts[22m[39m
The above error occurred in the <QuotationEditor> 
component:

    at QuotationEditor (C:\Users\Eli\Desktop\Claude 
Code\CPQ-System\src\components\quotations\QuotationE
ditor.tsx:181:25)

Consider adding an error boundary to your tree to 
customize error handling behavior.
Visit https://reactjs.org/link/error-boundaries to 
learn more about error boundaries.

[90mstderr[2m | src/components/quotations/__tests_
_/QuotationEditor.test.tsx[2m > 
[22m[2mQuotationEditor - Calculations[2m > 
[22m[2mshould calculate system totals 
correctly[22m[39m
The above error occurred in the <QuotationEditor> 
component:

    at QuotationEditor (C:\Users\Eli\Desktop\Claude 
Code\CPQ-System\src\components\quotations\QuotationE
ditor.tsx:181:25)

Consider adding an error boundary to your tree to 
customize error handling behavior.
Visit https://reactjs.org/link/error-boundaries to 
learn more about error boundaries.

[90mstderr[2m | src/components/quotations/__tests_
_/QuotationEditor.test.tsx[2m > 
[22m[2mQuotationEditor - Calculations[2m > 
[22m[2mshould handle quotation with zero items 
gracefully[22m[39m
The above error occurred in the <QuotationEditor> 
component:

    at QuotationEditor (C:\Users\Eli\Desktop\Claude 
Code\CPQ-System\src\components\quotations\QuotationE
ditor.tsx:181:25)

Consider adding an error boundary to your tree to 
customize error handling behavior.
Visit https://reactjs.org/link/error-boundaries to 
learn more about error boundaries.

[90mstderr[2m | src/components/quotations/__tests_
_/QuotationEditor.test.tsx[2m > 
[22m[2mQuotationEditor - Removing Items[2m > 
[22m[2mshould delete item when delete button is 
clicked[22m[39m
The above error occurred in the <QuotationEditor> 
component:

    at QuotationEditor (C:\Users\Eli\Desktop\Claude 
Code\CPQ-System\src\components\quotations\QuotationE
ditor.tsx:181:25)

Consider adding an error boundary to your tree to 
customize error handling behavior.
Visit https://reactjs.org/link/error-boundaries to 
learn more about error boundaries.

[90mstderr[2m | src/components/quotations/__tests_
_/QuotationEditor.test.tsx[2m > 
[22m[2mQuotationEditor - Edge Cases[2m > 
[22m[2mshould handle empty quotation (no 
systems)[22m[39m
The above error occurred in the <QuotationEditor> 
component:

    at QuotationEditor (C:\Users\Eli\Desktop\Claude 
Code\CPQ-System\src\components\quotations\QuotationE
ditor.tsx:181:25)

Consider adding an error boundary to your tree to 
customize error handling behavior.
Visit https://reactjs.org/link/error-boundaries to 
learn more about error boundaries.

[90mstderr[2m | src/components/quotations/__tests_
_/QuotationEditor.test.tsx[2m > 
[22m[2mQuotationEditor - Edge Cases[2m > 
[22m[2mshould handle quotation with no 
items[22m[39m
The above error occurred in the <QuotationEditor> 
component:

    at QuotationEditor (C:\Users\Eli\Desktop\Claude 
Code\CPQ-System\src\components\quotations\QuotationE
ditor.tsx:181:25)

Consider adding an error boundary to your tree to 
customize error handling behavior.
Visit https://reactjs.org/link/error-boundaries to 
learn more about error boundaries.

[90mstderr[2m | src/components/quotations/__tests_
_/QuotationEditor.test.tsx[2m > 
[22m[2mQuotationEditor - Edge Cases[2m > 
[22m[2mshould handle zero quantity items[22m[39m
The above error occurred in the <QuotationEditor> 
component:

    at QuotationEditor (C:\Users\Eli\Desktop\Claude 
Code\CPQ-System\src\components\quotations\QuotationE
ditor.tsx:181:25)

Consider adding an error boundary to your tree to 
customize error handling behavior.
Visit https://reactjs.org/link/error-boundaries to 
learn more about error boundaries.

[90mstderr[2m | src/components/quotations/__tests_
_/QuotationEditor.test.tsx[2m > 
[22m[2mQuotationEditor - Edge Cases[2m > 
[22m[2mshould handle very large totals[22m[39m
The above error occurred in the <QuotationEditor> 
component:

    at QuotationEditor (C:\Users\Eli\Desktop\Claude 
Code\CPQ-System\src\components\quotations\QuotationE
ditor.tsx:181:25)

Consider adding an error boundary to your tree to 
customize error handling behavior.
Visit https://reactjs.org/link/error-boundaries to 
learn more about error boundaries.

[90mstderr[2m | src/components/quotations/__tests_
_/QuotationEditor.test.tsx[2m > 
[22m[2mQuotationEditor - Item Editing[2m > 
[22m[2mshould allow editing item 
quantity[22m[39m
The above error occurred in the <QuotationEditor> 
component:

    at QuotationEditor (C:\Users\Eli\Desktop\Claude 
Code\CPQ-System\src\components\quotations\QuotationE
ditor.tsx:181:25)

Consider adding an error boundary to your tree to 
customize error handling behavior.
Visit https://reactjs.org/link/error-boundaries to 
learn more about error boundaries.

[90mstderr[2m | src/components/quotations/__tests_
_/QuotationEditor.test.tsx[2m > 
[22m[2mQuotationEditor - Item Editing[2m > 
[22m[2mshould allow changing item type[22m[39m
The above error occurred in the <QuotationEditor> 
component:

    at QuotationEditor (C:\Users\Eli\Desktop\Claude 
Code\CPQ-System\src\components\quotations\QuotationE
ditor.tsx:181:25)

Consider adding an error boundary to your tree to 
customize error handling behavior.
Visit https://reactjs.org/link/error-boundaries to 
learn more about error boundaries.

[90mstderr[2m | src/components/quotations/__tests_
_/QuotationEditor.test.tsx[2m > 
[22m[2mQuotationEditor - Item Editing[2m > 
[22m[2mshould show edit button for items[22m[39m
The above error occurred in the <QuotationEditor> 
component:

    at QuotationEditor (C:\Users\Eli\Desktop\Claude 
Code\CPQ-System\src\components\quotations\QuotationE
ditor.tsx:181:25)

Consider adding an error boundary to your tree to 
customize error handling behavior.
Visit https://reactjs.org/link/error-boundaries to 
learn more about error boundaries.

[90mstderr[2m | src/components/quotations/__tests_
_/QuotationEditor.test.tsx[2m > 
[22m[2mQuotationEditor - Item Editing[2m > 
[22m[2mshould open component card when edit is 
clicked[22m[39m
The above error occurred in the <QuotationEditor> 
component:

    at QuotationEditor (C:\Users\Eli\Desktop\Claude 
Code\CPQ-System\src\components\quotations\QuotationE
ditor.tsx:181:25)

Consider adding an error boundary to your tree to 
customize error handling behavior.
Visit https://reactjs.org/link/error-boundaries to 
learn more about error boundaries.

[90mstderr[2m | src/components/quotations/__tests_
_/QuotationEditor.test.tsx[2m > 
[22m[2mQuotationEditor - Assembly Items[2m > 
[22m[2mshould show assemblies tab in component 
selector[22m[39m
The above error occurred in the <QuotationEditor> 
component:

    at QuotationEditor (C:\Users\Eli\Desktop\Claude 
Code\CPQ-System\src\components\quotations\QuotationE
ditor.tsx:181:25)

Consider adding an error boundary to your tree to 
customize error handling behavior.
Visit https://reactjs.org/link/error-boundaries to 
learn more about error boundaries.

[90mstderr[2m | src/components/quotations/__tests_
_/QuotationEditor.test.tsx[2m > 
[22m[2mQuotationEditor - Assembly Items[2m > 
[22m[2mshould display assembly count in 
selector[22m[39m
The above error occurred in the <QuotationEditor> 
component:

    at QuotationEditor (C:\Users\Eli\Desktop\Claude 
Code\CPQ-System\src\components\quotations\QuotationE
ditor.tsx:181:25)

Consider adding an error boundary to your tree to 
customize error handling behavior.
Visit https://reactjs.org/link/error-boundaries to 
learn more about error boundaries.

[90mstderr[2m | src/components/quotations/__tests_
_/QuotationEditor.test.tsx[2m > 
[22m[2mQuotationEditor - Assembly Items[2m > 
[22m[2mshould show assembly in selector when 
switching tabs[22m[39m
The above error occurred in the <QuotationEditor> 
component:

    at QuotationEditor (C:\Users\Eli\Desktop\Claude 
Code\CPQ-System\src\components\quotations\QuotationE
ditor.tsx:181:25)

Consider adding an error boundary to your tree to 
customize error handling behavior.
Visit https://reactjs.org/link/error-boundaries to 
learn more about error boundaries.

[90mstderr[2m | src/components/quotations/__tests_
_/QuotationEditor.test.tsx[2m > 
[22m[2mQuotationEditor - System Quantity 
Changes[2m > [22m[2mshould allow editing system 
quantity[22m[39m
The above error occurred in the <QuotationEditor> 
component:

    at QuotationEditor (C:\Users\Eli\Desktop\Claude 
Code\CPQ-System\src\components\quotations\QuotationE
ditor.tsx:181:25)

Consider adding an error boundary to your tree to 
customize error handling behavior.
Visit https://reactjs.org/link/error-boundaries to 
learn more about error boundaries.

[90mstderr[2m | src/components/quotations/__tests_
_/QuotationEditor.test.tsx[2m > 
[22m[2mQuotationEditor - System Quantity 
Changes[2m > [22m[2mshould multiply system items 
by system quantity[22m[39m
The above error occurred in the <QuotationEditor> 
component:

    at QuotationEditor (C:\Users\Eli\Desktop\Claude 
Code\CPQ-System\src\components\quotations\QuotationE
ditor.tsx:181:25)

Consider adding an error boundary to your tree to 
customize error handling behavior.
Visit https://reactjs.org/link/error-boundaries to 
learn more about error boundaries.

[90mstderr[2m | src/components/quotations/__tests_
_/QuotationEditor.test.tsx[2m > 
[22m[2mQuotationEditor - Column Management[2m > 
[22m[2mshould show column management 
button[22m[39m
The above error occurred in the <QuotationEditor> 
component:

    at QuotationEditor (C:\Users\Eli\Desktop\Claude 
Code\CPQ-System\src\components\quotations\QuotationE
ditor.tsx:181:25)

 [33mΓ¥»[39m src/components/quotations/__tests__/QuotationEditor.test.tsx [2m ([22m[2m55 tests[22m [2m|[22m [31m55 failed[39m[2m)[22m[33m 903[2mms[22m[39m
Consider adding an error boundary to your tree to 
customize error handling behavior.
Visit https://reactjs.org/link/error-boundaries to 
learn more about error boundaries.

[90mstderr[2m | src/components/quotations/__tests_
_/QuotationEditor.test.tsx[2m > 
[22m[2mQuotationEditor - Column Management[2m > 
[22m[2mshould open column manager when 
clicked[22m[39m
The above error occurred in the <QuotationEditor> 
component:

    at QuotationEditor (C:\Users\Eli\Desktop\Claude 
Code\CPQ-System\src\components\quotations\QuotationE
ditor.tsx:181:25)

Consider adding an error boundary to your tree to 
customize error handling behavior.
Visit https://reactjs.org/link/error-boundaries to 
learn more about error boundaries.

[90mstderr[2m | src/components/quotations/__tests_
_/QuotationEditor.test.tsx[2m > 
[22m[2mQuotationEditor - User Interactions[2m > 
[22m[2mshould navigate back when "Back to List" 
is clicked[22m[39m
The above error occurred in the <QuotationEditor> 
component:

    at QuotationEditor (C:\Users\Eli\Desktop\Claude 
Code\CPQ-System\src\components\quotations\QuotationE
ditor.tsx:181:25)

Consider adding an error boundary to your tree to 
customize error handling behavior.
Visit https://reactjs.org/link/error-boundaries to 
learn more about error boundaries.

[90mstderr[2m | src/components/quotations/__tests_
_/QuotationEditor.test.tsx[2m > 
[22m[2mQuotationEditor - User Interactions[2m > 
[22m[2mshould switch to Statistics tab[22m[39m
The above error occurred in the <QuotationEditor> 
component:

    at QuotationEditor (C:\Users\Eli\Desktop\Claude 
Code\CPQ-System\src\components\quotations\QuotationE
ditor.tsx:181:25)

Consider adding an error boundary to your tree to 
customize error handling behavior.
Visit https://reactjs.org/link/error-boundaries to 
learn more about error boundaries.

[90mstderr[2m | src/components/quotations/__tests_
_/QuotationEditor.test.tsx[2m > 
[22m[2mQuotationEditor - User Interactions[2m > 
[22m[2mshould close component selector when X is 
clicked[22m[39m
The above error occurred in the <QuotationEditor> 
component:

    at QuotationEditor (C:\Users\Eli\Desktop\Claude 
Code\CPQ-System\src\components\quotations\QuotationE
ditor.tsx:181:25)

Consider adding an error boundary to your tree to 
customize error handling behavior.
Visit https://reactjs.org/link/error-boundaries to 
learn more about error boundaries.

[90mstderr[2m | src/components/quotations/__tests_
_/QuotationEditor.test.tsx[2m > 
[22m[2mQuotationEditor - User Interactions[2m > 
[22m[2mshould show project picker button[22m[39m
The above error occurred in the <QuotationEditor> 
component:

    at QuotationEditor (C:\Users\Eli\Desktop\Claude 
Code\CPQ-System\src\components\quotations\QuotationE
ditor.tsx:181:25)

Consider adding an error boundary to your tree to 
customize error handling behavior.
Visit https://reactjs.org/link/error-boundaries to 
learn more about error boundaries.

[90mstderr[2m | src/components/quotations/__tests_
_/QuotationEditor.test.tsx[2m > 
[22m[2mQuotationEditor - User Interactions[2m > 
[22m[2mshould open project picker when 
clicked[22m[39m
The above error occurred in the <QuotationEditor> 
component:

    at QuotationEditor (C:\Users\Eli\Desktop\Claude 
Code\CPQ-System\src\components\quotations\QuotationE
ditor.tsx:181:25)

Consider adding an error boundary to your tree to 
customize error handling behavior.
Visit https://reactjs.org/link/error-boundaries to 
learn more about error boundaries.

[31m   [33mΓ¥»[31m src/components/quotations/__tests__/QuotationEditor.test.tsx[2m > [22mQuotationEditor - Rendering and Initial State[2m > [22mshould render without crashing[39m
[31m     ΓåÆ [vitest] No "LogOut" export is defined on the "lucide-react" mock. Did you forget to return it from "vi.mock"?
If you need to partially mock a module, you can use "importOriginal" helper inside:
[39m
[31m   [33mΓ¥»[31m src/components/quotations/__tests__/QuotationEditor.test.tsx[2m > [22mQuotationEditor - Rendering and Initial State[2m > [22mshould show quotation metadata[39m
[31m     ΓåÆ [vitest] No "LogOut" export is defined on the "lucide-react" mock. Did you forget to return it from "vi.mock"?
If you need to partially mock a module, you can use "importOriginal" helper inside:
[39m
[31m   [33mΓ¥»[31m src/components/quotations/__tests__/QuotationEditor.test.tsx[2m > [22mQuotationEditor - Rendering and Initial State[2m > [22mshould display default parameters[39m
[31m     ΓåÆ [vitest] No "LogOut" export is defined on the "lucide-react" mock. Did you forget to return it from "vi.mock"?
If you need to partially mock a module, you can use "importOriginal" helper inside:
[39m
[31m   [33mΓ¥»[31m src/components/quotations/__tests__/QuotationEditor.test.tsx[2m > [22mQuotationEditor - Rendering and Initial State[2m > [22mshould show "Add System" button[39m
[31m     ΓåÆ [vitest] No "LogOut" export is defined on the "lucide-react" mock. Did you forget to return it from "vi.mock"?
If you need to partially mock a module, you can use "importOriginal" helper inside:
[39m
[31m   [33mΓ¥»[31m src/components/quotations/__tests__/QuotationEditor.test.tsx[2m > [22mQuotationEditor - Rendering and Initial State[2m > [22mshould show existing systems[39m
[31m     ΓåÆ [vitest] No "LogOut" export is defined on the "lucide-react" mock. Did you forget to return it from "vi.mock"?
If you need to partially mock a module, you can use "importOriginal" helper inside:
[39m
[31m   [33mΓ¥»[31m src/components/quotations/__tests__/QuotationEditor.test.tsx[2m > [22mQuotationEditor - Rendering and Initial State[2m > [22mshould show calculations summary when items exist[39m
[31m     ΓåÆ [vitest] No "LogOut" export is defined on the "lucide-react" mock. Did you forget to return it from "vi.mock"?
If you need to partially mock a module, you can use "importOriginal" helper inside:
[39m
[31m   [33mΓ¥»[31m src/components/quotations/__tests__/QuotationEditor.test.tsx[2m > [22mQuotationEditor - Rendering and Initial State[2m > [22mshould show "Back to List" button[39m
[31m     ΓåÆ [vitest] No "LogOut" export is defined on the "lucide-react" mock. Did you forget to return it from "vi.mock"?
If you need to partially mock a module, you can use "importOriginal" helper inside:
[39m
[31m   [33mΓ¥»[31m src/components/quotations/__tests__/QuotationEditor.test.tsx[2m > [22mQuotationEditor - Rendering and Initial State[2m > [22mshould show tabs for Items and Statistics[39m
[31m     ΓåÆ [vitest] No "LogOut" export is defined on the "lucide-react" mock. Did you forget to return it from "vi.mock"?
If you need to partially mock a module, you can use "importOriginal" helper inside:
[39m
[31m   [33mΓ¥»[31m src/components/quotations/__tests__/QuotationEditor.test.tsx[2m > [22mQuotationEditor - System Management[2m > [22mshould add new system when "Add System" is clicked[39m
[31m     ΓåÆ [vitest] No "LogOut" export is defined on the "lucide-react" mock. Did you forget to return it from "vi.mock"?
If you need to partially mock a module, you can use "importOriginal" helper inside:
[39m
[31m   [33mΓ¥»[31m src/components/quotations/__tests__/QuotationEditor.test.tsx[2m > [22mQuotationEditor - System Management[2m > [22mshould show add item button for each system[39m
[31m     ΓåÆ [vitest] No "LogOut" export is defined on the "lucide-react" mock. Did you forget to return it from "vi.mock"?
If you need to partially mock a module, you can use "importOriginal" helper inside:
[39m
[31m   [33mΓ¥»[31m src/components/quotations/__tests__/QuotationEditor.test.tsx[2m > [22mQuotationEditor - System Management[2m > [22mshould delete system and its items[39m
[31m     ΓåÆ [vitest] No "LogOut" export is defined on the "lucide-react" mock. Did you forget to return it from "vi.mock"?
If you need to partially mock a module, you can use "importOriginal" helper inside:
[39m
[31m   [33mΓ¥»[31m src/components/quotations/__tests__/QuotationEditor.test.tsx[2m > [22mQuotationEditor - Adding Items[2m > [22mshould open component selector when add item is clicked[39m
[31m     ΓåÆ [vitest] No "LogOut" export is defined on the "lucide-react" mock. Did you forget to return it from "vi.mock"?
If you need to partially mock a module, you can use "importOriginal" helper inside:
[39m
[31m   [33mΓ¥»[31m src/components/quotations/__tests__/QuotationEditor.test.tsx[2m > [22mQuotationEditor - Adding Items[2m > [22mshould show components in selector[39m
[31m     ΓåÆ [vitest] No "LogOut" export is defined on the "lucide-react" mock. Did you forget to return it from "vi.mock"?
If you need to partially mock a module, you can use "importOriginal" helper inside:
[39m
[31m   [33mΓ¥»[31m src/components/quotations/__tests__/QuotationEditor.test.tsx[2m > [22mQuotationEditor - Adding Items[2m > [22mshould add component to system when selected[39m
[31m     ΓåÆ [vitest] No "LogOut" export is defined on the "lucide-react" mock. Did you forget to return it from "vi.mock"?
If you need to partially mock a module, you can use "importOriginal" helper inside:
[39m
[31m   [33mΓ¥»[31m src/components/quotations/__tests__/QuotationEditor.test.tsx[2m > [22mQuotationEditor - Adding Items[2m > [22mshould close selector after adding component[39m
[31m     ΓåÆ [vitest] No "LogOut" export is defined on the "lucide-react" mock. Did you forget to return it from "vi.mock"?
If you need to partially mock a module, you can use "importOriginal" helper inside:
[39m
[31m   [33mΓ¥»[31m src/components/quotations/__tests__/QuotationEditor.test.tsx[2m > [22mQuotationEditor - Adding Items[2m > [22mshould show assemblies tab in selector[39m
[31m     ΓåÆ [vitest] No "LogOut" export is defined on the "lucide-react" mock. Did you forget to return it from "vi.mock"?
If you need to partially mock a module, you can use "importOriginal" helper inside:
[39m
[31m   [33mΓ¥»[31m src/components/quotations/__tests__/QuotationEditor.test.tsx[2m > [22mQuotationEditor - Adding Items[2m > [22mshould filter components by search text[39m
[31m     ΓåÆ [vitest] No "LogOut" export is defined on the "lucide-react" mock. Did you forget to return it from "vi.mock"?
If you need to partially mock a module, you can use "importOriginal" helper inside:
[39m
[31m   [33mΓ¥»[31m src/components/quotations/__tests__/QuotationEditor.test.tsx[2m > [22mQuotationEditor - Parameter Updates[2m > [22mshould recalculate ILS prices when USD rate changes[39m
[31m     ΓåÆ [vitest] No "LogOut" export is defined on the "lucide-react" mock. Did you forget to return it from "vi.mock"?
If you need to partially mock a module, you can use "importOriginal" helper inside:
[39m
[31m   [33mΓ¥»[31m src/components/quotations/__tests__/QuotationEditor.test.tsx[2m > [22mQuotationEditor - Parameter Updates[2m > [22mshould preserve USD prices when USD rate changes[39m
[31m     ΓåÆ [vitest] No "LogOut" export is defined on the "lucide-react" mock. Did you forget to return it from "vi.mock"?
If you need to partially mock a module, you can use "importOriginal" helper inside:
[39m
[31m   [33mΓ¥»[31m src/components/quotations/__tests__/QuotationEditor.test.tsx[2m > [22mQuotationEditor - Parameter Updates[2m > [22mshould preserve ILS prices when items are originally in ILS[39m
[31m     ΓåÆ [vitest] No "LogOut" export is defined on the "lucide-react" mock. Did you forget to return it from "vi.mock"?
If you need to partially mock a module, you can use "importOriginal" helper inside:
[39m
[31m   [33mΓ¥»[31m src/components/quotations/__tests__/QuotationEditor.test.tsx[2m > [22mQuotationEditor - Parameter Updates[2m > [22mshould preserve EUR prices when items are originally in EUR[39m
[31m     ΓåÆ [vitest] No "LogOut" export is defined on the "lucide-react" mock. Did you forget to return it from "vi.mock"?
If you need to partially mock a module, you can use "importOriginal" helper inside:
[39m
[31m   [33mΓ¥»[31m src/components/quotations/__tests__/QuotationEditor.test.tsx[2m > [22mQuotationEditor - Parameter Updates[2m > [22mshould handle mixed currencies in quotation[39m
[31m     ΓåÆ [vitest] No "LogOut" export is defined on the "lucide-react" mock. Did you forget to return it from "vi.mock"?
If you need to partially mock a module, you can use "importOriginal" helper inside:
[39m
[31m   [33mΓ¥»[31m src/components/quotations/__tests__/QuotationEditor.test.tsx[2m > [22mQuotationEditor - Parameter Updates[2m > [22mshould update parameters when changed[39m
[31m     ΓåÆ [vitest] No "LogOut" export is defined on the "lucide-react" mock. Did you forget to return it from "vi.mock"?
If you need to partially mock a module, you can use "importOriginal" helper inside:
[39m
[31m   [33mΓ¥»[31m src/components/quotations/__tests__/QuotationEditor.test.tsx[2m > [22mQuotationEditor - Calculations[2m > [22mshould display hardware total[39m
[31m     ΓåÆ [vitest] No "LogOut" export is defined on the "lucide-react" mock. Did you forget to return it from "vi.mock"?
If you need to partially mock a module, you can use "importOriginal" helper inside:
[39m
[31m   [33mΓ¥»[31m src/components/quotations/__tests__/QuotationEditor.test.tsx[2m > [22mQuotationEditor - Calculations[2m > [22mshould display software total[39m
[31m     ΓåÆ [vitest] No "LogOut" export is defined on the "lucide-react" mock. Did you forget to return it from "vi.mock"?
If you need to partially mock a module, you can use "importOriginal" helper inside:
[39m
[31m   [33mΓ¥»[31m src/components/quotations/__tests__/QuotationEditor.test.tsx[2m > [22mQuotationEditor - Calculations[2m > [22mshould display labor total[39m
[31m     ΓåÆ [vitest] No "LogOut" export is defined on the "lucide-react" mock. Did you forget to return it from "vi.mock"?
If you need to partially mock a module, you can use "importOriginal" helper inside:
[39m
[31m   [33mΓ¥»[31m src/components/quotations/__tests__/QuotationEditor.test.tsx[2m > [22mQuotationEditor - Calculations[2m > [22mshould display labor subtypes breakdown[39m
[31m     ΓåÆ [vitest] No "LogOut" export is defined on the "lucide-react" mock. Did you forget to return it from "vi.mock"?
If you need to partially mock a module, you can use "importOriginal" helper inside:
[39m
[31m   [33mΓ¥»[31m src/components/quotations/__tests__/QuotationEditor.test.tsx[2m > [22mQuotationEditor - Calculations[2m > [22mshould display total cost[39m
[31m     ΓåÆ [vitest] No "LogOut" export is defined on the "lucide-react" mock. Did you forget to return it from "vi.mock"?
If you need to partially mock a module, you can use "importOriginal" helper inside:
[39m
[31m   [33mΓ¥»[31m src/components/quotations/__tests__/QuotationEditor.test.tsx[2m > [22mQuotationEditor - Calculations[2m > [22mshould display profit and risk[39m
[31m     ΓåÆ [vitest] No "LogOut" export is defined on the "lucide-react" mock. Did you forget to return it from "vi.mock"?
If you need to partially mock a module, you can use "importOriginal" helper inside:
[39m
[31m   [33mΓ¥»[31m src/components/quotations/__tests__/QuotationEditor.test.tsx[2m > [22mQuotationEditor - Calculations[2m > [22mshould display final total before VAT[39m
[31m     ΓåÆ [vitest] No "LogOut" export is defined on the "lucide-react" mock. Did you forget to return it from "vi.mock"?
If you need to partially mock a module, you can use "importOriginal" helper inside:
[39m
[31m   [33mΓ¥»[31m src/components/quotations/__tests__/QuotationEditor.test.tsx[2m > [22mQuotationEditor - Calculations[2m > [22mshould display profit margin[39m
[31m     ΓåÆ [vitest] No "LogOut" export is defined on the "lucide-react" mock. Did you forget to return it from "vi.mock"?
If you need to partially mock a module, you can use "importOriginal" helper inside:
[39m
[31m   [33mΓ¥»[31m src/components/quotations/__tests__/QuotationEditor.test.tsx[2m > [22mQuotationEditor - Calculations[2m > [22mshould display system and item counts[39m
[31m     ΓåÆ [vitest] No "LogOut" export is defined on the "lucide-react" mock. Did you forget to return it from "vi.mock"?
If you need to partially mock a module, you can use "importOriginal" helper inside:
[39m
[31m   [33mΓ¥»[31m src/components/quotations/__tests__/QuotationEditor.test.tsx[2m > [22mQuotationEditor - Calculations[2m > [22mshould calculate system totals correctly[39m
[31m     ΓåÆ [vitest] No "LogOut" export is defined on the "lucide-react" mock. Did you forget to return it from "vi.mock"?
If you need to partially mock a module, you can use "importOriginal" helper inside:
[39m
[31m   [33mΓ¥»[31m src/components/quotations/__tests__/QuotationEditor.test.tsx[2m > [22mQuotationEditor - Calculations[2m > [22mshould handle quotation with zero items gracefully[39m
[31m     ΓåÆ [vitest] No "LogOut" export is defined on the "lucide-react" mock. Did you forget to return it from "vi.mock"?
If you need to partially mock a module, you can use "importOriginal" helper inside:
[39m
[31m   [33mΓ¥»[31m src/components/quotations/__tests__/QuotationEditor.test.tsx[2m > [22mQuotationEditor - Removing Items[2m > [22mshould delete item when delete button is clicked[39m
[31m     ΓåÆ [vitest] No "LogOut" export is defined on the "lucide-react" mock. Did you forget to return it from "vi.mock"?
If you need to partially mock a module, you can use "importOriginal" helper inside:
[39m
[31m   [33mΓ¥»[31m src/components/quotations/__tests__/QuotationEditor.test.tsx[2m > [22mQuotationEditor - Edge Cases[2m > [22mshould handle empty quotation (no systems)[39m
[31m     ΓåÆ [vitest] No "LogOut" export is defined on the "lucide-react" mock. Did you forget to return it from "vi.mock"?
If you need to partially mock a module, you can use "importOriginal" helper inside:
[39m
[31m   [33mΓ¥»[31m src/components/quotations/__tests__/QuotationEditor.test.tsx[2m > [22mQuotationEditor - Edge Cases[2m > [22mshould handle quotation with no items[39m
[31m     ΓåÆ [vitest] No "LogOut" export is defined on the "lucide-react" mock. Did you forget to return it from "vi.mock"?
If you need to partially mock a module, you can use "importOriginal" helper inside:
[39m
[31m   [33mΓ¥»[31m src/components/quotations/__tests__/QuotationEditor.test.tsx[2m > [22mQuotationEditor - Edge Cases[2m > [22mshould handle zero quantity items[39m
[31m     ΓåÆ [vitest] No "LogOut" export is defined on the "lucide-react" mock. Did you forget to return it from "vi.mock"?
If you need to partially mock a module, you can use "importOriginal" helper inside:
[39m
[31m   [33mΓ¥»[31m src/components/quotations/__tests__/QuotationEditor.test.tsx[2m > [22mQuotationEditor - Edge Cases[2m > [22mshould handle very large totals[39m
[31m     ΓåÆ [vitest] No "LogOut" export is defined on the "lucide-react" mock. Did you forget to return it from "vi.mock"?
If you need to partially mock a module, you can use "importOriginal" helper inside:
[39m
[31m   [33mΓ¥»[31m src/components/quotations/__tests__/QuotationEditor.test.tsx[2m > [22mQuotationEditor - Item Editing[2m > [22mshould allow editing item quantity[39m
[31m     ΓåÆ [vitest] No "LogOut" export is defined on the "lucide-react" mock. Did you forget to return it from "vi.mock"?
If you need to partially mock a module, you can use "importOriginal" helper inside:
[39m
[31m   [33mΓ¥»[31m src/components/quotations/__tests__/QuotationEditor.test.tsx[2m > [22mQuotationEditor - Item Editing[2m > [22mshould allow changing item type[39m
[31m     ΓåÆ [vitest] No "LogOut" export is defined on the "lucide-react" mock. Did you forget to return it from "vi.mock"?
If you need to partially mock a module, you can use "importOriginal" helper inside:
[39m
[31m   [33mΓ¥»[31m src/components/quotations/__tests__/QuotationEditor.test.tsx[2m > [22mQuotationEditor - Item Editing[2m > [22mshould show edit button for items[39m
[31m     ΓåÆ [vitest] No "LogOut" export is defined on the "lucide-react" mock. Did you forget to return it from "vi.mock"?
If you need to partially mock a module, you can use "importOriginal" helper inside:
[39m
[31m   [33mΓ¥»[31m src/components/quotations/__tests__/QuotationEditor.test.tsx[2m > [22mQuotationEditor - Item Editing[2m > [22mshould open component card when edit is clicked[39m
[31m     ΓåÆ [vitest] No "LogOut" export is defined on the "lucide-react" mock. Did you forget to return it from "vi.mock"?
If you need to partially mock a module, you can use "importOriginal" helper inside:
[39m
[31m   [33mΓ¥»[31m src/components/quotations/__tests__/QuotationEditor.test.tsx[2m > [22mQuotationEditor - Assembly Items[2m > [22mshould show assemblies tab in component selector[39m
[31m     ΓåÆ [vitest] No "LogOut" export is defined on the "lucide-react" mock. Did you forget to return it from "vi.mock"?
If you need to partially mock a module, you can use "importOriginal" helper inside:
[39m
[31m   [33mΓ¥»[31m src/components/quotations/__tests__/QuotationEditor.test.tsx[2m > [22mQuotationEditor - Assembly Items[2m > [22mshould display assembly count in selector[39m
[31m     ΓåÆ [vitest] No "LogOut" export is defined on the "lucide-react" mock. Did you forget to return it from "vi.mock"?
If you need to partially mock a module, you can use "importOriginal" helper inside:
[39m
[31m   [33mΓ¥»[31m src/components/quotations/__tests__/QuotationEditor.test.tsx[2m > [22mQuotationEditor - Assembly Items[2m > [22mshould show assembly in selector when switching tabs[39m
[31m     ΓåÆ [vitest] No "LogOut" export is defined on the "lucide-react" mock. Did you forget to return it from "vi.mock"?
If you need to partially mock a module, you can use "importOriginal" helper inside:
[39m
[31m   [33mΓ¥»[31m src/components/quotations/__tests__/QuotationEditor.test.tsx[2m > [22mQuotationEditor - System Quantity Changes[2m > [22mshould allow editing system quantity[39m
[31m     ΓåÆ [vitest] No "LogOut" export is defined on the "lucide-react" mock. Did you forget to return it from "vi.mock"?
If you need to partially mock a module, you can use "importOriginal" helper inside:
[39m
[31m   [33mΓ¥»[31m src/components/quotations/__tests__/QuotationEditor.test.tsx[2m > [22mQuotationEditor - System Quantity Changes[2m > [22mshould multiply system items by system quantity[39m
[31m     ΓåÆ [vitest] No "LogOut" export is defined on the "lucide-react" mock. Did you forget to return it from "vi.mock"?
If you need to partially mock a module, you can use "importOriginal" helper inside:
[39m
[31m   [33mΓ¥»[31m src/components/quotations/__tests__/QuotationEditor.test.tsx[2m > [22mQuotationEditor - Column Management[2m > [22mshould show column management button[39m
[31m     ΓåÆ [vitest] No "LogOut" export is defined on the "lucide-react" mock. Did you forget to return it from "vi.mock"?
If you need to partially mock a module, you can use "importOriginal" helper inside:
[39m
[31m   [33mΓ¥»[31m src/components/quotations/__tests__/QuotationEditor.test.tsx[2m > [22mQuotationEditor - Column Management[2m > [22mshould open column manager when clicked[39m
[31m     ΓåÆ [vitest] No "LogOut" export is defined on the "lucide-react" mock. Did you forget to return it from "vi.mock"?
If you need to partially mock a module, you can use "importOriginal" helper inside:
[39m
[31m   [33mΓ¥»[31m src/components/quotations/__tests__/QuotationEditor.test.tsx[2m > [22mQuotationEditor - User Interactions[2m > [22mshould navigate back when "Back to List" is clicked[39m
[31m     ΓåÆ [vitest] No "LogOut" export is defined on the "lucide-react" mock. Did you forget to return it from "vi.mock"?
If you need to partially mock a module, you can use "importOriginal" helper inside:
[39m
[31m   [33mΓ¥»[31m src/components/quotations/__tests__/QuotationEditor.test.tsx[2m > [22mQuotationEditor - User Interactions[2m > [22mshould switch to Statistics tab[39m
[31m     ΓåÆ [vitest] No "LogOut" export is defined on the "lucide-react" mock. Did you forget to return it from "vi.mock"?
If you need to partially mock a module, you can use "importOriginal" helper inside:
[39m
[31m   [33mΓ¥»[31m src/components/quotations/__tests__/QuotationEditor.test.tsx[2m > [22mQuotationEditor - User Interactions[2m > [22mshould close component selector when X is clicked[39m
[31m     ΓåÆ [vitest] No "LogOut" export is defined on the "lucide-react" mock. Did you forget to return it from "vi.mock"?
If you need to partially mock a module, you can use "importOriginal" helper inside:
[39m
[31m   [33mΓ¥»[31m src/components/quotations/__tests__/QuotationEditor.test.tsx[2m > [22mQuotationEditor - User Interactions[2m > [22mshould show project picker button[39m
[31m     ΓåÆ [vitest] No "LogOut" export is defined on the "lucide-react" mock. Did you forget to return it from "vi.mock"?
If you need to partially mock a module, you can use "importOriginal" helper inside:
[39m
[31m   [33mΓ¥»[31m src/components/quotations/__tests__/QuotationEditor.test.tsx[2m > [22mQuotationEditor - User Interactions[2m > [22mshould open project picker when clicked[39m
[31m     ΓåÆ [vitest] No "LogOut" export is defined on the "lucide-react" mock. Did you forget to return it from "vi.mock"?
If you need to partially mock a module, you can use "importOriginal" helper inside:
[39m
[90mstderr[2m | 
src/hooks/__tests__/useQuotations.test.ts[2m > 
[22m[2museQuotations[2m > [22m[2mDeleting 
Quotations[2m > [22m[2mshould handle delete 
errors[22m[39m
Warning: An update to TestComponent inside a test 
was not wrapped in act(...).

When testing, code that causes React state updates 
should be wrapped into act(...):

act(() => {
  /* fire events that update state */
});
/* assert on the output */

This ensures that you're testing the behavior the 
user would see in the browser. Learn more at 
https://reactjs.org/link/wrap-tests-with-act
    at TestComponent (C:\Users\Eli\Desktop\Claude Co
de\CPQ-System\node_modules\@testing-library\react\di
st\pure.js:307:5)
Warning: An update to TestComponent inside a test 
was not wrapped in act(...).

When testing, code that causes React state updates 
should be wrapped into act(...):

act(() => {
  /* fire events that update state */
});
/* assert on the output */

This ensures that you're testing the behavior the 
user would see in the browser. Learn more at 
https://reactjs.org/link/wrap-tests-with-act
    at TestComponent (C:\Users\Eli\Desktop\Claude Co
de\CPQ-System\node_modules\@testing-library\react\di
st\pure.js:307:5)

[90mstderr[2m | 
src/hooks/__tests__/useQuotations.test.ts[2m > 
[22m[2museQuotations[2m > [22m[2mQuotation 
Systems Operations[2m > [22m[2mshould add 
quotation system successfully[22m[39m
Warning: An update to TestComponent inside a test 
was not wrapped in act(...).

When testing, code that causes React state updates 
should be wrapped into act(...):

act(() => {
  /* fire events that update state */
});
/* assert on the output */

This ensures that you're testing the behavior the 
user would see in the browser. Learn more at 
https://reactjs.org/link/wrap-tests-with-act
    at TestComponent (C:\Users\Eli\Desktop\Claude Co
de\CPQ-System\node_modules\@testing-library\react\di
st\pure.js:307:5)
Warning: An update to TestComponent inside a test 
was not wrapped in act(...).

When testing, code that causes React state updates 
should be wrapped into act(...):

act(() => {
  /* fire events that update state */
});
/* assert on the output */

This ensures that you're testing the behavior the 
user would see in the browser. Learn more at 
https://reactjs.org/link/wrap-tests-with-act
    at TestComponent (C:\Users\Eli\Desktop\Claude Co
de\CPQ-System\node_modules\@testing-library\react\di
st\pure.js:307:5)

 [32mΓ£ô[39m src/hooks/__tests__/useComponents.test.ts [2m ([22m[2m22 tests[22m[2m)[22m[33m 2066[2mms[22m[39m
[90mstderr[2m | 
src/hooks/__tests__/useQuotations.test.ts[2m > 
[22m[2museQuotations[2m > [22m[2mQuotation 
Systems Operations[2m > [22m[2mshould update 
quotation system successfully[22m[39m
Warning: An update to TestComponent inside a test 
was not wrapped in act(...).

When testing, code that causes React state updates 
should be wrapped into act(...):

act(() => {
  /* fire events that update state */
});
/* assert on the output */

This ensures that you're testing the behavior the 
user would see in the browser. Learn more at 
https://reactjs.org/link/wrap-tests-with-act
    at TestComponent (C:\Users\Eli\Desktop\Claude Co
de\CPQ-System\node_modules\@testing-library\react\di
st\pure.js:307:5)
Warning: An update to TestComponent inside a test 
was not wrapped in act(...).

When testing, code that causes React state updates 
should be wrapped into act(...):

act(() => {
  /* fire events that update state */
});
/* assert on the output */

This ensures that you're testing the behavior the 
user would see in the browser. Learn more at 
https://reactjs.org/link/wrap-tests-with-act
    at TestComponent (C:\Users\Eli\Desktop\Claude Co
de\CPQ-System\node_modules\@testing-library\react\di
st\pure.js:307:5)

[90mstderr[2m | 
src/hooks/__tests__/useQuotations.test.ts[2m > 
[22m[2museQuotations[2m > [22m[2mQuotation 
Systems Operations[2m > [22m[2mshould delete 
quotation system successfully[22m[39m
Warning: An update to TestComponent inside a test 
was not wrapped in act(...).

When testing, code that causes React state updates 
should be wrapped into act(...):

act(() => {
  /* fire events that update state */
});
/* assert on the output */

This ensures that you're testing the behavior the 
user would see in the browser. Learn more at 
https://reactjs.org/link/wrap-tests-with-act
    at TestComponent (C:\Users\Eli\Desktop\Claude Co
de\CPQ-System\node_modules\@testing-library\react\di
st\pure.js:307:5)
Warning: An update to TestComponent inside a test 
was not wrapped in act(...).

When testing, code that causes React state updates 
should be wrapped into act(...):

act(() => {
  /* fire events that update state */
});
/* assert on the output */

This ensures that you're testing the behavior the 
user would see in the browser. Learn more at 
https://reactjs.org/link/wrap-tests-with-act
    at TestComponent (C:\Users\Eli\Desktop\Claude Co
de\CPQ-System\node_modules\@testing-library\react\di
st\pure.js:307:5)

[90mstderr[2m | 
src/hooks/__tests__/useQuotations.test.ts[2m > 
[22m[2museQuotations[2m > [22m[2mQuotation 
Items Operations[2m > [22m[2mshould add 
quotation item successfully[22m[39m
Warning: An update to TestComponent inside a test 
was not wrapped in act(...).

When testing, code that causes React state updates 
should be wrapped into act(...):

act(() => {
  /* fire events that update state */
});
/* assert on the output */

This ensures that you're testing the behavior the 
user would see in the browser. Learn more at 
https://reactjs.org/link/wrap-tests-with-act
    at TestComponent (C:\Users\Eli\Desktop\Claude Co
de\CPQ-System\node_modules\@testing-library\react\di
st\pure.js:307:5)
Warning: An update to TestComponent inside a test 
was not wrapped in act(...).

When testing, code that causes React state updates 
should be wrapped into act(...):

act(() => {
  /* fire events that update state */
});
/* assert on the output */

This ensures that you're testing the behavior the 
user would see in the browser. Learn more at 
https://reactjs.org/link/wrap-tests-with-act
    at TestComponent (C:\Users\Eli\Desktop\Claude Co
de\CPQ-System\node_modules\@testing-library\react\di
st\pure.js:307:5)

[90mstderr[2m | 
src/hooks/__tests__/useQuotations.test.ts[2m > 
[22m[2museQuotations[2m > [22m[2mQuotation 
Items Operations[2m > [22m[2mshould update 
quotation item successfully[22m[39m
Warning: An update to TestComponent inside a test 
was not wrapped in act(...).

When testing, code that causes React state updates 
should be wrapped into act(...):

act(() => {
  /* fire events that update state */
});
/* assert on the output */

This ensures that you're testing the behavior the 
user would see in the browser. Learn more at 
https://reactjs.org/link/wrap-tests-with-act
    at TestComponent (C:\Users\Eli\Desktop\Claude Co
de\CPQ-System\node_modules\@testing-library\react\di
st\pure.js:307:5)
Warning: An update to TestComponent inside a test 
was not wrapped in act(...).

When testing, code that causes React state updates 
should be wrapped into act(...):

act(() => {
  /* fire events that update state */
});
/* assert on the output */

This ensures that you're testing the behavior the 
user would see in the browser. Learn more at 
https://reactjs.org/link/wrap-tests-with-act
    at TestComponent (C:\Users\Eli\Desktop\Claude Co
de\CPQ-System\node_modules\@testing-library\react\di
st\pure.js:307:5)

[90mstderr[2m | 
src/hooks/__tests__/useQuotations.test.ts[2m > 
[22m[2museQuotations[2m > [22m[2mQuotation 
Items Operations[2m > [22m[2mshould delete 
quotation item successfully[22m[39m
Warning: An update to TestComponent inside a test 
was not wrapped in act(...).

When testing, code that causes React state updates 
should be wrapped into act(...):

act(() => {
  /* fire events that update state */
});
/* assert on the output */

This ensures that you're testing the behavior the 
user would see in the browser. Learn more at 
https://reactjs.org/link/wrap-tests-with-act
    at TestComponent (C:\Users\Eli\Desktop\Claude Co
de\CPQ-System\node_modules\@testing-library\react\di
st\pure.js:307:5)
Warning: An update to TestComponent inside a test 
was not wrapped in act(...).

When testing, code that causes React state updates 
should be wrapped into act(...):

act(() => {
  /* fire events that update state */
});
/* assert on the output */

This ensures that you're testing the behavior the 
user would see in the browser. Learn more at 
https://reactjs.org/link/wrap-tests-with-act
    at TestComponent (C:\Users\Eli\Desktop\Claude Co
de\CPQ-System\node_modules\@testing-library\react\di
st\pure.js:307:5)

 [33mΓ¥»[39m src/hooks/__tests__/useQuotations.test.ts [2m ([22m[2m22 tests[22m [2m|[22m [31m3 failed[39m[2m)[22m[33m 2735[2mms[22m[39m
[31m   [33mΓ¥»[31m src/hooks/__tests__/useQuotations.test.ts[2m > [22museQuotations[2m > [22mFetching Quotations[2m > [22mshould handle fetch errors[39m
[31m     ΓåÆ expected 'Failed to fetch quotations' to be 'Database connection failed' // Object.is equality[39m
[31m   [33mΓ¥»[31m src/hooks/__tests__/useQuotations.test.ts[2m > [22museQuotations[2m > [22mGetting Single Quotation[2m > [22mshould return null on fetch error[39m
[31m     ΓåÆ expected 'Failed to fetch quotation' to contain 'Quotation not found'

Ignored nodes: comments, script, style
[36m<html>[31m
  [36m<head />[31m
  [36m<body>[31m
    [36m<div />[31m
  [36m</body>[31m
[36m</html>[31m[39m
[31m   [33mΓ¥»[31m src/hooks/__tests__/useQuotations.test.ts[2m > [22museQuotations[2m > [22mUpdating Quotations[2m > [22mshould update quotation successfully[39m
[31m     ΓåÆ updatedQuotation is not defined[39m
[90mstderr[2m | warn (file:\C:\Users\Eli\Desktop\C
laude%20Code\CPQ-System\node_modules\pdfjs-dist\buil
d\pdf.mjs:357:13)[22m[39m
Warning: Please use the `legacy` build in Node.js 
environments.

 [33mΓ¥»[39m src/services/__tests__/pdfParser.test.ts [2m ([22m[2m0 test[22m[2m)[22m
[90mstderr[2m | 
src/hooks/__tests__/useAssemblies.test.ts[2m > 
[22m[2museAssemblies[2m > [22m[2mDeleting 
Assemblies[2m > [22m[2mshould delete assembly 
successfully[22m[39m
Warning: An update to TestComponent inside a test 
was not wrapped in act(...).

When testing, code that causes React state updates 
should be wrapped into act(...):

act(() => {
  /* fire events that update state */
});
/* assert on the output */

This ensures that you're testing the behavior the 
user would see in the browser. Learn more at 
https://reactjs.org/link/wrap-tests-with-act
    at TestComponent (C:\Users\Eli\Desktop\Claude Co
de\CPQ-System\node_modules\@testing-library\react\di
st\pure.js:307:5)
Warning: An update to TestComponent inside a test 
was not wrapped in act(...).

When testing, code that causes React state updates 
should be wrapped into act(...):

act(() => {
  /* fire events that update state */
});
/* assert on the output */

This ensures that you're testing the behavior the 
user would see in the browser. Learn more at 
https://reactjs.org/link/wrap-tests-with-act
    at TestComponent (C:\Users\Eli\Desktop\Claude Co
de\CPQ-System\node_modules\@testing-library\react\di
st\pure.js:307:5)
Warning: An update to TestComponent inside a test 
was not wrapped in act(...).

When testing, code that causes React state updates 
should be wrapped into act(...):

act(() => {
  /* fire events that update state */
});
/* assert on the output */

This ensures that you're testing the behavior the 
user would see in the browser. Learn more at 
https://reactjs.org/link/wrap-tests-with-act
    at TestComponent (C:\Users\Eli\Desktop\Claude Co
de\CPQ-System\node_modules\@testing-library\react\di
st\pure.js:307:5)
Warning: An update to TestComponent inside a test 
was not wrapped in act(...).

When testing, code that causes React state updates 
should be wrapped into act(...):

act(() => {
  /* fire events that update state */
});
/* assert on the output */

This ensures that you're testing the behavior the 
user would see in the browser. Learn more at 
https://reactjs.org/link/wrap-tests-with-act
    at TestComponent (C:\Users\Eli\Desktop\Claude Co
de\CPQ-System\node_modules\@testing-library\react\di
st\pure.js:307:5)
Warning: An update to TestComponent inside a test 
was not wrapped in act(...).

When testing, code that causes React state updates 
should be wrapped into act(...):

act(() => {
  /* fire events that update state */
});
/* assert on the output */

This ensures that you're testing the behavior the 
user would see in the browser. Learn more at 
https://reactjs.org/link/wrap-tests-with-act
    at TestComponent (C:\Users\Eli\Desktop\Claude Co
de\CPQ-System\node_modules\@testing-library\react\di
st\pure.js:307:5)

[90mstderr[2m | 
src/hooks/__tests__/useAssemblies.test.ts[2m > 
[22m[2museAssemblies[2m > [22m[2mDeleting 
Assemblies[2m > [22m[2mshould handle delete 
errors[22m[39m
Warning: An update to TestComponent inside a test 
was not wrapped in act(...).

When testing, code that causes React state updates 
should be wrapped into act(...):

act(() => {
  /* fire events that update state */
});
/* assert on the output */

This ensures that you're testing the behavior the 
user would see in the browser. Learn more at 
https://reactjs.org/link/wrap-tests-with-act
    at TestComponent (C:\Users\Eli\Desktop\Claude Co
de\CPQ-System\node_modules\@testing-library\react\di
st\pure.js:307:5)
Warning: An update to TestComponent inside a test 
was not wrapped in act(...).

When testing, code that causes React state updates 
should be wrapped into act(...):

act(() => {
  /* fire events that update state */
});
/* assert on the output */

This ensures that you're testing the behavior the 
user would see in the browser. Learn more at 
https://reactjs.org/link/wrap-tests-with-act
    at TestComponent (C:\Users\Eli\Desktop\Claude Co
de\CPQ-System\node_modules\@testing-library\react\di
st\pure.js:307:5)

[90mstderr[2m | 
src/services/__tests__/documentParser.test.ts[2m > 
[22m[2mdocumentParser[2m > 
[22m[2mparseDocument - Error Handling[2m > 
[22m[2mshould handle Claude AI errors for Excel 
files gracefully[22m[39m
Document parsing error: Error: AI extraction failed
    at [90mC:\Users\Eli\Desktop\Claude Code\CPQ-Sys
tem\[39msrc\services\__tests__\documentParser.test.
ts:212:66
    at [90mfile:///C:/Users/Eli/Desktop/Claude%20Co
de/CPQ-System/[39mnode_modules/[4m@vitest[24m/run
ner/dist/index.js:135:14
    at [90mfile:///C:/Users/Eli/Desktop/Claude%20Co
de/CPQ-System/[39mnode_modules/[4m@vitest[24m/run
ner/dist/index.js:60:26
    at runTest [90m(file:///C:/Users/Eli/Desktop/Cl
aude%20Code/CPQ-System/[39mnode_modules/[4m@vitest
[24m/runner/dist/index.js:781:17[90m)[39m
    at runSuite [90m(file:///C:/Users/Eli/Desktop/C
laude%20Code/CPQ-System/[39mnode_modules/[4m@vites
t[24m/runner/dist/index.js:909:15[90m)[39m
    at runSuite [90m(file:///C:/Users/Eli/Desktop/C
laude%20Code/CPQ-System/[39mnode_modules/[4m@vites
t[24m/runner/dist/index.js:909:15[90m)[39m
    at runSuite [90m(file:///C:/Users/Eli/Desktop/C
laude%20Code/CPQ-System/[39mnode_modules/[4m@vites
t[24m/runner/dist/index.js:909:15[90m)[39m
    at runFiles [90m(file:///C:/Users/Eli/Desktop/C
laude%20Code/CPQ-System/[39mnode_modules/[4m@vites
t[24m/runner/dist/index.js:958:5[90m)[39m
    at startTests [90m(file:///C:/Users/Eli/Desktop
/Claude%20Code/CPQ-System/[39mnode_modules/[4m@vit
est[24m/runner/dist/index.js:967:3[90m)[39m
    at [90mfile:///C:/Users/Eli/Desktop/Claude%20Co
de/CPQ-System/[39mnode_modules/[4mvitest[24m/dist
/chunks/runtime-runBaseTests.oAvMKtQC.js:116:7

[90mstderr[2m | 
src/services/__tests__/documentParser.test.ts[2m > 
[22m[2mdocumentParser[2m > 
[22m[2mparseDocument - Error Handling[2m > 
[22m[2mshould handle Claude AI errors for PDF 
files gracefully[22m[39m
Document parsing error: Error: AI extraction failed
    at [90mC:\Users\Eli\Desktop\Claude Code\CPQ-Sys
tem\[39msrc\services\__tests__\documentParser.test.
ts:223:66
    at [90mfile:///C:/Users/Eli/Desktop/Claude%20Co
de/CPQ-System/[39mnode_modules/[4m@vitest[24m/run
ner/dist/index.js:135:14
    at [90mfile:///C:/Users/Eli/Desktop/Claude%20Co
de/CPQ-System/[39mnode_modules/[4m@vitest[24m/run
ner/dist/index.js:60:26
    at runTest [90m(file:///C:/Users/Eli/Desktop/Cl
aude%20Code/CPQ-System/[39mnode_modules/[4m@vitest
[24m/runner/dist/index.js:781:17[90m)[39m
    at runSuite [90m(file:///C:/Users/Eli/Desktop/C
laude%20Code/CPQ-System/[39mnode_modules/[4m@vites
t[24m/runner/dist/index.js:909:15[90m)[39m
    at runSuite [90m(file:///C:/Users/Eli/Desktop/C
laude%20Code/CPQ-System/[39mnode_modules/[4m@vites
t[24m/runner/dist/index.js:909:15[90m)[39m
    at runSuite [90m(file:///C:/Users/Eli/Desktop/C
laude%20Code/CPQ-System/[39mnode_modules/[4m@vites
t[24m/runner/dist/index.js:909:15[90m)[39m
    at runFiles [90m(file:///C:/Users/Eli/Desktop/C
laude%20Code/CPQ-System/[39mnode_modules/[4m@vites
t[24m/runner/dist/index.js:958:5[90m)[39m
    at startTests [90m(file:///C:/Users/Eli/Desktop
/Claude%20Code/CPQ-System/[39mnode_modules/[4m@vit
est[24m/runner/dist/index.js:967:3[90m)[39m
    at [90mfile:///C:/Users/Eli/Desktop/Claude%20Co
de/CPQ-System/[39mnode_modules/[4mvitest[24m/dist
/chunks/runtime-runBaseTests.oAvMKtQC.js:116:7

[90mstderr[2m | 
src/services/__tests__/documentParser.test.ts[2m > 
[22m[2mdocumentParser[2m > 
[22m[2mparseDocument - Error Handling[2m > 
[22m[2mshould handle Claude AI errors for image 
files gracefully[22m[39m
Document parsing error: Error: AI extraction failed
    at [90mC:\Users\Eli\Desktop\Claude Code\CPQ-Sys
tem\[39msrc\services\__tests__\documentParser.test.
ts:234:66
    at [90mfile:///C:/Users/Eli/Desktop/Claude%20Co
de/CPQ-System/[39mnode_modules/[4m@vitest[24m/run
ner/dist/index.js:135:14
    at [90mfile:///C:/Users/Eli/Desktop/Claude%20Co
de/CPQ-System/[39mnode_modules/[4m@vitest[24m/run
ner/dist/index.js:60:26
    at runTest [90m(file:///C:/Users/Eli/Desktop/Cl
aude%20Code/CPQ-System/[39mnode_modules/[4m@vitest
[24m/runner/dist/index.js:781:17[90m)[39m
    at runSuite [90m(file:///C:/Users/Eli/Desktop/C
laude%20Code/CPQ-System/[39mnode_modules/[4m@vites
t[24m/runner/dist/index.js:909:15[90m)[39m
    at runSuite [90m(file:///C:/Users/Eli/Desktop/C
laude%20Code/CPQ-System/[39mnode_modules/[4m@vites
t[24m/runner/dist/index.js:909:15[90m)[39m
    at runSuite [90m(file:///C:/Users/Eli/Desktop/C
laude%20Code/CPQ-System/[39mnode_modules/[4m@vites
t[24m/runner/dist/index.js:909:15[90m)[39m
    at runFiles [90m(file:///C:/Users/Eli/Desktop/C
laude%20Code/CPQ-System/[39mnode_modules/[4m@vites
t[24m/runner/dist/index.js:958:5[90m)[39m
    at startTests [90m(file:///C:/Users/Eli/Desktop
/Claude%20Code/CPQ-System/[39mnode_modules/[4m@vit
est[24m/runner/dist/index.js:967:3[90m)[39m
    at [90mfile:///C:/Users/Eli/Desktop/Claude%20Co
de/CPQ-System/[39mnode_modules/[4mvitest[24m/dist
/chunks/runtime-runBaseTests.oAvMKtQC.js:116:7

[90mstderr[2m | 
src/services/__tests__/documentParser.test.ts[2m > 
[22m[2mdocumentParser[2m > 
[22m[2mparseDocument - Error Handling[2m > 
[22m[2mshould include extraction method in error 
result[22m[39m
Document parsing error: Error: Test error
    at [90mC:\Users\Eli\Desktop\Claude Code\CPQ-Sys
tem\[39msrc\services\__tests__\documentParser.test.
ts:245:66
    at [90mfile:///C:/Users/Eli/Desktop/Claude%20Co
de/CPQ-System/[39mnode_modules/[4m@vitest[24m/run
ner/dist/index.js:135:14
    at [90mfile:///C:/Users/Eli/Desktop/Claude%20Co
de/CPQ-System/[39mnode_modules/[4m@vitest[24m/run
ner/dist/index.js:60:26
    at runTest [90m(file:///C:/Users/Eli/Desktop/Cl
aude%20Code/CPQ-System/[39mnode_modules/[4m@vitest
[24m/runner/dist/index.js:781:17[90m)[39m
    at runSuite [90m(file:///C:/Users/Eli/Desktop/C
laude%20Code/CPQ-System/[39mnode_modules/[4m@vites
t[24m/runner/dist/index.js:909:15[90m)[39m
    at runSuite [90m(file:///C:/Users/Eli/Desktop/C
laude%20Code/CPQ-System/[39mnode_modules/[4m@vites
t[24m/runner/dist/index.js:909:15[90m)[39m
    at runSuite [90m(file:///C:/Users/Eli/Desktop/C
laude%20Code/CPQ-System/[39mnode_modules/[4m@vites
t[24m/runner/dist/index.js:909:15[90m)[39m
    at runFiles [90m(file:///C:/Users/Eli/Desktop/C
laude%20Code/CPQ-System/[39mnode_modules/[4m@vites
t[24m/runner/dist/index.js:958:5[90m)[39m
    at startTests [90m(file:///C:/Users/Eli/Desktop
/Claude%20Code/CPQ-System/[39mnode_modules/[4m@vit
est[24m/runner/dist/index.js:967:3[90m)[39m
    at [90mfile:///C:/Users/Eli/Desktop/Claude%20Co
de/CPQ-System/[39mnode_modules/[4mvitest[24m/dist
/chunks/runtime-runBaseTests.oAvMKtQC.js:116:7

[90mstderr[2m | 
src/services/__tests__/documentParser.test.ts[2m > 
[22m[2mdocumentParser[2m > [22m[2mReturn Value 
Structure Consistency[2m > [22m[2mshould return 
consistent error structure for all file 
types[22m[39m
Document parsing error: Error: AI error
    at [90mC:\Users\Eli\Desktop\Claude Code\CPQ-Sys
tem\[39msrc\services\__tests__\documentParser.test.
ts:587:66
    at [90mfile:///C:/Users/Eli/Desktop/Claude%20Co
de/CPQ-System/[39mnode_modules/[4m@vitest[24m/run
ner/dist/index.js:135:14
    at [90mfile:///C:/Users/Eli/Desktop/Claude%20Co
de/CPQ-System/[39mnode_modules/[4m@vitest[24m/run
ner/dist/index.js:60:26
    at runTest [90m(file:///C:/Users/Eli/Desktop/Cl
aude%20Code/CPQ-System/[39mnode_modules/[4m@vitest
[24m/runner/dist/index.js:781:17[90m)[39m
    at runSuite [90m(file:///C:/Users/Eli/Desktop/C
laude%20Code/CPQ-System/[39mnode_modules/[4m@vites
t[24m/runner/dist/index.js:909:15[90m)[39m
    at runSuite [90m(file:///C:/Users/Eli/Desktop/C
laude%20Code/CPQ-System/[39mnode_modules/[4m@vites
t[24m/runner/dist/index.js:909:15[90m)[39m
    at runSuite [90m(file:///C:/Users/Eli/Desktop/C
laude%20Code/CPQ-System/[39mnode_modules/[4m@vites
t[24m/runner/dist/index.js:909:15[90m)[39m
    at runFiles [90m(file:///C:/Users/Eli/Desktop/C
laude%20Code/CPQ-System/[39mnode_modules/[4m@vites
t[24m/runner/dist/index.js:958:5[90m)[39m
    at startTests [90m(file:///C:/Users/Eli/Desktop
/Claude%20Code/CPQ-System/[39mnode_modules/[4m@vit
est[24m/runner/dist/index.js:967:3[90m)[39m
    at [90mfile:///C:/Users/Eli/Desktop/Claude%20Co
de/CPQ-System/[39mnode_modules/[4mvitest[24m/dist
/chunks/runtime-runBaseTests.oAvMKtQC.js:116:7
Document parsing error: Error: AI error
    at [90mC:\Users\Eli\Desktop\Claude Code\CPQ-Sys
tem\[39msrc\services\__tests__\documentParser.test.
ts:587:66
    at [90mfile:///C:/Users/Eli/Desktop/Claude%20Co
de/CPQ-System/[39mnode_modules/[4m@vitest[24m/run
ner/dist/index.js:135:14
    at [90mfile:///C:/Users/Eli/Desktop/Claude%20Co
de/CPQ-System/[39mnode_modules/[4m@vitest[24m/run
ner/dist/index.js:60:26
    at runTest [90m(file:///C:/Users/Eli/Desktop/Cl
aude%20Code/CPQ-System/[39mnode_modules/[4m@vitest
[24m/runner/dist/index.js:781:17[90m)[39m
    at runSuite [90m(file:///C:/Users/Eli/Desktop/C
laude%20Code/CPQ-System/[39mnode_modules/[4m@vites
t[24m/runner/dist/index.js:909:15[90m)[39m
    at runSuite [90m(file:///C:/Users/Eli/Desktop/C
laude%20Code/CPQ-System/[39mnode_modules/[4m@vites
t[24m/runner/dist/index.js:909:15[90m)[39m
    at runSuite [90m(file:///C:/Users/Eli/Desktop/C
laude%20Code/CPQ-System/[39mnode_modules/[4m@vites
t[24m/runner/dist/index.js:909:15[90m)[39m
    at runFiles [90m(file:///C:/Users/Eli/Desktop/C
laude%20Code/CPQ-System/[39mnode_modules/[4m@vites
t[24m/runner/dist/index.js:958:5[90m)[39m
    at startTests [90m(file:///C:/Users/Eli/Desktop
/Claude%20Code/CPQ-System/[39mnode_modules/[4m@vit
est[24m/runner/dist/index.js:967:3[90m)[39m
    at [90mfile:///C:/Users/Eli/Desktop/Claude%20Co
de/CPQ-System/[39mnode_modules/[4mvitest[24m/dist
/chunks/runtime-runBaseTests.oAvMKtQC.js:116:7
Document parsing error: Error: AI error
    at [90mC:\Users\Eli\Desktop\Claude Code\CPQ-Sys
tem\[39msrc\services\__tests__\documentParser.test.
ts:587:66
    at [90mfile:///C:/Users/Eli/Desktop/Claude%20Co
de/CPQ-System/[39mnode_modules/[4m@vitest[24m/run
ner/dist/index.js:135:14
    at [90mfile:///C:/Users/Eli/Desktop/Claude%20Co
de/CPQ-System/[39mnode_modules/[4m@vitest[24m/run
ner/dist/index.js:60:26
    at runTest [90m(file:///C:/Users/Eli/Desktop/Cl
aude%20Code/CPQ-System/[39mnode_modules/[4m@vitest
[24m/runner/dist/index.js:781:17[90m)[39m
    at runSuite [90m(file:///C:/Users/Eli/Desktop/C
laude%20Code/CPQ-System/[39mnode_modules/[4m@vites
t[24m/runner/dist/index.js:909:15[90m)[39m
    at runSuite [90m(file:///C:/Users/Eli/Desktop/C
laude%20Code/CPQ-System/[39mnode_modules/[4m@vites
t[24m/runner/dist/index.js:909:15[90m)[39m
    at runSuite [90m(file:///C:/Users/Eli/Desktop/C
laude%20Code/CPQ-System/[39mnode_modules/[4m@vites
t[24m/runner/dist/index.js:909:15[90m)[39m
    at runFiles [90m(file:///C:/Users/Eli/Desktop/C
laude%20Code/CPQ-System/[39mnode_modules/[4m@vites
t[24m/runner/dist/index.js:958:5[90m)[39m
    at startTests [90m(file:///C:/Users/Eli/Desktop
/Claude%20Code/CPQ-System/[39mnode_modules/[4m@vit
est[24m/runner/dist/index.js:967:3[90m)[39m
    at [90mfile:///C:/Users/Eli/Desktop/Claude%20Co
de/CPQ-System/[39mnode_modules/[4mvitest[24m/dist
/chunks/runtime-runBaseTests.oAvMKtQC.js:116:7

 [32mΓ£ô[39m src/services/__tests__/documentParser.test.ts [2m ([22m[2m45 tests[22m[2m)[22m[33m 716[2mms[22m[39m
 [32mΓ£ô[39m src/services/__tests__/excelParser.test.ts [2m ([22m[2m31 tests[22m[2m)[22m[90m 195[2mms[22m[39m
[90mstderr[2m | 
src/services/__tests__/excelParser.test.ts[2m > 
[22m[2mexcelParser[2m > [22m[2mparseExcelFile 
- Basic Functionality[2m > [22m[2mshould handle 
corrupted/invalid Excel file[22m[39m
Excel parsing error: Error: Invalid file format
    at Proxy.<anonymous> 
[90m(C:\Users\Eli\Desktop\Claude Code\CPQ-System\[
39msrc\services\__tests__\excelParser.test.ts:125:15
[90m)[39m
    at Proxy.mockCall [90m(file:///C:/Users/Eli/Des
ktop/Claude%20Code/CPQ-System/[39mnode_modules/[4m
@vitest[24m/spy/dist/index.js:50:17[90m)[39m
    at Proxy.spy [90m(file:///C:/Users/Eli/Desktop/
Claude%20Code/CPQ-System/[39mnode_modules/[4mtinys
py[24m/dist/index.js:42:80[90m)[39m
    at Module.parseExcelFile 
[90m(C:\Users\Eli\Desktop\Claude Code\CPQ-System\[
39msrc\services\excelParser.ts:567:27[90m)[39m
    at [90mC:\Users\Eli\Desktop\Claude Code\CPQ-Sys
tem\[39msrc\services\__tests__\excelParser.test.ts:
129:22
    at runTest [90m(file:///C:/Users/Eli/Desktop/Cl
aude%20Code/CPQ-System/[39mnode_modules/[4m@vitest
[24m/runner/dist/index.js:781:11[90m)[39m
    at runSuite [90m(file:///C:/Users/Eli/Desktop/C
laude%20Code/CPQ-System/[39mnode_modules/[4m@vites
t[24m/runner/dist/index.js:909:15[90m)[39m
    at runSuite [90m(file:///C:/Users/Eli/Desktop/C
laude%20Code/CPQ-System/[39mnode_modules/[4m@vites
t[24m/runner/dist/index.js:909:15[90m)[39m
    at runSuite [90m(file:///C:/Users/Eli/Desktop/C
laude%20Code/CPQ-System/[39mnode_modules/[4m@vites
t[24m/runner/dist/index.js:909:15[90m)[39m
    at runFiles [90m(file:///C:/Users/Eli/Desktop/C
laude%20Code/CPQ-System/[39mnode_modules/[4m@vites
t[24m/runner/dist/index.js:958:5[90m)[39m

[90mstderr[2m | 
src/hooks/__tests__/useAssemblies.test.ts[2m > 
[22m[2museAssemblies[2m > [22m[2mRefresh 
Functionality[2m > [22m[2mshould manually 
refresh assemblies[22m[39m
Warning: An update to TestComponent inside a test 
was not wrapped in act(...).

When testing, code that causes React state updates 
should be wrapped into act(...):

act(() => {
  /* fire events that update state */
});
/* assert on the output */

This ensures that you're testing the behavior the 
user would see in the browser. Learn more at 
https://reactjs.org/link/wrap-tests-with-act
    at TestComponent (C:\Users\Eli\Desktop\Claude Co
de\CPQ-System\node_modules\@testing-library\react\di
st\pure.js:307:5)
Warning: An update to TestComponent inside a test 
was not wrapped in act(...).

When testing, code that causes React state updates 
should be wrapped into act(...):

act(() => {
  /* fire events that update state */
});
/* assert on the output */

This ensures that you're testing the behavior the 
user would see in the browser. Learn more at 
https://reactjs.org/link/wrap-tests-with-act
    at TestComponent (C:\Users\Eli\Desktop\Claude Co
de\CPQ-System\node_modules\@testing-library\react\di
st\pure.js:307:5)
Warning: An update to TestComponent inside a test 
was not wrapped in act(...).

When testing, code that causes React state updates 
should be wrapped into act(...):

act(() => {
  /* fire events that update state */
});
/* assert on the output */

This ensures that you're testing the behavior the 
user would see in the browser. Learn more at 
https://reactjs.org/link/wrap-tests-with-act
    at TestComponent (C:\Users\Eli\Desktop\Claude Co
de\CPQ-System\node_modules\@testing-library\react\di
st\pure.js:307:5)
Warning: An update to TestComponent inside a test 
was not wrapped in act(...).

When testing, code that causes React state updates 
should be wrapped into act(...):

act(() => {
  /* fire events that update state */
});
/* assert on the output */

This ensures that you're testing the behavior the 
user would see in the browser. Learn more at 
https://reactjs.org/link/wrap-tests-with-act
    at TestComponent (C:\Users\Eli\Desktop\Claude Co
de\CPQ-System\node_modules\@testing-library\react\di
st\pure.js:307:5)

 [33mΓ¥»[39m src/hooks/__tests__/useAssemblies.test.ts [2m ([22m[2m18 tests[22m [2m|[22m [31m4 failed[39m[2m)[22m[33m 4563[2mms[22m[39m
[31m   [33mΓ¥»[31m src/hooks/__tests__/useAssemblies.test.ts[2m > [22museAssemblies[2m > [22mAdding Assemblies[2m > [22mshould add new assembly with components successfully[39m
[31m     ΓåÆ supabase.from(...).insert is not a function[39m
[31m   [33mΓ¥»[31m src/hooks/__tests__/useAssemblies.test.ts[2m > [22museAssemblies[2m > [22mAdding Assemblies[2m > [22mshould handle add assembly errors[39m
[31m     ΓåÆ expected 'Duplicate assembly name' to contain 'Failed to add assembly'

Ignored nodes: comments, script, style
[36m<html>[31m
  [36m<head />[31m
  [36m<body>[31m
    [36m<div />[31m
  [36m</body>[31m
[36m</html>[31m[39m
[31m   [33mΓ¥»[31m src/hooks/__tests__/useAssemblies.test.ts[2m > [22museAssemblies[2m > [22mUpdating Assemblies[2m > [22mshould handle update errors[39m
[31m     ΓåÆ expected 'Update failed: validation error' to contain 'Failed to update assembly'

Ignored nodes: comments, script, style
[36m<html>[31m
  [36m<head />[31m
  [36m<body>[31m
    [36m<div />[31m
  [36m</body>[31m
[36m</html>[31m[39m
[31m   [33mΓ¥»[31m src/hooks/__tests__/useAssemblies.test.ts[2m > [22museAssemblies[2m > [22mDeleting Assemblies[2m > [22mshould handle delete errors[39m
[31m     ΓåÆ expected 'Cannot delete: assembly in use' to contain 'Failed to delete assembly'

Ignored nodes: comments, script, style
[36m<html>[31m
  [36m<head />[31m
  [36m<body>[31m
    [36m<div />[31m
  [36m</body>[31m
[36m</html>[31m[39m
 [32mΓ£ô[39m src/utils/__tests__/quotationStatistics.test.ts [2m ([22m[2m17 tests[22m[2m)[22m[90m 66[2mms[22m[39m
[90mstderr[2m | src/components/library/__tests__/C
omponentLibrary.test.tsx[2m > 
[22m[2mComponentLibrary - Search 
Functionality[2m > [22m[2mshould filter 
components by name[22m[39m
Warning: An update to ComponentLibrary inside a 
test was not wrapped in act(...).

When testing, code that causes React state updates 
should be wrapped into act(...):

act(() => {
  /* fire events that update state */
});
/* assert on the output */

This ensures that you're testing the behavior the 
user would see in the browser. Learn more at 
https://reactjs.org/link/wrap-tests-with-act
    at ComponentLibrary 
(C:\Users\Eli\Desktop\Claude Code\CPQ-System\src\com
ponents\library\ComponentLibrary.tsx:35:59)

[90mstderr[2m | src/components/library/__tests__/C
omponentLibrary.test.tsx[2m > 
[22m[2mComponentLibrary - Search 
Functionality[2m > [22m[2mshould filter 
components by name[22m[39m
Warning: An update to ComponentLibrary inside a 
test was not wrapped in act(...).

When testing, code that causes React state updates 
should be wrapped into act(...):

act(() => {
  /* fire events that update state */
});
/* assert on the output */

This ensures that you're testing the behavior the 
user would see in the browser. Learn more at 
https://reactjs.org/link/wrap-tests-with-act
    at ComponentLibrary 
(C:\Users\Eli\Desktop\Claude Code\CPQ-System\src\com
ponents\library\ComponentLibrary.tsx:35:59)

 [32mΓ£ô[39m src/lib/__tests__/utils.test.ts [2m ([22m[2m2 tests[22m[2m)[22m[90m 31[2mms[22m[39m
[90mstderr[2m | src/components/library/__tests__/C
omponentLibrary.test.tsx[2m > 
[22m[2mComponentLibrary - Search 
Functionality[2m > [22m[2mshould filter 
components by name[22m[39m
Warning: An update to ComponentLibrary inside a 
test was not wrapped in act(...).

When testing, code that causes React state updates 
should be wrapped into act(...):

act(() => {
  /* fire events that update state */
});
/* assert on the output */

This ensures that you're testing the behavior the 
user would see in the browser. Learn more at 
https://reactjs.org/link/wrap-tests-with-act
    at ComponentLibrary 
(C:\Users\Eli\Desktop\Claude Code\CPQ-System\src\com
ponents\library\ComponentLibrary.tsx:35:59)

[90mstderr[2m | src/components/library/__tests__/C
omponentLibrary.test.tsx[2m > 
[22m[2mComponentLibrary - Search 
Functionality[2m > [22m[2mshould filter 
components by name[22m[39m
Warning: An update to ComponentLibrary inside a 
test was not wrapped in act(...).

When testing, code that causes React state updates 
should be wrapped into act(...):

act(() => {
  /* fire events that update state */
});
/* assert on the output */

This ensures that you're testing the behavior the 
user would see in the browser. Learn more at 
https://reactjs.org/link/wrap-tests-with-act
    at ComponentLibrary 
(C:\Users\Eli\Desktop\Claude Code\CPQ-System\src\com
ponents\library\ComponentLibrary.tsx:35:59)

[90mstderr[2m | src/components/library/__tests__/C
omponentLibrary.test.tsx[2m > 
[22m[2mComponentLibrary - Search 
Functionality[2m > [22m[2mshould filter 
components by name[22m[39m
Warning: An update to ComponentLibrary inside a 
test was not wrapped in act(...).

When testing, code that causes React state updates 
should be wrapped into act(...):

act(() => {
  /* fire events that update state */
});
/* assert on the output */

This ensures that you're testing the behavior the 
user would see in the browser. Learn more at 
https://reactjs.org/link/wrap-tests-with-act
    at ComponentLibrary 
(C:\Users\Eli\Desktop\Claude Code\CPQ-System\src\com
ponents\library\ComponentLibrary.tsx:35:59)

[90mstderr[2m | src/components/library/__tests__/C
omponentLibrary.test.tsx[2m > 
[22m[2mComponentLibrary - Search 
Functionality[2m > [22m[2mshould filter 
components by name[22m[39m
Warning: An update to ComponentLibrary inside a 
test was not wrapped in act(...).

When testing, code that causes React state updates 
should be wrapped into act(...):

act(() => {
  /* fire events that update state */
});
/* assert on the output */

This ensures that you're testing the behavior the 
user would see in the browser. Learn more at 
https://reactjs.org/link/wrap-tests-with-act
    at ComponentLibrary 
(C:\Users\Eli\Desktop\Claude Code\CPQ-System\src\com
ponents\library\ComponentLibrary.tsx:35:59)

[90mstderr[2m | src/components/library/__tests__/C
omponentLibrary.test.tsx[2m > 
[22m[2mComponentLibrary - Search 
Functionality[2m > [22m[2mshould filter 
components by name[22m[39m
Warning: An update to ComponentLibrary inside a 
test was not wrapped in act(...).

When testing, code that causes React state updates 
should be wrapped into act(...):

act(() => {
  /* fire events that update state */
});
/* assert on the output */

This ensures that you're testing the behavior the 
user would see in the browser. Learn more at 
https://reactjs.org/link/wrap-tests-with-act
    at ComponentLibrary 
(C:\Users\Eli\Desktop\Claude Code\CPQ-System\src\com
ponents\library\ComponentLibrary.tsx:35:59)

[90mstderr[2m | src/components/library/__tests__/C
omponentLibrary.test.tsx[2m > 
[22m[2mComponentLibrary - Search 
Functionality[2m > [22m[2mshould filter 
components by manufacturer[22m[39m
Warning: An update to ComponentLibrary inside a 
test was not wrapped in act(...).

When testing, code that causes React state updates 
should be wrapped into act(...):

act(() => {
  /* fire events that update state */
});
/* assert on the output */

This ensures that you're testing the behavior the 
user would see in the browser. Learn more at 
https://reactjs.org/link/wrap-tests-with-act
    at ComponentLibrary 
(C:\Users\Eli\Desktop\Claude Code\CPQ-System\src\com
ponents\library\ComponentLibrary.tsx:35:59)

[90mstderr[2m | src/components/library/__tests__/C
omponentLibrary.test.tsx[2m > 
[22m[2mComponentLibrary - Search 
Functionality[2m > [22m[2mshould filter 
components by manufacturer[22m[39m
Warning: An update to ComponentLibrary inside a 
test was not wrapped in act(...).

When testing, code that causes React state updates 
should be wrapped into act(...):

act(() => {
  /* fire events that update state */
});
/* assert on the output */

This ensures that you're testing the behavior the 
user would see in the browser. Learn more at 
https://reactjs.org/link/wrap-tests-with-act
    at ComponentLibrary 
(C:\Users\Eli\Desktop\Claude Code\CPQ-System\src\com
ponents\library\ComponentLibrary.tsx:35:59)

[90mstderr[2m | src/components/library/__tests__/C
omponentLibrary.test.tsx[2m > 
[22m[2mComponentLibrary - Search 
Functionality[2m > [22m[2mshould filter 
components by manufacturer[22m[39m
Warning: An update to ComponentLibrary inside a 
test was not wrapped in act(...).

When testing, code that causes React state updates 
should be wrapped into act(...):

act(() => {
  /* fire events that update state */
});
/* assert on the output */

This ensures that you're testing the behavior the 
user would see in the browser. Learn more at 
https://reactjs.org/link/wrap-tests-with-act
    at ComponentLibrary 
(C:\Users\Eli\Desktop\Claude Code\CPQ-System\src\com
ponents\library\ComponentLibrary.tsx:35:59)

[90mstderr[2m | src/components/library/__tests__/C
omponentLibrary.test.tsx[2m > 
[22m[2mComponentLibrary - Search 
Functionality[2m > [22m[2mshould filter 
components by part number[22m[39m
Warning: An update to ComponentLibrary inside a 
test was not wrapped in act(...).

When testing, code that causes React state updates 
should be wrapped into act(...):

act(() => {
  /* fire events that update state */
});
/* assert on the output */

This ensures that you're testing the behavior the 
user would see in the browser. Learn more at 
https://reactjs.org/link/wrap-tests-with-act
    at ComponentLibrary 
(C:\Users\Eli\Desktop\Claude Code\CPQ-System\src\com
ponents\library\ComponentLibrary.tsx:35:59)

[90mstderr[2m | src/components/library/__tests__/C
omponentLibrary.test.tsx[2m > 
[22m[2mComponentLibrary - Search 
Functionality[2m > [22m[2mshould filter 
components by part number[22m[39m
Warning: An update to ComponentLibrary inside a 
test was not wrapped in act(...).

When testing, code that causes React state updates 
should be wrapped into act(...):

act(() => {
  /* fire events that update state */
});
/* assert on the output */

This ensures that you're testing the behavior the 
user would see in the browser. Learn more at 
https://reactjs.org/link/wrap-tests-with-act
    at ComponentLibrary 
(C:\Users\Eli\Desktop\Claude Code\CPQ-System\src\com
ponents\library\ComponentLibrary.tsx:35:59)

[90mstderr[2m | src/components/library/__tests__/C
omponentLibrary.test.tsx[2m > 
[22m[2mComponentLibrary - Search 
Functionality[2m > [22m[2mshould filter 
components by part number[22m[39m
Warning: An update to ComponentLibrary inside a 
test was not wrapped in act(...).

When testing, code that causes React state updates 
should be wrapped into act(...):

act(() => {
  /* fire events that update state */
});
/* assert on the output */

This ensures that you're testing the behavior the 
user would see in the browser. Learn more at 
https://reactjs.org/link/wrap-tests-with-act
    at ComponentLibrary 
(C:\Users\Eli\Desktop\Claude Code\CPQ-System\src\com
ponents\library\ComponentLibrary.tsx:35:59)

[90mstderr[2m | src/components/library/__tests__/C
omponentLibrary.test.tsx[2m > 
[22m[2mComponentLibrary - Search 
Functionality[2m > [22m[2mshould filter 
components by part number[22m[39m
Warning: An update to ComponentLibrary inside a 
test was not wrapped in act(...).

When testing, code that causes React state updates 
should be wrapped into act(...):

act(() => {
  /* fire events that update state */
});
/* assert on the output */

This ensures that you're testing the behavior the 
user would see in the browser. Learn more at 
https://reactjs.org/link/wrap-tests-with-act
    at ComponentLibrary 
(C:\Users\Eli\Desktop\Claude Code\CPQ-System\src\com
ponents\library\ComponentLibrary.tsx:35:59)

[90mstderr[2m | src/components/library/__tests__/C
omponentLibrary.test.tsx[2m > 
[22m[2mComponentLibrary - Search 
Functionality[2m > [22m[2mshould filter 
components by part number[22m[39m
Warning: An update to ComponentLibrary inside a 
test was not wrapped in act(...).

When testing, code that causes React state updates 
should be wrapped into act(...):

act(() => {
  /* fire events that update state */
});
/* assert on the output */

This ensures that you're testing the behavior the 
user would see in the browser. Learn more at 
https://reactjs.org/link/wrap-tests-with-act
    at ComponentLibrary 
(C:\Users\Eli\Desktop\Claude Code\CPQ-System\src\com
ponents\library\ComponentLibrary.tsx:35:59)

[90mstderr[2m | src/components/library/__tests__/C
omponentLibrary.test.tsx[2m > 
[22m[2mComponentLibrary - Search 
Functionality[2m > [22m[2mshould filter 
components by part number[22m[39m
Warning: An update to ComponentLibrary inside a 
test was not wrapped in act(...).

When testing, code that causes React state updates 
should be wrapped into act(...):

act(() => {
  /* fire events that update state */
});
/* assert on the output */

This ensures that you're testing the behavior the 
user would see in the browser. Learn more at 
https://reactjs.org/link/wrap-tests-with-act
    at ComponentLibrary 
(C:\Users\Eli\Desktop\Claude Code\CPQ-System\src\com
ponents\library\ComponentLibrary.tsx:35:59)

[90mstderr[2m | src/components/library/__tests__/C
omponentLibrary.test.tsx[2m > 
[22m[2mComponentLibrary - Search 
Functionality[2m > [22m[2mshould filter 
components by part number[22m[39m
Warning: An update to ComponentLibrary inside a 
test was not wrapped in act(...).

When testing, code that causes React state updates 
should be wrapped into act(...):

act(() => {
  /* fire events that update state */
});
/* assert on the output */

This ensures that you're testing the behavior the 
user would see in the browser. Learn more at 
https://reactjs.org/link/wrap-tests-with-act
    at ComponentLibrary 
(C:\Users\Eli\Desktop\Claude Code\CPQ-System\src\com
ponents\library\ComponentLibrary.tsx:35:59)

 [32mΓ£ô[39m src/services/__tests__/pricingSettings.test.ts [2m ([22m[2m8 tests[22m[2m)[22m[90m 78[2mms[22m[39m
[90mstderr[2m | 
src/services/__tests__/pricingSettings.test.ts[2m 
> [22m[2mPricing Settings Persistence[2m > 
[22m[2mSettings Service[2m > [22m[2mshould 
load pricing settings from localStorage 
cache[22m[39m
Error loading setting "pricing": TypeError: Cannot 
destructure property 'data' of '(intermediate 
value)' as it is undefined.
    at Module.loadSetting 
[90m(C:\Users\Eli\Desktop\Claude Code\CPQ-System\[
39msrc\services\settingsService.ts:26:13[90m)[39m
    at [90mC:\Users\Eli\Desktop\Claude Code\CPQ-Sys
tem\[39msrc\services\__tests__\pricingSettings.test
.ts:72:22
    at runTest [90m(file:///C:/Users/Eli/Desktop/Cl
aude%20Code/CPQ-System/[39mnode_modules/[4m@vitest
[24m/runner/dist/index.js:781:11[90m)[39m
    at runSuite [90m(file:///C:/Users/Eli/Desktop/C
laude%20Code/CPQ-System/[39mnode_modules/[4m@vites
t[24m/runner/dist/index.js:909:15[90m)[39m
    at runSuite [90m(file:///C:/Users/Eli/Desktop/C
laude%20Code/CPQ-System/[39mnode_modules/[4m@vites
t[24m/runner/dist/index.js:909:15[90m)[39m
    at runSuite [90m(file:///C:/Users/Eli/Desktop/C
laude%20Code/CPQ-System/[39mnode_modules/[4m@vites
t[24m/runner/dist/index.js:909:15[90m)[39m
    at runFiles [90m(file:///C:/Users/Eli/Desktop/C
laude%20Code/CPQ-System/[39mnode_modules/[4m@vites
t[24m/runner/dist/index.js:958:5[90m)[39m
    at startTests [90m(file:///C:/Users/Eli/Desktop
/Claude%20Code/CPQ-System/[39mnode_modules/[4m@vit
est[24m/runner/dist/index.js:967:3[90m)[39m
    at [90mfile:///C:/Users/Eli/Desktop/Claude%20Co
de/CPQ-System/[39mnode_modules/[4mvitest[24m/dist
/chunks/runtime-runBaseTests.oAvMKtQC.js:116:7
    at withEnv [90m(file:///C:/Users/Eli/Desktop/Cl
aude%20Code/CPQ-System/[39mnode_modules/[4mvitest
[24m/dist/chunks/runtime-runBaseTests.oAvMKtQC.js:83
:5[90m)[39m

[90mstderr[2m | 
src/services/__tests__/pricingSettings.test.ts[2m 
> [22m[2mPricing Settings Persistence[2m > 
[22m[2mQuotation Parameters[2m > [22m[2mshould 
fall back to defaults when cache is 
corrupted[22m[39m
Error loading pricing settings from cache: 
SyntaxError: Unexpected token 'i', "invalid 
json{{{" is not valid JSON
    at JSON.parse (<anonymous>)
    at Module.getDefaultQuotationParameters 
[90m(C:\Users\Eli\Desktop\Claude Code\CPQ-System\[
39msrc\utils\quotationCalculations.ts:307:27[90m)[
39m
    at [90mC:\Users\Eli\Desktop\Claude Code\CPQ-Sys
tem\[39msrc\services\__tests__\pricingSettings.test
.ts:146:22
    at [90mfile:///C:/Users/Eli/Desktop/Claude%20Co
de/CPQ-System/[39mnode_modules/[4m@vitest[24m/run
ner/dist/index.js:135:14
    at [90mfile:///C:/Users/Eli/Desktop/Claude%20Co
de/CPQ-System/[39mnode_modules/[4m@vitest[24m/run
ner/dist/index.js:60:26
    at runTest [90m(file:///C:/Users/Eli/Desktop/Cl
aude%20Code/CPQ-System/[39mnode_modules/[4m@vitest
[24m/runner/dist/index.js:781:17[90m)[39m
    at runSuite [90m(file:///C:/Users/Eli/Desktop/C
laude%20Code/CPQ-System/[39mnode_modules/[4m@vites
t[24m/runner/dist/index.js:909:15[90m)[39m
    at runSuite [90m(file:///C:/Users/Eli/Desktop/C
laude%20Code/CPQ-System/[39mnode_modules/[4m@vites
t[24m/runner/dist/index.js:909:15[90m)[39m
    at runSuite [90m(file:///C:/Users/Eli/Desktop/C
laude%20Code/CPQ-System/[39mnode_modules/[4m@vites
t[24m/runner/dist/index.js:909:15[90m)[39m
    at runFiles [90m(file:///C:/Users/Eli/Desktop/C
laude%20Code/CPQ-System/[39mnode_modules/[4m@vites
t[24m/runner/dist/index.js:958:5[90m)[39m

[90mstderr[2m | src/components/library/__tests__/C
omponentLibrary.test.tsx[2m > 
[22m[2mComponentLibrary - Search 
Functionality[2m > [22m[2mshould filter 
components by category[22m[39m
Warning: An update to ComponentLibrary inside a 
test was not wrapped in act(...).

When testing, code that causes React state updates 
should be wrapped into act(...):

act(() => {
  /* fire events that update state */
});
/* assert on the output */

This ensures that you're testing the behavior the 
user would see in the browser. Learn more at 
https://reactjs.org/link/wrap-tests-with-act
    at ComponentLibrary 
(C:\Users\Eli\Desktop\Claude Code\CPQ-System\src\com
ponents\library\ComponentLibrary.tsx:35:59)

[90mstderr[2m | src/components/library/__tests__/C
omponentLibrary.test.tsx[2m > 
[22m[2mComponentLibrary - Search 
Functionality[2m > [22m[2mshould filter 
components by category[22m[39m
Warning: An update to ComponentLibrary inside a 
test was not wrapped in act(...).

When testing, code that causes React state updates 
should be wrapped into act(...):

act(() => {
  /* fire events that update state */
});
/* assert on the output */

This ensures that you're testing the behavior the 
user would see in the browser. Learn more at 
https://reactjs.org/link/wrap-tests-with-act
    at ComponentLibrary 
(C:\Users\Eli\Desktop\Claude Code\CPQ-System\src\com
ponents\library\ComponentLibrary.tsx:35:59)

[90mstderr[2m | src/components/library/__tests__/C
omponentLibrary.test.tsx[2m > 
[22m[2mComponentLibrary - Search 
Functionality[2m > [22m[2mshould filter 
components by category[22m[39m
Warning: An update to ComponentLibrary inside a 
test was not wrapped in act(...).

When testing, code that causes React state updates 
should be wrapped into act(...):

act(() => {
  /* fire events that update state */
});
/* assert on the output */

This ensures that you're testing the behavior the 
user would see in the browser. Learn more at 
https://reactjs.org/link/wrap-tests-with-act
    at ComponentLibrary 
(C:\Users\Eli\Desktop\Claude Code\CPQ-System\src\com
ponents\library\ComponentLibrary.tsx:35:59)

[90mstderr[2m | src/components/library/__tests__/C
omponentLibrary.test.tsx[2m > 
[22m[2mComponentLibrary - Search 
Functionality[2m > [22m[2mshould filter 
components by category[22m[39m
Warning: An update to ComponentLibrary inside a 
test was not wrapped in act(...).

When testing, code that causes React state updates 
should be wrapped into act(...):

act(() => {
  /* fire events that update state */
});
/* assert on the output */

This ensures that you're testing the behavior the 
user would see in the browser. Learn more at 
https://reactjs.org/link/wrap-tests-with-act
    at ComponentLibrary 
(C:\Users\Eli\Desktop\Claude Code\CPQ-System\src\com
ponents\library\ComponentLibrary.tsx:35:59)

[90mstderr[2m | src/components/library/__tests__/C
omponentLibrary.test.tsx[2m > 
[22m[2mComponentLibrary - Search 
Functionality[2m > [22m[2mshould filter 
components by category[22m[39m
Warning: An update to ComponentLibrary inside a 
test was not wrapped in act(...).

When testing, code that causes React state updates 
should be wrapped into act(...):

act(() => {
  /* fire events that update state */
});
/* assert on the output */

This ensures that you're testing the behavior the 
user would see in the browser. Learn more at 
https://reactjs.org/link/wrap-tests-with-act
    at ComponentLibrary 
(C:\Users\Eli\Desktop\Claude Code\CPQ-System\src\com
ponents\library\ComponentLibrary.tsx:35:59)

[90mstderr[2m | src/components/library/__tests__/C
omponentLibrary.test.tsx[2m > 
[22m[2mComponentLibrary - Search 
Functionality[2m > [22m[2mshould filter 
components by category[22m[39m
Warning: An update to ComponentLibrary inside a 
test was not wrapped in act(...).

When testing, code that causes React state updates 
should be wrapped into act(...):

act(() => {
  /* fire events that update state */
});
/* assert on the output */

This ensures that you're testing the behavior the 
user would see in the browser. Learn more at 
https://reactjs.org/link/wrap-tests-with-act
    at ComponentLibrary 
(C:\Users\Eli\Desktop\Claude Code\CPQ-System\src\com
ponents\library\ComponentLibrary.tsx:35:59)

[90mstderr[2m | src/components/library/__tests__/C
omponentLibrary.test.tsx[2m > 
[22m[2mComponentLibrary - Search 
Functionality[2m > [22m[2mshould filter 
components by category[22m[39m
Warning: An update to ComponentLibrary inside a 
test was not wrapped in act(...).

When testing, code that causes React state updates 
should be wrapped into act(...):

act(() => {
  /* fire events that update state */
});
/* assert on the output */

This ensures that you're testing the behavior the 
user would see in the browser. Learn more at 
https://reactjs.org/link/wrap-tests-with-act
    at ComponentLibrary 
(C:\Users\Eli\Desktop\Claude Code\CPQ-System\src\com
ponents\library\ComponentLibrary.tsx:35:59)

[90mstderr[2m | src/components/library/__tests__/C
omponentLibrary.test.tsx[2m > 
[22m[2mComponentLibrary - Search 
Functionality[2m > [22m[2mshould be 
case-insensitive[22m[39m
Warning: An update to ComponentLibrary inside a 
test was not wrapped in act(...).

When testing, code that causes React state updates 
should be wrapped into act(...):

act(() => {
  /* fire events that update state */
});
/* assert on the output */

This ensures that you're testing the behavior the 
user would see in the browser. Learn more at 
https://reactjs.org/link/wrap-tests-with-act
    at ComponentLibrary 
(C:\Users\Eli\Desktop\Claude Code\CPQ-System\src\com
ponents\library\ComponentLibrary.tsx:35:59)

[90mstderr[2m | src/components/library/__tests__/C
omponentLibrary.test.tsx[2m > 
[22m[2mComponentLibrary - Search 
Functionality[2m > [22m[2mshould be 
case-insensitive[22m[39m
Warning: An update to ComponentLibrary inside a 
test was not wrapped in act(...).

When testing, code that causes React state updates 
should be wrapped into act(...):

act(() => {
  /* fire events that update state */
});
/* assert on the output */

This ensures that you're testing the behavior the 
user would see in the browser. Learn more at 
https://reactjs.org/link/wrap-tests-with-act
    at ComponentLibrary 
(C:\Users\Eli\Desktop\Claude Code\CPQ-System\src\com
ponents\library\ComponentLibrary.tsx:35:59)

[90mstderr[2m | src/components/library/__tests__/C
omponentLibrary.test.tsx[2m > 
[22m[2mComponentLibrary - Search 
Functionality[2m > [22m[2mshould be 
case-insensitive[22m[39m
Warning: An update to ComponentLibrary inside a 
test was not wrapped in act(...).

When testing, code that causes React state updates 
should be wrapped into act(...):

act(() => {
  /* fire events that update state */
});
/* assert on the output */

This ensures that you're testing the behavior the 
user would see in the browser. Learn more at 
https://reactjs.org/link/wrap-tests-with-act
    at ComponentLibrary 
(C:\Users\Eli\Desktop\Claude Code\CPQ-System\src\com
ponents\library\ComponentLibrary.tsx:35:59)

[90mstderr[2m | src/components/library/__tests__/C
omponentLibrary.test.tsx[2m > 
[22m[2mComponentLibrary - Search 
Functionality[2m > [22m[2mshould be 
case-insensitive[22m[39m
Warning: An update to ComponentLibrary inside a 
test was not wrapped in act(...).

When testing, code that causes React state updates 
should be wrapped into act(...):

act(() => {
  /* fire events that update state */
});
/* assert on the output */

This ensures that you're testing the behavior the 
user would see in the browser. Learn more at 
https://reactjs.org/link/wrap-tests-with-act
    at ComponentLibrary 
(C:\Users\Eli\Desktop\Claude Code\CPQ-System\src\com
ponents\library\ComponentLibrary.tsx:35:59)

[90mstderr[2m | src/components/library/__tests__/C
omponentLibrary.test.tsx[2m > 
[22m[2mComponentLibrary - Search 
Functionality[2m > [22m[2mshould be 
case-insensitive[22m[39m
Warning: An update to ComponentLibrary inside a 
test was not wrapped in act(...).

When testing, code that causes React state updates 
should be wrapped into act(...):

act(() => {
  /* fire events that update state */
});
/* assert on the output */

This ensures that you're testing the behavior the 
user would see in the browser. Learn more at 
https://reactjs.org/link/wrap-tests-with-act
    at ComponentLibrary 
(C:\Users\Eli\Desktop\Claude Code\CPQ-System\src\com
ponents\library\ComponentLibrary.tsx:35:59)

[90mstderr[2m | src/components/library/__tests__/C
omponentLibrary.test.tsx[2m > 
[22m[2mComponentLibrary - Search 
Functionality[2m > [22m[2mshould be 
case-insensitive[22m[39m
Warning: An update to ComponentLibrary inside a 
test was not wrapped in act(...).

When testing, code that causes React state updates 
should be wrapped into act(...):

act(() => {
  /* fire events that update state */
});
/* assert on the output */

This ensures that you're testing the behavior the 
user would see in the browser. Learn more at 
https://reactjs.org/link/wrap-tests-with-act
    at ComponentLibrary 
(C:\Users\Eli\Desktop\Claude Code\CPQ-System\src\com
ponents\library\ComponentLibrary.tsx:35:59)

[90mstderr[2m | src/components/library/__tests__/C
omponentLibrary.test.tsx[2m > 
[22m[2mComponentLibrary - Search 
Functionality[2m > [22m[2mshould be 
case-insensitive[22m[39m
Warning: An update to ComponentLibrary inside a 
test was not wrapped in act(...).

When testing, code that causes React state updates 
should be wrapped into act(...):

act(() => {
  /* fire events that update state */
});
/* assert on the output */

This ensures that you're testing the behavior the 
user would see in the browser. Learn more at 
https://reactjs.org/link/wrap-tests-with-act
    at ComponentLibrary 
(C:\Users\Eli\Desktop\Claude Code\CPQ-System\src\com
ponents\library\ComponentLibrary.tsx:35:59)

[90mstderr[2m | src/components/library/__tests__/C
omponentLibrary.test.tsx[2m > 
[22m[2mComponentLibrary - Search 
Functionality[2m > [22m[2mshould clear search 
and show all components[22m[39m
Warning: An update to ComponentLibrary inside a 
test was not wrapped in act(...).

When testing, code that causes React state updates 
should be wrapped into act(...):

act(() => {
  /* fire events that update state */
});
/* assert on the output */

This ensures that you're testing the behavior the 
user would see in the browser. Learn more at 
https://reactjs.org/link/wrap-tests-with-act
    at ComponentLibrary 
(C:\Users\Eli\Desktop\Claude Code\CPQ-System\src\com
ponents\library\ComponentLibrary.tsx:35:59)

[90mstderr[2m | src/components/library/__tests__/C
omponentLibrary.test.tsx[2m > 
[22m[2mComponentLibrary - Search 
Functionality[2m > [22m[2mshould clear search 
and show all components[22m[39m
Warning: An update to ComponentLibrary inside a 
test was not wrapped in act(...).

When testing, code that causes React state updates 
should be wrapped into act(...):

act(() => {
  /* fire events that update state */
});
/* assert on the output */

This ensures that you're testing the behavior the 
user would see in the browser. Learn more at 
https://reactjs.org/link/wrap-tests-with-act
    at ComponentLibrary 
(C:\Users\Eli\Desktop\Claude Code\CPQ-System\src\com
ponents\library\ComponentLibrary.tsx:35:59)

[90mstderr[2m | src/components/library/__tests__/C
omponentLibrary.test.tsx[2m > 
[22m[2mComponentLibrary - Search 
Functionality[2m > [22m[2mshould clear search 
and show all components[22m[39m
Warning: An update to ComponentLibrary inside a 
test was not wrapped in act(...).

When testing, code that causes React state updates 
should be wrapped into act(...):

act(() => {
  /* fire events that update state */
});
/* assert on the output */

This ensures that you're testing the behavior the 
user would see in the browser. Learn more at 
https://reactjs.org/link/wrap-tests-with-act
    at ComponentLibrary 
(C:\Users\Eli\Desktop\Claude Code\CPQ-System\src\com
ponents\library\ComponentLibrary.tsx:35:59)

[90mstderr[2m | src/components/library/__tests__/C
omponentLibrary.test.tsx[2m > 
[22m[2mComponentLibrary - Search 
Functionality[2m > [22m[2mshould clear search 
and show all components[22m[39m
Warning: An update to ComponentLibrary inside a 
test was not wrapped in act(...).

When testing, code that causes React state updates 
should be wrapped into act(...):

act(() => {
  /* fire events that update state */
});
/* assert on the output */

This ensures that you're testing the behavior the 
user would see in the browser. Learn more at 
https://reactjs.org/link/wrap-tests-with-act
    at ComponentLibrary 
(C:\Users\Eli\Desktop\Claude Code\CPQ-System\src\com
ponents\library\ComponentLibrary.tsx:35:59)

[90mstderr[2m | src/components/library/__tests__/C
omponentLibrary.test.tsx[2m > 
[22m[2mComponentLibrary - Search 
Functionality[2m > [22m[2mshould clear search 
and show all components[22m[39m
Warning: An update to ComponentLibrary inside a 
test was not wrapped in act(...).

When testing, code that causes React state updates 
should be wrapped into act(...):

act(() => {
  /* fire events that update state */
});
/* assert on the output */

This ensures that you're testing the behavior the 
user would see in the browser. Learn more at 
https://reactjs.org/link/wrap-tests-with-act
    at ComponentLibrary 
(C:\Users\Eli\Desktop\Claude Code\CPQ-System\src\com
ponents\library\ComponentLibrary.tsx:35:59)

[90mstderr[2m | src/components/library/__tests__/C
omponentLibrary.test.tsx[2m > 
[22m[2mComponentLibrary - Search 
Functionality[2m > [22m[2mshould clear search 
and show all components[22m[39m
Warning: An update to ComponentLibrary inside a 
test was not wrapped in act(...).

When testing, code that causes React state updates 
should be wrapped into act(...):

act(() => {
  /* fire events that update state */
});
/* assert on the output */

This ensures that you're testing the behavior the 
user would see in the browser. Learn more at 
https://reactjs.org/link/wrap-tests-with-act
    at ComponentLibrary 
(C:\Users\Eli\Desktop\Claude Code\CPQ-System\src\com
ponents\library\ComponentLibrary.tsx:35:59)

[90mstderr[2m | src/components/library/__tests__/C
omponentLibrary.test.tsx[2m > 
[22m[2mComponentLibrary - Search 
Functionality[2m > [22m[2mshould clear search 
and show all components[22m[39m
Warning: An update to ComponentLibrary inside a 
test was not wrapped in act(...).

When testing, code that causes React state updates 
should be wrapped into act(...):

act(() => {
  /* fire events that update state */
});
/* assert on the output */

This ensures that you're testing the behavior the 
user would see in the browser. Learn more at 
https://reactjs.org/link/wrap-tests-with-act
    at ComponentLibrary 
(C:\Users\Eli\Desktop\Claude Code\CPQ-System\src\com
ponents\library\ComponentLibrary.tsx:35:59)

[90mstderr[2m | src/components/library/__tests__/C
omponentLibrary.test.tsx[2m > 
[22m[2mComponentLibrary - Search 
Functionality[2m > [22m[2mshould clear search 
and show all components[22m[39m
Warning: An update to ComponentLibrary inside a 
test was not wrapped in act(...).

When testing, code that causes React state updates 
should be wrapped into act(...):

act(() => {
  /* fire events that update state */
});
/* assert on the output */

This ensures that you're testing the behavior the 
user would see in the browser. Learn more at 
https://reactjs.org/link/wrap-tests-with-act
    at ComponentLibrary 
(C:\Users\Eli\Desktop\Claude Code\CPQ-System\src\com
ponents\library\ComponentLibrary.tsx:35:59)

[90mstderr[2m | src/components/library/__tests__/C
omponentLibrary.test.tsx[2m > 
[22m[2mComponentLibrary - Search 
Functionality[2m > [22m[2mshould show empty 
state when no search results[22m[39m
Warning: An update to ComponentLibrary inside a 
test was not wrapped in act(...).

When testing, code that causes React state updates 
should be wrapped into act(...):

act(() => {
  /* fire events that update state */
});
/* assert on the output */

This ensures that you're testing the behavior the 
user would see in the browser. Learn more at 
https://reactjs.org/link/wrap-tests-with-act
    at ComponentLibrary 
(C:\Users\Eli\Desktop\Claude Code\CPQ-System\src\com
ponents\library\ComponentLibrary.tsx:35:59)

[90mstderr[2m | src/components/library/__tests__/C
omponentLibrary.test.tsx[2m > 
[22m[2mComponentLibrary - Search 
Functionality[2m > [22m[2mshould show empty 
state when no search results[22m[39m
Warning: An update to ComponentLibrary inside a 
test was not wrapped in act(...).

When testing, code that causes React state updates 
should be wrapped into act(...):

act(() => {
  /* fire events that update state */
});
/* assert on the output */

This ensures that you're testing the behavior the 
user would see in the browser. Learn more at 
https://reactjs.org/link/wrap-tests-with-act
    at ComponentLibrary 
(C:\Users\Eli\Desktop\Claude Code\CPQ-System\src\com
ponents\library\ComponentLibrary.tsx:35:59)

[90mstderr[2m | src/components/library/__tests__/C
omponentLibrary.test.tsx[2m > 
[22m[2mComponentLibrary - Search 
Functionality[2m > [22m[2mshould show empty 
state when no search results[22m[39m
Warning: An update to ComponentLibrary inside a 
test was not wrapped in act(...).

When testing, code that causes React state updates 
should be wrapped into act(...):

act(() => {
  /* fire events that update state */
});
/* assert on the output */

This ensures that you're testing the behavior the 
user would see in the browser. Learn more at 
https://reactjs.org/link/wrap-tests-with-act
    at ComponentLibrary 
(C:\Users\Eli\Desktop\Claude Code\CPQ-System\src\com
ponents\library\ComponentLibrary.tsx:35:59)

[90mstderr[2m | src/components/library/__tests__/C
omponentLibrary.test.tsx[2m > 
[22m[2mComponentLibrary - Search 
Functionality[2m > [22m[2mshould show empty 
state when no search results[22m[39m
Warning: An update to ComponentLibrary inside a 
test was not wrapped in act(...).

When testing, code that causes React state updates 
should be wrapped into act(...):

act(() => {
  /* fire events that update state */
});
/* assert on the output */

This ensures that you're testing the behavior the 
user would see in the browser. Learn more at 
https://reactjs.org/link/wrap-tests-with-act
    at ComponentLibrary 
(C:\Users\Eli\Desktop\Claude Code\CPQ-System\src\com
ponents\library\ComponentLibrary.tsx:35:59)

[90mstderr[2m | src/components/library/__tests__/C
omponentLibrary.test.tsx[2m > 
[22m[2mComponentLibrary - Search 
Functionality[2m > [22m[2mshould show empty 
state when no search results[22m[39m
Warning: An update to ComponentLibrary inside a 
test was not wrapped in act(...).

When testing, code that causes React state updates 
should be wrapped into act(...):

act(() => {
  /* fire events that update state */
});
/* assert on the output */

This ensures that you're testing the behavior the 
user would see in the browser. Learn more at 
https://reactjs.org/link/wrap-tests-with-act
    at ComponentLibrary 
(C:\Users\Eli\Desktop\Claude Code\CPQ-System\src\com
ponents\library\ComponentLibrary.tsx:35:59)

[90mstderr[2m | src/components/library/__tests__/C
omponentLibrary.test.tsx[2m > 
[22m[2mComponentLibrary - Search 
Functionality[2m > [22m[2mshould show empty 
state when no search results[22m[39m
Warning: An update to ComponentLibrary inside a 
test was not wrapped in act(...).

When testing, code that causes React state updates 
should be wrapped into act(...):

act(() => {
  /* fire events that update state */
});
/* assert on the output */

This ensures that you're testing the behavior the 
user would see in the browser. Learn more at 
https://reactjs.org/link/wrap-tests-with-act
    at ComponentLibrary 
(C:\Users\Eli\Desktop\Claude Code\CPQ-System\src\com
ponents\library\ComponentLibrary.tsx:35:59)

[90mstderr[2m | src/components/library/__tests__/C
omponentLibrary.test.tsx[2m > 
[22m[2mComponentLibrary - Search 
Functionality[2m > [22m[2mshould show empty 
state when no search results[22m[39m
Warning: An update to ComponentLibrary inside a 
test was not wrapped in act(...).

When testing, code that causes React state updates 
should be wrapped into act(...):

act(() => {
  /* fire events that update state */
});
/* assert on the output */

This ensures that you're testing the behavior the 
user would see in the browser. Learn more at 
https://reactjs.org/link/wrap-tests-with-act
    at ComponentLibrary 
(C:\Users\Eli\Desktop\Claude Code\CPQ-System\src\com
ponents\library\ComponentLibrary.tsx:35:59)

[90mstderr[2m | src/components/library/__tests__/C
omponentLibrary.test.tsx[2m > 
[22m[2mComponentLibrary - Search 
Functionality[2m > [22m[2mshould show empty 
state when no search results[22m[39m
Warning: An update to ComponentLibrary inside a 
test was not wrapped in act(...).

When testing, code that causes React state updates 
should be wrapped into act(...):

act(() => {
  /* fire events that update state */
});
/* assert on the output */

This ensures that you're testing the behavior the 
user would see in the browser. Learn more at 
https://reactjs.org/link/wrap-tests-with-act
    at ComponentLibrary 
(C:\Users\Eli\Desktop\Claude Code\CPQ-System\src\com
ponents\library\ComponentLibrary.tsx:35:59)

[90mstderr[2m | src/components/library/__tests__/C
omponentLibrary.test.tsx[2m > 
[22m[2mComponentLibrary - Search 
Functionality[2m > [22m[2mshould show empty 
state when no search results[22m[39m
Warning: An update to ComponentLibrary inside a 
test was not wrapped in act(...).

When testing, code that causes React state updates 
should be wrapped into act(...):

act(() => {
  /* fire events that update state */
});
/* assert on the output */

This ensures that you're testing the behavior the 
user would see in the browser. Learn more at 
https://reactjs.org/link/wrap-tests-with-act
    at ComponentLibrary 
(C:\Users\Eli\Desktop\Claude Code\CPQ-System\src\com
ponents\library\ComponentLibrary.tsx:35:59)

[90mstderr[2m | src/components/library/__tests__/C
omponentLibrary.test.tsx[2m > 
[22m[2mComponentLibrary - Search 
Functionality[2m > [22m[2mshould show empty 
state when no search results[22m[39m
Warning: An update to ComponentLibrary inside a 
test was not wrapped in act(...).

When testing, code that causes React state updates 
should be wrapped into act(...):

act(() => {
  /* fire events that update state */
});
/* assert on the output */

This ensures that you're testing the behavior the 
user would see in the browser. Learn more at 
https://reactjs.org/link/wrap-tests-with-act
    at ComponentLibrary 
(C:\Users\Eli\Desktop\Claude Code\CPQ-System\src\com
ponents\library\ComponentLibrary.tsx:35:59)

[90mstderr[2m | src/components/library/__tests__/C
omponentLibrary.test.tsx[2m > 
[22m[2mComponentLibrary - Search 
Functionality[2m > [22m[2mshould show empty 
state when no search results[22m[39m
Warning: An update to ComponentLibrary inside a 
test was not wrapped in act(...).

When testing, code that causes React state updates 
should be wrapped into act(...):

act(() => {
  /* fire events that update state */
});
/* assert on the output */

This ensures that you're testing the behavior the 
user would see in the browser. Learn more at 
https://reactjs.org/link/wrap-tests-with-act
    at ComponentLibrary 
(C:\Users\Eli\Desktop\Claude Code\CPQ-System\src\com
ponents\library\ComponentLibrary.tsx:35:59)

[90mstderr[2m | src/components/library/__tests__/C
omponentLibrary.test.tsx[2m > 
[22m[2mComponentLibrary - Search 
Functionality[2m > [22m[2mshould show empty 
state when no search results[22m[39m
Warning: An update to ComponentLibrary inside a 
test was not wrapped in act(...).

When testing, code that causes React state updates 
should be wrapped into act(...):

act(() => {
  /* fire events that update state */
});
/* assert on the output */

This ensures that you're testing the behavior the 
user would see in the browser. Learn more at 
https://reactjs.org/link/wrap-tests-with-act
    at ComponentLibrary 
(C:\Users\Eli\Desktop\Claude Code\CPQ-System\src\com
ponents\library\ComponentLibrary.tsx:35:59)

[90mstderr[2m | src/components/library/__tests__/C
omponentLibrary.test.tsx[2m > 
[22m[2mComponentLibrary - Search 
Functionality[2m > [22m[2mshould show empty 
state when no search results[22m[39m
Warning: An update to ComponentLibrary inside a 
test was not wrapped in act(...).

When testing, code that causes React state updates 
should be wrapped into act(...):

act(() => {
  /* fire events that update state */
});
/* assert on the output */

This ensures that you're testing the behavior the 
user would see in the browser. Learn more at 
https://reactjs.org/link/wrap-tests-with-act
    at ComponentLibrary 
(C:\Users\Eli\Desktop\Claude Code\CPQ-System\src\com
ponents\library\ComponentLibrary.tsx:35:59)

[90mstderr[2m | src/components/library/__tests__/C
omponentLibrary.test.tsx[2m > 
[22m[2mComponentLibrary - Search 
Functionality[2m > [22m[2mshould show empty 
state when no search results[22m[39m
Warning: An update to ComponentLibrary inside a 
test was not wrapped in act(...).

When testing, code that causes React state updates 
should be wrapped into act(...):

act(() => {
  /* fire events that update state */
});
/* assert on the output */

This ensures that you're testing the behavior the 
user would see in the browser. Learn more at 
https://reactjs.org/link/wrap-tests-with-act
    at ComponentLibrary 
(C:\Users\Eli\Desktop\Claude Code\CPQ-System\src\com
ponents\library\ComponentLibrary.tsx:35:59)

[90mstderr[2m | src/components/library/__tests__/C
omponentLibrary.test.tsx[2m > 
[22m[2mComponentLibrary - Search 
Functionality[2m > [22m[2mshould show empty 
state when no search results[22m[39m
Warning: An update to ComponentLibrary inside a 
test was not wrapped in act(...).

When testing, code that causes React state updates 
should be wrapped into act(...):

act(() => {
  /* fire events that update state */
});
/* assert on the output */

This ensures that you're testing the behavior the 
user would see in the browser. Learn more at 
https://reactjs.org/link/wrap-tests-with-act
    at ComponentLibrary 
(C:\Users\Eli\Desktop\Claude Code\CPQ-System\src\com
ponents\library\ComponentLibrary.tsx:35:59)

[90mstderr[2m | src/components/library/__tests__/C
omponentLibrary.test.tsx[2m > 
[22m[2mComponentLibrary - Search 
Functionality[2m > [22m[2mshould show empty 
state when no search results[22m[39m
Warning: An update to ComponentLibrary inside a 
test was not wrapped in act(...).

When testing, code that causes React state updates 
should be wrapped into act(...):

act(() => {
  /* fire events that update state */
});
/* assert on the output */

This ensures that you're testing the behavior the 
user would see in the browser. Learn more at 
https://reactjs.org/link/wrap-tests-with-act
    at ComponentLibrary 
(C:\Users\Eli\Desktop\Claude Code\CPQ-System\src\com
ponents\library\ComponentLibrary.tsx:35:59)

[90mstderr[2m | src/components/library/__tests__/C
omponentLibrary.test.tsx[2m > 
[22m[2mComponentLibrary - Search 
Functionality[2m > [22m[2mshould show empty 
state when no search results[22m[39m
Warning: An update to ComponentLibrary inside a 
test was not wrapped in act(...).

When testing, code that causes React state updates 
should be wrapped into act(...):

act(() => {
  /* fire events that update state */
});
/* assert on the output */

This ensures that you're testing the behavior the 
user would see in the browser. Learn more at 
https://reactjs.org/link/wrap-tests-with-act
    at ComponentLibrary 
(C:\Users\Eli\Desktop\Claude Code\CPQ-System\src\com
ponents\library\ComponentLibrary.tsx:35:59)

[90mstderr[2m | src/components/library/__tests__/C
omponentLibrary.test.tsx[2m > 
[22m[2mComponentLibrary - Search 
Functionality[2m > [22m[2mshould show empty 
state when no search results[22m[39m
Warning: An update to ComponentLibrary inside a 
test was not wrapped in act(...).

When testing, code that causes React state updates 
should be wrapped into act(...):

act(() => {
  /* fire events that update state */
});
/* assert on the output */

This ensures that you're testing the behavior the 
user would see in the browser. Learn more at 
https://reactjs.org/link/wrap-tests-with-act
    at ComponentLibrary 
(C:\Users\Eli\Desktop\Claude Code\CPQ-System\src\com
ponents\library\ComponentLibrary.tsx:35:59)

[90mstderr[2m | src/components/library/__tests__/C
omponentLibrary.test.tsx[2m > 
[22m[2mComponentLibrary - Search 
Functionality[2m > [22m[2mshould show empty 
state when no search results[22m[39m
Warning: An update to ComponentLibrary inside a 
test was not wrapped in act(...).

When testing, code that causes React state updates 
should be wrapped into act(...):

act(() => {
  /* fire events that update state */
});
/* assert on the output */

This ensures that you're testing the behavior the 
user would see in the browser. Learn more at 
https://reactjs.org/link/wrap-tests-with-act
    at ComponentLibrary 
(C:\Users\Eli\Desktop\Claude Code\CPQ-System\src\com
ponents\library\ComponentLibrary.tsx:35:59)

[90mstderr[2m | src/components/library/__tests__/C
omponentLibrary.test.tsx[2m > 
[22m[2mComponentLibrary - Search 
Functionality[2m > [22m[2mshould show empty 
state when no search results[22m[39m
Warning: An update to ComponentLibrary inside a 
test was not wrapped in act(...).

When testing, code that causes React state updates 
should be wrapped into act(...):

act(() => {
  /* fire events that update state */
});
/* assert on the output */

This ensures that you're testing the behavior the 
user would see in the browser. Learn more at 
https://reactjs.org/link/wrap-tests-with-act
    at ComponentLibrary 
(C:\Users\Eli\Desktop\Claude Code\CPQ-System\src\com
ponents\library\ComponentLibrary.tsx:35:59)

[90mstderr[2m | src/components/library/__tests__/C
omponentLibrary.test.tsx[2m > 
[22m[2mComponentLibrary - Search 
Functionality[2m > [22m[2mshould search in 
description field[22m[39m
Warning: An update to ComponentLibrary inside a 
test was not wrapped in act(...).

When testing, code that causes React state updates 
should be wrapped into act(...):

act(() => {
  /* fire events that update state */
});
/* assert on the output */

This ensures that you're testing the behavior the 
user would see in the browser. Learn more at 
https://reactjs.org/link/wrap-tests-with-act
    at ComponentLibrary 
(C:\Users\Eli\Desktop\Claude Code\CPQ-System\src\com
ponents\library\ComponentLibrary.tsx:35:59)

[90mstderr[2m | src/components/library/__tests__/C
omponentLibrary.test.tsx[2m > 
[22m[2mComponentLibrary - Search 
Functionality[2m > [22m[2mshould search in 
description field[22m[39m
Warning: An update to ComponentLibrary inside a 
test was not wrapped in act(...).

When testing, code that causes React state updates 
should be wrapped into act(...):

act(() => {
  /* fire events that update state */
});
/* assert on the output */

This ensures that you're testing the behavior the 
user would see in the browser. Learn more at 
https://reactjs.org/link/wrap-tests-with-act
    at ComponentLibrary 
(C:\Users\Eli\Desktop\Claude Code\CPQ-System\src\com
ponents\library\ComponentLibrary.tsx:35:59)

[90mstderr[2m | src/components/library/__tests__/C
omponentLibrary.test.tsx[2m > 
[22m[2mComponentLibrary - Search 
Functionality[2m > [22m[2mshould search in 
description field[22m[39m
Warning: An update to ComponentLibrary inside a 
test was not wrapped in act(...).

When testing, code that causes React state updates 
should be wrapped into act(...):

act(() => {
  /* fire events that update state */
});
/* assert on the output */

This ensures that you're testing the behavior the 
user would see in the browser. Learn more at 
https://reactjs.org/link/wrap-tests-with-act
    at ComponentLibrary 
(C:\Users\Eli\Desktop\Claude Code\CPQ-System\src\com
ponents\library\ComponentLibrary.tsx:35:59)

[90mstderr[2m | src/components/library/__tests__/C
omponentLibrary.test.tsx[2m > 
[22m[2mComponentLibrary - Search 
Functionality[2m > [22m[2mshould search in 
description field[22m[39m
Warning: An update to ComponentLibrary inside a 
test was not wrapped in act(...).

When testing, code that causes React state updates 
should be wrapped into act(...):

act(() => {
  /* fire events that update state */
});
/* assert on the output */

This ensures that you're testing the behavior the 
user would see in the browser. Learn more at 
https://reactjs.org/link/wrap-tests-with-act
    at ComponentLibrary 
(C:\Users\Eli\Desktop\Claude Code\CPQ-System\src\com
ponents\library\ComponentLibrary.tsx:35:59)

[90mstderr[2m | src/components/library/__tests__/C
omponentLibrary.test.tsx[2m > 
[22m[2mComponentLibrary - Search 
Functionality[2m > [22m[2mshould search in 
description field[22m[39m
Warning: An update to ComponentLibrary inside a 
test was not wrapped in act(...).

When testing, code that causes React state updates 
should be wrapped into act(...):

act(() => {
  /* fire events that update state */
});
/* assert on the output */

This ensures that you're testing the behavior the 
user would see in the browser. Learn more at 
https://reactjs.org/link/wrap-tests-with-act
    at ComponentLibrary 
(C:\Users\Eli\Desktop\Claude Code\CPQ-System\src\com
ponents\library\ComponentLibrary.tsx:35:59)

[90mstderr[2m | src/components/library/__tests__/C
omponentLibrary.test.tsx[2m > 
[22m[2mComponentLibrary - Search 
Functionality[2m > [22m[2mshould search in 
description field[22m[39m
Warning: An update to ComponentLibrary inside a 
test was not wrapped in act(...).

When testing, code that causes React state updates 
should be wrapped into act(...):

act(() => {
  /* fire events that update state */
});
/* assert on the output */

This ensures that you're testing the behavior the 
user would see in the browser. Learn more at 
https://reactjs.org/link/wrap-tests-with-act
    at ComponentLibrary 
(C:\Users\Eli\Desktop\Claude Code\CPQ-System\src\com
ponents\library\ComponentLibrary.tsx:35:59)

[90mstderr[2m | src/components/grid/__tests__/Cust
omHeader.filter.test.tsx[2m > 
[22m[2mCustomHeader Filter Functionality[2m > 
[22m[2mTextFilter (Community Edition)[2m > 
[22m[2mshould format single value filter 
correctly for TextFilter[22m[39m
The above error occurred in the <SmartFilter> 
component:

    at SmartFilter (C:\Users\Eli\Desktop\Claude Code
\CPQ-System\src\components\grid\SmartFilter.tsx:15:2
4)
    at div
    at CustomHeader (C:\Users\Eli\Desktop\Claude Cod
e\CPQ-System\src\components\grid\CustomHeader.tsx:18
:57)

Consider adding an error boundary to your tree to 
customize error handling behavior.
Visit https://reactjs.org/link/error-boundaries to 
learn more about error boundaries.

[90mstderr[2m | src/components/grid/__tests__/Cust
omHeader.filter.test.tsx[2m > 
[22m[2mCustomHeader Filter Functionality[2m > 
[22m[2mTextFilter (Community Edition)[2m > 
[22m[2mshould format multiple values filter with 
OR conditions for TextFilter[22m[39m
Warning: An update to CustomHeader inside a test 
was not wrapped in act(...).

When testing, code that causes React state updates 
should be wrapped into act(...):

act(() => {
  /* fire events that update state */
});
/* assert on the output */

This ensures that you're testing the behavior the 
user would see in the browser. Learn more at 
https://reactjs.org/link/wrap-tests-with-act
    at CustomHeader (C:\Users\Eli\Desktop\Claude Cod
e\CPQ-System\src\components\grid\CustomHeader.tsx:18
:57)

[90mstderr[2m | src/components/library/__tests__/C
omponentLibrary.test.tsx[2m > 
[22m[2mComponentLibrary - Search 
Functionality[2m > [22m[2mshould search in 
description field[22m[39m
Warning: An update to ComponentLibrary inside a 
test was not wrapped in act(...).

When testing, code that causes React state updates 
should be wrapped into act(...):

act(() => {
  /* fire events that update state */
});
/* assert on the output */

This ensures that you're testing the behavior the 
user would see in the browser. Learn more at 
https://reactjs.org/link/wrap-tests-with-act
    at ComponentLibrary 
(C:\Users\Eli\Desktop\Claude Code\CPQ-System\src\com
ponents\library\ComponentLibrary.tsx:35:59)

[90mstderr[2m | src/components/library/__tests__/C
omponentLibrary.test.tsx[2m > 
[22m[2mComponentLibrary - Search 
Functionality[2m > [22m[2mshould search in 
description field[22m[39m
Warning: An update to ComponentLibrary inside a 
test was not wrapped in act(...).

When testing, code that causes React state updates 
should be wrapped into act(...):

act(() => {
  /* fire events that update state */
});
/* assert on the output */

This ensures that you're testing the behavior the 
user would see in the browser. Learn more at 
https://reactjs.org/link/wrap-tests-with-act
    at ComponentLibrary 
(C:\Users\Eli\Desktop\Claude Code\CPQ-System\src\com
ponents\library\ComponentLibrary.tsx:35:59)

[90mstderr[2m | src/components/library/__tests__/C
omponentLibrary.test.tsx[2m > 
[22m[2mComponentLibrary - Search 
Functionality[2m > [22m[2mshould search in 
description field[22m[39m
Warning: An update to ComponentLibrary inside a 
test was not wrapped in act(...).

When testing, code that causes React state updates 
should be wrapped into act(...):

act(() => {
  /* fire events that update state */
});
/* assert on the output */

This ensures that you're testing the behavior the 
user would see in the browser. Learn more at 
https://reactjs.org/link/wrap-tests-with-act
    at ComponentLibrary 
(C:\Users\Eli\Desktop\Claude Code\CPQ-System\src\com
ponents\library\ComponentLibrary.tsx:35:59)

[90mstderr[2m | src/components/library/__tests__/C
omponentLibrary.test.tsx[2m > 
[22m[2mComponentLibrary - Search 
Functionality[2m > [22m[2mshould search in 
description field[22m[39m
Warning: An update to ComponentLibrary inside a 
test was not wrapped in act(...).

When testing, code that causes React state updates 
should be wrapped into act(...):

act(() => {
  /* fire events that update state */
});
/* assert on the output */

This ensures that you're testing the behavior the 
user would see in the browser. Learn more at 
https://reactjs.org/link/wrap-tests-with-act
    at ComponentLibrary 
(C:\Users\Eli\Desktop\Claude Code\CPQ-System\src\com
ponents\library\ComponentLibrary.tsx:35:59)

[90mstderr[2m | src/components/library/__tests__/C
omponentLibrary.test.tsx[2m > 
[22m[2mComponentLibrary - Search 
Functionality[2m > [22m[2mshould search in 
description field[22m[39m
Warning: An update to ComponentLibrary inside a 
test was not wrapped in act(...).

When testing, code that causes React state updates 
should be wrapped into act(...):

act(() => {
  /* fire events that update state */
});
/* assert on the output */

This ensures that you're testing the behavior the 
user would see in the browser. Learn more at 
https://reactjs.org/link/wrap-tests-with-act
    at ComponentLibrary 
(C:\Users\Eli\Desktop\Claude Code\CPQ-System\src\com
ponents\library\ComponentLibrary.tsx:35:59)

[90mstderr[2m | src/components/library/__tests__/C
omponentLibrary.test.tsx[2m > 
[22m[2mComponentLibrary - Search 
Functionality[2m > [22m[2mshould search in 
description field[22m[39m
Warning: An update to ComponentLibrary inside a 
test was not wrapped in act(...).

When testing, code that causes React state updates 
should be wrapped into act(...):

act(() => {
  /* fire events that update state */
});
/* assert on the output */

This ensures that you're testing the behavior the 
user would see in the browser. Learn more at 
https://reactjs.org/link/wrap-tests-with-act
    at ComponentLibrary 
(C:\Users\Eli\Desktop\Claude Code\CPQ-System\src\com
ponents\library\ComponentLibrary.tsx:35:59)

[90mstderr[2m | src/components/library/__tests__/C
omponentLibrary.test.tsx[2m > 
[22m[2mComponentLibrary - Search 
Functionality[2m > [22m[2mshould search in 
description field[22m[39m
Warning: An update to ComponentLibrary inside a 
test was not wrapped in act(...).

When testing, code that causes React state updates 
should be wrapped into act(...):

act(() => {
  /* fire events that update state */
});
/* assert on the output */

This ensures that you're testing the behavior the 
user would see in the browser. Learn more at 
https://reactjs.org/link/wrap-tests-with-act
    at ComponentLibrary 
(C:\Users\Eli\Desktop\Claude Code\CPQ-System\src\com
ponents\library\ComponentLibrary.tsx:35:59)

[90mstderr[2m | src/components/library/__tests__/C
omponentLibrary.test.tsx[2m > 
[22m[2mComponentLibrary - Search 
Functionality[2m > [22m[2mshould search in 
description field[22m[39m
Warning: An update to ComponentLibrary inside a 
test was not wrapped in act(...).

When testing, code that causes React state updates 
should be wrapped into act(...):

act(() => {
  /* fire events that update state */
});
/* assert on the output */

This ensures that you're testing the behavior the 
user would see in the browser. Learn more at 
https://reactjs.org/link/wrap-tests-with-act
    at ComponentLibrary 
(C:\Users\Eli\Desktop\Claude Code\CPQ-System\src\com
ponents\library\ComponentLibrary.tsx:35:59)

[90mstderr[2m | src/components/library/__tests__/C
omponentLibrary.test.tsx[2m > 
[22m[2mComponentLibrary - Search 
Functionality[2m > [22m[2mshould search in 
description field[22m[39m
Warning: An update to ComponentLibrary inside a 
test was not wrapped in act(...).

When testing, code that causes React state updates 
should be wrapped into act(...):

act(() => {
  /* fire events that update state */
});
/* assert on the output */

This ensures that you're testing the behavior the 
user would see in the browser. Learn more at 
https://reactjs.org/link/wrap-tests-with-act
    at ComponentLibrary 
(C:\Users\Eli\Desktop\Claude Code\CPQ-System\src\com
ponents\library\ComponentLibrary.tsx:35:59)

[90mstderr[2m | src/components/library/__tests__/C
omponentLibrary.test.tsx[2m > 
[22m[2mComponentLibrary - Search 
Functionality[2m > [22m[2mshould search in 
description field[22m[39m
Warning: An update to ComponentLibrary inside a 
test was not wrapped in act(...).

When testing, code that causes React state updates 
should be wrapped into act(...):

act(() => {
  /* fire events that update state */
});
/* assert on the output */

This ensures that you're testing the behavior the 
user would see in the browser. Learn more at 
https://reactjs.org/link/wrap-tests-with-act
    at ComponentLibrary 
(C:\Users\Eli\Desktop\Claude Code\CPQ-System\src\com
ponents\library\ComponentLibrary.tsx:35:59)

[90mstderr[2m | src/components/library/__tests__/C
omponentLibrary.test.tsx[2m > 
[22m[2mComponentLibrary - Search 
Functionality[2m > [22m[2mshould search in 
description field[22m[39m
Warning: An update to ComponentLibrary inside a 
test was not wrapped in act(...).

When testing, code that causes React state updates 
should be wrapped into act(...):

act(() => {
  /* fire events that update state */
});
/* assert on the output */

This ensures that you're testing the behavior the 
user would see in the browser. Learn more at 
https://reactjs.org/link/wrap-tests-with-act
    at ComponentLibrary 
(C:\Users\Eli\Desktop\Claude Code\CPQ-System\src\com
ponents\library\ComponentLibrary.tsx:35:59)

[90mstderr[2m | src/components/library/__tests__/C
omponentLibrary.test.tsx[2m > 
[22m[2mComponentLibrary - Search 
Functionality[2m > [22m[2mshould search in 
description field[22m[39m
Warning: An update to ComponentLibrary inside a 
test was not wrapped in act(...).

When testing, code that causes React state updates 
should be wrapped into act(...):

act(() => {
  /* fire events that update state */
});
/* assert on the output */

This ensures that you're testing the behavior the 
user would see in the browser. Learn more at 
https://reactjs.org/link/wrap-tests-with-act
    at ComponentLibrary 
(C:\Users\Eli\Desktop\Claude Code\CPQ-System\src\com
ponents\library\ComponentLibrary.tsx:35:59)

[90mstderr[2m | src/components/grid/__tests__/Cust
omHeader.integration.test.tsx[2m > 
[22m[2mCustomHeader Integration Tests[2m > 
[22m[2mComplete Filter Flow[2m > [22m[2mshould 
complete full filter flow: click -> select -> apply 
-> verify[22m[39m
Warning: An update to CustomHeader inside a test 
was not wrapped in act(...).

When testing, code that causes React state updates 
should be wrapped into act(...):

act(() => {
  /* fire events that update state */
});
/* assert on the output */

This ensures that you're testing the behavior the 
user would see in the browser. Learn more at 
https://reactjs.org/link/wrap-tests-with-act
    at CustomHeader (C:\Users\Eli\Desktop\Claude Cod
e\CPQ-System\src\components\grid\CustomHeader.tsx:18
:57)

[90mstderr[2m | src/components/library/__tests__/C
omponentLibrary.test.tsx[2m > 
[22m[2mComponentLibrary - Search 
Functionality[2m > [22m[2mshould search in 
description field[22m[39m
Warning: An update to ComponentLibrary inside a 
test was not wrapped in act(...).

When testing, code that causes React state updates 
should be wrapped into act(...):

act(() => {
  /* fire events that update state */
});
/* assert on the output */

This ensures that you're testing the behavior the 
user would see in the browser. Learn more at 
https://reactjs.org/link/wrap-tests-with-act
    at ComponentLibrary 
(C:\Users\Eli\Desktop\Claude Code\CPQ-System\src\com
ponents\library\ComponentLibrary.tsx:35:59)

[90mstderr[2m | src/components/library/__tests__/C
omponentLibrary.test.tsx[2m > 
[22m[2mComponentLibrary - Search 
Functionality[2m > [22m[2mshould search in 
description field[22m[39m
Warning: An update to ComponentLibrary inside a 
test was not wrapped in act(...).

When testing, code that causes React state updates 
should be wrapped into act(...):

act(() => {
  /* fire events that update state */
});
/* assert on the output */

This ensures that you're testing the behavior the 
user would see in the browser. Learn more at 
https://reactjs.org/link/wrap-tests-with-act
    at ComponentLibrary 
(C:\Users\Eli\Desktop\Claude Code\CPQ-System\src\com
ponents\library\ComponentLibrary.tsx:35:59)

[90mstderr[2m | src/components/library/__tests__/C
omponentLibrary.test.tsx[2m > 
[22m[2mComponentLibrary - Search 
Functionality[2m > [22m[2mshould search in 
description field[22m[39m
Warning: An update to ComponentLibrary inside a 
test was not wrapped in act(...).

When testing, code that causes React state updates 
should be wrapped into act(...):

act(() => {
  /* fire events that update state */
});
/* assert on the output */

This ensures that you're testing the behavior the 
user would see in the browser. Learn more at 
https://reactjs.org/link/wrap-tests-with-act
    at ComponentLibrary 
(C:\Users\Eli\Desktop\Claude Code\CPQ-System\src\com
ponents\library\ComponentLibrary.tsx:35:59)

[90mstderr[2m | src/components/grid/__tests__/Cust
omHeader.integration.test.tsx[2m > 
[22m[2mCustomHeader Integration Tests[2m > 
[22m[2mComplete Filter Flow[2m > [22m[2mshould 
complete full filter flow: click -> select -> apply 
-> verify[22m[39m
Warning: An update to CustomHeader inside a test 
was not wrapped in act(...).

When testing, code that causes React state updates 
should be wrapped into act(...):

act(() => {
  /* fire events that update state */
});
/* assert on the output */

This ensures that you're testing the behavior the 
user would see in the browser. Learn more at 
https://reactjs.org/link/wrap-tests-with-act
    at CustomHeader (C:\Users\Eli\Desktop\Claude Cod
e\CPQ-System\src\components\grid\CustomHeader.tsx:18
:57)
Warning: An update to CustomHeader inside a test 
was not wrapped in act(...).

When testing, code that causes React state updates 
should be wrapped into act(...):

act(() => {
  /* fire events that update state */
});
/* assert on the output */

This ensures that you're testing the behavior the 
user would see in the browser. Learn more at 
https://reactjs.org/link/wrap-tests-with-act
    at CustomHeader (C:\Users\Eli\Desktop\Claude Cod
e\CPQ-System\src\components\grid\CustomHeader.tsx:18
:57)

[90mstderr[2m | src/components/library/__tests__/C
omponentLibrary.test.tsx[2m > 
[22m[2mComponentLibrary - Search 
Functionality[2m > [22m[2mshould search in 
supplier field[22m[39m
Warning: An update to ComponentLibrary inside a 
test was not wrapped in act(...).

When testing, code that causes React state updates 
should be wrapped into act(...):

act(() => {
  /* fire events that update state */
});
/* assert on the output */

This ensures that you're testing the behavior the 
user would see in the browser. Learn more at 
https://reactjs.org/link/wrap-tests-with-act
    at ComponentLibrary 
(C:\Users\Eli\Desktop\Claude Code\CPQ-System\src\com
ponents\library\ComponentLibrary.tsx:35:59)

[90mstderr[2m | src/components/library/__tests__/C
omponentLibrary.test.tsx[2m > 
[22m[2mComponentLibrary - Search 
Functionality[2m > [22m[2mshould search in 
supplier field[22m[39m
Warning: An update to ComponentLibrary inside a 
test was not wrapped in act(...).

When testing, code that causes React state updates 
should be wrapped into act(...):

act(() => {
  /* fire events that update state */
});
/* assert on the output */

This ensures that you're testing the behavior the 
user would see in the browser. Learn more at 
https://reactjs.org/link/wrap-tests-with-act
    at ComponentLibrary 
(C:\Users\Eli\Desktop\Claude Code\CPQ-System\src\com
ponents\library\ComponentLibrary.tsx:35:59)

[90mstderr[2m | src/components/library/__tests__/C
omponentLibrary.test.tsx[2m > 
[22m[2mComponentLibrary - Search 
Functionality[2m > [22m[2mshould search in 
supplier field[22m[39m
Warning: An update to ComponentLibrary inside a 
test was not wrapped in act(...).

When testing, code that causes React state updates 
should be wrapped into act(...):

act(() => {
  /* fire events that update state */
});
/* assert on the output */

This ensures that you're testing the behavior the 
user would see in the browser. Learn more at 
https://reactjs.org/link/wrap-tests-with-act
    at ComponentLibrary 
(C:\Users\Eli\Desktop\Claude Code\CPQ-System\src\com
ponents\library\ComponentLibrary.tsx:35:59)

[90mstderr[2m | src/components/library/__tests__/C
omponentLibrary.test.tsx[2m > 
[22m[2mComponentLibrary - Search 
Functionality[2m > [22m[2mshould search in 
supplier field[22m[39m
Warning: An update to ComponentLibrary inside a 
test was not wrapped in act(...).

When testing, code that causes React state updates 
should be wrapped into act(...):

act(() => {
  /* fire events that update state */
});
/* assert on the output */

This ensures that you're testing the behavior the 
user would see in the browser. Learn more at 
https://reactjs.org/link/wrap-tests-with-act
    at ComponentLibrary 
(C:\Users\Eli\Desktop\Claude Code\CPQ-System\src\com
ponents\library\ComponentLibrary.tsx:35:59)

[90mstderr[2m | src/components/library/__tests__/C
omponentLibrary.test.tsx[2m > 
[22m[2mComponentLibrary - Search 
Functionality[2m > [22m[2mshould search in 
supplier field[22m[39m
Warning: An update to ComponentLibrary inside a 
test was not wrapped in act(...).

When testing, code that causes React state updates 
should be wrapped into act(...):

act(() => {
  /* fire events that update state */
});
/* assert on the output */

This ensures that you're testing the behavior the 
user would see in the browser. Learn more at 
https://reactjs.org/link/wrap-tests-with-act
    at ComponentLibrary 
(C:\Users\Eli\Desktop\Claude Code\CPQ-System\src\com
ponents\library\ComponentLibrary.tsx:35:59)

[90mstderr[2m | src/components/shared/__tests__/BO
MGrid.test.tsx[2m > [22m[2mBOMGrid[2m > 
[22m[2mBasic Grid Functionality[2m > 
[22m[2mrenders BOM grid with correct 
data[22m[39m
Warning: Function components cannot be given refs. 
Attempts to access this ref will fail. Did you mean 
to use React.forwardRef()?

Check the render method of `BOMGrid`.
    at spy (file:///C:/Users/Eli/Desktop/Claude%20Co
de/CPQ-System/node_modules/tinyspy/dist/index.js:42:
80)
    at div
    at div
    at div
    at C:\Users\Eli\Desktop\Claude 
Code\CPQ-System\src\components\ui\card.tsx:81:57
    at div
    at C:\Users\Eli\Desktop\Claude 
Code\CPQ-System\src\components\ui\card.tsx:7:50
    at BOMGrid (C:\Users\Eli\Desktop\Claude Code\CPQ
-System\src\components\shared\BOMGrid.tsx:22:3)
Warning: A component is `contentEditable` and 
contains `children` managed by React. It is now 
your responsibility to guarantee that none of those 
nodes are unexpectedly modified or duplicated. This 
is probably not intentional.
    at div
    at div
    at div
    at div
    at spy (file:///C:/Users/Eli/Desktop/Claude%20Co
de/CPQ-System/node_modules/tinyspy/dist/index.js:42:
80)
    at div
    at div
    at div
    at C:\Users\Eli\Desktop\Claude 
Code\CPQ-System\src\components\ui\card.tsx:81:57
    at div
    at C:\Users\Eli\Desktop\Claude 
Code\CPQ-System\src\components\ui\card.tsx:7:50
    at BOMGrid (C:\Users\Eli\Desktop\Claude Code\CPQ
-System\src\components\shared\BOMGrid.tsx:22:3)
Warning: A component is `contentEditable` and 
contains `children` managed by React. It is now 
your responsibility to guarantee that none of those 
nodes are unexpectedly modified or duplicated. This 
is probably not intentional.
    at div
    at div
    at div
    at div
    at spy (file:///C:/Users/Eli/Desktop/Claude%20Co
de/CPQ-System/node_modules/tinyspy/dist/index.js:42:
80)
    at div
    at div
    at div
    at C:\Users\Eli\Desktop\Claude 
Code\CPQ-System\src\components\ui\card.tsx:81:57
    at div
    at C:\Users\Eli\Desktop\Claude 
Code\CPQ-System\src\components\ui\card.tsx:7:50
    at BOMGrid (C:\Users\Eli\Desktop\Claude Code\CPQ
-System\src\components\shared\BOMGrid.tsx:22:3)
Warning: A component is `contentEditable` and 
contains `children` managed by React. It is now 
your responsibility to guarantee that none of those 
nodes are unexpectedly modified or duplicated. This 
is probably not intentional.
    at div
    at div
    at div
    at div
    at spy (file:///C:/Users/Eli/Desktop/Claude%20Co
de/CPQ-System/node_modules/tinyspy/dist/index.js:42:
80)
    at div
    at div
    at div
    at C:\Users\Eli\Desktop\Claude 
Code\CPQ-System\src\components\ui\card.tsx:81:57
    at div
    at C:\Users\Eli\Desktop\Claude 
Code\CPQ-System\src\components\ui\card.tsx:7:50
    at BOMGrid (C:\Users\Eli\Desktop\Claude Code\CPQ
-System\src\components\shared\BOMGrid.tsx:22:3)
Warning: A component is `contentEditable` and 
contains `children` managed by React. It is now 
your responsibility to guarantee that none of those 
nodes are unexpectedly modified or duplicated. This 
is probably not intentional.
    at div
    at div
    at div
    at div
    at spy (file:///C:/Users/Eli/Desktop/Claude%20Co
de/CPQ-System/node_modules/tinyspy/dist/index.js:42:
80)
    at div
    at div
    at div
    at C:\Users\Eli\Desktop\Claude 
Code\CPQ-System\src\components\ui\card.tsx:81:57
    at div
    at C:\Users\Eli\Desktop\Claude 
Code\CPQ-System\src\components\ui\card.tsx:7:50
    at BOMGrid (C:\Users\Eli\Desktop\Claude Code\CPQ
-System\src\components\shared\BOMGrid.tsx:22:3)
Warning: A component is `contentEditable` and 
contains `children` managed by React. It is now 
your responsibility to guarantee that none of those 
nodes are unexpectedly modified or duplicated. This 
is probably not intentional.
    at div
    at div
    at div
    at div
    at spy (file:///C:/Users/Eli/Desktop/Claude%20Co
de/CPQ-System/node_modules/tinyspy/dist/index.js:42:
80)
    at div
    at div
    at div
    at C:\Users\Eli\Desktop\Claude 
Code\CPQ-System\src\components\ui\card.tsx:81:57
    at div
    at C:\Users\Eli\Desktop\Claude 
Code\CPQ-System\src\components\ui\card.tsx:7:50
    at BOMGrid (C:\Users\Eli\Desktop\Claude Code\CPQ
-System\src\components\shared\BOMGrid.tsx:22:3)
Warning: A component is `contentEditable` and 
contains `children` managed by React. It is now 
your responsibility to guarantee that none of those 
nodes are unexpectedly modified or duplicated. This 
is probably not intentional.
    at div
    at div
    at div
    at div
    at spy (file:///C:/Users/Eli/Desktop/Claude%20Co
de/CPQ-System/node_modules/tinyspy/dist/index.js:42:
80)
    at div
    at div
    at div
    at C:\Users\Eli\Desktop\Claude 
Code\CPQ-System\src\components\ui\card.tsx:81:57
    at div
    at C:\Users\Eli\Desktop\Claude 
Code\CPQ-System\src\components\ui\card.tsx:7:50
    at BOMGrid (C:\Users\Eli\Desktop\Claude Code\CPQ
-System\src\components\shared\BOMGrid.tsx:22:3)
Warning: A component is `contentEditable` and 
contains `children` managed by React. It is now 
your responsibility to guarantee that none of those 
nodes are unexpectedly modified or duplicated. This 
is probably not intentional.
    at div
    at div
    at div
    at div
    at spy (file:///C:/Users/Eli/Desktop/Claude%20Co
de/CPQ-System/node_modules/tinyspy/dist/index.js:42:
80)
    at div
    at div
    at div
    at C:\Users\Eli\Desktop\Claude 
Code\CPQ-System\src\components\ui\card.tsx:81:57
    at div
    at C:\Users\Eli\Desktop\Claude 
Code\CPQ-System\src\components\ui\card.tsx:7:50
    at BOMGrid (C:\Users\Eli\Desktop\Claude Code\CPQ
-System\src\components\shared\BOMGrid.tsx:22:3)
Warning: A component is `contentEditable` and 
contains `children` managed by React. It is now 
your responsibility to guarantee that none of those 
nodes are unexpectedly modified or duplicated. This 
is probably not intentional.
    at div
    at div
    at div
    at div
    at spy (file:///C:/Users/Eli/Desktop/Claude%20Co
de/CPQ-System/node_modules/tinyspy/dist/index.js:42:
80)
    at div
    at div
    at div
    at C:\Users\Eli\Desktop\Claude 
Code\CPQ-System\src\components\ui\card.tsx:81:57
    at div
    at C:\Users\Eli\Desktop\Claude 
Code\CPQ-System\src\components\ui\card.tsx:7:50
    at BOMGrid (C:\Users\Eli\Desktop\Claude Code\CPQ
-System\src\components\shared\BOMGrid.tsx:22:3)
Warning: A component is `contentEditable` and 
contains `children` managed by React. It is now 
your responsibility to guarantee that none of those 
nodes are unexpectedly modified or duplicated. This 
is probably not intentional.
    at div
    at div
    at div
    at div
    at spy (file:///C:/Users/Eli/Desktop/Claude%20Co
de/CPQ-System/node_modules/tinyspy/dist/index.js:42:
80)
    at div
    at div
    at div
    at C:\Users\Eli\Desktop\Claude 
Code\CPQ-System\src\components\ui\card.tsx:81:57
    at div
    at C:\Users\Eli\Desktop\Claude 
Code\CPQ-System\src\components\ui\card.tsx:7:50
    at BOMGrid (C:\Users\Eli\Desktop\Claude Code\CPQ
-System\src\components\shared\BOMGrid.tsx:22:3)
Warning: A component is `contentEditable` and 
contains `children` managed by React. It is now 
your responsibility to guarantee that none of those 
nodes are unexpectedly modified or duplicated. This 
is probably not intentional.
    at div
    at div
    at div
    at div
    at spy (file:///C:/Users/Eli/Desktop/Claude%20Co
de/CPQ-System/node_modules/tinyspy/dist/index.js:42:
80)
    at div
    at div
    at div
    at C:\Users\Eli\Desktop\Claude 
Code\CPQ-System\src\components\ui\card.tsx:81:57
    at div
    at C:\Users\Eli\Desktop\Claude 
Code\CPQ-System\src\components\ui\card.tsx:7:50
    at BOMGrid (C:\Users\Eli\Desktop\Claude Code\CPQ
-System\src\components\shared\BOMGrid.tsx:22:3)
Warning: A component is `contentEditable` and 
contains `children` managed by React. It is now 
your responsibility to guarantee that none of those 
nodes are unexpectedly modified or duplicated. This 
is probably not intentional.
    at div
    at div
    at div
    at div
    at spy (file:///C:/Users/Eli/Desktop/Claude%20Co
de/CPQ-System/node_modules/tinyspy/dist/index.js:42:
80)
    at div
    at div
    at div
    at C:\Users\Eli\Desktop\Claude 
Code\CPQ-System\src\components\ui\card.tsx:81:57
    at div
    at C:\Users\Eli\Desktop\Claude 
Code\CPQ-System\src\components\ui\card.tsx:7:50
    at BOMGrid (C:\Users\Eli\Desktop\Claude Code\CPQ
-System\src\components\shared\BOMGrid.tsx:22:3)
Warning: A component is `contentEditable` and 
contains `children` managed by React. It is now 
your responsibility to guarantee that none of those 
nodes are unexpectedly modified or duplicated. This 
is probably not intentional.
    at div
    at div
    at div
    at div
    at spy (file:///C:/Users/Eli/Desktop/Claude%20Co
de/CPQ-System/node_modules/tinyspy/dist/index.js:42:
80)
    at div
    at div
    at div
    at C:\Users\Eli\Desktop\Claude 
Code\CPQ-System\src\components\ui\card.tsx:81:57
    at div
    at C:\Users\Eli\Desktop\Claude 
Code\CPQ-System\src\components\ui\card.tsx:7:50
    at BOMGrid (C:\Users\Eli\Desktop\Claude Code\CPQ
-System\src\components\shared\BOMGrid.tsx:22:3)
Warning: A component is `contentEditable` and 
contains `children` managed by React. It is now 
your responsibility to guarantee that none of those 
nodes are unexpectedly modified or duplicated. This 
is probably not intentional.
    at div
    at div
    at div
    at div
    at spy (file:///C:/Users/Eli/Desktop/Claude%20Co
de/CPQ-System/node_modules/tinyspy/dist/index.js:42:
80)
    at div
    at div
    at div
    at C:\Users\Eli\Desktop\Claude 
Code\CPQ-System\src\components\ui\card.tsx:81:57
    at div
    at C:\Users\Eli\Desktop\Claude 
Code\CPQ-System\src\components\ui\card.tsx:7:50
    at BOMGrid (C:\Users\Eli\Desktop\Claude Code\CPQ
-System\src\components\shared\BOMGrid.tsx:22:3)
Warning: A component is `contentEditable` and 
contains `children` managed by React. It is now 
your responsibility to guarantee that none of those 
nodes are unexpectedly modified or duplicated. This 
is probably not intentional.
    at div
    at div
    at div
    at div
    at spy (file:///C:/Users/Eli/Desktop/Claude%20Co
de/CPQ-System/node_modules/tinyspy/dist/index.js:42:
80)
    at div
    at div
    at div
    at C:\Users\Eli\Desktop\Claude 
Code\CPQ-System\src\components\ui\card.tsx:81:57
    at div
    at C:\Users\Eli\Desktop\Claude 
Code\CPQ-System\src\components\ui\card.tsx:7:50
    at BOMGrid (C:\Users\Eli\Desktop\Claude Code\CPQ
-System\src\components\shared\BOMGrid.tsx:22:3)
Warning: A component is `contentEditable` and 
contains `children` managed by React. It is now 
your responsibility to guarantee that none of those 
nodes are unexpectedly modified or duplicated. This 
is probably not intentional.
    at div
    at div
    at div
    at div
    at spy (file:///C:/Users/Eli/Desktop/Claude%20Co
de/CPQ-System/node_modules/tinyspy/dist/index.js:42:
80)
    at div
    at div
    at div
    at C:\Users\Eli\Desktop\Claude 
Code\CPQ-System\src\components\ui\card.tsx:81:57
    at div
    at C:\Users\Eli\Desktop\Claude 
Code\CPQ-System\src\components\ui\card.tsx:7:50
    at BOMGrid (C:\Users\Eli\Desktop\Claude Code\CPQ
-System\src\components\shared\BOMGrid.tsx:22:3)
Warning: A component is `contentEditable` and 
contains `children` managed by React. It is now 
your responsibility to guarantee that none of those 
nodes are unexpectedly modified or duplicated. This 
is probably not intentional.
    at div
    at div
    at div
    at div
    at spy (file:///C:/Users/Eli/Desktop/Claude%20Co
de/CPQ-System/node_modules/tinyspy/dist/index.js:42:
80)
    at div
    at div
    at div
    at C:\Users\Eli\Desktop\Claude 
Code\CPQ-System\src\components\ui\card.tsx:81:57
    at div
    at C:\Users\Eli\Desktop\Claude 
Code\CPQ-System\src\components\ui\card.tsx:7:50
    at BOMGrid (C:\Users\Eli\Desktop\Claude Code\CPQ
-System\src\components\shared\BOMGrid.tsx:22:3)
Warning: A component is `contentEditable` and 
contains `children` managed by React. It is now 
your responsibility to guarantee that none of those 
nodes are unexpectedly modified or duplicated. This 
is probably not intentional.
    at div
    at div
    at div
    at div
    at spy (file:///C:/Users/Eli/Desktop/Claude%20Co
de/CPQ-System/node_modules/tinyspy/dist/index.js:42:
80)
    at div
    at div
    at div
    at C:\Users\Eli\Desktop\Claude 
Code\CPQ-System\src\components\ui\card.tsx:81:57
    at div
    at C:\Users\Eli\Desktop\Claude 
Code\CPQ-System\src\components\ui\card.tsx:7:50
    at BOMGrid (C:\Users\Eli\Desktop\Claude Code\CPQ
-System\src\components\shared\BOMGrid.tsx:22:3)
Warning: A component is `contentEditable` and 
contains `children` managed by React. It is now 
your responsibility to guarantee that none of those 
nodes are unexpectedly modified or duplicated. This 
is probably not intentional.
    at div
    at div
    at div
    at div
    at spy (file:///C:/Users/Eli/Desktop/Claude%20Co
de/CPQ-System/node_modules/tinyspy/dist/index.js:42:
80)
    at div
    at div
    at div
    at C:\Users\Eli\Desktop\Claude 
Code\CPQ-System\src\components\ui\card.tsx:81:57
    at div
    at C:\Users\Eli\Desktop\Claude 
Code\CPQ-System\src\components\ui\card.tsx:7:50
    at BOMGrid (C:\Users\Eli\Desktop\Claude Code\CPQ
-System\src\components\shared\BOMGrid.tsx:22:3)
Warning: A component is `contentEditable` and 
contains `children` managed by React. It is now 
your responsibility to guarantee that none of those 
nodes are unexpectedly modified or duplicated. This 
is probably not intentional.
    at div
    at div
    at div
    at div
    at spy (file:///C:/Users/Eli/Desktop/Claude%20Co
de/CPQ-System/node_modules/tinyspy/dist/index.js:42:
80)
    at div
    at div
    at div
    at C:\Users\Eli\Desktop\Claude 
Code\CPQ-System\src\components\ui\card.tsx:81:57
    at div
    at C:\Users\Eli\Desktop\Claude 
Code\CPQ-System\src\components\ui\card.tsx:7:50
    at BOMGrid (C:\Users\Eli\Desktop\Claude Code\CPQ
-System\src\components\shared\BOMGrid.tsx:22:3)
Warning: A component is `contentEditable` and 
contains `children` managed by React. It is now 
your responsibility to guarantee that none of those 
nodes are unexpectedly modified or duplicated. This 
is probably not intentional.
    at div
    at div
    at div
    at div
    at spy (file:///C:/Users/Eli/Desktop/Claude%20Co
de/CPQ-System/node_modules/tinyspy/dist/index.js:42:
80)
    at div
    at div
    at div
    at C:\Users\Eli\Desktop\Claude 
Code\CPQ-System\src\components\ui\card.tsx:81:57
    at div
    at C:\Users\Eli\Desktop\Claude 
Code\CPQ-System\src\components\ui\card.tsx:7:50
    at BOMGrid (C:\Users\Eli\Desktop\Claude Code\CPQ
-System\src\components\shared\BOMGrid.tsx:22:3)
Warning: A component is `contentEditable` and 
contains `children` managed by React. It is now 
your responsibility to guarantee that none of those 
nodes are unexpectedly modified or duplicated. This 
is probably not intentional.
    at div
    at div
    at div
    at div
    at spy (file:///C:/Users/Eli/Desktop/Claude%20Co
de/CPQ-System/node_modules/tinyspy/dist/index.js:42:
80)
    at div
    at div
    at div
    at C:\Users\Eli\Desktop\Claude 
Code\CPQ-System\src\components\ui\card.tsx:81:57
    at div
    at C:\Users\Eli\Desktop\Claude 
Code\CPQ-System\src\components\ui\card.tsx:7:50
    at BOMGrid (C:\Users\Eli\Desktop\Claude Code\CPQ
-System\src\components\shared\BOMGrid.tsx:22:3)
Warning: A component is `contentEditable` and 
contains `children` managed by React. It is now 
your responsibility to guarantee that none of those 
nodes are unexpectedly modified or duplicated. This 
is probably not intentional.
    at div
    at div
    at div
    at div
    at spy (file:///C:/Users/Eli/Desktop/Claude%20Co
de/CPQ-System/node_modules/tinyspy/dist/index.js:42:
80)
    at div
    at div
    at div
    at C:\Users\Eli\Desktop\Claude 
Code\CPQ-System\src\components\ui\card.tsx:81:57
    at div
    at C:\Users\Eli\Desktop\Claude 
Code\CPQ-System\src\components\ui\card.tsx:7:50
    at BOMGrid (C:\Users\Eli\Desktop\Claude Code\CPQ
-System\src\components\shared\BOMGrid.tsx:22:3)
Warning: A component is `contentEditable` and 
contains `children` managed by React. It is now 
your responsibility to guarantee that none of those 
nodes are unexpectedly modified or duplicated. This 
is probably not intentional.
    at div
    at div
    at div
    at div
    at spy (file:///C:/Users/Eli/Desktop/Claude%20Co
de/CPQ-System/node_modules/tinyspy/dist/index.js:42:
80)
    at div
    at div
    at div
    at C:\Users\Eli\Desktop\Claude 
Code\CPQ-System\src\components\ui\card.tsx:81:57
    at div
    at C:\Users\Eli\Desktop\Claude 
Code\CPQ-System\src\components\ui\card.tsx:7:50
    at BOMGrid (C:\Users\Eli\Desktop\Claude Code\CPQ
-System\src\components\shared\BOMGrid.tsx:22:3)
Warning: A component is `contentEditable` and 
contains `children` managed by React. It is now 
your responsibility to guarantee that none of those 
nodes are unexpectedly modified or duplicated. This 
is probably not intentional.
    at div
    at div
    at div
    at div
    at spy (file:///C:/Users/Eli/Desktop/Claude%20Co
de/CPQ-System/node_modules/tinyspy/dist/index.js:42:
80)
    at div
    at div
    at div
    at C:\Users\Eli\Desktop\Claude 
Code\CPQ-System\src\components\ui\card.tsx:81:57
    at div
    at C:\Users\Eli\Desktop\Claude 
Code\CPQ-System\src\components\ui\card.tsx:7:50
    at BOMGrid (C:\Users\Eli\Desktop\Claude Code\CPQ
-System\src\components\shared\BOMGrid.tsx:22:3)
Warning: A component is `contentEditable` and 
contains `children` managed by React. It is now 
your responsibility to guarantee that none of those 
nodes are unexpectedly modified or duplicated. This 
is probably not intentional.
    at div
    at div
    at div
    at div
    at spy (file:///C:/Users/Eli/Desktop/Claude%20Co
de/CPQ-System/node_modules/tinyspy/dist/index.js:42:
80)
    at div
    at div
    at div
    at C:\Users\Eli\Desktop\Claude 
Code\CPQ-System\src\components\ui\card.tsx:81:57
    at div
    at C:\Users\Eli\Desktop\Claude 
Code\CPQ-System\src\components\ui\card.tsx:7:50
    at BOMGrid (C:\Users\Eli\Desktop\Claude Code\CPQ
-System\src\components\shared\BOMGrid.tsx:22:3)
Warning: A component is `contentEditable` and 
contains `children` managed by React. It is now 
your responsibility to guarantee that none of those 
nodes are unexpectedly modified or duplicated. This 
is probably not intentional.
    at div
    at div
    at div
    at div
    at spy (file:///C:/Users/Eli/Desktop/Claude%20Co
de/CPQ-System/node_modules/tinyspy/dist/index.js:42:
80)
    at div
    at div
    at div
    at C:\Users\Eli\Desktop\Claude 
Code\CPQ-System\src\components\ui\card.tsx:81:57
    at div
    at C:\Users\Eli\Desktop\Claude 
Code\CPQ-System\src\components\ui\card.tsx:7:50
    at BOMGrid (C:\Users\Eli\Desktop\Claude Code\CPQ
-System\src\components\shared\BOMGrid.tsx:22:3)
Warning: A component is `contentEditable` and 
contains `children` managed by React. It is now 
your responsibility to guarantee that none of those 
nodes are unexpectedly modified or duplicated. This 
is probably not intentional.
    at div
    at div
    at div
    at div
    at spy (file:///C:/Users/Eli/Desktop/Claude%20Co
de/CPQ-System/node_modules/tinyspy/dist/index.js:42:
80)
    at div
    at div
    at div
    at C:\Users\Eli\Desktop\Claude 
Code\CPQ-System\src\components\ui\card.tsx:81:57
    at div
    at C:\Users\Eli\Desktop\Claude 
Code\CPQ-System\src\components\ui\card.tsx:7:50
    at BOMGrid (C:\Users\Eli\Desktop\Claude Code\CPQ
-System\src\components\shared\BOMGrid.tsx:22:3)
Warning: A component is `contentEditable` and 
contains `children` managed by React. It is now 
your responsibility to guarantee that none of those 
nodes are unexpectedly modified or duplicated. This 
is probably not intentional.
    at div
    at div
    at div
    at div
    at spy (file:///C:/Users/Eli/Desktop/Claude%20Co
de/CPQ-System/node_modules/tinyspy/dist/index.js:42:
80)
    at div
    at div
    at div
    at C:\Users\Eli\Desktop\Claude 
Code\CPQ-System\src\components\ui\card.tsx:81:57
    at div
    at C:\Users\Eli\Desktop\Claude 
Code\CPQ-System\src\components\ui\card.tsx:7:50
    at BOMGrid (C:\Users\Eli\Desktop\Claude Code\CPQ
-System\src\components\shared\BOMGrid.tsx:22:3)
Warning: A component is `contentEditable` and 
contains `children` managed by React. It is now 
your responsibility to guarantee that none of those 
nodes are unexpectedly modified or duplicated. This 
is probably not intentional.
    at div
    at div
    at div
    at div
    at spy (file:///C:/Users/Eli/Desktop/Claude%20Co
de/CPQ-System/node_modules/tinyspy/dist/index.js:42:
80)
    at div
    at div
    at div
    at C:\Users\Eli\Desktop\Claude 
Code\CPQ-System\src\components\ui\card.tsx:81:57
    at div
    at C:\Users\Eli\Desktop\Claude 
Code\CPQ-System\src\components\ui\card.tsx:7:50
    at BOMGrid (C:\Users\Eli\Desktop\Claude Code\CPQ
-System\src\components\shared\BOMGrid.tsx:22:3)
Warning: A component is `contentEditable` and 
contains `children` managed by React. It is now 
your responsibility to guarantee that none of those 
nodes are unexpectedly modified or duplicated. This 
is probably not intentional.
    at div
    at div
    at div
    at div
    at spy (file:///C:/Users/Eli/Desktop/Claude%20Co
de/CPQ-System/node_modules/tinyspy/dist/index.js:42:
80)
    at div
    at div
    at div
    at C:\Users\Eli\Desktop\Claude 
Code\CPQ-System\src\components\ui\card.tsx:81:57
    at div
    at C:\Users\Eli\Desktop\Claude 
Code\CPQ-System\src\components\ui\card.tsx:7:50
    at BOMGrid (C:\Users\Eli\Desktop\Claude Code\CPQ
-System\src\components\shared\BOMGrid.tsx:22:3)
Warning: A component is `contentEditable` and 
contains `children` managed by React. It is now 
your responsibility to guarantee that none of those 
nodes are unexpectedly modified or duplicated. This 
is probably not intentional.
    at div
    at div
    at div
    at div
    at spy (file:///C:/Users/Eli/Desktop/Claude%20Co
de/CPQ-System/node_modules/tinyspy/dist/index.js:42:
80)
    at div
    at div
    at div
    at C:\Users\Eli\Desktop\Claude 
Code\CPQ-System\src\components\ui\card.tsx:81:57
    at div
    at C:\Users\Eli\Desktop\Claude 
Code\CPQ-System\src\components\ui\card.tsx:7:50
    at BOMGrid (C:\Users\Eli\Desktop\Claude Code\CPQ
-System\src\components\shared\BOMGrid.tsx:22:3)
Warning: A component is `contentEditable` and 
contains `children` managed by React. It is now 
your responsibility to guarantee that none of those 
nodes are unexpectedly modified or duplicated. This 
is probably not intentional.
    at div
    at div
    at div
    at div
    at spy (file:///C:/Users/Eli/Desktop/Claude%20Co
de/CPQ-System/node_modules/tinyspy/dist/index.js:42:
80)
    at div
    at div
    at div
    at C:\Users\Eli\Desktop\Claude 
Code\CPQ-System\src\components\ui\card.tsx:81:57
    at div
    at C:\Users\Eli\Desktop\Claude 
Code\CPQ-System\src\components\ui\card.tsx:7:50
    at BOMGrid (C:\Users\Eli\Desktop\Claude Code\CPQ
-System\src\components\shared\BOMGrid.tsx:22:3)
Warning: A component is `contentEditable` and 
contains `children` managed by React. It is now 
your responsibility to guarantee that none of those 
nodes are unexpectedly modified or duplicated. This 
is probably not intentional.
    at div
    at div
    at div
    at div
    at spy (file:///C:/Users/Eli/Desktop/Claude%20Co
de/CPQ-System/node_modules/tinyspy/dist/index.js:42:
80)
    at div
    at div
    at div
    at C:\Users\Eli\Desktop\Claude 
Code\CPQ-System\src\components\ui\card.tsx:81:57
    at div
    at C:\Users\Eli\Desktop\Claude 
Code\CPQ-System\src\components\ui\card.tsx:7:50
    at BOMGrid (C:\Users\Eli\Desktop\Claude Code\CPQ
-System\src\components\shared\BOMGrid.tsx:22:3)
Warning: A component is `contentEditable` and 
contains `children` managed by React. It is now 
your responsibility to guarantee that none of those 
nodes are unexpectedly modified or duplicated. This 
is probably not intentional.
    at div
    at div
    at div
    at div
    at spy (file:///C:/Users/Eli/Desktop/Claude%20Co
de/CPQ-System/node_modules/tinyspy/dist/index.js:42:
80)
    at div
    at div
    at div
    at C:\Users\Eli\Desktop\Claude 
Code\CPQ-System\src\components\ui\card.tsx:81:57
    at div
    at C:\Users\Eli\Desktop\Claude 
Code\CPQ-System\src\components\ui\card.tsx:7:50
    at BOMGrid (C:\Users\Eli\Desktop\Claude Code\CPQ
-System\src\components\shared\BOMGrid.tsx:22:3)
Warning: A component is `contentEditable` and 
contains `children` managed by React. It is now 
your responsibility to guarantee that none of those 
nodes are unexpectedly modified or duplicated. This 
is probably not intentional.
    at div
    at div
    at div
    at div
    at spy (file:///C:/Users/Eli/Desktop/Claude%20Co
de/CPQ-System/node_modules/tinyspy/dist/index.js:42:
80)
    at div
    at div
    at div
    at C:\Users\Eli\Desktop\Claude 
Code\CPQ-System\src\components\ui\card.tsx:81:57
    at div
    at C:\Users\Eli\Desktop\Claude 
Code\CPQ-System\src\components\ui\card.tsx:7:50
    at BOMGrid (C:\Users\Eli\Desktop\Claude Code\CPQ
-System\src\components\shared\BOMGrid.tsx:22:3)
Warning: A component is `contentEditable` and 
contains `children` managed by React. It is now 
your responsibility to guarantee that none of those 
nodes are unexpectedly modified or duplicated. This 
is probably not intentional.
    at div
    at div
    at div
    at div
    at spy (file:///C:/Users/Eli/Desktop/Claude%20Co
de/CPQ-System/node_modules/tinyspy/dist/index.js:42:
80)
    at div
    at div
    at div
    at C:\Users\Eli\Desktop\Claude 
Code\CPQ-System\src\components\ui\card.tsx:81:57
    at div
    at C:\Users\Eli\Desktop\Claude 
Code\CPQ-System\src\components\ui\card.tsx:7:50
    at BOMGrid (C:\Users\Eli\Desktop\Claude Code\CPQ
-System\src\components\shared\BOMGrid.tsx:22:3)
Warning: A component is `contentEditable` and 
contains `children` managed by React. It is now 
your responsibility to guarantee that none of those 
nodes are unexpectedly modified or duplicated. This 
is probably not intentional.
    at div
    at div
    at div
    at div
    at spy (file:///C:/Users/Eli/Desktop/Claude%20Co
de/CPQ-System/node_modules/tinyspy/dist/index.js:42:
80)
    at div
    at div
    at div
    at C:\Users\Eli\Desktop\Claude 
Code\CPQ-System\src\components\ui\card.tsx:81:57
    at div
    at C:\Users\Eli\Desktop\Claude 
Code\CPQ-System\src\components\ui\card.tsx:7:50
    at BOMGrid (C:\Users\Eli\Desktop\Claude Code\CPQ
-System\src\components\shared\BOMGrid.tsx:22:3)
Warning: A component is `contentEditable` and 
contains `children` managed by React. It is now 
your responsibility to guarantee that none of those 
nodes are unexpectedly modified or duplicated. This 
is probably not intentional.
    at div
    at div
    at div
    at div
    at spy (file:///C:/Users/Eli/Desktop/Claude%20Co
de/CPQ-System/node_modules/tinyspy/dist/index.js:42:
80)
    at div
    at div
    at div
    at C:\Users\Eli\Desktop\Claude 
Code\CPQ-System\src\components\ui\card.tsx:81:57
    at div
    at C:\Users\Eli\Desktop\Claude 
Code\CPQ-System\src\components\ui\card.tsx:7:50
    at BOMGrid (C:\Users\Eli\Desktop\Claude Code\CPQ
-System\src\components\shared\BOMGrid.tsx:22:3)
Warning: A component is `contentEditable` and 
contains `children` managed by React. It is now 
your responsibility to guarantee that none of those 
nodes are unexpectedly modified or duplicated. This 
is probably not intentional.
    at div
    at div
    at div
    at div
    at spy (file:///C:/Users/Eli/Desktop/Claude%20Co
de/CPQ-System/node_modules/tinyspy/dist/index.js:42:
80)
    at div
    at div
    at div
    at C:\Users\Eli\Desktop\Claude 
Code\CPQ-System\src\components\ui\card.tsx:81:57
    at div
    at C:\Users\Eli\Desktop\Claude 
Code\CPQ-System\src\components\ui\card.tsx:7:50
    at BOMGrid (C:\Users\Eli\Desktop\Claude Code\CPQ
-System\src\components\shared\BOMGrid.tsx:22:3)
Warning: A component is `contentEditable` and 
contains `children` managed by React. It is now 
your responsibility to guarantee that none of those 
nodes are unexpectedly modified or duplicated. This 
is probably not intentional.
    at div
    at div
    at div
    at div
    at spy (file:///C:/Users/Eli/Desktop/Claude%20Co
de/CPQ-System/node_modules/tinyspy/dist/index.js:42:
80)
    at div
    at div
    at div
    at C:\Users\Eli\Desktop\Claude 
Code\CPQ-System\src\components\ui\card.tsx:81:57
    at div
    at C:\Users\Eli\Desktop\Claude 
Code\CPQ-System\src\components\ui\card.tsx:7:50
    at BOMGrid (C:\Users\Eli\Desktop\Claude Code\CPQ
-System\src\components\shared\BOMGrid.tsx:22:3)
Warning: A component is `contentEditable` and 
contains `children` managed by React. It is now 
your responsibility to guarantee that none of those 
nodes are unexpectedly modified or duplicated. This 
is probably not intentional.
    at div
    at div
    at div
    at div
    at spy (file:///C:/Users/Eli/Desktop/Claude%20Co
de/CPQ-System/node_modules/tinyspy/dist/index.js:42:
80)
    at div
    at div
    at div
    at C:\Users\Eli\Desktop\Claude 
Code\CPQ-System\src\components\ui\card.tsx:81:57
    at div
    at C:\Users\Eli\Desktop\Claude 
Code\CPQ-System\src\components\ui\card.tsx:7:50
    at BOMGrid (C:\Users\Eli\Desktop\Claude Code\CPQ
-System\src\components\shared\BOMGrid.tsx:22:3)
Warning: A component is `contentEditable` and 
contains `children` managed by React. It is now 
your responsibility to guarantee that none of those 
nodes are unexpectedly modified or duplicated. This 
is probably not intentional.
    at div
    at div
    at div
    at div
    at spy (file:///C:/Users/Eli/Desktop/Claude%20Co
de/CPQ-System/node_modules/tinyspy/dist/index.js:42:
80)
    at div
    at div
    at div
    at C:\Users\Eli\Desktop\Claude 
Code\CPQ-System\src\components\ui\card.tsx:81:57
    at div
    at C:\Users\Eli\Desktop\Claude 
Code\CPQ-System\src\components\ui\card.tsx:7:50
    at BOMGrid (C:\Users\Eli\Desktop\Claude Code\CPQ
-System\src\components\shared\BOMGrid.tsx:22:3)
Warning: A component is `contentEditable` and 
contains `children` managed by React. It is now 
your responsibility to guarantee that none of those 
nodes are unexpectedly modified or duplicated. This 
is probably not intentional.
    at div
    at div
    at div
    at div
    at spy (file:///C:/Users/Eli/Desktop/Claude%20Co
de/CPQ-System/node_modules/tinyspy/dist/index.js:42:
80)
    at div
    at div
    at div
    at C:\Users\Eli\Desktop\Claude 
Code\CPQ-System\src\components\ui\card.tsx:81:57
    at div
    at C:\Users\Eli\Desktop\Claude 
Code\CPQ-System\src\components\ui\card.tsx:7:50
    at BOMGrid (C:\Users\Eli\Desktop\Claude Code\CPQ
-System\src\components\shared\BOMGrid.tsx:22:3)
Warning: A component is `contentEditable` and 
contains `children` managed by React. It is now 
your responsibility to guarantee that none of those 
nodes are unexpectedly modified or duplicated. This 
is probably not intentional.
    at div
    at div
    at div
    at div
    at spy (file:///C:/Users/Eli/Desktop/Claude%20Co
de/CPQ-System/node_modules/tinyspy/dist/index.js:42:
80)
    at div
    at div
    at div
    at C:\Users\Eli\Desktop\Claude 
Code\CPQ-System\src\components\ui\card.tsx:81:57
    at div
    at C:\Users\Eli\Desktop\Claude 
Code\CPQ-System\src\components\ui\card.tsx:7:50
    at BOMGrid (C:\Users\Eli\Desktop\Claude Code\CPQ
-System\src\components\shared\BOMGrid.tsx:22:3)
Warning: A component is `contentEditable` and 
contains `children` managed by React. It is now 
your responsibility to guarantee that none of those 
nodes are unexpectedly modified or duplicated. This 
is probably not intentional.
    at div
    at div
    at div
    at div
    at spy (file:///C:/Users/Eli/Desktop/Claude%20Co
de/CPQ-System/node_modules/tinyspy/dist/index.js:42:
80)
    at div
    at div
    at div
    at C:\Users\Eli\Desktop\Claude 
Code\CPQ-System\src\components\ui\card.tsx:81:57
    at div
    at C:\Users\Eli\Desktop\Claude 
Code\CPQ-System\src\components\ui\card.tsx:7:50
    at BOMGrid (C:\Users\Eli\Desktop\Claude Code\CPQ
-System\src\components\shared\BOMGrid.tsx:22:3)
Warning: A component is `contentEditable` and 
contains `children` managed by React. It is now 
your responsibility to guarantee that none of those 
nodes are unexpectedly modified or duplicated. This 
is probably not intentional.
    at div
    at div
    at div
    at div
    at spy (file:///C:/Users/Eli/Desktop/Claude%20Co
de/CPQ-System/node_modules/tinyspy/dist/index.js:42:
80)
    at div
    at div
    at div
    at C:\Users\Eli\Desktop\Claude 
Code\CPQ-System\src\components\ui\card.tsx:81:57
    at div
    at C:\Users\Eli\Desktop\Claude 
Code\CPQ-System\src\components\ui\card.tsx:7:50
    at BOMGrid (C:\Users\Eli\Desktop\Claude Code\CPQ
-System\src\components\shared\BOMGrid.tsx:22:3)

[90mstderr[2m | src/components/shared/__tests__/BO
MGrid.test.tsx[2m > [22m[2mBOMGrid[2m > 
[22m[2mBasic Grid Functionality[2m > 
[22m[2mdisplays correct column headers[22m[39m
Warning: A component is `contentEditable` and 
contains `children` managed by React. It is now 
your responsibility to guarantee that none of those 
nodes are unexpectedly modified or duplicated. This 
is probably not intentional.
    at div
    at div
    at div
    at div
    at spy (file:///C:/Users/Eli/Desktop/Claude%20Co
de/CPQ-System/node_modules/tinyspy/dist/index.js:42:
80)
    at div
    at div
    at div
    at C:\Users\Eli\Desktop\Claude 
Code\CPQ-System\src\components\ui\card.tsx:81:57
    at div
    at C:\Users\Eli\Desktop\Claude 
Code\CPQ-System\src\components\ui\card.tsx:7:50
    at BOMGrid (C:\Users\Eli\Desktop\Claude Code\CPQ
-System\src\components\shared\BOMGrid.tsx:22:3)
Warning: A component is `contentEditable` and 
contains `children` managed by React. It is now 
your responsibility to guarantee that none of those 
nodes are unexpectedly modified or duplicated. This 
is probably not intentional.
    at div
    at div
    at div
    at div
    at spy (file:///C:/Users/Eli/Desktop/Claude%20Co
de/CPQ-System/node_modules/tinyspy/dist/index.js:42:
80)
    at div
    at div
    at div
    at C:\Users\Eli\Desktop\Claude 
Code\CPQ-System\src\components\ui\card.tsx:81:57
    at div
    at C:\Users\Eli\Desktop\Claude 
Code\CPQ-System\src\components\ui\card.tsx:7:50
    at BOMGrid (C:\Users\Eli\Desktop\Claude Code\CPQ
-System\src\components\shared\BOMGrid.tsx:22:3)
Warning: A component is `contentEditable` and 
contains `children` managed by React. It is now 
your responsibility to guarantee that none of those 
nodes are unexpectedly modified or duplicated. This 
is probably not intentional.
    at div
    at div
    at div
    at div
    at spy (file:///C:/Users/Eli/Desktop/Claude%20Co
de/CPQ-System/node_modules/tinyspy/dist/index.js:42:
80)
    at div
    at div
    at div
    at C:\Users\Eli\Desktop\Claude 
Code\CPQ-System\src\components\ui\card.tsx:81:57
    at div
    at C:\Users\Eli\Desktop\Claude 
Code\CPQ-System\src\components\ui\card.tsx:7:50
    at BOMGrid (C:\Users\Eli\Desktop\Claude Code\CPQ
-System\src\components\shared\BOMGrid.tsx:22:3)
Warning: A component is `contentEditable` and 
contains `children` managed by React. It is now 
your responsibility to guarantee that none of those 
nodes are unexpectedly modified or duplicated. This 
is probably not intentional.
    at div
    at div
    at div
    at div
    at spy (file:///C:/Users/Eli/Desktop/Claude%20Co
de/CPQ-System/node_modules/tinyspy/dist/index.js:42:
80)
    at div
    at div
    at div
    at C:\Users\Eli\Desktop\Claude 
Code\CPQ-System\src\components\ui\card.tsx:81:57
    at div
    at C:\Users\Eli\Desktop\Claude 
Code\CPQ-System\src\components\ui\card.tsx:7:50
    at BOMGrid (C:\Users\Eli\Desktop\Claude Code\CPQ
-System\src\components\shared\BOMGrid.tsx:22:3)
Warning: A component is `contentEditable` and 
contains `children` managed by React. It is now 
your responsibility to guarantee that none of those 
nodes are unexpectedly modified or duplicated. This 
is probably not intentional.
    at div
    at div
    at div
    at div
    at spy (file:///C:/Users/Eli/Desktop/Claude%20Co
de/CPQ-System/node_modules/tinyspy/dist/index.js:42:
80)
    at div
    at div
    at div
    at C:\Users\Eli\Desktop\Claude 
Code\CPQ-System\src\components\ui\card.tsx:81:57
    at div
    at C:\Users\Eli\Desktop\Claude 
Code\CPQ-System\src\components\ui\card.tsx:7:50
    at BOMGrid (C:\Users\Eli\Desktop\Claude Code\CPQ
-System\src\components\shared\BOMGrid.tsx:22:3)
Warning: A component is `contentEditable` and 
contains `children` managed by React. It is now 
your responsibility to guarantee that none of those 
nodes are unexpectedly modified or duplicated. This 
is probably not intentional.
    at div
    at div
    at div
    at div
    at spy (file:///C:/Users/Eli/Desktop/Claude%20Co
de/CPQ-System/node_modules/tinyspy/dist/index.js:42:
80)
    at div
    at div
    at div
    at C:\Users\Eli\Desktop\Claude 
Code\CPQ-System\src\components\ui\card.tsx:81:57
    at div
    at C:\Users\Eli\Desktop\Claude 
Code\CPQ-System\src\components\ui\card.tsx:7:50
    at BOMGrid (C:\Users\Eli\Desktop\Claude Code\CPQ
-System\src\components\shared\BOMGrid.tsx:22:3)
Warning: A component is `contentEditable` and 
contains `children` managed by React. It is now 
your responsibility to guarantee that none of those 
nodes are unexpectedly modified or duplicated. This 
is probably not intentional.
    at div
    at div
    at div
    at div
    at spy (file:///C:/Users/Eli/Desktop/Claude%20Co
de/CPQ-System/node_modules/tinyspy/dist/index.js:42:
80)
    at div
    at div
    at div
    at C:\Users\Eli\Desktop\Claude 
Code\CPQ-System\src\components\ui\card.tsx:81:57
    at div
    at C:\Users\Eli\Desktop\Claude 
Code\CPQ-System\src\components\ui\card.tsx:7:50
    at BOMGrid (C:\Users\Eli\Desktop\Claude Code\CPQ
-System\src\components\shared\BOMGrid.tsx:22:3)
Warning: A component is `contentEditable` and 
contains `children` managed by React. It is now 
your responsibility to guarantee that none of those 
nodes are unexpectedly modified or duplicated. This 
is probably not intentional.
    at div
    at div
    at div
    at div
    at spy (file:///C:/Users/Eli/Desktop/Claude%20Co
de/CPQ-System/node_modules/tinyspy/dist/index.js:42:
80)
    at div
    at div
    at div
    at C:\Users\Eli\Desktop\Claude 
Code\CPQ-System\src\components\ui\card.tsx:81:57
    at div
    at C:\Users\Eli\Desktop\Claude 
Code\CPQ-System\src\components\ui\card.tsx:7:50
    at BOMGrid (C:\Users\Eli\Desktop\Claude Code\CPQ
-System\src\components\shared\BOMGrid.tsx:22:3)
Warning: A component is `contentEditable` and 
contains `children` managed by React. It is now 
your responsibility to guarantee that none of those 
nodes are unexpectedly modified or duplicated. This 
is probably not intentional.
    at div
    at div
    at div
    at div
    at spy (file:///C:/Users/Eli/Desktop/Claude%20Co
de/CPQ-System/node_modules/tinyspy/dist/index.js:42:
80)
    at div
    at div
    at div
    at C:\Users\Eli\Desktop\Claude 
Code\CPQ-System\src\components\ui\card.tsx:81:57
    at div
    at C:\Users\Eli\Desktop\Claude 
Code\CPQ-System\src\components\ui\card.tsx:7:50
    at BOMGrid (C:\Users\Eli\Desktop\Claude Code\CPQ
-System\src\components\shared\BOMGrid.tsx:22:3)
Warning: A component is `contentEditable` and 
contains `children` managed by React. It is now 
your responsibility to guarantee that none of those 
nodes are unexpectedly modified or duplicated. This 
is probably not intentional.
    at div
    at div
    at div
    at div
    at spy (file:///C:/Users/Eli/Desktop/Claude%20Co
de/CPQ-System/node_modules/tinyspy/dist/index.js:42:
80)
    at div
    at div
    at div
    at C:\Users\Eli\Desktop\Claude 
Code\CPQ-System\src\components\ui\card.tsx:81:57
    at div
    at C:\Users\Eli\Desktop\Claude 
Code\CPQ-System\src\components\ui\card.tsx:7:50
    at BOMGrid (C:\Users\Eli\Desktop\Claude Code\CPQ
-System\src\components\shared\BOMGrid.tsx:22:3)
Warning: A component is `contentEditable` and 
contains `children` managed by React. It is now 
your responsibility to guarantee that none of those 
nodes are unexpectedly modified or duplicated. This 
is probably not intentional.
    at div
    at div
    at div
    at div
    at spy (file:///C:/Users/Eli/Desktop/Claude%20Co
de/CPQ-System/node_modules/tinyspy/dist/index.js:42:
80)
    at div
    at div
    at div
    at C:\Users\Eli\Desktop\Claude 
Code\CPQ-System\src\components\ui\card.tsx:81:57
    at div
    at C:\Users\Eli\Desktop\Claude 
Code\CPQ-System\src\components\ui\card.tsx:7:50
    at BOMGrid (C:\Users\Eli\Desktop\Claude Code\CPQ
-System\src\components\shared\BOMGrid.tsx:22:3)
Warning: A component is `contentEditable` and 
contains `children` managed by React. It is now 
your responsibility to guarantee that none of those 
nodes are unexpectedly modified or duplicated. This 
is probably not intentional.
    at div
    at div
    at div
    at div
    at spy (file:///C:/Users/Eli/Desktop/Claude%20Co
de/CPQ-System/node_modules/tinyspy/dist/index.js:42:
80)
    at div
    at div
    at div
    at C:\Users\Eli\Desktop\Claude 
Code\CPQ-System\src\components\ui\card.tsx:81:57
    at div
    at C:\Users\Eli\Desktop\Claude 
Code\CPQ-System\src\components\ui\card.tsx:7:50
    at BOMGrid (C:\Users\Eli\Desktop\Claude Code\CPQ
-System\src\components\shared\BOMGrid.tsx:22:3)
Warning: A component is `contentEditable` and 
contains `children` managed by React. It is now 
your responsibility to guarantee that none of those 
nodes are unexpectedly modified or duplicated. This 
is probably not intentional.
    at div
    at div
    at div
    at div
    at spy (file:///C:/Users/Eli/Desktop/Claude%20Co
de/CPQ-System/node_modules/tinyspy/dist/index.js:42:
80)
    at div
    at div
    at div
    at C:\Users\Eli\Desktop\Claude 
Code\CPQ-System\src\components\ui\card.tsx:81:57
    at div
    at C:\Users\Eli\Desktop\Claude 
Code\CPQ-System\src\components\ui\card.tsx:7:50
    at BOMGrid (C:\Users\Eli\Desktop\Claude Code\CPQ
-System\src\components\shared\BOMGrid.tsx:22:3)
Warning: A component is `contentEditable` and 
contains `children` managed by React. It is now 
your responsibility to guarantee that none of those 
nodes are unexpectedly modified or duplicated. This 
is probably not intentional.
    at div
    at div
    at div
    at div
    at spy (file:///C:/Users/Eli/Desktop/Claude%20Co
de/CPQ-System/node_modules/tinyspy/dist/index.js:42:
80)
    at div
    at div
    at div
    at C:\Users\Eli\Desktop\Claude 
Code\CPQ-System\src\components\ui\card.tsx:81:57
    at div
    at C:\Users\Eli\Desktop\Claude 
Code\CPQ-System\src\components\ui\card.tsx:7:50
    at BOMGrid (C:\Users\Eli\Desktop\Claude Code\CPQ
-System\src\components\shared\BOMGrid.tsx:22:3)
Warning: A component is `contentEditable` and 
contains `children` managed by React. It is now 
your responsibility to guarantee that none of those 
nodes are unexpectedly modified or duplicated. This 
is probably not intentional.
    at div
    at div
    at div
    at div
    at spy (file:///C:/Users/Eli/Desktop/Claude%20Co
de/CPQ-System/node_modules/tinyspy/dist/index.js:42:
80)
    at div
    at div
    at div
    at C:\Users\Eli\Desktop\Claude 
Code\CPQ-System\src\components\ui\card.tsx:81:57
    at div
    at C:\Users\Eli\Desktop\Claude 
Code\CPQ-System\src\components\ui\card.tsx:7:50
    at BOMGrid (C:\Users\Eli\Desktop\Claude Code\CPQ
-System\src\components\shared\BOMGrid.tsx:22:3)
Warning: A component is `contentEditable` and 
contains `children` managed by React. It is now 
your responsibility to guarantee that none of those 
nodes are unexpectedly modified or duplicated. This 
is probably not intentional.
    at div
    at div
    at div
    at div
    at spy (file:///C:/Users/Eli/Desktop/Claude%20Co
de/CPQ-System/node_modules/tinyspy/dist/index.js:42:
80)
    at div
    at div
    at div
    at C:\Users\Eli\Desktop\Claude 
Code\CPQ-System\src\components\ui\card.tsx:81:57
    at div
    at C:\Users\Eli\Desktop\Claude 
Code\CPQ-System\src\components\ui\card.tsx:7:50
    at BOMGrid (C:\Users\Eli\Desktop\Claude Code\CPQ
-System\src\components\shared\BOMGrid.tsx:22:3)
Warning: A component is `contentEditable` and 
contains `children` managed by React. It is now 
your responsibility to guarantee that none of those 
nodes are unexpectedly modified or duplicated. This 
is probably not intentional.
    at div
    at div
    at div
    at div
    at spy (file:///C:/Users/Eli/Desktop/Claude%20Co
de/CPQ-System/node_modules/tinyspy/dist/index.js:42:
80)
    at div
    at div
    at div
    at C:\Users\Eli\Desktop\Claude 
Code\CPQ-System\src\components\ui\card.tsx:81:57
    at div
    at C:\Users\Eli\Desktop\Claude 
Code\CPQ-System\src\components\ui\card.tsx:7:50
    at BOMGrid (C:\Users\Eli\Desktop\Claude Code\CPQ
-System\src\components\shared\BOMGrid.tsx:22:3)
Warning: A component is `contentEditable` and 
contains `children` managed by React. It is now 
your responsibility to guarantee that none of those 
nodes are unexpectedly modified or duplicated. This 
is probably not intentional.
    at div
    at div
    at div
    at div
    at spy (file:///C:/Users/Eli/Desktop/Claude%20Co
de/CPQ-System/node_modules/tinyspy/dist/index.js:42:
80)
    at div
    at div
    at div
    at C:\Users\Eli\Desktop\Claude 
Code\CPQ-System\src\components\ui\card.tsx:81:57
    at div
    at C:\Users\Eli\Desktop\Claude 
Code\CPQ-System\src\components\ui\card.tsx:7:50
    at BOMGrid (C:\Users\Eli\Desktop\Claude Code\CPQ
-System\src\components\shared\BOMGrid.tsx:22:3)
Warning: A component is `contentEditable` and 
contains `children` managed by React. It is now 
your responsibility to guarantee that none of those 
nodes are unexpectedly modified or duplicated. This 
is probably not intentional.
    at div
    at div
    at div
    at div
    at spy (file:///C:/Users/Eli/Desktop/Claude%20Co
de/CPQ-System/node_modules/tinyspy/dist/index.js:42:
80)
    at div
    at div
    at div
    at C:\Users\Eli\Desktop\Claude 
Code\CPQ-System\src\components\ui\card.tsx:81:57
    at div
    at C:\Users\Eli\Desktop\Claude 
Code\CPQ-System\src\components\ui\card.tsx:7:50
    at BOMGrid (C:\Users\Eli\Desktop\Claude Code\CPQ
-System\src\components\shared\BOMGrid.tsx:22:3)
Warning: A component is `contentEditable` and 
contains `children` managed by React. It is now 
your responsibility to guarantee that none of those 
nodes are unexpectedly modified or duplicated. This 
is probably not intentional.
    at div
    at div
    at div
    at div
    at spy (file:///C:/Users/Eli/Desktop/Claude%20Co
de/CPQ-System/node_modules/tinyspy/dist/index.js:42:
80)
    at div
    at div
    at div
    at C:\Users\Eli\Desktop\Claude 
Code\CPQ-System\src\components\ui\card.tsx:81:57
    at div
    at C:\Users\Eli\Desktop\Claude 
Code\CPQ-System\src\components\ui\card.tsx:7:50
    at BOMGrid (C:\Users\Eli\Desktop\Claude Code\CPQ
-System\src\components\shared\BOMGrid.tsx:22:3)
Warning: A component is `contentEditable` and 
contains `children` managed by React. It is now 
your responsibility to guarantee that none of those 
nodes are unexpectedly modified or duplicated. This 
is probably not intentional.
    at div
    at div
    at div
    at div
    at spy (file:///C:/Users/Eli/Desktop/Claude%20Co
de/CPQ-System/node_modules/tinyspy/dist/index.js:42:
80)
    at div
    at div
    at div
    at C:\Users\Eli\Desktop\Claude 
Code\CPQ-System\src\components\ui\card.tsx:81:57
    at div
    at C:\Users\Eli\Desktop\Claude 
Code\CPQ-System\src\components\ui\card.tsx:7:50
    at BOMGrid (C:\Users\Eli\Desktop\Claude Code\CPQ
-System\src\components\shared\BOMGrid.tsx:22:3)
Warning: A component is `contentEditable` and 
contains `children` managed by React. It is now 
your responsibility to guarantee that none of those 
nodes are unexpectedly modified or duplicated. This 
is probably not intentional.
    at div
    at div
    at div
    at div
    at spy (file:///C:/Users/Eli/Desktop/Claude%20Co
de/CPQ-System/node_modules/tinyspy/dist/index.js:42:
80)
    at div
    at div
    at div
    at C:\Users\Eli\Desktop\Claude 
Code\CPQ-System\src\components\ui\card.tsx:81:57
    at div
    at C:\Users\Eli\Desktop\Claude 
Code\CPQ-System\src\components\ui\card.tsx:7:50
    at BOMGrid (C:\Users\Eli\Desktop\Claude Code\CPQ
-System\src\components\shared\BOMGrid.tsx:22:3)
Warning: A component is `contentEditable` and 
contains `children` managed by React. It is now 
your responsibility to guarantee that none of those 
nodes are unexpectedly modified or duplicated. This 
is probably not intentional.
    at div
    at div
    at div
    at div
    at spy (file:///C:/Users/Eli/Desktop/Claude%20Co
de/CPQ-System/node_modules/tinyspy/dist/index.js:42:
80)
    at div
    at div
    at div
    at C:\Users\Eli\Desktop\Claude 
Code\CPQ-System\src\components\ui\card.tsx:81:57
    at div
    at C:\Users\Eli\Desktop\Claude 
Code\CPQ-System\src\components\ui\card.tsx:7:50
    at BOMGrid (C:\Users\Eli\Desktop\Claude Code\CPQ
-System\src\components\shared\BOMGrid.tsx:22:3)
Warning: A component is `contentEditable` and 
contains `children` managed by React. It is now 
your responsibility to guarantee that none of those 
nodes are unexpectedly modified or duplicated. This 
is probably not intentional.
    at div
    at div
    at div
    at div
    at spy (file:///C:/Users/Eli/Desktop/Claude%20Co
de/CPQ-System/node_modules/tinyspy/dist/index.js:42:
80)
    at div
    at div
    at div
    at C:\Users\Eli\Desktop\Claude 
Code\CPQ-System\src\components\ui\card.tsx:81:57
    at div
    at C:\Users\Eli\Desktop\Claude 
Code\CPQ-System\src\components\ui\card.tsx:7:50
    at BOMGrid (C:\Users\Eli\Desktop\Claude Code\CPQ
-System\src\components\shared\BOMGrid.tsx:22:3)
Warning: A component is `contentEditable` and 
contains `children` managed by React. It is now 
your responsibility to guarantee that none of those 
nodes are unexpectedly modified or duplicated. This 
is probably not intentional.
    at div
    at div
    at div
    at div
    at spy (file:///C:/Users/Eli/Desktop/Claude%20Co
de/CPQ-System/node_modules/tinyspy/dist/index.js:42:
80)
    at div
    at div
    at div
    at C:\Users\Eli\Desktop\Claude 
Code\CPQ-System\src\components\ui\card.tsx:81:57
    at div
    at C:\Users\Eli\Desktop\Claude 
Code\CPQ-System\src\components\ui\card.tsx:7:50
    at BOMGrid (C:\Users\Eli\Desktop\Claude Code\CPQ
-System\src\components\shared\BOMGrid.tsx:22:3)
Warning: A component is `contentEditable` and 
contains `children` managed by React. It is now 
your responsibility to guarantee that none of those 
nodes are unexpectedly modified or duplicated. This 
is probably not intentional.
    at div
    at div
    at div
    at div
    at spy (file:///C:/Users/Eli/Desktop/Claude%20Co
de/CPQ-System/node_modules/tinyspy/dist/index.js:42:
80)
    at div
    at div
    at div
    at C:\Users\Eli\Desktop\Claude 
Code\CPQ-System\src\components\ui\card.tsx:81:57
    at div
    at C:\Users\Eli\Desktop\Claude 
Code\CPQ-System\src\components\ui\card.tsx:7:50
    at BOMGrid (C:\Users\Eli\Desktop\Claude Code\CPQ
-System\src\components\shared\BOMGrid.tsx:22:3)
Warning: A component is `contentEditable` and 
contains `children` managed by React. It is now 
your responsibility to guarantee that none of those 
nodes are unexpectedly modified or duplicated. This 
is probably not intentional.
    at div
    at div
    at div
    at div
    at spy (file:///C:/Users/Eli/Desktop/Claude%20Co
de/CPQ-System/node_modules/tinyspy/dist/index.js:42:
80)
    at div
    at div
    at div
    at C:\Users\Eli\Desktop\Claude 
Code\CPQ-System\src\components\ui\card.tsx:81:57
    at div
    at C:\Users\Eli\Desktop\Claude 
Code\CPQ-System\src\components\ui\card.tsx:7:50
    at BOMGrid (C:\Users\Eli\Desktop\Claude Code\CPQ
-System\src\components\shared\BOMGrid.tsx:22:3)
Warning: A component is `contentEditable` and 
contains `children` managed by React. It is now 
your responsibility to guarantee that none of those 
nodes are unexpectedly modified or duplicated. This 
is probably not intentional.
    at div
    at div
    at div
    at div
    at spy (file:///C:/Users/Eli/Desktop/Claude%20Co
de/CPQ-System/node_modules/tinyspy/dist/index.js:42:
80)
    at div
    at div
    at div
    at C:\Users\Eli\Desktop\Claude 
Code\CPQ-System\src\components\ui\card.tsx:81:57
    at div
    at C:\Users\Eli\Desktop\Claude 
Code\CPQ-System\src\components\ui\card.tsx:7:50
    at BOMGrid (C:\Users\Eli\Desktop\Claude Code\CPQ
-System\src\components\shared\BOMGrid.tsx:22:3)
Warning: A component is `contentEditable` and 
contains `children` managed by React. It is now 
your responsibility to guarantee that none of those 
nodes are unexpectedly modified or duplicated. This 
is probably not intentional.
    at div
    at div
    at div
    at div
    at spy (file:///C:/Users/Eli/Desktop/Claude%20Co
de/CPQ-System/node_modules/tinyspy/dist/index.js:42:
80)
    at div
    at div
    at div
    at C:\Users\Eli\Desktop\Claude 
Code\CPQ-System\src\components\ui\card.tsx:81:57
    at div
    at C:\Users\Eli\Desktop\Claude 
Code\CPQ-System\src\components\ui\card.tsx:7:50
    at BOMGrid (C:\Users\Eli\Desktop\Claude Code\CPQ
-System\src\components\shared\BOMGrid.tsx:22:3)
Warning: A component is `contentEditable` and 
contains `children` managed by React. It is now 
your responsibility to guarantee that none of those 
nodes are unexpectedly modified or duplicated. This 
is probably not intentional.
    at div
    at div
    at div
    at div
    at spy (file:///C:/Users/Eli/Desktop/Claude%20Co
de/CPQ-System/node_modules/tinyspy/dist/index.js:42:
80)
    at div
    at div
    at div
    at C:\Users\Eli\Desktop\Claude 
Code\CPQ-System\src\components\ui\card.tsx:81:57
    at div
    at C:\Users\Eli\Desktop\Claude 
Code\CPQ-System\src\components\ui\card.tsx:7:50
    at BOMGrid (C:\Users\Eli\Desktop\Claude Code\CPQ
-System\src\components\shared\BOMGrid.tsx:22:3)
Warning: A component is `contentEditable` and 
contains `children` managed by React. It is now 
your responsibility to guarantee that none of those 
nodes are unexpectedly modified or duplicated. This 
is probably not intentional.
    at div
    at div
    at div
    at div
    at spy (file:///C:/Users/Eli/Desktop/Claude%20Co
de/CPQ-System/node_modules/tinyspy/dist/index.js:42:
80)
    at div
    at div
    at div
    at C:\Users\Eli\Desktop\Claude 
Code\CPQ-System\src\components\ui\card.tsx:81:57
    at div
    at C:\Users\Eli\Desktop\Claude 
Code\CPQ-System\src\components\ui\card.tsx:7:50
    at BOMGrid (C:\Users\Eli\Desktop\Claude Code\CPQ
-System\src\components\shared\BOMGrid.tsx:22:3)
Warning: A component is `contentEditable` and 
contains `children` managed by React. It is now 
your responsibility to guarantee that none of those 
nodes are unexpectedly modified or duplicated. This 
is probably not intentional.
    at div
    at div
    at div
    at div
    at spy (file:///C:/Users/Eli/Desktop/Claude%20Co
de/CPQ-System/node_modules/tinyspy/dist/index.js:42:
80)
    at div
    at div
    at div
    at C:\Users\Eli\Desktop\Claude 
Code\CPQ-System\src\components\ui\card.tsx:81:57
    at div
    at C:\Users\Eli\Desktop\Claude 
Code\CPQ-System\src\components\ui\card.tsx:7:50
    at BOMGrid (C:\Users\Eli\Desktop\Claude Code\CPQ
-System\src\components\shared\BOMGrid.tsx:22:3)
Warning: A component is `contentEditable` and 
contains `children` managed by React. It is now 
your responsibility to guarantee that none of those 
nodes are unexpectedly modified or duplicated. This 
is probably not intentional.
    at div
    at div
    at div
    at div
    at spy (file:///C:/Users/Eli/Desktop/Claude%20Co
de/CPQ-System/node_modules/tinyspy/dist/index.js:42:
80)
    at div
    at div
    at div
    at C:\Users\Eli\Desktop\Claude 
Code\CPQ-System\src\components\ui\card.tsx:81:57
    at div
    at C:\Users\Eli\Desktop\Claude 
Code\CPQ-System\src\components\ui\card.tsx:7:50
    at BOMGrid (C:\Users\Eli\Desktop\Claude Code\CPQ
-System\src\components\shared\BOMGrid.tsx:22:3)
Warning: A component is `contentEditable` and 
contains `children` managed by React. It is now 
your responsibility to guarantee that none of those 
nodes are unexpectedly modified or duplicated. This 
is probably not intentional.
    at div
    at div
    at div
    at div
    at spy (file:///C:/Users/Eli/Desktop/Claude%20Co
de/CPQ-System/node_modules/tinyspy/dist/index.js:42:
80)
    at div
    at div
    at div
    at C:\Users\Eli\Desktop\Claude 
Code\CPQ-System\src\components\ui\card.tsx:81:57
    at div
    at C:\Users\Eli\Desktop\Claude 
Code\CPQ-System\src\components\ui\card.tsx:7:50
    at BOMGrid (C:\Users\Eli\Desktop\Claude Code\CPQ
-System\src\components\shared\BOMGrid.tsx:22:3)
Warning: A component is `contentEditable` and 
contains `children` managed by React. It is now 
your responsibility to guarantee that none of those 
nodes are unexpectedly modified or duplicated. This 
is probably not intentional.
    at div
    at div
    at div
    at div
    at spy (file:///C:/Users/Eli/Desktop/Claude%20Co
de/CPQ-System/node_modules/tinyspy/dist/index.js:42:
80)
    at div
    at div
    at div
    at C:\Users\Eli\Desktop\Claude 
Code\CPQ-System\src\components\ui\card.tsx:81:57
    at div
    at C:\Users\Eli\Desktop\Claude 
Code\CPQ-System\src\components\ui\card.tsx:7:50
    at BOMGrid (C:\Users\Eli\Desktop\Claude Code\CPQ
-System\src\components\shared\BOMGrid.tsx:22:3)
Warning: A component is `contentEditable` and 
contains `children` managed by React. It is now 
your responsibility to guarantee that none of those 
nodes are unexpectedly modified or duplicated. This 
is probably not intentional.
    at div
    at div
    at div
    at div
    at spy (file:///C:/Users/Eli/Desktop/Claude%20Co
de/CPQ-System/node_modules/tinyspy/dist/index.js:42:
80)
    at div
    at div
    at div
    at C:\Users\Eli\Desktop\Claude 
Code\CPQ-System\src\components\ui\card.tsx:81:57
    at div
    at C:\Users\Eli\Desktop\Claude 
Code\CPQ-System\src\components\ui\card.tsx:7:50
    at BOMGrid (C:\Users\Eli\Desktop\Claude Code\CPQ
-System\src\components\shared\BOMGrid.tsx:22:3)
Warning: A component is `contentEditable` and 
contains `children` managed by React. It is now 
your responsibility to guarantee that none of those 
nodes are unexpectedly modified or duplicated. This 
is probably not intentional.
    at div
    at div
    at div
    at div
    at spy (file:///C:/Users/Eli/Desktop/Claude%20Co
de/CPQ-System/node_modules/tinyspy/dist/index.js:42:
80)
    at div
    at div
    at div
    at C:\Users\Eli\Desktop\Claude 
Code\CPQ-System\src\components\ui\card.tsx:81:57
    at div
    at C:\Users\Eli\Desktop\Claude 
Code\CPQ-System\src\components\ui\card.tsx:7:50
    at BOMGrid (C:\Users\Eli\Desktop\Claude Code\CPQ
-System\src\components\shared\BOMGrid.tsx:22:3)
Warning: A component is `contentEditable` and 
contains `children` managed by React. It is now 
your responsibility to guarantee that none of those 
nodes are unexpectedly modified or duplicated. This 
is probably not intentional.
    at div
    at div
    at div
    at div
    at spy (file:///C:/Users/Eli/Desktop/Claude%20Co
de/CPQ-System/node_modules/tinyspy/dist/index.js:42:
80)
    at div
    at div
    at div
    at C:\Users\Eli\Desktop\Claude 
Code\CPQ-System\src\components\ui\card.tsx:81:57
    at div
    at C:\Users\Eli\Desktop\Claude 
Code\CPQ-System\src\components\ui\card.tsx:7:50
    at BOMGrid (C:\Users\Eli\Desktop\Claude Code\CPQ
-System\src\components\shared\BOMGrid.tsx:22:3)
Warning: A component is `contentEditable` and 
contains `children` managed by React. It is now 
your responsibility to guarantee that none of those 
nodes are unexpectedly modified or duplicated. This 
is probably not intentional.
    at div
    at div
    at div
    at div
    at spy (file:///C:/Users/Eli/Desktop/Claude%20Co
de/CPQ-System/node_modules/tinyspy/dist/index.js:42:
80)
    at div
    at div
    at div
    at C:\Users\Eli\Desktop\Claude 
Code\CPQ-System\src\components\ui\card.tsx:81:57
    at div
    at C:\Users\Eli\Desktop\Claude 
Code\CPQ-System\src\components\ui\card.tsx:7:50
    at BOMGrid (C:\Users\Eli\Desktop\Claude Code\CPQ
-System\src\components\shared\BOMGrid.tsx:22:3)
Warning: A component is `contentEditable` and 
contains `children` managed by React. It is now 
your responsibility to guarantee that none of those 
nodes are unexpectedly modified or duplicated. This 
is probably not intentional.
    at div
    at div
    at div
    at div
    at spy (file:///C:/Users/Eli/Desktop/Claude%20Co
de/CPQ-System/node_modules/tinyspy/dist/index.js:42:
80)
    at div
    at div
    at div
    at C:\Users\Eli\Desktop\Claude 
Code\CPQ-System\src\components\ui\card.tsx:81:57
    at div
    at C:\Users\Eli\Desktop\Claude 
Code\CPQ-System\src\components\ui\card.tsx:7:50
    at BOMGrid (C:\Users\Eli\Desktop\Claude Code\CPQ
-System\src\components\shared\BOMGrid.tsx:22:3)
Warning: A component is `contentEditable` and 
contains `children` managed by React. It is now 
your responsibility to guarantee that none of those 
nodes are unexpectedly modified or duplicated. This 
is probably not intentional.
    at div
    at div
    at div
    at div
    at spy (file:///C:/Users/Eli/Desktop/Claude%20Co
de/CPQ-System/node_modules/tinyspy/dist/index.js:42:
80)
    at div
    at div
    at div
    at C:\Users\Eli\Desktop\Claude 
Code\CPQ-System\src\components\ui\card.tsx:81:57
    at div
    at C:\Users\Eli\Desktop\Claude 
Code\CPQ-System\src\components\ui\card.tsx:7:50
    at BOMGrid (C:\Users\Eli\Desktop\Claude Code\CPQ
-System\src\components\shared\BOMGrid.tsx:22:3)
Warning: A component is `contentEditable` and 
contains `children` managed by React. It is now 
your responsibility to guarantee that none of those 
nodes are unexpectedly modified or duplicated. This 
is probably not intentional.
    at div
    at div
    at div
    at div
    at spy (file:///C:/Users/Eli/Desktop/Claude%20Co
de/CPQ-System/node_modules/tinyspy/dist/index.js:42:
80)
    at div
    at div
    at div
    at C:\Users\Eli\Desktop\Claude 
Code\CPQ-System\src\components\ui\card.tsx:81:57
    at div
    at C:\Users\Eli\Desktop\Claude 
Code\CPQ-System\src\components\ui\card.tsx:7:50
    at BOMGrid (C:\Users\Eli\Desktop\Claude Code\CPQ
-System\src\components\shared\BOMGrid.tsx:22:3)
Warning: A component is `contentEditable` and 
contains `children` managed by React. It is now 
your responsibility to guarantee that none of those 
nodes are unexpectedly modified or duplicated. This 
is probably not intentional.
    at div
    at div
    at div
    at div
    at spy (file:///C:/Users/Eli/Desktop/Claude%20Co
de/CPQ-System/node_modules/tinyspy/dist/index.js:42:
80)
    at div
    at div
    at div
    at C:\Users\Eli\Desktop\Claude 
Code\CPQ-System\src\components\ui\card.tsx:81:57
    at div
    at C:\Users\Eli\Desktop\Claude 
Code\CPQ-System\src\components\ui\card.tsx:7:50
    at BOMGrid (C:\Users\Eli\Desktop\Claude Code\CPQ
-System\src\components\shared\BOMGrid.tsx:22:3)
Warning: A component is `contentEditable` and 
contains `children` managed by React. It is now 
your responsibility to guarantee that none of those 
nodes are unexpectedly modified or duplicated. This 
is probably not intentional.
    at div
    at div
    at div
    at div
    at spy (file:///C:/Users/Eli/Desktop/Claude%20Co
de/CPQ-System/node_modules/tinyspy/dist/index.js:42:
80)
    at div
    at div
    at div
    at C:\Users\Eli\Desktop\Claude 
Code\CPQ-System\src\components\ui\card.tsx:81:57
    at div
    at C:\Users\Eli\Desktop\Claude 
Code\CPQ-System\src\components\ui\card.tsx:7:50
    at BOMGrid (C:\Users\Eli\Desktop\Claude Code\CPQ
-System\src\components\shared\BOMGrid.tsx:22:3)
Warning: A component is `contentEditable` and 
contains `children` managed by React. It is now 
your responsibility to guarantee that none of those 
nodes are unexpectedly modified or duplicated. This 
is probably not intentional.
    at div
    at div
    at div
    at div
    at spy (file:///C:/Users/Eli/Desktop/Claude%20Co
de/CPQ-System/node_modules/tinyspy/dist/index.js:42:
80)
    at div
    at div
    at div
    at C:\Users\Eli\Desktop\Claude 
Code\CPQ-System\src\components\ui\card.tsx:81:57
    at div
    at C:\Users\Eli\Desktop\Claude 
Code\CPQ-System\src\components\ui\card.tsx:7:50
    at BOMGrid (C:\Users\Eli\Desktop\Claude Code\CPQ
-System\src\components\shared\BOMGrid.tsx:22:3)
Warning: A component is `contentEditable` and 
contains `children` managed by React. It is now 
your responsibility to guarantee that none of those 
nodes are unexpectedly modified or duplicated. This 
is probably not intentional.
    at div
    at div
    at div
    at div
    at spy (file:///C:/Users/Eli/Desktop/Claude%20Co
de/CPQ-System/node_modules/tinyspy/dist/index.js:42:
80)
    at div
    at div
    at div
    at C:\Users\Eli\Desktop\Claude 
Code\CPQ-System\src\components\ui\card.tsx:81:57
    at div
    at C:\Users\Eli\Desktop\Claude 
Code\CPQ-System\src\components\ui\card.tsx:7:50
    at BOMGrid (C:\Users\Eli\Desktop\Claude Code\CPQ
-System\src\components\shared\BOMGrid.tsx:22:3)

[90mstderr[2m | src/components/shared/__tests__/BO
MGrid.test.tsx[2m > [22m[2mBOMGrid[2m > 
[22m[2mBasic Grid Functionality[2m > 
[22m[2mcalculates and displays totals 
correctly[22m[39m
Warning: A component is `contentEditable` and 
contains `children` managed by React. It is now 
your responsibility to guarantee that none of those 
nodes are unexpectedly modified or duplicated. This 
is probably not intentional.
    at div
    at div
    at div
    at div
    at spy (file:///C:/Users/Eli/Desktop/Claude%20Co
de/CPQ-System/node_modules/tinyspy/dist/index.js:42:
80)
    at div
    at div
    at div
    at C:\Users\Eli\Desktop\Claude 
Code\CPQ-System\src\components\ui\card.tsx:81:57
    at div
    at C:\Users\Eli\Desktop\Claude 
Code\CPQ-System\src\components\ui\card.tsx:7:50
    at BOMGrid (C:\Users\Eli\Desktop\Claude Code\CPQ
-System\src\components\shared\BOMGrid.tsx:22:3)
Warning: A component is `contentEditable` and 
contains `children` managed by React. It is now 
your responsibility to guarantee that none of those 
nodes are unexpectedly modified or duplicated. This 
is probably not intentional.
    at div
    at div
    at div
    at div
    at spy (file:///C:/Users/Eli/Desktop/Claude%20Co
de/CPQ-System/node_modules/tinyspy/dist/index.js:42:
80)
    at div
    at div
    at div
    at C:\Users\Eli\Desktop\Claude 
Code\CPQ-System\src\components\ui\card.tsx:81:57
    at div
    at C:\Users\Eli\Desktop\Claude 
Code\CPQ-System\src\components\ui\card.tsx:7:50
    at BOMGrid (C:\Users\Eli\Desktop\Claude Code\CPQ
-System\src\components\shared\BOMGrid.tsx:22:3)
Warning: A component is `contentEditable` and 
contains `children` managed by React. It is now 
your responsibility to guarantee that none of those 
nodes are unexpectedly modified or duplicated. This 
is probably not intentional.
    at div
    at div
    at div
    at div
    at spy (file:///C:/Users/Eli/Desktop/Claude%20Co
de/CPQ-System/node_modules/tinyspy/dist/index.js:42:
80)
    at div
    at div
    at div
    at C:\Users\Eli\Desktop\Claude 
Code\CPQ-System\src\components\ui\card.tsx:81:57
    at div
    at C:\Users\Eli\Desktop\Claude 
Code\CPQ-System\src\components\ui\card.tsx:7:50
    at BOMGrid (C:\Users\Eli\Desktop\Claude Code\CPQ
-System\src\components\shared\BOMGrid.tsx:22:3)
Warning: A component is `contentEditable` and 
contains `children` managed by React. It is now 
your responsibility to guarantee that none of those 
nodes are unexpectedly modified or duplicated. This 
is probably not intentional.
    at div
    at div
    at div
    at div
    at spy (file:///C:/Users/Eli/Desktop/Claude%20Co
de/CPQ-System/node_modules/tinyspy/dist/index.js:42:
80)
    at div
    at div
    at div
    at C:\Users\Eli\Desktop\Claude 
Code\CPQ-System\src\components\ui\card.tsx:81:57
    at div
    at C:\Users\Eli\Desktop\Claude 
Code\CPQ-System\src\components\ui\card.tsx:7:50
    at BOMGrid (C:\Users\Eli\Desktop\Claude Code\CPQ
-System\src\components\shared\BOMGrid.tsx:22:3)
Warning: A component is `contentEditable` and 
contains `children` managed by React. It is now 
your responsibility to guarantee that none of those 
nodes are unexpectedly modified or duplicated. This 
is probably not intentional.
    at div
    at div
    at div
    at div
    at spy (file:///C:/Users/Eli/Desktop/Claude%20Co
de/CPQ-System/node_modules/tinyspy/dist/index.js:42:
80)
    at div
    at div
    at div
    at C:\Users\Eli\Desktop\Claude 
Code\CPQ-System\src\components\ui\card.tsx:81:57
    at div
    at C:\Users\Eli\Desktop\Claude 
Code\CPQ-System\src\components\ui\card.tsx:7:50
    at BOMGrid (C:\Users\Eli\Desktop\Claude Code\CPQ
-System\src\components\shared\BOMGrid.tsx:22:3)
Warning: A component is `contentEditable` and 
contains `children` managed by React. It is now 
your responsibility to guarantee that none of those 
nodes are unexpectedly modified or duplicated. This 
is probably not intentional.
    at div
    at div
    at div
    at div
    at spy (file:///C:/Users/Eli/Desktop/Claude%20Co
de/CPQ-System/node_modules/tinyspy/dist/index.js:42:
80)
    at div
    at div
    at div
    at C:\Users\Eli\Desktop\Claude 
Code\CPQ-System\src\components\ui\card.tsx:81:57
    at div
    at C:\Users\Eli\Desktop\Claude 
Code\CPQ-System\src\components\ui\card.tsx:7:50
    at BOMGrid (C:\Users\Eli\Desktop\Claude Code\CPQ
-System\src\components\shared\BOMGrid.tsx:22:3)
Warning: A component is `contentEditable` and 
contains `children` managed by React. It is now 
your responsibility to guarantee that none of those 
nodes are unexpectedly modified or duplicated. This 
is probably not intentional.
    at div
    at div
    at div
    at div
    at spy (file:///C:/Users/Eli/Desktop/Claude%20Co
de/CPQ-System/node_modules/tinyspy/dist/index.js:42:
80)
    at div
    at div
    at div
    at C:\Users\Eli\Desktop\Claude 
Code\CPQ-System\src\components\ui\card.tsx:81:57
    at div
    at C:\Users\Eli\Desktop\Claude 
Code\CPQ-System\src\components\ui\card.tsx:7:50
    at BOMGrid (C:\Users\Eli\Desktop\Claude Code\CPQ
-System\src\components\shared\BOMGrid.tsx:22:3)
Warning: A component is `contentEditable` and 
contains `children` managed by React. It is now 
your responsibility to guarantee that none of those 
nodes are unexpectedly modified or duplicated. This 
is probably not intentional.
    at div
    at div
    at div
    at div
    at spy (file:///C:/Users/Eli/Desktop/Claude%20Co
de/CPQ-System/node_modules/tinyspy/dist/index.js:42:
80)
    at div
    at div
    at div
    at C:\Users\Eli\Desktop\Claude 
Code\CPQ-System\src\components\ui\card.tsx:81:57
    at div
    at C:\Users\Eli\Desktop\Claude 
Code\CPQ-System\src\components\ui\card.tsx:7:50
    at BOMGrid (C:\Users\Eli\Desktop\Claude Code\CPQ
-System\src\components\shared\BOMGrid.tsx:22:3)
Warning: A component is `contentEditable` and 
contains `children` managed by React. It is now 
your responsibility to guarantee that none of those 
nodes are unexpectedly modified or duplicated. This 
is probably not intentional.
    at div
    at div
    at div
    at div
    at spy (file:///C:/Users/Eli/Desktop/Claude%20Co
de/CPQ-System/node_modules/tinyspy/dist/index.js:42:
80)
    at div
    at div
    at div
    at C:\Users\Eli\Desktop\Claude 
Code\CPQ-System\src\components\ui\card.tsx:81:57
    at div
    at C:\Users\Eli\Desktop\Claude 
Code\CPQ-System\src\components\ui\card.tsx:7:50
    at BOMGrid (C:\Users\Eli\Desktop\Claude Code\CPQ
-System\src\components\shared\BOMGrid.tsx:22:3)
Warning: A component is `contentEditable` and 
contains `children` managed by React. It is now 
your responsibility to guarantee that none of those 
nodes are unexpectedly modified or duplicated. This 
is probably not intentional.
    at div
    at div
    at div
    at div
    at spy (file:///C:/Users/Eli/Desktop/Claude%20Co
de/CPQ-System/node_modules/tinyspy/dist/index.js:42:
80)
    at div
    at div
    at div
    at C:\Users\Eli\Desktop\Claude 
Code\CPQ-System\src\components\ui\card.tsx:81:57
    at div
    at C:\Users\Eli\Desktop\Claude 
Code\CPQ-System\src\components\ui\card.tsx:7:50
    at BOMGrid (C:\Users\Eli\Desktop\Claude Code\CPQ
-System\src\components\shared\BOMGrid.tsx:22:3)
Warning: A component is `contentEditable` and 
contains `children` managed by React. It is now 
your responsibility to guarantee that none of those 
nodes are unexpectedly modified or duplicated. This 
is probably not intentional.
    at div
    at div
    at div
    at div
    at spy (file:///C:/Users/Eli/Desktop/Claude%20Co
de/CPQ-System/node_modules/tinyspy/dist/index.js:42:
80)
    at div
    at div
    at div
    at C:\Users\Eli\Desktop\Claude 
Code\CPQ-System\src\components\ui\card.tsx:81:57
    at div
    at C:\Users\Eli\Desktop\Claude 
Code\CPQ-System\src\components\ui\card.tsx:7:50
    at BOMGrid (C:\Users\Eli\Desktop\Claude Code\CPQ
-System\src\components\shared\BOMGrid.tsx:22:3)
Warning: A component is `contentEditable` and 
contains `children` managed by React. It is now 
your responsibility to guarantee that none of those 
nodes are unexpectedly modified or duplicated. This 
is probably not intentional.
    at div
    at div
    at div
    at div
    at spy (file:///C:/Users/Eli/Desktop/Claude%20Co
de/CPQ-System/node_modules/tinyspy/dist/index.js:42:
80)
    at div
    at div
    at div
    at C:\Users\Eli\Desktop\Claude 
Code\CPQ-System\src\components\ui\card.tsx:81:57
    at div
    at C:\Users\Eli\Desktop\Claude 
Code\CPQ-System\src\components\ui\card.tsx:7:50
    at BOMGrid (C:\Users\Eli\Desktop\Claude Code\CPQ
-System\src\components\shared\BOMGrid.tsx:22:3)
Warning: A component is `contentEditable` and 
contains `children` managed by React. It is now 
your responsibility to guarantee that none of those 
nodes are unexpectedly modified or duplicated. This 
is probably not intentional.
    at div
    at div
    at div
    at div
    at spy (file:///C:/Users/Eli/Desktop/Claude%20Co
de/CPQ-System/node_modules/tinyspy/dist/index.js:42:
80)
    at div
    at div
    at div
    at C:\Users\Eli\Desktop\Claude 
Code\CPQ-System\src\components\ui\card.tsx:81:57
    at div
    at C:\Users\Eli\Desktop\Claude 
Code\CPQ-System\src\components\ui\card.tsx:7:50
    at BOMGrid (C:\Users\Eli\Desktop\Claude Code\CPQ
-System\src\components\shared\BOMGrid.tsx:22:3)
Warning: A component is `contentEditable` and 
contains `children` managed by React. It is now 
your responsibility to guarantee that none of those 
nodes are unexpectedly modified or duplicated. This 
is probably not intentional.
    at div
    at div
    at div
    at div
    at spy (file:///C:/Users/Eli/Desktop/Claude%20Co
de/CPQ-System/node_modules/tinyspy/dist/index.js:42:
80)
    at div
    at div
    at div
    at C:\Users\Eli\Desktop\Claude 
Code\CPQ-System\src\components\ui\card.tsx:81:57
    at div
    at C:\Users\Eli\Desktop\Claude 
Code\CPQ-System\src\components\ui\card.tsx:7:50
    at BOMGrid (C:\Users\Eli\Desktop\Claude Code\CPQ
-System\src\components\shared\BOMGrid.tsx:22:3)
Warning: A component is `contentEditable` and 
contains `children` managed by React. It is now 
your responsibility to guarantee that none of those 
nodes are unexpectedly modified or duplicated. This 
is probably not intentional.
    at div
    at div
    at div
    at div
    at spy (file:///C:/Users/Eli/Desktop/Claude%20Co
de/CPQ-System/node_modules/tinyspy/dist/index.js:42:
80)
    at div
    at div
    at div
    at C:\Users\Eli\Desktop\Claude 
Code\CPQ-System\src\components\ui\card.tsx:81:57
    at div
    at C:\Users\Eli\Desktop\Claude 
Code\CPQ-System\src\components\ui\card.tsx:7:50
    at BOMGrid (C:\Users\Eli\Desktop\Claude Code\CPQ
-System\src\components\shared\BOMGrid.tsx:22:3)
Warning: A component is `contentEditable` and 
contains `children` managed by React. It is now 
your responsibility to guarantee that none of those 
nodes are unexpectedly modified or duplicated. This 
is probably not intentional.
    at div
    at div
    at div
    at div
    at spy (file:///C:/Users/Eli/Desktop/Claude%20Co
de/CPQ-System/node_modules/tinyspy/dist/index.js:42:
80)
    at div
    at div
    at div
    at C:\Users\Eli\Desktop\Claude 
Code\CPQ-System\src\components\ui\card.tsx:81:57
    at div
    at C:\Users\Eli\Desktop\Claude 
Code\CPQ-System\src\components\ui\card.tsx:7:50
    at BOMGrid (C:\Users\Eli\Desktop\Claude Code\CPQ
-System\src\components\shared\BOMGrid.tsx:22:3)
Warning: A component is `contentEditable` and 
contains `children` managed by React. It is now 
your responsibility to guarantee that none of those 
nodes are unexpectedly modified or duplicated. This 
is probably not intentional.
    at div
    at div
    at div
    at div
    at spy (file:///C:/Users/Eli/Desktop/Claude%20Co
de/CPQ-System/node_modules/tinyspy/dist/index.js:42:
80)
    at div
    at div
    at div
    at C:\Users\Eli\Desktop\Claude 
Code\CPQ-System\src\components\ui\card.tsx:81:57
    at div
    at C:\Users\Eli\Desktop\Claude 
Code\CPQ-System\src\components\ui\card.tsx:7:50
    at BOMGrid (C:\Users\Eli\Desktop\Claude Code\CPQ
-System\src\components\shared\BOMGrid.tsx:22:3)
Warning: A component is `contentEditable` and 
contains `children` managed by React. It is now 
your responsibility to guarantee that none of those 
nodes are unexpectedly modified or duplicated. This 
is probably not intentional.
    at div
    at div
    at div
    at div
    at spy (file:///C:/Users/Eli/Desktop/Claude%20Co
de/CPQ-System/node_modules/tinyspy/dist/index.js:42:
80)
    at div
    at div
    at div
    at C:\Users\Eli\Desktop\Claude 
Code\CPQ-System\src\components\ui\card.tsx:81:57
    at div
    at C:\Users\Eli\Desktop\Claude 
Code\CPQ-System\src\components\ui\card.tsx:7:50
    at BOMGrid (C:\Users\Eli\Desktop\Claude Code\CPQ
-System\src\components\shared\BOMGrid.tsx:22:3)
Warning: A component is `contentEditable` and 
contains `children` managed by React. It is now 
your responsibility to guarantee that none of those 
nodes are unexpectedly modified or duplicated. This 
is probably not intentional.
    at div
    at div
    at div
    at div
    at spy (file:///C:/Users/Eli/Desktop/Claude%20Co
de/CPQ-System/node_modules/tinyspy/dist/index.js:42:
80)
    at div
    at div
    at div
    at C:\Users\Eli\Desktop\Claude 
Code\CPQ-System\src\components\ui\card.tsx:81:57
    at div
    at C:\Users\Eli\Desktop\Claude 
Code\CPQ-System\src\components\ui\card.tsx:7:50
    at BOMGrid (C:\Users\Eli\Desktop\Claude Code\CPQ
-System\src\components\shared\BOMGrid.tsx:22:3)
Warning: A component is `contentEditable` and 
contains `children` managed by React. It is now 
your responsibility to guarantee that none of those 
nodes are unexpectedly modified or duplicated. This 
is probably not intentional.
    at div
    at div
    at div
    at div
    at spy (file:///C:/Users/Eli/Desktop/Claude%20Co
de/CPQ-System/node_modules/tinyspy/dist/index.js:42:
80)
    at div
    at div
    at div
    at C:\Users\Eli\Desktop\Claude 
Code\CPQ-System\src\components\ui\card.tsx:81:57
    at div
    at C:\Users\Eli\Desktop\Claude 
Code\CPQ-System\src\components\ui\card.tsx:7:50
    at BOMGrid (C:\Users\Eli\Desktop\Claude Code\CPQ
-System\src\components\shared\BOMGrid.tsx:22:3)
Warning: A component is `contentEditable` and 
contains `children` managed by React. It is now 
your responsibility to guarantee that none of those 
nodes are unexpectedly modified or duplicated. This 
is probably not intentional.
    at div
    at div
    at div
    at div
    at spy (file:///C:/Users/Eli/Desktop/Claude%20Co
de/CPQ-System/node_modules/tinyspy/dist/index.js:42:
80)
    at div
    at div
    at div
    at C:\Users\Eli\Desktop\Claude 
Code\CPQ-System\src\components\ui\card.tsx:81:57
    at div
    at C:\Users\Eli\Desktop\Claude 
Code\CPQ-System\src\components\ui\card.tsx:7:50
    at BOMGrid (C:\Users\Eli\Desktop\Claude Code\CPQ
-System\src\components\shared\BOMGrid.tsx:22:3)
Warning: A component is `contentEditable` and 
contains `children` managed by React. It is now 
your responsibility to guarantee that none of those 
nodes are unexpectedly modified or duplicated. This 
is probably not intentional.
    at div
    at div
    at div
    at div
    at spy (file:///C:/Users/Eli/Desktop/Claude%20Co
de/CPQ-System/node_modules/tinyspy/dist/index.js:42:
80)
    at div
    at div
    at div
    at C:\Users\Eli\Desktop\Claude 
Code\CPQ-System\src\components\ui\card.tsx:81:57
    at div
    at C:\Users\Eli\Desktop\Claude 
Code\CPQ-System\src\components\ui\card.tsx:7:50
    at BOMGrid (C:\Users\Eli\Desktop\Claude Code\CPQ
-System\src\components\shared\BOMGrid.tsx:22:3)
Warning: A component is `contentEditable` and 
contains `children` managed by React. It is now 
your responsibility to guarantee that none of those 
nodes are unexpectedly modified or duplicated. This 
is probably not intentional.
    at div
    at div
    at div
    at div
    at spy (file:///C:/Users/Eli/Desktop/Claude%20Co
de/CPQ-System/node_modules/tinyspy/dist/index.js:42:
80)
    at div
    at div
    at div
    at C:\Users\Eli\Desktop\Claude 
Code\CPQ-System\src\components\ui\card.tsx:81:57
    at div
    at C:\Users\Eli\Desktop\Claude 
Code\CPQ-System\src\components\ui\card.tsx:7:50
    at BOMGrid (C:\Users\Eli\Desktop\Claude Code\CPQ
-System\src\components\shared\BOMGrid.tsx:22:3)
Warning: A component is `contentEditable` and 
contains `children` managed by React. It is now 
your responsibility to guarantee that none of those 
nodes are unexpectedly modified or duplicated. This 
is probably not intentional.
    at div
    at div
    at div
    at div
    at spy (file:///C:/Users/Eli/Desktop/Claude%20Co
de/CPQ-System/node_modules/tinyspy/dist/index.js:42:
80)
    at div
    at div
    at div
    at C:\Users\Eli\Desktop\Claude 
Code\CPQ-System\src\components\ui\card.tsx:81:57
    at div
    at C:\Users\Eli\Desktop\Claude 
Code\CPQ-System\src\components\ui\card.tsx:7:50
    at BOMGrid (C:\Users\Eli\Desktop\Claude Code\CPQ
-System\src\components\shared\BOMGrid.tsx:22:3)
Warning: A component is `contentEditable` and 
contains `children` managed by React. It is now 
your responsibility to guarantee that none of those 
nodes are unexpectedly modified or duplicated. This 
is probably not intentional.
    at div
    at div
    at div
    at div
    at spy (file:///C:/Users/Eli/Desktop/Claude%20Co
de/CPQ-System/node_modules/tinyspy/dist/index.js:42:
80)
    at div
    at div
    at div
    at C:\Users\Eli\Desktop\Claude 
Code\CPQ-System\src\components\ui\card.tsx:81:57
    at div
    at C:\Users\Eli\Desktop\Claude 
Code\CPQ-System\src\components\ui\card.tsx:7:50
    at BOMGrid (C:\Users\Eli\Desktop\Claude Code\CPQ
-System\src\components\shared\BOMGrid.tsx:22:3)
Warning: A component is `contentEditable` and 
contains `children` managed by React. It is now 
your responsibility to guarantee that none of those 
nodes are unexpectedly modified or duplicated. This 
is probably not intentional.
    at div
    at div
    at div
    at div
    at spy (file:///C:/Users/Eli/Desktop/Claude%20Co
de/CPQ-System/node_modules/tinyspy/dist/index.js:42:
80)
    at div
    at div
    at div
    at C:\Users\Eli\Desktop\Claude 
Code\CPQ-System\src\components\ui\card.tsx:81:57
    at div
    at C:\Users\Eli\Desktop\Claude 
Code\CPQ-System\src\components\ui\card.tsx:7:50
    at BOMGrid (C:\Users\Eli\Desktop\Claude Code\CPQ
-System\src\components\shared\BOMGrid.tsx:22:3)
Warning: A component is `contentEditable` and 
contains `children` managed by React. It is now 
your responsibility to guarantee that none of those 
nodes are unexpectedly modified or duplicated. This 
is probably not intentional.
    at div
    at div
    at div
    at div
    at spy (file:///C:/Users/Eli/Desktop/Claude%20Co
de/CPQ-System/node_modules/tinyspy/dist/index.js:42:
80)
    at div
    at div
    at div
    at C:\Users\Eli\Desktop\Claude 
Code\CPQ-System\src\components\ui\card.tsx:81:57
    at div
    at C:\Users\Eli\Desktop\Claude 
Code\CPQ-System\src\components\ui\card.tsx:7:50
    at BOMGrid (C:\Users\Eli\Desktop\Claude Code\CPQ
-System\src\components\shared\BOMGrid.tsx:22:3)
Warning: A component is `contentEditable` and 
contains `children` managed by React. It is now 
your responsibility to guarantee that none of those 
nodes are unexpectedly modified or duplicated. This 
is probably not intentional.
    at div
    at div
    at div
    at div
    at spy (file:///C:/Users/Eli/Desktop/Claude%20Co
de/CPQ-System/node_modules/tinyspy/dist/index.js:42:
80)
    at div
    at div
    at div
    at C:\Users\Eli\Desktop\Claude 
Code\CPQ-System\src\components\ui\card.tsx:81:57
    at div
    at C:\Users\Eli\Desktop\Claude 
Code\CPQ-System\src\components\ui\card.tsx:7:50
    at BOMGrid (C:\Users\Eli\Desktop\Claude Code\CPQ
-System\src\components\shared\BOMGrid.tsx:22:3)
Warning: A component is `contentEditable` and 
contains `children` managed by React. It is now 
your responsibility to guarantee that none of those 
nodes are unexpectedly modified or duplicated. This 
is probably not intentional.
    at div
    at div
    at div
    at div
    at spy (file:///C:/Users/Eli/Desktop/Claude%20Co
de/CPQ-System/node_modules/tinyspy/dist/index.js:42:
80)
    at div
    at div
    at div
    at C:\Users\Eli\Desktop\Claude 
Code\CPQ-System\src\components\ui\card.tsx:81:57
    at div
    at C:\Users\Eli\Desktop\Claude 
Code\CPQ-System\src\components\ui\card.tsx:7:50
    at BOMGrid (C:\Users\Eli\Desktop\Claude Code\CPQ
-System\src\components\shared\BOMGrid.tsx:22:3)
Warning: A component is `contentEditable` and 
contains `children` managed by React. It is now 
your responsibility to guarantee that none of those 
nodes are unexpectedly modified or duplicated. This 
is probably not intentional.
    at div
    at div
    at div
    at div
    at spy (file:///C:/Users/Eli/Desktop/Claude%20Co
de/CPQ-System/node_modules/tinyspy/dist/index.js:42:
80)
    at div
    at div
    at div
    at C:\Users\Eli\Desktop\Claude 
Code\CPQ-System\src\components\ui\card.tsx:81:57
    at div
    at C:\Users\Eli\Desktop\Claude 
Code\CPQ-System\src\components\ui\card.tsx:7:50
    at BOMGrid (C:\Users\Eli\Desktop\Claude Code\CPQ
-System\src\components\shared\BOMGrid.tsx:22:3)
Warning: A component is `contentEditable` and 
contains `children` managed by React. It is now 
your responsibility to guarantee that none of those 
nodes are unexpectedly modified or duplicated. This 
is probably not intentional.
    at div
    at div
    at div
    at div
    at spy (file:///C:/Users/Eli/Desktop/Claude%20Co
de/CPQ-System/node_modules/tinyspy/dist/index.js:42:
80)
    at div
    at div
    at div
    at C:\Users\Eli\Desktop\Claude 
Code\CPQ-System\src\components\ui\card.tsx:81:57
    at div
    at C:\Users\Eli\Desktop\Claude 
Code\CPQ-System\src\components\ui\card.tsx:7:50
    at BOMGrid (C:\Users\Eli\Desktop\Claude Code\CPQ
-System\src\components\shared\BOMGrid.tsx:22:3)
Warning: A component is `contentEditable` and 
contains `children` managed by React. It is now 
your responsibility to guarantee that none of those 
nodes are unexpectedly modified or duplicated. This 
is probably not intentional.
    at div
    at div
    at div
    at div
    at spy (file:///C:/Users/Eli/Desktop/Claude%20Co
de/CPQ-System/node_modules/tinyspy/dist/index.js:42:
80)
    at div
    at div
    at div
    at C:\Users\Eli\Desktop\Claude 
Code\CPQ-System\src\components\ui\card.tsx:81:57
    at div
    at C:\Users\Eli\Desktop\Claude 
Code\CPQ-System\src\components\ui\card.tsx:7:50
    at BOMGrid (C:\Users\Eli\Desktop\Claude Code\CPQ
-System\src\components\shared\BOMGrid.tsx:22:3)
Warning: A component is `contentEditable` and 
contains `children` managed by React. It is now 
your responsibility to guarantee that none of those 
nodes are unexpectedly modified or duplicated. This 
is probably not intentional.
    at div
    at div
    at div
    at div
    at spy (file:///C:/Users/Eli/Desktop/Claude%20Co
de/CPQ-System/node_modules/tinyspy/dist/index.js:42:
80)
    at div
    at div
    at div
    at C:\Users\Eli\Desktop\Claude 
Code\CPQ-System\src\components\ui\card.tsx:81:57
    at div
    at C:\Users\Eli\Desktop\Claude 
Code\CPQ-System\src\components\ui\card.tsx:7:50
    at BOMGrid (C:\Users\Eli\Desktop\Claude Code\CPQ
-System\src\components\shared\BOMGrid.tsx:22:3)
Warning: A component is `contentEditable` and 
contains `children` managed by React. It is now 
your responsibility to guarantee that none of those 
nodes are unexpectedly modified or duplicated. This 
is probably not intentional.
    at div
    at div
    at div
    at div
    at spy (file:///C:/Users/Eli/Desktop/Claude%20Co
de/CPQ-System/node_modules/tinyspy/dist/index.js:42:
80)
    at div
    at div
    at div
    at C:\Users\Eli\Desktop\Claude 
Code\CPQ-System\src\components\ui\card.tsx:81:57
    at div
    at C:\Users\Eli\Desktop\Claude 
Code\CPQ-System\src\components\ui\card.tsx:7:50
    at BOMGrid (C:\Users\Eli\Desktop\Claude Code\CPQ
-System\src\components\shared\BOMGrid.tsx:22:3)
Warning: A component is `contentEditable` and 
contains `children` managed by React. It is now 
your responsibility to guarantee that none of those 
nodes are unexpectedly modified or duplicated. This 
is probably not intentional.
    at div
    at div
    at div
    at div
    at spy (file:///C:/Users/Eli/Desktop/Claude%20Co
de/CPQ-System/node_modules/tinyspy/dist/index.js:42:
80)
    at div
    at div
    at div
    at C:\Users\Eli\Desktop\Claude 
Code\CPQ-System\src\components\ui\card.tsx:81:57
    at div
    at C:\Users\Eli\Desktop\Claude 
Code\CPQ-System\src\components\ui\card.tsx:7:50
    at BOMGrid (C:\Users\Eli\Desktop\Claude Code\CPQ
-System\src\components\shared\BOMGrid.tsx:22:3)
Warning: A component is `contentEditable` and 
contains `children` managed by React. It is now 
your responsibility to guarantee that none of those 
nodes are unexpectedly modified or duplicated. This 
is probably not intentional.
    at div
    at div
    at div
    at div
    at spy (file:///C:/Users/Eli/Desktop/Claude%20Co
de/CPQ-System/node_modules/tinyspy/dist/index.js:42:
80)
    at div
    at div
    at div
    at C:\Users\Eli\Desktop\Claude 
Code\CPQ-System\src\components\ui\card.tsx:81:57
    at div
    at C:\Users\Eli\Desktop\Claude 
Code\CPQ-System\src\components\ui\card.tsx:7:50
    at BOMGrid (C:\Users\Eli\Desktop\Claude Code\CPQ
-System\src\components\shared\BOMGrid.tsx:22:3)
Warning: A component is `contentEditable` and 
contains `children` managed by React. It is now 
your responsibility to guarantee that none of those 
nodes are unexpectedly modified or duplicated. This 
is probably not intentional.
    at div
    at div
    at div
    at div
    at spy (file:///C:/Users/Eli/Desktop/Claude%20Co
de/CPQ-System/node_modules/tinyspy/dist/index.js:42:
80)
    at div
    at div
    at div
    at C:\Users\Eli\Desktop\Claude 
Code\CPQ-System\src\components\ui\card.tsx:81:57
    at div
    at C:\Users\Eli\Desktop\Claude 
Code\CPQ-System\src\components\ui\card.tsx:7:50
    at BOMGrid (C:\Users\Eli\Desktop\Claude Code\CPQ
-System\src\components\shared\BOMGrid.tsx:22:3)
Warning: A component is `contentEditable` and 
contains `children` managed by React. It is now 
your responsibility to guarantee that none of those 
nodes are unexpectedly modified or duplicated. This 
is probably not intentional.
    at div
    at div
    at div
    at div
    at spy (file:///C:/Users/Eli/Desktop/Claude%20Co
de/CPQ-System/node_modules/tinyspy/dist/index.js:42:
80)
    at div
    at div
    at div
    at C:\Users\Eli\Desktop\Claude 
Code\CPQ-System\src\components\ui\card.tsx:81:57
    at div
    at C:\Users\Eli\Desktop\Claude 
Code\CPQ-System\src\components\ui\card.tsx:7:50
    at BOMGrid (C:\Users\Eli\Desktop\Claude Code\CPQ
-System\src\components\shared\BOMGrid.tsx:22:3)
Warning: A component is `contentEditable` and 
contains `children` managed by React. It is now 
your responsibility to guarantee that none of those 
nodes are unexpectedly modified or duplicated. This 
is probably not intentional.
    at div
    at div
    at div
    at div
    at spy (file:///C:/Users/Eli/Desktop/Claude%20Co
de/CPQ-System/node_modules/tinyspy/dist/index.js:42:
80)
    at div
    at div
    at div
    at C:\Users\Eli\Desktop\Claude 
Code\CPQ-System\src\components\ui\card.tsx:81:57
    at div
    at C:\Users\Eli\Desktop\Claude 
Code\CPQ-System\src\components\ui\card.tsx:7:50
    at BOMGrid (C:\Users\Eli\Desktop\Claude Code\CPQ
-System\src\components\shared\BOMGrid.tsx:22:3)
Warning: A component is `contentEditable` and 
contains `children` managed by React. It is now 
your responsibility to guarantee that none of those 
nodes are unexpectedly modified or duplicated. This 
is probably not intentional.
    at div
    at div
    at div
    at div
    at spy (file:///C:/Users/Eli/Desktop/Claude%20Co
de/CPQ-System/node_modules/tinyspy/dist/index.js:42:
80)
    at div
    at div
    at div
    at C:\Users\Eli\Desktop\Claude 
Code\CPQ-System\src\components\ui\card.tsx:81:57
    at div
    at C:\Users\Eli\Desktop\Claude 
Code\CPQ-System\src\components\ui\card.tsx:7:50
    at BOMGrid (C:\Users\Eli\Desktop\Claude Code\CPQ
-System\src\components\shared\BOMGrid.tsx:22:3)
Warning: A component is `contentEditable` and 
contains `children` managed by React. It is now 
your responsibility to guarantee that none of those 
nodes are unexpectedly modified or duplicated. This 
is probably not intentional.
    at div
    at div
    at div
    at div
    at spy (file:///C:/Users/Eli/Desktop/Claude%20Co
de/CPQ-System/node_modules/tinyspy/dist/index.js:42:
80)
    at div
    at div
    at div
    at C:\Users\Eli\Desktop\Claude 
Code\CPQ-System\src\components\ui\card.tsx:81:57
    at div
    at C:\Users\Eli\Desktop\Claude 
Code\CPQ-System\src\components\ui\card.tsx:7:50
    at BOMGrid (C:\Users\Eli\Desktop\Claude Code\CPQ
-System\src\components\shared\BOMGrid.tsx:22:3)
Warning: A component is `contentEditable` and 
contains `children` managed by React. It is now 
your responsibility to guarantee that none of those 
nodes are unexpectedly modified or duplicated. This 
is probably not intentional.
    at div
    at div
    at div
    at div
    at spy (file:///C:/Users/Eli/Desktop/Claude%20Co
de/CPQ-System/node_modules/tinyspy/dist/index.js:42:
80)
    at div
    at div
    at div
    at C:\Users\Eli\Desktop\Claude 
Code\CPQ-System\src\components\ui\card.tsx:81:57
    at div
    at C:\Users\Eli\Desktop\Claude 
Code\CPQ-System\src\components\ui\card.tsx:7:50
    at BOMGrid (C:\Users\Eli\Desktop\Claude Code\CPQ
-System\src\components\shared\BOMGrid.tsx:22:3)
Warning: A component is `contentEditable` and 
contains `children` managed by React. It is now 
your responsibility to guarantee that none of those 
nodes are unexpectedly modified or duplicated. This 
is probably not intentional.
    at div
    at div
    at div
    at div
    at spy (file:///C:/Users/Eli/Desktop/Claude%20Co
de/CPQ-System/node_modules/tinyspy/dist/index.js:42:
80)
    at div
    at div
    at div
    at C:\Users\Eli\Desktop\Claude 
Code\CPQ-System\src\components\ui\card.tsx:81:57
    at div
    at C:\Users\Eli\Desktop\Claude 
Code\CPQ-System\src\components\ui\card.tsx:7:50
    at BOMGrid (C:\Users\Eli\Desktop\Claude Code\CPQ
-System\src\components\shared\BOMGrid.tsx:22:3)
Warning: A component is `contentEditable` and 
contains `children` managed by React. It is now 
your responsibility to guarantee that none of those 
nodes are unexpectedly modified or duplicated. This 
is probably not intentional.
    at div
    at div
    at div
    at div
    at spy (file:///C:/Users/Eli/Desktop/Claude%20Co
de/CPQ-System/node_modules/tinyspy/dist/index.js:42:
80)
    at div
    at div
    at div
    at C:\Users\Eli\Desktop\Claude 
Code\CPQ-System\src\components\ui\card.tsx:81:57
    at div
    at C:\Users\Eli\Desktop\Claude 
Code\CPQ-System\src\components\ui\card.tsx:7:50
    at BOMGrid (C:\Users\Eli\Desktop\Claude Code\CPQ
-System\src\components\shared\BOMGrid.tsx:22:3)
Warning: A component is `contentEditable` and 
contains `children` managed by React. It is now 
your responsibility to guarantee that none of those 
nodes are unexpectedly modified or duplicated. This 
is probably not intentional.
    at div
    at div
    at div
    at div
    at spy (file:///C:/Users/Eli/Desktop/Claude%20Co
de/CPQ-System/node_modules/tinyspy/dist/index.js:42:
80)
    at div
    at div
    at div
    at C:\Users\Eli\Desktop\Claude 
Code\CPQ-System\src\components\ui\card.tsx:81:57
    at div
    at C:\Users\Eli\Desktop\Claude 
Code\CPQ-System\src\components\ui\card.tsx:7:50
    at BOMGrid (C:\Users\Eli\Desktop\Claude Code\CPQ
-System\src\components\shared\BOMGrid.tsx:22:3)
Warning: A component is `contentEditable` and 
contains `children` managed by React. It is now 
your responsibility to guarantee that none of those 
nodes are unexpectedly modified or duplicated. This 
is probably not intentional.
    at div
    at div
    at div
    at div
    at spy (file:///C:/Users/Eli/Desktop/Claude%20Co
de/CPQ-System/node_modules/tinyspy/dist/index.js:42:
80)
    at div
    at div
    at div
    at C:\Users\Eli\Desktop\Claude 
Code\CPQ-System\src\components\ui\card.tsx:81:57
    at div
    at C:\Users\Eli\Desktop\Claude 
Code\CPQ-System\src\components\ui\card.tsx:7:50
    at BOMGrid (C:\Users\Eli\Desktop\Claude Code\CPQ
-System\src\components\shared\BOMGrid.tsx:22:3)

[90mstderr[2m | src/components/shared/__tests__/BO
MGrid.test.tsx[2m > [22m[2mBOMGrid[2m > 
[22m[2mBasic Grid Functionality[2m > 
[22m[2mshows add item button when editing is 
allowed[22m[39m
Warning: A component is `contentEditable` and 
contains `children` managed by React. It is now 
your responsibility to guarantee that none of those 
nodes are unexpectedly modified or duplicated. This 
is probably not intentional.
    at div
    at div
    at div
    at div
    at spy (file:///C:/Users/Eli/Desktop/Claude%20Co
de/CPQ-System/node_modules/tinyspy/dist/index.js:42:
80)
    at div
    at div
    at div
    at C:\Users\Eli\Desktop\Claude 
Code\CPQ-System\src\components\ui\card.tsx:81:57
    at div
    at C:\Users\Eli\Desktop\Claude 
Code\CPQ-System\src\components\ui\card.tsx:7:50
    at BOMGrid (C:\Users\Eli\Desktop\Claude Code\CPQ
-System\src\components\shared\BOMGrid.tsx:22:3)
Warning: A component is `contentEditable` and 
contains `children` managed by React. It is now 
your responsibility to guarantee that none of those 
nodes are unexpectedly modified or duplicated. This 
is probably not intentional.
    at div
    at div
    at div
    at div
    at spy (file:///C:/Users/Eli/Desktop/Claude%20Co
de/CPQ-System/node_modules/tinyspy/dist/index.js:42:
80)
    at div
    at div
    at div
    at C:\Users\Eli\Desktop\Claude 
Code\CPQ-System\src\components\ui\card.tsx:81:57
    at div
    at C:\Users\Eli\Desktop\Claude 
Code\CPQ-System\src\components\ui\card.tsx:7:50
    at BOMGrid (C:\Users\Eli\Desktop\Claude Code\CPQ
-System\src\components\shared\BOMGrid.tsx:22:3)
Warning: A component is `contentEditable` and 
contains `children` managed by React. It is now 
your responsibility to guarantee that none of those 
nodes are unexpectedly modified or duplicated. This 
is probably not intentional.
    at div
    at div
    at div
    at div
    at spy (file:///C:/Users/Eli/Desktop/Claude%20Co
de/CPQ-System/node_modules/tinyspy/dist/index.js:42:
80)
    at div
    at div
    at div
    at C:\Users\Eli\Desktop\Claude 
Code\CPQ-System\src\components\ui\card.tsx:81:57
    at div
    at C:\Users\Eli\Desktop\Claude 
Code\CPQ-System\src\components\ui\card.tsx:7:50
    at BOMGrid (C:\Users\Eli\Desktop\Claude Code\CPQ
-System\src\components\shared\BOMGrid.tsx:22:3)
Warning: A component is `contentEditable` and 
contains `children` managed by React. It is now 
your responsibility to guarantee that none of those 
nodes are unexpectedly modified or duplicated. This 
is probably not intentional.
    at div
    at div
    at div
    at div
    at spy (file:///C:/Users/Eli/Desktop/Claude%20Co
de/CPQ-System/node_modules/tinyspy/dist/index.js:42:
80)
    at div
    at div
    at div
    at C:\Users\Eli\Desktop\Claude 
Code\CPQ-System\src\components\ui\card.tsx:81:57
    at div
    at C:\Users\Eli\Desktop\Claude 
Code\CPQ-System\src\components\ui\card.tsx:7:50
    at BOMGrid (C:\Users\Eli\Desktop\Claude Code\CPQ
-System\src\components\shared\BOMGrid.tsx:22:3)
Warning: A component is `contentEditable` and 
contains `children` managed by React. It is now 
your responsibility to guarantee that none of those 
nodes are unexpectedly modified or duplicated. This 
is probably not intentional.
    at div
    at div
    at div
    at div
    at spy (file:///C:/Users/Eli/Desktop/Claude%20Co
de/CPQ-System/node_modules/tinyspy/dist/index.js:42:
80)
    at div
    at div
    at div
    at C:\Users\Eli\Desktop\Claude 
Code\CPQ-System\src\components\ui\card.tsx:81:57
    at div
    at C:\Users\Eli\Desktop\Claude 
Code\CPQ-System\src\components\ui\card.tsx:7:50
    at BOMGrid (C:\Users\Eli\Desktop\Claude Code\CPQ
-System\src\components\shared\BOMGrid.tsx:22:3)
Warning: A component is `contentEditable` and 
contains `children` managed by React. It is now 
your responsibility to guarantee that none of those 
nodes are unexpectedly modified or duplicated. This 
is probably not intentional.
    at div
    at div
    at div
    at div
    at spy (file:///C:/Users/Eli/Desktop/Claude%20Co
de/CPQ-System/node_modules/tinyspy/dist/index.js:42:
80)
    at div
    at div
    at div
    at C:\Users\Eli\Desktop\Claude 
Code\CPQ-System\src\components\ui\card.tsx:81:57
    at div
    at C:\Users\Eli\Desktop\Claude 
Code\CPQ-System\src\components\ui\card.tsx:7:50
    at BOMGrid (C:\Users\Eli\Desktop\Claude Code\CPQ
-System\src\components\shared\BOMGrid.tsx:22:3)
Warning: A component is `contentEditable` and 
contains `children` managed by React. It is now 
your responsibility to guarantee that none of those 
nodes are unexpectedly modified or duplicated. This 
is probably not intentional.
    at div
    at div
    at div
    at div
    at spy (file:///C:/Users/Eli/Desktop/Claude%20Co
de/CPQ-System/node_modules/tinyspy/dist/index.js:42:
80)
    at div
    at div
    at div
    at C:\Users\Eli\Desktop\Claude 
Code\CPQ-System\src\components\ui\card.tsx:81:57
    at div
    at C:\Users\Eli\Desktop\Claude 
Code\CPQ-System\src\components\ui\card.tsx:7:50
    at BOMGrid (C:\Users\Eli\Desktop\Claude Code\CPQ
-System\src\components\shared\BOMGrid.tsx:22:3)
Warning: A component is `contentEditable` and 
contains `children` managed by React. It is now 
your responsibility to guarantee that none of those 
nodes are unexpectedly modified or duplicated. This 
is probably not intentional.
    at div
    at div
    at div
    at div
    at spy (file:///C:/Users/Eli/Desktop/Claude%20Co
de/CPQ-System/node_modules/tinyspy/dist/index.js:42:
80)
    at div
    at div
    at div
    at C:\Users\Eli\Desktop\Claude 
Code\CPQ-System\src\components\ui\card.tsx:81:57
    at div
    at C:\Users\Eli\Desktop\Claude 
Code\CPQ-System\src\components\ui\card.tsx:7:50
    at BOMGrid (C:\Users\Eli\Desktop\Claude Code\CPQ
-System\src\components\shared\BOMGrid.tsx:22:3)
Warning: A component is `contentEditable` and 
contains `children` managed by React. It is now 
your responsibility to guarantee that none of those 
nodes are unexpectedly modified or duplicated. This 
is probably not intentional.
    at div
    at div
    at div
    at div
    at spy (file:///C:/Users/Eli/Desktop/Claude%20Co
de/CPQ-System/node_modules/tinyspy/dist/index.js:42:
80)
    at div
    at div
    at div
    at C:\Users\Eli\Desktop\Claude 
Code\CPQ-System\src\components\ui\card.tsx:81:57
    at div
    at C:\Users\Eli\Desktop\Claude 
Code\CPQ-System\src\components\ui\card.tsx:7:50
    at BOMGrid (C:\Users\Eli\Desktop\Claude Code\CPQ
-System\src\components\shared\BOMGrid.tsx:22:3)
Warning: A component is `contentEditable` and 
contains `children` managed by React. It is now 
your responsibility to guarantee that none of those 
nodes are unexpectedly modified or duplicated. This 
is probably not intentional.
    at div
    at div
    at div
    at div
    at spy (file:///C:/Users/Eli/Desktop/Claude%20Co
de/CPQ-System/node_modules/tinyspy/dist/index.js:42:
80)
    at div
    at div
    at div
    at C:\Users\Eli\Desktop\Claude 
Code\CPQ-System\src\components\ui\card.tsx:81:57
    at div
    at C:\Users\Eli\Desktop\Claude 
Code\CPQ-System\src\components\ui\card.tsx:7:50
    at BOMGrid (C:\Users\Eli\Desktop\Claude Code\CPQ
-System\src\components\shared\BOMGrid.tsx:22:3)
Warning: A component is `contentEditable` and 
contains `children` managed by React. It is now 
your responsibility to guarantee that none of those 
nodes are unexpectedly modified or duplicated. This 
is probably not intentional.
    at div
    at div
    at div
    at div
    at spy (file:///C:/Users/Eli/Desktop/Claude%20Co
de/CPQ-System/node_modules/tinyspy/dist/index.js:42:
80)
    at div
    at div
    at div
    at C:\Users\Eli\Desktop\Claude 
Code\CPQ-System\src\components\ui\card.tsx:81:57
    at div
    at C:\Users\Eli\Desktop\Claude 
Code\CPQ-System\src\components\ui\card.tsx:7:50
    at BOMGrid (C:\Users\Eli\Desktop\Claude Code\CPQ
-System\src\components\shared\BOMGrid.tsx:22:3)
Warning: A component is `contentEditable` and 
contains `children` managed by React. It is now 
your responsibility to guarantee that none of those 
nodes are unexpectedly modified or duplicated. This 
is probably not intentional.
    at div
    at div
    at div
    at div
    at spy (file:///C:/Users/Eli/Desktop/Claude%20Co
de/CPQ-System/node_modules/tinyspy/dist/index.js:42:
80)
    at div
    at div
    at div
    at C:\Users\Eli\Desktop\Claude 
Code\CPQ-System\src\components\ui\card.tsx:81:57
    at div
    at C:\Users\Eli\Desktop\Claude 
Code\CPQ-System\src\components\ui\card.tsx:7:50
    at BOMGrid (C:\Users\Eli\Desktop\Claude Code\CPQ
-System\src\components\shared\BOMGrid.tsx:22:3)
Warning: A component is `contentEditable` and 
contains `children` managed by React. It is now 
your responsibility to guarantee that none of those 
nodes are unexpectedly modified or duplicated. This 
is probably not intentional.
    at div
    at div
    at div
    at div
    at spy (file:///C:/Users/Eli/Desktop/Claude%20Co
de/CPQ-System/node_modules/tinyspy/dist/index.js:42:
80)
    at div
    at div
    at div
    at C:\Users\Eli\Desktop\Claude 
Code\CPQ-System\src\components\ui\card.tsx:81:57
    at div
    at C:\Users\Eli\Desktop\Claude 
Code\CPQ-System\src\components\ui\card.tsx:7:50
    at BOMGrid (C:\Users\Eli\Desktop\Claude Code\CPQ
-System\src\components\shared\BOMGrid.tsx:22:3)
Warning: A component is `contentEditable` and 
contains `children` managed by React. It is now 
your responsibility to guarantee that none of those 
nodes are unexpectedly modified or duplicated. This 
is probably not intentional.
    at div
    at div
    at div
    at div
    at spy (file:///C:/Users/Eli/Desktop/Claude%20Co
de/CPQ-System/node_modules/tinyspy/dist/index.js:42:
80)
    at div
    at div
    at div
    at C:\Users\Eli\Desktop\Claude 
Code\CPQ-System\src\components\ui\card.tsx:81:57
    at div
    at C:\Users\Eli\Desktop\Claude 
Code\CPQ-System\src\components\ui\card.tsx:7:50
    at BOMGrid (C:\Users\Eli\Desktop\Claude Code\CPQ
-System\src\components\shared\BOMGrid.tsx:22:3)
Warning: A component is `contentEditable` and 
contains `children` managed by React. It is now 
your responsibility to guarantee that none of those 
nodes are unexpectedly modified or duplicated. This 
is probably not intentional.
    at div
    at div
    at div
    at div
    at spy (file:///C:/Users/Eli/Desktop/Claude%20Co
de/CPQ-System/node_modules/tinyspy/dist/index.js:42:
80)
    at div
    at div
    at div
    at C:\Users\Eli\Desktop\Claude 
Code\CPQ-System\src\components\ui\card.tsx:81:57
    at div
    at C:\Users\Eli\Desktop\Claude 
Code\CPQ-System\src\components\ui\card.tsx:7:50
    at BOMGrid (C:\Users\Eli\Desktop\Claude Code\CPQ
-System\src\components\shared\BOMGrid.tsx:22:3)
Warning: A component is `contentEditable` and 
contains `children` managed by React. It is now 
your responsibility to guarantee that none of those 
nodes are unexpectedly modified or duplicated. This 
is probably not intentional.
    at div
    at div
    at div
    at div
    at spy (file:///C:/Users/Eli/Desktop/Claude%20Co
de/CPQ-System/node_modules/tinyspy/dist/index.js:42:
80)
    at div
    at div
    at div
    at C:\Users\Eli\Desktop\Claude 
Code\CPQ-System\src\components\ui\card.tsx:81:57
    at div
    at C:\Users\Eli\Desktop\Claude 
Code\CPQ-System\src\components\ui\card.tsx:7:50
    at BOMGrid (C:\Users\Eli\Desktop\Claude Code\CPQ
-System\src\components\shared\BOMGrid.tsx:22:3)
Warning: A component is `contentEditable` and 
contains `children` managed by React. It is now 
your responsibility to guarantee that none of those 
nodes are unexpectedly modified or duplicated. This 
is probably not intentional.
    at div
    at div
    at div
    at div
    at spy (file:///C:/Users/Eli/Desktop/Claude%20Co
de/CPQ-System/node_modules/tinyspy/dist/index.js:42:
80)
    at div
    at div
    at div
    at C:\Users\Eli\Desktop\Claude 
Code\CPQ-System\src\components\ui\card.tsx:81:57
    at div
    at C:\Users\Eli\Desktop\Claude 
Code\CPQ-System\src\components\ui\card.tsx:7:50
    at BOMGrid (C:\Users\Eli\Desktop\Claude Code\CPQ
-System\src\components\shared\BOMGrid.tsx:22:3)
Warning: A component is `contentEditable` and 
contains `children` managed by React. It is now 
your responsibility to guarantee that none of those 
nodes are unexpectedly modified or duplicated. This 
is probably not intentional.
    at div
    at div
    at div
    at div
    at spy (file:///C:/Users/Eli/Desktop/Claude%20Co
de/CPQ-System/node_modules/tinyspy/dist/index.js:42:
80)
    at div
    at div
    at div
    at C:\Users\Eli\Desktop\Claude 
Code\CPQ-System\src\components\ui\card.tsx:81:57
    at div
    at C:\Users\Eli\Desktop\Claude 
Code\CPQ-System\src\components\ui\card.tsx:7:50
    at BOMGrid (C:\Users\Eli\Desktop\Claude Code\CPQ
-System\src\components\shared\BOMGrid.tsx:22:3)
Warning: A component is `contentEditable` and 
contains `children` managed by React. It is now 
your responsibility to guarantee that none of those 
nodes are unexpectedly modified or duplicated. This 
is probably not intentional.
    at div
    at div
    at div
    at div
    at spy (file:///C:/Users/Eli/Desktop/Claude%20Co
de/CPQ-System/node_modules/tinyspy/dist/index.js:42:
80)
    at div
    at div
    at div
    at C:\Users\Eli\Desktop\Claude 
Code\CPQ-System\src\components\ui\card.tsx:81:57
    at div
    at C:\Users\Eli\Desktop\Claude 
Code\CPQ-System\src\components\ui\card.tsx:7:50
    at BOMGrid (C:\Users\Eli\Desktop\Claude Code\CPQ
-System\src\components\shared\BOMGrid.tsx:22:3)
Warning: A component is `contentEditable` and 
contains `children` managed by React. It is now 
your responsibility to guarantee that none of those 
nodes are unexpectedly modified or duplicated. This 
is probably not intentional.
    at div
    at div
    at div
    at div
    at spy (file:///C:/Users/Eli/Desktop/Claude%20Co
de/CPQ-System/node_modules/tinyspy/dist/index.js:42:
80)
    at div
    at div
    at div
    at C:\Users\Eli\Desktop\Claude 
Code\CPQ-System\src\components\ui\card.tsx:81:57
    at div
    at C:\Users\Eli\Desktop\Claude 
Code\CPQ-System\src\components\ui\card.tsx:7:50
    at BOMGrid (C:\Users\Eli\Desktop\Claude Code\CPQ
-System\src\components\shared\BOMGrid.tsx:22:3)
Warning: A component is `contentEditable` and 
contains `children` managed by React. It is now 
your responsibility to guarantee that none of those 
nodes are unexpectedly modified or duplicated. This 
is probably not intentional.
    at div
    at div
    at div
    at div
    at spy (file:///C:/Users/Eli/Desktop/Claude%20Co
de/CPQ-System/node_modules/tinyspy/dist/index.js:42:
80)
    at div
    at div
    at div
    at C:\Users\Eli\Desktop\Claude 
Code\CPQ-System\src\components\ui\card.tsx:81:57
    at div
    at C:\Users\Eli\Desktop\Claude 
Code\CPQ-System\src\components\ui\card.tsx:7:50
    at BOMGrid (C:\Users\Eli\Desktop\Claude Code\CPQ
-System\src\components\shared\BOMGrid.tsx:22:3)
Warning: A component is `contentEditable` and 
contains `children` managed by React. It is now 
your responsibility to guarantee that none of those 
nodes are unexpectedly modified or duplicated. This 
is probably not intentional.
    at div
    at div
    at div
    at div
    at spy (file:///C:/Users/Eli/Desktop/Claude%20Co
de/CPQ-System/node_modules/tinyspy/dist/index.js:42:
80)
    at div
    at div
    at div
    at C:\Users\Eli\Desktop\Claude 
Code\CPQ-System\src\components\ui\card.tsx:81:57
    at div
    at C:\Users\Eli\Desktop\Claude 
Code\CPQ-System\src\components\ui\card.tsx:7:50
    at BOMGrid (C:\Users\Eli\Desktop\Claude Code\CPQ
-System\src\components\shared\BOMGrid.tsx:22:3)
Warning: A component is `contentEditable` and 
contains `children` managed by React. It is now 
your responsibility to guarantee that none of those 
nodes are unexpectedly modified or duplicated. This 
is probably not intentional.
    at div
    at div
    at div
    at div
    at spy (file:///C:/Users/Eli/Desktop/Claude%20Co
de/CPQ-System/node_modules/tinyspy/dist/index.js:42:
80)
    at div
    at div
    at div
    at C:\Users\Eli\Desktop\Claude 
Code\CPQ-System\src\components\ui\card.tsx:81:57
    at div
    at C:\Users\Eli\Desktop\Claude 
Code\CPQ-System\src\components\ui\card.tsx:7:50
    at BOMGrid (C:\Users\Eli\Desktop\Claude Code\CPQ
-System\src\components\shared\BOMGrid.tsx:22:3)
Warning: A component is `contentEditable` and 
contains `children` managed by React. It is now 
your responsibility to guarantee that none of those 
nodes are unexpectedly modified or duplicated. This 
is probably not intentional.
    at div
    at div
    at div
    at div
    at spy (file:///C:/Users/Eli/Desktop/Claude%20Co
de/CPQ-System/node_modules/tinyspy/dist/index.js:42:
80)
    at div
    at div
    at div
    at C:\Users\Eli\Desktop\Claude 
Code\CPQ-System\src\components\ui\card.tsx:81:57
    at div
    at C:\Users\Eli\Desktop\Claude 
Code\CPQ-System\src\components\ui\card.tsx:7:50
    at BOMGrid (C:\Users\Eli\Desktop\Claude Code\CPQ
-System\src\components\shared\BOMGrid.tsx:22:3)
Warning: A component is `contentEditable` and 
contains `children` managed by React. It is now 
your responsibility to guarantee that none of those 
nodes are unexpectedly modified or duplicated. This 
is probably not intentional.
    at div
    at div
    at div
    at div
    at spy (file:///C:/Users/Eli/Desktop/Claude%20Co
de/CPQ-System/node_modules/tinyspy/dist/index.js:42:
80)
    at div
    at div
    at div
    at C:\Users\Eli\Desktop\Claude 
Code\CPQ-System\src\components\ui\card.tsx:81:57
    at div
    at C:\Users\Eli\Desktop\Claude 
Code\CPQ-System\src\components\ui\card.tsx:7:50
    at BOMGrid (C:\Users\Eli\Desktop\Claude Code\CPQ
-System\src\components\shared\BOMGrid.tsx:22:3)
Warning: A component is `contentEditable` and 
contains `children` managed by React. It is now 
your responsibility to guarantee that none of those 
nodes are unexpectedly modified or duplicated. This 
is probably not intentional.
    at div
    at div
    at div
    at div
    at spy (file:///C:/Users/Eli/Desktop/Claude%20Co
de/CPQ-System/node_modules/tinyspy/dist/index.js:42:
80)
    at div
    at div
    at div
    at C:\Users\Eli\Desktop\Claude 
Code\CPQ-System\src\components\ui\card.tsx:81:57
    at div
    at C:\Users\Eli\Desktop\Claude 
Code\CPQ-System\src\components\ui\card.tsx:7:50
    at BOMGrid (C:\Users\Eli\Desktop\Claude Code\CPQ
-System\src\components\shared\BOMGrid.tsx:22:3)
Warning: A component is `contentEditable` and 
contains `children` managed by React. It is now 
your responsibility to guarantee that none of those 
nodes are unexpectedly modified or duplicated. This 
is probably not intentional.
    at div
    at div
    at div
    at div
    at spy (file:///C:/Users/Eli/Desktop/Claude%20Co
de/CPQ-System/node_modules/tinyspy/dist/index.js:42:
80)
    at div
    at div
    at div
    at C:\Users\Eli\Desktop\Claude 
Code\CPQ-System\src\components\ui\card.tsx:81:57
    at div
    at C:\Users\Eli\Desktop\Claude 
Code\CPQ-System\src\components\ui\card.tsx:7:50
    at BOMGrid (C:\Users\Eli\Desktop\Claude Code\CPQ
-System\src\components\shared\BOMGrid.tsx:22:3)
Warning: A component is `contentEditable` and 
contains `children` managed by React. It is now 
your responsibility to guarantee that none of those 
nodes are unexpectedly modified or duplicated. This 
is probably not intentional.
    at div
    at div
    at div
    at div
    at spy (file:///C:/Users/Eli/Desktop/Claude%20Co
de/CPQ-System/node_modules/tinyspy/dist/index.js:42:
80)
    at div
    at div
    at div
    at C:\Users\Eli\Desktop\Claude 
Code\CPQ-System\src\components\ui\card.tsx:81:57
    at div
    at C:\Users\Eli\Desktop\Claude 
Code\CPQ-System\src\components\ui\card.tsx:7:50
    at BOMGrid (C:\Users\Eli\Desktop\Claude Code\CPQ
-System\src\components\shared\BOMGrid.tsx:22:3)
Warning: A component is `contentEditable` and 
contains `children` managed by React. It is now 
your responsibility to guarantee that none of those 
nodes are unexpectedly modified or duplicated. This 
is probably not intentional.
    at div
    at div
    at div
    at div
    at spy (file:///C:/Users/Eli/Desktop/Claude%20Co
de/CPQ-System/node_modules/tinyspy/dist/index.js:42:
80)
    at div
    at div
    at div
    at C:\Users\Eli\Desktop\Claude 
Code\CPQ-System\src\components\ui\card.tsx:81:57
    at div
    at C:\Users\Eli\Desktop\Claude 
Code\CPQ-System\src\components\ui\card.tsx:7:50
    at BOMGrid (C:\Users\Eli\Desktop\Claude Code\CPQ
-System\src\components\shared\BOMGrid.tsx:22:3)
Warning: A component is `contentEditable` and 
contains `children` managed by React. It is now 
your responsibility to guarantee that none of those 
nodes are unexpectedly modified or duplicated. This 
is probably not intentional.
    at div
    at div
    at div
    at div
    at spy (file:///C:/Users/Eli/Desktop/Claude%20Co
de/CPQ-System/node_modules/tinyspy/dist/index.js:42:
80)
    at div
    at div
    at div
    at C:\Users\Eli\Desktop\Claude 
Code\CPQ-System\src\components\ui\card.tsx:81:57
    at div
    at C:\Users\Eli\Desktop\Claude 
Code\CPQ-System\src\components\ui\card.tsx:7:50
    at BOMGrid (C:\Users\Eli\Desktop\Claude Code\CPQ
-System\src\components\shared\BOMGrid.tsx:22:3)
Warning: A component is `contentEditable` and 
contains `children` managed by React. It is now 
your responsibility to guarantee that none of those 
nodes are unexpectedly modified or duplicated. This 
is probably not intentional.
    at div
    at div
    at div
    at div
    at spy (file:///C:/Users/Eli/Desktop/Claude%20Co
de/CPQ-System/node_modules/tinyspy/dist/index.js:42:
80)
    at div
    at div
    at div
    at C:\Users\Eli\Desktop\Claude 
Code\CPQ-System\src\components\ui\card.tsx:81:57
    at div
    at C:\Users\Eli\Desktop\Claude 
Code\CPQ-System\src\components\ui\card.tsx:7:50
    at BOMGrid (C:\Users\Eli\Desktop\Claude Code\CPQ
-System\src\components\shared\BOMGrid.tsx:22:3)
Warning: A component is `contentEditable` and 
contains `children` managed by React. It is now 
your responsibility to guarantee that none of those 
nodes are unexpectedly modified or duplicated. This 
is probably not intentional.
    at div
    at div
    at div
    at div
    at spy (file:///C:/Users/Eli/Desktop/Claude%20Co
de/CPQ-System/node_modules/tinyspy/dist/index.js:42:
80)
    at div
    at div
    at div
    at C:\Users\Eli\Desktop\Claude 
Code\CPQ-System\src\components\ui\card.tsx:81:57
    at div
    at C:\Users\Eli\Desktop\Claude 
Code\CPQ-System\src\components\ui\card.tsx:7:50
    at BOMGrid (C:\Users\Eli\Desktop\Claude Code\CPQ
-System\src\components\shared\BOMGrid.tsx:22:3)
Warning: A component is `contentEditable` and 
contains `children` managed by React. It is now 
your responsibility to guarantee that none of those 
nodes are unexpectedly modified or duplicated. This 
is probably not intentional.
    at div
    at div
    at div
    at div
    at spy (file:///C:/Users/Eli/Desktop/Claude%20Co
de/CPQ-System/node_modules/tinyspy/dist/index.js:42:
80)
    at div
    at div
    at div
    at C:\Users\Eli\Desktop\Claude 
Code\CPQ-System\src\components\ui\card.tsx:81:57
    at div
    at C:\Users\Eli\Desktop\Claude 
Code\CPQ-System\src\components\ui\card.tsx:7:50
    at BOMGrid (C:\Users\Eli\Desktop\Claude Code\CPQ
-System\src\components\shared\BOMGrid.tsx:22:3)
Warning: A component is `contentEditable` and 
contains `children` managed by React. It is now 
your responsibility to guarantee that none of those 
nodes are unexpectedly modified or duplicated. This 
is probably not intentional.
    at div
    at div
    at div
    at div
    at spy (file:///C:/Users/Eli/Desktop/Claude%20Co
de/CPQ-System/node_modules/tinyspy/dist/index.js:42:
80)
    at div
    at div
    at div
    at C:\Users\Eli\Desktop\Claude 
Code\CPQ-System\src\components\ui\card.tsx:81:57
    at div
    at C:\Users\Eli\Desktop\Claude 
Code\CPQ-System\src\components\ui\card.tsx:7:50
    at BOMGrid (C:\Users\Eli\Desktop\Claude Code\CPQ
-System\src\components\shared\BOMGrid.tsx:22:3)
Warning: A component is `contentEditable` and 
contains `children` managed by React. It is now 
your responsibility to guarantee that none of those 
nodes are unexpectedly modified or duplicated. This 
is probably not intentional.
    at div
    at div
    at div
    at div
    at spy (file:///C:/Users/Eli/Desktop/Claude%20Co
de/CPQ-System/node_modules/tinyspy/dist/index.js:42:
80)
    at div
    at div
    at div
    at C:\Users\Eli\Desktop\Claude 
Code\CPQ-System\src\components\ui\card.tsx:81:57
    at div
    at C:\Users\Eli\Desktop\Claude 
Code\CPQ-System\src\components\ui\card.tsx:7:50
    at BOMGrid (C:\Users\Eli\Desktop\Claude Code\CPQ
-System\src\components\shared\BOMGrid.tsx:22:3)
Warning: A component is `contentEditable` and 
contains `children` managed by React. It is now 
your responsibility to guarantee that none of those 
nodes are unexpectedly modified or duplicated. This 
is probably not intentional.
    at div
    at div
    at div
    at div
    at spy (file:///C:/Users/Eli/Desktop/Claude%20Co
de/CPQ-System/node_modules/tinyspy/dist/index.js:42:
80)
    at div
    at div
    at div
    at C:\Users\Eli\Desktop\Claude 
Code\CPQ-System\src\components\ui\card.tsx:81:57
    at div
    at C:\Users\Eli\Desktop\Claude 
Code\CPQ-System\src\components\ui\card.tsx:7:50
    at BOMGrid (C:\Users\Eli\Desktop\Claude Code\CPQ
-System\src\components\shared\BOMGrid.tsx:22:3)
Warning: A component is `contentEditable` and 
contains `children` managed by React. It is now 
your responsibility to guarantee that none of those 
nodes are unexpectedly modified or duplicated. This 
is probably not intentional.
    at div
    at div
    at div
    at div
    at spy (file:///C:/Users/Eli/Desktop/Claude%20Co
de/CPQ-System/node_modules/tinyspy/dist/index.js:42:
80)
    at div
    at div
    at div
    at C:\Users\Eli\Desktop\Claude 
Code\CPQ-System\src\components\ui\card.tsx:81:57
    at div
    at C:\Users\Eli\Desktop\Claude 
Code\CPQ-System\src\components\ui\card.tsx:7:50
    at BOMGrid (C:\Users\Eli\Desktop\Claude Code\CPQ
-System\src\components\shared\BOMGrid.tsx:22:3)
Warning: A component is `contentEditable` and 
contains `children` managed by React. It is now 
your responsibility to guarantee that none of those 
nodes are unexpectedly modified or duplicated. This 
is probably not intentional.
    at div
    at div
    at div
    at div
    at spy (file:///C:/Users/Eli/Desktop/Claude%20Co
de/CPQ-System/node_modules/tinyspy/dist/index.js:42:
80)
    at div
    at div
    at div
    at C:\Users\Eli\Desktop\Claude 
Code\CPQ-System\src\components\ui\card.tsx:81:57
    at div
    at C:\Users\Eli\Desktop\Claude 
Code\CPQ-System\src\components\ui\card.tsx:7:50
    at BOMGrid (C:\Users\Eli\Desktop\Claude Code\CPQ
-System\src\components\shared\BOMGrid.tsx:22:3)
Warning: A component is `contentEditable` and 
contains `children` managed by React. It is now 
your responsibility to guarantee that none of those 
nodes are unexpectedly modified or duplicated. This 
is probably not intentional.
    at div
    at div
    at div
    at div
    at spy (file:///C:/Users/Eli/Desktop/Claude%20Co
de/CPQ-System/node_modules/tinyspy/dist/index.js:42:
80)
    at div
    at div
    at div
    at C:\Users\Eli\Desktop\Claude 
Code\CPQ-System\src\components\ui\card.tsx:81:57
    at div
    at C:\Users\Eli\Desktop\Claude 
Code\CPQ-System\src\components\ui\card.tsx:7:50
    at BOMGrid (C:\Users\Eli\Desktop\Claude Code\CPQ
-System\src\components\shared\BOMGrid.tsx:22:3)
Warning: A component is `contentEditable` and 
contains `children` managed by React. It is now 
your responsibility to guarantee that none of those 
nodes are unexpectedly modified or duplicated. This 
is probably not intentional.
    at div
    at div
    at div
    at div
    at spy (file:///C:/Users/Eli/Desktop/Claude%20Co
de/CPQ-System/node_modules/tinyspy/dist/index.js:42:
80)
    at div
    at div
    at div
    at C:\Users\Eli\Desktop\Claude 
Code\CPQ-System\src\components\ui\card.tsx:81:57
    at div
    at C:\Users\Eli\Desktop\Claude 
Code\CPQ-System\src\components\ui\card.tsx:7:50
    at BOMGrid (C:\Users\Eli\Desktop\Claude Code\CPQ
-System\src\components\shared\BOMGrid.tsx:22:3)
Warning: A component is `contentEditable` and 
contains `children` managed by React. It is now 
your responsibility to guarantee that none of those 
nodes are unexpectedly modified or duplicated. This 
is probably not intentional.
    at div
    at div
    at div
    at div
    at spy (file:///C:/Users/Eli/Desktop/Claude%20Co
de/CPQ-System/node_modules/tinyspy/dist/index.js:42:
80)
    at div
    at div
    at div
    at C:\Users\Eli\Desktop\Claude 
Code\CPQ-System\src\components\ui\card.tsx:81:57
    at div
    at C:\Users\Eli\Desktop\Claude 
Code\CPQ-System\src\components\ui\card.tsx:7:50
    at BOMGrid (C:\Users\Eli\Desktop\Claude Code\CPQ
-System\src\components\shared\BOMGrid.tsx:22:3)
Warning: A component is `contentEditable` and 
contains `children` managed by React. It is now 
your responsibility to guarantee that none of those 
nodes are unexpectedly modified or duplicated. This 
is probably not intentional.
    at div
    at div
    at div
    at div
    at spy (file:///C:/Users/Eli/Desktop/Claude%20Co
de/CPQ-System/node_modules/tinyspy/dist/index.js:42:
80)
    at div
    at div
    at div
    at C:\Users\Eli\Desktop\Claude 
Code\CPQ-System\src\components\ui\card.tsx:81:57
    at div
    at C:\Users\Eli\Desktop\Claude 
Code\CPQ-System\src\components\ui\card.tsx:7:50
    at BOMGrid (C:\Users\Eli\Desktop\Claude Code\CPQ
-System\src\components\shared\BOMGrid.tsx:22:3)
Warning: A component is `contentEditable` and 
contains `children` managed by React. It is now 
your responsibility to guarantee that none of those 
nodes are unexpectedly modified or duplicated. This 
is probably not intentional.
    at div
    at div
    at div
    at div
    at spy (file:///C:/Users/Eli/Desktop/Claude%20Co
de/CPQ-System/node_modules/tinyspy/dist/index.js:42:
80)
    at div
    at div
    at div
    at C:\Users\Eli\Desktop\Claude 
Code\CPQ-System\src\components\ui\card.tsx:81:57
    at div
    at C:\Users\Eli\Desktop\Claude 
Code\CPQ-System\src\components\ui\card.tsx:7:50
    at BOMGrid (C:\Users\Eli\Desktop\Claude Code\CPQ
-System\src\components\shared\BOMGrid.tsx:22:3)
Warning: A component is `contentEditable` and 
contains `children` managed by React. It is now 
your responsibility to guarantee that none of those 
nodes are unexpectedly modified or duplicated. This 
is probably not intentional.
    at div
    at div
    at div
    at div
    at spy (file:///C:/Users/Eli/Desktop/Claude%20Co
de/CPQ-System/node_modules/tinyspy/dist/index.js:42:
80)
    at div
    at div
    at div
    at C:\Users\Eli\Desktop\Claude 
Code\CPQ-System\src\components\ui\card.tsx:81:57
    at div
    at C:\Users\Eli\Desktop\Claude 
Code\CPQ-System\src\components\ui\card.tsx:7:50
    at BOMGrid (C:\Users\Eli\Desktop\Claude Code\CPQ
-System\src\components\shared\BOMGrid.tsx:22:3)
Warning: A component is `contentEditable` and 
contains `children` managed by React. It is now 
your responsibility to guarantee that none of those 
nodes are unexpectedly modified or duplicated. This 
is probably not intentional.
    at div
    at div
    at div
    at div
    at spy (file:///C:/Users/Eli/Desktop/Claude%20Co
de/CPQ-System/node_modules/tinyspy/dist/index.js:42:
80)
    at div
    at div
    at div
    at C:\Users\Eli\Desktop\Claude 
Code\CPQ-System\src\components\ui\card.tsx:81:57
    at div
    at C:\Users\Eli\Desktop\Claude 
Code\CPQ-System\src\components\ui\card.tsx:7:50
    at BOMGrid (C:\Users\Eli\Desktop\Claude Code\CPQ
-System\src\components\shared\BOMGrid.tsx:22:3)
Warning: A component is `contentEditable` and 
contains `children` managed by React. It is now 
your responsibility to guarantee that none of those 
nodes are unexpectedly modified or duplicated. This 
is probably not intentional.
    at div
    at div
    at div
    at div
    at spy (file:///C:/Users/Eli/Desktop/Claude%20Co
de/CPQ-System/node_modules/tinyspy/dist/index.js:42:
80)
    at div
    at div
    at div
    at C:\Users\Eli\Desktop\Claude 
Code\CPQ-System\src\components\ui\card.tsx:81:57
    at div
    at C:\Users\Eli\Desktop\Claude 
Code\CPQ-System\src\components\ui\card.tsx:7:50
    at BOMGrid (C:\Users\Eli\Desktop\Claude Code\CPQ
-System\src\components\shared\BOMGrid.tsx:22:3)

[90mstderr[2m | src/components/shared/__tests__/BO
MGrid.test.tsx[2m > [22m[2mBOMGrid[2m > 
[22m[2mCell Editing[2m > [22m[2mallows editing 
description when allowEditing is true[22m[39m
Warning: A component is `contentEditable` and 
contains `children` managed by React. It is now 
your responsibility to guarantee that none of those 
nodes are unexpectedly modified or duplicated. This 
is probably not intentional.
    at div
    at div
    at div
    at div
    at spy (file:///C:/Users/Eli/Desktop/Claude%20Co
de/CPQ-System/node_modules/tinyspy/dist/index.js:42:
80)
    at div
    at div
    at div
    at C:\Users\Eli\Desktop\Claude 
Code\CPQ-System\src\components\ui\card.tsx:81:57
    at div
    at C:\Users\Eli\Desktop\Claude 
Code\CPQ-System\src\components\ui\card.tsx:7:50
    at BOMGrid (C:\Users\Eli\Desktop\Claude Code\CPQ
-System\src\components\shared\BOMGrid.tsx:22:3)
Warning: A component is `contentEditable` and 
contains `children` managed by React. It is now 
your responsibility to guarantee that none of those 
nodes are unexpectedly modified or duplicated. This 
is probably not intentional.
    at div
    at div
    at div
    at div
    at spy (file:///C:/Users/Eli/Desktop/Claude%20Co
de/CPQ-System/node_modules/tinyspy/dist/index.js:42:
80)
    at div
    at div
    at div
    at C:\Users\Eli\Desktop\Claude 
Code\CPQ-System\src\components\ui\card.tsx:81:57
    at div
    at C:\Users\Eli\Desktop\Claude 
Code\CPQ-System\src\components\ui\card.tsx:7:50
    at BOMGrid (C:\Users\Eli\Desktop\Claude Code\CPQ
-System\src\components\shared\BOMGrid.tsx:22:3)
Warning: A component is `contentEditable` and 
contains `children` managed by React. It is now 
your responsibility to guarantee that none of those 
nodes are unexpectedly modified or duplicated. This 
is probably not intentional.
    at div
    at div
    at div
    at div
    at spy (file:///C:/Users/Eli/Desktop/Claude%20Co
de/CPQ-System/node_modules/tinyspy/dist/index.js:42:
80)
    at div
    at div
    at div
    at C:\Users\Eli\Desktop\Claude 
Code\CPQ-System\src\components\ui\card.tsx:81:57
    at div
    at C:\Users\Eli\Desktop\Claude 
Code\CPQ-System\src\components\ui\card.tsx:7:50
    at BOMGrid (C:\Users\Eli\Desktop\Claude Code\CPQ
-System\src\components\shared\BOMGrid.tsx:22:3)
Warning: A component is `contentEditable` and 
contains `children` managed by React. It is now 
your responsibility to guarantee that none of those 
nodes are unexpectedly modified or duplicated. This 
is probably not intentional.
    at div
    at div
    at div
    at div
    at spy (file:///C:/Users/Eli/Desktop/Claude%20Co
de/CPQ-System/node_modules/tinyspy/dist/index.js:42:
80)
    at div
    at div
    at div
    at C:\Users\Eli\Desktop\Claude 
Code\CPQ-System\src\components\ui\card.tsx:81:57
    at div
    at C:\Users\Eli\Desktop\Claude 
Code\CPQ-System\src\components\ui\card.tsx:7:50
    at BOMGrid (C:\Users\Eli\Desktop\Claude Code\CPQ
-System\src\components\shared\BOMGrid.tsx:22:3)
Warning: A component is `contentEditable` and 
contains `children` managed by React. It is now 
your responsibility to guarantee that none of those 
nodes are unexpectedly modified or duplicated. This 
is probably not intentional.
    at div
    at div
    at div
    at div
    at spy (file:///C:/Users/Eli/Desktop/Claude%20Co
de/CPQ-System/node_modules/tinyspy/dist/index.js:42:
80)
    at div
    at div
    at div
    at C:\Users\Eli\Desktop\Claude 
Code\CPQ-System\src\components\ui\card.tsx:81:57
    at div
    at C:\Users\Eli\Desktop\Claude 
Code\CPQ-System\src\components\ui\card.tsx:7:50
    at BOMGrid (C:\Users\Eli\Desktop\Claude Code\CPQ
-System\src\components\shared\BOMGrid.tsx:22:3)
Warning: A component is `contentEditable` and 
contains `children` managed by React. It is now 
your responsibility to guarantee that none of those 
nodes are unexpectedly modified or duplicated. This 
is probably not intentional.
    at div
    at div
    at div
    at div
    at spy (file:///C:/Users/Eli/Desktop/Claude%20Co
de/CPQ-System/node_modules/tinyspy/dist/index.js:42:
80)
    at div
    at div
    at div
    at C:\Users\Eli\Desktop\Claude 
Code\CPQ-System\src\components\ui\card.tsx:81:57
    at div
    at C:\Users\Eli\Desktop\Claude 
Code\CPQ-System\src\components\ui\card.tsx:7:50
    at BOMGrid (C:\Users\Eli\Desktop\Claude Code\CPQ
-System\src\components\shared\BOMGrid.tsx:22:3)
Warning: A component is `contentEditable` and 
contains `children` managed by React. It is now 
your responsibility to guarantee that none of those 
nodes are unexpectedly modified or duplicated. This 
is probably not intentional.
    at div
    at div
    at div
    at div
    at spy (file:///C:/Users/Eli/Desktop/Claude%20Co
de/CPQ-System/node_modules/tinyspy/dist/index.js:42:
80)
    at div
    at div
    at div
    at C:\Users\Eli\Desktop\Claude 
Code\CPQ-System\src\components\ui\card.tsx:81:57
    at div
    at C:\Users\Eli\Desktop\Claude 
Code\CPQ-System\src\components\ui\card.tsx:7:50
    at BOMGrid (C:\Users\Eli\Desktop\Claude Code\CPQ
-System\src\components\shared\BOMGrid.tsx:22:3)
Warning: A component is `contentEditable` and 
contains `children` managed by React. It is now 
your responsibility to guarantee that none of those 
nodes are unexpectedly modified or duplicated. This 
is probably not intentional.
    at div
    at div
    at div
    at div
    at spy (file:///C:/Users/Eli/Desktop/Claude%20Co
de/CPQ-System/node_modules/tinyspy/dist/index.js:42:
80)
    at div
    at div
    at div
    at C:\Users\Eli\Desktop\Claude 
Code\CPQ-System\src\components\ui\card.tsx:81:57
    at div
    at C:\Users\Eli\Desktop\Claude 
Code\CPQ-System\src\components\ui\card.tsx:7:50
    at BOMGrid (C:\Users\Eli\Desktop\Claude Code\CPQ
-System\src\components\shared\BOMGrid.tsx:22:3)
Warning: A component is `contentEditable` and 
contains `children` managed by React. It is now 
your responsibility to guarantee that none of those 
nodes are unexpectedly modified or duplicated. This 
is probably not intentional.
    at div
    at div
    at div
    at div
    at spy (file:///C:/Users/Eli/Desktop/Claude%20Co
de/CPQ-System/node_modules/tinyspy/dist/index.js:42:
80)
    at div
    at div
    at div
    at C:\Users\Eli\Desktop\Claude 
Code\CPQ-System\src\components\ui\card.tsx:81:57
    at div
    at C:\Users\Eli\Desktop\Claude 
Code\CPQ-System\src\components\ui\card.tsx:7:50
    at BOMGrid (C:\Users\Eli\Desktop\Claude Code\CPQ
-System\src\components\shared\BOMGrid.tsx:22:3)
Warning: A component is `contentEditable` and 
contains `children` managed by React. It is now 
your responsibility to guarantee that none of those 
nodes are unexpectedly modified or duplicated. This 
is probably not intentional.
    at div
    at div
    at div
    at div
    at spy (file:///C:/Users/Eli/Desktop/Claude%20Co
de/CPQ-System/node_modules/tinyspy/dist/index.js:42:
80)
    at div
    at div
    at div
    at C:\Users\Eli\Desktop\Claude 
Code\CPQ-System\src\components\ui\card.tsx:81:57
    at div
    at C:\Users\Eli\Desktop\Claude 
Code\CPQ-System\src\components\ui\card.tsx:7:50
    at BOMGrid (C:\Users\Eli\Desktop\Claude Code\CPQ
-System\src\components\shared\BOMGrid.tsx:22:3)
Warning: A component is `contentEditable` and 
contains `children` managed by React. It is now 
your responsibility to guarantee that none of those 
nodes are unexpectedly modified or duplicated. This 
is probably not intentional.
    at div
    at div
    at div
    at div
    at spy (file:///C:/Users/Eli/Desktop/Claude%20Co
de/CPQ-System/node_modules/tinyspy/dist/index.js:42:
80)
    at div
    at div
    at div
    at C:\Users\Eli\Desktop\Claude 
Code\CPQ-System\src\components\ui\card.tsx:81:57
    at div
    at C:\Users\Eli\Desktop\Claude 
Code\CPQ-System\src\components\ui\card.tsx:7:50
    at BOMGrid (C:\Users\Eli\Desktop\Claude Code\CPQ
-System\src\components\shared\BOMGrid.tsx:22:3)
Warning: A component is `contentEditable` and 
contains `children` managed by React. It is now 
your responsibility to guarantee that none of those 
nodes are unexpectedly modified or duplicated. This 
is probably not intentional.
    at div
    at div
    at div
    at div
    at spy (file:///C:/Users/Eli/Desktop/Claude%20Co
de/CPQ-System/node_modules/tinyspy/dist/index.js:42:
80)
    at div
    at div
    at div
    at C:\Users\Eli\Desktop\Claude 
Code\CPQ-System\src\components\ui\card.tsx:81:57
    at div
    at C:\Users\Eli\Desktop\Claude 
Code\CPQ-System\src\components\ui\card.tsx:7:50
    at BOMGrid (C:\Users\Eli\Desktop\Claude Code\CPQ
-System\src\components\shared\BOMGrid.tsx:22:3)
Warning: A component is `contentEditable` and 
contains `children` managed by React. It is now 
your responsibility to guarantee that none of those 
nodes are unexpectedly modified or duplicated. This 
is probably not intentional.
    at div
    at div
    at div
    at div
    at spy (file:///C:/Users/Eli/Desktop/Claude%20Co
de/CPQ-System/node_modules/tinyspy/dist/index.js:42:
80)
    at div
    at div
    at div
    at C:\Users\Eli\Desktop\Claude 
Code\CPQ-System\src\components\ui\card.tsx:81:57
    at div
    at C:\Users\Eli\Desktop\Claude 
Code\CPQ-System\src\components\ui\card.tsx:7:50
    at BOMGrid (C:\Users\Eli\Desktop\Claude Code\CPQ
-System\src\components\shared\BOMGrid.tsx:22:3)
Warning: A component is `contentEditable` and 
contains `children` managed by React. It is now 
your responsibility to guarantee that none of those 
nodes are unexpectedly modified or duplicated. This 
is probably not intentional.
    at div
    at div
    at div
    at div
    at spy (file:///C:/Users/Eli/Desktop/Claude%20Co
de/CPQ-System/node_modules/tinyspy/dist/index.js:42:
80)
    at div
    at div
    at div
    at C:\Users\Eli\Desktop\Claude 
Code\CPQ-System\src\components\ui\card.tsx:81:57
    at div
    at C:\Users\Eli\Desktop\Claude 
Code\CPQ-System\src\components\ui\card.tsx:7:50
    at BOMGrid (C:\Users\Eli\Desktop\Claude Code\CPQ
-System\src\components\shared\BOMGrid.tsx:22:3)
Warning: A component is `contentEditable` and 
contains `children` managed by React. It is now 
your responsibility to guarantee that none of those 
nodes are unexpectedly modified or duplicated. This 
is probably not intentional.
    at div
    at div
    at div
    at div
    at spy (file:///C:/Users/Eli/Desktop/Claude%20Co
de/CPQ-System/node_modules/tinyspy/dist/index.js:42:
80)
    at div
    at div
    at div
    at C:\Users\Eli\Desktop\Claude 
Code\CPQ-System\src\components\ui\card.tsx:81:57
    at div
    at C:\Users\Eli\Desktop\Claude 
Code\CPQ-System\src\components\ui\card.tsx:7:50
    at BOMGrid (C:\Users\Eli\Desktop\Claude Code\CPQ
-System\src\components\shared\BOMGrid.tsx:22:3)
Warning: A component is `contentEditable` and 
contains `children` managed by React. It is now 
your responsibility to guarantee that none of those 
nodes are unexpectedly modified or duplicated. This 
is probably not intentional.
    at div
    at div
    at div
    at div
    at spy (file:///C:/Users/Eli/Desktop/Claude%20Co
de/CPQ-System/node_modules/tinyspy/dist/index.js:42:
80)
    at div
    at div
    at div
    at C:\Users\Eli\Desktop\Claude 
Code\CPQ-System\src\components\ui\card.tsx:81:57
    at div
    at C:\Users\Eli\Desktop\Claude 
Code\CPQ-System\src\components\ui\card.tsx:7:50
    at BOMGrid (C:\Users\Eli\Desktop\Claude Code\CPQ
-System\src\components\shared\BOMGrid.tsx:22:3)
Warning: A component is `contentEditable` and 
contains `children` managed by React. It is now 
your responsibility to guarantee that none of those 
nodes are unexpectedly modified or duplicated. This 
is probably not intentional.
    at div
    at div
    at div
    at div
    at spy (file:///C:/Users/Eli/Desktop/Claude%20Co
de/CPQ-System/node_modules/tinyspy/dist/index.js:42:
80)
    at div
    at div
    at div
    at C:\Users\Eli\Desktop\Claude 
Code\CPQ-System\src\components\ui\card.tsx:81:57
    at div
    at C:\Users\Eli\Desktop\Claude 
Code\CPQ-System\src\components\ui\card.tsx:7:50
    at BOMGrid (C:\Users\Eli\Desktop\Claude Code\CPQ
-System\src\components\shared\BOMGrid.tsx:22:3)
Warning: A component is `contentEditable` and 
contains `children` managed by React. It is now 
your responsibility to guarantee that none of those 
nodes are unexpectedly modified or duplicated. This 
is probably not intentional.
    at div
    at div
    at div
    at div
    at spy (file:///C:/Users/Eli/Desktop/Claude%20Co
de/CPQ-System/node_modules/tinyspy/dist/index.js:42:
80)
    at div
    at div
    at div
    at C:\Users\Eli\Desktop\Claude 
Code\CPQ-System\src\components\ui\card.tsx:81:57
    at div
    at C:\Users\Eli\Desktop\Claude 
Code\CPQ-System\src\components\ui\card.tsx:7:50
    at BOMGrid (C:\Users\Eli\Desktop\Claude Code\CPQ
-System\src\components\shared\BOMGrid.tsx:22:3)
Warning: A component is `contentEditable` and 
contains `children` managed by React. It is now 
your responsibility to guarantee that none of those 
nodes are unexpectedly modified or duplicated. This 
is probably not intentional.
    at div
    at div
    at div
    at div
    at spy (file:///C:/Users/Eli/Desktop/Claude%20Co
de/CPQ-System/node_modules/tinyspy/dist/index.js:42:
80)
    at div
    at div
    at div
    at C:\Users\Eli\Desktop\Claude 
Code\CPQ-System\src\components\ui\card.tsx:81:57
    at div
    at C:\Users\Eli\Desktop\Claude 
Code\CPQ-System\src\components\ui\card.tsx:7:50
    at BOMGrid (C:\Users\Eli\Desktop\Claude Code\CPQ
-System\src\components\shared\BOMGrid.tsx:22:3)
Warning: A component is `contentEditable` and 
contains `children` managed by React. It is now 
your responsibility to guarantee that none of those 
nodes are unexpectedly modified or duplicated. This 
is probably not intentional.
    at div
    at div
    at div
    at div
    at spy (file:///C:/Users/Eli/Desktop/Claude%20Co
de/CPQ-System/node_modules/tinyspy/dist/index.js:42:
80)
    at div
    at div
    at div
    at C:\Users\Eli\Desktop\Claude 
Code\CPQ-System\src\components\ui\card.tsx:81:57
    at div
    at C:\Users\Eli\Desktop\Claude 
Code\CPQ-System\src\components\ui\card.tsx:7:50
    at BOMGrid (C:\Users\Eli\Desktop\Claude Code\CPQ
-System\src\components\shared\BOMGrid.tsx:22:3)
Warning: A component is `contentEditable` and 
contains `children` managed by React. It is now 
your responsibility to guarantee that none of those 
nodes are unexpectedly modified or duplicated. This 
is probably not intentional.
    at div
    at div
    at div
    at div
    at spy (file:///C:/Users/Eli/Desktop/Claude%20Co
de/CPQ-System/node_modules/tinyspy/dist/index.js:42:
80)
    at div
    at div
    at div
    at C:\Users\Eli\Desktop\Claude 
Code\CPQ-System\src\components\ui\card.tsx:81:57
    at div
    at C:\Users\Eli\Desktop\Claude 
Code\CPQ-System\src\components\ui\card.tsx:7:50
    at BOMGrid (C:\Users\Eli\Desktop\Claude Code\CPQ
-System\src\components\shared\BOMGrid.tsx:22:3)
Warning: A component is `contentEditable` and 
contains `children` managed by React. It is now 
your responsibility to guarantee that none of those 
nodes are unexpectedly modified or duplicated. This 
is probably not intentional.
    at div
    at div
    at div
    at div
    at spy (file:///C:/Users/Eli/Desktop/Claude%20Co
de/CPQ-System/node_modules/tinyspy/dist/index.js:42:
80)
    at div
    at div
    at div
    at C:\Users\Eli\Desktop\Claude 
Code\CPQ-System\src\components\ui\card.tsx:81:57
    at div
    at C:\Users\Eli\Desktop\Claude 
Code\CPQ-System\src\components\ui\card.tsx:7:50
    at BOMGrid (C:\Users\Eli\Desktop\Claude Code\CPQ
-System\src\components\shared\BOMGrid.tsx:22:3)
Warning: A component is `contentEditable` and 
contains `children` managed by React. It is now 
your responsibility to guarantee that none of those 
nodes are unexpectedly modified or duplicated. This 
is probably not intentional.
    at div
    at div
    at div
    at div
    at spy (file:///C:/Users/Eli/Desktop/Claude%20Co
de/CPQ-System/node_modules/tinyspy/dist/index.js:42:
80)
    at div
    at div
    at div
    at C:\Users\Eli\Desktop\Claude 
Code\CPQ-System\src\components\ui\card.tsx:81:57
    at div
    at C:\Users\Eli\Desktop\Claude 
Code\CPQ-System\src\components\ui\card.tsx:7:50
    at BOMGrid (C:\Users\Eli\Desktop\Claude Code\CPQ
-System\src\components\shared\BOMGrid.tsx:22:3)
Warning: A component is `contentEditable` and 
contains `children` managed by React. It is now 
your responsibility to guarantee that none of those 
nodes are unexpectedly modified or duplicated. This 
is probably not intentional.
    at div
    at div
    at div
    at div
    at spy (file:///C:/Users/Eli/Desktop/Claude%20Co
de/CPQ-System/node_modules/tinyspy/dist/index.js:42:
80)
    at div
    at div
    at div
    at C:\Users\Eli\Desktop\Claude 
Code\CPQ-System\src\components\ui\card.tsx:81:57
    at div
    at C:\Users\Eli\Desktop\Claude 
Code\CPQ-System\src\components\ui\card.tsx:7:50
    at BOMGrid (C:\Users\Eli\Desktop\Claude Code\CPQ
-System\src\components\shared\BOMGrid.tsx:22:3)
Warning: A component is `contentEditable` and 
contains `children` managed by React. It is now 
your responsibility to guarantee that none of those 
nodes are unexpectedly modified or duplicated. This 
is probably not intentional.
    at div
    at div
    at div
    at div
    at spy (file:///C:/Users/Eli/Desktop/Claude%20Co
de/CPQ-System/node_modules/tinyspy/dist/index.js:42:
80)
    at div
    at div
    at div
    at C:\Users\Eli\Desktop\Claude 
Code\CPQ-System\src\components\ui\card.tsx:81:57
    at div
    at C:\Users\Eli\Desktop\Claude 
Code\CPQ-System\src\components\ui\card.tsx:7:50
    at BOMGrid (C:\Users\Eli\Desktop\Claude Code\CPQ
-System\src\components\shared\BOMGrid.tsx:22:3)
Warning: A component is `contentEditable` and 
contains `children` managed by React. It is now 
your responsibility to guarantee that none of those 
nodes are unexpectedly modified or duplicated. This 
is probably not intentional.
    at div
    at div
    at div
    at div
    at spy (file:///C:/Users/Eli/Desktop/Claude%20Co
de/CPQ-System/node_modules/tinyspy/dist/index.js:42:
80)
    at div
    at div
    at div
    at C:\Users\Eli\Desktop\Claude 
Code\CPQ-System\src\components\ui\card.tsx:81:57
    at div
    at C:\Users\Eli\Desktop\Claude 
Code\CPQ-System\src\components\ui\card.tsx:7:50
    at BOMGrid (C:\Users\Eli\Desktop\Claude Code\CPQ
-System\src\components\shared\BOMGrid.tsx:22:3)
Warning: A component is `contentEditable` and 
contains `children` managed by React. It is now 
your responsibility to guarantee that none of those 
nodes are unexpectedly modified or duplicated. This 
is probably not intentional.
    at div
    at div
    at div
    at div
    at spy (file:///C:/Users/Eli/Desktop/Claude%20Co
de/CPQ-System/node_modules/tinyspy/dist/index.js:42:
80)
    at div
    at div
    at div
    at C:\Users\Eli\Desktop\Claude 
Code\CPQ-System\src\components\ui\card.tsx:81:57
    at div
    at C:\Users\Eli\Desktop\Claude 
Code\CPQ-System\src\components\ui\card.tsx:7:50
    at BOMGrid (C:\Users\Eli\Desktop\Claude Code\CPQ
-System\src\components\shared\BOMGrid.tsx:22:3)
Warning: A component is `contentEditable` and 
contains `children` managed by React. It is now 
your responsibility to guarantee that none of those 
nodes are unexpectedly modified or duplicated. This 
is probably not intentional.
    at div
    at div
    at div
    at div
    at spy (file:///C:/Users/Eli/Desktop/Claude%20Co
de/CPQ-System/node_modules/tinyspy/dist/index.js:42:
80)
    at div
    at div
    at div
    at C:\Users\Eli\Desktop\Claude 
Code\CPQ-System\src\components\ui\card.tsx:81:57
    at div
    at C:\Users\Eli\Desktop\Claude 
Code\CPQ-System\src\components\ui\card.tsx:7:50
    at BOMGrid (C:\Users\Eli\Desktop\Claude Code\CPQ
-System\src\components\shared\BOMGrid.tsx:22:3)
Warning: A component is `contentEditable` and 
contains `children` managed by React. It is now 
your responsibility to guarantee that none of those 
nodes are unexpectedly modified or duplicated. This 
is probably not intentional.
    at div
    at div
    at div
    at div
    at spy (file:///C:/Users/Eli/Desktop/Claude%20Co
de/CPQ-System/node_modules/tinyspy/dist/index.js:42:
80)
    at div
    at div
    at div
    at C:\Users\Eli\Desktop\Claude 
Code\CPQ-System\src\components\ui\card.tsx:81:57
    at div
    at C:\Users\Eli\Desktop\Claude 
Code\CPQ-System\src\components\ui\card.tsx:7:50
    at BOMGrid (C:\Users\Eli\Desktop\Claude Code\CPQ
-System\src\components\shared\BOMGrid.tsx:22:3)
Warning: A component is `contentEditable` and 
contains `children` managed by React. It is now 
your responsibility to guarantee that none of those 
nodes are unexpectedly modified or duplicated. This 
is probably not intentional.
    at div
    at div
    at div
    at div
    at spy (file:///C:/Users/Eli/Desktop/Claude%20Co
de/CPQ-System/node_modules/tinyspy/dist/index.js:42:
80)
    at div
    at div
    at div
    at C:\Users\Eli\Desktop\Claude 
Code\CPQ-System\src\components\ui\card.tsx:81:57
    at div
    at C:\Users\Eli\Desktop\Claude 
Code\CPQ-System\src\components\ui\card.tsx:7:50
    at BOMGrid (C:\Users\Eli\Desktop\Claude Code\CPQ
-System\src\components\shared\BOMGrid.tsx:22:3)
Warning: A component is `contentEditable` and 
contains `children` managed by React. It is now 
your responsibility to guarantee that none of those 
nodes are unexpectedly modified or duplicated. This 
is probably not intentional.
    at div
    at div
    at div
    at div
    at spy (file:///C:/Users/Eli/Desktop/Claude%20Co
de/CPQ-System/node_modules/tinyspy/dist/index.js:42:
80)
    at div
    at div
    at div
    at C:\Users\Eli\Desktop\Claude 
Code\CPQ-System\src\components\ui\card.tsx:81:57
    at div
    at C:\Users\Eli\Desktop\Claude 
Code\CPQ-System\src\components\ui\card.tsx:7:50
    at BOMGrid (C:\Users\Eli\Desktop\Claude Code\CPQ
-System\src\components\shared\BOMGrid.tsx:22:3)
Warning: A component is `contentEditable` and 
contains `children` managed by React. It is now 
your responsibility to guarantee that none of those 
nodes are unexpectedly modified or duplicated. This 
is probably not intentional.
    at div
    at div
    at div
    at div
    at spy (file:///C:/Users/Eli/Desktop/Claude%20Co
de/CPQ-System/node_modules/tinyspy/dist/index.js:42:
80)
    at div
    at div
    at div
    at C:\Users\Eli\Desktop\Claude 
Code\CPQ-System\src\components\ui\card.tsx:81:57
    at div
    at C:\Users\Eli\Desktop\Claude 
Code\CPQ-System\src\components\ui\card.tsx:7:50
    at BOMGrid (C:\Users\Eli\Desktop\Claude Code\CPQ
-System\src\components\shared\BOMGrid.tsx:22:3)
Warning: A component is `contentEditable` and 
contains `children` managed by React. It is now 
your responsibility to guarantee that none of those 
nodes are unexpectedly modified or duplicated. This 
is probably not intentional.
    at div
    at div
    at div
    at div
    at spy (file:///C:/Users/Eli/Desktop/Claude%20Co
de/CPQ-System/node_modules/tinyspy/dist/index.js:42:
80)
    at div
    at div
    at div
    at C:\Users\Eli\Desktop\Claude 
Code\CPQ-System\src\components\ui\card.tsx:81:57
    at div
    at C:\Users\Eli\Desktop\Claude 
Code\CPQ-System\src\components\ui\card.tsx:7:50
    at BOMGrid (C:\Users\Eli\Desktop\Claude Code\CPQ
-System\src\components\shared\BOMGrid.tsx:22:3)
Warning: A component is `contentEditable` and 
contains `children` managed by React. It is now 
your responsibility to guarantee that none of those 
nodes are unexpectedly modified or duplicated. This 
is probably not intentional.
    at div
    at div
    at div
    at div
    at spy (file:///C:/Users/Eli/Desktop/Claude%20Co
de/CPQ-System/node_modules/tinyspy/dist/index.js:42:
80)
    at div
    at div
    at div
    at C:\Users\Eli\Desktop\Claude 
Code\CPQ-System\src\components\ui\card.tsx:81:57
    at div
    at C:\Users\Eli\Desktop\Claude 
Code\CPQ-System\src\components\ui\card.tsx:7:50
    at BOMGrid (C:\Users\Eli\Desktop\Claude Code\CPQ
-System\src\components\shared\BOMGrid.tsx:22:3)
Warning: A component is `contentEditable` and 
contains `children` managed by React. It is now 
your responsibility to guarantee that none of those 
nodes are unexpectedly modified or duplicated. This 
is probably not intentional.
    at div
    at div
    at div
    at div
    at spy (file:///C:/Users/Eli/Desktop/Claude%20Co
de/CPQ-System/node_modules/tinyspy/dist/index.js:42:
80)
    at div
    at div
    at div
    at C:\Users\Eli\Desktop\Claude 
Code\CPQ-System\src\components\ui\card.tsx:81:57
    at div
    at C:\Users\Eli\Desktop\Claude 
Code\CPQ-System\src\components\ui\card.tsx:7:50
    at BOMGrid (C:\Users\Eli\Desktop\Claude Code\CPQ
-System\src\components\shared\BOMGrid.tsx:22:3)
Warning: A component is `contentEditable` and 
contains `children` managed by React. It is now 
your responsibility to guarantee that none of those 
nodes are unexpectedly modified or duplicated. This 
is probably not intentional.
    at div
    at div
    at div
    at div
    at spy (file:///C:/Users/Eli/Desktop/Claude%20Co
de/CPQ-System/node_modules/tinyspy/dist/index.js:42:
80)
    at div
    at div
    at div
    at C:\Users\Eli\Desktop\Claude 
Code\CPQ-System\src\components\ui\card.tsx:81:57
    at div
    at C:\Users\Eli\Desktop\Claude 
Code\CPQ-System\src\components\ui\card.tsx:7:50
    at BOMGrid (C:\Users\Eli\Desktop\Claude Code\CPQ
-System\src\components\shared\BOMGrid.tsx:22:3)
Warning: A component is `contentEditable` and 
contains `children` managed by React. It is now 
your responsibility to guarantee that none of those 
nodes are unexpectedly modified or duplicated. This 
is probably not intentional.
    at div
    at div
    at div
    at div
    at spy (file:///C:/Users/Eli/Desktop/Claude%20Co
de/CPQ-System/node_modules/tinyspy/dist/index.js:42:
80)
    at div
    at div
    at div
    at C:\Users\Eli\Desktop\Claude 
Code\CPQ-System\src\components\ui\card.tsx:81:57
    at div
    at C:\Users\Eli\Desktop\Claude 
Code\CPQ-System\src\components\ui\card.tsx:7:50
    at BOMGrid (C:\Users\Eli\Desktop\Claude Code\CPQ
-System\src\components\shared\BOMGrid.tsx:22:3)
Warning: A component is `contentEditable` and 
contains `children` managed by React. It is now 
your responsibility to guarantee that none of those 
nodes are unexpectedly modified or duplicated. This 
is probably not intentional.
    at div
    at div
    at div
    at div
    at spy (file:///C:/Users/Eli/Desktop/Claude%20Co
de/CPQ-System/node_modules/tinyspy/dist/index.js:42:
80)
    at div
    at div
    at div
    at C:\Users\Eli\Desktop\Claude 
Code\CPQ-System\src\components\ui\card.tsx:81:57
    at div
    at C:\Users\Eli\Desktop\Claude 
Code\CPQ-System\src\components\ui\card.tsx:7:50
    at BOMGrid (C:\Users\Eli\Desktop\Claude Code\CPQ
-System\src\components\shared\BOMGrid.tsx:22:3)
Warning: A component is `contentEditable` and 
contains `children` managed by React. It is now 
your responsibility to guarantee that none of those 
nodes are unexpectedly modified or duplicated. This 
is probably not intentional.
    at div
    at div
    at div
    at div
    at spy (file:///C:/Users/Eli/Desktop/Claude%20Co
de/CPQ-System/node_modules/tinyspy/dist/index.js:42:
80)
    at div
    at div
    at div
    at C:\Users\Eli\Desktop\Claude 
Code\CPQ-System\src\components\ui\card.tsx:81:57
    at div
    at C:\Users\Eli\Desktop\Claude 
Code\CPQ-System\src\components\ui\card.tsx:7:50
    at BOMGrid (C:\Users\Eli\Desktop\Claude Code\CPQ
-System\src\components\shared\BOMGrid.tsx:22:3)
Warning: A component is `contentEditable` and 
contains `children` managed by React. It is now 
your responsibility to guarantee that none of those 
nodes are unexpectedly modified or duplicated. This 
is probably not intentional.
    at div
    at div
    at div
    at div
    at spy (file:///C:/Users/Eli/Desktop/Claude%20Co
de/CPQ-System/node_modules/tinyspy/dist/index.js:42:
80)
    at div
    at div
    at div
    at C:\Users\Eli\Desktop\Claude 
Code\CPQ-System\src\components\ui\card.tsx:81:57
    at div
    at C:\Users\Eli\Desktop\Claude 
Code\CPQ-System\src\components\ui\card.tsx:7:50
    at BOMGrid (C:\Users\Eli\Desktop\Claude Code\CPQ
-System\src\components\shared\BOMGrid.tsx:22:3)
Warning: A component is `contentEditable` and 
contains `children` managed by React. It is now 
your responsibility to guarantee that none of those 
nodes are unexpectedly modified or duplicated. This 
is probably not intentional.
    at div
    at div
    at div
    at div
    at spy (file:///C:/Users/Eli/Desktop/Claude%20Co
de/CPQ-System/node_modules/tinyspy/dist/index.js:42:
80)
    at div
    at div
    at div
    at C:\Users\Eli\Desktop\Claude 
Code\CPQ-System\src\components\ui\card.tsx:81:57
    at div
    at C:\Users\Eli\Desktop\Claude 
Code\CPQ-System\src\components\ui\card.tsx:7:50
    at BOMGrid (C:\Users\Eli\Desktop\Claude Code\CPQ
-System\src\components\shared\BOMGrid.tsx:22:3)
Warning: A component is `contentEditable` and 
contains `children` managed by React. It is now 
your responsibility to guarantee that none of those 
nodes are unexpectedly modified or duplicated. This 
is probably not intentional.
    at div
    at div
    at div
    at div
    at spy (file:///C:/Users/Eli/Desktop/Claude%20Co
de/CPQ-System/node_modules/tinyspy/dist/index.js:42:
80)
    at div
    at div
    at div
    at C:\Users\Eli\Desktop\Claude 
Code\CPQ-System\src\components\ui\card.tsx:81:57
    at div
    at C:\Users\Eli\Desktop\Claude 
Code\CPQ-System\src\components\ui\card.tsx:7:50
    at BOMGrid (C:\Users\Eli\Desktop\Claude Code\CPQ
-System\src\components\shared\BOMGrid.tsx:22:3)
Warning: A component is `contentEditable` and 
contains `children` managed by React. It is now 
your responsibility to guarantee that none of those 
nodes are unexpectedly modified or duplicated. This 
is probably not intentional.
    at div
    at div
    at div
    at div
    at spy (file:///C:/Users/Eli/Desktop/Claude%20Co
de/CPQ-System/node_modules/tinyspy/dist/index.js:42:
80)
    at div
    at div
    at div
    at C:\Users\Eli\Desktop\Claude 
Code\CPQ-System\src\components\ui\card.tsx:81:57
    at div
    at C:\Users\Eli\Desktop\Claude 
Code\CPQ-System\src\components\ui\card.tsx:7:50
    at BOMGrid (C:\Users\Eli\Desktop\Claude Code\CPQ
-System\src\components\shared\BOMGrid.tsx:22:3)
Warning: A component is `contentEditable` and 
contains `children` managed by React. It is now 
your responsibility to guarantee that none of those 
nodes are unexpectedly modified or duplicated. This 
is probably not intentional.
    at div
    at div
    at div
    at div
    at spy (file:///C:/Users/Eli/Desktop/Claude%20Co
de/CPQ-System/node_modules/tinyspy/dist/index.js:42:
80)
    at div
    at div
    at div
    at C:\Users\Eli\Desktop\Claude 
Code\CPQ-System\src\components\ui\card.tsx:81:57
    at div
    at C:\Users\Eli\Desktop\Claude 
Code\CPQ-System\src\components\ui\card.tsx:7:50
    at BOMGrid (C:\Users\Eli\Desktop\Claude Code\CPQ
-System\src\components\shared\BOMGrid.tsx:22:3)
Warning: A component is `contentEditable` and 
contains `children` managed by React. It is now 
your responsibility to guarantee that none of those 
nodes are unexpectedly modified or duplicated. This 
is probably not intentional.
    at div
    at div
    at div
    at div
    at spy (file:///C:/Users/Eli/Desktop/Claude%20Co
de/CPQ-System/node_modules/tinyspy/dist/index.js:42:
80)
    at div
    at div
    at div
    at C:\Users\Eli\Desktop\Claude 
Code\CPQ-System\src\components\ui\card.tsx:81:57
    at div
    at C:\Users\Eli\Desktop\Claude 
Code\CPQ-System\src\components\ui\card.tsx:7:50
    at BOMGrid (C:\Users\Eli\Desktop\Claude Code\CPQ
-System\src\components\shared\BOMGrid.tsx:22:3)
Warning: A component is `contentEditable` and 
contains `children` managed by React. It is now 
your responsibility to guarantee that none of those 
nodes are unexpectedly modified or duplicated. This 
is probably not intentional.
    at div
    at div
    at div
    at div
    at spy (file:///C:/Users/Eli/Desktop/Claude%20Co
de/CPQ-System/node_modules/tinyspy/dist/index.js:42:
80)
    at div
    at div
    at div
    at C:\Users\Eli\Desktop\Claude 
Code\CPQ-System\src\components\ui\card.tsx:81:57
    at div
    at C:\Users\Eli\Desktop\Claude 
Code\CPQ-System\src\components\ui\card.tsx:7:50
    at BOMGrid (C:\Users\Eli\Desktop\Claude Code\CPQ
-System\src\components\shared\BOMGrid.tsx:22:3)

[90mstderr[2m | src/components/shared/__tests__/BO
MGrid.test.tsx[2m > [22m[2mBOMGrid[2m > 
[22m[2mCell Editing[2m > [22m[2mprevents 
editing when readonly is true[22m[39m
Warning: A component is `contentEditable` and 
contains `children` managed by React. It is now 
your responsibility to guarantee that none of those 
nodes are unexpectedly modified or duplicated. This 
is probably not intentional.
    at div
    at div
    at div
    at div
    at spy (file:///C:/Users/Eli/Desktop/Claude%20Co
de/CPQ-System/node_modules/tinyspy/dist/index.js:42:
80)
    at div
    at div
    at div
    at C:\Users\Eli\Desktop\Claude 
Code\CPQ-System\src\components\ui\card.tsx:81:57
    at div
    at C:\Users\Eli\Desktop\Claude 
Code\CPQ-System\src\components\ui\card.tsx:7:50
    at BOMGrid (C:\Users\Eli\Desktop\Claude Code\CPQ
-System\src\components\shared\BOMGrid.tsx:22:3)
Warning: A component is `contentEditable` and 
contains `children` managed by React. It is now 
your responsibility to guarantee that none of those 
nodes are unexpectedly modified or duplicated. This 
is probably not intentional.
    at div
    at div
    at div
    at div
    at spy (file:///C:/Users/Eli/Desktop/Claude%20Co
de/CPQ-System/node_modules/tinyspy/dist/index.js:42:
80)
    at div
    at div
    at div
    at C:\Users\Eli\Desktop\Claude 
Code\CPQ-System\src\components\ui\card.tsx:81:57
    at div
    at C:\Users\Eli\Desktop\Claude 
Code\CPQ-System\src\components\ui\card.tsx:7:50
    at BOMGrid (C:\Users\Eli\Desktop\Claude Code\CPQ
-System\src\components\shared\BOMGrid.tsx:22:3)
Warning: A component is `contentEditable` and 
contains `children` managed by React. It is now 
your responsibility to guarantee that none of those 
nodes are unexpectedly modified or duplicated. This 
is probably not intentional.
    at div
    at div
    at div
    at div
    at spy (file:///C:/Users/Eli/Desktop/Claude%20Co
de/CPQ-System/node_modules/tinyspy/dist/index.js:42:
80)
    at div
    at div
    at div
    at C:\Users\Eli\Desktop\Claude 
Code\CPQ-System\src\components\ui\card.tsx:81:57
    at div
    at C:\Users\Eli\Desktop\Claude 
Code\CPQ-System\src\components\ui\card.tsx:7:50
    at BOMGrid (C:\Users\Eli\Desktop\Claude Code\CPQ
-System\src\components\shared\BOMGrid.tsx:22:3)
Warning: A component is `contentEditable` and 
contains `children` managed by React. It is now 
your responsibility to guarantee that none of those 
nodes are unexpectedly modified or duplicated. This 
is probably not intentional.
    at div
    at div
    at div
    at div
    at spy (file:///C:/Users/Eli/Desktop/Claude%20Co
de/CPQ-System/node_modules/tinyspy/dist/index.js:42:
80)
    at div
    at div
    at div
    at C:\Users\Eli\Desktop\Claude 
Code\CPQ-System\src\components\ui\card.tsx:81:57
    at div
    at C:\Users\Eli\Desktop\Claude 
Code\CPQ-System\src\components\ui\card.tsx:7:50
    at BOMGrid (C:\Users\Eli\Desktop\Claude Code\CPQ
-System\src\components\shared\BOMGrid.tsx:22:3)
Warning: A component is `contentEditable` and 
contains `children` managed by React. It is now 
your responsibility to guarantee that none of those 
nodes are unexpectedly modified or duplicated. This 
is probably not intentional.
    at div
    at div
    at div
    at div
    at spy (file:///C:/Users/Eli/Desktop/Claude%20Co
de/CPQ-System/node_modules/tinyspy/dist/index.js:42:
80)
    at div
    at div
    at div
    at C:\Users\Eli\Desktop\Claude 
Code\CPQ-System\src\components\ui\card.tsx:81:57
    at div
    at C:\Users\Eli\Desktop\Claude 
Code\CPQ-System\src\components\ui\card.tsx:7:50
    at BOMGrid (C:\Users\Eli\Desktop\Claude Code\CPQ
-System\src\components\shared\BOMGrid.tsx:22:3)
Warning: A component is `contentEditable` and 
contains `children` managed by React. It is now 
your responsibility to guarantee that none of those 
nodes are unexpectedly modified or duplicated. This 
is probably not intentional.
    at div
    at div
    at div
    at div
    at spy (file:///C:/Users/Eli/Desktop/Claude%20Co
de/CPQ-System/node_modules/tinyspy/dist/index.js:42:
80)
    at div
    at div
    at div
    at C:\Users\Eli\Desktop\Claude 
Code\CPQ-System\src\components\ui\card.tsx:81:57
    at div
    at C:\Users\Eli\Desktop\Claude 
Code\CPQ-System\src\components\ui\card.tsx:7:50
    at BOMGrid (C:\Users\Eli\Desktop\Claude Code\CPQ
-System\src\components\shared\BOMGrid.tsx:22:3)
Warning: A component is `contentEditable` and 
contains `children` managed by React. It is now 
your responsibility to guarantee that none of those 
nodes are unexpectedly modified or duplicated. This 
is probably not intentional.
    at div
    at div
    at div
    at div
    at spy (file:///C:/Users/Eli/Desktop/Claude%20Co
de/CPQ-System/node_modules/tinyspy/dist/index.js:42:
80)
    at div
    at div
    at div
    at C:\Users\Eli\Desktop\Claude 
Code\CPQ-System\src\components\ui\card.tsx:81:57
    at div
    at C:\Users\Eli\Desktop\Claude 
Code\CPQ-System\src\components\ui\card.tsx:7:50
    at BOMGrid (C:\Users\Eli\Desktop\Claude Code\CPQ
-System\src\components\shared\BOMGrid.tsx:22:3)
Warning: A component is `contentEditable` and 
contains `children` managed by React. It is now 
your responsibility to guarantee that none of those 
nodes are unexpectedly modified or duplicated. This 
is probably not intentional.
    at div
    at div
    at div
    at div
    at spy (file:///C:/Users/Eli/Desktop/Claude%20Co
de/CPQ-System/node_modules/tinyspy/dist/index.js:42:
80)
    at div
    at div
    at div
    at C:\Users\Eli\Desktop\Claude 
Code\CPQ-System\src\components\ui\card.tsx:81:57
    at div
    at C:\Users\Eli\Desktop\Claude 
Code\CPQ-System\src\components\ui\card.tsx:7:50
    at BOMGrid (C:\Users\Eli\Desktop\Claude Code\CPQ
-System\src\components\shared\BOMGrid.tsx:22:3)
Warning: A component is `contentEditable` and 
contains `children` managed by React. It is now 
your responsibility to guarantee that none of those 
nodes are unexpectedly modified or duplicated. This 
is probably not intentional.
    at div
    at div
    at div
    at div
    at spy (file:///C:/Users/Eli/Desktop/Claude%20Co
de/CPQ-System/node_modules/tinyspy/dist/index.js:42:
80)
    at div
    at div
    at div
    at C:\Users\Eli\Desktop\Claude 
Code\CPQ-System\src\components\ui\card.tsx:81:57
    at div
    at C:\Users\Eli\Desktop\Claude 
Code\CPQ-System\src\components\ui\card.tsx:7:50
    at BOMGrid (C:\Users\Eli\Desktop\Claude Code\CPQ
-System\src\components\shared\BOMGrid.tsx:22:3)
Warning: A component is `contentEditable` and 
contains `children` managed by React. It is now 
your responsibility to guarantee that none of those 
nodes are unexpectedly modified or duplicated. This 
is probably not intentional.
    at div
    at div
    at div
    at div
    at spy (file:///C:/Users/Eli/Desktop/Claude%20Co
de/CPQ-System/node_modules/tinyspy/dist/index.js:42:
80)
    at div
    at div
    at div
    at C:\Users\Eli\Desktop\Claude 
Code\CPQ-System\src\components\ui\card.tsx:81:57
    at div
    at C:\Users\Eli\Desktop\Claude 
Code\CPQ-System\src\components\ui\card.tsx:7:50
    at BOMGrid (C:\Users\Eli\Desktop\Claude Code\CPQ
-System\src\components\shared\BOMGrid.tsx:22:3)
Warning: A component is `contentEditable` and 
contains `children` managed by React. It is now 
your responsibility to guarantee that none of those 
nodes are unexpectedly modified or duplicated. This 
is probably not intentional.
    at div
    at div
    at div
    at div
    at spy (file:///C:/Users/Eli/Desktop/Claude%20Co
de/CPQ-System/node_modules/tinyspy/dist/index.js:42:
80)
    at div
    at div
    at div
    at C:\Users\Eli\Desktop\Claude 
Code\CPQ-System\src\components\ui\card.tsx:81:57
    at div
    at C:\Users\Eli\Desktop\Claude 
Code\CPQ-System\src\components\ui\card.tsx:7:50
    at BOMGrid (C:\Users\Eli\Desktop\Claude Code\CPQ
-System\src\components\shared\BOMGrid.tsx:22:3)
Warning: A component is `contentEditable` and 
contains `children` managed by React. It is now 
your responsibility to guarantee that none of those 
nodes are unexpectedly modified or duplicated. This 
is probably not intentional.
    at div
    at div
    at div
    at div
    at spy (file:///C:/Users/Eli/Desktop/Claude%20Co
de/CPQ-System/node_modules/tinyspy/dist/index.js:42:
80)
    at div
    at div
    at div
    at C:\Users\Eli\Desktop\Claude 
Code\CPQ-System\src\components\ui\card.tsx:81:57
    at div
    at C:\Users\Eli\Desktop\Claude 
Code\CPQ-System\src\components\ui\card.tsx:7:50
    at BOMGrid (C:\Users\Eli\Desktop\Claude Code\CPQ
-System\src\components\shared\BOMGrid.tsx:22:3)
Warning: A component is `contentEditable` and 
contains `children` managed by React. It is now 
your responsibility to guarantee that none of those 
nodes are unexpectedly modified or duplicated. This 
is probably not intentional.
    at div
    at div
    at div
    at div
    at spy (file:///C:/Users/Eli/Desktop/Claude%20Co
de/CPQ-System/node_modules/tinyspy/dist/index.js:42:
80)
    at div
    at div
    at div
    at C:\Users\Eli\Desktop\Claude 
Code\CPQ-System\src\components\ui\card.tsx:81:57
    at div
    at C:\Users\Eli\Desktop\Claude 
Code\CPQ-System\src\components\ui\card.tsx:7:50
    at BOMGrid (C:\Users\Eli\Desktop\Claude Code\CPQ
-System\src\components\shared\BOMGrid.tsx:22:3)
Warning: A component is `contentEditable` and 
contains `children` managed by React. It is now 
your responsibility to guarantee that none of those 
nodes are unexpectedly modified or duplicated. This 
is probably not intentional.
    at div
    at div
    at div
    at div
    at spy (file:///C:/Users/Eli/Desktop/Claude%20Co
de/CPQ-System/node_modules/tinyspy/dist/index.js:42:
80)
    at div
    at div
    at div
    at C:\Users\Eli\Desktop\Claude 
Code\CPQ-System\src\components\ui\card.tsx:81:57
    at div
    at C:\Users\Eli\Desktop\Claude 
Code\CPQ-System\src\components\ui\card.tsx:7:50
    at BOMGrid (C:\Users\Eli\Desktop\Claude Code\CPQ
-System\src\components\shared\BOMGrid.tsx:22:3)
Warning: A component is `contentEditable` and 
contains `children` managed by React. It is now 
your responsibility to guarantee that none of those 
nodes are unexpectedly modified or duplicated. This 
is probably not intentional.
    at div
    at div
    at div
    at div
    at spy (file:///C:/Users/Eli/Desktop/Claude%20Co
de/CPQ-System/node_modules/tinyspy/dist/index.js:42:
80)
    at div
    at div
    at div
    at C:\Users\Eli\Desktop\Claude 
Code\CPQ-System\src\components\ui\card.tsx:81:57
    at div
    at C:\Users\Eli\Desktop\Claude 
Code\CPQ-System\src\components\ui\card.tsx:7:50
    at BOMGrid (C:\Users\Eli\Desktop\Claude Code\CPQ
-System\src\components\shared\BOMGrid.tsx:22:3)
Warning: A component is `contentEditable` and 
contains `children` managed by React. It is now 
your responsibility to guarantee that none of those 
nodes are unexpectedly modified or duplicated. This 
is probably not intentional.
    at div
    at div
    at div
    at div
    at spy (file:///C:/Users/Eli/Desktop/Claude%20Co
de/CPQ-System/node_modules/tinyspy/dist/index.js:42:
80)
    at div
    at div
    at div
    at C:\Users\Eli\Desktop\Claude 
Code\CPQ-System\src\components\ui\card.tsx:81:57
    at div
    at C:\Users\Eli\Desktop\Claude 
Code\CPQ-System\src\components\ui\card.tsx:7:50
    at BOMGrid (C:\Users\Eli\Desktop\Claude Code\CPQ
-System\src\components\shared\BOMGrid.tsx:22:3)
Warning: A component is `contentEditable` and 
contains `children` managed by React. It is now 
your responsibility to guarantee that none of those 
nodes are unexpectedly modified or duplicated. This 
is probably not intentional.
    at div
    at div
    at div
    at div
    at spy (file:///C:/Users/Eli/Desktop/Claude%20Co
de/CPQ-System/node_modules/tinyspy/dist/index.js:42:
80)
    at div
    at div
    at div
    at C:\Users\Eli\Desktop\Claude 
Code\CPQ-System\src\components\ui\card.tsx:81:57
    at div
    at C:\Users\Eli\Desktop\Claude 
Code\CPQ-System\src\components\ui\card.tsx:7:50
    at BOMGrid (C:\Users\Eli\Desktop\Claude Code\CPQ
-System\src\components\shared\BOMGrid.tsx:22:3)
Warning: A component is `contentEditable` and 
contains `children` managed by React. It is now 
your responsibility to guarantee that none of those 
nodes are unexpectedly modified or duplicated. This 
is probably not intentional.
    at div
    at div
    at div
    at div
    at spy (file:///C:/Users/Eli/Desktop/Claude%20Co
de/CPQ-System/node_modules/tinyspy/dist/index.js:42:
80)
    at div
    at div
    at div
    at C:\Users\Eli\Desktop\Claude 
Code\CPQ-System\src\components\ui\card.tsx:81:57
    at div
    at C:\Users\Eli\Desktop\Claude 
Code\CPQ-System\src\components\ui\card.tsx:7:50
    at BOMGrid (C:\Users\Eli\Desktop\Claude Code\CPQ
-System\src\components\shared\BOMGrid.tsx:22:3)
Warning: A component is `contentEditable` and 
contains `children` managed by React. It is now 
your responsibility to guarantee that none of those 
nodes are unexpectedly modified or duplicated. This 
is probably not intentional.
    at div
    at div
    at div
    at div
    at spy (file:///C:/Users/Eli/Desktop/Claude%20Co
de/CPQ-System/node_modules/tinyspy/dist/index.js:42:
80)
    at div
    at div
    at div
    at C:\Users\Eli\Desktop\Claude 
Code\CPQ-System\src\components\ui\card.tsx:81:57
    at div
    at C:\Users\Eli\Desktop\Claude 
Code\CPQ-System\src\components\ui\card.tsx:7:50
    at BOMGrid (C:\Users\Eli\Desktop\Claude Code\CPQ
-System\src\components\shared\BOMGrid.tsx:22:3)
Warning: A component is `contentEditable` and 
contains `children` managed by React. It is now 
your responsibility to guarantee that none of those 
nodes are unexpectedly modified or duplicated. This 
is probably not intentional.
    at div
    at div
    at div
    at div
    at spy (file:///C:/Users/Eli/Desktop/Claude%20Co
de/CPQ-System/node_modules/tinyspy/dist/index.js:42:
80)
    at div
    at div
    at div
    at C:\Users\Eli\Desktop\Claude 
Code\CPQ-System\src\components\ui\card.tsx:81:57
    at div
    at C:\Users\Eli\Desktop\Claude 
Code\CPQ-System\src\components\ui\card.tsx:7:50
    at BOMGrid (C:\Users\Eli\Desktop\Claude Code\CPQ
-System\src\components\shared\BOMGrid.tsx:22:3)
Warning: A component is `contentEditable` and 
contains `children` managed by React. It is now 
your responsibility to guarantee that none of those 
nodes are unexpectedly modified or duplicated. This 
is probably not intentional.
    at div
    at div
    at div
    at div
    at spy (file:///C:/Users/Eli/Desktop/Claude%20Co
de/CPQ-System/node_modules/tinyspy/dist/index.js:42:
80)
    at div
    at div
    at div
    at C:\Users\Eli\Desktop\Claude 
Code\CPQ-System\src\components\ui\card.tsx:81:57
    at div
    at C:\Users\Eli\Desktop\Claude 
Code\CPQ-System\src\components\ui\card.tsx:7:50
    at BOMGrid (C:\Users\Eli\Desktop\Claude Code\CPQ
-System\src\components\shared\BOMGrid.tsx:22:3)
Warning: A component is `contentEditable` and 
contains `children` managed by React. It is now 
your responsibility to guarantee that none of those 
nodes are unexpectedly modified or duplicated. This 
is probably not intentional.
    at div
    at div
    at div
    at div
    at spy (file:///C:/Users/Eli/Desktop/Claude%20Co
de/CPQ-System/node_modules/tinyspy/dist/index.js:42:
80)
    at div
    at div
    at div
    at C:\Users\Eli\Desktop\Claude 
Code\CPQ-System\src\components\ui\card.tsx:81:57
    at div
    at C:\Users\Eli\Desktop\Claude 
Code\CPQ-System\src\components\ui\card.tsx:7:50
    at BOMGrid (C:\Users\Eli\Desktop\Claude Code\CPQ
-System\src\components\shared\BOMGrid.tsx:22:3)
Warning: A component is `contentEditable` and 
contains `children` managed by React. It is now 
your responsibility to guarantee that none of those 
nodes are unexpectedly modified or duplicated. This 
is probably not intentional.
    at div
    at div
    at div
    at div
    at spy (file:///C:/Users/Eli/Desktop/Claude%20Co
de/CPQ-System/node_modules/tinyspy/dist/index.js:42:
80)
    at div
    at div
    at div
    at C:\Users\Eli\Desktop\Claude 
Code\CPQ-System\src\components\ui\card.tsx:81:57
    at div
    at C:\Users\Eli\Desktop\Claude 
Code\CPQ-System\src\components\ui\card.tsx:7:50
    at BOMGrid (C:\Users\Eli\Desktop\Claude Code\CPQ
-System\src\components\shared\BOMGrid.tsx:22:3)
Warning: A component is `contentEditable` and 
contains `children` managed by React. It is now 
your responsibility to guarantee that none of those 
nodes are unexpectedly modified or duplicated. This 
is probably not intentional.
    at div
    at div
    at div
    at div
    at spy (file:///C:/Users/Eli/Desktop/Claude%20Co
de/CPQ-System/node_modules/tinyspy/dist/index.js:42:
80)
    at div
    at div
    at div
    at C:\Users\Eli\Desktop\Claude 
Code\CPQ-System\src\components\ui\card.tsx:81:57
    at div
    at C:\Users\Eli\Desktop\Claude 
Code\CPQ-System\src\components\ui\card.tsx:7:50
    at BOMGrid (C:\Users\Eli\Desktop\Claude Code\CPQ
-System\src\components\shared\BOMGrid.tsx:22:3)
Warning: A component is `contentEditable` and 
contains `children` managed by React. It is now 
your responsibility to guarantee that none of those 
nodes are unexpectedly modified or duplicated. This 
is probably not intentional.
    at div
    at div
    at div
    at div
    at spy (file:///C:/Users/Eli/Desktop/Claude%20Co
de/CPQ-System/node_modules/tinyspy/dist/index.js:42:
80)
    at div
    at div
    at div
    at C:\Users\Eli\Desktop\Claude 
Code\CPQ-System\src\components\ui\card.tsx:81:57
    at div
    at C:\Users\Eli\Desktop\Claude 
Code\CPQ-System\src\components\ui\card.tsx:7:50
    at BOMGrid (C:\Users\Eli\Desktop\Claude Code\CPQ
-System\src\components\shared\BOMGrid.tsx:22:3)
Warning: A component is `contentEditable` and 
contains `children` managed by React. It is now 
your responsibility to guarantee that none of those 
nodes are unexpectedly modified or duplicated. This 
is probably not intentional.
    at div
    at div
    at div
    at div
    at spy (file:///C:/Users/Eli/Desktop/Claude%20Co
de/CPQ-System/node_modules/tinyspy/dist/index.js:42:
80)
    at div
    at div
    at div
    at C:\Users\Eli\Desktop\Claude 
Code\CPQ-System\src\components\ui\card.tsx:81:57
    at div
    at C:\Users\Eli\Desktop\Claude 
Code\CPQ-System\src\components\ui\card.tsx:7:50
    at BOMGrid (C:\Users\Eli\Desktop\Claude Code\CPQ
-System\src\components\shared\BOMGrid.tsx:22:3)
Warning: A component is `contentEditable` and 
contains `children` managed by React. It is now 
your responsibility to guarantee that none of those 
nodes are unexpectedly modified or duplicated. This 
is probably not intentional.
    at div
    at div
    at div
    at div
    at spy (file:///C:/Users/Eli/Desktop/Claude%20Co
de/CPQ-System/node_modules/tinyspy/dist/index.js:42:
80)
    at div
    at div
    at div
    at C:\Users\Eli\Desktop\Claude 
Code\CPQ-System\src\components\ui\card.tsx:81:57
    at div
    at C:\Users\Eli\Desktop\Claude 
Code\CPQ-System\src\components\ui\card.tsx:7:50
    at BOMGrid (C:\Users\Eli\Desktop\Claude Code\CPQ
-System\src\components\shared\BOMGrid.tsx:22:3)
Warning: A component is `contentEditable` and 
contains `children` managed by React. It is now 
your responsibility to guarantee that none of those 
nodes are unexpectedly modified or duplicated. This 
is probably not intentional.
    at div
    at div
    at div
    at div
    at spy (file:///C:/Users/Eli/Desktop/Claude%20Co
de/CPQ-System/node_modules/tinyspy/dist/index.js:42:
80)
    at div
    at div
    at div
    at C:\Users\Eli\Desktop\Claude 
Code\CPQ-System\src\components\ui\card.tsx:81:57
    at div
    at C:\Users\Eli\Desktop\Claude 
Code\CPQ-System\src\components\ui\card.tsx:7:50
    at BOMGrid (C:\Users\Eli\Desktop\Claude Code\CPQ
-System\src\components\shared\BOMGrid.tsx:22:3)
Warning: A component is `contentEditable` and 
contains `children` managed by React. It is now 
your responsibility to guarantee that none of those 
nodes are unexpectedly modified or duplicated. This 
is probably not intentional.
    at div
    at div
    at div
    at div
    at spy (file:///C:/Users/Eli/Desktop/Claude%20Co
de/CPQ-System/node_modules/tinyspy/dist/index.js:42:
80)
    at div
    at div
    at div
    at C:\Users\Eli\Desktop\Claude 
Code\CPQ-System\src\components\ui\card.tsx:81:57
    at div
    at C:\Users\Eli\Desktop\Claude 
Code\CPQ-System\src\components\ui\card.tsx:7:50
    at BOMGrid (C:\Users\Eli\Desktop\Claude Code\CPQ
-System\src\components\shared\BOMGrid.tsx:22:3)
Warning: A component is `contentEditable` and 
contains `children` managed by React. It is now 
your responsibility to guarantee that none of those 
nodes are unexpectedly modified or duplicated. This 
is probably not intentional.
    at div
    at div
    at div
    at div
    at spy (file:///C:/Users/Eli/Desktop/Claude%20Co
de/CPQ-System/node_modules/tinyspy/dist/index.js:42:
80)
    at div
    at div
    at div
    at C:\Users\Eli\Desktop\Claude 
Code\CPQ-System\src\components\ui\card.tsx:81:57
    at div
    at C:\Users\Eli\Desktop\Claude 
Code\CPQ-System\src\components\ui\card.tsx:7:50
    at BOMGrid (C:\Users\Eli\Desktop\Claude Code\CPQ
-System\src\components\shared\BOMGrid.tsx:22:3)
Warning: A component is `contentEditable` and 
contains `children` managed by React. It is now 
your responsibility to guarantee that none of those 
nodes are unexpectedly modified or duplicated. This 
is probably not intentional.
    at div
    at div
    at div
    at div
    at spy (file:///C:/Users/Eli/Desktop/Claude%20Co
de/CPQ-System/node_modules/tinyspy/dist/index.js:42:
80)
    at div
    at div
    at div
    at C:\Users\Eli\Desktop\Claude 
Code\CPQ-System\src\components\ui\card.tsx:81:57
    at div
    at C:\Users\Eli\Desktop\Claude 
Code\CPQ-System\src\components\ui\card.tsx:7:50
    at BOMGrid (C:\Users\Eli\Desktop\Claude Code\CPQ
-System\src\components\shared\BOMGrid.tsx:22:3)
Warning: A component is `contentEditable` and 
contains `children` managed by React. It is now 
your responsibility to guarantee that none of those 
nodes are unexpectedly modified or duplicated. This 
is probably not intentional.
    at div
    at div
    at div
    at div
    at spy (file:///C:/Users/Eli/Desktop/Claude%20Co
de/CPQ-System/node_modules/tinyspy/dist/index.js:42:
80)
    at div
    at div
    at div
    at C:\Users\Eli\Desktop\Claude 
Code\CPQ-System\src\components\ui\card.tsx:81:57
    at div
    at C:\Users\Eli\Desktop\Claude 
Code\CPQ-System\src\components\ui\card.tsx:7:50
    at BOMGrid (C:\Users\Eli\Desktop\Claude Code\CPQ
-System\src\components\shared\BOMGrid.tsx:22:3)
Warning: A component is `contentEditable` and 
contains `children` managed by React. It is now 
your responsibility to guarantee that none of those 
nodes are unexpectedly modified or duplicated. This 
is probably not intentional.
    at div
    at div
    at div
    at div
    at spy (file:///C:/Users/Eli/Desktop/Claude%20Co
de/CPQ-System/node_modules/tinyspy/dist/index.js:42:
80)
    at div
    at div
    at div
    at C:\Users\Eli\Desktop\Claude 
Code\CPQ-System\src\components\ui\card.tsx:81:57
    at div
    at C:\Users\Eli\Desktop\Claude 
Code\CPQ-System\src\components\ui\card.tsx:7:50
    at BOMGrid (C:\Users\Eli\Desktop\Claude Code\CPQ
-System\src\components\shared\BOMGrid.tsx:22:3)
Warning: A component is `contentEditable` and 
contains `children` managed by React. It is now 
your responsibility to guarantee that none of those 
nodes are unexpectedly modified or duplicated. This 
is probably not intentional.
    at div
    at div
    at div
    at div
    at spy (file:///C:/Users/Eli/Desktop/Claude%20Co
de/CPQ-System/node_modules/tinyspy/dist/index.js:42:
80)
    at div
    at div
    at div
    at C:\Users\Eli\Desktop\Claude 
Code\CPQ-System\src\components\ui\card.tsx:81:57
    at div
    at C:\Users\Eli\Desktop\Claude 
Code\CPQ-System\src\components\ui\card.tsx:7:50
    at BOMGrid (C:\Users\Eli\Desktop\Claude Code\CPQ
-System\src\components\shared\BOMGrid.tsx:22:3)

[90mstderr[2m | src/components/shared/__tests__/BO
MGrid.test.tsx[2m > [22m[2mBOMGrid[2m > 
[22m[2mCell Editing[2m > [22m[2mrecalculates 
totals when quantity changes[22m[39m
Warning: A component is `contentEditable` and 
contains `children` managed by React. It is now 
your responsibility to guarantee that none of those 
nodes are unexpectedly modified or duplicated. This 
is probably not intentional.
    at div
    at div
    at div
    at div
    at spy (file:///C:/Users/Eli/Desktop/Claude%20Co
de/CPQ-System/node_modules/tinyspy/dist/index.js:42:
80)
    at div
    at div
    at div
    at C:\Users\Eli\Desktop\Claude 
Code\CPQ-System\src\components\ui\card.tsx:81:57
    at div
    at C:\Users\Eli\Desktop\Claude 
Code\CPQ-System\src\components\ui\card.tsx:7:50
    at BOMGrid (C:\Users\Eli\Desktop\Claude Code\CPQ
-System\src\components\shared\BOMGrid.tsx:22:3)
Warning: A component is `contentEditable` and 
contains `children` managed by React. It is now 
your responsibility to guarantee that none of those 
nodes are unexpectedly modified or duplicated. This 
is probably not intentional.
    at div
    at div
    at div
    at div
    at spy (file:///C:/Users/Eli/Desktop/Claude%20Co
de/CPQ-System/node_modules/tinyspy/dist/index.js:42:
80)
    at div
    at div
    at div
    at C:\Users\Eli\Desktop\Claude 
Code\CPQ-System\src\components\ui\card.tsx:81:57
    at div
    at C:\Users\Eli\Desktop\Claude 
Code\CPQ-System\src\components\ui\card.tsx:7:50
    at BOMGrid (C:\Users\Eli\Desktop\Claude Code\CPQ
-System\src\components\shared\BOMGrid.tsx:22:3)
Warning: A component is `contentEditable` and 
contains `children` managed by React. It is now 
your responsibility to guarantee that none of those 
nodes are unexpectedly modified or duplicated. This 
is probably not intentional.
    at div
    at div
    at div
    at div
    at spy (file:///C:/Users/Eli/Desktop/Claude%20Co
de/CPQ-System/node_modules/tinyspy/dist/index.js:42:
80)
    at div
    at div
    at div
    at C:\Users\Eli\Desktop\Claude 
Code\CPQ-System\src\components\ui\card.tsx:81:57
    at div
    at C:\Users\Eli\Desktop\Claude 
Code\CPQ-System\src\components\ui\card.tsx:7:50
    at BOMGrid (C:\Users\Eli\Desktop\Claude Code\CPQ
-System\src\components\shared\BOMGrid.tsx:22:3)
Warning: A component is `contentEditable` and 
contains `children` managed by React. It is now 
your responsibility to guarantee that none of those 
nodes are unexpectedly modified or duplicated. This 
is probably not intentional.
    at div
    at div
    at div
    at div
    at spy (file:///C:/Users/Eli/Desktop/Claude%20Co
de/CPQ-System/node_modules/tinyspy/dist/index.js:42:
80)
    at div
    at div
    at div
    at C:\Users\Eli\Desktop\Claude 
Code\CPQ-System\src\components\ui\card.tsx:81:57
    at div
    at C:\Users\Eli\Desktop\Claude 
Code\CPQ-System\src\components\ui\card.tsx:7:50
    at BOMGrid (C:\Users\Eli\Desktop\Claude Code\CPQ
-System\src\components\shared\BOMGrid.tsx:22:3)
Warning: A component is `contentEditable` and 
contains `children` managed by React. It is now 
your responsibility to guarantee that none of those 
nodes are unexpectedly modified or duplicated. This 
is probably not intentional.
    at div
    at div
    at div
    at div
    at spy (file:///C:/Users/Eli/Desktop/Claude%20Co
de/CPQ-System/node_modules/tinyspy/dist/index.js:42:
80)
    at div
    at div
    at div
    at C:\Users\Eli\Desktop\Claude 
Code\CPQ-System\src\components\ui\card.tsx:81:57
    at div
    at C:\Users\Eli\Desktop\Claude 
Code\CPQ-System\src\components\ui\card.tsx:7:50
    at BOMGrid (C:\Users\Eli\Desktop\Claude Code\CPQ
-System\src\components\shared\BOMGrid.tsx:22:3)
Warning: A component is `contentEditable` and 
contains `children` managed by React. It is now 
your responsibility to guarantee that none of those 
nodes are unexpectedly modified or duplicated. This 
is probably not intentional.
    at div
    at div
    at div
    at div
    at spy (file:///C:/Users/Eli/Desktop/Claude%20Co
de/CPQ-System/node_modules/tinyspy/dist/index.js:42:
80)
    at div
    at div
    at div
    at C:\Users\Eli\Desktop\Claude 
Code\CPQ-System\src\components\ui\card.tsx:81:57
    at div
    at C:\Users\Eli\Desktop\Claude 
Code\CPQ-System\src\components\ui\card.tsx:7:50
    at BOMGrid (C:\Users\Eli\Desktop\Claude Code\CPQ
-System\src\components\shared\BOMGrid.tsx:22:3)
Warning: A component is `contentEditable` and 
contains `children` managed by React. It is now 
your responsibility to guarantee that none of those 
nodes are unexpectedly modified or duplicated. This 
is probably not intentional.
    at div
    at div
    at div
    at div
    at spy (file:///C:/Users/Eli/Desktop/Claude%20Co
de/CPQ-System/node_modules/tinyspy/dist/index.js:42:
80)
    at div
    at div
    at div
    at C:\Users\Eli\Desktop\Claude 
Code\CPQ-System\src\components\ui\card.tsx:81:57
    at div
    at C:\Users\Eli\Desktop\Claude 
Code\CPQ-System\src\components\ui\card.tsx:7:50
    at BOMGrid (C:\Users\Eli\Desktop\Claude Code\CPQ
-System\src\components\shared\BOMGrid.tsx:22:3)
Warning: A component is `contentEditable` and 
contains `children` managed by React. It is now 
your responsibility to guarantee that none of those 
nodes are unexpectedly modified or duplicated. This 
is probably not intentional.
    at div
    at div
    at div
    at div
    at spy (file:///C:/Users/Eli/Desktop/Claude%20Co
de/CPQ-System/node_modules/tinyspy/dist/index.js:42:
80)
    at div
    at div
    at div
    at C:\Users\Eli\Desktop\Claude 
Code\CPQ-System\src\components\ui\card.tsx:81:57
    at div
    at C:\Users\Eli\Desktop\Claude 
Code\CPQ-System\src\components\ui\card.tsx:7:50
    at BOMGrid (C:\Users\Eli\Desktop\Claude Code\CPQ
-System\src\components\shared\BOMGrid.tsx:22:3)
Warning: A component is `contentEditable` and 
contains `children` managed by React. It is now 
your responsibility to guarantee that none of those 
nodes are unexpectedly modified or duplicated. This 
is probably not intentional.
    at div
    at div
    at div
    at div
    at spy (file:///C:/Users/Eli/Desktop/Claude%20Co
de/CPQ-System/node_modules/tinyspy/dist/index.js:42:
80)
    at div
    at div
    at div
    at C:\Users\Eli\Desktop\Claude 
Code\CPQ-System\src\components\ui\card.tsx:81:57
    at div
    at C:\Users\Eli\Desktop\Claude 
Code\CPQ-System\src\components\ui\card.tsx:7:50
    at BOMGrid (C:\Users\Eli\Desktop\Claude Code\CPQ
-System\src\components\shared\BOMGrid.tsx:22:3)
Warning: A component is `contentEditable` and 
contains `children` managed by React. It is now 
your responsibility to guarantee that none of those 
nodes are unexpectedly modified or duplicated. This 
is probably not intentional.
    at div
    at div
    at div
    at div
    at spy (file:///C:/Users/Eli/Desktop/Claude%20Co
de/CPQ-System/node_modules/tinyspy/dist/index.js:42:
80)
    at div
    at div
    at div
    at C:\Users\Eli\Desktop\Claude 
Code\CPQ-System\src\components\ui\card.tsx:81:57
    at div
    at C:\Users\Eli\Desktop\Claude 
Code\CPQ-System\src\components\ui\card.tsx:7:50
    at BOMGrid (C:\Users\Eli\Desktop\Claude Code\CPQ
-System\src\components\shared\BOMGrid.tsx:22:3)
Warning: A component is `contentEditable` and 
contains `children` managed by React. It is now 
your responsibility to guarantee that none of those 
nodes are unexpectedly modified or duplicated. This 
is probably not intentional.
    at div
    at div
    at div
    at div
    at spy (file:///C:/Users/Eli/Desktop/Claude%20Co
de/CPQ-System/node_modules/tinyspy/dist/index.js:42:
80)
    at div
    at div
    at div
    at C:\Users\Eli\Desktop\Claude 
Code\CPQ-System\src\components\ui\card.tsx:81:57
    at div
    at C:\Users\Eli\Desktop\Claude 
Code\CPQ-System\src\components\ui\card.tsx:7:50
    at BOMGrid (C:\Users\Eli\Desktop\Claude Code\CPQ
-System\src\components\shared\BOMGrid.tsx:22:3)
Warning: A component is `contentEditable` and 
contains `children` managed by React. It is now 
your responsibility to guarantee that none of those 
nodes are unexpectedly modified or duplicated. This 
is probably not intentional.
    at div
    at div
    at div
    at div
    at spy (file:///C:/Users/Eli/Desktop/Claude%20Co
de/CPQ-System/node_modules/tinyspy/dist/index.js:42:
80)
    at div
    at div
    at div
    at C:\Users\Eli\Desktop\Claude 
Code\CPQ-System\src\components\ui\card.tsx:81:57
    at div
    at C:\Users\Eli\Desktop\Claude 
Code\CPQ-System\src\components\ui\card.tsx:7:50
    at BOMGrid (C:\Users\Eli\Desktop\Claude Code\CPQ
-System\src\components\shared\BOMGrid.tsx:22:3)
Warning: A component is `contentEditable` and 
contains `children` managed by React. It is now 
your responsibility to guarantee that none of those 
nodes are unexpectedly modified or duplicated. This 
is probably not intentional.
    at div
    at div
    at div
    at div
    at spy (file:///C:/Users/Eli/Desktop/Claude%20Co
de/CPQ-System/node_modules/tinyspy/dist/index.js:42:
80)
    at div
    at div
    at div
    at C:\Users\Eli\Desktop\Claude 
Code\CPQ-System\src\components\ui\card.tsx:81:57
    at div
    at C:\Users\Eli\Desktop\Claude 
Code\CPQ-System\src\components\ui\card.tsx:7:50
    at BOMGrid (C:\Users\Eli\Desktop\Claude Code\CPQ
-System\src\components\shared\BOMGrid.tsx:22:3)
Warning: A component is `contentEditable` and 
contains `children` managed by React. It is now 
your responsibility to guarantee that none of those 
nodes are unexpectedly modified or duplicated. This 
is probably not intentional.
    at div
    at div
    at div
    at div
    at spy (file:///C:/Users/Eli/Desktop/Claude%20Co
de/CPQ-System/node_modules/tinyspy/dist/index.js:42:
80)
    at div
    at div
    at div
    at C:\Users\Eli\Desktop\Claude 
Code\CPQ-System\src\components\ui\card.tsx:81:57
    at div
    at C:\Users\Eli\Desktop\Claude 
Code\CPQ-System\src\components\ui\card.tsx:7:50
    at BOMGrid (C:\Users\Eli\Desktop\Claude Code\CPQ
-System\src\components\shared\BOMGrid.tsx:22:3)
Warning: A component is `contentEditable` and 
contains `children` managed by React. It is now 
your responsibility to guarantee that none of those 
nodes are unexpectedly modified or duplicated. This 
is probably not intentional.
    at div
    at div
    at div
    at div
    at spy (file:///C:/Users/Eli/Desktop/Claude%20Co
de/CPQ-System/node_modules/tinyspy/dist/index.js:42:
80)
    at div
    at div
    at div
    at C:\Users\Eli\Desktop\Claude 
Code\CPQ-System\src\components\ui\card.tsx:81:57
    at div
    at C:\Users\Eli\Desktop\Claude 
Code\CPQ-System\src\components\ui\card.tsx:7:50
    at BOMGrid (C:\Users\Eli\Desktop\Claude Code\CPQ
-System\src\components\shared\BOMGrid.tsx:22:3)
Warning: A component is `contentEditable` and 
contains `children` managed by React. It is now 
your responsibility to guarantee that none of those 
nodes are unexpectedly modified or duplicated. This 
is probably not intentional.
    at div
    at div
    at div
    at div
    at spy (file:///C:/Users/Eli/Desktop/Claude%20Co
de/CPQ-System/node_modules/tinyspy/dist/index.js:42:
80)
    at div
    at div
    at div
    at C:\Users\Eli\Desktop\Claude 
Code\CPQ-System\src\components\ui\card.tsx:81:57
    at div
    at C:\Users\Eli\Desktop\Claude 
Code\CPQ-System\src\components\ui\card.tsx:7:50
    at BOMGrid (C:\Users\Eli\Desktop\Claude Code\CPQ
-System\src\components\shared\BOMGrid.tsx:22:3)
Warning: A component is `contentEditable` and 
contains `children` managed by React. It is now 
your responsibility to guarantee that none of those 
nodes are unexpectedly modified or duplicated. This 
is probably not intentional.
    at div
    at div
    at div
    at div
    at spy (file:///C:/Users/Eli/Desktop/Claude%20Co
de/CPQ-System/node_modules/tinyspy/dist/index.js:42:
80)
    at div
    at div
    at div
    at C:\Users\Eli\Desktop\Claude 
Code\CPQ-System\src\components\ui\card.tsx:81:57
    at div
    at C:\Users\Eli\Desktop\Claude 
Code\CPQ-System\src\components\ui\card.tsx:7:50
    at BOMGrid (C:\Users\Eli\Desktop\Claude Code\CPQ
-System\src\components\shared\BOMGrid.tsx:22:3)
Warning: A component is `contentEditable` and 
contains `children` managed by React. It is now 
your responsibility to guarantee that none of those 
nodes are unexpectedly modified or duplicated. This 
is probably not intentional.
    at div
    at div
    at div
    at div
    at spy (file:///C:/Users/Eli/Desktop/Claude%20Co
de/CPQ-System/node_modules/tinyspy/dist/index.js:42:
80)
    at div
    at div
    at div
    at C:\Users\Eli\Desktop\Claude 
Code\CPQ-System\src\components\ui\card.tsx:81:57
    at div
    at C:\Users\Eli\Desktop\Claude 
Code\CPQ-System\src\components\ui\card.tsx:7:50
    at BOMGrid (C:\Users\Eli\Desktop\Claude Code\CPQ
-System\src\components\shared\BOMGrid.tsx:22:3)
Warning: A component is `contentEditable` and 
contains `children` managed by React. It is now 
your responsibility to guarantee that none of those 
nodes are unexpectedly modified or duplicated. This 
is probably not intentional.
    at div
    at div
    at div
    at div
    at spy (file:///C:/Users/Eli/Desktop/Claude%20Co
de/CPQ-System/node_modules/tinyspy/dist/index.js:42:
80)
    at div
    at div
    at div
    at C:\Users\Eli\Desktop\Claude 
Code\CPQ-System\src\components\ui\card.tsx:81:57
    at div
    at C:\Users\Eli\Desktop\Claude 
Code\CPQ-System\src\components\ui\card.tsx:7:50
    at BOMGrid (C:\Users\Eli\Desktop\Claude Code\CPQ
-System\src\components\shared\BOMGrid.tsx:22:3)
Warning: A component is `contentEditable` and 
contains `children` managed by React. It is now 
your responsibility to guarantee that none of those 
nodes are unexpectedly modified or duplicated. This 
is probably not intentional.
    at div
    at div
    at div
    at div
    at spy (file:///C:/Users/Eli/Desktop/Claude%20Co
de/CPQ-System/node_modules/tinyspy/dist/index.js:42:
80)
    at div
    at div
    at div
    at C:\Users\Eli\Desktop\Claude 
Code\CPQ-System\src\components\ui\card.tsx:81:57
    at div
    at C:\Users\Eli\Desktop\Claude 
Code\CPQ-System\src\components\ui\card.tsx:7:50
    at BOMGrid (C:\Users\Eli\Desktop\Claude Code\CPQ
-System\src\components\shared\BOMGrid.tsx:22:3)
Warning: A component is `contentEditable` and 
contains `children` managed by React. It is now 
your responsibility to guarantee that none of those 
nodes are unexpectedly modified or duplicated. This 
is probably not intentional.
    at div
    at div
    at div
    at div
    at spy (file:///C:/Users/Eli/Desktop/Claude%20Co
de/CPQ-System/node_modules/tinyspy/dist/index.js:42:
80)
    at div
    at div
    at div
    at C:\Users\Eli\Desktop\Claude 
Code\CPQ-System\src\components\ui\card.tsx:81:57
    at div
    at C:\Users\Eli\Desktop\Claude 
Code\CPQ-System\src\components\ui\card.tsx:7:50
    at BOMGrid (C:\Users\Eli\Desktop\Claude Code\CPQ
-System\src\components\shared\BOMGrid.tsx:22:3)
Warning: A component is `contentEditable` and 
contains `children` managed by React. It is now 
your responsibility to guarantee that none of those 
nodes are unexpectedly modified or duplicated. This 
is probably not intentional.
    at div
    at div
    at div
    at div
    at spy (file:///C:/Users/Eli/Desktop/Claude%20Co
de/CPQ-System/node_modules/tinyspy/dist/index.js:42:
80)
    at div
    at div
    at div
    at C:\Users\Eli\Desktop\Claude 
Code\CPQ-System\src\components\ui\card.tsx:81:57
    at div
    at C:\Users\Eli\Desktop\Claude 
Code\CPQ-System\src\components\ui\card.tsx:7:50
    at BOMGrid (C:\Users\Eli\Desktop\Claude Code\CPQ
-System\src\components\shared\BOMGrid.tsx:22:3)
Warning: A component is `contentEditable` and 
contains `children` managed by React. It is now 
your responsibility to guarantee that none of those 
nodes are unexpectedly modified or duplicated. This 
is probably not intentional.
    at div
    at div
    at div
    at div
    at spy (file:///C:/Users/Eli/Desktop/Claude%20Co
de/CPQ-System/node_modules/tinyspy/dist/index.js:42:
80)
    at div
    at div
    at div
    at C:\Users\Eli\Desktop\Claude 
Code\CPQ-System\src\components\ui\card.tsx:81:57
    at div
    at C:\Users\Eli\Desktop\Claude 
Code\CPQ-System\src\components\ui\card.tsx:7:50
    at BOMGrid (C:\Users\Eli\Desktop\Claude Code\CPQ
-System\src\components\shared\BOMGrid.tsx:22:3)
Warning: A component is `contentEditable` and 
contains `children` managed by React. It is now 
your responsibility to guarantee that none of those 
nodes are unexpectedly modified or duplicated. This 
is probably not intentional.
    at div
    at div
    at div
    at div
    at spy (file:///C:/Users/Eli/Desktop/Claude%20Co
de/CPQ-System/node_modules/tinyspy/dist/index.js:42:
80)
    at div
    at div
    at div
    at C:\Users\Eli\Desktop\Claude 
Code\CPQ-System\src\components\ui\card.tsx:81:57
    at div
    at C:\Users\Eli\Desktop\Claude 
Code\CPQ-System\src\components\ui\card.tsx:7:50
    at BOMGrid (C:\Users\Eli\Desktop\Claude Code\CPQ
-System\src\components\shared\BOMGrid.tsx:22:3)
Warning: A component is `contentEditable` and 
contains `children` managed by React. It is now 
your responsibility to guarantee that none of those 
nodes are unexpectedly modified or duplicated. This 
is probably not intentional.
    at div
    at div
    at div
    at div
    at spy (file:///C:/Users/Eli/Desktop/Claude%20Co
de/CPQ-System/node_modules/tinyspy/dist/index.js:42:
80)
    at div
    at div
    at div
    at C:\Users\Eli\Desktop\Claude 
Code\CPQ-System\src\components\ui\card.tsx:81:57
    at div
    at C:\Users\Eli\Desktop\Claude 
Code\CPQ-System\src\components\ui\card.tsx:7:50
    at BOMGrid (C:\Users\Eli\Desktop\Claude Code\CPQ
-System\src\components\shared\BOMGrid.tsx:22:3)
Warning: A component is `contentEditable` and 
contains `children` managed by React. It is now 
your responsibility to guarantee that none of those 
nodes are unexpectedly modified or duplicated. This 
is probably not intentional.
    at div
    at div
    at div
    at div
    at spy (file:///C:/Users/Eli/Desktop/Claude%20Co
de/CPQ-System/node_modules/tinyspy/dist/index.js:42:
80)
    at div
    at div
    at div
    at C:\Users\Eli\Desktop\Claude 
Code\CPQ-System\src\components\ui\card.tsx:81:57
    at div
    at C:\Users\Eli\Desktop\Claude 
Code\CPQ-System\src\components\ui\card.tsx:7:50
    at BOMGrid (C:\Users\Eli\Desktop\Claude Code\CPQ
-System\src\components\shared\BOMGrid.tsx:22:3)
Warning: A component is `contentEditable` and 
contains `children` managed by React. It is now 
your responsibility to guarantee that none of those 
nodes are unexpectedly modified or duplicated. This 
is probably not intentional.
    at div
    at div
    at div
    at div
    at spy (file:///C:/Users/Eli/Desktop/Claude%20Co
de/CPQ-System/node_modules/tinyspy/dist/index.js:42:
80)
    at div
    at div
    at div
    at C:\Users\Eli\Desktop\Claude 
Code\CPQ-System\src\components\ui\card.tsx:81:57
    at div
    at C:\Users\Eli\Desktop\Claude 
Code\CPQ-System\src\components\ui\card.tsx:7:50
    at BOMGrid (C:\Users\Eli\Desktop\Claude Code\CPQ
-System\src\components\shared\BOMGrid.tsx:22:3)
Warning: A component is `contentEditable` and 
contains `children` managed by React. It is now 
your responsibility to guarantee that none of those 
nodes are unexpectedly modified or duplicated. This 
is probably not intentional.
    at div
    at div
    at div
    at div
    at spy (file:///C:/Users/Eli/Desktop/Claude%20Co
de/CPQ-System/node_modules/tinyspy/dist/index.js:42:
80)
    at div
    at div
    at div
    at C:\Users\Eli\Desktop\Claude 
Code\CPQ-System\src\components\ui\card.tsx:81:57
    at div
    at C:\Users\Eli\Desktop\Claude 
Code\CPQ-System\src\components\ui\card.tsx:7:50
    at BOMGrid (C:\Users\Eli\Desktop\Claude Code\CPQ
-System\src\components\shared\BOMGrid.tsx:22:3)
Warning: A component is `contentEditable` and 
contains `children` managed by React. It is now 
your responsibility to guarantee that none of those 
nodes are unexpectedly modified or duplicated. This 
is probably not intentional.
    at div
    at div
    at div
    at div
    at spy (file:///C:/Users/Eli/Desktop/Claude%20Co
de/CPQ-System/node_modules/tinyspy/dist/index.js:42:
80)
    at div
    at div
    at div
    at C:\Users\Eli\Desktop\Claude 
Code\CPQ-System\src\components\ui\card.tsx:81:57
    at div
    at C:\Users\Eli\Desktop\Claude 
Code\CPQ-System\src\components\ui\card.tsx:7:50
    at BOMGrid (C:\Users\Eli\Desktop\Claude Code\CPQ
-System\src\components\shared\BOMGrid.tsx:22:3)
Warning: A component is `contentEditable` and 
contains `children` managed by React. It is now 
your responsibility to guarantee that none of those 
nodes are unexpectedly modified or duplicated. This 
is probably not intentional.
    at div
    at div
    at div
    at div
    at spy (file:///C:/Users/Eli/Desktop/Claude%20Co
de/CPQ-System/node_modules/tinyspy/dist/index.js:42:
80)
    at div
    at div
    at div
    at C:\Users\Eli\Desktop\Claude 
Code\CPQ-System\src\components\ui\card.tsx:81:57
    at div
    at C:\Users\Eli\Desktop\Claude 
Code\CPQ-System\src\components\ui\card.tsx:7:50
    at BOMGrid (C:\Users\Eli\Desktop\Claude Code\CPQ
-System\src\components\shared\BOMGrid.tsx:22:3)
Warning: A component is `contentEditable` and 
contains `children` managed by React. It is now 
your responsibility to guarantee that none of those 
nodes are unexpectedly modified or duplicated. This 
is probably not intentional.
    at div
    at div
    at div
    at div
    at spy (file:///C:/Users/Eli/Desktop/Claude%20Co
de/CPQ-System/node_modules/tinyspy/dist/index.js:42:
80)
    at div
    at div
    at div
    at C:\Users\Eli\Desktop\Claude 
Code\CPQ-System\src\components\ui\card.tsx:81:57
    at div
    at C:\Users\Eli\Desktop\Claude 
Code\CPQ-System\src\components\ui\card.tsx:7:50
    at BOMGrid (C:\Users\Eli\Desktop\Claude Code\CPQ
-System\src\components\shared\BOMGrid.tsx:22:3)
Warning: A component is `contentEditable` and 
contains `children` managed by React. It is now 
your responsibility to guarantee that none of those 
nodes are unexpectedly modified or duplicated. This 
is probably not intentional.
    at div
    at div
    at div
    at div
    at spy (file:///C:/Users/Eli/Desktop/Claude%20Co
de/CPQ-System/node_modules/tinyspy/dist/index.js:42:
80)
    at div
    at div
    at div
    at C:\Users\Eli\Desktop\Claude 
Code\CPQ-System\src\components\ui\card.tsx:81:57
    at div
    at C:\Users\Eli\Desktop\Claude 
Code\CPQ-System\src\components\ui\card.tsx:7:50
    at BOMGrid (C:\Users\Eli\Desktop\Claude Code\CPQ
-System\src\components\shared\BOMGrid.tsx:22:3)
Warning: A component is `contentEditable` and 
contains `children` managed by React. It is now 
your responsibility to guarantee that none of those 
nodes are unexpectedly modified or duplicated. This 
is probably not intentional.
    at div
    at div
    at div
    at div
    at spy (file:///C:/Users/Eli/Desktop/Claude%20Co
de/CPQ-System/node_modules/tinyspy/dist/index.js:42:
80)
    at div
    at div
    at div
    at C:\Users\Eli\Desktop\Claude 
Code\CPQ-System\src\components\ui\card.tsx:81:57
    at div
    at C:\Users\Eli\Desktop\Claude 
Code\CPQ-System\src\components\ui\card.tsx:7:50
    at BOMGrid (C:\Users\Eli\Desktop\Claude Code\CPQ
-System\src\components\shared\BOMGrid.tsx:22:3)
Warning: A component is `contentEditable` and 
contains `children` managed by React. It is now 
your responsibility to guarantee that none of those 
nodes are unexpectedly modified or duplicated. This 
is probably not intentional.
    at div
    at div
    at div
    at div
    at spy (file:///C:/Users/Eli/Desktop/Claude%20Co
de/CPQ-System/node_modules/tinyspy/dist/index.js:42:
80)
    at div
    at div
    at div
    at C:\Users\Eli\Desktop\Claude 
Code\CPQ-System\src\components\ui\card.tsx:81:57
    at div
    at C:\Users\Eli\Desktop\Claude 
Code\CPQ-System\src\components\ui\card.tsx:7:50
    at BOMGrid (C:\Users\Eli\Desktop\Claude Code\CPQ
-System\src\components\shared\BOMGrid.tsx:22:3)
Warning: A component is `contentEditable` and 
contains `children` managed by React. It is now 
your responsibility to guarantee that none of those 
nodes are unexpectedly modified or duplicated. This 
is probably not intentional.
    at div
    at div
    at div
    at div
    at spy (file:///C:/Users/Eli/Desktop/Claude%20Co
de/CPQ-System/node_modules/tinyspy/dist/index.js:42:
80)
    at div
    at div
    at div
    at C:\Users\Eli\Desktop\Claude 
Code\CPQ-System\src\components\ui\card.tsx:81:57
    at div
    at C:\Users\Eli\Desktop\Claude 
Code\CPQ-System\src\components\ui\card.tsx:7:50
    at BOMGrid (C:\Users\Eli\Desktop\Claude Code\CPQ
-System\src\components\shared\BOMGrid.tsx:22:3)
Warning: A component is `contentEditable` and 
contains `children` managed by React. It is now 
your responsibility to guarantee that none of those 
nodes are unexpectedly modified or duplicated. This 
is probably not intentional.
    at div
    at div
    at div
    at div
    at spy (file:///C:/Users/Eli/Desktop/Claude%20Co
de/CPQ-System/node_modules/tinyspy/dist/index.js:42:
80)
    at div
    at div
    at div
    at C:\Users\Eli\Desktop\Claude 
Code\CPQ-System\src\components\ui\card.tsx:81:57
    at div
    at C:\Users\Eli\Desktop\Claude 
Code\CPQ-System\src\components\ui\card.tsx:7:50
    at BOMGrid (C:\Users\Eli\Desktop\Claude Code\CPQ
-System\src\components\shared\BOMGrid.tsx:22:3)
Warning: A component is `contentEditable` and 
contains `children` managed by React. It is now 
your responsibility to guarantee that none of those 
nodes are unexpectedly modified or duplicated. This 
is probably not intentional.
    at div
    at div
    at div
    at div
    at spy (file:///C:/Users/Eli/Desktop/Claude%20Co
de/CPQ-System/node_modules/tinyspy/dist/index.js:42:
80)
    at div
    at div
    at div
    at C:\Users\Eli\Desktop\Claude 
Code\CPQ-System\src\components\ui\card.tsx:81:57
    at div
    at C:\Users\Eli\Desktop\Claude 
Code\CPQ-System\src\components\ui\card.tsx:7:50
    at BOMGrid (C:\Users\Eli\Desktop\Claude Code\CPQ
-System\src\components\shared\BOMGrid.tsx:22:3)
Warning: A component is `contentEditable` and 
contains `children` managed by React. It is now 
your responsibility to guarantee that none of those 
nodes are unexpectedly modified or duplicated. This 
is probably not intentional.
    at div
    at div
    at div
    at div
    at spy (file:///C:/Users/Eli/Desktop/Claude%20Co
de/CPQ-System/node_modules/tinyspy/dist/index.js:42:
80)
    at div
    at div
    at div
    at C:\Users\Eli\Desktop\Claude 
Code\CPQ-System\src\components\ui\card.tsx:81:57
    at div
    at C:\Users\Eli\Desktop\Claude 
Code\CPQ-System\src\components\ui\card.tsx:7:50
    at BOMGrid (C:\Users\Eli\Desktop\Claude Code\CPQ
-System\src\components\shared\BOMGrid.tsx:22:3)
Warning: A component is `contentEditable` and 
contains `children` managed by React. It is now 
your responsibility to guarantee that none of those 
nodes are unexpectedly modified or duplicated. This 
is probably not intentional.
    at div
    at div
    at div
    at div
    at spy (file:///C:/Users/Eli/Desktop/Claude%20Co
de/CPQ-System/node_modules/tinyspy/dist/index.js:42:
80)
    at div
    at div
    at div
    at C:\Users\Eli\Desktop\Claude 
Code\CPQ-System\src\components\ui\card.tsx:81:57
    at div
    at C:\Users\Eli\Desktop\Claude 
Code\CPQ-System\src\components\ui\card.tsx:7:50
    at BOMGrid (C:\Users\Eli\Desktop\Claude Code\CPQ
-System\src\components\shared\BOMGrid.tsx:22:3)
Warning: A component is `contentEditable` and 
contains `children` managed by React. It is now 
your responsibility to guarantee that none of those 
nodes are unexpectedly modified or duplicated. This 
is probably not intentional.
    at div
    at div
    at div
    at div
    at spy (file:///C:/Users/Eli/Desktop/Claude%20Co
de/CPQ-System/node_modules/tinyspy/dist/index.js:42:
80)
    at div
    at div
    at div
    at C:\Users\Eli\Desktop\Claude 
Code\CPQ-System\src\components\ui\card.tsx:81:57
    at div
    at C:\Users\Eli\Desktop\Claude 
Code\CPQ-System\src\components\ui\card.tsx:7:50
    at BOMGrid (C:\Users\Eli\Desktop\Claude Code\CPQ
-System\src\components\shared\BOMGrid.tsx:22:3)
Warning: A component is `contentEditable` and 
contains `children` managed by React. It is now 
your responsibility to guarantee that none of those 
nodes are unexpectedly modified or duplicated. This 
is probably not intentional.
    at div
    at div
    at div
    at div
    at spy (file:///C:/Users/Eli/Desktop/Claude%20Co
de/CPQ-System/node_modules/tinyspy/dist/index.js:42:
80)
    at div
    at div
    at div
    at C:\Users\Eli\Desktop\Claude 
Code\CPQ-System\src\components\ui\card.tsx:81:57
    at div
    at C:\Users\Eli\Desktop\Claude 
Code\CPQ-System\src\components\ui\card.tsx:7:50
    at BOMGrid (C:\Users\Eli\Desktop\Claude Code\CPQ
-System\src\components\shared\BOMGrid.tsx:22:3)
Warning: A component is `contentEditable` and 
contains `children` managed by React. It is now 
your responsibility to guarantee that none of those 
nodes are unexpectedly modified or duplicated. This 
is probably not intentional.
    at div
    at div
    at div
    at div
    at spy (file:///C:/Users/Eli/Desktop/Claude%20Co
de/CPQ-System/node_modules/tinyspy/dist/index.js:42:
80)
    at div
    at div
    at div
    at C:\Users\Eli\Desktop\Claude 
Code\CPQ-System\src\components\ui\card.tsx:81:57
    at div
    at C:\Users\Eli\Desktop\Claude 
Code\CPQ-System\src\components\ui\card.tsx:7:50
    at BOMGrid (C:\Users\Eli\Desktop\Claude Code\CPQ
-System\src\components\shared\BOMGrid.tsx:22:3)
Warning: A component is `contentEditable` and 
contains `children` managed by React. It is now 
your responsibility to guarantee that none of those 
nodes are unexpectedly modified or duplicated. This 
is probably not intentional.
    at div
    at div
    at div
    at div
    at spy (file:///C:/Users/Eli/Desktop/Claude%20Co
de/CPQ-System/node_modules/tinyspy/dist/index.js:42:
80)
    at div
    at div
    at div
    at C:\Users\Eli\Desktop\Claude 
Code\CPQ-System\src\components\ui\card.tsx:81:57
    at div
    at C:\Users\Eli\Desktop\Claude 
Code\CPQ-System\src\components\ui\card.tsx:7:50
    at BOMGrid (C:\Users\Eli\Desktop\Claude Code\CPQ
-System\src\components\shared\BOMGrid.tsx:22:3)
Warning: A component is `contentEditable` and 
contains `children` managed by React. It is now 
your responsibility to guarantee that none of those 
nodes are unexpectedly modified or duplicated. This 
is probably not intentional.
    at div
    at div
    at div
    at div
    at spy (file:///C:/Users/Eli/Desktop/Claude%20Co
de/CPQ-System/node_modules/tinyspy/dist/index.js:42:
80)
    at div
    at div
    at div
    at C:\Users\Eli\Desktop\Claude 
Code\CPQ-System\src\components\ui\card.tsx:81:57
    at div
    at C:\Users\Eli\Desktop\Claude 
Code\CPQ-System\src\components\ui\card.tsx:7:50
    at BOMGrid (C:\Users\Eli\Desktop\Claude Code\CPQ
-System\src\components\shared\BOMGrid.tsx:22:3)
Warning: A component is `contentEditable` and 
contains `children` managed by React. It is now 
your responsibility to guarantee that none of those 
nodes are unexpectedly modified or duplicated. This 
is probably not intentional.
    at div
    at div
    at div
    at div
    at spy (file:///C:/Users/Eli/Desktop/Claude%20Co
de/CPQ-System/node_modules/tinyspy/dist/index.js:42:
80)
    at div
    at div
    at div
    at C:\Users\Eli\Desktop\Claude 
Code\CPQ-System\src\components\ui\card.tsx:81:57
    at div
    at C:\Users\Eli\Desktop\Claude 
Code\CPQ-System\src\components\ui\card.tsx:7:50
    at BOMGrid (C:\Users\Eli\Desktop\Claude Code\CPQ
-System\src\components\shared\BOMGrid.tsx:22:3)
Warning: A component is `contentEditable` and 
contains `children` managed by React. It is now 
your responsibility to guarantee that none of those 
nodes are unexpectedly modified or duplicated. This 
is probably not intentional.
    at div
    at div
    at div
    at div
    at spy (file:///C:/Users/Eli/Desktop/Claude%20Co
de/CPQ-System/node_modules/tinyspy/dist/index.js:42:
80)
    at div
    at div
    at div
    at C:\Users\Eli\Desktop\Claude 
Code\CPQ-System\src\components\ui\card.tsx:81:57
    at div
    at C:\Users\Eli\Desktop\Claude 
Code\CPQ-System\src\components\ui\card.tsx:7:50
    at BOMGrid (C:\Users\Eli\Desktop\Claude Code\CPQ
-System\src\components\shared\BOMGrid.tsx:22:3)

[90mstderr[2m | src/components/shared/__tests__/BO
MGrid.test.tsx[2m > [22m[2mBOMGrid[2m > 
[22m[2mCell Editing[2m > [22m[2mrecalculates 
margin when unit cost changes[22m[39m
Warning: A component is `contentEditable` and 
contains `children` managed by React. It is now 
your responsibility to guarantee that none of those 
nodes are unexpectedly modified or duplicated. This 
is probably not intentional.
    at div
    at div
    at div
    at div
    at spy (file:///C:/Users/Eli/Desktop/Claude%20Co
de/CPQ-System/node_modules/tinyspy/dist/index.js:42:
80)
    at div
    at div
    at div
    at C:\Users\Eli\Desktop\Claude 
Code\CPQ-System\src\components\ui\card.tsx:81:57
    at div
    at C:\Users\Eli\Desktop\Claude 
Code\CPQ-System\src\components\ui\card.tsx:7:50
    at BOMGrid (C:\Users\Eli\Desktop\Claude Code\CPQ
-System\src\components\shared\BOMGrid.tsx:22:3)
Warning: A component is `contentEditable` and 
contains `children` managed by React. It is now 
your responsibility to guarantee that none of those 
nodes are unexpectedly modified or duplicated. This 
is probably not intentional.
    at div
    at div
    at div
    at div
    at spy (file:///C:/Users/Eli/Desktop/Claude%20Co
de/CPQ-System/node_modules/tinyspy/dist/index.js:42:
80)
    at div
    at div
    at div
    at C:\Users\Eli\Desktop\Claude 
Code\CPQ-System\src\components\ui\card.tsx:81:57
    at div
    at C:\Users\Eli\Desktop\Claude 
Code\CPQ-System\src\components\ui\card.tsx:7:50
    at BOMGrid (C:\Users\Eli\Desktop\Claude Code\CPQ
-System\src\components\shared\BOMGrid.tsx:22:3)
Warning: A component is `contentEditable` and 
contains `children` managed by React. It is now 
your responsibility to guarantee that none of those 
nodes are unexpectedly modified or duplicated. This 
is probably not intentional.
    at div
    at div
    at div
    at div
    at spy (file:///C:/Users/Eli/Desktop/Claude%20Co
de/CPQ-System/node_modules/tinyspy/dist/index.js:42:
80)
    at div
    at div
    at div
    at C:\Users\Eli\Desktop\Claude 
Code\CPQ-System\src\components\ui\card.tsx:81:57
    at div
    at C:\Users\Eli\Desktop\Claude 
Code\CPQ-System\src\components\ui\card.tsx:7:50
    at BOMGrid (C:\Users\Eli\Desktop\Claude Code\CPQ
-System\src\components\shared\BOMGrid.tsx:22:3)
Warning: A component is `contentEditable` and 
contains `children` managed by React. It is now 
your responsibility to guarantee that none of those 
nodes are unexpectedly modified or duplicated. This 
is probably not intentional.
    at div
    at div
    at div
    at div
    at spy (file:///C:/Users/Eli/Desktop/Claude%20Co
de/CPQ-System/node_modules/tinyspy/dist/index.js:42:
80)
    at div
    at div
    at div
    at C:\Users\Eli\Desktop\Claude 
Code\CPQ-System\src\components\ui\card.tsx:81:57
    at div
    at C:\Users\Eli\Desktop\Claude 
Code\CPQ-System\src\components\ui\card.tsx:7:50
    at BOMGrid (C:\Users\Eli\Desktop\Claude Code\CPQ
-System\src\components\shared\BOMGrid.tsx:22:3)
Warning: A component is `contentEditable` and 
contains `children` managed by React. It is now 
your responsibility to guarantee that none of those 
nodes are unexpectedly modified or duplicated. This 
is probably not intentional.
    at div
    at div
    at div
    at div
    at spy (file:///C:/Users/Eli/Desktop/Claude%20Co
de/CPQ-System/node_modules/tinyspy/dist/index.js:42:
80)
    at div
    at div
    at div
    at C:\Users\Eli\Desktop\Claude 
Code\CPQ-System\src\components\ui\card.tsx:81:57
    at div
    at C:\Users\Eli\Desktop\Claude 
Code\CPQ-System\src\components\ui\card.tsx:7:50
    at BOMGrid (C:\Users\Eli\Desktop\Claude Code\CPQ
-System\src\components\shared\BOMGrid.tsx:22:3)
Warning: A component is `contentEditable` and 
contains `children` managed by React. It is now 
your responsibility to guarantee that none of those 
nodes are unexpectedly modified or duplicated. This 
is probably not intentional.
    at div
    at div
    at div
    at div
    at spy (file:///C:/Users/Eli/Desktop/Claude%20Co
de/CPQ-System/node_modules/tinyspy/dist/index.js:42:
80)
    at div
    at div
    at div
    at C:\Users\Eli\Desktop\Claude 
Code\CPQ-System\src\components\ui\card.tsx:81:57
    at div
    at C:\Users\Eli\Desktop\Claude 
Code\CPQ-System\src\components\ui\card.tsx:7:50
    at BOMGrid (C:\Users\Eli\Desktop\Claude Code\CPQ
-System\src\components\shared\BOMGrid.tsx:22:3)
Warning: A component is `contentEditable` and 
contains `children` managed by React. It is now 
your responsibility to guarantee that none of those 
nodes are unexpectedly modified or duplicated. This 
is probably not intentional.
    at div
    at div
    at div
    at div
    at spy (file:///C:/Users/Eli/Desktop/Claude%20Co
de/CPQ-System/node_modules/tinyspy/dist/index.js:42:
80)
    at div
    at div
    at div
    at C:\Users\Eli\Desktop\Claude 
Code\CPQ-System\src\components\ui\card.tsx:81:57
    at div
    at C:\Users\Eli\Desktop\Claude 
Code\CPQ-System\src\components\ui\card.tsx:7:50
    at BOMGrid (C:\Users\Eli\Desktop\Claude Code\CPQ
-System\src\components\shared\BOMGrid.tsx:22:3)
Warning: A component is `contentEditable` and 
contains `children` managed by React. It is now 
your responsibility to guarantee that none of those 
nodes are unexpectedly modified or duplicated. This 
is probably not intentional.
    at div
    at div
    at div
    at div
    at spy (file:///C:/Users/Eli/Desktop/Claude%20Co
de/CPQ-System/node_modules/tinyspy/dist/index.js:42:
80)
    at div
    at div
    at div
    at C:\Users\Eli\Desktop\Claude 
Code\CPQ-System\src\components\ui\card.tsx:81:57
    at div
    at C:\Users\Eli\Desktop\Claude 
Code\CPQ-System\src\components\ui\card.tsx:7:50
    at BOMGrid (C:\Users\Eli\Desktop\Claude Code\CPQ
-System\src\components\shared\BOMGrid.tsx:22:3)
Warning: A component is `contentEditable` and 
contains `children` managed by React. It is now 
your responsibility to guarantee that none of those 
nodes are unexpectedly modified or duplicated. This 
is probably not intentional.
    at div
    at div
    at div
    at div
    at spy (file:///C:/Users/Eli/Desktop/Claude%20Co
de/CPQ-System/node_modules/tinyspy/dist/index.js:42:
80)
    at div
    at div
    at div
    at C:\Users\Eli\Desktop\Claude 
Code\CPQ-System\src\components\ui\card.tsx:81:57
    at div
    at C:\Users\Eli\Desktop\Claude 
Code\CPQ-System\src\components\ui\card.tsx:7:50
    at BOMGrid (C:\Users\Eli\Desktop\Claude Code\CPQ
-System\src\components\shared\BOMGrid.tsx:22:3)
Warning: A component is `contentEditable` and 
contains `children` managed by React. It is now 
your responsibility to guarantee that none of those 
nodes are unexpectedly modified or duplicated. This 
is probably not intentional.
    at div
    at div
    at div
    at div
    at spy (file:///C:/Users/Eli/Desktop/Claude%20Co
de/CPQ-System/node_modules/tinyspy/dist/index.js:42:
80)
    at div
    at div
    at div
    at C:\Users\Eli\Desktop\Claude 
Code\CPQ-System\src\components\ui\card.tsx:81:57
    at div
    at C:\Users\Eli\Desktop\Claude 
Code\CPQ-System\src\components\ui\card.tsx:7:50
    at BOMGrid (C:\Users\Eli\Desktop\Claude Code\CPQ
-System\src\components\shared\BOMGrid.tsx:22:3)
Warning: A component is `contentEditable` and 
contains `children` managed by React. It is now 
your responsibility to guarantee that none of those 
nodes are unexpectedly modified or duplicated. This 
is probably not intentional.
    at div
    at div
    at div
    at div
    at spy (file:///C:/Users/Eli/Desktop/Claude%20Co
de/CPQ-System/node_modules/tinyspy/dist/index.js:42:
80)
    at div
    at div
    at div
    at C:\Users\Eli\Desktop\Claude 
Code\CPQ-System\src\components\ui\card.tsx:81:57
    at div
    at C:\Users\Eli\Desktop\Claude 
Code\CPQ-System\src\components\ui\card.tsx:7:50
    at BOMGrid (C:\Users\Eli\Desktop\Claude Code\CPQ
-System\src\components\shared\BOMGrid.tsx:22:3)
Warning: A component is `contentEditable` and 
contains `children` managed by React. It is now 
your responsibility to guarantee that none of those 
nodes are unexpectedly modified or duplicated. This 
is probably not intentional.
    at div
    at div
    at div
    at div
    at spy (file:///C:/Users/Eli/Desktop/Claude%20Co
de/CPQ-System/node_modules/tinyspy/dist/index.js:42:
80)
    at div
    at div
    at div
    at C:\Users\Eli\Desktop\Claude 
Code\CPQ-System\src\components\ui\card.tsx:81:57
    at div
    at C:\Users\Eli\Desktop\Claude 
Code\CPQ-System\src\components\ui\card.tsx:7:50
    at BOMGrid (C:\Users\Eli\Desktop\Claude Code\CPQ
-System\src\components\shared\BOMGrid.tsx:22:3)
Warning: A component is `contentEditable` and 
contains `children` managed by React. It is now 
your responsibility to guarantee that none of those 
nodes are unexpectedly modified or duplicated. This 
is probably not intentional.
    at div
    at div
    at div
    at div
    at spy (file:///C:/Users/Eli/Desktop/Claude%20Co
de/CPQ-System/node_modules/tinyspy/dist/index.js:42:
80)
    at div
    at div
    at div
    at C:\Users\Eli\Desktop\Claude 
Code\CPQ-System\src\components\ui\card.tsx:81:57
    at div
    at C:\Users\Eli\Desktop\Claude 
Code\CPQ-System\src\components\ui\card.tsx:7:50
    at BOMGrid (C:\Users\Eli\Desktop\Claude Code\CPQ
-System\src\components\shared\BOMGrid.tsx:22:3)
Warning: A component is `contentEditable` and 
contains `children` managed by React. It is now 
your responsibility to guarantee that none of those 
nodes are unexpectedly modified or duplicated. This 
is probably not intentional.
    at div
    at div
    at div
    at div
    at spy (file:///C:/Users/Eli/Desktop/Claude%20Co
de/CPQ-System/node_modules/tinyspy/dist/index.js:42:
80)
    at div
    at div
    at div
    at C:\Users\Eli\Desktop\Claude 
Code\CPQ-System\src\components\ui\card.tsx:81:57
    at div
    at C:\Users\Eli\Desktop\Claude 
Code\CPQ-System\src\components\ui\card.tsx:7:50
    at BOMGrid (C:\Users\Eli\Desktop\Claude Code\CPQ
-System\src\components\shared\BOMGrid.tsx:22:3)
Warning: A component is `contentEditable` and 
contains `children` managed by React. It is now 
your responsibility to guarantee that none of those 
nodes are unexpectedly modified or duplicated. This 
is probably not intentional.
    at div
    at div
    at div
    at div
    at spy (file:///C:/Users/Eli/Desktop/Claude%20Co
de/CPQ-System/node_modules/tinyspy/dist/index.js:42:
80)
    at div
    at div
    at div
    at C:\Users\Eli\Desktop\Claude 
Code\CPQ-System\src\components\ui\card.tsx:81:57
    at div
    at C:\Users\Eli\Desktop\Claude 
Code\CPQ-System\src\components\ui\card.tsx:7:50
    at BOMGrid (C:\Users\Eli\Desktop\Claude Code\CPQ
-System\src\components\shared\BOMGrid.tsx:22:3)
Warning: A component is `contentEditable` and 
contains `children` managed by React. It is now 
your responsibility to guarantee that none of those 
nodes are unexpectedly modified or duplicated. This 
is probably not intentional.
    at div
    at div
    at div
    at div
    at spy (file:///C:/Users/Eli/Desktop/Claude%20Co
de/CPQ-System/node_modules/tinyspy/dist/index.js:42:
80)
    at div
    at div
    at div
    at C:\Users\Eli\Desktop\Claude 
Code\CPQ-System\src\components\ui\card.tsx:81:57
    at div
    at C:\Users\Eli\Desktop\Claude 
Code\CPQ-System\src\components\ui\card.tsx:7:50
    at BOMGrid (C:\Users\Eli\Desktop\Claude Code\CPQ
-System\src\components\shared\BOMGrid.tsx:22:3)
Warning: A component is `contentEditable` and 
contains `children` managed by React. It is now 
your responsibility to guarantee that none of those 
nodes are unexpectedly modified or duplicated. This 
is probably not intentional.
    at div
    at div
    at div
    at div
    at spy (file:///C:/Users/Eli/Desktop/Claude%20Co
de/CPQ-System/node_modules/tinyspy/dist/index.js:42:
80)
    at div
    at div
    at div
    at C:\Users\Eli\Desktop\Claude 
Code\CPQ-System\src\components\ui\card.tsx:81:57
    at div
    at C:\Users\Eli\Desktop\Claude 
Code\CPQ-System\src\components\ui\card.tsx:7:50
    at BOMGrid (C:\Users\Eli\Desktop\Claude Code\CPQ
-System\src\components\shared\BOMGrid.tsx:22:3)
Warning: A component is `contentEditable` and 
contains `children` managed by React. It is now 
your responsibility to guarantee that none of those 
nodes are unexpectedly modified or duplicated. This 
is probably not intentional.
    at div
    at div
    at div
    at div
    at spy (file:///C:/Users/Eli/Desktop/Claude%20Co
de/CPQ-System/node_modules/tinyspy/dist/index.js:42:
80)
    at div
    at div
    at div
    at C:\Users\Eli\Desktop\Claude 
Code\CPQ-System\src\components\ui\card.tsx:81:57
    at div
    at C:\Users\Eli\Desktop\Claude 
Code\CPQ-System\src\components\ui\card.tsx:7:50
    at BOMGrid (C:\Users\Eli\Desktop\Claude Code\CPQ
-System\src\components\shared\BOMGrid.tsx:22:3)
Warning: A component is `contentEditable` and 
contains `children` managed by React. It is now 
your responsibility to guarantee that none of those 
nodes are unexpectedly modified or duplicated. This 
is probably not intentional.
    at div
    at div
    at div
    at div
    at spy (file:///C:/Users/Eli/Desktop/Claude%20Co
de/CPQ-System/node_modules/tinyspy/dist/index.js:42:
80)
    at div
    at div
    at div
    at C:\Users\Eli\Desktop\Claude 
Code\CPQ-System\src\components\ui\card.tsx:81:57
    at div
    at C:\Users\Eli\Desktop\Claude 
Code\CPQ-System\src\components\ui\card.tsx:7:50
    at BOMGrid (C:\Users\Eli\Desktop\Claude Code\CPQ
-System\src\components\shared\BOMGrid.tsx:22:3)
Warning: A component is `contentEditable` and 
contains `children` managed by React. It is now 
your responsibility to guarantee that none of those 
nodes are unexpectedly modified or duplicated. This 
is probably not intentional.
    at div
    at div
    at div
    at div
    at spy (file:///C:/Users/Eli/Desktop/Claude%20Co
de/CPQ-System/node_modules/tinyspy/dist/index.js:42:
80)
    at div
    at div
    at div
    at C:\Users\Eli\Desktop\Claude 
Code\CPQ-System\src\components\ui\card.tsx:81:57
    at div
    at C:\Users\Eli\Desktop\Claude 
Code\CPQ-System\src\components\ui\card.tsx:7:50
    at BOMGrid (C:\Users\Eli\Desktop\Claude Code\CPQ
-System\src\components\shared\BOMGrid.tsx:22:3)
Warning: A component is `contentEditable` and 
contains `children` managed by React. It is now 
your responsibility to guarantee that none of those 
nodes are unexpectedly modified or duplicated. This 
is probably not intentional.
    at div
    at div
    at div
    at div
    at spy (file:///C:/Users/Eli/Desktop/Claude%20Co
de/CPQ-System/node_modules/tinyspy/dist/index.js:42:
80)
    at div
    at div
    at div
    at C:\Users\Eli\Desktop\Claude 
Code\CPQ-System\src\components\ui\card.tsx:81:57
    at div
    at C:\Users\Eli\Desktop\Claude 
Code\CPQ-System\src\components\ui\card.tsx:7:50
    at BOMGrid (C:\Users\Eli\Desktop\Claude Code\CPQ
-System\src\components\shared\BOMGrid.tsx:22:3)
Warning: A component is `contentEditable` and 
contains `children` managed by React. It is now 
your responsibility to guarantee that none of those 
nodes are unexpectedly modified or duplicated. This 
is probably not intentional.
    at div
    at div
    at div
    at div
    at spy (file:///C:/Users/Eli/Desktop/Claude%20Co
de/CPQ-System/node_modules/tinyspy/dist/index.js:42:
80)
    at div
    at div
    at div
    at C:\Users\Eli\Desktop\Claude 
Code\CPQ-System\src\components\ui\card.tsx:81:57
    at div
    at C:\Users\Eli\Desktop\Claude 
Code\CPQ-System\src\components\ui\card.tsx:7:50
    at BOMGrid (C:\Users\Eli\Desktop\Claude Code\CPQ
-System\src\components\shared\BOMGrid.tsx:22:3)
Warning: A component is `contentEditable` and 
contains `children` managed by React. It is now 
your responsibility to guarantee that none of those 
nodes are unexpectedly modified or duplicated. This 
is probably not intentional.
    at div
    at div
    at div
    at div
    at spy (file:///C:/Users/Eli/Desktop/Claude%20Co
de/CPQ-System/node_modules/tinyspy/dist/index.js:42:
80)
    at div
    at div
    at div
    at C:\Users\Eli\Desktop\Claude 
Code\CPQ-System\src\components\ui\card.tsx:81:57
    at div
    at C:\Users\Eli\Desktop\Claude 
Code\CPQ-System\src\components\ui\card.tsx:7:50
    at BOMGrid (C:\Users\Eli\Desktop\Claude Code\CPQ
-System\src\components\shared\BOMGrid.tsx:22:3)
Warning: A component is `contentEditable` and 
contains `children` managed by React. It is now 
your responsibility to guarantee that none of those 
nodes are unexpectedly modified or duplicated. This 
is probably not intentional.
    at div
    at div
    at div
    at div
    at spy (file:///C:/Users/Eli/Desktop/Claude%20Co
de/CPQ-System/node_modules/tinyspy/dist/index.js:42:
80)
    at div
    at div
    at div
    at C:\Users\Eli\Desktop\Claude 
Code\CPQ-System\src\components\ui\card.tsx:81:57
    at div
    at C:\Users\Eli\Desktop\Claude 
Code\CPQ-System\src\components\ui\card.tsx:7:50
    at BOMGrid (C:\Users\Eli\Desktop\Claude Code\CPQ
-System\src\components\shared\BOMGrid.tsx:22:3)
Warning: A component is `contentEditable` and 
contains `children` managed by React. It is now 
your responsibility to guarantee that none of those 
nodes are unexpectedly modified or duplicated. This 
is probably not intentional.
    at div
    at div
    at div
    at div
    at spy (file:///C:/Users/Eli/Desktop/Claude%20Co
de/CPQ-System/node_modules/tinyspy/dist/index.js:42:
80)
    at div
    at div
    at div
    at C:\Users\Eli\Desktop\Claude 
Code\CPQ-System\src\components\ui\card.tsx:81:57
    at div
    at C:\Users\Eli\Desktop\Claude 
Code\CPQ-System\src\components\ui\card.tsx:7:50
    at BOMGrid (C:\Users\Eli\Desktop\Claude Code\CPQ
-System\src\components\shared\BOMGrid.tsx:22:3)
Warning: A component is `contentEditable` and 
contains `children` managed by React. It is now 
your responsibility to guarantee that none of those 
nodes are unexpectedly modified or duplicated. This 
is probably not intentional.
    at div
    at div
    at div
    at div
    at spy (file:///C:/Users/Eli/Desktop/Claude%20Co
de/CPQ-System/node_modules/tinyspy/dist/index.js:42:
80)
    at div
    at div
    at div
    at C:\Users\Eli\Desktop\Claude 
Code\CPQ-System\src\components\ui\card.tsx:81:57
    at div
    at C:\Users\Eli\Desktop\Claude 
Code\CPQ-System\src\components\ui\card.tsx:7:50
    at BOMGrid (C:\Users\Eli\Desktop\Claude Code\CPQ
-System\src\components\shared\BOMGrid.tsx:22:3)
Warning: A component is `contentEditable` and 
contains `children` managed by React. It is now 
your responsibility to guarantee that none of those 
nodes are unexpectedly modified or duplicated. This 
is probably not intentional.
    at div
    at div
    at div
    at div
    at spy (file:///C:/Users/Eli/Desktop/Claude%20Co
de/CPQ-System/node_modules/tinyspy/dist/index.js:42:
80)
    at div
    at div
    at div
    at C:\Users\Eli\Desktop\Claude 
Code\CPQ-System\src\components\ui\card.tsx:81:57
    at div
    at C:\Users\Eli\Desktop\Claude 
Code\CPQ-System\src\components\ui\card.tsx:7:50
    at BOMGrid (C:\Users\Eli\Desktop\Claude Code\CPQ
-System\src\components\shared\BOMGrid.tsx:22:3)
Warning: A component is `contentEditable` and 
contains `children` managed by React. It is now 
your responsibility to guarantee that none of those 
nodes are unexpectedly modified or duplicated. This 
is probably not intentional.
    at div
    at div
    at div
    at div
    at spy (file:///C:/Users/Eli/Desktop/Claude%20Co
de/CPQ-System/node_modules/tinyspy/dist/index.js:42:
80)
    at div
    at div
    at div
    at C:\Users\Eli\Desktop\Claude 
Code\CPQ-System\src\components\ui\card.tsx:81:57
    at div
    at C:\Users\Eli\Desktop\Claude 
Code\CPQ-System\src\components\ui\card.tsx:7:50
    at BOMGrid (C:\Users\Eli\Desktop\Claude Code\CPQ
-System\src\components\shared\BOMGrid.tsx:22:3)
Warning: A component is `contentEditable` and 
contains `children` managed by React. It is now 
your responsibility to guarantee that none of those 
nodes are unexpectedly modified or duplicated. This 
is probably not intentional.
    at div
    at div
    at div
    at div
    at spy (file:///C:/Users/Eli/Desktop/Claude%20Co
de/CPQ-System/node_modules/tinyspy/dist/index.js:42:
80)
    at div
    at div
    at div
    at C:\Users\Eli\Desktop\Claude 
Code\CPQ-System\src\components\ui\card.tsx:81:57
    at div
    at C:\Users\Eli\Desktop\Claude 
Code\CPQ-System\src\components\ui\card.tsx:7:50
    at BOMGrid (C:\Users\Eli\Desktop\Claude Code\CPQ
-System\src\components\shared\BOMGrid.tsx:22:3)
Warning: A component is `contentEditable` and 
contains `children` managed by React. It is now 
your responsibility to guarantee that none of those 
nodes are unexpectedly modified or duplicated. This 
is probably not intentional.
    at div
    at div
    at div
    at div
    at spy (file:///C:/Users/Eli/Desktop/Claude%20Co
de/CPQ-System/node_modules/tinyspy/dist/index.js:42:
80)
    at div
    at div
    at div
    at C:\Users\Eli\Desktop\Claude 
Code\CPQ-System\src\components\ui\card.tsx:81:57
    at div
    at C:\Users\Eli\Desktop\Claude 
Code\CPQ-System\src\components\ui\card.tsx:7:50
    at BOMGrid (C:\Users\Eli\Desktop\Claude Code\CPQ
-System\src\components\shared\BOMGrid.tsx:22:3)
Warning: A component is `contentEditable` and 
contains `children` managed by React. It is now 
your responsibility to guarantee that none of those 
nodes are unexpectedly modified or duplicated. This 
is probably not intentional.
    at div
    at div
    at div
    at div
    at spy (file:///C:/Users/Eli/Desktop/Claude%20Co
de/CPQ-System/node_modules/tinyspy/dist/index.js:42:
80)
    at div
    at div
    at div
    at C:\Users\Eli\Desktop\Claude 
Code\CPQ-System\src\components\ui\card.tsx:81:57
    at div
    at C:\Users\Eli\Desktop\Claude 
Code\CPQ-System\src\components\ui\card.tsx:7:50
    at BOMGrid (C:\Users\Eli\Desktop\Claude Code\CPQ
-System\src\components\shared\BOMGrid.tsx:22:3)
Warning: A component is `contentEditable` and 
contains `children` managed by React. It is now 
your responsibility to guarantee that none of those 
nodes are unexpectedly modified or duplicated. This 
is probably not intentional.
    at div
    at div
    at div
    at div
    at spy (file:///C:/Users/Eli/Desktop/Claude%20Co
de/CPQ-System/node_modules/tinyspy/dist/index.js:42:
80)
    at div
    at div
    at div
    at C:\Users\Eli\Desktop\Claude 
Code\CPQ-System\src\components\ui\card.tsx:81:57
    at div
    at C:\Users\Eli\Desktop\Claude 
Code\CPQ-System\src\components\ui\card.tsx:7:50
    at BOMGrid (C:\Users\Eli\Desktop\Claude Code\CPQ
-System\src\components\shared\BOMGrid.tsx:22:3)
Warning: A component is `contentEditable` and 
contains `children` managed by React. It is now 
your responsibility to guarantee that none of those 
nodes are unexpectedly modified or duplicated. This 
is probably not intentional.
    at div
    at div
    at div
    at div
    at spy (file:///C:/Users/Eli/Desktop/Claude%20Co
de/CPQ-System/node_modules/tinyspy/dist/index.js:42:
80)
    at div
    at div
    at div
    at C:\Users\Eli\Desktop\Claude 
Code\CPQ-System\src\components\ui\card.tsx:81:57
    at div
    at C:\Users\Eli\Desktop\Claude 
Code\CPQ-System\src\components\ui\card.tsx:7:50
    at BOMGrid (C:\Users\Eli\Desktop\Claude Code\CPQ
-System\src\components\shared\BOMGrid.tsx:22:3)
Warning: A component is `contentEditable` and 
contains `children` managed by React. It is now 
your responsibility to guarantee that none of those 
nodes are unexpectedly modified or duplicated. This 
is probably not intentional.
    at div
    at div
    at div
    at div
    at spy (file:///C:/Users/Eli/Desktop/Claude%20Co
de/CPQ-System/node_modules/tinyspy/dist/index.js:42:
80)
    at div
    at div
    at div
    at C:\Users\Eli\Desktop\Claude 
Code\CPQ-System\src\components\ui\card.tsx:81:57
    at div
    at C:\Users\Eli\Desktop\Claude 
Code\CPQ-System\src\components\ui\card.tsx:7:50
    at BOMGrid (C:\Users\Eli\Desktop\Claude Code\CPQ
-System\src\components\shared\BOMGrid.tsx:22:3)
Warning: A component is `contentEditable` and 
contains `children` managed by React. It is now 
your responsibility to guarantee that none of those 
nodes are unexpectedly modified or duplicated. This 
is probably not intentional.
    at div
    at div
    at div
    at div
    at spy (file:///C:/Users/Eli/Desktop/Claude%20Co
de/CPQ-System/node_modules/tinyspy/dist/index.js:42:
80)
    at div
    at div
    at div
    at C:\Users\Eli\Desktop\Claude 
Code\CPQ-System\src\components\ui\card.tsx:81:57
    at div
    at C:\Users\Eli\Desktop\Claude 
Code\CPQ-System\src\components\ui\card.tsx:7:50
    at BOMGrid (C:\Users\Eli\Desktop\Claude Code\CPQ
-System\src\components\shared\BOMGrid.tsx:22:3)
Warning: A component is `contentEditable` and 
contains `children` managed by React. It is now 
your responsibility to guarantee that none of those 
nodes are unexpectedly modified or duplicated. This 
is probably not intentional.
    at div
    at div
    at div
    at div
    at spy (file:///C:/Users/Eli/Desktop/Claude%20Co
de/CPQ-System/node_modules/tinyspy/dist/index.js:42:
80)
    at div
    at div
    at div
    at C:\Users\Eli\Desktop\Claude 
Code\CPQ-System\src\components\ui\card.tsx:81:57
    at div
    at C:\Users\Eli\Desktop\Claude 
Code\CPQ-System\src\components\ui\card.tsx:7:50
    at BOMGrid (C:\Users\Eli\Desktop\Claude Code\CPQ
-System\src\components\shared\BOMGrid.tsx:22:3)
Warning: A component is `contentEditable` and 
contains `children` managed by React. It is now 
your responsibility to guarantee that none of those 
nodes are unexpectedly modified or duplicated. This 
is probably not intentional.
    at div
    at div
    at div
    at div
    at spy (file:///C:/Users/Eli/Desktop/Claude%20Co
de/CPQ-System/node_modules/tinyspy/dist/index.js:42:
80)
    at div
    at div
    at div
    at C:\Users\Eli\Desktop\Claude 
Code\CPQ-System\src\components\ui\card.tsx:81:57
    at div
    at C:\Users\Eli\Desktop\Claude 
Code\CPQ-System\src\components\ui\card.tsx:7:50
    at BOMGrid (C:\Users\Eli\Desktop\Claude Code\CPQ
-System\src\components\shared\BOMGrid.tsx:22:3)
Warning: A component is `contentEditable` and 
contains `children` managed by React. It is now 
your responsibility to guarantee that none of those 
nodes are unexpectedly modified or duplicated. This 
is probably not intentional.
    at div
    at div
    at div
    at div
    at spy (file:///C:/Users/Eli/Desktop/Claude%20Co
de/CPQ-System/node_modules/tinyspy/dist/index.js:42:
80)
    at div
    at div
    at div
    at C:\Users\Eli\Desktop\Claude 
Code\CPQ-System\src\components\ui\card.tsx:81:57
    at div
    at C:\Users\Eli\Desktop\Claude 
Code\CPQ-System\src\components\ui\card.tsx:7:50
    at BOMGrid (C:\Users\Eli\Desktop\Claude Code\CPQ
-System\src\components\shared\BOMGrid.tsx:22:3)
Warning: A component is `contentEditable` and 
contains `children` managed by React. It is now 
your responsibility to guarantee that none of those 
nodes are unexpectedly modified or duplicated. This 
is probably not intentional.
    at div
    at div
    at div
    at div
    at spy (file:///C:/Users/Eli/Desktop/Claude%20Co
de/CPQ-System/node_modules/tinyspy/dist/index.js:42:
80)
    at div
    at div
    at div
    at C:\Users\Eli\Desktop\Claude 
Code\CPQ-System\src\components\ui\card.tsx:81:57
    at div
    at C:\Users\Eli\Desktop\Claude 
Code\CPQ-System\src\components\ui\card.tsx:7:50
    at BOMGrid (C:\Users\Eli\Desktop\Claude Code\CPQ
-System\src\components\shared\BOMGrid.tsx:22:3)
Warning: A component is `contentEditable` and 
contains `children` managed by React. It is now 
your responsibility to guarantee that none of those 
nodes are unexpectedly modified or duplicated. This 
is probably not intentional.
    at div
    at div
    at div
    at div
    at spy (file:///C:/Users/Eli/Desktop/Claude%20Co
de/CPQ-System/node_modules/tinyspy/dist/index.js:42:
80)
    at div
    at div
    at div
    at C:\Users\Eli\Desktop\Claude 
Code\CPQ-System\src\components\ui\card.tsx:81:57
    at div
    at C:\Users\Eli\Desktop\Claude 
Code\CPQ-System\src\components\ui\card.tsx:7:50
    at BOMGrid (C:\Users\Eli\Desktop\Claude Code\CPQ
-System\src\components\shared\BOMGrid.tsx:22:3)
Warning: A component is `contentEditable` and 
contains `children` managed by React. It is now 
your responsibility to guarantee that none of those 
nodes are unexpectedly modified or duplicated. This 
is probably not intentional.
    at div
    at div
    at div
    at div
    at spy (file:///C:/Users/Eli/Desktop/Claude%20Co
de/CPQ-System/node_modules/tinyspy/dist/index.js:42:
80)
    at div
    at div
    at div
    at C:\Users\Eli\Desktop\Claude 
Code\CPQ-System\src\components\ui\card.tsx:81:57
    at div
    at C:\Users\Eli\Desktop\Claude 
Code\CPQ-System\src\components\ui\card.tsx:7:50
    at BOMGrid (C:\Users\Eli\Desktop\Claude Code\CPQ
-System\src\components\shared\BOMGrid.tsx:22:3)
Warning: A component is `contentEditable` and 
contains `children` managed by React. It is now 
your responsibility to guarantee that none of those 
nodes are unexpectedly modified or duplicated. This 
is probably not intentional.
    at div
    at div
    at div
    at div
    at spy (file:///C:/Users/Eli/Desktop/Claude%20Co
de/CPQ-System/node_modules/tinyspy/dist/index.js:42:
80)
    at div
    at div
    at div
    at C:\Users\Eli\Desktop\Claude 
Code\CPQ-System\src\components\ui\card.tsx:81:57
    at div
    at C:\Users\Eli\Desktop\Claude 
Code\CPQ-System\src\components\ui\card.tsx:7:50
    at BOMGrid (C:\Users\Eli\Desktop\Claude Code\CPQ
-System\src\components\shared\BOMGrid.tsx:22:3)
Warning: A component is `contentEditable` and 
contains `children` managed by React. It is now 
your responsibility to guarantee that none of those 
nodes are unexpectedly modified or duplicated. This 
is probably not intentional.
    at div
    at div
    at div
    at div
    at spy (file:///C:/Users/Eli/Desktop/Claude%20Co
de/CPQ-System/node_modules/tinyspy/dist/index.js:42:
80)
    at div
    at div
    at div
    at C:\Users\Eli\Desktop\Claude 
Code\CPQ-System\src\components\ui\card.tsx:81:57
    at div
    at C:\Users\Eli\Desktop\Claude 
Code\CPQ-System\src\components\ui\card.tsx:7:50
    at BOMGrid (C:\Users\Eli\Desktop\Claude Code\CPQ
-System\src\components\shared\BOMGrid.tsx:22:3)
Warning: A component is `contentEditable` and 
contains `children` managed by React. It is now 
your responsibility to guarantee that none of those 
nodes are unexpectedly modified or duplicated. This 
is probably not intentional.
    at div
    at div
    at div
    at div
    at spy (file:///C:/Users/Eli/Desktop/Claude%20Co
de/CPQ-System/node_modules/tinyspy/dist/index.js:42:
80)
    at div
    at div
    at div
    at C:\Users\Eli\Desktop\Claude 
Code\CPQ-System\src\components\ui\card.tsx:81:57
    at div
    at C:\Users\Eli\Desktop\Claude 
Code\CPQ-System\src\components\ui\card.tsx:7:50
    at BOMGrid (C:\Users\Eli\Desktop\Claude Code\CPQ
-System\src\components\shared\BOMGrid.tsx:22:3)
Warning: A component is `contentEditable` and 
contains `children` managed by React. It is now 
your responsibility to guarantee that none of those 
nodes are unexpectedly modified or duplicated. This 
is probably not intentional.
    at div
    at div
    at div
    at div
    at spy (file:///C:/Users/Eli/Desktop/Claude%20Co
de/CPQ-System/node_modules/tinyspy/dist/index.js:42:
80)
    at div
    at div
    at div
    at C:\Users\Eli\Desktop\Claude 
Code\CPQ-System\src\components\ui\card.tsx:81:57
    at div
    at C:\Users\Eli\Desktop\Claude 
Code\CPQ-System\src\components\ui\card.tsx:7:50
    at BOMGrid (C:\Users\Eli\Desktop\Claude Code\CPQ
-System\src\components\shared\BOMGrid.tsx:22:3)
Warning: A component is `contentEditable` and 
contains `children` managed by React. It is now 
your responsibility to guarantee that none of those 
nodes are unexpectedly modified or duplicated. This 
is probably not intentional.
    at div
    at div
    at div
    at div
    at spy (file:///C:/Users/Eli/Desktop/Claude%20Co
de/CPQ-System/node_modules/tinyspy/dist/index.js:42:
80)
    at div
    at div
    at div
    at C:\Users\Eli\Desktop\Claude 
Code\CPQ-System\src\components\ui\card.tsx:81:57
    at div
    at C:\Users\Eli\Desktop\Claude 
Code\CPQ-System\src\components\ui\card.tsx:7:50
    at BOMGrid (C:\Users\Eli\Desktop\Claude Code\CPQ
-System\src\components\shared\BOMGrid.tsx:22:3)

[90mstderr[2m | src/components/shared/__tests__/BO
MGrid.test.tsx[2m > [22m[2mBOMGrid[2m > 
[22m[2mBOM-Specific Features[2m > 
[22m[2mapplies markup correctly when apply markup 
button is clicked[22m[39m
Warning: A component is `contentEditable` and 
contains `children` managed by React. It is now 
your responsibility to guarantee that none of those 
nodes are unexpectedly modified or duplicated. This 
is probably not intentional.
    at div
    at div
    at div
    at div
    at spy (file:///C:/Users/Eli/Desktop/Claude%20Co
de/CPQ-System/node_modules/tinyspy/dist/index.js:42:
80)
    at div
    at div
    at div
    at C:\Users\Eli\Desktop\Claude 
Code\CPQ-System\src\components\ui\card.tsx:81:57
    at div
    at C:\Users\Eli\Desktop\Claude 
Code\CPQ-System\src\components\ui\card.tsx:7:50
    at BOMGrid (C:\Users\Eli\Desktop\Claude Code\CPQ
-System\src\components\shared\BOMGrid.tsx:22:3)
Warning: A component is `contentEditable` and 
contains `children` managed by React. It is now 
your responsibility to guarantee that none of those 
nodes are unexpectedly modified or duplicated. This 
is probably not intentional.
    at div
    at div
    at div
    at div
    at spy (file:///C:/Users/Eli/Desktop/Claude%20Co
de/CPQ-System/node_modules/tinyspy/dist/index.js:42:
80)
    at div
    at div
    at div
    at C:\Users\Eli\Desktop\Claude 
Code\CPQ-System\src\components\ui\card.tsx:81:57
    at div
    at C:\Users\Eli\Desktop\Claude 
Code\CPQ-System\src\components\ui\card.tsx:7:50
    at BOMGrid (C:\Users\Eli\Desktop\Claude Code\CPQ
-System\src\components\shared\BOMGrid.tsx:22:3)
Warning: A component is `contentEditable` and 
contains `children` managed by React. It is now 
your responsibility to guarantee that none of those 
nodes are unexpectedly modified or duplicated. This 
is probably not intentional.
    at div
    at div
    at div
    at div
    at spy (file:///C:/Users/Eli/Desktop/Claude%20Co
de/CPQ-System/node_modules/tinyspy/dist/index.js:42:
80)
    at div
    at div
    at div
    at C:\Users\Eli\Desktop\Claude 
Code\CPQ-System\src\components\ui\card.tsx:81:57
    at div
    at C:\Users\Eli\Desktop\Claude 
Code\CPQ-System\src\components\ui\card.tsx:7:50
    at BOMGrid (C:\Users\Eli\Desktop\Claude Code\CPQ
-System\src\components\shared\BOMGrid.tsx:22:3)
Warning: A component is `contentEditable` and 
contains `children` managed by React. It is now 
your responsibility to guarantee that none of those 
nodes are unexpectedly modified or duplicated. This 
is probably not intentional.
    at div
    at div
    at div
    at div
    at spy (file:///C:/Users/Eli/Desktop/Claude%20Co
de/CPQ-System/node_modules/tinyspy/dist/index.js:42:
80)
    at div
    at div
    at div
    at C:\Users\Eli\Desktop\Claude 
Code\CPQ-System\src\components\ui\card.tsx:81:57
    at div
    at C:\Users\Eli\Desktop\Claude 
Code\CPQ-System\src\components\ui\card.tsx:7:50
    at BOMGrid (C:\Users\Eli\Desktop\Claude Code\CPQ
-System\src\components\shared\BOMGrid.tsx:22:3)
Warning: A component is `contentEditable` and 
contains `children` managed by React. It is now 
your responsibility to guarantee that none of those 
nodes are unexpectedly modified or duplicated. This 
is probably not intentional.
    at div
    at div
    at div
    at div
    at spy (file:///C:/Users/Eli/Desktop/Claude%20Co
de/CPQ-System/node_modules/tinyspy/dist/index.js:42:
80)
    at div
    at div
    at div
    at C:\Users\Eli\Desktop\Claude 
Code\CPQ-System\src\components\ui\card.tsx:81:57
    at div
    at C:\Users\Eli\Desktop\Claude 
Code\CPQ-System\src\components\ui\card.tsx:7:50
    at BOMGrid (C:\Users\Eli\Desktop\Claude Code\CPQ
-System\src\components\shared\BOMGrid.tsx:22:3)
Warning: A component is `contentEditable` and 
contains `children` managed by React. It is now 
your responsibility to guarantee that none of those 
nodes are unexpectedly modified or duplicated. This 
is probably not intentional.
    at div
    at div
    at div
    at div
    at spy (file:///C:/Users/Eli/Desktop/Claude%20Co
de/CPQ-System/node_modules/tinyspy/dist/index.js:42:
80)
    at div
    at div
    at div
    at C:\Users\Eli\Desktop\Claude 
Code\CPQ-System\src\components\ui\card.tsx:81:57
    at div
    at C:\Users\Eli\Desktop\Claude 
Code\CPQ-System\src\components\ui\card.tsx:7:50
    at BOMGrid (C:\Users\Eli\Desktop\Claude Code\CPQ
-System\src\components\shared\BOMGrid.tsx:22:3)
Warning: A component is `contentEditable` and 
contains `children` managed by React. It is now 
your responsibility to guarantee that none of those 
nodes are unexpectedly modified or duplicated. This 
is probably not intentional.
    at div
    at div
    at div
    at div
    at spy (file:///C:/Users/Eli/Desktop/Claude%20Co
de/CPQ-System/node_modules/tinyspy/dist/index.js:42:
80)
    at div
    at div
    at div
    at C:\Users\Eli\Desktop\Claude 
Code\CPQ-System\src\components\ui\card.tsx:81:57
    at div
    at C:\Users\Eli\Desktop\Claude 
Code\CPQ-System\src\components\ui\card.tsx:7:50
    at BOMGrid (C:\Users\Eli\Desktop\Claude Code\CPQ
-System\src\components\shared\BOMGrid.tsx:22:3)
Warning: A component is `contentEditable` and 
contains `children` managed by React. It is now 
your responsibility to guarantee that none of those 
nodes are unexpectedly modified or duplicated. This 
is probably not intentional.
    at div
    at div
    at div
    at div
    at spy (file:///C:/Users/Eli/Desktop/Claude%20Co
de/CPQ-System/node_modules/tinyspy/dist/index.js:42:
80)
    at div
    at div
    at div
    at C:\Users\Eli\Desktop\Claude 
Code\CPQ-System\src\components\ui\card.tsx:81:57
    at div
    at C:\Users\Eli\Desktop\Claude 
Code\CPQ-System\src\components\ui\card.tsx:7:50
    at BOMGrid (C:\Users\Eli\Desktop\Claude Code\CPQ
-System\src\components\shared\BOMGrid.tsx:22:3)
Warning: A component is `contentEditable` and 
contains `children` managed by React. It is now 
your responsibility to guarantee that none of those 
nodes are unexpectedly modified or duplicated. This 
is probably not intentional.
    at div
    at div
    at div
    at div
    at spy (file:///C:/Users/Eli/Desktop/Claude%20Co
de/CPQ-System/node_modules/tinyspy/dist/index.js:42:
80)
    at div
    at div
    at div
    at C:\Users\Eli\Desktop\Claude 
Code\CPQ-System\src\components\ui\card.tsx:81:57
    at div
    at C:\Users\Eli\Desktop\Claude 
Code\CPQ-System\src\components\ui\card.tsx:7:50
    at BOMGrid (C:\Users\Eli\Desktop\Claude Code\CPQ
-System\src\components\shared\BOMGrid.tsx:22:3)
Warning: A component is `contentEditable` and 
contains `children` managed by React. It is now 
your responsibility to guarantee that none of those 
nodes are unexpectedly modified or duplicated. This 
is probably not intentional.
    at div
    at div
    at div
    at div
    at spy (file:///C:/Users/Eli/Desktop/Claude%20Co
de/CPQ-System/node_modules/tinyspy/dist/index.js:42:
80)
    at div
    at div
    at div
    at C:\Users\Eli\Desktop\Claude 
Code\CPQ-System\src\components\ui\card.tsx:81:57
    at div
    at C:\Users\Eli\Desktop\Claude 
Code\CPQ-System\src\components\ui\card.tsx:7:50
    at BOMGrid (C:\Users\Eli\Desktop\Claude Code\CPQ
-System\src\components\shared\BOMGrid.tsx:22:3)
Warning: A component is `contentEditable` and 
contains `children` managed by React. It is now 
your responsibility to guarantee that none of those 
nodes are unexpectedly modified or duplicated. This 
is probably not intentional.
    at div
    at div
    at div
    at div
    at spy (file:///C:/Users/Eli/Desktop/Claude%20Co
de/CPQ-System/node_modules/tinyspy/dist/index.js:42:
80)
    at div
    at div
    at div
    at C:\Users\Eli\Desktop\Claude 
Code\CPQ-System\src\components\ui\card.tsx:81:57
    at div
    at C:\Users\Eli\Desktop\Claude 
Code\CPQ-System\src\components\ui\card.tsx:7:50
    at BOMGrid (C:\Users\Eli\Desktop\Claude Code\CPQ
-System\src\components\shared\BOMGrid.tsx:22:3)
Warning: A component is `contentEditable` and 
contains `children` managed by React. It is now 
your responsibility to guarantee that none of those 
nodes are unexpectedly modified or duplicated. This 
is probably not intentional.
    at div
    at div
    at div
    at div
    at spy (file:///C:/Users/Eli/Desktop/Claude%20Co
de/CPQ-System/node_modules/tinyspy/dist/index.js:42:
80)
    at div
    at div
    at div
    at C:\Users\Eli\Desktop\Claude 
Code\CPQ-System\src\components\ui\card.tsx:81:57
    at div
    at C:\Users\Eli\Desktop\Claude 
Code\CPQ-System\src\components\ui\card.tsx:7:50
    at BOMGrid (C:\Users\Eli\Desktop\Claude Code\CPQ
-System\src\components\shared\BOMGrid.tsx:22:3)
Warning: A component is `contentEditable` and 
contains `children` managed by React. It is now 
your responsibility to guarantee that none of those 
nodes are unexpectedly modified or duplicated. This 
is probably not intentional.
    at div
    at div
    at div
    at div
    at spy (file:///C:/Users/Eli/Desktop/Claude%20Co
de/CPQ-System/node_modules/tinyspy/dist/index.js:42:
80)
    at div
    at div
    at div
    at C:\Users\Eli\Desktop\Claude 
Code\CPQ-System\src\components\ui\card.tsx:81:57
    at div
    at C:\Users\Eli\Desktop\Claude 
Code\CPQ-System\src\components\ui\card.tsx:7:50
    at BOMGrid (C:\Users\Eli\Desktop\Claude Code\CPQ
-System\src\components\shared\BOMGrid.tsx:22:3)
Warning: A component is `contentEditable` and 
contains `children` managed by React. It is now 
your responsibility to guarantee that none of those 
nodes are unexpectedly modified or duplicated. This 
is probably not intentional.
    at div
    at div
    at div
    at div
    at spy (file:///C:/Users/Eli/Desktop/Claude%20Co
de/CPQ-System/node_modules/tinyspy/dist/index.js:42:
80)
    at div
    at div
    at div
    at C:\Users\Eli\Desktop\Claude 
Code\CPQ-System\src\components\ui\card.tsx:81:57
    at div
    at C:\Users\Eli\Desktop\Claude 
Code\CPQ-System\src\components\ui\card.tsx:7:50
    at BOMGrid (C:\Users\Eli\Desktop\Claude Code\CPQ
-System\src\components\shared\BOMGrid.tsx:22:3)
Warning: A component is `contentEditable` and 
contains `children` managed by React. It is now 
your responsibility to guarantee that none of those 
nodes are unexpectedly modified or duplicated. This 
is probably not intentional.
    at div
    at div
    at div
    at div
    at spy (file:///C:/Users/Eli/Desktop/Claude%20Co
de/CPQ-System/node_modules/tinyspy/dist/index.js:42:
80)
    at div
    at div
    at div
    at C:\Users\Eli\Desktop\Claude 
Code\CPQ-System\src\components\ui\card.tsx:81:57
    at div
    at C:\Users\Eli\Desktop\Claude 
Code\CPQ-System\src\components\ui\card.tsx:7:50
    at BOMGrid (C:\Users\Eli\Desktop\Claude Code\CPQ
-System\src\components\shared\BOMGrid.tsx:22:3)
Warning: A component is `contentEditable` and 
contains `children` managed by React. It is now 
your responsibility to guarantee that none of those 
nodes are unexpectedly modified or duplicated. This 
is probably not intentional.
    at div
    at div
    at div
    at div
    at spy (file:///C:/Users/Eli/Desktop/Claude%20Co
de/CPQ-System/node_modules/tinyspy/dist/index.js:42:
80)
    at div
    at div
    at div
    at C:\Users\Eli\Desktop\Claude 
Code\CPQ-System\src\components\ui\card.tsx:81:57
    at div
    at C:\Users\Eli\Desktop\Claude 
Code\CPQ-System\src\components\ui\card.tsx:7:50
    at BOMGrid (C:\Users\Eli\Desktop\Claude Code\CPQ
-System\src\components\shared\BOMGrid.tsx:22:3)
Warning: A component is `contentEditable` and 
contains `children` managed by React. It is now 
your responsibility to guarantee that none of those 
nodes are unexpectedly modified or duplicated. This 
is probably not intentional.
    at div
    at div
    at div
    at div
    at spy (file:///C:/Users/Eli/Desktop/Claude%20Co
de/CPQ-System/node_modules/tinyspy/dist/index.js:42:
80)
    at div
    at div
    at div
    at C:\Users\Eli\Desktop\Claude 
Code\CPQ-System\src\components\ui\card.tsx:81:57
    at div
    at C:\Users\Eli\Desktop\Claude 
Code\CPQ-System\src\components\ui\card.tsx:7:50
    at BOMGrid (C:\Users\Eli\Desktop\Claude Code\CPQ
-System\src\components\shared\BOMGrid.tsx:22:3)
Warning: A component is `contentEditable` and 
contains `children` managed by React. It is now 
your responsibility to guarantee that none of those 
nodes are unexpectedly modified or duplicated. This 
is probably not intentional.
    at div
    at div
    at div
    at div
    at spy (file:///C:/Users/Eli/Desktop/Claude%20Co
de/CPQ-System/node_modules/tinyspy/dist/index.js:42:
80)
    at div
    at div
    at div
    at C:\Users\Eli\Desktop\Claude 
Code\CPQ-System\src\components\ui\card.tsx:81:57
    at div
    at C:\Users\Eli\Desktop\Claude 
Code\CPQ-System\src\components\ui\card.tsx:7:50
    at BOMGrid (C:\Users\Eli\Desktop\Claude Code\CPQ
-System\src\components\shared\BOMGrid.tsx:22:3)
Warning: A component is `contentEditable` and 
contains `children` managed by React. It is now 
your responsibility to guarantee that none of those 
nodes are unexpectedly modified or duplicated. This 
is probably not intentional.
    at div
    at div
    at div
    at div
    at spy (file:///C:/Users/Eli/Desktop/Claude%20Co
de/CPQ-System/node_modules/tinyspy/dist/index.js:42:
80)
    at div
    at div
    at div
    at C:\Users\Eli\Desktop\Claude 
Code\CPQ-System\src\components\ui\card.tsx:81:57
    at div
    at C:\Users\Eli\Desktop\Claude 
Code\CPQ-System\src\components\ui\card.tsx:7:50
    at BOMGrid (C:\Users\Eli\Desktop\Claude Code\CPQ
-System\src\components\shared\BOMGrid.tsx:22:3)
Warning: A component is `contentEditable` and 
contains `children` managed by React. It is now 
your responsibility to guarantee that none of those 
nodes are unexpectedly modified or duplicated. This 
is probably not intentional.
    at div
    at div
    at div
    at div
    at spy (file:///C:/Users/Eli/Desktop/Claude%20Co
de/CPQ-System/node_modules/tinyspy/dist/index.js:42:
80)
    at div
    at div
    at div
    at C:\Users\Eli\Desktop\Claude 
Code\CPQ-System\src\components\ui\card.tsx:81:57
    at div
    at C:\Users\Eli\Desktop\Claude 
Code\CPQ-System\src\components\ui\card.tsx:7:50
    at BOMGrid (C:\Users\Eli\Desktop\Claude Code\CPQ
-System\src\components\shared\BOMGrid.tsx:22:3)
Warning: A component is `contentEditable` and 
contains `children` managed by React. It is now 
your responsibility to guarantee that none of those 
nodes are unexpectedly modified or duplicated. This 
is probably not intentional.
    at div
    at div
    at div
    at div
    at spy (file:///C:/Users/Eli/Desktop/Claude%20Co
de/CPQ-System/node_modules/tinyspy/dist/index.js:42:
80)
    at div
    at div
    at div
    at C:\Users\Eli\Desktop\Claude 
Code\CPQ-System\src\components\ui\card.tsx:81:57
    at div
    at C:\Users\Eli\Desktop\Claude 
Code\CPQ-System\src\components\ui\card.tsx:7:50
    at BOMGrid (C:\Users\Eli\Desktop\Claude Code\CPQ
-System\src\components\shared\BOMGrid.tsx:22:3)
Warning: A component is `contentEditable` and 
contains `children` managed by React. It is now 
your responsibility to guarantee that none of those 
nodes are unexpectedly modified or duplicated. This 
is probably not intentional.
    at div
    at div
    at div
    at div
    at spy (file:///C:/Users/Eli/Desktop/Claude%20Co
de/CPQ-System/node_modules/tinyspy/dist/index.js:42:
80)
    at div
    at div
    at div
    at C:\Users\Eli\Desktop\Claude 
Code\CPQ-System\src\components\ui\card.tsx:81:57
    at div
    at C:\Users\Eli\Desktop\Claude 
Code\CPQ-System\src\components\ui\card.tsx:7:50
    at BOMGrid (C:\Users\Eli\Desktop\Claude Code\CPQ
-System\src\components\shared\BOMGrid.tsx:22:3)
Warning: A component is `contentEditable` and 
contains `children` managed by React. It is now 
your responsibility to guarantee that none of those 
nodes are unexpectedly modified or duplicated. This 
is probably not intentional.
    at div
    at div
    at div
    at div
    at spy (file:///C:/Users/Eli/Desktop/Claude%20Co
de/CPQ-System/node_modules/tinyspy/dist/index.js:42:
80)
    at div
    at div
    at div
    at C:\Users\Eli\Desktop\Claude 
Code\CPQ-System\src\components\ui\card.tsx:81:57
    at div
    at C:\Users\Eli\Desktop\Claude 
Code\CPQ-System\src\components\ui\card.tsx:7:50
    at BOMGrid (C:\Users\Eli\Desktop\Claude Code\CPQ
-System\src\components\shared\BOMGrid.tsx:22:3)
Warning: A component is `contentEditable` and 
contains `children` managed by React. It is now 
your responsibility to guarantee that none of those 
nodes are unexpectedly modified or duplicated. This 
is probably not intentional.
    at div
    at div
    at div
    at div
    at spy (file:///C:/Users/Eli/Desktop/Claude%20Co
de/CPQ-System/node_modules/tinyspy/dist/index.js:42:
80)
    at div
    at div
    at div
    at C:\Users\Eli\Desktop\Claude 
Code\CPQ-System\src\components\ui\card.tsx:81:57
    at div
    at C:\Users\Eli\Desktop\Claude 
Code\CPQ-System\src\components\ui\card.tsx:7:50
    at BOMGrid (C:\Users\Eli\Desktop\Claude Code\CPQ
-System\src\components\shared\BOMGrid.tsx:22:3)
Warning: A component is `contentEditable` and 
contains `children` managed by React. It is now 
your responsibility to guarantee that none of those 
nodes are unexpectedly modified or duplicated. This 
is probably not intentional.
    at div
    at div
    at div
    at div
    at spy (file:///C:/Users/Eli/Desktop/Claude%20Co
de/CPQ-System/node_modules/tinyspy/dist/index.js:42:
80)
    at div
    at div
    at div
    at C:\Users\Eli\Desktop\Claude 
Code\CPQ-System\src\components\ui\card.tsx:81:57
    at div
    at C:\Users\Eli\Desktop\Claude 
Code\CPQ-System\src\components\ui\card.tsx:7:50
    at BOMGrid (C:\Users\Eli\Desktop\Claude Code\CPQ
-System\src\components\shared\BOMGrid.tsx:22:3)
Warning: A component is `contentEditable` and 
contains `children` managed by React. It is now 
your responsibility to guarantee that none of those 
nodes are unexpectedly modified or duplicated. This 
is probably not intentional.
    at div
    at div
    at div
    at div
    at spy (file:///C:/Users/Eli/Desktop/Claude%20Co
de/CPQ-System/node_modules/tinyspy/dist/index.js:42:
80)
    at div
    at div
    at div
    at C:\Users\Eli\Desktop\Claude 
Code\CPQ-System\src\components\ui\card.tsx:81:57
    at div
    at C:\Users\Eli\Desktop\Claude 
Code\CPQ-System\src\components\ui\card.tsx:7:50
    at BOMGrid (C:\Users\Eli\Desktop\Claude Code\CPQ
-System\src\components\shared\BOMGrid.tsx:22:3)
Warning: A component is `contentEditable` and 
contains `children` managed by React. It is now 
your responsibility to guarantee that none of those 
nodes are unexpectedly modified or duplicated. This 
is probably not intentional.
    at div
    at div
    at div
    at div
    at spy (file:///C:/Users/Eli/Desktop/Claude%20Co
de/CPQ-System/node_modules/tinyspy/dist/index.js:42:
80)
    at div
    at div
    at div
    at C:\Users\Eli\Desktop\Claude 
Code\CPQ-System\src\components\ui\card.tsx:81:57
    at div
    at C:\Users\Eli\Desktop\Claude 
Code\CPQ-System\src\components\ui\card.tsx:7:50
    at BOMGrid (C:\Users\Eli\Desktop\Claude Code\CPQ
-System\src\components\shared\BOMGrid.tsx:22:3)
Warning: A component is `contentEditable` and 
contains `children` managed by React. It is now 
your responsibility to guarantee that none of those 
nodes are unexpectedly modified or duplicated. This 
is probably not intentional.
    at div
    at div
    at div
    at div
    at spy (file:///C:/Users/Eli/Desktop/Claude%20Co
de/CPQ-System/node_modules/tinyspy/dist/index.js:42:
80)
    at div
    at div
    at div
    at C:\Users\Eli\Desktop\Claude 
Code\CPQ-System\src\components\ui\card.tsx:81:57
    at div
    at C:\Users\Eli\Desktop\Claude 
Code\CPQ-System\src\components\ui\card.tsx:7:50
    at BOMGrid (C:\Users\Eli\Desktop\Claude Code\CPQ
-System\src\components\shared\BOMGrid.tsx:22:3)
Warning: A component is `contentEditable` and 
contains `children` managed by React. It is now 
your responsibility to guarantee that none of those 
nodes are unexpectedly modified or duplicated. This 
is probably not intentional.
    at div
    at div
    at div
    at div
    at spy (file:///C:/Users/Eli/Desktop/Claude%20Co
de/CPQ-System/node_modules/tinyspy/dist/index.js:42:
80)
    at div
    at div
    at div
    at C:\Users\Eli\Desktop\Claude 
Code\CPQ-System\src\components\ui\card.tsx:81:57
    at div
    at C:\Users\Eli\Desktop\Claude 
Code\CPQ-System\src\components\ui\card.tsx:7:50
    at BOMGrid (C:\Users\Eli\Desktop\Claude Code\CPQ
-System\src\components\shared\BOMGrid.tsx:22:3)
Warning: A component is `contentEditable` and 
contains `children` managed by React. It is now 
your responsibility to guarantee that none of those 
nodes are unexpectedly modified or duplicated. This 
is probably not intentional.
    at div
    at div
    at div
    at div
    at spy (file:///C:/Users/Eli/Desktop/Claude%20Co
de/CPQ-System/node_modules/tinyspy/dist/index.js:42:
80)
    at div
    at div
    at div
    at C:\Users\Eli\Desktop\Claude 
Code\CPQ-System\src\components\ui\card.tsx:81:57
    at div
    at C:\Users\Eli\Desktop\Claude 
Code\CPQ-System\src\components\ui\card.tsx:7:50
    at BOMGrid (C:\Users\Eli\Desktop\Claude Code\CPQ
-System\src\components\shared\BOMGrid.tsx:22:3)
Warning: A component is `contentEditable` and 
contains `children` managed by React. It is now 
your responsibility to guarantee that none of those 
nodes are unexpectedly modified or duplicated. This 
is probably not intentional.
    at div
    at div
    at div
    at div
    at spy (file:///C:/Users/Eli/Desktop/Claude%20Co
de/CPQ-System/node_modules/tinyspy/dist/index.js:42:
80)
    at div
    at div
    at div
    at C:\Users\Eli\Desktop\Claude 
Code\CPQ-System\src\components\ui\card.tsx:81:57
    at div
    at C:\Users\Eli\Desktop\Claude 
Code\CPQ-System\src\components\ui\card.tsx:7:50
    at BOMGrid (C:\Users\Eli\Desktop\Claude Code\CPQ
-System\src\components\shared\BOMGrid.tsx:22:3)
Warning: A component is `contentEditable` and 
contains `children` managed by React. It is now 
your responsibility to guarantee that none of those 
nodes are unexpectedly modified or duplicated. This 
is probably not intentional.
    at div
    at div
    at div
    at div
    at spy (file:///C:/Users/Eli/Desktop/Claude%20Co
de/CPQ-System/node_modules/tinyspy/dist/index.js:42:
80)
    at div
    at div
    at div
    at C:\Users\Eli\Desktop\Claude 
Code\CPQ-System\src\components\ui\card.tsx:81:57
    at div
    at C:\Users\Eli\Desktop\Claude 
Code\CPQ-System\src\components\ui\card.tsx:7:50
    at BOMGrid (C:\Users\Eli\Desktop\Claude Code\CPQ
-System\src\components\shared\BOMGrid.tsx:22:3)
Warning: A component is `contentEditable` and 
contains `children` managed by React. It is now 
your responsibility to guarantee that none of those 
nodes are unexpectedly modified or duplicated. This 
is probably not intentional.
    at div
    at div
    at div
    at div
    at spy (file:///C:/Users/Eli/Desktop/Claude%20Co
de/CPQ-System/node_modules/tinyspy/dist/index.js:42:
80)
    at div
    at div
    at div
    at C:\Users\Eli\Desktop\Claude 
Code\CPQ-System\src\components\ui\card.tsx:81:57
    at div
    at C:\Users\Eli\Desktop\Claude 
Code\CPQ-System\src\components\ui\card.tsx:7:50
    at BOMGrid (C:\Users\Eli\Desktop\Claude Code\CPQ
-System\src\components\shared\BOMGrid.tsx:22:3)
Warning: A component is `contentEditable` and 
contains `children` managed by React. It is now 
your responsibility to guarantee that none of those 
nodes are unexpectedly modified or duplicated. This 
is probably not intentional.
    at div
    at div
    at div
    at div
    at spy (file:///C:/Users/Eli/Desktop/Claude%20Co
de/CPQ-System/node_modules/tinyspy/dist/index.js:42:
80)
    at div
    at div
    at div
    at C:\Users\Eli\Desktop\Claude 
Code\CPQ-System\src\components\ui\card.tsx:81:57
    at div
    at C:\Users\Eli\Desktop\Claude 
Code\CPQ-System\src\components\ui\card.tsx:7:50
    at BOMGrid (C:\Users\Eli\Desktop\Claude Code\CPQ
-System\src\components\shared\BOMGrid.tsx:22:3)
Warning: A component is `contentEditable` and 
contains `children` managed by React. It is now 
your responsibility to guarantee that none of those 
nodes are unexpectedly modified or duplicated. This 
is probably not intentional.
    at div
    at div
    at div
    at div
    at spy (file:///C:/Users/Eli/Desktop/Claude%20Co
de/CPQ-System/node_modules/tinyspy/dist/index.js:42:
80)
    at div
    at div
    at div
    at C:\Users\Eli\Desktop\Claude 
Code\CPQ-System\src\components\ui\card.tsx:81:57
    at div
    at C:\Users\Eli\Desktop\Claude 
Code\CPQ-System\src\components\ui\card.tsx:7:50
    at BOMGrid (C:\Users\Eli\Desktop\Claude Code\CPQ
-System\src\components\shared\BOMGrid.tsx:22:3)
Warning: A component is `contentEditable` and 
contains `children` managed by React. It is now 
your responsibility to guarantee that none of those 
nodes are unexpectedly modified or duplicated. This 
is probably not intentional.
    at div
    at div
    at div
    at div
    at spy (file:///C:/Users/Eli/Desktop/Claude%20Co
de/CPQ-System/node_modules/tinyspy/dist/index.js:42:
80)
    at div
    at div
    at div
    at C:\Users\Eli\Desktop\Claude 
Code\CPQ-System\src\components\ui\card.tsx:81:57
    at div
    at C:\Users\Eli\Desktop\Claude 
Code\CPQ-System\src\components\ui\card.tsx:7:50
    at BOMGrid (C:\Users\Eli\Desktop\Claude Code\CPQ
-System\src\components\shared\BOMGrid.tsx:22:3)
Warning: A component is `contentEditable` and 
contains `children` managed by React. It is now 
your responsibility to guarantee that none of those 
nodes are unexpectedly modified or duplicated. This 
is probably not intentional.
    at div
    at div
    at div
    at div
    at spy (file:///C:/Users/Eli/Desktop/Claude%20Co
de/CPQ-System/node_modules/tinyspy/dist/index.js:42:
80)
    at div
    at div
    at div
    at C:\Users\Eli\Desktop\Claude 
Code\CPQ-System\src\components\ui\card.tsx:81:57
    at div
    at C:\Users\Eli\Desktop\Claude 
Code\CPQ-System\src\components\ui\card.tsx:7:50
    at BOMGrid (C:\Users\Eli\Desktop\Claude Code\CPQ
-System\src\components\shared\BOMGrid.tsx:22:3)
Warning: A component is `contentEditable` and 
contains `children` managed by React. It is now 
your responsibility to guarantee that none of those 
nodes are unexpectedly modified or duplicated. This 
is probably not intentional.
    at div
    at div
    at div
    at div
    at spy (file:///C:/Users/Eli/Desktop/Claude%20Co
de/CPQ-System/node_modules/tinyspy/dist/index.js:42:
80)
    at div
    at div
    at div
    at C:\Users\Eli\Desktop\Claude 
Code\CPQ-System\src\components\ui\card.tsx:81:57
    at div
    at C:\Users\Eli\Desktop\Claude 
Code\CPQ-System\src\components\ui\card.tsx:7:50
    at BOMGrid (C:\Users\Eli\Desktop\Claude Code\CPQ
-System\src\components\shared\BOMGrid.tsx:22:3)
Warning: A component is `contentEditable` and 
contains `children` managed by React. It is now 
your responsibility to guarantee that none of those 
nodes are unexpectedly modified or duplicated. This 
is probably not intentional.
    at div
    at div
    at div
    at div
    at spy (file:///C:/Users/Eli/Desktop/Claude%20Co
de/CPQ-System/node_modules/tinyspy/dist/index.js:42:
80)
    at div
    at div
    at div
    at C:\Users\Eli\Desktop\Claude 
Code\CPQ-System\src\components\ui\card.tsx:81:57
    at div
    at C:\Users\Eli\Desktop\Claude 
Code\CPQ-System\src\components\ui\card.tsx:7:50
    at BOMGrid (C:\Users\Eli\Desktop\Claude Code\CPQ
-System\src\components\shared\BOMGrid.tsx:22:3)
Warning: A component is `contentEditable` and 
contains `children` managed by React. It is now 
your responsibility to guarantee that none of those 
nodes are unexpectedly modified or duplicated. This 
is probably not intentional.
    at div
    at div
    at div
    at div
    at spy (file:///C:/Users/Eli/Desktop/Claude%20Co
de/CPQ-System/node_modules/tinyspy/dist/index.js:42:
80)
    at div
    at div
    at div
    at C:\Users\Eli\Desktop\Claude 
Code\CPQ-System\src\components\ui\card.tsx:81:57
    at div
    at C:\Users\Eli\Desktop\Claude 
Code\CPQ-System\src\components\ui\card.tsx:7:50
    at BOMGrid (C:\Users\Eli\Desktop\Claude Code\CPQ
-System\src\components\shared\BOMGrid.tsx:22:3)
Warning: A component is `contentEditable` and 
contains `children` managed by React. It is now 
your responsibility to guarantee that none of those 
nodes are unexpectedly modified or duplicated. This 
is probably not intentional.
    at div
    at div
    at div
    at div
    at spy (file:///C:/Users/Eli/Desktop/Claude%20Co
de/CPQ-System/node_modules/tinyspy/dist/index.js:42:
80)
    at div
    at div
    at div
    at C:\Users\Eli\Desktop\Claude 
Code\CPQ-System\src\components\ui\card.tsx:81:57
    at div
    at C:\Users\Eli\Desktop\Claude 
Code\CPQ-System\src\components\ui\card.tsx:7:50
    at BOMGrid (C:\Users\Eli\Desktop\Claude Code\CPQ
-System\src\components\shared\BOMGrid.tsx:22:3)
Warning: A component is `contentEditable` and 
contains `children` managed by React. It is now 
your responsibility to guarantee that none of those 
nodes are unexpectedly modified or duplicated. This 
is probably not intentional.
    at div
    at div
    at div
    at div
    at spy (file:///C:/Users/Eli/Desktop/Claude%20Co
de/CPQ-System/node_modules/tinyspy/dist/index.js:42:
80)
    at div
    at div
    at div
    at C:\Users\Eli\Desktop\Claude 
Code\CPQ-System\src\components\ui\card.tsx:81:57
    at div
    at C:\Users\Eli\Desktop\Claude 
Code\CPQ-System\src\components\ui\card.tsx:7:50
    at BOMGrid (C:\Users\Eli\Desktop\Claude Code\CPQ
-System\src\components\shared\BOMGrid.tsx:22:3)
Warning: A component is `contentEditable` and 
contains `children` managed by React. It is now 
your responsibility to guarantee that none of those 
nodes are unexpectedly modified or duplicated. This 
is probably not intentional.
    at div
    at div
    at div
    at div
    at spy (file:///C:/Users/Eli/Desktop/Claude%20Co
de/CPQ-System/node_modules/tinyspy/dist/index.js:42:
80)
    at div
    at div
    at div
    at C:\Users\Eli\Desktop\Claude 
Code\CPQ-System\src\components\ui\card.tsx:81:57
    at div
    at C:\Users\Eli\Desktop\Claude 
Code\CPQ-System\src\components\ui\card.tsx:7:50
    at BOMGrid (C:\Users\Eli\Desktop\Claude Code\CPQ
-System\src\components\shared\BOMGrid.tsx:22:3)
Warning: A component is `contentEditable` and 
contains `children` managed by React. It is now 
your responsibility to guarantee that none of those 
nodes are unexpectedly modified or duplicated. This 
is probably not intentional.
    at div
    at div
    at div
    at div
    at spy (file:///C:/Users/Eli/Desktop/Claude%20Co
de/CPQ-System/node_modules/tinyspy/dist/index.js:42:
80)
    at div
    at div
    at div
    at C:\Users\Eli\Desktop\Claude 
Code\CPQ-System\src\components\ui\card.tsx:81:57
    at div
    at C:\Users\Eli\Desktop\Claude 
Code\CPQ-System\src\components\ui\card.tsx:7:50
    at BOMGrid (C:\Users\Eli\Desktop\Claude Code\CPQ
-System\src\components\shared\BOMGrid.tsx:22:3)
Warning: A component is `contentEditable` and 
contains `children` managed by React. It is now 
your responsibility to guarantee that none of those 
nodes are unexpectedly modified or duplicated. This 
is probably not intentional.
    at div
    at div
    at div
    at div
    at spy (file:///C:/Users/Eli/Desktop/Claude%20Co
de/CPQ-System/node_modules/tinyspy/dist/index.js:42:
80)
    at div
    at div
    at div
    at C:\Users\Eli\Desktop\Claude 
Code\CPQ-System\src\components\ui\card.tsx:81:57
    at div
    at C:\Users\Eli\Desktop\Claude 
Code\CPQ-System\src\components\ui\card.tsx:7:50
    at BOMGrid (C:\Users\Eli\Desktop\Claude Code\CPQ
-System\src\components\shared\BOMGrid.tsx:22:3)
Warning: A component is `contentEditable` and 
contains `children` managed by React. It is now 
your responsibility to guarantee that none of those 
nodes are unexpectedly modified or duplicated. This 
is probably not intentional.
    at div
    at div
    at div
    at div
    at spy (file:///C:/Users/Eli/Desktop/Claude%20Co
de/CPQ-System/node_modules/tinyspy/dist/index.js:42:
80)
    at div
    at div
    at div
    at C:\Users\Eli\Desktop\Claude 
Code\CPQ-System\src\components\ui\card.tsx:81:57
    at div
    at C:\Users\Eli\Desktop\Claude 
Code\CPQ-System\src\components\ui\card.tsx:7:50
    at BOMGrid (C:\Users\Eli\Desktop\Claude Code\CPQ
-System\src\components\shared\BOMGrid.tsx:22:3)

[90mstderr[2m | src/components/shared/__tests__/BO
MGrid.test.tsx[2m > [22m[2mBOMGrid[2m > 
[22m[2mBOM-Specific Features[2m > [22m[2mshows 
validation warning for items with zero 
cost[22m[39m
Warning: A component is `contentEditable` and 
contains `children` managed by React. It is now 
your responsibility to guarantee that none of those 
nodes are unexpectedly modified or duplicated. This 
is probably not intentional.
    at div
    at div
    at div
    at div
    at spy (file:///C:/Users/Eli/Desktop/Claude%20Co
de/CPQ-System/node_modules/tinyspy/dist/index.js:42:
80)
    at div
    at div
    at div
    at C:\Users\Eli\Desktop\Claude 
Code\CPQ-System\src\components\ui\card.tsx:81:57
    at div
    at C:\Users\Eli\Desktop\Claude 
Code\CPQ-System\src\components\ui\card.tsx:7:50
    at BOMGrid (C:\Users\Eli\Desktop\Claude Code\CPQ
-System\src\components\shared\BOMGrid.tsx:22:3)
Warning: A component is `contentEditable` and 
contains `children` managed by React. It is now 
your responsibility to guarantee that none of those 
nodes are unexpectedly modified or duplicated. This 
is probably not intentional.
    at div
    at div
    at div
    at div
    at spy (file:///C:/Users/Eli/Desktop/Claude%20Co
de/CPQ-System/node_modules/tinyspy/dist/index.js:42:
80)
    at div
    at div
    at div
    at C:\Users\Eli\Desktop\Claude 
Code\CPQ-System\src\components\ui\card.tsx:81:57
    at div
    at C:\Users\Eli\Desktop\Claude 
Code\CPQ-System\src\components\ui\card.tsx:7:50
    at BOMGrid (C:\Users\Eli\Desktop\Claude Code\CPQ
-System\src\components\shared\BOMGrid.tsx:22:3)
Warning: A component is `contentEditable` and 
contains `children` managed by React. It is now 
your responsibility to guarantee that none of those 
nodes are unexpectedly modified or duplicated. This 
is probably not intentional.
    at div
    at div
    at div
    at div
    at spy (file:///C:/Users/Eli/Desktop/Claude%20Co
de/CPQ-System/node_modules/tinyspy/dist/index.js:42:
80)
    at div
    at div
    at div
    at C:\Users\Eli\Desktop\Claude 
Code\CPQ-System\src\components\ui\card.tsx:81:57
    at div
    at C:\Users\Eli\Desktop\Claude 
Code\CPQ-System\src\components\ui\card.tsx:7:50
    at BOMGrid (C:\Users\Eli\Desktop\Claude Code\CPQ
-System\src\components\shared\BOMGrid.tsx:22:3)
Warning: A component is `contentEditable` and 
contains `children` managed by React. It is now 
your responsibility to guarantee that none of those 
nodes are unexpectedly modified or duplicated. This 
is probably not intentional.
    at div
    at div
    at div
    at div
    at spy (file:///C:/Users/Eli/Desktop/Claude%20Co
de/CPQ-System/node_modules/tinyspy/dist/index.js:42:
80)
    at div
    at div
    at div
    at C:\Users\Eli\Desktop\Claude 
Code\CPQ-System\src\components\ui\card.tsx:81:57
    at div
    at C:\Users\Eli\Desktop\Claude 
Code\CPQ-System\src\components\ui\card.tsx:7:50
    at BOMGrid (C:\Users\Eli\Desktop\Claude Code\CPQ
-System\src\components\shared\BOMGrid.tsx:22:3)
Warning: A component is `contentEditable` and 
contains `children` managed by React. It is now 
your responsibility to guarantee that none of those 
nodes are unexpectedly modified or duplicated. This 
is probably not intentional.
    at div
    at div
    at div
    at div
    at spy (file:///C:/Users/Eli/Desktop/Claude%20Co
de/CPQ-System/node_modules/tinyspy/dist/index.js:42:
80)
    at div
    at div
    at div
    at C:\Users\Eli\Desktop\Claude 
Code\CPQ-System\src\components\ui\card.tsx:81:57
    at div
    at C:\Users\Eli\Desktop\Claude 
Code\CPQ-System\src\components\ui\card.tsx:7:50
    at BOMGrid (C:\Users\Eli\Desktop\Claude Code\CPQ
-System\src\components\shared\BOMGrid.tsx:22:3)
Warning: A component is `contentEditable` and 
contains `children` managed by React. It is now 
your responsibility to guarantee that none of those 
nodes are unexpectedly modified or duplicated. This 
is probably not intentional.
    at div
    at div
    at div
    at div
    at spy (file:///C:/Users/Eli/Desktop/Claude%20Co
de/CPQ-System/node_modules/tinyspy/dist/index.js:42:
80)
    at div
    at div
    at div
    at C:\Users\Eli\Desktop\Claude 
Code\CPQ-System\src\components\ui\card.tsx:81:57
    at div
    at C:\Users\Eli\Desktop\Claude 
Code\CPQ-System\src\components\ui\card.tsx:7:50
    at BOMGrid (C:\Users\Eli\Desktop\Claude Code\CPQ
-System\src\components\shared\BOMGrid.tsx:22:3)
Warning: A component is `contentEditable` and 
contains `children` managed by React. It is now 
your responsibility to guarantee that none of those 
nodes are unexpectedly modified or duplicated. This 
is probably not intentional.
    at div
    at div
    at div
    at div
    at spy (file:///C:/Users/Eli/Desktop/Claude%20Co
de/CPQ-System/node_modules/tinyspy/dist/index.js:42:
80)
    at div
    at div
    at div
    at C:\Users\Eli\Desktop\Claude 
Code\CPQ-System\src\components\ui\card.tsx:81:57
    at div
    at C:\Users\Eli\Desktop\Claude 
Code\CPQ-System\src\components\ui\card.tsx:7:50
    at BOMGrid (C:\Users\Eli\Desktop\Claude Code\CPQ
-System\src\components\shared\BOMGrid.tsx:22:3)
Warning: A component is `contentEditable` and 
contains `children` managed by React. It is now 
your responsibility to guarantee that none of those 
nodes are unexpectedly modified or duplicated. This 
is probably not intentional.
    at div
    at div
    at div
    at div
    at spy (file:///C:/Users/Eli/Desktop/Claude%20Co
de/CPQ-System/node_modules/tinyspy/dist/index.js:42:
80)
    at div
    at div
    at div
    at C:\Users\Eli\Desktop\Claude 
Code\CPQ-System\src\components\ui\card.tsx:81:57
    at div
    at C:\Users\Eli\Desktop\Claude 
Code\CPQ-System\src\components\ui\card.tsx:7:50
    at BOMGrid (C:\Users\Eli\Desktop\Claude Code\CPQ
-System\src\components\shared\BOMGrid.tsx:22:3)
Warning: A component is `contentEditable` and 
contains `children` managed by React. It is now 
your responsibility to guarantee that none of those 
nodes are unexpectedly modified or duplicated. This 
is probably not intentional.
    at div
    at div
    at div
    at div
    at spy (file:///C:/Users/Eli/Desktop/Claude%20Co
de/CPQ-System/node_modules/tinyspy/dist/index.js:42:
80)
    at div
    at div
    at div
    at C:\Users\Eli\Desktop\Claude 
Code\CPQ-System\src\components\ui\card.tsx:81:57
    at div
    at C:\Users\Eli\Desktop\Claude 
Code\CPQ-System\src\components\ui\card.tsx:7:50
    at BOMGrid (C:\Users\Eli\Desktop\Claude Code\CPQ
-System\src\components\shared\BOMGrid.tsx:22:3)
Warning: A component is `contentEditable` and 
contains `children` managed by React. It is now 
your responsibility to guarantee that none of those 
nodes are unexpectedly modified or duplicated. This 
is probably not intentional.
    at div
    at div
    at div
    at div
    at spy (file:///C:/Users/Eli/Desktop/Claude%20Co
de/CPQ-System/node_modules/tinyspy/dist/index.js:42:
80)
    at div
    at div
    at div
    at C:\Users\Eli\Desktop\Claude 
Code\CPQ-System\src\components\ui\card.tsx:81:57
    at div
    at C:\Users\Eli\Desktop\Claude 
Code\CPQ-System\src\components\ui\card.tsx:7:50
    at BOMGrid (C:\Users\Eli\Desktop\Claude Code\CPQ
-System\src\components\shared\BOMGrid.tsx:22:3)
Warning: A component is `contentEditable` and 
contains `children` managed by React. It is now 
your responsibility to guarantee that none of those 
nodes are unexpectedly modified or duplicated. This 
is probably not intentional.
    at div
    at div
    at div
    at div
    at spy (file:///C:/Users/Eli/Desktop/Claude%20Co
de/CPQ-System/node_modules/tinyspy/dist/index.js:42:
80)
    at div
    at div
    at div
    at C:\Users\Eli\Desktop\Claude 
Code\CPQ-System\src\components\ui\card.tsx:81:57
    at div
    at C:\Users\Eli\Desktop\Claude 
Code\CPQ-System\src\components\ui\card.tsx:7:50
    at BOMGrid (C:\Users\Eli\Desktop\Claude Code\CPQ
-System\src\components\shared\BOMGrid.tsx:22:3)
Warning: A component is `contentEditable` and 
contains `children` managed by React. It is now 
your responsibility to guarantee that none of those 
nodes are unexpectedly modified or duplicated. This 
is probably not intentional.
    at div
    at div
    at div
    at div
    at spy (file:///C:/Users/Eli/Desktop/Claude%20Co
de/CPQ-System/node_modules/tinyspy/dist/index.js:42:
80)
    at div
    at div
    at div
    at C:\Users\Eli\Desktop\Claude 
Code\CPQ-System\src\components\ui\card.tsx:81:57
    at div
    at C:\Users\Eli\Desktop\Claude 
Code\CPQ-System\src\components\ui\card.tsx:7:50
    at BOMGrid (C:\Users\Eli\Desktop\Claude Code\CPQ
-System\src\components\shared\BOMGrid.tsx:22:3)
Warning: A component is `contentEditable` and 
contains `children` managed by React. It is now 
your responsibility to guarantee that none of those 
nodes are unexpectedly modified or duplicated. This 
is probably not intentional.
    at div
    at div
    at div
    at div
    at spy (file:///C:/Users/Eli/Desktop/Claude%20Co
de/CPQ-System/node_modules/tinyspy/dist/index.js:42:
80)
    at div
    at div
    at div
    at C:\Users\Eli\Desktop\Claude 
Code\CPQ-System\src\components\ui\card.tsx:81:57
    at div
    at C:\Users\Eli\Desktop\Claude 
Code\CPQ-System\src\components\ui\card.tsx:7:50
    at BOMGrid (C:\Users\Eli\Desktop\Claude Code\CPQ
-System\src\components\shared\BOMGrid.tsx:22:3)
Warning: A component is `contentEditable` and 
contains `children` managed by React. It is now 
your responsibility to guarantee that none of those 
nodes are unexpectedly modified or duplicated. This 
is probably not intentional.
    at div
    at div
    at div
    at div
    at spy (file:///C:/Users/Eli/Desktop/Claude%20Co
de/CPQ-System/node_modules/tinyspy/dist/index.js:42:
80)
    at div
    at div
    at div
    at C:\Users\Eli\Desktop\Claude 
Code\CPQ-System\src\components\ui\card.tsx:81:57
    at div
    at C:\Users\Eli\Desktop\Claude 
Code\CPQ-System\src\components\ui\card.tsx:7:50
    at BOMGrid (C:\Users\Eli\Desktop\Claude Code\CPQ
-System\src\components\shared\BOMGrid.tsx:22:3)
Warning: A component is `contentEditable` and 
contains `children` managed by React. It is now 
your responsibility to guarantee that none of those 
nodes are unexpectedly modified or duplicated. This 
is probably not intentional.
    at div
    at div
    at div
    at div
    at spy (file:///C:/Users/Eli/Desktop/Claude%20Co
de/CPQ-System/node_modules/tinyspy/dist/index.js:42:
80)
    at div
    at div
    at div
    at C:\Users\Eli\Desktop\Claude 
Code\CPQ-System\src\components\ui\card.tsx:81:57
    at div
    at C:\Users\Eli\Desktop\Claude 
Code\CPQ-System\src\components\ui\card.tsx:7:50
    at BOMGrid (C:\Users\Eli\Desktop\Claude Code\CPQ
-System\src\components\shared\BOMGrid.tsx:22:3)
Warning: A component is `contentEditable` and 
contains `children` managed by React. It is now 
your responsibility to guarantee that none of those 
nodes are unexpectedly modified or duplicated. This 
is probably not intentional.
    at div
    at div
    at div
    at div
    at spy (file:///C:/Users/Eli/Desktop/Claude%20Co
de/CPQ-System/node_modules/tinyspy/dist/index.js:42:
80)
    at div
    at div
    at div
    at C:\Users\Eli\Desktop\Claude 
Code\CPQ-System\src\components\ui\card.tsx:81:57
    at div
    at C:\Users\Eli\Desktop\Claude 
Code\CPQ-System\src\components\ui\card.tsx:7:50
    at BOMGrid (C:\Users\Eli\Desktop\Claude Code\CPQ
-System\src\components\shared\BOMGrid.tsx:22:3)
Warning: A component is `contentEditable` and 
contains `children` managed by React. It is now 
your responsibility to guarantee that none of those 
nodes are unexpectedly modified or duplicated. This 
is probably not intentional.
    at div
    at div
    at div
    at div
    at spy (file:///C:/Users/Eli/Desktop/Claude%20Co
de/CPQ-System/node_modules/tinyspy/dist/index.js:42:
80)
    at div
    at div
    at div
    at C:\Users\Eli\Desktop\Claude 
Code\CPQ-System\src\components\ui\card.tsx:81:57
    at div
    at C:\Users\Eli\Desktop\Claude 
Code\CPQ-System\src\components\ui\card.tsx:7:50
    at BOMGrid (C:\Users\Eli\Desktop\Claude Code\CPQ
-System\src\components\shared\BOMGrid.tsx:22:3)
Warning: A component is `contentEditable` and 
contains `children` managed by React. It is now 
your responsibility to guarantee that none of those 
nodes are unexpectedly modified or duplicated. This 
is probably not intentional.
    at div
    at div
    at div
    at div
    at spy (file:///C:/Users/Eli/Desktop/Claude%20Co
de/CPQ-System/node_modules/tinyspy/dist/index.js:42:
80)
    at div
    at div
    at div
    at C:\Users\Eli\Desktop\Claude 
Code\CPQ-System\src\components\ui\card.tsx:81:57
    at div
    at C:\Users\Eli\Desktop\Claude 
Code\CPQ-System\src\components\ui\card.tsx:7:50
    at BOMGrid (C:\Users\Eli\Desktop\Claude Code\CPQ
-System\src\components\shared\BOMGrid.tsx:22:3)
Warning: A component is `contentEditable` and 
contains `children` managed by React. It is now 
your responsibility to guarantee that none of those 
nodes are unexpectedly modified or duplicated. This 
is probably not intentional.
    at div
    at div
    at div
    at div
    at spy (file:///C:/Users/Eli/Desktop/Claude%20Co
de/CPQ-System/node_modules/tinyspy/dist/index.js:42:
80)
    at div
    at div
    at div
    at C:\Users\Eli\Desktop\Claude 
Code\CPQ-System\src\components\ui\card.tsx:81:57
    at div
    at C:\Users\Eli\Desktop\Claude 
Code\CPQ-System\src\components\ui\card.tsx:7:50
    at BOMGrid (C:\Users\Eli\Desktop\Claude Code\CPQ
-System\src\components\shared\BOMGrid.tsx:22:3)
Warning: A component is `contentEditable` and 
contains `children` managed by React. It is now 
your responsibility to guarantee that none of those 
nodes are unexpectedly modified or duplicated. This 
is probably not intentional.
    at div
    at div
    at div
    at div
    at spy (file:///C:/Users/Eli/Desktop/Claude%20Co
de/CPQ-System/node_modules/tinyspy/dist/index.js:42:
80)
    at div
    at div
    at div
    at C:\Users\Eli\Desktop\Claude 
Code\CPQ-System\src\components\ui\card.tsx:81:57
    at div
    at C:\Users\Eli\Desktop\Claude 
Code\CPQ-System\src\components\ui\card.tsx:7:50
    at BOMGrid (C:\Users\Eli\Desktop\Claude Code\CPQ
-System\src\components\shared\BOMGrid.tsx:22:3)
Warning: A component is `contentEditable` and 
contains `children` managed by React. It is now 
your responsibility to guarantee that none of those 
nodes are unexpectedly modified or duplicated. This 
is probably not intentional.
    at div
    at div
    at div
    at div
    at spy (file:///C:/Users/Eli/Desktop/Claude%20Co
de/CPQ-System/node_modules/tinyspy/dist/index.js:42:
80)
    at div
    at div
    at div
    at C:\Users\Eli\Desktop\Claude 
Code\CPQ-System\src\components\ui\card.tsx:81:57
    at div
    at C:\Users\Eli\Desktop\Claude 
Code\CPQ-System\src\components\ui\card.tsx:7:50
    at BOMGrid (C:\Users\Eli\Desktop\Claude Code\CPQ
-System\src\components\shared\BOMGrid.tsx:22:3)
Warning: A component is `contentEditable` and 
contains `children` managed by React. It is now 
your responsibility to guarantee that none of those 
nodes are unexpectedly modified or duplicated. This 
is probably not intentional.
    at div
    at div
    at div
    at div
    at spy (file:///C:/Users/Eli/Desktop/Claude%20Co
de/CPQ-System/node_modules/tinyspy/dist/index.js:42:
80)
    at div
    at div
    at div
    at C:\Users\Eli\Desktop\Claude 
Code\CPQ-System\src\components\ui\card.tsx:81:57
    at div
    at C:\Users\Eli\Desktop\Claude 
Code\CPQ-System\src\components\ui\card.tsx:7:50
    at BOMGrid (C:\Users\Eli\Desktop\Claude Code\CPQ
-System\src\components\shared\BOMGrid.tsx:22:3)
Warning: A component is `contentEditable` and 
contains `children` managed by React. It is now 
your responsibility to guarantee that none of those 
nodes are unexpectedly modified or duplicated. This 
is probably not intentional.
    at div
    at div
    at div
    at div
    at spy (file:///C:/Users/Eli/Desktop/Claude%20Co
de/CPQ-System/node_modules/tinyspy/dist/index.js:42:
80)
    at div
    at div
    at div
    at C:\Users\Eli\Desktop\Claude 
Code\CPQ-System\src\components\ui\card.tsx:81:57
    at div
    at C:\Users\Eli\Desktop\Claude 
Code\CPQ-System\src\components\ui\card.tsx:7:50
    at BOMGrid (C:\Users\Eli\Desktop\Claude Code\CPQ
-System\src\components\shared\BOMGrid.tsx:22:3)
Warning: A component is `contentEditable` and 
contains `children` managed by React. It is now 
your responsibility to guarantee that none of those 
nodes are unexpectedly modified or duplicated. This 
is probably not intentional.
    at div
    at div
    at div
    at div
    at spy (file:///C:/Users/Eli/Desktop/Claude%20Co
de/CPQ-System/node_modules/tinyspy/dist/index.js:42:
80)
    at div
    at div
    at div
    at C:\Users\Eli\Desktop\Claude 
Code\CPQ-System\src\components\ui\card.tsx:81:57
    at div
    at C:\Users\Eli\Desktop\Claude 
Code\CPQ-System\src\components\ui\card.tsx:7:50
    at BOMGrid (C:\Users\Eli\Desktop\Claude Code\CPQ
-System\src\components\shared\BOMGrid.tsx:22:3)
Warning: A component is `contentEditable` and 
contains `children` managed by React. It is now 
your responsibility to guarantee that none of those 
nodes are unexpectedly modified or duplicated. This 
is probably not intentional.
    at div
    at div
    at div
    at div
    at spy (file:///C:/Users/Eli/Desktop/Claude%20Co
de/CPQ-System/node_modules/tinyspy/dist/index.js:42:
80)
    at div
    at div
    at div
    at C:\Users\Eli\Desktop\Claude 
Code\CPQ-System\src\components\ui\card.tsx:81:57
    at div
    at C:\Users\Eli\Desktop\Claude 
Code\CPQ-System\src\components\ui\card.tsx:7:50
    at BOMGrid (C:\Users\Eli\Desktop\Claude Code\CPQ
-System\src\components\shared\BOMGrid.tsx:22:3)
Warning: A component is `contentEditable` and 
contains `children` managed by React. It is now 
your responsibility to guarantee that none of those 
nodes are unexpectedly modified or duplicated. This 
is probably not intentional.
    at div
    at div
    at div
    at div
    at spy (file:///C:/Users/Eli/Desktop/Claude%20Co
de/CPQ-System/node_modules/tinyspy/dist/index.js:42:
80)
    at div
    at div
    at div
    at C:\Users\Eli\Desktop\Claude 
Code\CPQ-System\src\components\ui\card.tsx:81:57
    at div
    at C:\Users\Eli\Desktop\Claude 
Code\CPQ-System\src\components\ui\card.tsx:7:50
    at BOMGrid (C:\Users\Eli\Desktop\Claude Code\CPQ
-System\src\components\shared\BOMGrid.tsx:22:3)
Warning: A component is `contentEditable` and 
contains `children` managed by React. It is now 
your responsibility to guarantee that none of those 
nodes are unexpectedly modified or duplicated. This 
is probably not intentional.
    at div
    at div
    at div
    at div
    at spy (file:///C:/Users/Eli/Desktop/Claude%20Co
de/CPQ-System/node_modules/tinyspy/dist/index.js:42:
80)
    at div
    at div
    at div
    at C:\Users\Eli\Desktop\Claude 
Code\CPQ-System\src\components\ui\card.tsx:81:57
    at div
    at C:\Users\Eli\Desktop\Claude 
Code\CPQ-System\src\components\ui\card.tsx:7:50
    at BOMGrid (C:\Users\Eli\Desktop\Claude Code\CPQ
-System\src\components\shared\BOMGrid.tsx:22:3)
Warning: A component is `contentEditable` and 
contains `children` managed by React. It is now 
your responsibility to guarantee that none of those 
nodes are unexpectedly modified or duplicated. This 
is probably not intentional.
    at div
    at div
    at div
    at div
    at spy (file:///C:/Users/Eli/Desktop/Claude%20Co
de/CPQ-System/node_modules/tinyspy/dist/index.js:42:
80)
    at div
    at div
    at div
    at C:\Users\Eli\Desktop\Claude 
Code\CPQ-System\src\components\ui\card.tsx:81:57
    at div
    at C:\Users\Eli\Desktop\Claude 
Code\CPQ-System\src\components\ui\card.tsx:7:50
    at BOMGrid (C:\Users\Eli\Desktop\Claude Code\CPQ
-System\src\components\shared\BOMGrid.tsx:22:3)
Warning: A component is `contentEditable` and 
contains `children` managed by React. It is now 
your responsibility to guarantee that none of those 
nodes are unexpectedly modified or duplicated. This 
is probably not intentional.
    at div
    at div
    at div
    at div
    at spy (file:///C:/Users/Eli/Desktop/Claude%20Co
de/CPQ-System/node_modules/tinyspy/dist/index.js:42:
80)
    at div
    at div
    at div
    at C:\Users\Eli\Desktop\Claude 
Code\CPQ-System\src\components\ui\card.tsx:81:57
    at div
    at C:\Users\Eli\Desktop\Claude 
Code\CPQ-System\src\components\ui\card.tsx:7:50
    at BOMGrid (C:\Users\Eli\Desktop\Claude Code\CPQ
-System\src\components\shared\BOMGrid.tsx:22:3)
Warning: A component is `contentEditable` and 
contains `children` managed by React. It is now 
your responsibility to guarantee that none of those 
nodes are unexpectedly modified or duplicated. This 
is probably not intentional.
    at div
    at div
    at div
    at div
    at spy (file:///C:/Users/Eli/Desktop/Claude%20Co
de/CPQ-System/node_modules/tinyspy/dist/index.js:42:
80)
    at div
    at div
    at div
    at C:\Users\Eli\Desktop\Claude 
Code\CPQ-System\src\components\ui\card.tsx:81:57
    at div
    at C:\Users\Eli\Desktop\Claude 
Code\CPQ-System\src\components\ui\card.tsx:7:50
    at BOMGrid (C:\Users\Eli\Desktop\Claude Code\CPQ
-System\src\components\shared\BOMGrid.tsx:22:3)
Warning: A component is `contentEditable` and 
contains `children` managed by React. It is now 
your responsibility to guarantee that none of those 
nodes are unexpectedly modified or duplicated. This 
is probably not intentional.
    at div
    at div
    at div
    at div
    at spy (file:///C:/Users/Eli/Desktop/Claude%20Co
de/CPQ-System/node_modules/tinyspy/dist/index.js:42:
80)
    at div
    at div
    at div
    at C:\Users\Eli\Desktop\Claude 
Code\CPQ-System\src\components\ui\card.tsx:81:57
    at div
    at C:\Users\Eli\Desktop\Claude 
Code\CPQ-System\src\components\ui\card.tsx:7:50
    at BOMGrid (C:\Users\Eli\Desktop\Claude Code\CPQ
-System\src\components\shared\BOMGrid.tsx:22:3)
Warning: A component is `contentEditable` and 
contains `children` managed by React. It is now 
your responsibility to guarantee that none of those 
nodes are unexpectedly modified or duplicated. This 
is probably not intentional.
    at div
    at div
    at div
    at div
    at spy (file:///C:/Users/Eli/Desktop/Claude%20Co
de/CPQ-System/node_modules/tinyspy/dist/index.js:42:
80)
    at div
    at div
    at div
    at C:\Users\Eli\Desktop\Claude 
Code\CPQ-System\src\components\ui\card.tsx:81:57
    at div
    at C:\Users\Eli\Desktop\Claude 
Code\CPQ-System\src\components\ui\card.tsx:7:50
    at BOMGrid (C:\Users\Eli\Desktop\Claude Code\CPQ
-System\src\components\shared\BOMGrid.tsx:22:3)
Warning: A component is `contentEditable` and 
contains `children` managed by React. It is now 
your responsibility to guarantee that none of those 
nodes are unexpectedly modified or duplicated. This 
is probably not intentional.
    at div
    at div
    at div
    at div
    at spy (file:///C:/Users/Eli/Desktop/Claude%20Co
de/CPQ-System/node_modules/tinyspy/dist/index.js:42:
80)
    at div
    at div
    at div
    at C:\Users\Eli\Desktop\Claude 
Code\CPQ-System\src\components\ui\card.tsx:81:57
    at div
    at C:\Users\Eli\Desktop\Claude 
Code\CPQ-System\src\components\ui\card.tsx:7:50
    at BOMGrid (C:\Users\Eli\Desktop\Claude Code\CPQ
-System\src\components\shared\BOMGrid.tsx:22:3)
Warning: A component is `contentEditable` and 
contains `children` managed by React. It is now 
your responsibility to guarantee that none of those 
nodes are unexpectedly modified or duplicated. This 
is probably not intentional.
    at div
    at div
    at div
    at div
    at spy (file:///C:/Users/Eli/Desktop/Claude%20Co
de/CPQ-System/node_modules/tinyspy/dist/index.js:42:
80)
    at div
    at div
    at div
    at C:\Users\Eli\Desktop\Claude 
Code\CPQ-System\src\components\ui\card.tsx:81:57
    at div
    at C:\Users\Eli\Desktop\Claude 
Code\CPQ-System\src\components\ui\card.tsx:7:50
    at BOMGrid (C:\Users\Eli\Desktop\Claude Code\CPQ
-System\src\components\shared\BOMGrid.tsx:22:3)
Warning: A component is `contentEditable` and 
contains `children` managed by React. It is now 
your responsibility to guarantee that none of those 
nodes are unexpectedly modified or duplicated. This 
is probably not intentional.
    at div
    at div
    at div
    at div
    at spy (file:///C:/Users/Eli/Desktop/Claude%20Co
de/CPQ-System/node_modules/tinyspy/dist/index.js:42:
80)
    at div
    at div
    at div
    at C:\Users\Eli\Desktop\Claude 
Code\CPQ-System\src\components\ui\card.tsx:81:57
    at div
    at C:\Users\Eli\Desktop\Claude 
Code\CPQ-System\src\components\ui\card.tsx:7:50
    at BOMGrid (C:\Users\Eli\Desktop\Claude Code\CPQ
-System\src\components\shared\BOMGrid.tsx:22:3)
Warning: A component is `contentEditable` and 
contains `children` managed by React. It is now 
your responsibility to guarantee that none of those 
nodes are unexpectedly modified or duplicated. This 
is probably not intentional.
    at div
    at div
    at div
    at div
    at spy (file:///C:/Users/Eli/Desktop/Claude%20Co
de/CPQ-System/node_modules/tinyspy/dist/index.js:42:
80)
    at div
    at div
    at div
    at C:\Users\Eli\Desktop\Claude 
Code\CPQ-System\src\components\ui\card.tsx:81:57
    at div
    at C:\Users\Eli\Desktop\Claude 
Code\CPQ-System\src\components\ui\card.tsx:7:50
    at BOMGrid (C:\Users\Eli\Desktop\Claude Code\CPQ
-System\src\components\shared\BOMGrid.tsx:22:3)
Warning: A component is `contentEditable` and 
contains `children` managed by React. It is now 
your responsibility to guarantee that none of those 
nodes are unexpectedly modified or duplicated. This 
is probably not intentional.
    at div
    at div
    at div
    at div
    at spy (file:///C:/Users/Eli/Desktop/Claude%20Co
de/CPQ-System/node_modules/tinyspy/dist/index.js:42:
80)
    at div
    at div
    at div
    at C:\Users\Eli\Desktop\Claude 
Code\CPQ-System\src\components\ui\card.tsx:81:57
    at div
    at C:\Users\Eli\Desktop\Claude 
Code\CPQ-System\src\components\ui\card.tsx:7:50
    at BOMGrid (C:\Users\Eli\Desktop\Claude Code\CPQ
-System\src\components\shared\BOMGrid.tsx:22:3)
Warning: A component is `contentEditable` and 
contains `children` managed by React. It is now 
your responsibility to guarantee that none of those 
nodes are unexpectedly modified or duplicated. This 
is probably not intentional.
    at div
    at div
    at div
    at div
    at spy (file:///C:/Users/Eli/Desktop/Claude%20Co
de/CPQ-System/node_modules/tinyspy/dist/index.js:42:
80)
    at div
    at div
    at div
    at C:\Users\Eli\Desktop\Claude 
Code\CPQ-System\src\components\ui\card.tsx:81:57
    at div
    at C:\Users\Eli\Desktop\Claude 
Code\CPQ-System\src\components\ui\card.tsx:7:50
    at BOMGrid (C:\Users\Eli\Desktop\Claude Code\CPQ
-System\src\components\shared\BOMGrid.tsx:22:3)
Warning: A component is `contentEditable` and 
contains `children` managed by React. It is now 
your responsibility to guarantee that none of those 
nodes are unexpectedly modified or duplicated. This 
is probably not intentional.
    at div
    at div
    at div
    at div
    at spy (file:///C:/Users/Eli/Desktop/Claude%20Co
de/CPQ-System/node_modules/tinyspy/dist/index.js:42:
80)
    at div
    at div
    at div
    at C:\Users\Eli\Desktop\Claude 
Code\CPQ-System\src\components\ui\card.tsx:81:57
    at div
    at C:\Users\Eli\Desktop\Claude 
Code\CPQ-System\src\components\ui\card.tsx:7:50
    at BOMGrid (C:\Users\Eli\Desktop\Claude Code\CPQ
-System\src\components\shared\BOMGrid.tsx:22:3)
Warning: A component is `contentEditable` and 
contains `children` managed by React. It is now 
your responsibility to guarantee that none of those 
nodes are unexpectedly modified or duplicated. This 
is probably not intentional.
    at div
    at div
    at div
    at div
    at spy (file:///C:/Users/Eli/Desktop/Claude%20Co
de/CPQ-System/node_modules/tinyspy/dist/index.js:42:
80)
    at div
    at div
    at div
    at C:\Users\Eli\Desktop\Claude 
Code\CPQ-System\src\components\ui\card.tsx:81:57
    at div
    at C:\Users\Eli\Desktop\Claude 
Code\CPQ-System\src\components\ui\card.tsx:7:50
    at BOMGrid (C:\Users\Eli\Desktop\Claude Code\CPQ
-System\src\components\shared\BOMGrid.tsx:22:3)
Warning: A component is `contentEditable` and 
contains `children` managed by React. It is now 
your responsibility to guarantee that none of those 
nodes are unexpectedly modified or duplicated. This 
is probably not intentional.
    at div
    at div
    at div
    at div
    at spy (file:///C:/Users/Eli/Desktop/Claude%20Co
de/CPQ-System/node_modules/tinyspy/dist/index.js:42:
80)
    at div
    at div
    at div
    at C:\Users\Eli\Desktop\Claude 
Code\CPQ-System\src\components\ui\card.tsx:81:57
    at div
    at C:\Users\Eli\Desktop\Claude 
Code\CPQ-System\src\components\ui\card.tsx:7:50
    at BOMGrid (C:\Users\Eli\Desktop\Claude Code\CPQ
-System\src\components\shared\BOMGrid.tsx:22:3)
Warning: A component is `contentEditable` and 
contains `children` managed by React. It is now 
your responsibility to guarantee that none of those 
nodes are unexpectedly modified or duplicated. This 
is probably not intentional.
    at div
    at div
    at div
    at div
    at spy (file:///C:/Users/Eli/Desktop/Claude%20Co
de/CPQ-System/node_modules/tinyspy/dist/index.js:42:
80)
    at div
    at div
    at div
    at C:\Users\Eli\Desktop\Claude 
Code\CPQ-System\src\components\ui\card.tsx:81:57
    at div
    at C:\Users\Eli\Desktop\Claude 
Code\CPQ-System\src\components\ui\card.tsx:7:50
    at BOMGrid (C:\Users\Eli\Desktop\Claude Code\CPQ
-System\src\components\shared\BOMGrid.tsx:22:3)
Warning: A component is `contentEditable` and 
contains `children` managed by React. It is now 
your responsibility to guarantee that none of those 
nodes are unexpectedly modified or duplicated. This 
is probably not intentional.
    at div
    at div
    at div
    at div
    at spy (file:///C:/Users/Eli/Desktop/Claude%20Co
de/CPQ-System/node_modules/tinyspy/dist/index.js:42:
80)
    at div
    at div
    at div
    at C:\Users\Eli\Desktop\Claude 
Code\CPQ-System\src\components\ui\card.tsx:81:57
    at div
    at C:\Users\Eli\Desktop\Claude 
Code\CPQ-System\src\components\ui\card.tsx:7:50
    at BOMGrid (C:\Users\Eli\Desktop\Claude Code\CPQ
-System\src\components\shared\BOMGrid.tsx:22:3)
Warning: A component is `contentEditable` and 
contains `children` managed by React. It is now 
your responsibility to guarantee that none of those 
nodes are unexpectedly modified or duplicated. This 
is probably not intentional.
    at div
    at div
    at div
    at div
    at spy (file:///C:/Users/Eli/Desktop/Claude%20Co
de/CPQ-System/node_modules/tinyspy/dist/index.js:42:
80)
    at div
    at div
    at div
    at C:\Users\Eli\Desktop\Claude 
Code\CPQ-System\src\components\ui\card.tsx:81:57
    at div
    at C:\Users\Eli\Desktop\Claude 
Code\CPQ-System\src\components\ui\card.tsx:7:50
    at BOMGrid (C:\Users\Eli\Desktop\Claude Code\CPQ
-System\src\components\shared\BOMGrid.tsx:22:3)
Warning: A component is `contentEditable` and 
contains `children` managed by React. It is now 
your responsibility to guarantee that none of those 
nodes are unexpectedly modified or duplicated. This 
is probably not intentional.
    at div
    at div
    at div
    at div
    at spy (file:///C:/Users/Eli/Desktop/Claude%20Co
de/CPQ-System/node_modules/tinyspy/dist/index.js:42:
80)
    at div
    at div
    at div
    at C:\Users\Eli\Desktop\Claude 
Code\CPQ-System\src\components\ui\card.tsx:81:57
    at div
    at C:\Users\Eli\Desktop\Claude 
Code\CPQ-System\src\components\ui\card.tsx:7:50
    at BOMGrid (C:\Users\Eli\Desktop\Claude Code\CPQ
-System\src\components\shared\BOMGrid.tsx:22:3)
Warning: A component is `contentEditable` and 
contains `children` managed by React. It is now 
your responsibility to guarantee that none of those 
nodes are unexpectedly modified or duplicated. This 
is probably not intentional.
    at div
    at div
    at div
    at div
    at spy (file:///C:/Users/Eli/Desktop/Claude%20Co
de/CPQ-System/node_modules/tinyspy/dist/index.js:42:
80)
    at div
    at div
    at div
    at C:\Users\Eli\Desktop\Claude 
Code\CPQ-System\src\components\ui\card.tsx:81:57
    at div
    at C:\Users\Eli\Desktop\Claude 
Code\CPQ-System\src\components\ui\card.tsx:7:50
    at BOMGrid (C:\Users\Eli\Desktop\Claude Code\CPQ
-System\src\components\shared\BOMGrid.tsx:22:3)
Warning: A component is `contentEditable` and 
contains `children` managed by React. It is now 
your responsibility to guarantee that none of those 
nodes are unexpectedly modified or duplicated. This 
is probably not intentional.
    at div
    at div
    at div
    at div
    at spy (file:///C:/Users/Eli/Desktop/Claude%20Co
de/CPQ-System/node_modules/tinyspy/dist/index.js:42:
80)
    at div
    at div
    at div
    at C:\Users\Eli\Desktop\Claude 
Code\CPQ-System\src\components\ui\card.tsx:81:57
    at div
    at C:\Users\Eli\Desktop\Claude 
Code\CPQ-System\src\components\ui\card.tsx:7:50
    at BOMGrid (C:\Users\Eli\Desktop\Claude Code\CPQ
-System\src\components\shared\BOMGrid.tsx:22:3)
Warning: A component is `contentEditable` and 
contains `children` managed by React. It is now 
your responsibility to guarantee that none of those 
nodes are unexpectedly modified or duplicated. This 
is probably not intentional.
    at div
    at div
    at div
    at div
    at spy (file:///C:/Users/Eli/Desktop/Claude%20Co
de/CPQ-System/node_modules/tinyspy/dist/index.js:42:
80)
    at div
    at div
    at div
    at C:\Users\Eli\Desktop\Claude 
Code\CPQ-System\src\components\ui\card.tsx:81:57
    at div
    at C:\Users\Eli\Desktop\Claude 
Code\CPQ-System\src\components\ui\card.tsx:7:50
    at BOMGrid (C:\Users\Eli\Desktop\Claude Code\CPQ
-System\src\components\shared\BOMGrid.tsx:22:3)
Warning: A component is `contentEditable` and 
contains `children` managed by React. It is now 
your responsibility to guarantee that none of those 
nodes are unexpectedly modified or duplicated. This 
is probably not intentional.
    at div
    at div
    at div
    at div
    at spy (file:///C:/Users/Eli/Desktop/Claude%20Co
de/CPQ-System/node_modules/tinyspy/dist/index.js:42:
80)
    at div
    at div
    at div
    at C:\Users\Eli\Desktop\Claude 
Code\CPQ-System\src\components\ui\card.tsx:81:57
    at div
    at C:\Users\Eli\Desktop\Claude 
Code\CPQ-System\src\components\ui\card.tsx:7:50
    at BOMGrid (C:\Users\Eli\Desktop\Claude Code\CPQ
-System\src\components\shared\BOMGrid.tsx:22:3)
Warning: A component is `contentEditable` and 
contains `children` managed by React. It is now 
your responsibility to guarantee that none of those 
nodes are unexpectedly modified or duplicated. This 
is probably not intentional.
    at div
    at div
    at div
    at div
    at spy (file:///C:/Users/Eli/Desktop/Claude%20Co
de/CPQ-System/node_modules/tinyspy/dist/index.js:42:
80)
    at div
    at div
    at div
    at C:\Users\Eli\Desktop\Claude 
Code\CPQ-System\src\components\ui\card.tsx:81:57
    at div
    at C:\Users\Eli\Desktop\Claude 
Code\CPQ-System\src\components\ui\card.tsx:7:50
    at BOMGrid (C:\Users\Eli\Desktop\Claude Code\CPQ
-System\src\components\shared\BOMGrid.tsx:22:3)
Warning: A component is `contentEditable` and 
contains `children` managed by React. It is now 
your responsibility to guarantee that none of those 
nodes are unexpectedly modified or duplicated. This 
is probably not intentional.
    at div
    at div
    at div
    at div
    at spy (file:///C:/Users/Eli/Desktop/Claude%20Co
de/CPQ-System/node_modules/tinyspy/dist/index.js:42:
80)
    at div
    at div
    at div
    at C:\Users\Eli\Desktop\Claude 
Code\CPQ-System\src\components\ui\card.tsx:81:57
    at div
    at C:\Users\Eli\Desktop\Claude 
Code\CPQ-System\src\components\ui\card.tsx:7:50
    at BOMGrid (C:\Users\Eli\Desktop\Claude Code\CPQ
-System\src\components\shared\BOMGrid.tsx:22:3)
Warning: A component is `contentEditable` and 
contains `children` managed by React. It is now 
your responsibility to guarantee that none of those 
nodes are unexpectedly modified or duplicated. This 
is probably not intentional.
    at div
    at div
    at div
    at div
    at spy (file:///C:/Users/Eli/Desktop/Claude%20Co
de/CPQ-System/node_modules/tinyspy/dist/index.js:42:
80)
    at div
    at div
    at div
    at C:\Users\Eli\Desktop\Claude 
Code\CPQ-System\src\components\ui\card.tsx:81:57
    at div
    at C:\Users\Eli\Desktop\Claude 
Code\CPQ-System\src\components\ui\card.tsx:7:50
    at BOMGrid (C:\Users\Eli\Desktop\Claude Code\CPQ
-System\src\components\shared\BOMGrid.tsx:22:3)
Warning: A component is `contentEditable` and 
contains `children` managed by React. It is now 
your responsibility to guarantee that none of those 
nodes are unexpectedly modified or duplicated. This 
is probably not intentional.
    at div
    at div
    at div
    at div
    at spy (file:///C:/Users/Eli/Desktop/Claude%20Co
de/CPQ-System/node_modules/tinyspy/dist/index.js:42:
80)
    at div
    at div
    at div
    at C:\Users\Eli\Desktop\Claude 
Code\CPQ-System\src\components\ui\card.tsx:81:57
    at div
    at C:\Users\Eli\Desktop\Claude 
Code\CPQ-System\src\components\ui\card.tsx:7:50
    at BOMGrid (C:\Users\Eli\Desktop\Claude Code\CPQ
-System\src\components\shared\BOMGrid.tsx:22:3)
Warning: A component is `contentEditable` and 
contains `children` managed by React. It is now 
your responsibility to guarantee that none of those 
nodes are unexpectedly modified or duplicated. This 
is probably not intentional.
    at div
    at div
    at div
    at div
    at spy (file:///C:/Users/Eli/Desktop/Claude%20Co
de/CPQ-System/node_modules/tinyspy/dist/index.js:42:
80)
    at div
    at div
    at div
    at C:\Users\Eli\Desktop\Claude 
Code\CPQ-System\src\components\ui\card.tsx:81:57
    at div
    at C:\Users\Eli\Desktop\Claude 
Code\CPQ-System\src\components\ui\card.tsx:7:50
    at BOMGrid (C:\Users\Eli\Desktop\Claude Code\CPQ
-System\src\components\shared\BOMGrid.tsx:22:3)
Warning: A component is `contentEditable` and 
contains `children` managed by React. It is now 
your responsibility to guarantee that none of those 
nodes are unexpectedly modified or duplicated. This 
is probably not intentional.
    at div
    at div
    at div
    at div
    at spy (file:///C:/Users/Eli/Desktop/Claude%20Co
de/CPQ-System/node_modules/tinyspy/dist/index.js:42:
80)
    at div
    at div
    at div
    at C:\Users\Eli\Desktop\Claude 
Code\CPQ-System\src\components\ui\card.tsx:81:57
    at div
    at C:\Users\Eli\Desktop\Claude 
Code\CPQ-System\src\components\ui\card.tsx:7:50
    at BOMGrid (C:\Users\Eli\Desktop\Claude Code\CPQ
-System\src\components\shared\BOMGrid.tsx:22:3)
Warning: A component is `contentEditable` and 
contains `children` managed by React. It is now 
your responsibility to guarantee that none of those 
nodes are unexpectedly modified or duplicated. This 
is probably not intentional.
    at div
    at div
    at div
    at div
    at spy (file:///C:/Users/Eli/Desktop/Claude%20Co
de/CPQ-System/node_modules/tinyspy/dist/index.js:42:
80)
    at div
    at div
    at div
    at C:\Users\Eli\Desktop\Claude 
Code\CPQ-System\src\components\ui\card.tsx:81:57
    at div
    at C:\Users\Eli\Desktop\Claude 
Code\CPQ-System\src\components\ui\card.tsx:7:50
    at BOMGrid (C:\Users\Eli\Desktop\Claude Code\CPQ
-System\src\components\shared\BOMGrid.tsx:22:3)

[90mstderr[2m | src/components/shared/__tests__/BO
MGrid.test.tsx[2m > [22m[2mBOMGrid[2m > 
[22m[2mBOM-Specific Features[2m > [22m[2mshows 
validation warning for low margin items[22m[39m
Warning: A component is `contentEditable` and 
contains `children` managed by React. It is now 
your responsibility to guarantee that none of those 
nodes are unexpectedly modified or duplicated. This 
is probably not intentional.
    at div
    at div
    at div
    at div
    at spy (file:///C:/Users/Eli/Desktop/Claude%20Co
de/CPQ-System/node_modules/tinyspy/dist/index.js:42:
80)
    at div
    at div
    at div
    at C:\Users\Eli\Desktop\Claude 
Code\CPQ-System\src\components\ui\card.tsx:81:57
    at div
    at C:\Users\Eli\Desktop\Claude 
Code\CPQ-System\src\components\ui\card.tsx:7:50
    at BOMGrid (C:\Users\Eli\Desktop\Claude Code\CPQ
-System\src\components\shared\BOMGrid.tsx:22:3)
Warning: A component is `contentEditable` and 
contains `children` managed by React. It is now 
your responsibility to guarantee that none of those 
nodes are unexpectedly modified or duplicated. This 
is probably not intentional.
    at div
    at div
    at div
    at div
    at spy (file:///C:/Users/Eli/Desktop/Claude%20Co
de/CPQ-System/node_modules/tinyspy/dist/index.js:42:
80)
    at div
    at div
    at div
    at C:\Users\Eli\Desktop\Claude 
Code\CPQ-System\src\components\ui\card.tsx:81:57
    at div
    at C:\Users\Eli\Desktop\Claude 
Code\CPQ-System\src\components\ui\card.tsx:7:50
    at BOMGrid (C:\Users\Eli\Desktop\Claude Code\CPQ
-System\src\components\shared\BOMGrid.tsx:22:3)
Warning: A component is `contentEditable` and 
contains `children` managed by React. It is now 
your responsibility to guarantee that none of those 
nodes are unexpectedly modified or duplicated. This 
is probably not intentional.
    at div
    at div
    at div
    at div
    at spy (file:///C:/Users/Eli/Desktop/Claude%20Co
de/CPQ-System/node_modules/tinyspy/dist/index.js:42:
80)
    at div
    at div
    at div
    at C:\Users\Eli\Desktop\Claude 
Code\CPQ-System\src\components\ui\card.tsx:81:57
    at div
    at C:\Users\Eli\Desktop\Claude 
Code\CPQ-System\src\components\ui\card.tsx:7:50
    at BOMGrid (C:\Users\Eli\Desktop\Claude Code\CPQ
-System\src\components\shared\BOMGrid.tsx:22:3)
Warning: A component is `contentEditable` and 
contains `children` managed by React. It is now 
your responsibility to guarantee that none of those 
nodes are unexpectedly modified or duplicated. This 
is probably not intentional.
    at div
    at div
    at div
    at div
    at spy (file:///C:/Users/Eli/Desktop/Claude%20Co
de/CPQ-System/node_modules/tinyspy/dist/index.js:42:
80)
    at div
    at div
    at div
    at C:\Users\Eli\Desktop\Claude 
Code\CPQ-System\src\components\ui\card.tsx:81:57
    at div
    at C:\Users\Eli\Desktop\Claude 
Code\CPQ-System\src\components\ui\card.tsx:7:50
    at BOMGrid (C:\Users\Eli\Desktop\Claude Code\CPQ
-System\src\components\shared\BOMGrid.tsx:22:3)
Warning: A component is `contentEditable` and 
contains `children` managed by React. It is now 
your responsibility to guarantee that none of those 
nodes are unexpectedly modified or duplicated. This 
is probably not intentional.
    at div
    at div
    at div
    at div
    at spy (file:///C:/Users/Eli/Desktop/Claude%20Co
de/CPQ-System/node_modules/tinyspy/dist/index.js:42:
80)
    at div
    at div
    at div
    at C:\Users\Eli\Desktop\Claude 
Code\CPQ-System\src\components\ui\card.tsx:81:57
    at div
    at C:\Users\Eli\Desktop\Claude 
Code\CPQ-System\src\components\ui\card.tsx:7:50
    at BOMGrid (C:\Users\Eli\Desktop\Claude Code\CPQ
-System\src\components\shared\BOMGrid.tsx:22:3)
Warning: A component is `contentEditable` and 
contains `children` managed by React. It is now 
your responsibility to guarantee that none of those 
nodes are unexpectedly modified or duplicated. This 
is probably not intentional.
    at div
    at div
    at div
    at div
    at spy (file:///C:/Users/Eli/Desktop/Claude%20Co
de/CPQ-System/node_modules/tinyspy/dist/index.js:42:
80)
    at div
    at div
    at div
    at C:\Users\Eli\Desktop\Claude 
Code\CPQ-System\src\components\ui\card.tsx:81:57
    at div
    at C:\Users\Eli\Desktop\Claude 
Code\CPQ-System\src\components\ui\card.tsx:7:50
    at BOMGrid (C:\Users\Eli\Desktop\Claude Code\CPQ
-System\src\components\shared\BOMGrid.tsx:22:3)
Warning: A component is `contentEditable` and 
contains `children` managed by React. It is now 
your responsibility to guarantee that none of those 
nodes are unexpectedly modified or duplicated. This 
is probably not intentional.
    at div
    at div
    at div
    at div
    at spy (file:///C:/Users/Eli/Desktop/Claude%20Co
de/CPQ-System/node_modules/tinyspy/dist/index.js:42:
80)
    at div
    at div
    at div
    at C:\Users\Eli\Desktop\Claude 
Code\CPQ-System\src\components\ui\card.tsx:81:57
    at div
    at C:\Users\Eli\Desktop\Claude 
Code\CPQ-System\src\components\ui\card.tsx:7:50
    at BOMGrid (C:\Users\Eli\Desktop\Claude Code\CPQ
-System\src\components\shared\BOMGrid.tsx:22:3)
Warning: A component is `contentEditable` and 
contains `children` managed by React. It is now 
your responsibility to guarantee that none of those 
nodes are unexpectedly modified or duplicated. This 
is probably not intentional.
    at div
    at div
    at div
    at div
    at spy (file:///C:/Users/Eli/Desktop/Claude%20Co
de/CPQ-System/node_modules/tinyspy/dist/index.js:42:
80)
    at div
    at div
    at div
    at C:\Users\Eli\Desktop\Claude 
Code\CPQ-System\src\components\ui\card.tsx:81:57
    at div
    at C:\Users\Eli\Desktop\Claude 
Code\CPQ-System\src\components\ui\card.tsx:7:50
    at BOMGrid (C:\Users\Eli\Desktop\Claude Code\CPQ
-System\src\components\shared\BOMGrid.tsx:22:3)
Warning: A component is `contentEditable` and 
contains `children` managed by React. It is now 
your responsibility to guarantee that none of those 
nodes are unexpectedly modified or duplicated. This 
is probably not intentional.
    at div
    at div
    at div
    at div
    at spy (file:///C:/Users/Eli/Desktop/Claude%20Co
de/CPQ-System/node_modules/tinyspy/dist/index.js:42:
80)
    at div
    at div
    at div
    at C:\Users\Eli\Desktop\Claude 
Code\CPQ-System\src\components\ui\card.tsx:81:57
    at div
    at C:\Users\Eli\Desktop\Claude 
Code\CPQ-System\src\components\ui\card.tsx:7:50
    at BOMGrid (C:\Users\Eli\Desktop\Claude Code\CPQ
-System\src\components\shared\BOMGrid.tsx:22:3)
Warning: A component is `contentEditable` and 
contains `children` managed by React. It is now 
your responsibility to guarantee that none of those 
nodes are unexpectedly modified or duplicated. This 
is probably not intentional.
    at div
    at div
    at div
    at div
    at spy (file:///C:/Users/Eli/Desktop/Claude%20Co
de/CPQ-System/node_modules/tinyspy/dist/index.js:42:
80)
    at div
    at div
    at div
    at C:\Users\Eli\Desktop\Claude 
Code\CPQ-System\src\components\ui\card.tsx:81:57
    at div
    at C:\Users\Eli\Desktop\Claude 
Code\CPQ-System\src\components\ui\card.tsx:7:50
    at BOMGrid (C:\Users\Eli\Desktop\Claude Code\CPQ
-System\src\components\shared\BOMGrid.tsx:22:3)
Warning: A component is `contentEditable` and 
contains `children` managed by React. It is now 
your responsibility to guarantee that none of those 
nodes are unexpectedly modified or duplicated. This 
is probably not intentional.
    at div
    at div
    at div
    at div
    at spy (file:///C:/Users/Eli/Desktop/Claude%20Co
de/CPQ-System/node_modules/tinyspy/dist/index.js:42:
80)
    at div
    at div
    at div
    at C:\Users\Eli\Desktop\Claude 
Code\CPQ-System\src\components\ui\card.tsx:81:57
    at div
    at C:\Users\Eli\Desktop\Claude 
Code\CPQ-System\src\components\ui\card.tsx:7:50
    at BOMGrid (C:\Users\Eli\Desktop\Claude Code\CPQ
-System\src\components\shared\BOMGrid.tsx:22:3)
Warning: A component is `contentEditable` and 
contains `children` managed by React. It is now 
your responsibility to guarantee that none of those 
nodes are unexpectedly modified or duplicated. This 
is probably not intentional.
    at div
    at div
    at div
    at div
    at spy (file:///C:/Users/Eli/Desktop/Claude%20Co
de/CPQ-System/node_modules/tinyspy/dist/index.js:42:
80)
    at div
    at div
    at div
    at C:\Users\Eli\Desktop\Claude 
Code\CPQ-System\src\components\ui\card.tsx:81:57
    at div
    at C:\Users\Eli\Desktop\Claude 
Code\CPQ-System\src\components\ui\card.tsx:7:50
    at BOMGrid (C:\Users\Eli\Desktop\Claude Code\CPQ
-System\src\components\shared\BOMGrid.tsx:22:3)
Warning: A component is `contentEditable` and 
contains `children` managed by React. It is now 
your responsibility to guarantee that none of those 
nodes are unexpectedly modified or duplicated. This 
is probably not intentional.
    at div
    at div
    at div
    at div
    at spy (file:///C:/Users/Eli/Desktop/Claude%20Co
de/CPQ-System/node_modules/tinyspy/dist/index.js:42:
80)
    at div
    at div
    at div
    at C:\Users\Eli\Desktop\Claude 
Code\CPQ-System\src\components\ui\card.tsx:81:57
    at div
    at C:\Users\Eli\Desktop\Claude 
Code\CPQ-System\src\components\ui\card.tsx:7:50
    at BOMGrid (C:\Users\Eli\Desktop\Claude Code\CPQ
-System\src\components\shared\BOMGrid.tsx:22:3)
Warning: A component is `contentEditable` and 
contains `children` managed by React. It is now 
your responsibility to guarantee that none of those 
nodes are unexpectedly modified or duplicated. This 
is probably not intentional.
    at div
    at div
    at div
    at div
    at spy (file:///C:/Users/Eli/Desktop/Claude%20Co
de/CPQ-System/node_modules/tinyspy/dist/index.js:42:
80)
    at div
    at div
    at div
    at C:\Users\Eli\Desktop\Claude 
Code\CPQ-System\src\components\ui\card.tsx:81:57
    at div
    at C:\Users\Eli\Desktop\Claude 
Code\CPQ-System\src\components\ui\card.tsx:7:50
    at BOMGrid (C:\Users\Eli\Desktop\Claude Code\CPQ
-System\src\components\shared\BOMGrid.tsx:22:3)
Warning: A component is `contentEditable` and 
contains `children` managed by React. It is now 
your responsibility to guarantee that none of those 
nodes are unexpectedly modified or duplicated. This 
is probably not intentional.
    at div
    at div
    at div
    at div
    at spy (file:///C:/Users/Eli/Desktop/Claude%20Co
de/CPQ-System/node_modules/tinyspy/dist/index.js:42:
80)
    at div
    at div
    at div
    at C:\Users\Eli\Desktop\Claude 
Code\CPQ-System\src\components\ui\card.tsx:81:57
    at div
    at C:\Users\Eli\Desktop\Claude 
Code\CPQ-System\src\components\ui\card.tsx:7:50
    at BOMGrid (C:\Users\Eli\Desktop\Claude Code\CPQ
-System\src\components\shared\BOMGrid.tsx:22:3)
Warning: A component is `contentEditable` and 
contains `children` managed by React. It is now 
your responsibility to guarantee that none of those 
nodes are unexpectedly modified or duplicated. This 
is probably not intentional.
    at div
    at div
    at div
    at div
    at spy (file:///C:/Users/Eli/Desktop/Claude%20Co
de/CPQ-System/node_modules/tinyspy/dist/index.js:42:
80)
    at div
    at div
    at div
    at C:\Users\Eli\Desktop\Claude 
Code\CPQ-System\src\components\ui\card.tsx:81:57
    at div
    at C:\Users\Eli\Desktop\Claude 
Code\CPQ-System\src\components\ui\card.tsx:7:50
    at BOMGrid (C:\Users\Eli\Desktop\Claude Code\CPQ
-System\src\components\shared\BOMGrid.tsx:22:3)
Warning: A component is `contentEditable` and 
contains `children` managed by React. It is now 
your responsibility to guarantee that none of those 
nodes are unexpectedly modified or duplicated. This 
is probably not intentional.
    at div
    at div
    at div
    at div
    at spy (file:///C:/Users/Eli/Desktop/Claude%20Co
de/CPQ-System/node_modules/tinyspy/dist/index.js:42:
80)
    at div
    at div
    at div
    at C:\Users\Eli\Desktop\Claude 
Code\CPQ-System\src\components\ui\card.tsx:81:57
    at div
    at C:\Users\Eli\Desktop\Claude 
Code\CPQ-System\src\components\ui\card.tsx:7:50
    at BOMGrid (C:\Users\Eli\Desktop\Claude Code\CPQ
-System\src\components\shared\BOMGrid.tsx:22:3)
Warning: A component is `contentEditable` and 
contains `children` managed by React. It is now 
your responsibility to guarantee that none of those 
nodes are unexpectedly modified or duplicated. This 
is probably not intentional.
    at div
    at div
    at div
    at div
    at spy (file:///C:/Users/Eli/Desktop/Claude%20Co
de/CPQ-System/node_modules/tinyspy/dist/index.js:42:
80)
    at div
    at div
    at div
    at C:\Users\Eli\Desktop\Claude 
Code\CPQ-System\src\components\ui\card.tsx:81:57
    at div
    at C:\Users\Eli\Desktop\Claude 
Code\CPQ-System\src\components\ui\card.tsx:7:50
    at BOMGrid (C:\Users\Eli\Desktop\Claude Code\CPQ
-System\src\components\shared\BOMGrid.tsx:22:3)
Warning: A component is `contentEditable` and 
contains `children` managed by React. It is now 
your responsibility to guarantee that none of those 
nodes are unexpectedly modified or duplicated. This 
is probably not intentional.
    at div
    at div
    at div
    at div
    at spy (file:///C:/Users/Eli/Desktop/Claude%20Co
de/CPQ-System/node_modules/tinyspy/dist/index.js:42:
80)
    at div
    at div
    at div
    at C:\Users\Eli\Desktop\Claude 
Code\CPQ-System\src\components\ui\card.tsx:81:57
    at div
    at C:\Users\Eli\Desktop\Claude 
Code\CPQ-System\src\components\ui\card.tsx:7:50
    at BOMGrid (C:\Users\Eli\Desktop\Claude Code\CPQ
-System\src\components\shared\BOMGrid.tsx:22:3)
Warning: A component is `contentEditable` and 
contains `children` managed by React. It is now 
your responsibility to guarantee that none of those 
nodes are unexpectedly modified or duplicated. This 
is probably not intentional.
    at div
    at div
    at div
    at div
    at spy (file:///C:/Users/Eli/Desktop/Claude%20Co
de/CPQ-System/node_modules/tinyspy/dist/index.js:42:
80)
    at div
    at div
    at div
    at C:\Users\Eli\Desktop\Claude 
Code\CPQ-System\src\components\ui\card.tsx:81:57
    at div
    at C:\Users\Eli\Desktop\Claude 
Code\CPQ-System\src\components\ui\card.tsx:7:50
    at BOMGrid (C:\Users\Eli\Desktop\Claude Code\CPQ
-System\src\components\shared\BOMGrid.tsx:22:3)
Warning: A component is `contentEditable` and 
contains `children` managed by React. It is now 
your responsibility to guarantee that none of those 
nodes are unexpectedly modified or duplicated. This 
is probably not intentional.
    at div
    at div
    at div
    at div
    at spy (file:///C:/Users/Eli/Desktop/Claude%20Co
de/CPQ-System/node_modules/tinyspy/dist/index.js:42:
80)
    at div
    at div
    at div
    at C:\Users\Eli\Desktop\Claude 
Code\CPQ-System\src\components\ui\card.tsx:81:57
    at div
    at C:\Users\Eli\Desktop\Claude 
Code\CPQ-System\src\components\ui\card.tsx:7:50
    at BOMGrid (C:\Users\Eli\Desktop\Claude Code\CPQ
-System\src\components\shared\BOMGrid.tsx:22:3)
Warning: A component is `contentEditable` and 
contains `children` managed by React. It is now 
your responsibility to guarantee that none of those 
nodes are unexpectedly modified or duplicated. This 
is probably not intentional.
    at div
    at div
    at div
    at div
    at spy (file:///C:/Users/Eli/Desktop/Claude%20Co
de/CPQ-System/node_modules/tinyspy/dist/index.js:42:
80)
    at div
    at div
    at div
    at C:\Users\Eli\Desktop\Claude 
Code\CPQ-System\src\components\ui\card.tsx:81:57
    at div
    at C:\Users\Eli\Desktop\Claude 
Code\CPQ-System\src\components\ui\card.tsx:7:50
    at BOMGrid (C:\Users\Eli\Desktop\Claude Code\CPQ
-System\src\components\shared\BOMGrid.tsx:22:3)
Warning: A component is `contentEditable` and 
contains `children` managed by React. It is now 
your responsibility to guarantee that none of those 
nodes are unexpectedly modified or duplicated. This 
is probably not intentional.
    at div
    at div
    at div
    at div
    at spy (file:///C:/Users/Eli/Desktop/Claude%20Co
de/CPQ-System/node_modules/tinyspy/dist/index.js:42:
80)
    at div
    at div
    at div
    at C:\Users\Eli\Desktop\Claude 
Code\CPQ-System\src\components\ui\card.tsx:81:57
    at div
    at C:\Users\Eli\Desktop\Claude 
Code\CPQ-System\src\components\ui\card.tsx:7:50
    at BOMGrid (C:\Users\Eli\Desktop\Claude Code\CPQ
-System\src\components\shared\BOMGrid.tsx:22:3)
Warning: A component is `contentEditable` and 
contains `children` managed by React. It is now 
your responsibility to guarantee that none of those 
nodes are unexpectedly modified or duplicated. This 
is probably not intentional.
    at div
    at div
    at div
    at div
    at spy (file:///C:/Users/Eli/Desktop/Claude%20Co
de/CPQ-System/node_modules/tinyspy/dist/index.js:42:
80)
    at div
    at div
    at div
    at C:\Users\Eli\Desktop\Claude 
Code\CPQ-System\src\components\ui\card.tsx:81:57
    at div
    at C:\Users\Eli\Desktop\Claude 
Code\CPQ-System\src\components\ui\card.tsx:7:50
    at BOMGrid (C:\Users\Eli\Desktop\Claude Code\CPQ
-System\src\components\shared\BOMGrid.tsx:22:3)
Warning: A component is `contentEditable` and 
contains `children` managed by React. It is now 
your responsibility to guarantee that none of those 
nodes are unexpectedly modified or duplicated. This 
is probably not intentional.
    at div
    at div
    at div
    at div
    at spy (file:///C:/Users/Eli/Desktop/Claude%20Co
de/CPQ-System/node_modules/tinyspy/dist/index.js:42:
80)
    at div
    at div
    at div
    at C:\Users\Eli\Desktop\Claude 
Code\CPQ-System\src\components\ui\card.tsx:81:57
    at div
    at C:\Users\Eli\Desktop\Claude 
Code\CPQ-System\src\components\ui\card.tsx:7:50
    at BOMGrid (C:\Users\Eli\Desktop\Claude Code\CPQ
-System\src\components\shared\BOMGrid.tsx:22:3)
Warning: A component is `contentEditable` and 
contains `children` managed by React. It is now 
your responsibility to guarantee that none of those 
nodes are unexpectedly modified or duplicated. This 
is probably not intentional.
    at div
    at div
    at div
    at div
    at spy (file:///C:/Users/Eli/Desktop/Claude%20Co
de/CPQ-System/node_modules/tinyspy/dist/index.js:42:
80)
    at div
    at div
    at div
    at C:\Users\Eli\Desktop\Claude 
Code\CPQ-System\src\components\ui\card.tsx:81:57
    at div
    at C:\Users\Eli\Desktop\Claude 
Code\CPQ-System\src\components\ui\card.tsx:7:50
    at BOMGrid (C:\Users\Eli\Desktop\Claude Code\CPQ
-System\src\components\shared\BOMGrid.tsx:22:3)
Warning: A component is `contentEditable` and 
contains `children` managed by React. It is now 
your responsibility to guarantee that none of those 
nodes are unexpectedly modified or duplicated. This 
is probably not intentional.
    at div
    at div
    at div
    at div
    at spy (file:///C:/Users/Eli/Desktop/Claude%20Co
de/CPQ-System/node_modules/tinyspy/dist/index.js:42:
80)
    at div
    at div
    at div
    at C:\Users\Eli\Desktop\Claude 
Code\CPQ-System\src\components\ui\card.tsx:81:57
    at div
    at C:\Users\Eli\Desktop\Claude 
Code\CPQ-System\src\components\ui\card.tsx:7:50
    at BOMGrid (C:\Users\Eli\Desktop\Claude Code\CPQ
-System\src\components\shared\BOMGrid.tsx:22:3)
Warning: A component is `contentEditable` and 
contains `children` managed by React. It is now 
your responsibility to guarantee that none of those 
nodes are unexpectedly modified or duplicated. This 
is probably not intentional.
    at div
    at div
    at div
    at div
    at spy (file:///C:/Users/Eli/Desktop/Claude%20Co
de/CPQ-System/node_modules/tinyspy/dist/index.js:42:
80)
    at div
    at div
    at div
    at C:\Users\Eli\Desktop\Claude 
Code\CPQ-System\src\components\ui\card.tsx:81:57
    at div
    at C:\Users\Eli\Desktop\Claude 
Code\CPQ-System\src\components\ui\card.tsx:7:50
    at BOMGrid (C:\Users\Eli\Desktop\Claude Code\CPQ
-System\src\components\shared\BOMGrid.tsx:22:3)
Warning: A component is `contentEditable` and 
contains `children` managed by React. It is now 
your responsibility to guarantee that none of those 
nodes are unexpectedly modified or duplicated. This 
is probably not intentional.
    at div
    at div
    at div
    at div
    at spy (file:///C:/Users/Eli/Desktop/Claude%20Co
de/CPQ-System/node_modules/tinyspy/dist/index.js:42:
80)
    at div
    at div
    at div
    at C:\Users\Eli\Desktop\Claude 
Code\CPQ-System\src\components\ui\card.tsx:81:57
    at div
    at C:\Users\Eli\Desktop\Claude 
Code\CPQ-System\src\components\ui\card.tsx:7:50
    at BOMGrid (C:\Users\Eli\Desktop\Claude Code\CPQ
-System\src\components\shared\BOMGrid.tsx:22:3)
Warning: A component is `contentEditable` and 
contains `children` managed by React. It is now 
your responsibility to guarantee that none of those 
nodes are unexpectedly modified or duplicated. This 
is probably not intentional.
    at div
    at div
    at div
    at div
    at spy (file:///C:/Users/Eli/Desktop/Claude%20Co
de/CPQ-System/node_modules/tinyspy/dist/index.js:42:
80)
    at div
    at div
    at div
    at C:\Users\Eli\Desktop\Claude 
Code\CPQ-System\src\components\ui\card.tsx:81:57
    at div
    at C:\Users\Eli\Desktop\Claude 
Code\CPQ-System\src\components\ui\card.tsx:7:50
    at BOMGrid (C:\Users\Eli\Desktop\Claude Code\CPQ
-System\src\components\shared\BOMGrid.tsx:22:3)
Warning: A component is `contentEditable` and 
contains `children` managed by React. It is now 
your responsibility to guarantee that none of those 
nodes are unexpectedly modified or duplicated. This 
is probably not intentional.
    at div
    at div
    at div
    at div
    at spy (file:///C:/Users/Eli/Desktop/Claude%20Co
de/CPQ-System/node_modules/tinyspy/dist/index.js:42:
80)
    at div
    at div
    at div
    at C:\Users\Eli\Desktop\Claude 
Code\CPQ-System\src\components\ui\card.tsx:81:57
    at div
    at C:\Users\Eli\Desktop\Claude 
Code\CPQ-System\src\components\ui\card.tsx:7:50
    at BOMGrid (C:\Users\Eli\Desktop\Claude Code\CPQ
-System\src\components\shared\BOMGrid.tsx:22:3)
Warning: A component is `contentEditable` and 
contains `children` managed by React. It is now 
your responsibility to guarantee that none of those 
nodes are unexpectedly modified or duplicated. This 
is probably not intentional.
    at div
    at div
    at div
    at div
    at spy (file:///C:/Users/Eli/Desktop/Claude%20Co
de/CPQ-System/node_modules/tinyspy/dist/index.js:42:
80)
    at div
    at div
    at div
    at C:\Users\Eli\Desktop\Claude 
Code\CPQ-System\src\components\ui\card.tsx:81:57
    at div
    at C:\Users\Eli\Desktop\Claude 
Code\CPQ-System\src\components\ui\card.tsx:7:50
    at BOMGrid (C:\Users\Eli\Desktop\Claude Code\CPQ
-System\src\components\shared\BOMGrid.tsx:22:3)
Warning: A component is `contentEditable` and 
contains `children` managed by React. It is now 
your responsibility to guarantee that none of those 
nodes are unexpectedly modified or duplicated. This 
is probably not intentional.
    at div
    at div
    at div
    at div
    at spy (file:///C:/Users/Eli/Desktop/Claude%20Co
de/CPQ-System/node_modules/tinyspy/dist/index.js:42:
80)
    at div
    at div
    at div
    at C:\Users\Eli\Desktop\Claude 
Code\CPQ-System\src\components\ui\card.tsx:81:57
    at div
    at C:\Users\Eli\Desktop\Claude 
Code\CPQ-System\src\components\ui\card.tsx:7:50
    at BOMGrid (C:\Users\Eli\Desktop\Claude Code\CPQ
-System\src\components\shared\BOMGrid.tsx:22:3)
Warning: A component is `contentEditable` and 
contains `children` managed by React. It is now 
your responsibility to guarantee that none of those 
nodes are unexpectedly modified or duplicated. This 
is probably not intentional.
    at div
    at div
    at div
    at div
    at spy (file:///C:/Users/Eli/Desktop/Claude%20Co
de/CPQ-System/node_modules/tinyspy/dist/index.js:42:
80)
    at div
    at div
    at div
    at C:\Users\Eli\Desktop\Claude 
Code\CPQ-System\src\components\ui\card.tsx:81:57
    at div
    at C:\Users\Eli\Desktop\Claude 
Code\CPQ-System\src\components\ui\card.tsx:7:50
    at BOMGrid (C:\Users\Eli\Desktop\Claude Code\CPQ
-System\src\components\shared\BOMGrid.tsx:22:3)
Warning: A component is `contentEditable` and 
contains `children` managed by React. It is now 
your responsibility to guarantee that none of those 
nodes are unexpectedly modified or duplicated. This 
is probably not intentional.
    at div
    at div
    at div
    at div
    at spy (file:///C:/Users/Eli/Desktop/Claude%20Co
de/CPQ-System/node_modules/tinyspy/dist/index.js:42:
80)
    at div
    at div
    at div
    at C:\Users\Eli\Desktop\Claude 
Code\CPQ-System\src\components\ui\card.tsx:81:57
    at div
    at C:\Users\Eli\Desktop\Claude 
Code\CPQ-System\src\components\ui\card.tsx:7:50
    at BOMGrid (C:\Users\Eli\Desktop\Claude Code\CPQ
-System\src\components\shared\BOMGrid.tsx:22:3)
Warning: A component is `contentEditable` and 
contains `children` managed by React. It is now 
your responsibility to guarantee that none of those 
nodes are unexpectedly modified or duplicated. This 
is probably not intentional.
    at div
    at div
    at div
    at div
    at spy (file:///C:/Users/Eli/Desktop/Claude%20Co
de/CPQ-System/node_modules/tinyspy/dist/index.js:42:
80)
    at div
    at div
    at div
    at C:\Users\Eli\Desktop\Claude 
Code\CPQ-System\src\components\ui\card.tsx:81:57
    at div
    at C:\Users\Eli\Desktop\Claude 
Code\CPQ-System\src\components\ui\card.tsx:7:50
    at BOMGrid (C:\Users\Eli\Desktop\Claude Code\CPQ
-System\src\components\shared\BOMGrid.tsx:22:3)
Warning: A component is `contentEditable` and 
contains `children` managed by React. It is now 
your responsibility to guarantee that none of those 
nodes are unexpectedly modified or duplicated. This 
is probably not intentional.
    at div
    at div
    at div
    at div
    at spy (file:///C:/Users/Eli/Desktop/Claude%20Co
de/CPQ-System/node_modules/tinyspy/dist/index.js:42:
80)
    at div
    at div
    at div
    at C:\Users\Eli\Desktop\Claude 
Code\CPQ-System\src\components\ui\card.tsx:81:57
    at div
    at C:\Users\Eli\Desktop\Claude 
Code\CPQ-System\src\components\ui\card.tsx:7:50
    at BOMGrid (C:\Users\Eli\Desktop\Claude Code\CPQ
-System\src\components\shared\BOMGrid.tsx:22:3)
Warning: A component is `contentEditable` and 
contains `children` managed by React. It is now 
your responsibility to guarantee that none of those 
nodes are unexpectedly modified or duplicated. This 
is probably not intentional.
    at div
    at div
    at div
    at div
    at spy (file:///C:/Users/Eli/Desktop/Claude%20Co
de/CPQ-System/node_modules/tinyspy/dist/index.js:42:
80)
    at div
    at div
    at div
    at C:\Users\Eli\Desktop\Claude 
Code\CPQ-System\src\components\ui\card.tsx:81:57
    at div
    at C:\Users\Eli\Desktop\Claude 
Code\CPQ-System\src\components\ui\card.tsx:7:50
    at BOMGrid (C:\Users\Eli\Desktop\Claude Code\CPQ
-System\src\components\shared\BOMGrid.tsx:22:3)
Warning: A component is `contentEditable` and 
contains `children` managed by React. It is now 
your responsibility to guarantee that none of those 
nodes are unexpectedly modified or duplicated. This 
is probably not intentional.
    at div
    at div
    at div
    at div
    at spy (file:///C:/Users/Eli/Desktop/Claude%20Co
de/CPQ-System/node_modules/tinyspy/dist/index.js:42:
80)
    at div
    at div
    at div
    at C:\Users\Eli\Desktop\Claude 
Code\CPQ-System\src\components\ui\card.tsx:81:57
    at div
    at C:\Users\Eli\Desktop\Claude 
Code\CPQ-System\src\components\ui\card.tsx:7:50
    at BOMGrid (C:\Users\Eli\Desktop\Claude Code\CPQ
-System\src\components\shared\BOMGrid.tsx:22:3)
Warning: A component is `contentEditable` and 
contains `children` managed by React. It is now 
your responsibility to guarantee that none of those 
nodes are unexpectedly modified or duplicated. This 
is probably not intentional.
    at div
    at div
    at div
    at div
    at spy (file:///C:/Users/Eli/Desktop/Claude%20Co
de/CPQ-System/node_modules/tinyspy/dist/index.js:42:
80)
    at div
    at div
    at div
    at C:\Users\Eli\Desktop\Claude 
Code\CPQ-System\src\components\ui\card.tsx:81:57
    at div
    at C:\Users\Eli\Desktop\Claude 
Code\CPQ-System\src\components\ui\card.tsx:7:50
    at BOMGrid (C:\Users\Eli\Desktop\Claude Code\CPQ
-System\src\components\shared\BOMGrid.tsx:22:3)
Warning: A component is `contentEditable` and 
contains `children` managed by React. It is now 
your responsibility to guarantee that none of those 
nodes are unexpectedly modified or duplicated. This 
is probably not intentional.
    at div
    at div
    at div
    at div
    at spy (file:///C:/Users/Eli/Desktop/Claude%20Co
de/CPQ-System/node_modules/tinyspy/dist/index.js:42:
80)
    at div
    at div
    at div
    at C:\Users\Eli\Desktop\Claude 
Code\CPQ-System\src\components\ui\card.tsx:81:57
    at div
    at C:\Users\Eli\Desktop\Claude 
Code\CPQ-System\src\components\ui\card.tsx:7:50
    at BOMGrid (C:\Users\Eli\Desktop\Claude Code\CPQ
-System\src\components\shared\BOMGrid.tsx:22:3)
Warning: A component is `contentEditable` and 
contains `children` managed by React. It is now 
your responsibility to guarantee that none of those 
nodes are unexpectedly modified or duplicated. This 
is probably not intentional.
    at div
    at div
    at div
    at div
    at spy (file:///C:/Users/Eli/Desktop/Claude%20Co
de/CPQ-System/node_modules/tinyspy/dist/index.js:42:
80)
    at div
    at div
    at div
    at C:\Users\Eli\Desktop\Claude 
Code\CPQ-System\src\components\ui\card.tsx:81:57
    at div
    at C:\Users\Eli\Desktop\Claude 
Code\CPQ-System\src\components\ui\card.tsx:7:50
    at BOMGrid (C:\Users\Eli\Desktop\Claude Code\CPQ
-System\src\components\shared\BOMGrid.tsx:22:3)
Warning: A component is `contentEditable` and 
contains `children` managed by React. It is now 
your responsibility to guarantee that none of those 
nodes are unexpectedly modified or duplicated. This 
is probably not intentional.
    at div
    at div
    at div
    at div
    at spy (file:///C:/Users/Eli/Desktop/Claude%20Co
de/CPQ-System/node_modules/tinyspy/dist/index.js:42:
80)
    at div
    at div
    at div
    at C:\Users\Eli\Desktop\Claude 
Code\CPQ-System\src\components\ui\card.tsx:81:57
    at div
    at C:\Users\Eli\Desktop\Claude 
Code\CPQ-System\src\components\ui\card.tsx:7:50
    at BOMGrid (C:\Users\Eli\Desktop\Claude Code\CPQ
-System\src\components\shared\BOMGrid.tsx:22:3)
Warning: A component is `contentEditable` and 
contains `children` managed by React. It is now 
your responsibility to guarantee that none of those 
nodes are unexpectedly modified or duplicated. This 
is probably not intentional.
    at div
    at div
    at div
    at div
    at spy (file:///C:/Users/Eli/Desktop/Claude%20Co
de/CPQ-System/node_modules/tinyspy/dist/index.js:42:
80)
    at div
    at div
    at div
    at C:\Users\Eli\Desktop\Claude 
Code\CPQ-System\src\components\ui\card.tsx:81:57
    at div
    at C:\Users\Eli\Desktop\Claude 
Code\CPQ-System\src\components\ui\card.tsx:7:50
    at BOMGrid (C:\Users\Eli\Desktop\Claude Code\CPQ
-System\src\components\shared\BOMGrid.tsx:22:3)
Warning: A component is `contentEditable` and 
contains `children` managed by React. It is now 
your responsibility to guarantee that none of those 
nodes are unexpectedly modified or duplicated. This 
is probably not intentional.
    at div
    at div
    at div
    at div
    at spy (file:///C:/Users/Eli/Desktop/Claude%20Co
de/CPQ-System/node_modules/tinyspy/dist/index.js:42:
80)
    at div
    at div
    at div
    at C:\Users\Eli\Desktop\Claude 
Code\CPQ-System\src\components\ui\card.tsx:81:57
    at div
    at C:\Users\Eli\Desktop\Claude 
Code\CPQ-System\src\components\ui\card.tsx:7:50
    at BOMGrid (C:\Users\Eli\Desktop\Claude Code\CPQ
-System\src\components\shared\BOMGrid.tsx:22:3)
Warning: A component is `contentEditable` and 
contains `children` managed by React. It is now 
your responsibility to guarantee that none of those 
nodes are unexpectedly modified or duplicated. This 
is probably not intentional.
    at div
    at div
    at div
    at div
    at spy (file:///C:/Users/Eli/Desktop/Claude%20Co
de/CPQ-System/node_modules/tinyspy/dist/index.js:42:
80)
    at div
    at div
    at div
    at C:\Users\Eli\Desktop\Claude 
Code\CPQ-System\src\components\ui\card.tsx:81:57
    at div
    at C:\Users\Eli\Desktop\Claude 
Code\CPQ-System\src\components\ui\card.tsx:7:50
    at BOMGrid (C:\Users\Eli\Desktop\Claude Code\CPQ
-System\src\components\shared\BOMGrid.tsx:22:3)
Warning: A component is `contentEditable` and 
contains `children` managed by React. It is now 
your responsibility to guarantee that none of those 
nodes are unexpectedly modified or duplicated. This 
is probably not intentional.
    at div
    at div
    at div
    at div
    at spy (file:///C:/Users/Eli/Desktop/Claude%20Co
de/CPQ-System/node_modules/tinyspy/dist/index.js:42:
80)
    at div
    at div
    at div
    at C:\Users\Eli\Desktop\Claude 
Code\CPQ-System\src\components\ui\card.tsx:81:57
    at div
    at C:\Users\Eli\Desktop\Claude 
Code\CPQ-System\src\components\ui\card.tsx:7:50
    at BOMGrid (C:\Users\Eli\Desktop\Claude Code\CPQ
-System\src\components\shared\BOMGrid.tsx:22:3)
Warning: A component is `contentEditable` and 
contains `children` managed by React. It is now 
your responsibility to guarantee that none of those 
nodes are unexpectedly modified or duplicated. This 
is probably not intentional.
    at div
    at div
    at div
    at div
    at spy (file:///C:/Users/Eli/Desktop/Claude%20Co
de/CPQ-System/node_modules/tinyspy/dist/index.js:42:
80)
    at div
    at div
    at div
    at C:\Users\Eli\Desktop\Claude 
Code\CPQ-System\src\components\ui\card.tsx:81:57
    at div
    at C:\Users\Eli\Desktop\Claude 
Code\CPQ-System\src\components\ui\card.tsx:7:50
    at BOMGrid (C:\Users\Eli\Desktop\Claude Code\CPQ
-System\src\components\shared\BOMGrid.tsx:22:3)
Warning: A component is `contentEditable` and 
contains `children` managed by React. It is now 
your responsibility to guarantee that none of those 
nodes are unexpectedly modified or duplicated. This 
is probably not intentional.
    at div
    at div
    at div
    at div
    at spy (file:///C:/Users/Eli/Desktop/Claude%20Co
de/CPQ-System/node_modules/tinyspy/dist/index.js:42:
80)
    at div
    at div
    at div
    at C:\Users\Eli\Desktop\Claude 
Code\CPQ-System\src\components\ui\card.tsx:81:57
    at div
    at C:\Users\Eli\Desktop\Claude 
Code\CPQ-System\src\components\ui\card.tsx:7:50
    at BOMGrid (C:\Users\Eli\Desktop\Claude Code\CPQ
-System\src\components\shared\BOMGrid.tsx:22:3)
Warning: A component is `contentEditable` and 
contains `children` managed by React. It is now 
your responsibility to guarantee that none of those 
nodes are unexpectedly modified or duplicated. This 
is probably not intentional.
    at div
    at div
    at div
    at div
    at spy (file:///C:/Users/Eli/Desktop/Claude%20Co
de/CPQ-System/node_modules/tinyspy/dist/index.js:42:
80)
    at div
    at div
    at div
    at C:\Users\Eli\Desktop\Claude 
Code\CPQ-System\src\components\ui\card.tsx:81:57
    at div
    at C:\Users\Eli\Desktop\Claude 
Code\CPQ-System\src\components\ui\card.tsx:7:50
    at BOMGrid (C:\Users\Eli\Desktop\Claude Code\CPQ
-System\src\components\shared\BOMGrid.tsx:22:3)
Warning: A component is `contentEditable` and 
contains `children` managed by React. It is now 
your responsibility to guarantee that none of those 
nodes are unexpectedly modified or duplicated. This 
is probably not intentional.
    at div
    at div
    at div
    at div
    at spy (file:///C:/Users/Eli/Desktop/Claude%20Co
de/CPQ-System/node_modules/tinyspy/dist/index.js:42:
80)
    at div
    at div
    at div
    at C:\Users\Eli\Desktop\Claude 
Code\CPQ-System\src\components\ui\card.tsx:81:57
    at div
    at C:\Users\Eli\Desktop\Claude 
Code\CPQ-System\src\components\ui\card.tsx:7:50
    at BOMGrid (C:\Users\Eli\Desktop\Claude Code\CPQ
-System\src\components\shared\BOMGrid.tsx:22:3)
Warning: A component is `contentEditable` and 
contains `children` managed by React. It is now 
your responsibility to guarantee that none of those 
nodes are unexpectedly modified or duplicated. This 
is probably not intentional.
    at div
    at div
    at div
    at div
    at spy (file:///C:/Users/Eli/Desktop/Claude%20Co
de/CPQ-System/node_modules/tinyspy/dist/index.js:42:
80)
    at div
    at div
    at div
    at C:\Users\Eli\Desktop\Claude 
Code\CPQ-System\src\components\ui\card.tsx:81:57
    at div
    at C:\Users\Eli\Desktop\Claude 
Code\CPQ-System\src\components\ui\card.tsx:7:50
    at BOMGrid (C:\Users\Eli\Desktop\Claude Code\CPQ
-System\src\components\shared\BOMGrid.tsx:22:3)
Warning: A component is `contentEditable` and 
contains `children` managed by React. It is now 
your responsibility to guarantee that none of those 
nodes are unexpectedly modified or duplicated. This 
is probably not intentional.
    at div
    at div
    at div
    at div
    at spy (file:///C:/Users/Eli/Desktop/Claude%20Co
de/CPQ-System/node_modules/tinyspy/dist/index.js:42:
80)
    at div
    at div
    at div
    at C:\Users\Eli\Desktop\Claude 
Code\CPQ-System\src\components\ui\card.tsx:81:57
    at div
    at C:\Users\Eli\Desktop\Claude 
Code\CPQ-System\src\components\ui\card.tsx:7:50
    at BOMGrid (C:\Users\Eli\Desktop\Claude Code\CPQ
-System\src\components\shared\BOMGrid.tsx:22:3)
Warning: A component is `contentEditable` and 
contains `children` managed by React. It is now 
your responsibility to guarantee that none of those 
nodes are unexpectedly modified or duplicated. This 
is probably not intentional.
    at div
    at div
    at div
    at div
    at spy (file:///C:/Users/Eli/Desktop/Claude%20Co
de/CPQ-System/node_modules/tinyspy/dist/index.js:42:
80)
    at div
    at div
    at div
    at C:\Users\Eli\Desktop\Claude 
Code\CPQ-System\src\components\ui\card.tsx:81:57
    at div
    at C:\Users\Eli\Desktop\Claude 
Code\CPQ-System\src\components\ui\card.tsx:7:50
    at BOMGrid (C:\Users\Eli\Desktop\Claude Code\CPQ
-System\src\components\shared\BOMGrid.tsx:22:3)
Warning: A component is `contentEditable` and 
contains `children` managed by React. It is now 
your responsibility to guarantee that none of those 
nodes are unexpectedly modified or duplicated. This 
is probably not intentional.
    at div
    at div
    at div
    at div
    at spy (file:///C:/Users/Eli/Desktop/Claude%20Co
de/CPQ-System/node_modules/tinyspy/dist/index.js:42:
80)
    at div
    at div
    at div
    at C:\Users\Eli\Desktop\Claude 
Code\CPQ-System\src\components\ui\card.tsx:81:57
    at div
    at C:\Users\Eli\Desktop\Claude 
Code\CPQ-System\src\components\ui\card.tsx:7:50
    at BOMGrid (C:\Users\Eli\Desktop\Claude Code\CPQ
-System\src\components\shared\BOMGrid.tsx:22:3)
Warning: A component is `contentEditable` and 
contains `children` managed by React. It is now 
your responsibility to guarantee that none of those 
nodes are unexpectedly modified or duplicated. This 
is probably not intentional.
    at div
    at div
    at div
    at div
    at spy (file:///C:/Users/Eli/Desktop/Claude%20Co
de/CPQ-System/node_modules/tinyspy/dist/index.js:42:
80)
    at div
    at div
    at div
    at C:\Users\Eli\Desktop\Claude 
Code\CPQ-System\src\components\ui\card.tsx:81:57
    at div
    at C:\Users\Eli\Desktop\Claude 
Code\CPQ-System\src\components\ui\card.tsx:7:50
    at BOMGrid (C:\Users\Eli\Desktop\Claude Code\CPQ
-System\src\components\shared\BOMGrid.tsx:22:3)

[90mstderr[2m | src/components/shared/__tests__/BO
MGrid.test.tsx[2m > [22m[2mBOMGrid[2m > 
[22m[2mBOM-Specific Features[2m > 
[22m[2mdisplays item types with correct 
badges[22m[39m
Warning: A component is `contentEditable` and 
contains `children` managed by React. It is now 
your responsibility to guarantee that none of those 
nodes are unexpectedly modified or duplicated. This 
is probably not intentional.
    at div
    at div
    at div
    at div
    at spy (file:///C:/Users/Eli/Desktop/Claude%20Co
de/CPQ-System/node_modules/tinyspy/dist/index.js:42:
80)
    at div
    at div
    at div
    at C:\Users\Eli\Desktop\Claude 
Code\CPQ-System\src\components\ui\card.tsx:81:57
    at div
    at C:\Users\Eli\Desktop\Claude 
Code\CPQ-System\src\components\ui\card.tsx:7:50
    at BOMGrid (C:\Users\Eli\Desktop\Claude Code\CPQ
-System\src\components\shared\BOMGrid.tsx:22:3)
Warning: A component is `contentEditable` and 
contains `children` managed by React. It is now 
your responsibility to guarantee that none of those 
nodes are unexpectedly modified or duplicated. This 
is probably not intentional.
    at div
    at div
    at div
    at div
    at spy (file:///C:/Users/Eli/Desktop/Claude%20Co
de/CPQ-System/node_modules/tinyspy/dist/index.js:42:
80)
    at div
    at div
    at div
    at C:\Users\Eli\Desktop\Claude 
Code\CPQ-System\src\components\ui\card.tsx:81:57
    at div
    at C:\Users\Eli\Desktop\Claude 
Code\CPQ-System\src\components\ui\card.tsx:7:50
    at BOMGrid (C:\Users\Eli\Desktop\Claude Code\CPQ
-System\src\components\shared\BOMGrid.tsx:22:3)
Warning: A component is `contentEditable` and 
contains `children` managed by React. It is now 
your responsibility to guarantee that none of those 
nodes are unexpectedly modified or duplicated. This 
is probably not intentional.
    at div
    at div
    at div
    at div
    at spy (file:///C:/Users/Eli/Desktop/Claude%20Co
de/CPQ-System/node_modules/tinyspy/dist/index.js:42:
80)
    at div
    at div
    at div
    at C:\Users\Eli\Desktop\Claude 
Code\CPQ-System\src\components\ui\card.tsx:81:57
    at div
    at C:\Users\Eli\Desktop\Claude 
Code\CPQ-System\src\components\ui\card.tsx:7:50
    at BOMGrid (C:\Users\Eli\Desktop\Claude Code\CPQ
-System\src\components\shared\BOMGrid.tsx:22:3)
Warning: A component is `contentEditable` and 
contains `children` managed by React. It is now 
your responsibility to guarantee that none of those 
nodes are unexpectedly modified or duplicated. This 
is probably not intentional.
    at div
    at div
    at div
    at div
    at spy (file:///C:/Users/Eli/Desktop/Claude%20Co
de/CPQ-System/node_modules/tinyspy/dist/index.js:42:
80)
    at div
    at div
    at div
    at C:\Users\Eli\Desktop\Claude 
Code\CPQ-System\src\components\ui\card.tsx:81:57
    at div
    at C:\Users\Eli\Desktop\Claude 
Code\CPQ-System\src\components\ui\card.tsx:7:50
    at BOMGrid (C:\Users\Eli\Desktop\Claude Code\CPQ
-System\src\components\shared\BOMGrid.tsx:22:3)
Warning: A component is `contentEditable` and 
contains `children` managed by React. It is now 
your responsibility to guarantee that none of those 
nodes are unexpectedly modified or duplicated. This 
is probably not intentional.
    at div
    at div
    at div
    at div
    at spy (file:///C:/Users/Eli/Desktop/Claude%20Co
de/CPQ-System/node_modules/tinyspy/dist/index.js:42:
80)
    at div
    at div
    at div
    at C:\Users\Eli\Desktop\Claude 
Code\CPQ-System\src\components\ui\card.tsx:81:57
    at div
    at C:\Users\Eli\Desktop\Claude 
Code\CPQ-System\src\components\ui\card.tsx:7:50
    at BOMGrid (C:\Users\Eli\Desktop\Claude Code\CPQ
-System\src\components\shared\BOMGrid.tsx:22:3)
Warning: A component is `contentEditable` and 
contains `children` managed by React. It is now 
your responsibility to guarantee that none of those 
nodes are unexpectedly modified or duplicated. This 
is probably not intentional.
    at div
    at div
    at div
    at div
    at spy (file:///C:/Users/Eli/Desktop/Claude%20Co
de/CPQ-System/node_modules/tinyspy/dist/index.js:42:
80)
    at div
    at div
    at div
    at C:\Users\Eli\Desktop\Claude 
Code\CPQ-System\src\components\ui\card.tsx:81:57
    at div
    at C:\Users\Eli\Desktop\Claude 
Code\CPQ-System\src\components\ui\card.tsx:7:50
    at BOMGrid (C:\Users\Eli\Desktop\Claude Code\CPQ
-System\src\components\shared\BOMGrid.tsx:22:3)
Warning: A component is `contentEditable` and 
contains `children` managed by React. It is now 
your responsibility to guarantee that none of those 
nodes are unexpectedly modified or duplicated. This 
is probably not intentional.
    at div
    at div
    at div
    at div
    at spy (file:///C:/Users/Eli/Desktop/Claude%20Co
de/CPQ-System/node_modules/tinyspy/dist/index.js:42:
80)
    at div
    at div
    at div
    at C:\Users\Eli\Desktop\Claude 
Code\CPQ-System\src\components\ui\card.tsx:81:57
    at div
    at C:\Users\Eli\Desktop\Claude 
Code\CPQ-System\src\components\ui\card.tsx:7:50
    at BOMGrid (C:\Users\Eli\Desktop\Claude Code\CPQ
-System\src\components\shared\BOMGrid.tsx:22:3)
Warning: A component is `contentEditable` and 
contains `children` managed by React. It is now 
your responsibility to guarantee that none of those 
nodes are unexpectedly modified or duplicated. This 
is probably not intentional.
    at div
    at div
    at div
    at div
    at spy (file:///C:/Users/Eli/Desktop/Claude%20Co
de/CPQ-System/node_modules/tinyspy/dist/index.js:42:
80)
    at div
    at div
    at div
    at C:\Users\Eli\Desktop\Claude 
Code\CPQ-System\src\components\ui\card.tsx:81:57
    at div
    at C:\Users\Eli\Desktop\Claude 
Code\CPQ-System\src\components\ui\card.tsx:7:50
    at BOMGrid (C:\Users\Eli\Desktop\Claude Code\CPQ
-System\src\components\shared\BOMGrid.tsx:22:3)
Warning: A component is `contentEditable` and 
contains `children` managed by React. It is now 
your responsibility to guarantee that none of those 
nodes are unexpectedly modified or duplicated. This 
is probably not intentional.
    at div
    at div
    at div
    at div
    at spy (file:///C:/Users/Eli/Desktop/Claude%20Co
de/CPQ-System/node_modules/tinyspy/dist/index.js:42:
80)
    at div
    at div
    at div
    at C:\Users\Eli\Desktop\Claude 
Code\CPQ-System\src\components\ui\card.tsx:81:57
    at div
    at C:\Users\Eli\Desktop\Claude 
Code\CPQ-System\src\components\ui\card.tsx:7:50
    at BOMGrid (C:\Users\Eli\Desktop\Claude Code\CPQ
-System\src\components\shared\BOMGrid.tsx:22:3)
Warning: A component is `contentEditable` and 
contains `children` managed by React. It is now 
your responsibility to guarantee that none of those 
nodes are unexpectedly modified or duplicated. This 
is probably not intentional.
    at div
    at div
    at div
    at div
    at spy (file:///C:/Users/Eli/Desktop/Claude%20Co
de/CPQ-System/node_modules/tinyspy/dist/index.js:42:
80)
    at div
    at div
    at div
    at C:\Users\Eli\Desktop\Claude 
Code\CPQ-System\src\components\ui\card.tsx:81:57
    at div
    at C:\Users\Eli\Desktop\Claude 
Code\CPQ-System\src\components\ui\card.tsx:7:50
    at BOMGrid (C:\Users\Eli\Desktop\Claude Code\CPQ
-System\src\components\shared\BOMGrid.tsx:22:3)
Warning: A component is `contentEditable` and 
contains `children` managed by React. It is now 
your responsibility to guarantee that none of those 
nodes are unexpectedly modified or duplicated. This 
is probably not intentional.
    at div
    at div
    at div
    at div
    at spy (file:///C:/Users/Eli/Desktop/Claude%20Co
de/CPQ-System/node_modules/tinyspy/dist/index.js:42:
80)
    at div
    at div
    at div
    at C:\Users\Eli\Desktop\Claude 
Code\CPQ-System\src\components\ui\card.tsx:81:57
    at div
    at C:\Users\Eli\Desktop\Claude 
Code\CPQ-System\src\components\ui\card.tsx:7:50
    at BOMGrid (C:\Users\Eli\Desktop\Claude Code\CPQ
-System\src\components\shared\BOMGrid.tsx:22:3)
Warning: A component is `contentEditable` and 
contains `children` managed by React. It is now 
your responsibility to guarantee that none of those 
nodes are unexpectedly modified or duplicated. This 
is probably not intentional.
    at div
    at div
    at div
    at div
    at spy (file:///C:/Users/Eli/Desktop/Claude%20Co
de/CPQ-System/node_modules/tinyspy/dist/index.js:42:
80)
    at div
    at div
    at div
    at C:\Users\Eli\Desktop\Claude 
Code\CPQ-System\src\components\ui\card.tsx:81:57
    at div
    at C:\Users\Eli\Desktop\Claude 
Code\CPQ-System\src\components\ui\card.tsx:7:50
    at BOMGrid (C:\Users\Eli\Desktop\Claude Code\CPQ
-System\src\components\shared\BOMGrid.tsx:22:3)
Warning: A component is `contentEditable` and 
contains `children` managed by React. It is now 
your responsibility to guarantee that none of those 
nodes are unexpectedly modified or duplicated. This 
is probably not intentional.
    at div
    at div
    at div
    at div
    at spy (file:///C:/Users/Eli/Desktop/Claude%20Co
de/CPQ-System/node_modules/tinyspy/dist/index.js:42:
80)
    at div
    at div
    at div
    at C:\Users\Eli\Desktop\Claude 
Code\CPQ-System\src\components\ui\card.tsx:81:57
    at div
    at C:\Users\Eli\Desktop\Claude 
Code\CPQ-System\src\components\ui\card.tsx:7:50
    at BOMGrid (C:\Users\Eli\Desktop\Claude Code\CPQ
-System\src\components\shared\BOMGrid.tsx:22:3)
Warning: A component is `contentEditable` and 
contains `children` managed by React. It is now 
your responsibility to guarantee that none of those 
nodes are unexpectedly modified or duplicated. This 
is probably not intentional.
    at div
    at div
    at div
    at div
    at spy (file:///C:/Users/Eli/Desktop/Claude%20Co
de/CPQ-System/node_modules/tinyspy/dist/index.js:42:
80)
    at div
    at div
    at div
    at C:\Users\Eli\Desktop\Claude 
Code\CPQ-System\src\components\ui\card.tsx:81:57
    at div
    at C:\Users\Eli\Desktop\Claude 
Code\CPQ-System\src\components\ui\card.tsx:7:50
    at BOMGrid (C:\Users\Eli\Desktop\Claude Code\CPQ
-System\src\components\shared\BOMGrid.tsx:22:3)
Warning: A component is `contentEditable` and 
contains `children` managed by React. It is now 
your responsibility to guarantee that none of those 
nodes are unexpectedly modified or duplicated. This 
is probably not intentional.
    at div
    at div
    at div
    at div
    at spy (file:///C:/Users/Eli/Desktop/Claude%20Co
de/CPQ-System/node_modules/tinyspy/dist/index.js:42:
80)
    at div
    at div
    at div
    at C:\Users\Eli\Desktop\Claude 
Code\CPQ-System\src\components\ui\card.tsx:81:57
    at div
    at C:\Users\Eli\Desktop\Claude 
Code\CPQ-System\src\components\ui\card.tsx:7:50
    at BOMGrid (C:\Users\Eli\Desktop\Claude Code\CPQ
-System\src\components\shared\BOMGrid.tsx:22:3)
Warning: A component is `contentEditable` and 
contains `children` managed by React. It is now 
your responsibility to guarantee that none of those 
nodes are unexpectedly modified or duplicated. This 
is probably not intentional.
    at div
    at div
    at div
    at div
    at spy (file:///C:/Users/Eli/Desktop/Claude%20Co
de/CPQ-System/node_modules/tinyspy/dist/index.js:42:
80)
    at div
    at div
    at div
    at C:\Users\Eli\Desktop\Claude 
Code\CPQ-System\src\components\ui\card.tsx:81:57
    at div
    at C:\Users\Eli\Desktop\Claude 
Code\CPQ-System\src\components\ui\card.tsx:7:50
    at BOMGrid (C:\Users\Eli\Desktop\Claude Code\CPQ
-System\src\components\shared\BOMGrid.tsx:22:3)
Warning: A component is `contentEditable` and 
contains `children` managed by React. It is now 
your responsibility to guarantee that none of those 
nodes are unexpectedly modified or duplicated. This 
is probably not intentional.
    at div
    at div
    at div
    at div
    at spy (file:///C:/Users/Eli/Desktop/Claude%20Co
de/CPQ-System/node_modules/tinyspy/dist/index.js:42:
80)
    at div
    at div
    at div
    at C:\Users\Eli\Desktop\Claude 
Code\CPQ-System\src\components\ui\card.tsx:81:57
    at div
    at C:\Users\Eli\Desktop\Claude 
Code\CPQ-System\src\components\ui\card.tsx:7:50
    at BOMGrid (C:\Users\Eli\Desktop\Claude Code\CPQ
-System\src\components\shared\BOMGrid.tsx:22:3)
Warning: A component is `contentEditable` and 
contains `children` managed by React. It is now 
your responsibility to guarantee that none of those 
nodes are unexpectedly modified or duplicated. This 
is probably not intentional.
    at div
    at div
    at div
    at div
    at spy (file:///C:/Users/Eli/Desktop/Claude%20Co
de/CPQ-System/node_modules/tinyspy/dist/index.js:42:
80)
    at div
    at div
    at div
    at C:\Users\Eli\Desktop\Claude 
Code\CPQ-System\src\components\ui\card.tsx:81:57
    at div
    at C:\Users\Eli\Desktop\Claude 
Code\CPQ-System\src\components\ui\card.tsx:7:50
    at BOMGrid (C:\Users\Eli\Desktop\Claude Code\CPQ
-System\src\components\shared\BOMGrid.tsx:22:3)
Warning: A component is `contentEditable` and 
contains `children` managed by React. It is now 
your responsibility to guarantee that none of those 
nodes are unexpectedly modified or duplicated. This 
is probably not intentional.
    at div
    at div
    at div
    at div
    at spy (file:///C:/Users/Eli/Desktop/Claude%20Co
de/CPQ-System/node_modules/tinyspy/dist/index.js:42:
80)
    at div
    at div
    at div
    at C:\Users\Eli\Desktop\Claude 
Code\CPQ-System\src\components\ui\card.tsx:81:57
    at div
    at C:\Users\Eli\Desktop\Claude 
Code\CPQ-System\src\components\ui\card.tsx:7:50
    at BOMGrid (C:\Users\Eli\Desktop\Claude Code\CPQ
-System\src\components\shared\BOMGrid.tsx:22:3)
Warning: A component is `contentEditable` and 
contains `children` managed by React. It is now 
your responsibility to guarantee that none of those 
nodes are unexpectedly modified or duplicated. This 
is probably not intentional.
    at div
    at div
    at div
    at div
    at spy (file:///C:/Users/Eli/Desktop/Claude%20Co
de/CPQ-System/node_modules/tinyspy/dist/index.js:42:
80)
    at div
    at div
    at div
    at C:\Users\Eli\Desktop\Claude 
Code\CPQ-System\src\components\ui\card.tsx:81:57
    at div
    at C:\Users\Eli\Desktop\Claude 
Code\CPQ-System\src\components\ui\card.tsx:7:50
    at BOMGrid (C:\Users\Eli\Desktop\Claude Code\CPQ
-System\src\components\shared\BOMGrid.tsx:22:3)
Warning: A component is `contentEditable` and 
contains `children` managed by React. It is now 
your responsibility to guarantee that none of those 
nodes are unexpectedly modified or duplicated. This 
is probably not intentional.
    at div
    at div
    at div
    at div
    at spy (file:///C:/Users/Eli/Desktop/Claude%20Co
de/CPQ-System/node_modules/tinyspy/dist/index.js:42:
80)
    at div
    at div
    at div
    at C:\Users\Eli\Desktop\Claude 
Code\CPQ-System\src\components\ui\card.tsx:81:57
    at div
    at C:\Users\Eli\Desktop\Claude 
Code\CPQ-System\src\components\ui\card.tsx:7:50
    at BOMGrid (C:\Users\Eli\Desktop\Claude Code\CPQ
-System\src\components\shared\BOMGrid.tsx:22:3)
Warning: A component is `contentEditable` and 
contains `children` managed by React. It is now 
your responsibility to guarantee that none of those 
nodes are unexpectedly modified or duplicated. This 
is probably not intentional.
    at div
    at div
    at div
    at div
    at spy (file:///C:/Users/Eli/Desktop/Claude%20Co
de/CPQ-System/node_modules/tinyspy/dist/index.js:42:
80)
    at div
    at div
    at div
    at C:\Users\Eli\Desktop\Claude 
Code\CPQ-System\src\components\ui\card.tsx:81:57
    at div
    at C:\Users\Eli\Desktop\Claude 
Code\CPQ-System\src\components\ui\card.tsx:7:50
    at BOMGrid (C:\Users\Eli\Desktop\Claude Code\CPQ
-System\src\components\shared\BOMGrid.tsx:22:3)
Warning: A component is `contentEditable` and 
contains `children` managed by React. It is now 
your responsibility to guarantee that none of those 
nodes are unexpectedly modified or duplicated. This 
is probably not intentional.
    at div
    at div
    at div
    at div
    at spy (file:///C:/Users/Eli/Desktop/Claude%20Co
de/CPQ-System/node_modules/tinyspy/dist/index.js:42:
80)
    at div
    at div
    at div
    at C:\Users\Eli\Desktop\Claude 
Code\CPQ-System\src\components\ui\card.tsx:81:57
    at div
    at C:\Users\Eli\Desktop\Claude 
Code\CPQ-System\src\components\ui\card.tsx:7:50
    at BOMGrid (C:\Users\Eli\Desktop\Claude Code\CPQ
-System\src\components\shared\BOMGrid.tsx:22:3)
Warning: A component is `contentEditable` and 
contains `children` managed by React. It is now 
your responsibility to guarantee that none of those 
nodes are unexpectedly modified or duplicated. This 
is probably not intentional.
    at div
    at div
    at div
    at div
    at spy (file:///C:/Users/Eli/Desktop/Claude%20Co
de/CPQ-System/node_modules/tinyspy/dist/index.js:42:
80)
    at div
    at div
    at div
    at C:\Users\Eli\Desktop\Claude 
Code\CPQ-System\src\components\ui\card.tsx:81:57
    at div
    at C:\Users\Eli\Desktop\Claude 
Code\CPQ-System\src\components\ui\card.tsx:7:50
    at BOMGrid (C:\Users\Eli\Desktop\Claude Code\CPQ
-System\src\components\shared\BOMGrid.tsx:22:3)
Warning: A component is `contentEditable` and 
contains `children` managed by React. It is now 
your responsibility to guarantee that none of those 
nodes are unexpectedly modified or duplicated. This 
is probably not intentional.
    at div
    at div
    at div
    at div
    at spy (file:///C:/Users/Eli/Desktop/Claude%20Co
de/CPQ-System/node_modules/tinyspy/dist/index.js:42:
80)
    at div
    at div
    at div
    at C:\Users\Eli\Desktop\Claude 
Code\CPQ-System\src\components\ui\card.tsx:81:57
    at div
    at C:\Users\Eli\Desktop\Claude 
Code\CPQ-System\src\components\ui\card.tsx:7:50
    at BOMGrid (C:\Users\Eli\Desktop\Claude Code\CPQ
-System\src\components\shared\BOMGrid.tsx:22:3)
Warning: A component is `contentEditable` and 
contains `children` managed by React. It is now 
your responsibility to guarantee that none of those 
nodes are unexpectedly modified or duplicated. This 
is probably not intentional.
    at div
    at div
    at div
    at div
    at spy (file:///C:/Users/Eli/Desktop/Claude%20Co
de/CPQ-System/node_modules/tinyspy/dist/index.js:42:
80)
    at div
    at div
    at div
    at C:\Users\Eli\Desktop\Claude 
Code\CPQ-System\src\components\ui\card.tsx:81:57
    at div
    at C:\Users\Eli\Desktop\Claude 
Code\CPQ-System\src\components\ui\card.tsx:7:50
    at BOMGrid (C:\Users\Eli\Desktop\Claude Code\CPQ
-System\src\components\shared\BOMGrid.tsx:22:3)
Warning: A component is `contentEditable` and 
contains `children` managed by React. It is now 
your responsibility to guarantee that none of those 
nodes are unexpectedly modified or duplicated. This 
is probably not intentional.
    at div
    at div
    at div
    at div
    at spy (file:///C:/Users/Eli/Desktop/Claude%20Co
de/CPQ-System/node_modules/tinyspy/dist/index.js:42:
80)
    at div
    at div
    at div
    at C:\Users\Eli\Desktop\Claude 
Code\CPQ-System\src\components\ui\card.tsx:81:57
    at div
    at C:\Users\Eli\Desktop\Claude 
Code\CPQ-System\src\components\ui\card.tsx:7:50
    at BOMGrid (C:\Users\Eli\Desktop\Claude Code\CPQ
-System\src\components\shared\BOMGrid.tsx:22:3)
Warning: A component is `contentEditable` and 
contains `children` managed by React. It is now 
your responsibility to guarantee that none of those 
nodes are unexpectedly modified or duplicated. This 
is probably not intentional.
    at div
    at div
    at div
    at div
    at spy (file:///C:/Users/Eli/Desktop/Claude%20Co
de/CPQ-System/node_modules/tinyspy/dist/index.js:42:
80)
    at div
    at div
    at div
    at C:\Users\Eli\Desktop\Claude 
Code\CPQ-System\src\components\ui\card.tsx:81:57
    at div
    at C:\Users\Eli\Desktop\Claude 
Code\CPQ-System\src\components\ui\card.tsx:7:50
    at BOMGrid (C:\Users\Eli\Desktop\Claude Code\CPQ
-System\src\components\shared\BOMGrid.tsx:22:3)
Warning: A component is `contentEditable` and 
contains `children` managed by React. It is now 
your responsibility to guarantee that none of those 
nodes are unexpectedly modified or duplicated. This 
is probably not intentional.
    at div
    at div
    at div
    at div
    at spy (file:///C:/Users/Eli/Desktop/Claude%20Co
de/CPQ-System/node_modules/tinyspy/dist/index.js:42:
80)
    at div
    at div
    at div
    at C:\Users\Eli\Desktop\Claude 
Code\CPQ-System\src\components\ui\card.tsx:81:57
    at div
    at C:\Users\Eli\Desktop\Claude 
Code\CPQ-System\src\components\ui\card.tsx:7:50
    at BOMGrid (C:\Users\Eli\Desktop\Claude Code\CPQ
-System\src\components\shared\BOMGrid.tsx:22:3)
Warning: A component is `contentEditable` and 
contains `children` managed by React. It is now 
your responsibility to guarantee that none of those 
nodes are unexpectedly modified or duplicated. This 
is probably not intentional.
    at div
    at div
    at div
    at div
    at spy (file:///C:/Users/Eli/Desktop/Claude%20Co
de/CPQ-System/node_modules/tinyspy/dist/index.js:42:
80)
    at div
    at div
    at div
    at C:\Users\Eli\Desktop\Claude 
Code\CPQ-System\src\components\ui\card.tsx:81:57
    at div
    at C:\Users\Eli\Desktop\Claude 
Code\CPQ-System\src\components\ui\card.tsx:7:50
    at BOMGrid (C:\Users\Eli\Desktop\Claude Code\CPQ
-System\src\components\shared\BOMGrid.tsx:22:3)
Warning: A component is `contentEditable` and 
contains `children` managed by React. It is now 
your responsibility to guarantee that none of those 
nodes are unexpectedly modified or duplicated. This 
is probably not intentional.
    at div
    at div
    at div
    at div
    at spy (file:///C:/Users/Eli/Desktop/Claude%20Co
de/CPQ-System/node_modules/tinyspy/dist/index.js:42:
80)
    at div
    at div
    at div
    at C:\Users\Eli\Desktop\Claude 
Code\CPQ-System\src\components\ui\card.tsx:81:57
    at div
    at C:\Users\Eli\Desktop\Claude 
Code\CPQ-System\src\components\ui\card.tsx:7:50
    at BOMGrid (C:\Users\Eli\Desktop\Claude Code\CPQ
-System\src\components\shared\BOMGrid.tsx:22:3)
Warning: A component is `contentEditable` and 
contains `children` managed by React. It is now 
your responsibility to guarantee that none of those 
nodes are unexpectedly modified or duplicated. This 
is probably not intentional.
    at div
    at div
    at div
    at div
    at spy (file:///C:/Users/Eli/Desktop/Claude%20Co
de/CPQ-System/node_modules/tinyspy/dist/index.js:42:
80)
    at div
    at div
    at div
    at C:\Users\Eli\Desktop\Claude 
Code\CPQ-System\src\components\ui\card.tsx:81:57
    at div
    at C:\Users\Eli\Desktop\Claude 
Code\CPQ-System\src\components\ui\card.tsx:7:50
    at BOMGrid (C:\Users\Eli\Desktop\Claude Code\CPQ
-System\src\components\shared\BOMGrid.tsx:22:3)
Warning: A component is `contentEditable` and 
contains `children` managed by React. It is now 
your responsibility to guarantee that none of those 
nodes are unexpectedly modified or duplicated. This 
is probably not intentional.
    at div
    at div
    at div
    at div
    at spy (file:///C:/Users/Eli/Desktop/Claude%20Co
de/CPQ-System/node_modules/tinyspy/dist/index.js:42:
80)
    at div
    at div
    at div
    at C:\Users\Eli\Desktop\Claude 
Code\CPQ-System\src\components\ui\card.tsx:81:57
    at div
    at C:\Users\Eli\Desktop\Claude 
Code\CPQ-System\src\components\ui\card.tsx:7:50
    at BOMGrid (C:\Users\Eli\Desktop\Claude Code\CPQ
-System\src\components\shared\BOMGrid.tsx:22:3)
Warning: A component is `contentEditable` and 
contains `children` managed by React. It is now 
your responsibility to guarantee that none of those 
nodes are unexpectedly modified or duplicated. This 
is probably not intentional.
    at div
    at div
    at div
    at div
    at spy (file:///C:/Users/Eli/Desktop/Claude%20Co
de/CPQ-System/node_modules/tinyspy/dist/index.js:42:
80)
    at div
    at div
    at div
    at C:\Users\Eli\Desktop\Claude 
Code\CPQ-System\src\components\ui\card.tsx:81:57
    at div
    at C:\Users\Eli\Desktop\Claude 
Code\CPQ-System\src\components\ui\card.tsx:7:50
    at BOMGrid (C:\Users\Eli\Desktop\Claude Code\CPQ
-System\src\components\shared\BOMGrid.tsx:22:3)
Warning: A component is `contentEditable` and 
contains `children` managed by React. It is now 
your responsibility to guarantee that none of those 
nodes are unexpectedly modified or duplicated. This 
is probably not intentional.
    at div
    at div
    at div
    at div
    at spy (file:///C:/Users/Eli/Desktop/Claude%20Co
de/CPQ-System/node_modules/tinyspy/dist/index.js:42:
80)
    at div
    at div
    at div
    at C:\Users\Eli\Desktop\Claude 
Code\CPQ-System\src\components\ui\card.tsx:81:57
    at div
    at C:\Users\Eli\Desktop\Claude 
Code\CPQ-System\src\components\ui\card.tsx:7:50
    at BOMGrid (C:\Users\Eli\Desktop\Claude Code\CPQ
-System\src\components\shared\BOMGrid.tsx:22:3)
Warning: A component is `contentEditable` and 
contains `children` managed by React. It is now 
your responsibility to guarantee that none of those 
nodes are unexpectedly modified or duplicated. This 
is probably not intentional.
    at div
    at div
    at div
    at div
    at spy (file:///C:/Users/Eli/Desktop/Claude%20Co
de/CPQ-System/node_modules/tinyspy/dist/index.js:42:
80)
    at div
    at div
    at div
    at C:\Users\Eli\Desktop\Claude 
Code\CPQ-System\src\components\ui\card.tsx:81:57
    at div
    at C:\Users\Eli\Desktop\Claude 
Code\CPQ-System\src\components\ui\card.tsx:7:50
    at BOMGrid (C:\Users\Eli\Desktop\Claude Code\CPQ
-System\src\components\shared\BOMGrid.tsx:22:3)
Warning: A component is `contentEditable` and 
contains `children` managed by React. It is now 
your responsibility to guarantee that none of those 
nodes are unexpectedly modified or duplicated. This 
is probably not intentional.
    at div
    at div
    at div
    at div
    at spy (file:///C:/Users/Eli/Desktop/Claude%20Co
de/CPQ-System/node_modules/tinyspy/dist/index.js:42:
80)
    at div
    at div
    at div
    at C:\Users\Eli\Desktop\Claude 
Code\CPQ-System\src\components\ui\card.tsx:81:57
    at div
    at C:\Users\Eli\Desktop\Claude 
Code\CPQ-System\src\components\ui\card.tsx:7:50
    at BOMGrid (C:\Users\Eli\Desktop\Claude Code\CPQ
-System\src\components\shared\BOMGrid.tsx:22:3)
Warning: A component is `contentEditable` and 
contains `children` managed by React. It is now 
your responsibility to guarantee that none of those 
nodes are unexpectedly modified or duplicated. This 
is probably not intentional.
    at div
    at div
    at div
    at div
    at spy (file:///C:/Users/Eli/Desktop/Claude%20Co
de/CPQ-System/node_modules/tinyspy/dist/index.js:42:
80)
    at div
    at div
    at div
    at C:\Users\Eli\Desktop\Claude 
Code\CPQ-System\src\components\ui\card.tsx:81:57
    at div
    at C:\Users\Eli\Desktop\Claude 
Code\CPQ-System\src\components\ui\card.tsx:7:50
    at BOMGrid (C:\Users\Eli\Desktop\Claude Code\CPQ
-System\src\components\shared\BOMGrid.tsx:22:3)
Warning: A component is `contentEditable` and 
contains `children` managed by React. It is now 
your responsibility to guarantee that none of those 
nodes are unexpectedly modified or duplicated. This 
is probably not intentional.
    at div
    at div
    at div
    at div
    at spy (file:///C:/Users/Eli/Desktop/Claude%20Co
de/CPQ-System/node_modules/tinyspy/dist/index.js:42:
80)
    at div
    at div
    at div
    at C:\Users\Eli\Desktop\Claude 
Code\CPQ-System\src\components\ui\card.tsx:81:57
    at div
    at C:\Users\Eli\Desktop\Claude 
Code\CPQ-System\src\components\ui\card.tsx:7:50
    at BOMGrid (C:\Users\Eli\Desktop\Claude Code\CPQ
-System\src\components\shared\BOMGrid.tsx:22:3)
Warning: A component is `contentEditable` and 
contains `children` managed by React. It is now 
your responsibility to guarantee that none of those 
nodes are unexpectedly modified or duplicated. This 
is probably not intentional.
    at div
    at div
    at div
    at div
    at spy (file:///C:/Users/Eli/Desktop/Claude%20Co
de/CPQ-System/node_modules/tinyspy/dist/index.js:42:
80)
    at div
    at div
    at div
    at C:\Users\Eli\Desktop\Claude 
Code\CPQ-System\src\components\ui\card.tsx:81:57
    at div
    at C:\Users\Eli\Desktop\Claude 
Code\CPQ-System\src\components\ui\card.tsx:7:50
    at BOMGrid (C:\Users\Eli\Desktop\Claude Code\CPQ
-System\src\components\shared\BOMGrid.tsx:22:3)
Warning: A component is `contentEditable` and 
contains `children` managed by React. It is now 
your responsibility to guarantee that none of those 
nodes are unexpectedly modified or duplicated. This 
is probably not intentional.
    at div
    at div
    at div
    at div
    at spy (file:///C:/Users/Eli/Desktop/Claude%20Co
de/CPQ-System/node_modules/tinyspy/dist/index.js:42:
80)
    at div
    at div
    at div
    at C:\Users\Eli\Desktop\Claude 
Code\CPQ-System\src\components\ui\card.tsx:81:57
    at div
    at C:\Users\Eli\Desktop\Claude 
Code\CPQ-System\src\components\ui\card.tsx:7:50
    at BOMGrid (C:\Users\Eli\Desktop\Claude Code\CPQ
-System\src\components\shared\BOMGrid.tsx:22:3)
Warning: A component is `contentEditable` and 
contains `children` managed by React. It is now 
your responsibility to guarantee that none of those 
nodes are unexpectedly modified or duplicated. This 
is probably not intentional.
    at div
    at div
    at div
    at div
    at spy (file:///C:/Users/Eli/Desktop/Claude%20Co
de/CPQ-System/node_modules/tinyspy/dist/index.js:42:
80)
    at div
    at div
    at div
    at C:\Users\Eli\Desktop\Claude 
Code\CPQ-System\src\components\ui\card.tsx:81:57
    at div
    at C:\Users\Eli\Desktop\Claude 
Code\CPQ-System\src\components\ui\card.tsx:7:50
    at BOMGrid (C:\Users\Eli\Desktop\Claude Code\CPQ
-System\src\components\shared\BOMGrid.tsx:22:3)
Warning: A component is `contentEditable` and 
contains `children` managed by React. It is now 
your responsibility to guarantee that none of those 
nodes are unexpectedly modified or duplicated. This 
is probably not intentional.
    at div
    at div
    at div
    at div
    at spy (file:///C:/Users/Eli/Desktop/Claude%20Co
de/CPQ-System/node_modules/tinyspy/dist/index.js:42:
80)
    at div
    at div
    at div
    at C:\Users\Eli\Desktop\Claude 
Code\CPQ-System\src\components\ui\card.tsx:81:57
    at div
    at C:\Users\Eli\Desktop\Claude 
Code\CPQ-System\src\components\ui\card.tsx:7:50
    at BOMGrid (C:\Users\Eli\Desktop\Claude Code\CPQ
-System\src\components\shared\BOMGrid.tsx:22:3)
Warning: A component is `contentEditable` and 
contains `children` managed by React. It is now 
your responsibility to guarantee that none of those 
nodes are unexpectedly modified or duplicated. This 
is probably not intentional.
    at div
    at div
    at div
    at div
    at spy (file:///C:/Users/Eli/Desktop/Claude%20Co
de/CPQ-System/node_modules/tinyspy/dist/index.js:42:
80)
    at div
    at div
    at div
    at C:\Users\Eli\Desktop\Claude 
Code\CPQ-System\src\components\ui\card.tsx:81:57
    at div
    at C:\Users\Eli\Desktop\Claude 
Code\CPQ-System\src\components\ui\card.tsx:7:50
    at BOMGrid (C:\Users\Eli\Desktop\Claude Code\CPQ
-System\src\components\shared\BOMGrid.tsx:22:3)
Warning: A component is `contentEditable` and 
contains `children` managed by React. It is now 
your responsibility to guarantee that none of those 
nodes are unexpectedly modified or duplicated. This 
is probably not intentional.
    at div
    at div
    at div
    at div
    at spy (file:///C:/Users/Eli/Desktop/Claude%20Co
de/CPQ-System/node_modules/tinyspy/dist/index.js:42:
80)
    at div
    at div
    at div
    at C:\Users\Eli\Desktop\Claude 
Code\CPQ-System\src\components\ui\card.tsx:81:57
    at div
    at C:\Users\Eli\Desktop\Claude 
Code\CPQ-System\src\components\ui\card.tsx:7:50
    at BOMGrid (C:\Users\Eli\Desktop\Claude Code\CPQ
-System\src\components\shared\BOMGrid.tsx:22:3)
Warning: A component is `contentEditable` and 
contains `children` managed by React. It is now 
your responsibility to guarantee that none of those 
nodes are unexpectedly modified or duplicated. This 
is probably not intentional.
    at div
    at div
    at div
    at div
    at spy (file:///C:/Users/Eli/Desktop/Claude%20Co
de/CPQ-System/node_modules/tinyspy/dist/index.js:42:
80)
    at div
    at div
    at div
    at C:\Users\Eli\Desktop\Claude 
Code\CPQ-System\src\components\ui\card.tsx:81:57
    at div
    at C:\Users\Eli\Desktop\Claude 
Code\CPQ-System\src\components\ui\card.tsx:7:50
    at BOMGrid (C:\Users\Eli\Desktop\Claude Code\CPQ
-System\src\components\shared\BOMGrid.tsx:22:3)

[90mstderr[2m | src/components/shared/__tests__/BO
MGrid.test.tsx[2m > [22m[2mBOMGrid[2m > 
[22m[2mCustomer Pricing Toggle[2m > 
[22m[2mshows customer pricing columns when 
showCustomerPricing is true[22m[39m
Warning: A component is `contentEditable` and 
contains `children` managed by React. It is now 
your responsibility to guarantee that none of those 
nodes are unexpectedly modified or duplicated. This 
is probably not intentional.
    at div
    at div
    at div
    at div
    at spy (file:///C:/Users/Eli/Desktop/Claude%20Co
de/CPQ-System/node_modules/tinyspy/dist/index.js:42:
80)
    at div
    at div
    at div
    at C:\Users\Eli\Desktop\Claude 
Code\CPQ-System\src\components\ui\card.tsx:81:57
    at div
    at C:\Users\Eli\Desktop\Claude 
Code\CPQ-System\src\components\ui\card.tsx:7:50
    at BOMGrid (C:\Users\Eli\Desktop\Claude Code\CPQ
-System\src\components\shared\BOMGrid.tsx:22:3)
Warning: A component is `contentEditable` and 
contains `children` managed by React. It is now 
your responsibility to guarantee that none of those 
nodes are unexpectedly modified or duplicated. This 
is probably not intentional.
    at div
    at div
    at div
    at div
    at spy (file:///C:/Users/Eli/Desktop/Claude%20Co
de/CPQ-System/node_modules/tinyspy/dist/index.js:42:
80)
    at div
    at div
    at div
    at C:\Users\Eli\Desktop\Claude 
Code\CPQ-System\src\components\ui\card.tsx:81:57
    at div
    at C:\Users\Eli\Desktop\Claude 
Code\CPQ-System\src\components\ui\card.tsx:7:50
    at BOMGrid (C:\Users\Eli\Desktop\Claude Code\CPQ
-System\src\components\shared\BOMGrid.tsx:22:3)
Warning: A component is `contentEditable` and 
contains `children` managed by React. It is now 
your responsibility to guarantee that none of those 
nodes are unexpectedly modified or duplicated. This 
is probably not intentional.
    at div
    at div
    at div
    at div
    at spy (file:///C:/Users/Eli/Desktop/Claude%20Co
de/CPQ-System/node_modules/tinyspy/dist/index.js:42:
80)
    at div
    at div
    at div
    at C:\Users\Eli\Desktop\Claude 
Code\CPQ-System\src\components\ui\card.tsx:81:57
    at div
    at C:\Users\Eli\Desktop\Claude 
Code\CPQ-System\src\components\ui\card.tsx:7:50
    at BOMGrid (C:\Users\Eli\Desktop\Claude Code\CPQ
-System\src\components\shared\BOMGrid.tsx:22:3)
Warning: A component is `contentEditable` and 
contains `children` managed by React. It is now 
your responsibility to guarantee that none of those 
nodes are unexpectedly modified or duplicated. This 
is probably not intentional.
    at div
    at div
    at div
    at div
    at spy (file:///C:/Users/Eli/Desktop/Claude%20Co
de/CPQ-System/node_modules/tinyspy/dist/index.js:42:
80)
    at div
    at div
    at div
    at C:\Users\Eli\Desktop\Claude 
Code\CPQ-System\src\components\ui\card.tsx:81:57
    at div
    at C:\Users\Eli\Desktop\Claude 
Code\CPQ-System\src\components\ui\card.tsx:7:50
    at BOMGrid (C:\Users\Eli\Desktop\Claude Code\CPQ
-System\src\components\shared\BOMGrid.tsx:22:3)
Warning: A component is `contentEditable` and 
contains `children` managed by React. It is now 
your responsibility to guarantee that none of those 
nodes are unexpectedly modified or duplicated. This 
is probably not intentional.
    at div
    at div
    at div
    at div
    at spy (file:///C:/Users/Eli/Desktop/Claude%20Co
de/CPQ-System/node_modules/tinyspy/dist/index.js:42:
80)
    at div
    at div
    at div
    at C:\Users\Eli\Desktop\Claude 
Code\CPQ-System\src\components\ui\card.tsx:81:57
    at div
    at C:\Users\Eli\Desktop\Claude 
Code\CPQ-System\src\components\ui\card.tsx:7:50
    at BOMGrid (C:\Users\Eli\Desktop\Claude Code\CPQ
-System\src\components\shared\BOMGrid.tsx:22:3)
Warning: A component is `contentEditable` and 
contains `children` managed by React. It is now 
your responsibility to guarantee that none of those 
nodes are unexpectedly modified or duplicated. This 
is probably not intentional.
    at div
    at div
    at div
    at div
    at spy (file:///C:/Users/Eli/Desktop/Claude%20Co
de/CPQ-System/node_modules/tinyspy/dist/index.js:42:
80)
    at div
    at div
    at div
    at C:\Users\Eli\Desktop\Claude 
Code\CPQ-System\src\components\ui\card.tsx:81:57
    at div
    at C:\Users\Eli\Desktop\Claude 
Code\CPQ-System\src\components\ui\card.tsx:7:50
    at BOMGrid (C:\Users\Eli\Desktop\Claude Code\CPQ
-System\src\components\shared\BOMGrid.tsx:22:3)
Warning: A component is `contentEditable` and 
contains `children` managed by React. It is now 
your responsibility to guarantee that none of those 
nodes are unexpectedly modified or duplicated. This 
is probably not intentional.
    at div
    at div
    at div
    at div
    at spy (file:///C:/Users/Eli/Desktop/Claude%20Co
de/CPQ-System/node_modules/tinyspy/dist/index.js:42:
80)
    at div
    at div
    at div
    at C:\Users\Eli\Desktop\Claude 
Code\CPQ-System\src\components\ui\card.tsx:81:57
    at div
    at C:\Users\Eli\Desktop\Claude 
Code\CPQ-System\src\components\ui\card.tsx:7:50
    at BOMGrid (C:\Users\Eli\Desktop\Claude Code\CPQ
-System\src\components\shared\BOMGrid.tsx:22:3)
Warning: A component is `contentEditable` and 
contains `children` managed by React. It is now 
your responsibility to guarantee that none of those 
nodes are unexpectedly modified or duplicated. This 
is probably not intentional.
    at div
    at div
    at div
    at div
    at spy (file:///C:/Users/Eli/Desktop/Claude%20Co
de/CPQ-System/node_modules/tinyspy/dist/index.js:42:
80)
    at div
    at div
    at div
    at C:\Users\Eli\Desktop\Claude 
Code\CPQ-System\src\components\ui\card.tsx:81:57
    at div
    at C:\Users\Eli\Desktop\Claude 
Code\CPQ-System\src\components\ui\card.tsx:7:50
    at BOMGrid (C:\Users\Eli\Desktop\Claude Code\CPQ
-System\src\components\shared\BOMGrid.tsx:22:3)
Warning: A component is `contentEditable` and 
contains `children` managed by React. It is now 
your responsibility to guarantee that none of those 
nodes are unexpectedly modified or duplicated. This 
is probably not intentional.
    at div
    at div
    at div
    at div
    at spy (file:///C:/Users/Eli/Desktop/Claude%20Co
de/CPQ-System/node_modules/tinyspy/dist/index.js:42:
80)
    at div
    at div
    at div
    at C:\Users\Eli\Desktop\Claude 
Code\CPQ-System\src\components\ui\card.tsx:81:57
    at div
    at C:\Users\Eli\Desktop\Claude 
Code\CPQ-System\src\components\ui\card.tsx:7:50
    at BOMGrid (C:\Users\Eli\Desktop\Claude Code\CPQ
-System\src\components\shared\BOMGrid.tsx:22:3)
Warning: A component is `contentEditable` and 
contains `children` managed by React. It is now 
your responsibility to guarantee that none of those 
nodes are unexpectedly modified or duplicated. This 
is probably not intentional.
    at div
    at div
    at div
    at div
    at spy (file:///C:/Users/Eli/Desktop/Claude%20Co
de/CPQ-System/node_modules/tinyspy/dist/index.js:42:
80)
    at div
    at div
    at div
    at C:\Users\Eli\Desktop\Claude 
Code\CPQ-System\src\components\ui\card.tsx:81:57
    at div
    at C:\Users\Eli\Desktop\Claude 
Code\CPQ-System\src\components\ui\card.tsx:7:50
    at BOMGrid (C:\Users\Eli\Desktop\Claude Code\CPQ
-System\src\components\shared\BOMGrid.tsx:22:3)
Warning: A component is `contentEditable` and 
contains `children` managed by React. It is now 
your responsibility to guarantee that none of those 
nodes are unexpectedly modified or duplicated. This 
is probably not intentional.
    at div
    at div
    at div
    at div
    at spy (file:///C:/Users/Eli/Desktop/Claude%20Co
de/CPQ-System/node_modules/tinyspy/dist/index.js:42:
80)
    at div
    at div
    at div
    at C:\Users\Eli\Desktop\Claude 
Code\CPQ-System\src\components\ui\card.tsx:81:57
    at div
    at C:\Users\Eli\Desktop\Claude 
Code\CPQ-System\src\components\ui\card.tsx:7:50
    at BOMGrid (C:\Users\Eli\Desktop\Claude Code\CPQ
-System\src\components\shared\BOMGrid.tsx:22:3)
Warning: A component is `contentEditable` and 
contains `children` managed by React. It is now 
your responsibility to guarantee that none of those 
nodes are unexpectedly modified or duplicated. This 
is probably not intentional.
    at div
    at div
    at div
    at div
    at spy (file:///C:/Users/Eli/Desktop/Claude%20Co
de/CPQ-System/node_modules/tinyspy/dist/index.js:42:
80)
    at div
    at div
    at div
    at C:\Users\Eli\Desktop\Claude 
Code\CPQ-System\src\components\ui\card.tsx:81:57
    at div
    at C:\Users\Eli\Desktop\Claude 
Code\CPQ-System\src\components\ui\card.tsx:7:50
    at BOMGrid (C:\Users\Eli\Desktop\Claude Code\CPQ
-System\src\components\shared\BOMGrid.tsx:22:3)
Warning: A component is `contentEditable` and 
contains `children` managed by React. It is now 
your responsibility to guarantee that none of those 
nodes are unexpectedly modified or duplicated. This 
is probably not intentional.
    at div
    at div
    at div
    at div
    at spy (file:///C:/Users/Eli/Desktop/Claude%20Co
de/CPQ-System/node_modules/tinyspy/dist/index.js:42:
80)
    at div
    at div
    at div
    at C:\Users\Eli\Desktop\Claude 
Code\CPQ-System\src\components\ui\card.tsx:81:57
    at div
    at C:\Users\Eli\Desktop\Claude 
Code\CPQ-System\src\components\ui\card.tsx:7:50
    at BOMGrid (C:\Users\Eli\Desktop\Claude Code\CPQ
-System\src\components\shared\BOMGrid.tsx:22:3)
Warning: A component is `contentEditable` and 
contains `children` managed by React. It is now 
your responsibility to guarantee that none of those 
nodes are unexpectedly modified or duplicated. This 
is probably not intentional.
    at div
    at div
    at div
    at div
    at spy (file:///C:/Users/Eli/Desktop/Claude%20Co
de/CPQ-System/node_modules/tinyspy/dist/index.js:42:
80)
    at div
    at div
    at div
    at C:\Users\Eli\Desktop\Claude 
Code\CPQ-System\src\components\ui\card.tsx:81:57
    at div
    at C:\Users\Eli\Desktop\Claude 
Code\CPQ-System\src\components\ui\card.tsx:7:50
    at BOMGrid (C:\Users\Eli\Desktop\Claude Code\CPQ
-System\src\components\shared\BOMGrid.tsx:22:3)
Warning: A component is `contentEditable` and 
contains `children` managed by React. It is now 
your responsibility to guarantee that none of those 
nodes are unexpectedly modified or duplicated. This 
is probably not intentional.
    at div
    at div
    at div
    at div
    at spy (file:///C:/Users/Eli/Desktop/Claude%20Co
de/CPQ-System/node_modules/tinyspy/dist/index.js:42:
80)
    at div
    at div
    at div
    at C:\Users\Eli\Desktop\Claude 
Code\CPQ-System\src\components\ui\card.tsx:81:57
    at div
    at C:\Users\Eli\Desktop\Claude 
Code\CPQ-System\src\components\ui\card.tsx:7:50
    at BOMGrid (C:\Users\Eli\Desktop\Claude Code\CPQ
-System\src\components\shared\BOMGrid.tsx:22:3)
Warning: A component is `contentEditable` and 
contains `children` managed by React. It is now 
your responsibility to guarantee that none of those 
nodes are unexpectedly modified or duplicated. This 
is probably not intentional.
    at div
    at div
    at div
    at div
    at spy (file:///C:/Users/Eli/Desktop/Claude%20Co
de/CPQ-System/node_modules/tinyspy/dist/index.js:42:
80)
    at div
    at div
    at div
    at C:\Users\Eli\Desktop\Claude 
Code\CPQ-System\src\components\ui\card.tsx:81:57
    at div
    at C:\Users\Eli\Desktop\Claude 
Code\CPQ-System\src\components\ui\card.tsx:7:50
    at BOMGrid (C:\Users\Eli\Desktop\Claude Code\CPQ
-System\src\components\shared\BOMGrid.tsx:22:3)
Warning: A component is `contentEditable` and 
contains `children` managed by React. It is now 
your responsibility to guarantee that none of those 
nodes are unexpectedly modified or duplicated. This 
is probably not intentional.
    at div
    at div
    at div
    at div
    at spy (file:///C:/Users/Eli/Desktop/Claude%20Co
de/CPQ-System/node_modules/tinyspy/dist/index.js:42:
80)
    at div
    at div
    at div
    at C:\Users\Eli\Desktop\Claude 
Code\CPQ-System\src\components\ui\card.tsx:81:57
    at div
    at C:\Users\Eli\Desktop\Claude 
Code\CPQ-System\src\components\ui\card.tsx:7:50
    at BOMGrid (C:\Users\Eli\Desktop\Claude Code\CPQ
-System\src\components\shared\BOMGrid.tsx:22:3)
Warning: A component is `contentEditable` and 
contains `children` managed by React. It is now 
your responsibility to guarantee that none of those 
nodes are unexpectedly modified or duplicated. This 
is probably not intentional.
    at div
    at div
    at div
    at div
    at spy (file:///C:/Users/Eli/Desktop/Claude%20Co
de/CPQ-System/node_modules/tinyspy/dist/index.js:42:
80)
    at div
    at div
    at div
    at C:\Users\Eli\Desktop\Claude 
Code\CPQ-System\src\components\ui\card.tsx:81:57
    at div
    at C:\Users\Eli\Desktop\Claude 
Code\CPQ-System\src\components\ui\card.tsx:7:50
    at BOMGrid (C:\Users\Eli\Desktop\Claude Code\CPQ
-System\src\components\shared\BOMGrid.tsx:22:3)
Warning: A component is `contentEditable` and 
contains `children` managed by React. It is now 
your responsibility to guarantee that none of those 
nodes are unexpectedly modified or duplicated. This 
is probably not intentional.
    at div
    at div
    at div
    at div
    at spy (file:///C:/Users/Eli/Desktop/Claude%20Co
de/CPQ-System/node_modules/tinyspy/dist/index.js:42:
80)
    at div
    at div
    at div
    at C:\Users\Eli\Desktop\Claude 
Code\CPQ-System\src\components\ui\card.tsx:81:57
    at div
    at C:\Users\Eli\Desktop\Claude 
Code\CPQ-System\src\components\ui\card.tsx:7:50
    at BOMGrid (C:\Users\Eli\Desktop\Claude Code\CPQ
-System\src\components\shared\BOMGrid.tsx:22:3)
Warning: A component is `contentEditable` and 
contains `children` managed by React. It is now 
your responsibility to guarantee that none of those 
nodes are unexpectedly modified or duplicated. This 
is probably not intentional.
    at div
    at div
    at div
    at div
    at spy (file:///C:/Users/Eli/Desktop/Claude%20Co
de/CPQ-System/node_modules/tinyspy/dist/index.js:42:
80)
    at div
    at div
    at div
    at C:\Users\Eli\Desktop\Claude 
Code\CPQ-System\src\components\ui\card.tsx:81:57
    at div
    at C:\Users\Eli\Desktop\Claude 
Code\CPQ-System\src\components\ui\card.tsx:7:50
    at BOMGrid (C:\Users\Eli\Desktop\Claude Code\CPQ
-System\src\components\shared\BOMGrid.tsx:22:3)
Warning: A component is `contentEditable` and 
contains `children` managed by React. It is now 
your responsibility to guarantee that none of those 
nodes are unexpectedly modified or duplicated. This 
is probably not intentional.
    at div
    at div
    at div
    at div
    at spy (file:///C:/Users/Eli/Desktop/Claude%20Co
de/CPQ-System/node_modules/tinyspy/dist/index.js:42:
80)
    at div
    at div
    at div
    at C:\Users\Eli\Desktop\Claude 
Code\CPQ-System\src\components\ui\card.tsx:81:57
    at div
    at C:\Users\Eli\Desktop\Claude 
Code\CPQ-System\src\components\ui\card.tsx:7:50
    at BOMGrid (C:\Users\Eli\Desktop\Claude Code\CPQ
-System\src\components\shared\BOMGrid.tsx:22:3)
Warning: A component is `contentEditable` and 
contains `children` managed by React. It is now 
your responsibility to guarantee that none of those 
nodes are unexpectedly modified or duplicated. This 
is probably not intentional.
    at div
    at div
    at div
    at div
    at spy (file:///C:/Users/Eli/Desktop/Claude%20Co
de/CPQ-System/node_modules/tinyspy/dist/index.js:42:
80)
    at div
    at div
    at div
    at C:\Users\Eli\Desktop\Claude 
Code\CPQ-System\src\components\ui\card.tsx:81:57
    at div
    at C:\Users\Eli\Desktop\Claude 
Code\CPQ-System\src\components\ui\card.tsx:7:50
    at BOMGrid (C:\Users\Eli\Desktop\Claude Code\CPQ
-System\src\components\shared\BOMGrid.tsx:22:3)
Warning: A component is `contentEditable` and 
contains `children` managed by React. It is now 
your responsibility to guarantee that none of those 
nodes are unexpectedly modified or duplicated. This 
is probably not intentional.
    at div
    at div
    at div
    at div
    at spy (file:///C:/Users/Eli/Desktop/Claude%20Co
de/CPQ-System/node_modules/tinyspy/dist/index.js:42:
80)
    at div
    at div
    at div
    at C:\Users\Eli\Desktop\Claude 
Code\CPQ-System\src\components\ui\card.tsx:81:57
    at div
    at C:\Users\Eli\Desktop\Claude 
Code\CPQ-System\src\components\ui\card.tsx:7:50
    at BOMGrid (C:\Users\Eli\Desktop\Claude Code\CPQ
-System\src\components\shared\BOMGrid.tsx:22:3)
Warning: A component is `contentEditable` and 
contains `children` managed by React. It is now 
your responsibility to guarantee that none of those 
nodes are unexpectedly modified or duplicated. This 
is probably not intentional.
    at div
    at div
    at div
    at div
    at spy (file:///C:/Users/Eli/Desktop/Claude%20Co
de/CPQ-System/node_modules/tinyspy/dist/index.js:42:
80)
    at div
    at div
    at div
    at C:\Users\Eli\Desktop\Claude 
Code\CPQ-System\src\components\ui\card.tsx:81:57
    at div
    at C:\Users\Eli\Desktop\Claude 
Code\CPQ-System\src\components\ui\card.tsx:7:50
    at BOMGrid (C:\Users\Eli\Desktop\Claude Code\CPQ
-System\src\components\shared\BOMGrid.tsx:22:3)
Warning: A component is `contentEditable` and 
contains `children` managed by React. It is now 
your responsibility to guarantee that none of those 
nodes are unexpectedly modified or duplicated. This 
is probably not intentional.
    at div
    at div
    at div
    at div
    at spy (file:///C:/Users/Eli/Desktop/Claude%20Co
de/CPQ-System/node_modules/tinyspy/dist/index.js:42:
80)
    at div
    at div
    at div
    at C:\Users\Eli\Desktop\Claude 
Code\CPQ-System\src\components\ui\card.tsx:81:57
    at div
    at C:\Users\Eli\Desktop\Claude 
Code\CPQ-System\src\components\ui\card.tsx:7:50
    at BOMGrid (C:\Users\Eli\Desktop\Claude Code\CPQ
-System\src\components\shared\BOMGrid.tsx:22:3)
Warning: A component is `contentEditable` and 
contains `children` managed by React. It is now 
your responsibility to guarantee that none of those 
nodes are unexpectedly modified or duplicated. This 
is probably not intentional.
    at div
    at div
    at div
    at div
    at spy (file:///C:/Users/Eli/Desktop/Claude%20Co
de/CPQ-System/node_modules/tinyspy/dist/index.js:42:
80)
    at div
    at div
    at div
    at C:\Users\Eli\Desktop\Claude 
Code\CPQ-System\src\components\ui\card.tsx:81:57
    at div
    at C:\Users\Eli\Desktop\Claude 
Code\CPQ-System\src\components\ui\card.tsx:7:50
    at BOMGrid (C:\Users\Eli\Desktop\Claude Code\CPQ
-System\src\components\shared\BOMGrid.tsx:22:3)
Warning: A component is `contentEditable` and 
contains `children` managed by React. It is now 
your responsibility to guarantee that none of those 
nodes are unexpectedly modified or duplicated. This 
is probably not intentional.
    at div
    at div
    at div
    at div
    at spy (file:///C:/Users/Eli/Desktop/Claude%20Co
de/CPQ-System/node_modules/tinyspy/dist/index.js:42:
80)
    at div
    at div
    at div
    at C:\Users\Eli\Desktop\Claude 
Code\CPQ-System\src\components\ui\card.tsx:81:57
    at div
    at C:\Users\Eli\Desktop\Claude 
Code\CPQ-System\src\components\ui\card.tsx:7:50
    at BOMGrid (C:\Users\Eli\Desktop\Claude Code\CPQ
-System\src\components\shared\BOMGrid.tsx:22:3)
Warning: A component is `contentEditable` and 
contains `children` managed by React. It is now 
your responsibility to guarantee that none of those 
nodes are unexpectedly modified or duplicated. This 
is probably not intentional.
    at div
    at div
    at div
    at div
    at spy (file:///C:/Users/Eli/Desktop/Claude%20Co
de/CPQ-System/node_modules/tinyspy/dist/index.js:42:
80)
    at div
    at div
    at div
    at C:\Users\Eli\Desktop\Claude 
Code\CPQ-System\src\components\ui\card.tsx:81:57
    at div
    at C:\Users\Eli\Desktop\Claude 
Code\CPQ-System\src\components\ui\card.tsx:7:50
    at BOMGrid (C:\Users\Eli\Desktop\Claude Code\CPQ
-System\src\components\shared\BOMGrid.tsx:22:3)
Warning: A component is `contentEditable` and 
contains `children` managed by React. It is now 
your responsibility to guarantee that none of those 
nodes are unexpectedly modified or duplicated. This 
is probably not intentional.
    at div
    at div
    at div
    at div
    at spy (file:///C:/Users/Eli/Desktop/Claude%20Co
de/CPQ-System/node_modules/tinyspy/dist/index.js:42:
80)
    at div
    at div
    at div
    at C:\Users\Eli\Desktop\Claude 
Code\CPQ-System\src\components\ui\card.tsx:81:57
    at div
    at C:\Users\Eli\Desktop\Claude 
Code\CPQ-System\src\components\ui\card.tsx:7:50
    at BOMGrid (C:\Users\Eli\Desktop\Claude Code\CPQ
-System\src\components\shared\BOMGrid.tsx:22:3)
Warning: A component is `contentEditable` and 
contains `children` managed by React. It is now 
your responsibility to guarantee that none of those 
nodes are unexpectedly modified or duplicated. This 
is probably not intentional.
    at div
    at div
    at div
    at div
    at spy (file:///C:/Users/Eli/Desktop/Claude%20Co
de/CPQ-System/node_modules/tinyspy/dist/index.js:42:
80)
    at div
    at div
    at div
    at C:\Users\Eli\Desktop\Claude 
Code\CPQ-System\src\components\ui\card.tsx:81:57
    at div
    at C:\Users\Eli\Desktop\Claude 
Code\CPQ-System\src\components\ui\card.tsx:7:50
    at BOMGrid (C:\Users\Eli\Desktop\Claude Code\CPQ
-System\src\components\shared\BOMGrid.tsx:22:3)
Warning: A component is `contentEditable` and 
contains `children` managed by React. It is now 
your responsibility to guarantee that none of those 
nodes are unexpectedly modified or duplicated. This 
is probably not intentional.
    at div
    at div
    at div
    at div
    at spy (file:///C:/Users/Eli/Desktop/Claude%20Co
de/CPQ-System/node_modules/tinyspy/dist/index.js:42:
80)
    at div
    at div
    at div
    at C:\Users\Eli\Desktop\Claude 
Code\CPQ-System\src\components\ui\card.tsx:81:57
    at div
    at C:\Users\Eli\Desktop\Claude 
Code\CPQ-System\src\components\ui\card.tsx:7:50
    at BOMGrid (C:\Users\Eli\Desktop\Claude Code\CPQ
-System\src\components\shared\BOMGrid.tsx:22:3)
Warning: A component is `contentEditable` and 
contains `children` managed by React. It is now 
your responsibility to guarantee that none of those 
nodes are unexpectedly modified or duplicated. This 
is probably not intentional.
    at div
    at div
    at div
    at div
    at spy (file:///C:/Users/Eli/Desktop/Claude%20Co
de/CPQ-System/node_modules/tinyspy/dist/index.js:42:
80)
    at div
    at div
    at div
    at C:\Users\Eli\Desktop\Claude 
Code\CPQ-System\src\components\ui\card.tsx:81:57
    at div
    at C:\Users\Eli\Desktop\Claude 
Code\CPQ-System\src\components\ui\card.tsx:7:50
    at BOMGrid (C:\Users\Eli\Desktop\Claude Code\CPQ
-System\src\components\shared\BOMGrid.tsx:22:3)
Warning: A component is `contentEditable` and 
contains `children` managed by React. It is now 
your responsibility to guarantee that none of those 
nodes are unexpectedly modified or duplicated. This 
is probably not intentional.
    at div
    at div
    at div
    at div
    at spy (file:///C:/Users/Eli/Desktop/Claude%20Co
de/CPQ-System/node_modules/tinyspy/dist/index.js:42:
80)
    at div
    at div
    at div
    at C:\Users\Eli\Desktop\Claude 
Code\CPQ-System\src\components\ui\card.tsx:81:57
    at div
    at C:\Users\Eli\Desktop\Claude 
Code\CPQ-System\src\components\ui\card.tsx:7:50
    at BOMGrid (C:\Users\Eli\Desktop\Claude Code\CPQ
-System\src\components\shared\BOMGrid.tsx:22:3)
Warning: A component is `contentEditable` and 
contains `children` managed by React. It is now 
your responsibility to guarantee that none of those 
nodes are unexpectedly modified or duplicated. This 
is probably not intentional.
    at div
    at div
    at div
    at div
    at spy (file:///C:/Users/Eli/Desktop/Claude%20Co
de/CPQ-System/node_modules/tinyspy/dist/index.js:42:
80)
    at div
    at div
    at div
    at C:\Users\Eli\Desktop\Claude 
Code\CPQ-System\src\components\ui\card.tsx:81:57
    at div
    at C:\Users\Eli\Desktop\Claude 
Code\CPQ-System\src\components\ui\card.tsx:7:50
    at BOMGrid (C:\Users\Eli\Desktop\Claude Code\CPQ
-System\src\components\shared\BOMGrid.tsx:22:3)
Warning: A component is `contentEditable` and 
contains `children` managed by React. It is now 
your responsibility to guarantee that none of those 
nodes are unexpectedly modified or duplicated. This 
is probably not intentional.
    at div
    at div
    at div
    at div
    at spy (file:///C:/Users/Eli/Desktop/Claude%20Co
de/CPQ-System/node_modules/tinyspy/dist/index.js:42:
80)
    at div
    at div
    at div
    at C:\Users\Eli\Desktop\Claude 
Code\CPQ-System\src\components\ui\card.tsx:81:57
    at div
    at C:\Users\Eli\Desktop\Claude 
Code\CPQ-System\src\components\ui\card.tsx:7:50
    at BOMGrid (C:\Users\Eli\Desktop\Claude Code\CPQ
-System\src\components\shared\BOMGrid.tsx:22:3)
Warning: A component is `contentEditable` and 
contains `children` managed by React. It is now 
your responsibility to guarantee that none of those 
nodes are unexpectedly modified or duplicated. This 
is probably not intentional.
    at div
    at div
    at div
    at div
    at spy (file:///C:/Users/Eli/Desktop/Claude%20Co
de/CPQ-System/node_modules/tinyspy/dist/index.js:42:
80)
    at div
    at div
    at div
    at C:\Users\Eli\Desktop\Claude 
Code\CPQ-System\src\components\ui\card.tsx:81:57
    at div
    at C:\Users\Eli\Desktop\Claude 
Code\CPQ-System\src\components\ui\card.tsx:7:50
    at BOMGrid (C:\Users\Eli\Desktop\Claude Code\CPQ
-System\src\components\shared\BOMGrid.tsx:22:3)
Warning: A component is `contentEditable` and 
contains `children` managed by React. It is now 
your responsibility to guarantee that none of those 
nodes are unexpectedly modified or duplicated. This 
is probably not intentional.
    at div
    at div
    at div
    at div
    at spy (file:///C:/Users/Eli/Desktop/Claude%20Co
de/CPQ-System/node_modules/tinyspy/dist/index.js:42:
80)
    at div
    at div
    at div
    at C:\Users\Eli\Desktop\Claude 
Code\CPQ-System\src\components\ui\card.tsx:81:57
    at div
    at C:\Users\Eli\Desktop\Claude 
Code\CPQ-System\src\components\ui\card.tsx:7:50
    at BOMGrid (C:\Users\Eli\Desktop\Claude Code\CPQ
-System\src\components\shared\BOMGrid.tsx:22:3)
Warning: A component is `contentEditable` and 
contains `children` managed by React. It is now 
your responsibility to guarantee that none of those 
nodes are unexpectedly modified or duplicated. This 
is probably not intentional.
    at div
    at div
    at div
    at div
    at spy (file:///C:/Users/Eli/Desktop/Claude%20Co
de/CPQ-System/node_modules/tinyspy/dist/index.js:42:
80)
    at div
    at div
    at div
    at C:\Users\Eli\Desktop\Claude 
Code\CPQ-System\src\components\ui\card.tsx:81:57
    at div
    at C:\Users\Eli\Desktop\Claude 
Code\CPQ-System\src\components\ui\card.tsx:7:50
    at BOMGrid (C:\Users\Eli\Desktop\Claude Code\CPQ
-System\src\components\shared\BOMGrid.tsx:22:3)
Warning: A component is `contentEditable` and 
contains `children` managed by React. It is now 
your responsibility to guarantee that none of those 
nodes are unexpectedly modified or duplicated. This 
is probably not intentional.
    at div
    at div
    at div
    at div
    at spy (file:///C:/Users/Eli/Desktop/Claude%20Co
de/CPQ-System/node_modules/tinyspy/dist/index.js:42:
80)
    at div
    at div
    at div
    at C:\Users\Eli\Desktop\Claude 
Code\CPQ-System\src\components\ui\card.tsx:81:57
    at div
    at C:\Users\Eli\Desktop\Claude 
Code\CPQ-System\src\components\ui\card.tsx:7:50
    at BOMGrid (C:\Users\Eli\Desktop\Claude Code\CPQ
-System\src\components\shared\BOMGrid.tsx:22:3)
Warning: A component is `contentEditable` and 
contains `children` managed by React. It is now 
your responsibility to guarantee that none of those 
nodes are unexpectedly modified or duplicated. This 
is probably not intentional.
    at div
    at div
    at div
    at div
    at spy (file:///C:/Users/Eli/Desktop/Claude%20Co
de/CPQ-System/node_modules/tinyspy/dist/index.js:42:
80)
    at div
    at div
    at div
    at C:\Users\Eli\Desktop\Claude 
Code\CPQ-System\src\components\ui\card.tsx:81:57
    at div
    at C:\Users\Eli\Desktop\Claude 
Code\CPQ-System\src\components\ui\card.tsx:7:50
    at BOMGrid (C:\Users\Eli\Desktop\Claude Code\CPQ
-System\src\components\shared\BOMGrid.tsx:22:3)
Warning: A component is `contentEditable` and 
contains `children` managed by React. It is now 
your responsibility to guarantee that none of those 
nodes are unexpectedly modified or duplicated. This 
is probably not intentional.
    at div
    at div
    at div
    at div
    at spy (file:///C:/Users/Eli/Desktop/Claude%20Co
de/CPQ-System/node_modules/tinyspy/dist/index.js:42:
80)
    at div
    at div
    at div
    at C:\Users\Eli\Desktop\Claude 
Code\CPQ-System\src\components\ui\card.tsx:81:57
    at div
    at C:\Users\Eli\Desktop\Claude 
Code\CPQ-System\src\components\ui\card.tsx:7:50
    at BOMGrid (C:\Users\Eli\Desktop\Claude Code\CPQ
-System\src\components\shared\BOMGrid.tsx:22:3)
Warning: A component is `contentEditable` and 
contains `children` managed by React. It is now 
your responsibility to guarantee that none of those 
nodes are unexpectedly modified or duplicated. This 
is probably not intentional.
    at div
    at div
    at div
    at div
    at spy (file:///C:/Users/Eli/Desktop/Claude%20Co
de/CPQ-System/node_modules/tinyspy/dist/index.js:42:
80)
    at div
    at div
    at div
    at C:\Users\Eli\Desktop\Claude 
Code\CPQ-System\src\components\ui\card.tsx:81:57
    at div
    at C:\Users\Eli\Desktop\Claude 
Code\CPQ-System\src\components\ui\card.tsx:7:50
    at BOMGrid (C:\Users\Eli\Desktop\Claude Code\CPQ
-System\src\components\shared\BOMGrid.tsx:22:3)
Warning: A component is `contentEditable` and 
contains `children` managed by React. It is now 
your responsibility to guarantee that none of those 
nodes are unexpectedly modified or duplicated. This 
is probably not intentional.
    at div
    at div
    at div
    at div
    at spy (file:///C:/Users/Eli/Desktop/Claude%20Co
de/CPQ-System/node_modules/tinyspy/dist/index.js:42:
80)
    at div
    at div
    at div
    at C:\Users\Eli\Desktop\Claude 
Code\CPQ-System\src\components\ui\card.tsx:81:57
    at div
    at C:\Users\Eli\Desktop\Claude 
Code\CPQ-System\src\components\ui\card.tsx:7:50
    at BOMGrid (C:\Users\Eli\Desktop\Claude Code\CPQ
-System\src\components\shared\BOMGrid.tsx:22:3)
Warning: A component is `contentEditable` and 
contains `children` managed by React. It is now 
your responsibility to guarantee that none of those 
nodes are unexpectedly modified or duplicated. This 
is probably not intentional.
    at div
    at div
    at div
    at div
    at spy (file:///C:/Users/Eli/Desktop/Claude%20Co
de/CPQ-System/node_modules/tinyspy/dist/index.js:42:
80)
    at div
    at div
    at div
    at C:\Users\Eli\Desktop\Claude 
Code\CPQ-System\src\components\ui\card.tsx:81:57
    at div
    at C:\Users\Eli\Desktop\Claude 
Code\CPQ-System\src\components\ui\card.tsx:7:50
    at BOMGrid (C:\Users\Eli\Desktop\Claude Code\CPQ
-System\src\components\shared\BOMGrid.tsx:22:3)
Warning: A component is `contentEditable` and 
contains `children` managed by React. It is now 
your responsibility to guarantee that none of those 
nodes are unexpectedly modified or duplicated. This 
is probably not intentional.
    at div
    at div
    at div
    at div
    at spy (file:///C:/Users/Eli/Desktop/Claude%20Co
de/CPQ-System/node_modules/tinyspy/dist/index.js:42:
80)
    at div
    at div
    at div
    at C:\Users\Eli\Desktop\Claude 
Code\CPQ-System\src\components\ui\card.tsx:81:57
    at div
    at C:\Users\Eli\Desktop\Claude 
Code\CPQ-System\src\components\ui\card.tsx:7:50
    at BOMGrid (C:\Users\Eli\Desktop\Claude Code\CPQ
-System\src\components\shared\BOMGrid.tsx:22:3)
Warning: A component is `contentEditable` and 
contains `children` managed by React. It is now 
your responsibility to guarantee that none of those 
nodes are unexpectedly modified or duplicated. This 
is probably not intentional.
    at div
    at div
    at div
    at div
    at spy (file:///C:/Users/Eli/Desktop/Claude%20Co
de/CPQ-System/node_modules/tinyspy/dist/index.js:42:
80)
    at div
    at div
    at div
    at C:\Users\Eli\Desktop\Claude 
Code\CPQ-System\src\components\ui\card.tsx:81:57
    at div
    at C:\Users\Eli\Desktop\Claude 
Code\CPQ-System\src\components\ui\card.tsx:7:50
    at BOMGrid (C:\Users\Eli\Desktop\Claude Code\CPQ
-System\src\components\shared\BOMGrid.tsx:22:3)

[90mstderr[2m | src/components/shared/__tests__/BO
MGrid.test.tsx[2m > [22m[2mBOMGrid[2m > 
[22m[2mCustomer Pricing Toggle[2m > 
[22m[2mhides customer pricing columns when 
showCustomerPricing is false[22m[39m
Warning: A component is `contentEditable` and 
contains `children` managed by React. It is now 
your responsibility to guarantee that none of those 
nodes are unexpectedly modified or duplicated. This 
is probably not intentional.
    at div
    at div
    at div
    at div
    at spy (file:///C:/Users/Eli/Desktop/Claude%20Co
de/CPQ-System/node_modules/tinyspy/dist/index.js:42:
80)
    at div
    at div
    at div
    at C:\Users\Eli\Desktop\Claude 
Code\CPQ-System\src\components\ui\card.tsx:81:57
    at div
    at C:\Users\Eli\Desktop\Claude 
Code\CPQ-System\src\components\ui\card.tsx:7:50
    at BOMGrid (C:\Users\Eli\Desktop\Claude Code\CPQ
-System\src\components\shared\BOMGrid.tsx:22:3)
Warning: A component is `contentEditable` and 
contains `children` managed by React. It is now 
your responsibility to guarantee that none of those 
nodes are unexpectedly modified or duplicated. This 
is probably not intentional.
    at div
    at div
    at div
    at div
    at spy (file:///C:/Users/Eli/Desktop/Claude%20Co
de/CPQ-System/node_modules/tinyspy/dist/index.js:42:
80)
    at div
    at div
    at div
    at C:\Users\Eli\Desktop\Claude 
Code\CPQ-System\src\components\ui\card.tsx:81:57
    at div
    at C:\Users\Eli\Desktop\Claude 
Code\CPQ-System\src\components\ui\card.tsx:7:50
    at BOMGrid (C:\Users\Eli\Desktop\Claude Code\CPQ
-System\src\components\shared\BOMGrid.tsx:22:3)
Warning: A component is `contentEditable` and 
contains `children` managed by React. It is now 
your responsibility to guarantee that none of those 
nodes are unexpectedly modified or duplicated. This 
is probably not intentional.
    at div
    at div
    at div
    at div
    at spy (file:///C:/Users/Eli/Desktop/Claude%20Co
de/CPQ-System/node_modules/tinyspy/dist/index.js:42:
80)
    at div
    at div
    at div
    at C:\Users\Eli\Desktop\Claude 
Code\CPQ-System\src\components\ui\card.tsx:81:57
    at div
    at C:\Users\Eli\Desktop\Claude 
Code\CPQ-System\src\components\ui\card.tsx:7:50
    at BOMGrid (C:\Users\Eli\Desktop\Claude Code\CPQ
-System\src\components\shared\BOMGrid.tsx:22:3)
Warning: A component is `contentEditable` and 
contains `children` managed by React. It is now 
your responsibility to guarantee that none of those 
nodes are unexpectedly modified or duplicated. This 
is probably not intentional.
    at div
    at div
    at div
    at div
    at spy (file:///C:/Users/Eli/Desktop/Claude%20Co
de/CPQ-System/node_modules/tinyspy/dist/index.js:42:
80)
    at div
    at div
    at div
    at C:\Users\Eli\Desktop\Claude 
Code\CPQ-System\src\components\ui\card.tsx:81:57
    at div
    at C:\Users\Eli\Desktop\Claude 
Code\CPQ-System\src\components\ui\card.tsx:7:50
    at BOMGrid (C:\Users\Eli\Desktop\Claude Code\CPQ
-System\src\components\shared\BOMGrid.tsx:22:3)
Warning: A component is `contentEditable` and 
contains `children` managed by React. It is now 
your responsibility to guarantee that none of those 
nodes are unexpectedly modified or duplicated. This 
is probably not intentional.
    at div
    at div
    at div
    at div
    at spy (file:///C:/Users/Eli/Desktop/Claude%20Co
de/CPQ-System/node_modules/tinyspy/dist/index.js:42:
80)
    at div
    at div
    at div
    at C:\Users\Eli\Desktop\Claude 
Code\CPQ-System\src\components\ui\card.tsx:81:57
    at div
    at C:\Users\Eli\Desktop\Claude 
Code\CPQ-System\src\components\ui\card.tsx:7:50
    at BOMGrid (C:\Users\Eli\Desktop\Claude Code\CPQ
-System\src\components\shared\BOMGrid.tsx:22:3)
Warning: A component is `contentEditable` and 
contains `children` managed by React. It is now 
your responsibility to guarantee that none of those 
nodes are unexpectedly modified or duplicated. This 
is probably not intentional.
    at div
    at div
    at div
    at div
    at spy (file:///C:/Users/Eli/Desktop/Claude%20Co
de/CPQ-System/node_modules/tinyspy/dist/index.js:42:
80)
    at div
    at div
    at div
    at C:\Users\Eli\Desktop\Claude 
Code\CPQ-System\src\components\ui\card.tsx:81:57
    at div
    at C:\Users\Eli\Desktop\Claude 
Code\CPQ-System\src\components\ui\card.tsx:7:50
    at BOMGrid (C:\Users\Eli\Desktop\Claude Code\CPQ
-System\src\components\shared\BOMGrid.tsx:22:3)
Warning: A component is `contentEditable` and 
contains `children` managed by React. It is now 
your responsibility to guarantee that none of those 
nodes are unexpectedly modified or duplicated. This 
is probably not intentional.
    at div
    at div
    at div
    at div
    at spy (file:///C:/Users/Eli/Desktop/Claude%20Co
de/CPQ-System/node_modules/tinyspy/dist/index.js:42:
80)
    at div
    at div
    at div
    at C:\Users\Eli\Desktop\Claude 
Code\CPQ-System\src\components\ui\card.tsx:81:57
    at div
    at C:\Users\Eli\Desktop\Claude 
Code\CPQ-System\src\components\ui\card.tsx:7:50
    at BOMGrid (C:\Users\Eli\Desktop\Claude Code\CPQ
-System\src\components\shared\BOMGrid.tsx:22:3)
Warning: A component is `contentEditable` and 
contains `children` managed by React. It is now 
your responsibility to guarantee that none of those 
nodes are unexpectedly modified or duplicated. This 
is probably not intentional.
    at div
    at div
    at div
    at div
    at spy (file:///C:/Users/Eli/Desktop/Claude%20Co
de/CPQ-System/node_modules/tinyspy/dist/index.js:42:
80)
    at div
    at div
    at div
    at C:\Users\Eli\Desktop\Claude 
Code\CPQ-System\src\components\ui\card.tsx:81:57
    at div
    at C:\Users\Eli\Desktop\Claude 
Code\CPQ-System\src\components\ui\card.tsx:7:50
    at BOMGrid (C:\Users\Eli\Desktop\Claude Code\CPQ
-System\src\components\shared\BOMGrid.tsx:22:3)
Warning: A component is `contentEditable` and 
contains `children` managed by React. It is now 
your responsibility to guarantee that none of those 
nodes are unexpectedly modified or duplicated. This 
is probably not intentional.
    at div
    at div
    at div
    at div
    at spy (file:///C:/Users/Eli/Desktop/Claude%20Co
de/CPQ-System/node_modules/tinyspy/dist/index.js:42:
80)
    at div
    at div
    at div
    at C:\Users\Eli\Desktop\Claude 
Code\CPQ-System\src\components\ui\card.tsx:81:57
    at div
    at C:\Users\Eli\Desktop\Claude 
Code\CPQ-System\src\components\ui\card.tsx:7:50
    at BOMGrid (C:\Users\Eli\Desktop\Claude Code\CPQ
-System\src\components\shared\BOMGrid.tsx:22:3)
Warning: A component is `contentEditable` and 
contains `children` managed by React. It is now 
your responsibility to guarantee that none of those 
nodes are unexpectedly modified or duplicated. This 
is probably not intentional.
    at div
    at div
    at div
    at div
    at spy (file:///C:/Users/Eli/Desktop/Claude%20Co
de/CPQ-System/node_modules/tinyspy/dist/index.js:42:
80)
    at div
    at div
    at div
    at C:\Users\Eli\Desktop\Claude 
Code\CPQ-System\src\components\ui\card.tsx:81:57
    at div
    at C:\Users\Eli\Desktop\Claude 
Code\CPQ-System\src\components\ui\card.tsx:7:50
    at BOMGrid (C:\Users\Eli\Desktop\Claude Code\CPQ
-System\src\components\shared\BOMGrid.tsx:22:3)
Warning: A component is `contentEditable` and 
contains `children` managed by React. It is now 
your responsibility to guarantee that none of those 
nodes are unexpectedly modified or duplicated. This 
is probably not intentional.
    at div
    at div
    at div
    at div
    at spy (file:///C:/Users/Eli/Desktop/Claude%20Co
de/CPQ-System/node_modules/tinyspy/dist/index.js:42:
80)
    at div
    at div
    at div
    at C:\Users\Eli\Desktop\Claude 
Code\CPQ-System\src\components\ui\card.tsx:81:57
    at div
    at C:\Users\Eli\Desktop\Claude 
Code\CPQ-System\src\components\ui\card.tsx:7:50
    at BOMGrid (C:\Users\Eli\Desktop\Claude Code\CPQ
-System\src\components\shared\BOMGrid.tsx:22:3)
Warning: A component is `contentEditable` and 
contains `children` managed by React. It is now 
your responsibility to guarantee that none of those 
nodes are unexpectedly modified or duplicated. This 
is probably not intentional.
    at div
    at div
    at div
    at div
    at spy (file:///C:/Users/Eli/Desktop/Claude%20Co
de/CPQ-System/node_modules/tinyspy/dist/index.js:42:
80)
    at div
    at div
    at div
    at C:\Users\Eli\Desktop\Claude 
Code\CPQ-System\src\components\ui\card.tsx:81:57
    at div
    at C:\Users\Eli\Desktop\Claude 
Code\CPQ-System\src\components\ui\card.tsx:7:50
    at BOMGrid (C:\Users\Eli\Desktop\Claude Code\CPQ
-System\src\components\shared\BOMGrid.tsx:22:3)
Warning: A component is `contentEditable` and 
contains `children` managed by React. It is now 
your responsibility to guarantee that none of those 
nodes are unexpectedly modified or duplicated. This 
is probably not intentional.
    at div
    at div
    at div
    at div
    at spy (file:///C:/Users/Eli/Desktop/Claude%20Co
de/CPQ-System/node_modules/tinyspy/dist/index.js:42:
80)
    at div
    at div
    at div
    at C:\Users\Eli\Desktop\Claude 
Code\CPQ-System\src\components\ui\card.tsx:81:57
    at div
    at C:\Users\Eli\Desktop\Claude 
Code\CPQ-System\src\components\ui\card.tsx:7:50
    at BOMGrid (C:\Users\Eli\Desktop\Claude Code\CPQ
-System\src\components\shared\BOMGrid.tsx:22:3)
Warning: A component is `contentEditable` and 
contains `children` managed by React. It is now 
your responsibility to guarantee that none of those 
nodes are unexpectedly modified or duplicated. This 
is probably not intentional.
    at div
    at div
    at div
    at div
    at spy (file:///C:/Users/Eli/Desktop/Claude%20Co
de/CPQ-System/node_modules/tinyspy/dist/index.js:42:
80)
    at div
    at div
    at div
    at C:\Users\Eli\Desktop\Claude 
Code\CPQ-System\src\components\ui\card.tsx:81:57
    at div
    at C:\Users\Eli\Desktop\Claude 
Code\CPQ-System\src\components\ui\card.tsx:7:50
    at BOMGrid (C:\Users\Eli\Desktop\Claude Code\CPQ
-System\src\components\shared\BOMGrid.tsx:22:3)
Warning: A component is `contentEditable` and 
contains `children` managed by React. It is now 
your responsibility to guarantee that none of those 
nodes are unexpectedly modified or duplicated. This 
is probably not intentional.
    at div
    at div
    at div
    at div
    at spy (file:///C:/Users/Eli/Desktop/Claude%20Co
de/CPQ-System/node_modules/tinyspy/dist/index.js:42:
80)
    at div
    at div
    at div
    at C:\Users\Eli\Desktop\Claude 
Code\CPQ-System\src\components\ui\card.tsx:81:57
    at div
    at C:\Users\Eli\Desktop\Claude 
Code\CPQ-System\src\components\ui\card.tsx:7:50
    at BOMGrid (C:\Users\Eli\Desktop\Claude Code\CPQ
-System\src\components\shared\BOMGrid.tsx:22:3)
Warning: A component is `contentEditable` and 
contains `children` managed by React. It is now 
your responsibility to guarantee that none of those 
nodes are unexpectedly modified or duplicated. This 
is probably not intentional.
    at div
    at div
    at div
    at div
    at spy (file:///C:/Users/Eli/Desktop/Claude%20Co
de/CPQ-System/node_modules/tinyspy/dist/index.js:42:
80)
    at div
    at div
    at div
    at C:\Users\Eli\Desktop\Claude 
Code\CPQ-System\src\components\ui\card.tsx:81:57
    at div
    at C:\Users\Eli\Desktop\Claude 
Code\CPQ-System\src\components\ui\card.tsx:7:50
    at BOMGrid (C:\Users\Eli\Desktop\Claude Code\CPQ
-System\src\components\shared\BOMGrid.tsx:22:3)
Warning: A component is `contentEditable` and 
contains `children` managed by React. It is now 
your responsibility to guarantee that none of those 
nodes are unexpectedly modified or duplicated. This 
is probably not intentional.
    at div
    at div
    at div
    at div
    at spy (file:///C:/Users/Eli/Desktop/Claude%20Co
de/CPQ-System/node_modules/tinyspy/dist/index.js:42:
80)
    at div
    at div
    at div
    at C:\Users\Eli\Desktop\Claude 
Code\CPQ-System\src\components\ui\card.tsx:81:57
    at div
    at C:\Users\Eli\Desktop\Claude 
Code\CPQ-System\src\components\ui\card.tsx:7:50
    at BOMGrid (C:\Users\Eli\Desktop\Claude Code\CPQ
-System\src\components\shared\BOMGrid.tsx:22:3)
Warning: A component is `contentEditable` and 
contains `children` managed by React. It is now 
your responsibility to guarantee that none of those 
nodes are unexpectedly modified or duplicated. This 
is probably not intentional.
    at div
    at div
    at div
    at div
    at spy (file:///C:/Users/Eli/Desktop/Claude%20Co
de/CPQ-System/node_modules/tinyspy/dist/index.js:42:
80)
    at div
    at div
    at div
    at C:\Users\Eli\Desktop\Claude 
Code\CPQ-System\src\components\ui\card.tsx:81:57
    at div
    at C:\Users\Eli\Desktop\Claude 
Code\CPQ-System\src\components\ui\card.tsx:7:50
    at BOMGrid (C:\Users\Eli\Desktop\Claude Code\CPQ
-System\src\components\shared\BOMGrid.tsx:22:3)
Warning: A component is `contentEditable` and 
contains `children` managed by React. It is now 
your responsibility to guarantee that none of those 
nodes are unexpectedly modified or duplicated. This 
is probably not intentional.
    at div
    at div
    at div
    at div
    at spy (file:///C:/Users/Eli/Desktop/Claude%20Co
de/CPQ-System/node_modules/tinyspy/dist/index.js:42:
80)
    at div
    at div
    at div
    at C:\Users\Eli\Desktop\Claude 
Code\CPQ-System\src\components\ui\card.tsx:81:57
    at div
    at C:\Users\Eli\Desktop\Claude 
Code\CPQ-System\src\components\ui\card.tsx:7:50
    at BOMGrid (C:\Users\Eli\Desktop\Claude Code\CPQ
-System\src\components\shared\BOMGrid.tsx:22:3)
Warning: A component is `contentEditable` and 
contains `children` managed by React. It is now 
your responsibility to guarantee that none of those 
nodes are unexpectedly modified or duplicated. This 
is probably not intentional.
    at div
    at div
    at div
    at div
    at spy (file:///C:/Users/Eli/Desktop/Claude%20Co
de/CPQ-System/node_modules/tinyspy/dist/index.js:42:
80)
    at div
    at div
    at div
    at C:\Users\Eli\Desktop\Claude 
Code\CPQ-System\src\components\ui\card.tsx:81:57
    at div
    at C:\Users\Eli\Desktop\Claude 
Code\CPQ-System\src\components\ui\card.tsx:7:50
    at BOMGrid (C:\Users\Eli\Desktop\Claude Code\CPQ
-System\src\components\shared\BOMGrid.tsx:22:3)
Warning: A component is `contentEditable` and 
contains `children` managed by React. It is now 
your responsibility to guarantee that none of those 
nodes are unexpectedly modified or duplicated. This 
is probably not intentional.
    at div
    at div
    at div
    at div
    at spy (file:///C:/Users/Eli/Desktop/Claude%20Co
de/CPQ-System/node_modules/tinyspy/dist/index.js:42:
80)
    at div
    at div
    at div
    at C:\Users\Eli\Desktop\Claude 
Code\CPQ-System\src\components\ui\card.tsx:81:57
    at div
    at C:\Users\Eli\Desktop\Claude 
Code\CPQ-System\src\components\ui\card.tsx:7:50
    at BOMGrid (C:\Users\Eli\Desktop\Claude Code\CPQ
-System\src\components\shared\BOMGrid.tsx:22:3)
Warning: A component is `contentEditable` and 
contains `children` managed by React. It is now 
your responsibility to guarantee that none of those 
nodes are unexpectedly modified or duplicated. This 
is probably not intentional.
    at div
    at div
    at div
    at div
    at spy (file:///C:/Users/Eli/Desktop/Claude%20Co
de/CPQ-System/node_modules/tinyspy/dist/index.js:42:
80)
    at div
    at div
    at div
    at C:\Users\Eli\Desktop\Claude 
Code\CPQ-System\src\components\ui\card.tsx:81:57
    at div
    at C:\Users\Eli\Desktop\Claude 
Code\CPQ-System\src\components\ui\card.tsx:7:50
    at BOMGrid (C:\Users\Eli\Desktop\Claude Code\CPQ
-System\src\components\shared\BOMGrid.tsx:22:3)
Warning: A component is `contentEditable` and 
contains `children` managed by React. It is now 
your responsibility to guarantee that none of those 
nodes are unexpectedly modified or duplicated. This 
is probably not intentional.
    at div
    at div
    at div
    at div
    at spy (file:///C:/Users/Eli/Desktop/Claude%20Co
de/CPQ-System/node_modules/tinyspy/dist/index.js:42:
80)
    at div
    at div
    at div
    at C:\Users\Eli\Desktop\Claude 
Code\CPQ-System\src\components\ui\card.tsx:81:57
    at div
    at C:\Users\Eli\Desktop\Claude 
Code\CPQ-System\src\components\ui\card.tsx:7:50
    at BOMGrid (C:\Users\Eli\Desktop\Claude Code\CPQ
-System\src\components\shared\BOMGrid.tsx:22:3)
Warning: A component is `contentEditable` and 
contains `children` managed by React. It is now 
your responsibility to guarantee that none of those 
nodes are unexpectedly modified or duplicated. This 
is probably not intentional.
    at div
    at div
    at div
    at div
    at spy (file:///C:/Users/Eli/Desktop/Claude%20Co
de/CPQ-System/node_modules/tinyspy/dist/index.js:42:
80)
    at div
    at div
    at div
    at C:\Users\Eli\Desktop\Claude 
Code\CPQ-System\src\components\ui\card.tsx:81:57
    at div
    at C:\Users\Eli\Desktop\Claude 
Code\CPQ-System\src\components\ui\card.tsx:7:50
    at BOMGrid (C:\Users\Eli\Desktop\Claude Code\CPQ
-System\src\components\shared\BOMGrid.tsx:22:3)
Warning: A component is `contentEditable` and 
contains `children` managed by React. It is now 
your responsibility to guarantee that none of those 
nodes are unexpectedly modified or duplicated. This 
is probably not intentional.
    at div
    at div
    at div
    at div
    at spy (file:///C:/Users/Eli/Desktop/Claude%20Co
de/CPQ-System/node_modules/tinyspy/dist/index.js:42:
80)
    at div
    at div
    at div
    at C:\Users\Eli\Desktop\Claude 
Code\CPQ-System\src\components\ui\card.tsx:81:57
    at div
    at C:\Users\Eli\Desktop\Claude 
Code\CPQ-System\src\components\ui\card.tsx:7:50
    at BOMGrid (C:\Users\Eli\Desktop\Claude Code\CPQ
-System\src\components\shared\BOMGrid.tsx:22:3)
Warning: A component is `contentEditable` and 
contains `children` managed by React. It is now 
your responsibility to guarantee that none of those 
nodes are unexpectedly modified or duplicated. This 
is probably not intentional.
    at div
    at div
    at div
    at div
    at spy (file:///C:/Users/Eli/Desktop/Claude%20Co
de/CPQ-System/node_modules/tinyspy/dist/index.js:42:
80)
    at div
    at div
    at div
    at C:\Users\Eli\Desktop\Claude 
Code\CPQ-System\src\components\ui\card.tsx:81:57
    at div
    at C:\Users\Eli\Desktop\Claude 
Code\CPQ-System\src\components\ui\card.tsx:7:50
    at BOMGrid (C:\Users\Eli\Desktop\Claude Code\CPQ
-System\src\components\shared\BOMGrid.tsx:22:3)
Warning: A component is `contentEditable` and 
contains `children` managed by React. It is now 
your responsibility to guarantee that none of those 
nodes are unexpectedly modified or duplicated. This 
is probably not intentional.
    at div
    at div
    at div
    at div
    at spy (file:///C:/Users/Eli/Desktop/Claude%20Co
de/CPQ-System/node_modules/tinyspy/dist/index.js:42:
80)
    at div
    at div
    at div
    at C:\Users\Eli\Desktop\Claude 
Code\CPQ-System\src\components\ui\card.tsx:81:57
    at div
    at C:\Users\Eli\Desktop\Claude 
Code\CPQ-System\src\components\ui\card.tsx:7:50
    at BOMGrid (C:\Users\Eli\Desktop\Claude Code\CPQ
-System\src\components\shared\BOMGrid.tsx:22:3)
Warning: A component is `contentEditable` and 
contains `children` managed by React. It is now 
your responsibility to guarantee that none of those 
nodes are unexpectedly modified or duplicated. This 
is probably not intentional.
    at div
    at div
    at div
    at div
    at spy (file:///C:/Users/Eli/Desktop/Claude%20Co
de/CPQ-System/node_modules/tinyspy/dist/index.js:42:
80)
    at div
    at div
    at div
    at C:\Users\Eli\Desktop\Claude 
Code\CPQ-System\src\components\ui\card.tsx:81:57
    at div
    at C:\Users\Eli\Desktop\Claude 
Code\CPQ-System\src\components\ui\card.tsx:7:50
    at BOMGrid (C:\Users\Eli\Desktop\Claude Code\CPQ
-System\src\components\shared\BOMGrid.tsx:22:3)
Warning: A component is `contentEditable` and 
contains `children` managed by React. It is now 
your responsibility to guarantee that none of those 
nodes are unexpectedly modified or duplicated. This 
is probably not intentional.
    at div
    at div
    at div
    at div
    at spy (file:///C:/Users/Eli/Desktop/Claude%20Co
de/CPQ-System/node_modules/tinyspy/dist/index.js:42:
80)
    at div
    at div
    at div
    at C:\Users\Eli\Desktop\Claude 
Code\CPQ-System\src\components\ui\card.tsx:81:57
    at div
    at C:\Users\Eli\Desktop\Claude 
Code\CPQ-System\src\components\ui\card.tsx:7:50
    at BOMGrid (C:\Users\Eli\Desktop\Claude Code\CPQ
-System\src\components\shared\BOMGrid.tsx:22:3)
Warning: A component is `contentEditable` and 
contains `children` managed by React. It is now 
your responsibility to guarantee that none of those 
nodes are unexpectedly modified or duplicated. This 
is probably not intentional.
    at div
    at div
    at div
    at div
    at spy (file:///C:/Users/Eli/Desktop/Claude%20Co
de/CPQ-System/node_modules/tinyspy/dist/index.js:42:
80)
    at div
    at div
    at div
    at C:\Users\Eli\Desktop\Claude 
Code\CPQ-System\src\components\ui\card.tsx:81:57
    at div
    at C:\Users\Eli\Desktop\Claude 
Code\CPQ-System\src\components\ui\card.tsx:7:50
    at BOMGrid (C:\Users\Eli\Desktop\Claude Code\CPQ
-System\src\components\shared\BOMGrid.tsx:22:3)
Warning: A component is `contentEditable` and 
contains `children` managed by React. It is now 
your responsibility to guarantee that none of those 
nodes are unexpectedly modified or duplicated. This 
is probably not intentional.
    at div
    at div
    at div
    at div
    at spy (file:///C:/Users/Eli/Desktop/Claude%20Co
de/CPQ-System/node_modules/tinyspy/dist/index.js:42:
80)
    at div
    at div
    at div
    at C:\Users\Eli\Desktop\Claude 
Code\CPQ-System\src\components\ui\card.tsx:81:57
    at div
    at C:\Users\Eli\Desktop\Claude 
Code\CPQ-System\src\components\ui\card.tsx:7:50
    at BOMGrid (C:\Users\Eli\Desktop\Claude Code\CPQ
-System\src\components\shared\BOMGrid.tsx:22:3)
Warning: A component is `contentEditable` and 
contains `children` managed by React. It is now 
your responsibility to guarantee that none of those 
nodes are unexpectedly modified or duplicated. This 
is probably not intentional.
    at div
    at div
    at div
    at div
    at spy (file:///C:/Users/Eli/Desktop/Claude%20Co
de/CPQ-System/node_modules/tinyspy/dist/index.js:42:
80)
    at div
    at div
    at div
    at C:\Users\Eli\Desktop\Claude 
Code\CPQ-System\src\components\ui\card.tsx:81:57
    at div
    at C:\Users\Eli\Desktop\Claude 
Code\CPQ-System\src\components\ui\card.tsx:7:50
    at BOMGrid (C:\Users\Eli\Desktop\Claude Code\CPQ
-System\src\components\shared\BOMGrid.tsx:22:3)
Warning: A component is `contentEditable` and 
contains `children` managed by React. It is now 
your responsibility to guarantee that none of those 
nodes are unexpectedly modified or duplicated. This 
is probably not intentional.
    at div
    at div
    at div
    at div
    at spy (file:///C:/Users/Eli/Desktop/Claude%20Co
de/CPQ-System/node_modules/tinyspy/dist/index.js:42:
80)
    at div
    at div
    at div
    at C:\Users\Eli\Desktop\Claude 
Code\CPQ-System\src\components\ui\card.tsx:81:57
    at div
    at C:\Users\Eli\Desktop\Claude 
Code\CPQ-System\src\components\ui\card.tsx:7:50
    at BOMGrid (C:\Users\Eli\Desktop\Claude Code\CPQ
-System\src\components\shared\BOMGrid.tsx:22:3)
Warning: A component is `contentEditable` and 
contains `children` managed by React. It is now 
your responsibility to guarantee that none of those 
nodes are unexpectedly modified or duplicated. This 
is probably not intentional.
    at div
    at div
    at div
    at div
    at spy (file:///C:/Users/Eli/Desktop/Claude%20Co
de/CPQ-System/node_modules/tinyspy/dist/index.js:42:
80)
    at div
    at div
    at div
    at C:\Users\Eli\Desktop\Claude 
Code\CPQ-System\src\components\ui\card.tsx:81:57
    at div
    at C:\Users\Eli\Desktop\Claude 
Code\CPQ-System\src\components\ui\card.tsx:7:50
    at BOMGrid (C:\Users\Eli\Desktop\Claude Code\CPQ
-System\src\components\shared\BOMGrid.tsx:22:3)
Warning: A component is `contentEditable` and 
contains `children` managed by React. It is now 
your responsibility to guarantee that none of those 
nodes are unexpectedly modified or duplicated. This 
is probably not intentional.
    at div
    at div
    at div
    at div
    at spy (file:///C:/Users/Eli/Desktop/Claude%20Co
de/CPQ-System/node_modules/tinyspy/dist/index.js:42:
80)
    at div
    at div
    at div
    at C:\Users\Eli\Desktop\Claude 
Code\CPQ-System\src\components\ui\card.tsx:81:57
    at div
    at C:\Users\Eli\Desktop\Claude 
Code\CPQ-System\src\components\ui\card.tsx:7:50
    at BOMGrid (C:\Users\Eli\Desktop\Claude Code\CPQ
-System\src\components\shared\BOMGrid.tsx:22:3)
Warning: A component is `contentEditable` and 
contains `children` managed by React. It is now 
your responsibility to guarantee that none of those 
nodes are unexpectedly modified or duplicated. This 
is probably not intentional.
    at div
    at div
    at div
    at div
    at spy (file:///C:/Users/Eli/Desktop/Claude%20Co
de/CPQ-System/node_modules/tinyspy/dist/index.js:42:
80)
    at div
    at div
    at div
    at C:\Users\Eli\Desktop\Claude 
Code\CPQ-System\src\components\ui\card.tsx:81:57
    at div
    at C:\Users\Eli\Desktop\Claude 
Code\CPQ-System\src\components\ui\card.tsx:7:50
    at BOMGrid (C:\Users\Eli\Desktop\Claude Code\CPQ
-System\src\components\shared\BOMGrid.tsx:22:3)
Warning: A component is `contentEditable` and 
contains `children` managed by React. It is now 
your responsibility to guarantee that none of those 
nodes are unexpectedly modified or duplicated. This 
is probably not intentional.
    at div
    at div
    at div
    at div
    at spy (file:///C:/Users/Eli/Desktop/Claude%20Co
de/CPQ-System/node_modules/tinyspy/dist/index.js:42:
80)
    at div
    at div
    at div
    at C:\Users\Eli\Desktop\Claude 
Code\CPQ-System\src\components\ui\card.tsx:81:57
    at div
    at C:\Users\Eli\Desktop\Claude 
Code\CPQ-System\src\components\ui\card.tsx:7:50
    at BOMGrid (C:\Users\Eli\Desktop\Claude Code\CPQ
-System\src\components\shared\BOMGrid.tsx:22:3)
Warning: A component is `contentEditable` and 
contains `children` managed by React. It is now 
your responsibility to guarantee that none of those 
nodes are unexpectedly modified or duplicated. This 
is probably not intentional.
    at div
    at div
    at div
    at div
    at spy (file:///C:/Users/Eli/Desktop/Claude%20Co
de/CPQ-System/node_modules/tinyspy/dist/index.js:42:
80)
    at div
    at div
    at div
    at C:\Users\Eli\Desktop\Claude 
Code\CPQ-System\src\components\ui\card.tsx:81:57
    at div
    at C:\Users\Eli\Desktop\Claude 
Code\CPQ-System\src\components\ui\card.tsx:7:50
    at BOMGrid (C:\Users\Eli\Desktop\Claude Code\CPQ
-System\src\components\shared\BOMGrid.tsx:22:3)
Warning: A component is `contentEditable` and 
contains `children` managed by React. It is now 
your responsibility to guarantee that none of those 
nodes are unexpectedly modified or duplicated. This 
is probably not intentional.
    at div
    at div
    at div
    at div
    at spy (file:///C:/Users/Eli/Desktop/Claude%20Co
de/CPQ-System/node_modules/tinyspy/dist/index.js:42:
80)
    at div
    at div
    at div
    at C:\Users\Eli\Desktop\Claude 
Code\CPQ-System\src\components\ui\card.tsx:81:57
    at div
    at C:\Users\Eli\Desktop\Claude 
Code\CPQ-System\src\components\ui\card.tsx:7:50
    at BOMGrid (C:\Users\Eli\Desktop\Claude Code\CPQ
-System\src\components\shared\BOMGrid.tsx:22:3)
Warning: A component is `contentEditable` and 
contains `children` managed by React. It is now 
your responsibility to guarantee that none of those 
nodes are unexpectedly modified or duplicated. This 
is probably not intentional.
    at div
    at div
    at div
    at div
    at spy (file:///C:/Users/Eli/Desktop/Claude%20Co
de/CPQ-System/node_modules/tinyspy/dist/index.js:42:
80)
    at div
    at div
    at div
    at C:\Users\Eli\Desktop\Claude 
Code\CPQ-System\src\components\ui\card.tsx:81:57
    at div
    at C:\Users\Eli\Desktop\Claude 
Code\CPQ-System\src\components\ui\card.tsx:7:50
    at BOMGrid (C:\Users\Eli\Desktop\Claude Code\CPQ
-System\src\components\shared\BOMGrid.tsx:22:3)

[90mstderr[2m | src/components/shared/__tests__/BO
MGrid.test.tsx[2m > [22m[2mBOMGrid[2m > 
[22m[2mAdd and Remove Items[2m > [22m[2madds 
new item when add button is clicked[22m[39m
Warning: A component is `contentEditable` and 
contains `children` managed by React. It is now 
your responsibility to guarantee that none of those 
nodes are unexpectedly modified or duplicated. This 
is probably not intentional.
    at div
    at div
    at div
    at div
    at spy (file:///C:/Users/Eli/Desktop/Claude%20Co
de/CPQ-System/node_modules/tinyspy/dist/index.js:42:
80)
    at div
    at div
    at div
    at C:\Users\Eli\Desktop\Claude 
Code\CPQ-System\src\components\ui\card.tsx:81:57
    at div
    at C:\Users\Eli\Desktop\Claude 
Code\CPQ-System\src\components\ui\card.tsx:7:50
    at BOMGrid (C:\Users\Eli\Desktop\Claude Code\CPQ
-System\src\components\shared\BOMGrid.tsx:22:3)
Warning: A component is `contentEditable` and 
contains `children` managed by React. It is now 
your responsibility to guarantee that none of those 
nodes are unexpectedly modified or duplicated. This 
is probably not intentional.
    at div
    at div
    at div
    at div
    at spy (file:///C:/Users/Eli/Desktop/Claude%20Co
de/CPQ-System/node_modules/tinyspy/dist/index.js:42:
80)
    at div
    at div
    at div
    at C:\Users\Eli\Desktop\Claude 
Code\CPQ-System\src\components\ui\card.tsx:81:57
    at div
    at C:\Users\Eli\Desktop\Claude 
Code\CPQ-System\src\components\ui\card.tsx:7:50
    at BOMGrid (C:\Users\Eli\Desktop\Claude Code\CPQ
-System\src\components\shared\BOMGrid.tsx:22:3)
Warning: A component is `contentEditable` and 
contains `children` managed by React. It is now 
your responsibility to guarantee that none of those 
nodes are unexpectedly modified or duplicated. This 
is probably not intentional.
    at div
    at div
    at div
    at div
    at spy (file:///C:/Users/Eli/Desktop/Claude%20Co
de/CPQ-System/node_modules/tinyspy/dist/index.js:42:
80)
    at div
    at div
    at div
    at C:\Users\Eli\Desktop\Claude 
Code\CPQ-System\src\components\ui\card.tsx:81:57
    at div
    at C:\Users\Eli\Desktop\Claude 
Code\CPQ-System\src\components\ui\card.tsx:7:50
    at BOMGrid (C:\Users\Eli\Desktop\Claude Code\CPQ
-System\src\components\shared\BOMGrid.tsx:22:3)
Warning: A component is `contentEditable` and 
contains `children` managed by React. It is now 
your responsibility to guarantee that none of those 
nodes are unexpectedly modified or duplicated. This 
is probably not intentional.
    at div
    at div
    at div
    at div
    at spy (file:///C:/Users/Eli/Desktop/Claude%20Co
de/CPQ-System/node_modules/tinyspy/dist/index.js:42:
80)
    at div
    at div
    at div
    at C:\Users\Eli\Desktop\Claude 
Code\CPQ-System\src\components\ui\card.tsx:81:57
    at div
    at C:\Users\Eli\Desktop\Claude 
Code\CPQ-System\src\components\ui\card.tsx:7:50
    at BOMGrid (C:\Users\Eli\Desktop\Claude Code\CPQ
-System\src\components\shared\BOMGrid.tsx:22:3)
Warning: A component is `contentEditable` and 
contains `children` managed by React. It is now 
your responsibility to guarantee that none of those 
nodes are unexpectedly modified or duplicated. This 
is probably not intentional.
    at div
    at div
    at div
    at div
    at spy (file:///C:/Users/Eli/Desktop/Claude%20Co
de/CPQ-System/node_modules/tinyspy/dist/index.js:42:
80)
    at div
    at div
    at div
    at C:\Users\Eli\Desktop\Claude 
Code\CPQ-System\src\components\ui\card.tsx:81:57
    at div
    at C:\Users\Eli\Desktop\Claude 
Code\CPQ-System\src\components\ui\card.tsx:7:50
    at BOMGrid (C:\Users\Eli\Desktop\Claude Code\CPQ
-System\src\components\shared\BOMGrid.tsx:22:3)
Warning: A component is `contentEditable` and 
contains `children` managed by React. It is now 
your responsibility to guarantee that none of those 
nodes are unexpectedly modified or duplicated. This 
is probably not intentional.
    at div
    at div
    at div
    at div
    at spy (file:///C:/Users/Eli/Desktop/Claude%20Co
de/CPQ-System/node_modules/tinyspy/dist/index.js:42:
80)
    at div
    at div
    at div
    at C:\Users\Eli\Desktop\Claude 
Code\CPQ-System\src\components\ui\card.tsx:81:57
    at div
    at C:\Users\Eli\Desktop\Claude 
Code\CPQ-System\src\components\ui\card.tsx:7:50
    at BOMGrid (C:\Users\Eli\Desktop\Claude Code\CPQ
-System\src\components\shared\BOMGrid.tsx:22:3)
Warning: A component is `contentEditable` and 
contains `children` managed by React. It is now 
your responsibility to guarantee that none of those 
nodes are unexpectedly modified or duplicated. This 
is probably not intentional.
    at div
    at div
    at div
    at div
    at spy (file:///C:/Users/Eli/Desktop/Claude%20Co
de/CPQ-System/node_modules/tinyspy/dist/index.js:42:
80)
    at div
    at div
    at div
    at C:\Users\Eli\Desktop\Claude 
Code\CPQ-System\src\components\ui\card.tsx:81:57
    at div
    at C:\Users\Eli\Desktop\Claude 
Code\CPQ-System\src\components\ui\card.tsx:7:50
    at BOMGrid (C:\Users\Eli\Desktop\Claude Code\CPQ
-System\src\components\shared\BOMGrid.tsx:22:3)
Warning: A component is `contentEditable` and 
contains `children` managed by React. It is now 
your responsibility to guarantee that none of those 
nodes are unexpectedly modified or duplicated. This 
is probably not intentional.
    at div
    at div
    at div
    at div
    at spy (file:///C:/Users/Eli/Desktop/Claude%20Co
de/CPQ-System/node_modules/tinyspy/dist/index.js:42:
80)
    at div
    at div
    at div
    at C:\Users\Eli\Desktop\Claude 
Code\CPQ-System\src\components\ui\card.tsx:81:57
    at div
    at C:\Users\Eli\Desktop\Claude 
Code\CPQ-System\src\components\ui\card.tsx:7:50
    at BOMGrid (C:\Users\Eli\Desktop\Claude Code\CPQ
-System\src\components\shared\BOMGrid.tsx:22:3)
Warning: A component is `contentEditable` and 
contains `children` managed by React. It is now 
your responsibility to guarantee that none of those 
nodes are unexpectedly modified or duplicated. This 
is probably not intentional.
    at div
    at div
    at div
    at div
    at spy (file:///C:/Users/Eli/Desktop/Claude%20Co
de/CPQ-System/node_modules/tinyspy/dist/index.js:42:
80)
    at div
    at div
    at div
    at C:\Users\Eli\Desktop\Claude 
Code\CPQ-System\src\components\ui\card.tsx:81:57
    at div
    at C:\Users\Eli\Desktop\Claude 
Code\CPQ-System\src\components\ui\card.tsx:7:50
    at BOMGrid (C:\Users\Eli\Desktop\Claude Code\CPQ
-System\src\components\shared\BOMGrid.tsx:22:3)
Warning: A component is `contentEditable` and 
contains `children` managed by React. It is now 
your responsibility to guarantee that none of those 
nodes are unexpectedly modified or duplicated. This 
is probably not intentional.
    at div
    at div
    at div
    at div
    at spy (file:///C:/Users/Eli/Desktop/Claude%20Co
de/CPQ-System/node_modules/tinyspy/dist/index.js:42:
80)
    at div
    at div
    at div
    at C:\Users\Eli\Desktop\Claude 
Code\CPQ-System\src\components\ui\card.tsx:81:57
    at div
    at C:\Users\Eli\Desktop\Claude 
Code\CPQ-System\src\components\ui\card.tsx:7:50
    at BOMGrid (C:\Users\Eli\Desktop\Claude Code\CPQ
-System\src\components\shared\BOMGrid.tsx:22:3)
Warning: A component is `contentEditable` and 
contains `children` managed by React. It is now 
your responsibility to guarantee that none of those 
nodes are unexpectedly modified or duplicated. This 
is probably not intentional.
    at div
    at div
    at div
    at div
    at spy (file:///C:/Users/Eli/Desktop/Claude%20Co
de/CPQ-System/node_modules/tinyspy/dist/index.js:42:
80)
    at div
    at div
    at div
    at C:\Users\Eli\Desktop\Claude 
Code\CPQ-System\src\components\ui\card.tsx:81:57
    at div
    at C:\Users\Eli\Desktop\Claude 
Code\CPQ-System\src\components\ui\card.tsx:7:50
    at BOMGrid (C:\Users\Eli\Desktop\Claude Code\CPQ
-System\src\components\shared\BOMGrid.tsx:22:3)
Warning: A component is `contentEditable` and 
contains `children` managed by React. It is now 
your responsibility to guarantee that none of those 
nodes are unexpectedly modified or duplicated. This 
is probably not intentional.
    at div
    at div
    at div
    at div
    at spy (file:///C:/Users/Eli/Desktop/Claude%20Co
de/CPQ-System/node_modules/tinyspy/dist/index.js:42:
80)
    at div
    at div
    at div
    at C:\Users\Eli\Desktop\Claude 
Code\CPQ-System\src\components\ui\card.tsx:81:57
    at div
    at C:\Users\Eli\Desktop\Claude 
Code\CPQ-System\src\components\ui\card.tsx:7:50
    at BOMGrid (C:\Users\Eli\Desktop\Claude Code\CPQ
-System\src\components\shared\BOMGrid.tsx:22:3)
Warning: A component is `contentEditable` and 
contains `children` managed by React. It is now 
your responsibility to guarantee that none of those 
nodes are unexpectedly modified or duplicated. This 
is probably not intentional.
    at div
    at div
    at div
    at div
    at spy (file:///C:/Users/Eli/Desktop/Claude%20Co
de/CPQ-System/node_modules/tinyspy/dist/index.js:42:
80)
    at div
    at div
    at div
    at C:\Users\Eli\Desktop\Claude 
Code\CPQ-System\src\components\ui\card.tsx:81:57
    at div
    at C:\Users\Eli\Desktop\Claude 
Code\CPQ-System\src\components\ui\card.tsx:7:50
    at BOMGrid (C:\Users\Eli\Desktop\Claude Code\CPQ
-System\src\components\shared\BOMGrid.tsx:22:3)
Warning: A component is `contentEditable` and 
contains `children` managed by React. It is now 
your responsibility to guarantee that none of those 
nodes are unexpectedly modified or duplicated. This 
is probably not intentional.
    at div
    at div
    at div
    at div
    at spy (file:///C:/Users/Eli/Desktop/Claude%20Co
de/CPQ-System/node_modules/tinyspy/dist/index.js:42:
80)
    at div
    at div
    at div
    at C:\Users\Eli\Desktop\Claude 
Code\CPQ-System\src\components\ui\card.tsx:81:57
    at div
    at C:\Users\Eli\Desktop\Claude 
Code\CPQ-System\src\components\ui\card.tsx:7:50
    at BOMGrid (C:\Users\Eli\Desktop\Claude Code\CPQ
-System\src\components\shared\BOMGrid.tsx:22:3)
Warning: A component is `contentEditable` and 
contains `children` managed by React. It is now 
your responsibility to guarantee that none of those 
nodes are unexpectedly modified or duplicated. This 
is probably not intentional.
    at div
    at div
    at div
    at div
    at spy (file:///C:/Users/Eli/Desktop/Claude%20Co
de/CPQ-System/node_modules/tinyspy/dist/index.js:42:
80)
    at div
    at div
    at div
    at C:\Users\Eli\Desktop\Claude 
Code\CPQ-System\src\components\ui\card.tsx:81:57
    at div
    at C:\Users\Eli\Desktop\Claude 
Code\CPQ-System\src\components\ui\card.tsx:7:50
    at BOMGrid (C:\Users\Eli\Desktop\Claude Code\CPQ
-System\src\components\shared\BOMGrid.tsx:22:3)
Warning: A component is `contentEditable` and 
contains `children` managed by React. It is now 
your responsibility to guarantee that none of those 
nodes are unexpectedly modified or duplicated. This 
is probably not intentional.
    at div
    at div
    at div
    at div
    at spy (file:///C:/Users/Eli/Desktop/Claude%20Co
de/CPQ-System/node_modules/tinyspy/dist/index.js:42:
80)
    at div
    at div
    at div
    at C:\Users\Eli\Desktop\Claude 
Code\CPQ-System\src\components\ui\card.tsx:81:57
    at div
    at C:\Users\Eli\Desktop\Claude 
Code\CPQ-System\src\components\ui\card.tsx:7:50
    at BOMGrid (C:\Users\Eli\Desktop\Claude Code\CPQ
-System\src\components\shared\BOMGrid.tsx:22:3)
Warning: A component is `contentEditable` and 
contains `children` managed by React. It is now 
your responsibility to guarantee that none of those 
nodes are unexpectedly modified or duplicated. This 
is probably not intentional.
    at div
    at div
    at div
    at div
    at spy (file:///C:/Users/Eli/Desktop/Claude%20Co
de/CPQ-System/node_modules/tinyspy/dist/index.js:42:
80)
    at div
    at div
    at div
    at C:\Users\Eli\Desktop\Claude 
Code\CPQ-System\src\components\ui\card.tsx:81:57
    at div
    at C:\Users\Eli\Desktop\Claude 
Code\CPQ-System\src\components\ui\card.tsx:7:50
    at BOMGrid (C:\Users\Eli\Desktop\Claude Code\CPQ
-System\src\components\shared\BOMGrid.tsx:22:3)
Warning: A component is `contentEditable` and 
contains `children` managed by React. It is now 
your responsibility to guarantee that none of those 
nodes are unexpectedly modified or duplicated. This 
is probably not intentional.
    at div
    at div
    at div
    at div
    at spy (file:///C:/Users/Eli/Desktop/Claude%20Co
de/CPQ-System/node_modules/tinyspy/dist/index.js:42:
80)
    at div
    at div
    at div
    at C:\Users\Eli\Desktop\Claude 
Code\CPQ-System\src\components\ui\card.tsx:81:57
    at div
    at C:\Users\Eli\Desktop\Claude 
Code\CPQ-System\src\components\ui\card.tsx:7:50
    at BOMGrid (C:\Users\Eli\Desktop\Claude Code\CPQ
-System\src\components\shared\BOMGrid.tsx:22:3)
Warning: A component is `contentEditable` and 
contains `children` managed by React. It is now 
your responsibility to guarantee that none of those 
nodes are unexpectedly modified or duplicated. This 
is probably not intentional.
    at div
    at div
    at div
    at div
    at spy (file:///C:/Users/Eli/Desktop/Claude%20Co
de/CPQ-System/node_modules/tinyspy/dist/index.js:42:
80)
    at div
    at div
    at div
    at C:\Users\Eli\Desktop\Claude 
Code\CPQ-System\src\components\ui\card.tsx:81:57
    at div
    at C:\Users\Eli\Desktop\Claude 
Code\CPQ-System\src\components\ui\card.tsx:7:50
    at BOMGrid (C:\Users\Eli\Desktop\Claude Code\CPQ
-System\src\components\shared\BOMGrid.tsx:22:3)
Warning: A component is `contentEditable` and 
contains `children` managed by React. It is now 
your responsibility to guarantee that none of those 
nodes are unexpectedly modified or duplicated. This 
is probably not intentional.
    at div
    at div
    at div
    at div
    at spy (file:///C:/Users/Eli/Desktop/Claude%20Co
de/CPQ-System/node_modules/tinyspy/dist/index.js:42:
80)
    at div
    at div
    at div
    at C:\Users\Eli\Desktop\Claude 
Code\CPQ-System\src\components\ui\card.tsx:81:57
    at div
    at C:\Users\Eli\Desktop\Claude 
Code\CPQ-System\src\components\ui\card.tsx:7:50
    at BOMGrid (C:\Users\Eli\Desktop\Claude Code\CPQ
-System\src\components\shared\BOMGrid.tsx:22:3)
Warning: A component is `contentEditable` and 
contains `children` managed by React. It is now 
your responsibility to guarantee that none of those 
nodes are unexpectedly modified or duplicated. This 
is probably not intentional.
    at div
    at div
    at div
    at div
    at spy (file:///C:/Users/Eli/Desktop/Claude%20Co
de/CPQ-System/node_modules/tinyspy/dist/index.js:42:
80)
    at div
    at div
    at div
    at C:\Users\Eli\Desktop\Claude 
Code\CPQ-System\src\components\ui\card.tsx:81:57
    at div
    at C:\Users\Eli\Desktop\Claude 
Code\CPQ-System\src\components\ui\card.tsx:7:50
    at BOMGrid (C:\Users\Eli\Desktop\Claude Code\CPQ
-System\src\components\shared\BOMGrid.tsx:22:3)
Warning: A component is `contentEditable` and 
contains `children` managed by React. It is now 
your responsibility to guarantee that none of those 
nodes are unexpectedly modified or duplicated. This 
is probably not intentional.
    at div
    at div
    at div
    at div
    at spy (file:///C:/Users/Eli/Desktop/Claude%20Co
de/CPQ-System/node_modules/tinyspy/dist/index.js:42:
80)
    at div
    at div
    at div
    at C:\Users\Eli\Desktop\Claude 
Code\CPQ-System\src\components\ui\card.tsx:81:57
    at div
    at C:\Users\Eli\Desktop\Claude 
Code\CPQ-System\src\components\ui\card.tsx:7:50
    at BOMGrid (C:\Users\Eli\Desktop\Claude Code\CPQ
-System\src\components\shared\BOMGrid.tsx:22:3)
Warning: A component is `contentEditable` and 
contains `children` managed by React. It is now 
your responsibility to guarantee that none of those 
nodes are unexpectedly modified or duplicated. This 
is probably not intentional.
    at div
    at div
    at div
    at div
    at spy (file:///C:/Users/Eli/Desktop/Claude%20Co
de/CPQ-System/node_modules/tinyspy/dist/index.js:42:
80)
    at div
    at div
    at div
    at C:\Users\Eli\Desktop\Claude 
Code\CPQ-System\src\components\ui\card.tsx:81:57
    at div
    at C:\Users\Eli\Desktop\Claude 
Code\CPQ-System\src\components\ui\card.tsx:7:50
    at BOMGrid (C:\Users\Eli\Desktop\Claude Code\CPQ
-System\src\components\shared\BOMGrid.tsx:22:3)
Warning: A component is `contentEditable` and 
contains `children` managed by React. It is now 
your responsibility to guarantee that none of those 
nodes are unexpectedly modified or duplicated. This 
is probably not intentional.
    at div
    at div
    at div
    at div
    at spy (file:///C:/Users/Eli/Desktop/Claude%20Co
de/CPQ-System/node_modules/tinyspy/dist/index.js:42:
80)
    at div
    at div
    at div
    at C:\Users\Eli\Desktop\Claude 
Code\CPQ-System\src\components\ui\card.tsx:81:57
    at div
    at C:\Users\Eli\Desktop\Claude 
Code\CPQ-System\src\components\ui\card.tsx:7:50
    at BOMGrid (C:\Users\Eli\Desktop\Claude Code\CPQ
-System\src\components\shared\BOMGrid.tsx:22:3)
Warning: A component is `contentEditable` and 
contains `children` managed by React. It is now 
your responsibility to guarantee that none of those 
nodes are unexpectedly modified or duplicated. This 
is probably not intentional.
    at div
    at div
    at div
    at div
    at spy (file:///C:/Users/Eli/Desktop/Claude%20Co
de/CPQ-System/node_modules/tinyspy/dist/index.js:42:
80)
    at div
    at div
    at div
    at C:\Users\Eli\Desktop\Claude 
Code\CPQ-System\src\components\ui\card.tsx:81:57
    at div
    at C:\Users\Eli\Desktop\Claude 
Code\CPQ-System\src\components\ui\card.tsx:7:50
    at BOMGrid (C:\Users\Eli\Desktop\Claude Code\CPQ
-System\src\components\shared\BOMGrid.tsx:22:3)
Warning: A component is `contentEditable` and 
contains `children` managed by React. It is now 
your responsibility to guarantee that none of those 
nodes are unexpectedly modified or duplicated. This 
is probably not intentional.
    at div
    at div
    at div
    at div
    at spy (file:///C:/Users/Eli/Desktop/Claude%20Co
de/CPQ-System/node_modules/tinyspy/dist/index.js:42:
80)
    at div
    at div
    at div
    at C:\Users\Eli\Desktop\Claude 
Code\CPQ-System\src\components\ui\card.tsx:81:57
    at div
    at C:\Users\Eli\Desktop\Claude 
Code\CPQ-System\src\components\ui\card.tsx:7:50
    at BOMGrid (C:\Users\Eli\Desktop\Claude Code\CPQ
-System\src\components\shared\BOMGrid.tsx:22:3)
Warning: A component is `contentEditable` and 
contains `children` managed by React. It is now 
your responsibility to guarantee that none of those 
nodes are unexpectedly modified or duplicated. This 
is probably not intentional.
    at div
    at div
    at div
    at div
    at spy (file:///C:/Users/Eli/Desktop/Claude%20Co
de/CPQ-System/node_modules/tinyspy/dist/index.js:42:
80)
    at div
    at div
    at div
    at C:\Users\Eli\Desktop\Claude 
Code\CPQ-System\src\components\ui\card.tsx:81:57
    at div
    at C:\Users\Eli\Desktop\Claude 
Code\CPQ-System\src\components\ui\card.tsx:7:50
    at BOMGrid (C:\Users\Eli\Desktop\Claude Code\CPQ
-System\src\components\shared\BOMGrid.tsx:22:3)
Warning: A component is `contentEditable` and 
contains `children` managed by React. It is now 
your responsibility to guarantee that none of those 
nodes are unexpectedly modified or duplicated. This 
is probably not intentional.
    at div
    at div
    at div
    at div
    at spy (file:///C:/Users/Eli/Desktop/Claude%20Co
de/CPQ-System/node_modules/tinyspy/dist/index.js:42:
80)
    at div
    at div
    at div
    at C:\Users\Eli\Desktop\Claude 
Code\CPQ-System\src\components\ui\card.tsx:81:57
    at div
    at C:\Users\Eli\Desktop\Claude 
Code\CPQ-System\src\components\ui\card.tsx:7:50
    at BOMGrid (C:\Users\Eli\Desktop\Claude Code\CPQ
-System\src\components\shared\BOMGrid.tsx:22:3)
Warning: A component is `contentEditable` and 
contains `children` managed by React. It is now 
your responsibility to guarantee that none of those 
nodes are unexpectedly modified or duplicated. This 
is probably not intentional.
    at div
    at div
    at div
    at div
    at spy (file:///C:/Users/Eli/Desktop/Claude%20Co
de/CPQ-System/node_modules/tinyspy/dist/index.js:42:
80)
    at div
    at div
    at div
    at C:\Users\Eli\Desktop\Claude 
Code\CPQ-System\src\components\ui\card.tsx:81:57
    at div
    at C:\Users\Eli\Desktop\Claude 
Code\CPQ-System\src\components\ui\card.tsx:7:50
    at BOMGrid (C:\Users\Eli\Desktop\Claude Code\CPQ
-System\src\components\shared\BOMGrid.tsx:22:3)
Warning: A component is `contentEditable` and 
contains `children` managed by React. It is now 
your responsibility to guarantee that none of those 
nodes are unexpectedly modified or duplicated. This 
is probably not intentional.
    at div
    at div
    at div
    at div
    at spy (file:///C:/Users/Eli/Desktop/Claude%20Co
de/CPQ-System/node_modules/tinyspy/dist/index.js:42:
80)
    at div
    at div
    at div
    at C:\Users\Eli\Desktop\Claude 
Code\CPQ-System\src\components\ui\card.tsx:81:57
    at div
    at C:\Users\Eli\Desktop\Claude 
Code\CPQ-System\src\components\ui\card.tsx:7:50
    at BOMGrid (C:\Users\Eli\Desktop\Claude Code\CPQ
-System\src\components\shared\BOMGrid.tsx:22:3)
Warning: A component is `contentEditable` and 
contains `children` managed by React. It is now 
your responsibility to guarantee that none of those 
nodes are unexpectedly modified or duplicated. This 
is probably not intentional.
    at div
    at div
    at div
    at div
    at spy (file:///C:/Users/Eli/Desktop/Claude%20Co
de/CPQ-System/node_modules/tinyspy/dist/index.js:42:
80)
    at div
    at div
    at div
    at C:\Users\Eli\Desktop\Claude 
Code\CPQ-System\src\components\ui\card.tsx:81:57
    at div
    at C:\Users\Eli\Desktop\Claude 
Code\CPQ-System\src\components\ui\card.tsx:7:50
    at BOMGrid (C:\Users\Eli\Desktop\Claude Code\CPQ
-System\src\components\shared\BOMGrid.tsx:22:3)
Warning: A component is `contentEditable` and 
contains `children` managed by React. It is now 
your responsibility to guarantee that none of those 
nodes are unexpectedly modified or duplicated. This 
is probably not intentional.
    at div
    at div
    at div
    at div
    at spy (file:///C:/Users/Eli/Desktop/Claude%20Co
de/CPQ-System/node_modules/tinyspy/dist/index.js:42:
80)
    at div
    at div
    at div
    at C:\Users\Eli\Desktop\Claude 
Code\CPQ-System\src\components\ui\card.tsx:81:57
    at div
    at C:\Users\Eli\Desktop\Claude 
Code\CPQ-System\src\components\ui\card.tsx:7:50
    at BOMGrid (C:\Users\Eli\Desktop\Claude Code\CPQ
-System\src\components\shared\BOMGrid.tsx:22:3)
Warning: A component is `contentEditable` and 
contains `children` managed by React. It is now 
your responsibility to guarantee that none of those 
nodes are unexpectedly modified or duplicated. This 
is probably not intentional.
    at div
    at div
    at div
    at div
    at spy (file:///C:/Users/Eli/Desktop/Claude%20Co
de/CPQ-System/node_modules/tinyspy/dist/index.js:42:
80)
    at div
    at div
    at div
    at C:\Users\Eli\Desktop\Claude 
Code\CPQ-System\src\components\ui\card.tsx:81:57
    at div
    at C:\Users\Eli\Desktop\Claude 
Code\CPQ-System\src\components\ui\card.tsx:7:50
    at BOMGrid (C:\Users\Eli\Desktop\Claude Code\CPQ
-System\src\components\shared\BOMGrid.tsx:22:3)
Warning: A component is `contentEditable` and 
contains `children` managed by React. It is now 
your responsibility to guarantee that none of those 
nodes are unexpectedly modified or duplicated. This 
is probably not intentional.
    at div
    at div
    at div
    at div
    at spy (file:///C:/Users/Eli/Desktop/Claude%20Co
de/CPQ-System/node_modules/tinyspy/dist/index.js:42:
80)
    at div
    at div
    at div
    at C:\Users\Eli\Desktop\Claude 
Code\CPQ-System\src\components\ui\card.tsx:81:57
    at div
    at C:\Users\Eli\Desktop\Claude 
Code\CPQ-System\src\components\ui\card.tsx:7:50
    at BOMGrid (C:\Users\Eli\Desktop\Claude Code\CPQ
-System\src\components\shared\BOMGrid.tsx:22:3)
Warning: A component is `contentEditable` and 
contains `children` managed by React. It is now 
your responsibility to guarantee that none of those 
nodes are unexpectedly modified or duplicated. This 
is probably not intentional.
    at div
    at div
    at div
    at div
    at spy (file:///C:/Users/Eli/Desktop/Claude%20Co
de/CPQ-System/node_modules/tinyspy/dist/index.js:42:
80)
    at div
    at div
    at div
    at C:\Users\Eli\Desktop\Claude 
Code\CPQ-System\src\components\ui\card.tsx:81:57
    at div
    at C:\Users\Eli\Desktop\Claude 
Code\CPQ-System\src\components\ui\card.tsx:7:50
    at BOMGrid (C:\Users\Eli\Desktop\Claude Code\CPQ
-System\src\components\shared\BOMGrid.tsx:22:3)
Warning: A component is `contentEditable` and 
contains `children` managed by React. It is now 
your responsibility to guarantee that none of those 
nodes are unexpectedly modified or duplicated. This 
is probably not intentional.
    at div
    at div
    at div
    at div
    at spy (file:///C:/Users/Eli/Desktop/Claude%20Co
de/CPQ-System/node_modules/tinyspy/dist/index.js:42:
80)
    at div
    at div
    at div
    at C:\Users\Eli\Desktop\Claude 
Code\CPQ-System\src\components\ui\card.tsx:81:57
    at div
    at C:\Users\Eli\Desktop\Claude 
Code\CPQ-System\src\components\ui\card.tsx:7:50
    at BOMGrid (C:\Users\Eli\Desktop\Claude Code\CPQ
-System\src\components\shared\BOMGrid.tsx:22:3)
Warning: A component is `contentEditable` and 
contains `children` managed by React. It is now 
your responsibility to guarantee that none of those 
nodes are unexpectedly modified or duplicated. This 
is probably not intentional.
    at div
    at div
    at div
    at div
    at spy (file:///C:/Users/Eli/Desktop/Claude%20Co
de/CPQ-System/node_modules/tinyspy/dist/index.js:42:
80)
    at div
    at div
    at div
    at C:\Users\Eli\Desktop\Claude 
Code\CPQ-System\src\components\ui\card.tsx:81:57
    at div
    at C:\Users\Eli\Desktop\Claude 
Code\CPQ-System\src\components\ui\card.tsx:7:50
    at BOMGrid (C:\Users\Eli\Desktop\Claude Code\CPQ
-System\src\components\shared\BOMGrid.tsx:22:3)
Warning: A component is `contentEditable` and 
contains `children` managed by React. It is now 
your responsibility to guarantee that none of those 
nodes are unexpectedly modified or duplicated. This 
is probably not intentional.
    at div
    at div
    at div
    at div
    at spy (file:///C:/Users/Eli/Desktop/Claude%20Co
de/CPQ-System/node_modules/tinyspy/dist/index.js:42:
80)
    at div
    at div
    at div
    at C:\Users\Eli\Desktop\Claude 
Code\CPQ-System\src\components\ui\card.tsx:81:57
    at div
    at C:\Users\Eli\Desktop\Claude 
Code\CPQ-System\src\components\ui\card.tsx:7:50
    at BOMGrid (C:\Users\Eli\Desktop\Claude Code\CPQ
-System\src\components\shared\BOMGrid.tsx:22:3)
Warning: A component is `contentEditable` and 
contains `children` managed by React. It is now 
your responsibility to guarantee that none of those 
nodes are unexpectedly modified or duplicated. This 
is probably not intentional.
    at div
    at div
    at div
    at div
    at spy (file:///C:/Users/Eli/Desktop/Claude%20Co
de/CPQ-System/node_modules/tinyspy/dist/index.js:42:
80)
    at div
    at div
    at div
    at C:\Users\Eli\Desktop\Claude 
Code\CPQ-System\src\components\ui\card.tsx:81:57
    at div
    at C:\Users\Eli\Desktop\Claude 
Code\CPQ-System\src\components\ui\card.tsx:7:50
    at BOMGrid (C:\Users\Eli\Desktop\Claude Code\CPQ
-System\src\components\shared\BOMGrid.tsx:22:3)
Warning: A component is `contentEditable` and 
contains `children` managed by React. It is now 
your responsibility to guarantee that none of those 
nodes are unexpectedly modified or duplicated. This 
is probably not intentional.
    at div
    at div
    at div
    at div
    at spy (file:///C:/Users/Eli/Desktop/Claude%20Co
de/CPQ-System/node_modules/tinyspy/dist/index.js:42:
80)
    at div
    at div
    at div
    at C:\Users\Eli\Desktop\Claude 
Code\CPQ-System\src\components\ui\card.tsx:81:57
    at div
    at C:\Users\Eli\Desktop\Claude 
Code\CPQ-System\src\components\ui\card.tsx:7:50
    at BOMGrid (C:\Users\Eli\Desktop\Claude Code\CPQ
-System\src\components\shared\BOMGrid.tsx:22:3)
Warning: A component is `contentEditable` and 
contains `children` managed by React. It is now 
your responsibility to guarantee that none of those 
nodes are unexpectedly modified or duplicated. This 
is probably not intentional.
    at div
    at div
    at div
    at div
    at spy (file:///C:/Users/Eli/Desktop/Claude%20Co
de/CPQ-System/node_modules/tinyspy/dist/index.js:42:
80)
    at div
    at div
    at div
    at C:\Users\Eli\Desktop\Claude 
Code\CPQ-System\src\components\ui\card.tsx:81:57
    at div
    at C:\Users\Eli\Desktop\Claude 
Code\CPQ-System\src\components\ui\card.tsx:7:50
    at BOMGrid (C:\Users\Eli\Desktop\Claude Code\CPQ
-System\src\components\shared\BOMGrid.tsx:22:3)
Warning: A component is `contentEditable` and 
contains `children` managed by React. It is now 
your responsibility to guarantee that none of those 
nodes are unexpectedly modified or duplicated. This 
is probably not intentional.
    at div
    at div
    at div
    at div
    at spy (file:///C:/Users/Eli/Desktop/Claude%20Co
de/CPQ-System/node_modules/tinyspy/dist/index.js:42:
80)
    at div
    at div
    at div
    at C:\Users\Eli\Desktop\Claude 
Code\CPQ-System\src\components\ui\card.tsx:81:57
    at div
    at C:\Users\Eli\Desktop\Claude 
Code\CPQ-System\src\components\ui\card.tsx:7:50
    at BOMGrid (C:\Users\Eli\Desktop\Claude Code\CPQ
-System\src\components\shared\BOMGrid.tsx:22:3)
Warning: A component is `contentEditable` and 
contains `children` managed by React. It is now 
your responsibility to guarantee that none of those 
nodes are unexpectedly modified or duplicated. This 
is probably not intentional.
    at div
    at div
    at div
    at div
    at spy (file:///C:/Users/Eli/Desktop/Claude%20Co
de/CPQ-System/node_modules/tinyspy/dist/index.js:42:
80)
    at div
    at div
    at div
    at C:\Users\Eli\Desktop\Claude 
Code\CPQ-System\src\components\ui\card.tsx:81:57
    at div
    at C:\Users\Eli\Desktop\Claude 
Code\CPQ-System\src\components\ui\card.tsx:7:50
    at BOMGrid (C:\Users\Eli\Desktop\Claude Code\CPQ
-System\src\components\shared\BOMGrid.tsx:22:3)
Warning: A component is `contentEditable` and 
contains `children` managed by React. It is now 
your responsibility to guarantee that none of those 
nodes are unexpectedly modified or duplicated. This 
is probably not intentional.
    at div
    at div
    at div
    at div
    at spy (file:///C:/Users/Eli/Desktop/Claude%20Co
de/CPQ-System/node_modules/tinyspy/dist/index.js:42:
80)
    at div
    at div
    at div
    at C:\Users\Eli\Desktop\Claude 
Code\CPQ-System\src\components\ui\card.tsx:81:57
    at div
    at C:\Users\Eli\Desktop\Claude 
Code\CPQ-System\src\components\ui\card.tsx:7:50
    at BOMGrid (C:\Users\Eli\Desktop\Claude Code\CPQ
-System\src\components\shared\BOMGrid.tsx:22:3)
Warning: A component is `contentEditable` and 
contains `children` managed by React. It is now 
your responsibility to guarantee that none of those 
nodes are unexpectedly modified or duplicated. This 
is probably not intentional.
    at div
    at div
    at div
    at div
    at spy (file:///C:/Users/Eli/Desktop/Claude%20Co
de/CPQ-System/node_modules/tinyspy/dist/index.js:42:
80)
    at div
    at div
    at div
    at C:\Users\Eli\Desktop\Claude 
Code\CPQ-System\src\components\ui\card.tsx:81:57
    at div
    at C:\Users\Eli\Desktop\Claude 
Code\CPQ-System\src\components\ui\card.tsx:7:50
    at BOMGrid (C:\Users\Eli\Desktop\Claude Code\CPQ
-System\src\components\shared\BOMGrid.tsx:22:3)
Warning: A component is `contentEditable` and 
contains `children` managed by React. It is now 
your responsibility to guarantee that none of those 
nodes are unexpectedly modified or duplicated. This 
is probably not intentional.
    at div
    at div
    at div
    at div
    at spy (file:///C:/Users/Eli/Desktop/Claude%20Co
de/CPQ-System/node_modules/tinyspy/dist/index.js:42:
80)
    at div
    at div
    at div
    at C:\Users\Eli\Desktop\Claude 
Code\CPQ-System\src\components\ui\card.tsx:81:57
    at div
    at C:\Users\Eli\Desktop\Claude 
Code\CPQ-System\src\components\ui\card.tsx:7:50
    at BOMGrid (C:\Users\Eli\Desktop\Claude Code\CPQ
-System\src\components\shared\BOMGrid.tsx:22:3)

[90mstderr[2m | src/components/shared/__tests__/BO
MGrid.test.tsx[2m > [22m[2mBOMGrid[2m > 
[22m[2mAdd and Remove Items[2m > 
[22m[2mremoves item when delete button is 
clicked[22m[39m
Warning: A component is `contentEditable` and 
contains `children` managed by React. It is now 
your responsibility to guarantee that none of those 
nodes are unexpectedly modified or duplicated. This 
is probably not intentional.
    at div
    at div
    at div
    at div
    at spy (file:///C:/Users/Eli/Desktop/Claude%20Co
de/CPQ-System/node_modules/tinyspy/dist/index.js:42:
80)
    at div
    at div
    at div
    at C:\Users\Eli\Desktop\Claude 
Code\CPQ-System\src\components\ui\card.tsx:81:57
    at div
    at C:\Users\Eli\Desktop\Claude 
Code\CPQ-System\src\components\ui\card.tsx:7:50
    at BOMGrid (C:\Users\Eli\Desktop\Claude Code\CPQ
-System\src\components\shared\BOMGrid.tsx:22:3)
Warning: A component is `contentEditable` and 
contains `children` managed by React. It is now 
your responsibility to guarantee that none of those 
nodes are unexpectedly modified or duplicated. This 
is probably not intentional.
    at div
    at div
    at div
    at div
    at spy (file:///C:/Users/Eli/Desktop/Claude%20Co
de/CPQ-System/node_modules/tinyspy/dist/index.js:42:
80)
    at div
    at div
    at div
    at C:\Users\Eli\Desktop\Claude 
Code\CPQ-System\src\components\ui\card.tsx:81:57
    at div
    at C:\Users\Eli\Desktop\Claude 
Code\CPQ-System\src\components\ui\card.tsx:7:50
    at BOMGrid (C:\Users\Eli\Desktop\Claude Code\CPQ
-System\src\components\shared\BOMGrid.tsx:22:3)
Warning: A component is `contentEditable` and 
contains `children` managed by React. It is now 
your responsibility to guarantee that none of those 
nodes are unexpectedly modified or duplicated. This 
is probably not intentional.
    at div
    at div
    at div
    at div
    at spy (file:///C:/Users/Eli/Desktop/Claude%20Co
de/CPQ-System/node_modules/tinyspy/dist/index.js:42:
80)
    at div
    at div
    at div
    at C:\Users\Eli\Desktop\Claude 
Code\CPQ-System\src\components\ui\card.tsx:81:57
    at div
    at C:\Users\Eli\Desktop\Claude 
Code\CPQ-System\src\components\ui\card.tsx:7:50
    at BOMGrid (C:\Users\Eli\Desktop\Claude Code\CPQ
-System\src\components\shared\BOMGrid.tsx:22:3)
Warning: A component is `contentEditable` and 
contains `children` managed by React. It is now 
your responsibility to guarantee that none of those 
nodes are unexpectedly modified or duplicated. This 
is probably not intentional.
    at div
    at div
    at div
    at div
    at spy (file:///C:/Users/Eli/Desktop/Claude%20Co
de/CPQ-System/node_modules/tinyspy/dist/index.js:42:
80)
    at div
    at div
    at div
    at C:\Users\Eli\Desktop\Claude 
Code\CPQ-System\src\components\ui\card.tsx:81:57
    at div
    at C:\Users\Eli\Desktop\Claude 
Code\CPQ-System\src\components\ui\card.tsx:7:50
    at BOMGrid (C:\Users\Eli\Desktop\Claude Code\CPQ
-System\src\components\shared\BOMGrid.tsx:22:3)
Warning: A component is `contentEditable` and 
contains `children` managed by React. It is now 
your responsibility to guarantee that none of those 
nodes are unexpectedly modified or duplicated. This 
is probably not intentional.
    at div
    at div
    at div
    at div
    at spy (file:///C:/Users/Eli/Desktop/Claude%20Co
de/CPQ-System/node_modules/tinyspy/dist/index.js:42:
80)
    at div
    at div
    at div
    at C:\Users\Eli\Desktop\Claude 
Code\CPQ-System\src\components\ui\card.tsx:81:57
    at div
    at C:\Users\Eli\Desktop\Claude 
Code\CPQ-System\src\components\ui\card.tsx:7:50
    at BOMGrid (C:\Users\Eli\Desktop\Claude Code\CPQ
-System\src\components\shared\BOMGrid.tsx:22:3)
Warning: A component is `contentEditable` and 
contains `children` managed by React. It is now 
your responsibility to guarantee that none of those 
nodes are unexpectedly modified or duplicated. This 
is probably not intentional.
    at div
    at div
    at div
    at div
    at spy (file:///C:/Users/Eli/Desktop/Claude%20Co
de/CPQ-System/node_modules/tinyspy/dist/index.js:42:
80)
    at div
    at div
    at div
    at C:\Users\Eli\Desktop\Claude 
Code\CPQ-System\src\components\ui\card.tsx:81:57
    at div
    at C:\Users\Eli\Desktop\Claude 
Code\CPQ-System\src\components\ui\card.tsx:7:50
    at BOMGrid (C:\Users\Eli\Desktop\Claude Code\CPQ
-System\src\components\shared\BOMGrid.tsx:22:3)
Warning: A component is `contentEditable` and 
contains `children` managed by React. It is now 
your responsibility to guarantee that none of those 
nodes are unexpectedly modified or duplicated. This 
is probably not intentional.
    at div
    at div
    at div
    at div
    at spy (file:///C:/Users/Eli/Desktop/Claude%20Co
de/CPQ-System/node_modules/tinyspy/dist/index.js:42:
80)
    at div
    at div
    at div
    at C:\Users\Eli\Desktop\Claude 
Code\CPQ-System\src\components\ui\card.tsx:81:57
    at div
    at C:\Users\Eli\Desktop\Claude 
Code\CPQ-System\src\components\ui\card.tsx:7:50
    at BOMGrid (C:\Users\Eli\Desktop\Claude Code\CPQ
-System\src\components\shared\BOMGrid.tsx:22:3)
Warning: A component is `contentEditable` and 
contains `children` managed by React. It is now 
your responsibility to guarantee that none of those 
nodes are unexpectedly modified or duplicated. This 
is probably not intentional.
    at div
    at div
    at div
    at div
    at spy (file:///C:/Users/Eli/Desktop/Claude%20Co
de/CPQ-System/node_modules/tinyspy/dist/index.js:42:
80)
    at div
    at div
    at div
    at C:\Users\Eli\Desktop\Claude 
Code\CPQ-System\src\components\ui\card.tsx:81:57
    at div
    at C:\Users\Eli\Desktop\Claude 
Code\CPQ-System\src\components\ui\card.tsx:7:50
    at BOMGrid (C:\Users\Eli\Desktop\Claude Code\CPQ
-System\src\components\shared\BOMGrid.tsx:22:3)
Warning: A component is `contentEditable` and 
contains `children` managed by React. It is now 
your responsibility to guarantee that none of those 
nodes are unexpectedly modified or duplicated. This 
is probably not intentional.
    at div
    at div
    at div
    at div
    at spy (file:///C:/Users/Eli/Desktop/Claude%20Co
de/CPQ-System/node_modules/tinyspy/dist/index.js:42:
80)
    at div
    at div
    at div
    at C:\Users\Eli\Desktop\Claude 
Code\CPQ-System\src\components\ui\card.tsx:81:57
    at div
    at C:\Users\Eli\Desktop\Claude 
Code\CPQ-System\src\components\ui\card.tsx:7:50
    at BOMGrid (C:\Users\Eli\Desktop\Claude Code\CPQ
-System\src\components\shared\BOMGrid.tsx:22:3)
Warning: A component is `contentEditable` and 
contains `children` managed by React. It is now 
your responsibility to guarantee that none of those 
nodes are unexpectedly modified or duplicated. This 
is probably not intentional.
    at div
    at div
    at div
    at div
    at spy (file:///C:/Users/Eli/Desktop/Claude%20Co
de/CPQ-System/node_modules/tinyspy/dist/index.js:42:
80)
    at div
    at div
    at div
    at C:\Users\Eli\Desktop\Claude 
Code\CPQ-System\src\components\ui\card.tsx:81:57
    at div
    at C:\Users\Eli\Desktop\Claude 
Code\CPQ-System\src\components\ui\card.tsx:7:50
    at BOMGrid (C:\Users\Eli\Desktop\Claude Code\CPQ
-System\src\components\shared\BOMGrid.tsx:22:3)
Warning: A component is `contentEditable` and 
contains `children` managed by React. It is now 
your responsibility to guarantee that none of those 
nodes are unexpectedly modified or duplicated. This 
is probably not intentional.
    at div
    at div
    at div
    at div
    at spy (file:///C:/Users/Eli/Desktop/Claude%20Co
de/CPQ-System/node_modules/tinyspy/dist/index.js:42:
80)
    at div
    at div
    at div
    at C:\Users\Eli\Desktop\Claude 
Code\CPQ-System\src\components\ui\card.tsx:81:57
    at div
    at C:\Users\Eli\Desktop\Claude 
Code\CPQ-System\src\components\ui\card.tsx:7:50
    at BOMGrid (C:\Users\Eli\Desktop\Claude Code\CPQ
-System\src\components\shared\BOMGrid.tsx:22:3)
Warning: A component is `contentEditable` and 
contains `children` managed by React. It is now 
your responsibility to guarantee that none of those 
nodes are unexpectedly modified or duplicated. This 
is probably not intentional.
    at div
    at div
    at div
    at div
    at spy (file:///C:/Users/Eli/Desktop/Claude%20Co
de/CPQ-System/node_modules/tinyspy/dist/index.js:42:
80)
    at div
    at div
    at div
    at C:\Users\Eli\Desktop\Claude 
Code\CPQ-System\src\components\ui\card.tsx:81:57
    at div
    at C:\Users\Eli\Desktop\Claude 
Code\CPQ-System\src\components\ui\card.tsx:7:50
    at BOMGrid (C:\Users\Eli\Desktop\Claude Code\CPQ
-System\src\components\shared\BOMGrid.tsx:22:3)
Warning: A component is `contentEditable` and 
contains `children` managed by React. It is now 
your responsibility to guarantee that none of those 
nodes are unexpectedly modified or duplicated. This 
is probably not intentional.
    at div
    at div
    at div
    at div
    at spy (file:///C:/Users/Eli/Desktop/Claude%20Co
de/CPQ-System/node_modules/tinyspy/dist/index.js:42:
80)
    at div
    at div
    at div
    at C:\Users\Eli\Desktop\Claude 
Code\CPQ-System\src\components\ui\card.tsx:81:57
    at div
    at C:\Users\Eli\Desktop\Claude 
Code\CPQ-System\src\components\ui\card.tsx:7:50
    at BOMGrid (C:\Users\Eli\Desktop\Claude Code\CPQ
-System\src\components\shared\BOMGrid.tsx:22:3)
Warning: A component is `contentEditable` and 
contains `children` managed by React. It is now 
your responsibility to guarantee that none of those 
nodes are unexpectedly modified or duplicated. This 
is probably not intentional.
    at div
    at div
    at div
    at div
    at spy (file:///C:/Users/Eli/Desktop/Claude%20Co
de/CPQ-System/node_modules/tinyspy/dist/index.js:42:
80)
    at div
    at div
    at div
    at C:\Users\Eli\Desktop\Claude 
Code\CPQ-System\src\components\ui\card.tsx:81:57
    at div
    at C:\Users\Eli\Desktop\Claude 
Code\CPQ-System\src\components\ui\card.tsx:7:50
    at BOMGrid (C:\Users\Eli\Desktop\Claude Code\CPQ
-System\src\components\shared\BOMGrid.tsx:22:3)
Warning: A component is `contentEditable` and 
contains `children` managed by React. It is now 
your responsibility to guarantee that none of those 
nodes are unexpectedly modified or duplicated. This 
is probably not intentional.
    at div
    at div
    at div
    at div
    at spy (file:///C:/Users/Eli/Desktop/Claude%20Co
de/CPQ-System/node_modules/tinyspy/dist/index.js:42:
80)
    at div
    at div
    at div
    at C:\Users\Eli\Desktop\Claude 
Code\CPQ-System\src\components\ui\card.tsx:81:57
    at div
    at C:\Users\Eli\Desktop\Claude 
Code\CPQ-System\src\components\ui\card.tsx:7:50
    at BOMGrid (C:\Users\Eli\Desktop\Claude Code\CPQ
-System\src\components\shared\BOMGrid.tsx:22:3)
Warning: A component is `contentEditable` and 
contains `children` managed by React. It is now 
your responsibility to guarantee that none of those 
nodes are unexpectedly modified or duplicated. This 
is probably not intentional.
    at div
    at div
    at div
    at div
    at spy (file:///C:/Users/Eli/Desktop/Claude%20Co
de/CPQ-System/node_modules/tinyspy/dist/index.js:42:
80)
    at div
    at div
    at div
    at C:\Users\Eli\Desktop\Claude 
Code\CPQ-System\src\components\ui\card.tsx:81:57
    at div
    at C:\Users\Eli\Desktop\Claude 
Code\CPQ-System\src\components\ui\card.tsx:7:50
    at BOMGrid (C:\Users\Eli\Desktop\Claude Code\CPQ
-System\src\components\shared\BOMGrid.tsx:22:3)
Warning: A component is `contentEditable` and 
contains `children` managed by React. It is now 
your responsibility to guarantee that none of those 
nodes are unexpectedly modified or duplicated. This 
is probably not intentional.
    at div
    at div
    at div
    at div
    at spy (file:///C:/Users/Eli/Desktop/Claude%20Co
de/CPQ-System/node_modules/tinyspy/dist/index.js:42:
80)
    at div
    at div
    at div
    at C:\Users\Eli\Desktop\Claude 
Code\CPQ-System\src\components\ui\card.tsx:81:57
    at div
    at C:\Users\Eli\Desktop\Claude 
Code\CPQ-System\src\components\ui\card.tsx:7:50
    at BOMGrid (C:\Users\Eli\Desktop\Claude Code\CPQ
-System\src\components\shared\BOMGrid.tsx:22:3)
Warning: A component is `contentEditable` and 
contains `children` managed by React. It is now 
your responsibility to guarantee that none of those 
nodes are unexpectedly modified or duplicated. This 
is probably not intentional.
    at div
    at div
    at div
    at div
    at spy (file:///C:/Users/Eli/Desktop/Claude%20Co
de/CPQ-System/node_modules/tinyspy/dist/index.js:42:
80)
    at div
    at div
    at div
    at C:\Users\Eli\Desktop\Claude 
Code\CPQ-System\src\components\ui\card.tsx:81:57
    at div
    at C:\Users\Eli\Desktop\Claude 
Code\CPQ-System\src\components\ui\card.tsx:7:50
    at BOMGrid (C:\Users\Eli\Desktop\Claude Code\CPQ
-System\src\components\shared\BOMGrid.tsx:22:3)
Warning: A component is `contentEditable` and 
contains `children` managed by React. It is now 
your responsibility to guarantee that none of those 
nodes are unexpectedly modified or duplicated. This 
is probably not intentional.
    at div
    at div
    at div
    at div
    at spy (file:///C:/Users/Eli/Desktop/Claude%20Co
de/CPQ-System/node_modules/tinyspy/dist/index.js:42:
80)
    at div
    at div
    at div
    at C:\Users\Eli\Desktop\Claude 
Code\CPQ-System\src\components\ui\card.tsx:81:57
    at div
    at C:\Users\Eli\Desktop\Claude 
Code\CPQ-System\src\components\ui\card.tsx:7:50
    at BOMGrid (C:\Users\Eli\Desktop\Claude Code\CPQ
-System\src\components\shared\BOMGrid.tsx:22:3)
Warning: A component is `contentEditable` and 
contains `children` managed by React. It is now 
your responsibility to guarantee that none of those 
nodes are unexpectedly modified or duplicated. This 
is probably not intentional.
    at div
    at div
    at div
    at div
    at spy (file:///C:/Users/Eli/Desktop/Claude%20Co
de/CPQ-System/node_modules/tinyspy/dist/index.js:42:
80)
    at div
    at div
    at div
    at C:\Users\Eli\Desktop\Claude 
Code\CPQ-System\src\components\ui\card.tsx:81:57
    at div
    at C:\Users\Eli\Desktop\Claude 
Code\CPQ-System\src\components\ui\card.tsx:7:50
    at BOMGrid (C:\Users\Eli\Desktop\Claude Code\CPQ
-System\src\components\shared\BOMGrid.tsx:22:3)
Warning: A component is `contentEditable` and 
contains `children` managed by React. It is now 
your responsibility to guarantee that none of those 
nodes are unexpectedly modified or duplicated. This 
is probably not intentional.
    at div
    at div
    at div
    at div
    at spy (file:///C:/Users/Eli/Desktop/Claude%20Co
de/CPQ-System/node_modules/tinyspy/dist/index.js:42:
80)
    at div
    at div
    at div
    at C:\Users\Eli\Desktop\Claude 
Code\CPQ-System\src\components\ui\card.tsx:81:57
    at div
    at C:\Users\Eli\Desktop\Claude 
Code\CPQ-System\src\components\ui\card.tsx:7:50
    at BOMGrid (C:\Users\Eli\Desktop\Claude Code\CPQ
-System\src\components\shared\BOMGrid.tsx:22:3)
Warning: A component is `contentEditable` and 
contains `children` managed by React. It is now 
your responsibility to guarantee that none of those 
nodes are unexpectedly modified or duplicated. This 
is probably not intentional.
    at div
    at div
    at div
    at div
    at spy (file:///C:/Users/Eli/Desktop/Claude%20Co
de/CPQ-System/node_modules/tinyspy/dist/index.js:42:
80)
    at div
    at div
    at div
    at C:\Users\Eli\Desktop\Claude 
Code\CPQ-System\src\components\ui\card.tsx:81:57
    at div
    at C:\Users\Eli\Desktop\Claude 
Code\CPQ-System\src\components\ui\card.tsx:7:50
    at BOMGrid (C:\Users\Eli\Desktop\Claude Code\CPQ
-System\src\components\shared\BOMGrid.tsx:22:3)
Warning: A component is `contentEditable` and 
contains `children` managed by React. It is now 
your responsibility to guarantee that none of those 
nodes are unexpectedly modified or duplicated. This 
is probably not intentional.
    at div
    at div
    at div
    at div
    at spy (file:///C:/Users/Eli/Desktop/Claude%20Co
de/CPQ-System/node_modules/tinyspy/dist/index.js:42:
80)
    at div
    at div
    at div
    at C:\Users\Eli\Desktop\Claude 
Code\CPQ-System\src\components\ui\card.tsx:81:57
    at div
    at C:\Users\Eli\Desktop\Claude 
Code\CPQ-System\src\components\ui\card.tsx:7:50
    at BOMGrid (C:\Users\Eli\Desktop\Claude Code\CPQ
-System\src\components\shared\BOMGrid.tsx:22:3)
Warning: A component is `contentEditable` and 
contains `children` managed by React. It is now 
your responsibility to guarantee that none of those 
nodes are unexpectedly modified or duplicated. This 
is probably not intentional.
    at div
    at div
    at div
    at div
    at spy (file:///C:/Users/Eli/Desktop/Claude%20Co
de/CPQ-System/node_modules/tinyspy/dist/index.js:42:
80)
    at div
    at div
    at div
    at C:\Users\Eli\Desktop\Claude 
Code\CPQ-System\src\components\ui\card.tsx:81:57
    at div
    at C:\Users\Eli\Desktop\Claude 
Code\CPQ-System\src\components\ui\card.tsx:7:50
    at BOMGrid (C:\Users\Eli\Desktop\Claude Code\CPQ
-System\src\components\shared\BOMGrid.tsx:22:3)
Warning: A component is `contentEditable` and 
contains `children` managed by React. It is now 
your responsibility to guarantee that none of those 
nodes are unexpectedly modified or duplicated. This 
is probably not intentional.
    at div
    at div
    at div
    at div
    at spy (file:///C:/Users/Eli/Desktop/Claude%20Co
de/CPQ-System/node_modules/tinyspy/dist/index.js:42:
80)
    at div
    at div
    at div
    at C:\Users\Eli\Desktop\Claude 
Code\CPQ-System\src\components\ui\card.tsx:81:57
    at div
    at C:\Users\Eli\Desktop\Claude 
Code\CPQ-System\src\components\ui\card.tsx:7:50
    at BOMGrid (C:\Users\Eli\Desktop\Claude Code\CPQ
-System\src\components\shared\BOMGrid.tsx:22:3)
Warning: A component is `contentEditable` and 
contains `children` managed by React. It is now 
your responsibility to guarantee that none of those 
nodes are unexpectedly modified or duplicated. This 
is probably not intentional.
    at div
    at div
    at div
    at div
    at spy (file:///C:/Users/Eli/Desktop/Claude%20Co
de/CPQ-System/node_modules/tinyspy/dist/index.js:42:
80)
    at div
    at div
    at div
    at C:\Users\Eli\Desktop\Claude 
Code\CPQ-System\src\components\ui\card.tsx:81:57
    at div
    at C:\Users\Eli\Desktop\Claude 
Code\CPQ-System\src\components\ui\card.tsx:7:50
    at BOMGrid (C:\Users\Eli\Desktop\Claude Code\CPQ
-System\src\components\shared\BOMGrid.tsx:22:3)
Warning: A component is `contentEditable` and 
contains `children` managed by React. It is now 
your responsibility to guarantee that none of those 
nodes are unexpectedly modified or duplicated. This 
is probably not intentional.
    at div
    at div
    at div
    at div
    at spy (file:///C:/Users/Eli/Desktop/Claude%20Co
de/CPQ-System/node_modules/tinyspy/dist/index.js:42:
80)
    at div
    at div
    at div
    at C:\Users\Eli\Desktop\Claude 
Code\CPQ-System\src\components\ui\card.tsx:81:57
    at div
    at C:\Users\Eli\Desktop\Claude 
Code\CPQ-System\src\components\ui\card.tsx:7:50
    at BOMGrid (C:\Users\Eli\Desktop\Claude Code\CPQ
-System\src\components\shared\BOMGrid.tsx:22:3)
Warning: A component is `contentEditable` and 
contains `children` managed by React. It is now 
your responsibility to guarantee that none of those 
nodes are unexpectedly modified or duplicated. This 
is probably not intentional.
    at div
    at div
    at div
    at div
    at spy (file:///C:/Users/Eli/Desktop/Claude%20Co
de/CPQ-System/node_modules/tinyspy/dist/index.js:42:
80)
    at div
    at div
    at div
    at C:\Users\Eli\Desktop\Claude 
Code\CPQ-System\src\components\ui\card.tsx:81:57
    at div
    at C:\Users\Eli\Desktop\Claude 
Code\CPQ-System\src\components\ui\card.tsx:7:50
    at BOMGrid (C:\Users\Eli\Desktop\Claude Code\CPQ
-System\src\components\shared\BOMGrid.tsx:22:3)
Warning: A component is `contentEditable` and 
contains `children` managed by React. It is now 
your responsibility to guarantee that none of those 
nodes are unexpectedly modified or duplicated. This 
is probably not intentional.
    at div
    at div
    at div
    at div
    at spy (file:///C:/Users/Eli/Desktop/Claude%20Co
de/CPQ-System/node_modules/tinyspy/dist/index.js:42:
80)
    at div
    at div
    at div
    at C:\Users\Eli\Desktop\Claude 
Code\CPQ-System\src\components\ui\card.tsx:81:57
    at div
    at C:\Users\Eli\Desktop\Claude 
Code\CPQ-System\src\components\ui\card.tsx:7:50
    at BOMGrid (C:\Users\Eli\Desktop\Claude Code\CPQ
-System\src\components\shared\BOMGrid.tsx:22:3)
Warning: A component is `contentEditable` and 
contains `children` managed by React. It is now 
your responsibility to guarantee that none of those 
nodes are unexpectedly modified or duplicated. This 
is probably not intentional.
    at div
    at div
    at div
    at div
    at spy (file:///C:/Users/Eli/Desktop/Claude%20Co
de/CPQ-System/node_modules/tinyspy/dist/index.js:42:
80)
    at div
    at div
    at div
    at C:\Users\Eli\Desktop\Claude 
Code\CPQ-System\src\components\ui\card.tsx:81:57
    at div
    at C:\Users\Eli\Desktop\Claude 
Code\CPQ-System\src\components\ui\card.tsx:7:50
    at BOMGrid (C:\Users\Eli\Desktop\Claude Code\CPQ
-System\src\components\shared\BOMGrid.tsx:22:3)
Warning: A component is `contentEditable` and 
contains `children` managed by React. It is now 
your responsibility to guarantee that none of those 
nodes are unexpectedly modified or duplicated. This 
is probably not intentional.
    at div
    at div
    at div
    at div
    at spy (file:///C:/Users/Eli/Desktop/Claude%20Co
de/CPQ-System/node_modules/tinyspy/dist/index.js:42:
80)
    at div
    at div
    at div
    at C:\Users\Eli\Desktop\Claude 
Code\CPQ-System\src\components\ui\card.tsx:81:57
    at div
    at C:\Users\Eli\Desktop\Claude 
Code\CPQ-System\src\components\ui\card.tsx:7:50
    at BOMGrid (C:\Users\Eli\Desktop\Claude Code\CPQ
-System\src\components\shared\BOMGrid.tsx:22:3)
Warning: A component is `contentEditable` and 
contains `children` managed by React. It is now 
your responsibility to guarantee that none of those 
nodes are unexpectedly modified or duplicated. This 
is probably not intentional.
    at div
    at div
    at div
    at div
    at spy (file:///C:/Users/Eli/Desktop/Claude%20Co
de/CPQ-System/node_modules/tinyspy/dist/index.js:42:
80)
    at div
    at div
    at div
    at C:\Users\Eli\Desktop\Claude 
Code\CPQ-System\src\components\ui\card.tsx:81:57
    at div
    at C:\Users\Eli\Desktop\Claude 
Code\CPQ-System\src\components\ui\card.tsx:7:50
    at BOMGrid (C:\Users\Eli\Desktop\Claude Code\CPQ
-System\src\components\shared\BOMGrid.tsx:22:3)
Warning: A component is `contentEditable` and 
contains `children` managed by React. It is now 
your responsibility to guarantee that none of those 
nodes are unexpectedly modified or duplicated. This 
is probably not intentional.
    at div
    at div
    at div
    at div
    at spy (file:///C:/Users/Eli/Desktop/Claude%20Co
de/CPQ-System/node_modules/tinyspy/dist/index.js:42:
80)
    at div
    at div
    at div
    at C:\Users\Eli\Desktop\Claude 
Code\CPQ-System\src\components\ui\card.tsx:81:57
    at div
    at C:\Users\Eli\Desktop\Claude 
Code\CPQ-System\src\components\ui\card.tsx:7:50
    at BOMGrid (C:\Users\Eli\Desktop\Claude Code\CPQ
-System\src\components\shared\BOMGrid.tsx:22:3)
Warning: A component is `contentEditable` and 
contains `children` managed by React. It is now 
your responsibility to guarantee that none of those 
nodes are unexpectedly modified or duplicated. This 
is probably not intentional.
    at div
    at div
    at div
    at div
    at spy (file:///C:/Users/Eli/Desktop/Claude%20Co
de/CPQ-System/node_modules/tinyspy/dist/index.js:42:
80)
    at div
    at div
    at div
    at C:\Users\Eli\Desktop\Claude 
Code\CPQ-System\src\components\ui\card.tsx:81:57
    at div
    at C:\Users\Eli\Desktop\Claude 
Code\CPQ-System\src\components\ui\card.tsx:7:50
    at BOMGrid (C:\Users\Eli\Desktop\Claude Code\CPQ
-System\src\components\shared\BOMGrid.tsx:22:3)
Warning: A component is `contentEditable` and 
contains `children` managed by React. It is now 
your responsibility to guarantee that none of those 
nodes are unexpectedly modified or duplicated. This 
is probably not intentional.
    at div
    at div
    at div
    at div
    at spy (file:///C:/Users/Eli/Desktop/Claude%20Co
de/CPQ-System/node_modules/tinyspy/dist/index.js:42:
80)
    at div
    at div
    at div
    at C:\Users\Eli\Desktop\Claude 
Code\CPQ-System\src\components\ui\card.tsx:81:57
    at div
    at C:\Users\Eli\Desktop\Claude 
Code\CPQ-System\src\components\ui\card.tsx:7:50
    at BOMGrid (C:\Users\Eli\Desktop\Claude Code\CPQ
-System\src\components\shared\BOMGrid.tsx:22:3)
Warning: A component is `contentEditable` and 
contains `children` managed by React. It is now 
your responsibility to guarantee that none of those 
nodes are unexpectedly modified or duplicated. This 
is probably not intentional.
    at div
    at div
    at div
    at div
    at spy (file:///C:/Users/Eli/Desktop/Claude%20Co
de/CPQ-System/node_modules/tinyspy/dist/index.js:42:
80)
    at div
    at div
    at div
    at C:\Users\Eli\Desktop\Claude 
Code\CPQ-System\src\components\ui\card.tsx:81:57
    at div
    at C:\Users\Eli\Desktop\Claude 
Code\CPQ-System\src\components\ui\card.tsx:7:50
    at BOMGrid (C:\Users\Eli\Desktop\Claude Code\CPQ
-System\src\components\shared\BOMGrid.tsx:22:3)
Warning: A component is `contentEditable` and 
contains `children` managed by React. It is now 
your responsibility to guarantee that none of those 
nodes are unexpectedly modified or duplicated. This 
is probably not intentional.
    at div
    at div
    at div
    at div
    at spy (file:///C:/Users/Eli/Desktop/Claude%20Co
de/CPQ-System/node_modules/tinyspy/dist/index.js:42:
80)
    at div
    at div
    at div
    at C:\Users\Eli\Desktop\Claude 
Code\CPQ-System\src\components\ui\card.tsx:81:57
    at div
    at C:\Users\Eli\Desktop\Claude 
Code\CPQ-System\src\components\ui\card.tsx:7:50
    at BOMGrid (C:\Users\Eli\Desktop\Claude Code\CPQ
-System\src\components\shared\BOMGrid.tsx:22:3)
Warning: A component is `contentEditable` and 
contains `children` managed by React. It is now 
your responsibility to guarantee that none of those 
nodes are unexpectedly modified or duplicated. This 
is probably not intentional.
    at div
    at div
    at div
    at div
    at spy (file:///C:/Users/Eli/Desktop/Claude%20Co
de/CPQ-System/node_modules/tinyspy/dist/index.js:42:
80)
    at div
    at div
    at div
    at C:\Users\Eli\Desktop\Claude 
Code\CPQ-System\src\components\ui\card.tsx:81:57
    at div
    at C:\Users\Eli\Desktop\Claude 
Code\CPQ-System\src\components\ui\card.tsx:7:50
    at BOMGrid (C:\Users\Eli\Desktop\Claude Code\CPQ
-System\src\components\shared\BOMGrid.tsx:22:3)
Warning: A component is `contentEditable` and 
contains `children` managed by React. It is now 
your responsibility to guarantee that none of those 
nodes are unexpectedly modified or duplicated. This 
is probably not intentional.
    at div
    at div
    at div
    at div
    at spy (file:///C:/Users/Eli/Desktop/Claude%20Co
de/CPQ-System/node_modules/tinyspy/dist/index.js:42:
80)
    at div
    at div
    at div
    at C:\Users\Eli\Desktop\Claude 
Code\CPQ-System\src\components\ui\card.tsx:81:57
    at div
    at C:\Users\Eli\Desktop\Claude 
Code\CPQ-System\src\components\ui\card.tsx:7:50
    at BOMGrid (C:\Users\Eli\Desktop\Claude Code\CPQ
-System\src\components\shared\BOMGrid.tsx:22:3)
Warning: A component is `contentEditable` and 
contains `children` managed by React. It is now 
your responsibility to guarantee that none of those 
nodes are unexpectedly modified or duplicated. This 
is probably not intentional.
    at div
    at div
    at div
    at div
    at spy (file:///C:/Users/Eli/Desktop/Claude%20Co
de/CPQ-System/node_modules/tinyspy/dist/index.js:42:
80)
    at div
    at div
    at div
    at C:\Users\Eli\Desktop\Claude 
Code\CPQ-System\src\components\ui\card.tsx:81:57
    at div
    at C:\Users\Eli\Desktop\Claude 
Code\CPQ-System\src\components\ui\card.tsx:7:50
    at BOMGrid (C:\Users\Eli\Desktop\Claude Code\CPQ
-System\src\components\shared\BOMGrid.tsx:22:3)
Warning: A component is `contentEditable` and 
contains `children` managed by React. It is now 
your responsibility to guarantee that none of those 
nodes are unexpectedly modified or duplicated. This 
is probably not intentional.
    at div
    at div
    at div
    at div
    at spy (file:///C:/Users/Eli/Desktop/Claude%20Co
de/CPQ-System/node_modules/tinyspy/dist/index.js:42:
80)
    at div
    at div
    at div
    at C:\Users\Eli\Desktop\Claude 
Code\CPQ-System\src\components\ui\card.tsx:81:57
    at div
    at C:\Users\Eli\Desktop\Claude 
Code\CPQ-System\src\components\ui\card.tsx:7:50
    at BOMGrid (C:\Users\Eli\Desktop\Claude Code\CPQ
-System\src\components\shared\BOMGrid.tsx:22:3)
Warning: A component is `contentEditable` and 
contains `children` managed by React. It is now 
your responsibility to guarantee that none of those 
nodes are unexpectedly modified or duplicated. This 
is probably not intentional.
    at div
    at div
    at div
    at div
    at spy (file:///C:/Users/Eli/Desktop/Claude%20Co
de/CPQ-System/node_modules/tinyspy/dist/index.js:42:
80)
    at div
    at div
    at div
    at C:\Users\Eli\Desktop\Claude 
Code\CPQ-System\src\components\ui\card.tsx:81:57
    at div
    at C:\Users\Eli\Desktop\Claude 
Code\CPQ-System\src\components\ui\card.tsx:7:50
    at BOMGrid (C:\Users\Eli\Desktop\Claude Code\CPQ
-System\src\components\shared\BOMGrid.tsx:22:3)
Warning: A component is `contentEditable` and 
contains `children` managed by React. It is now 
your responsibility to guarantee that none of those 
nodes are unexpectedly modified or duplicated. This 
is probably not intentional.
    at div
    at div
    at div
    at div
    at spy (file:///C:/Users/Eli/Desktop/Claude%20Co
de/CPQ-System/node_modules/tinyspy/dist/index.js:42:
80)
    at div
    at div
    at div
    at C:\Users\Eli\Desktop\Claude 
Code\CPQ-System\src\components\ui\card.tsx:81:57
    at div
    at C:\Users\Eli\Desktop\Claude 
Code\CPQ-System\src\components\ui\card.tsx:7:50
    at BOMGrid (C:\Users\Eli\Desktop\Claude Code\CPQ
-System\src\components\shared\BOMGrid.tsx:22:3)
Warning: A component is `contentEditable` and 
contains `children` managed by React. It is now 
your responsibility to guarantee that none of those 
nodes are unexpectedly modified or duplicated. This 
is probably not intentional.
    at div
    at div
    at div
    at div
    at spy (file:///C:/Users/Eli/Desktop/Claude%20Co
de/CPQ-System/node_modules/tinyspy/dist/index.js:42:
80)
    at div
    at div
    at div
    at C:\Users\Eli\Desktop\Claude 
Code\CPQ-System\src\components\ui\card.tsx:81:57
    at div
    at C:\Users\Eli\Desktop\Claude 
Code\CPQ-System\src\components\ui\card.tsx:7:50
    at BOMGrid (C:\Users\Eli\Desktop\Claude Code\CPQ
-System\src\components\shared\BOMGrid.tsx:22:3)
Warning: A component is `contentEditable` and 
contains `children` managed by React. It is now 
your responsibility to guarantee that none of those 
nodes are unexpectedly modified or duplicated. This 
is probably not intentional.
    at div
    at div
    at div
    at div
    at spy (file:///C:/Users/Eli/Desktop/Claude%20Co
de/CPQ-System/node_modules/tinyspy/dist/index.js:42:
80)
    at div
    at div
    at div
    at C:\Users\Eli\Desktop\Claude 
Code\CPQ-System\src\components\ui\card.tsx:81:57
    at div
    at C:\Users\Eli\Desktop\Claude 
Code\CPQ-System\src\components\ui\card.tsx:7:50
    at BOMGrid (C:\Users\Eli\Desktop\Claude Code\CPQ
-System\src\components\shared\BOMGrid.tsx:22:3)
Warning: A component is `contentEditable` and 
contains `children` managed by React. It is now 
your responsibility to guarantee that none of those 
nodes are unexpectedly modified or duplicated. This 
is probably not intentional.
    at div
    at div
    at div
    at div
    at spy (file:///C:/Users/Eli/Desktop/Claude%20Co
de/CPQ-System/node_modules/tinyspy/dist/index.js:42:
80)
    at div
    at div
    at div
    at C:\Users\Eli\Desktop\Claude 
Code\CPQ-System\src\components\ui\card.tsx:81:57
    at div
    at C:\Users\Eli\Desktop\Claude 
Code\CPQ-System\src\components\ui\card.tsx:7:50
    at BOMGrid (C:\Users\Eli\Desktop\Claude Code\CPQ
-System\src\components\shared\BOMGrid.tsx:22:3)

 [33mΓ¥»[39m src/components/shared/__tests__/BOMGrid.test.tsx [2m ([22m[2m23 tests[22m [2m|[22m [31m14 failed[39m[2m)[22m[33m 2202[2mms[22m[39m
[31m   [33mΓ¥»[31m src/components/shared/__tests__/BOMGrid.test.tsx[2m > [22mBOMGrid[2m > [22mBasic Grid Functionality[2m > [22mdisplays correct column headers[39m
[31m     ΓåÆ Found multiple elements with the text: Total Cost

Here are the matching elements:

Ignored nodes: comments, script, style
[36m<div[31m
  [33mclass[31m=[32m"grid-header-cell"[31m
  [33mdata-col-id[31m=[32m"totalCost"[31m
[36m>[31m
  [0mTotal Cost[0m
[36m</div>[31m

Ignored nodes: comments, script, style
[36m<div[31m
  [33mclass[31m=[32m"text-sm font-medium text-gray-600"[31m
[36m>[31m
  [0mTotal Cost[0m
[36m</div>[31m

(If this is intentional, then use the `*AllBy*` variant of the query (like `queryAllByText`, `getAllByText`, or `findAllByText`)).

Ignored nodes: comments, script, style
[36m<body>[31m
  [36m<div>[31m
    [36m<div[31m
      [33mclass[31m=[32m"rounded-lg border bg-card text-card-foreground shadow-sm w-full"[31m
    [36m>[31m
      [36m<div[31m
        [33mclass[31m=[32m"flex flex-col space-y-1.5 p-6"[31m
      [36m>[31m
        [36m<div[31m
          [33mclass[31m=[32m"flex justify-between items-center"[31m
        [36m>[31m
          [36m<h3[31m
            [33mclass[31m=[32m"font-semibold tracking-tight text-xl"[31m
          [36m>[31m
            [0mBill of Materials[0m
          [36m</h3>[31m
          [36m<div[31m
            [33mclass[31m=[32m"flex gap-2"[31m
          [36m>[31m
            [36m<button[31m
              [33mclass[31m=[32m"inline-flex items-center justify-center whitespace-nowrap text-sm font-medium ring-offset-background transition-colors focus-visible:outline-none focus-visible:ring-2 focus-visible:ring-ring focus-visible:ring-offset-2 disabled:pointer-events-none disabled:opacity-50 bg-primary text-primary-foreground hover:bg-primary/90 h-9 rounded-md px-3"[31m
            [36m>[31m
              [0mPlus[0m
              [0mAdd Item[0m
            [36m</button>[31m
            [36m<button[31m
              [33mclass[31m=[32m"inline-flex items-center justify-center whitespace-nowrap text-sm font-medium ring-offset-background transition-colors focus-visible:outline-none focus-visible:ring-2 focus-visible:ring-ring focus-visible:ring-offset-2 disabled:pointer-events-none disabled:opacity-50 border border-input bg-background hover:bg-accent hover:text-accent-foreground h-9 rounded-md px-3"[31m
            [36m>[31m
              [0mCalculator[0m
              [0mApply 25% Markup[0m
            [36m</button>[31m
          [36m</div>[31m
        [36m</div>[31m
      [36m</div>[31m
      [36m<div[31m
        [33mclass[31m=[32m"p-6 pt-0"[31m
      [36m>[31m
        [36m<div[31m
          [33mclass[31m=[32m"space-y-4"[31m
        [36m>[31m
          [36m<div[31m
            [33mclass[31m=[32m"ag-theme-alpine"[31m
            [33mstyle[31m=[32m"height: 400px; width: 100%; direction: rtl;"[31m
          [36m>[31m
            [36m<div[31m
              [33mclass[31m=[32m"ag-theme-alpine"[31m
              [33mdata-testid[31m=[32m"ag-grid"[31m
            [36m>[31m
              [36m<div[31m
                [33mclass[31m=[32m"grid-header"[31m
              [36m>[31m
                [36m<div[31m
                  [33mclass[31m=[32m"grid-header-cell"[31m
                  [33mdata-col-id[31m=[32m"actions"[31m
                [36m>[31m
                  [0mActions[0m
                [36m</div>[31m
                [36m<div[31m
                  [33mclass[31m=[32m"grid-header-cell"[31m
                  [33mdata-col-id[31m=[32m"totalPrice"[31m
                [36m>[31m
                  [0mTotal Price[0m
                [36m</div>[31m
                [36m<div[31m
                  [33mclass[31m=[32m"grid-header-cell"[31m
                  [33mdata-col-id[31m=[32m"totalCost"[31m
                [36m>[31m
                  [0mTotal Cost[0m
                [36m</div>[31m
                [36m<div[31m
                  [33mclass[31m=[32m"grid-header-cell"[31m
                  [33mdata-col-id[31m=[32m"margin"[31m
                [36m>[31m
                  [0mMargin %[0m
                [36m</div>[31m
                [36m<div[31m
                  [33mclass[31m=[32m"grid-header-cell"[31m
                  [33mdata-col-id[31m=[32m"customerPrice"[31m
                [36m>[31m
                  [0mCustomer Price[0m
                [36m</div>[31m
                [36m<div[31m
                  [33mclass[31m=[32m"grid-header-cell"[31m
                  [33mdata-col-id[31m=[32m"unitCost"[31m
                [36m>[31m
                  [0mUnit Cost[0m
                [36m</div>[31m
                [36m<div[31m
                  [33mclass[31m=[32m"grid-header-cell"[31m
                  [33mdata-col-id[31m=[32m"quantity"[31m
                [36m>[31m
                  [0mQty[0m
                [36m</div>[31m
                [36m<div[31m
                  [33mclass[31m=[32m"grid-header-cell"[31m
                  [33mdata-col-id[31m=[32m"supplier"[31m
                [36m>[31m
                  [0mSupplier[0m
                [36m</div>[31m
                [36m<div[31m
                  [33mclass[31m=[32m"grid-header-cell"[31m
                  [33mdata-col-id[31m=[32m"manufacturerPn"[31m
                [36m>[31m
                  [0mMFR P/N[0m
                [36m</div>[31m
                [36m<div[31m
                  [33mclass[31m=[32m"grid-header-cell"[31m
                  [33mdata-col-id[31m=[32m"manufacturer"[31m
                [36m>[31m
                  [0mManufacturer[0m
                [36m</div>[31m
                [36m<div[31m
                  [33mclass[31m=[32m"grid-header-cell"[31m
                  [33mdata-col-id[31m=[32m"description"[31m
                [36m>[31m
                  [0mDescription[0m
                [36m</div>[31m
                [36m<div[31m
                  [33mclass[31m=[32m"grid-header-cell"[31m
                  [33mdata-col-id[31m=[32m"itemType"[31m
                [36m>[31m
                  [0mType[0m
                [36m</div>[31m
                [36m<div[31m
                  [33mclass[31m=[32m"grid-header-cell"[31m
                  [33mdata-col-id[31m=[32m"id"[31m
                [36m/>[31m
              [36m</div>[31m
              [36m<div[31m
                [33mclass[31m=[32m"grid-body"[31m
              [36m>[31m
                [36m<div[31m
                  [33mclass[31m=[32m"grid-row"[31m
                  [33mdata-row-id[31m=[32m"item-1"[31m
                  [33mdata-row-index[31m=[32m"0"[31m
                [36m>[31m
                  [36m<div[31m
                    [33mclass[31m=[32m"grid-cell"[31m
                    [33mdata-col-id[31m=[32m"actions"[31m
                  [36m/>[31m
                  [36m<div[31m
                    [33mclass[31m=[32m"grid-cell"[31m
                    [33mcontenteditable[31m=[32m"false"[31m
                    [33mdata-col-id[31m=[32m"totalPrice"[31m
                  [36m>[31m
                    [0m3125.00[0m
                  [36m</div>[31m
                  [36m<div[31m
                    [33mclass[31m=[32m"grid-cell"[31m
                    [33mcontenteditable[31m=[32m"false"[31m
                    [33mdata-col-id[31m=[32m"totalCost"[31m
                  [36m>[31m
                    [0m2500.00[0m
                  [36m</div>[31m
                  [36m<div[31m
                    [33mclass[31m=[32m"grid-cell"[31m
                    [33mcontenteditable[31m=[32m"false"[31m
                    [33mdata-col-id[31m=[32m"margin"[31m
                  [36m>[31m
                    [0m25%[0m
                  [36m</div>[31m
                  [36m<div[31m
                    [33mclass[31m=[32m"grid-cell"[31m
                    [33mcontenteditable[31m=[32m"true"[31m
                    [33mdata-col-id[31m=[32m"customerPrice"[31m
                  [36m>[31m
                    [0m3125[0m
                  [36m</div>[31m
                  [36m<div[31m
                    [33mclass[31m=[32m"grid-cell"[31m
                    [33mcontenteditable[31m=[32m"true"[31m
                    [33mdata-col-id[31m=[32m"unitCost"[31m
                  [36m>[31m
                    [0m2500[0m
                  [36m</div>[31m
                  [36m<div[31m
                    [33mclass[31m=[32m"grid-cell"[31m
                    [33mcontenteditable[31m=[32m"true"[31m
                    [33mdata-col-id[31m=[32m"quantity"[31m
                  [36m>[31m
                    [0m1[0m
                  [36m</div>[31m
                  [36m<div[31m
                    [33mclass[31m=[32m"grid-cell"[31m
                    [33mcontenteditable[31m=[32m"true"[31m
                    [33mdata-col-id[31m=[32m"supplier"[31m
                  [36m>[31m
                    [0mAutomation Supplier[0m
                  [36m</div>[31m
                  [36m<div[31m
                    [33mclass[31m=[32m"grid-cell"[31m
                    [33mcontenteditable[31m=[32m"true"[31m
                    [33mdata-col-id[31m=[32m"manufacturerPn"[31m
                  [36m>[31m
                    [0m6ES7512-1DK01-0AB0[0m
                  [36m</div>[31m
                  [36m<div[31m
                    [33mclass[31m=[32m"grid-cell"[31m
                    [33mcontenteditable[31m=[32m"true"[31m
                    [33mdata-col-id[31m=[32m"manufacturer"[31m
                  [36m>[31m
                    [0mSiemens[0m
                  [36m</div>[31m
                  [36m<div[31m
                    [33mclass[31m=[32m"grid-cell"[31m
                    [33mcontenteditable[31m=[32m"true"[31m
                    [33mdata-col-id[31m=[32m"description"[31m
                  [36m>[31m
                    [0mSiemens S7-1500 PLC[0m
                  [36m</div>[31m
                  [36m<div[31m
                    [33mclass[31m=[32m"grid-cell"[31m
                    [33mcontenteditable[31m=[32m"true"[31m
                    [33mdata-col-id[31m=[32m"itemType"[31m
                  [36m>[31m
                    [0mcomponent[0m
                  [36m</div>[31m
                  [36m<div[31m
                    [33mclass[31m=[32m"grid-cell"[31m
                    [33mdata-col-id[31m=[32m"id"[31m
                  [36m>[31m
                    [0mitem-1[0m
                  [36m</div>[31m
                  [36m<div[31m
                    [33mclass[31m=[32m"grid-cell"[31m
                  [36m>[31m
                    [36m<button>[31m
                      [0mDelete[0m
                    [36m</button>[31m
                  [36m</div>[31m
                [36m</div>[31m
                [36m<div[31m
                  [33mclass[31m=[32m"grid-row"[31m
                  [33mdata-row-id[31m=[32m"item-2"[31m
                  [33mdata-row-index[31m=[32m"1"[31m
                [36m>[31m
                  [36m<div[31m
                    [33mclass[31m=[32m"grid-cell"[31m
                    [33mdata-col-id[31m=[32m"actions"[31m
                  [36m/>[31m
                  [36m<div[31m
                    [33mclass[31m=[32m"grid-cell"[31m
                    [33mcontenteditable[31m=[32m"false"[31m
                    [33mdata-col-id[31m=[32m"totalPrice"[31m
                  [36m>[31m
                    [0m750.00[0m
                  [36m</div>[31m
                  [36m<div[31m
                    [33mclass[31m=[32m"grid-cell"[31m
                    [33mcontenteditable[31m=[32m"false"[31m
                    [33mdata-col-id[31m=[32m"totalCost"[31m
                  [36m>[31m
                    [0m600.00[0m
                  [36m</div>[31m
                  [36m<div[31m
                    [33mclass[31m=[32m"grid-cell"[31m
                    [33mcontenteditable[31m=[32m"false"[31m
                    [33mdata-col-id[31m=[32m"margin"[31m
                  [36m>[31m
                    [0m25%[0m
                  [36m</div>[31m
                  [36m<div[31m
                    [33mclass[31m=[32m"grid-cell"[31m
                    [33mcontenteditable[31m=[32m"true"[31m
                    [33mdata-col-id[31m=[32m"customerPrice"[31m
                  [36m>[31m
                    [0m187.5[0m
                  [36m</div>[31m
                  [36m<div[31m
                    [33mclass[31m=[32m"grid-cell"[31m
                    [33mcontenteditable[31m=[32m"true"[31m
                    [33mdata-col-id[31m=[32m"unitCost"[31m
                  [36m>[31m
                    [0m150[0m
                  [36m</div>[31m
                  [36m<div[31m
                    [33mclass[31m=[32m"grid-cell"[31m
                    [33mcontenteditable[31m=[32m"true"[31m
                    [33mdata-col-id[31m=[32m"quantity"[31m
                  [36m>[31m
                    [0m4[0m
                  [36m</div>[31m
                  [36m<div[31m
                    [33mclass[31m=[32m"grid-cell"[31m
                    [33mcontenteditable[31m=[32m"true"[31m
                    [33mdata-col-id[31m=[32m"supplier"[31m
                  [36m>[31m
                    [0mSensor Supplier[0m
                  [36m</div>[31m
                  [36m<div[31m
                    [33mclass[31m=[32m"grid-cell"[31m
                    [33mcontenteditable[31m=[32m"true"[31m
                    [33mdata-col-id[31m=[32m"manufacturerPn"[31m
                  [36m>[31m
                    [0mQS18VN6D[0m
                  [36m</div>[31m
                  [36m<div[31m
                    [33mclass[31m=[32m"grid-cell"[31m
                    [33mcontenteditable[31m=[32m"true"[31m
                    [33mdata-col-id[31m=[32m"manufacturer"[31m
                  [36m>[31m
                    [0mBanner[0m
                  [36m</div>[31m
                  [36m<div[31m
                    [33mclass[31m=[32m"grid-cell"[31m
                    [33mcontenteditable[31m=[32m"true"[31m
                    [33mdata-col-id[31m=[32m"description"[31m
                  [36m>[31m
                    [0mBanner Photoelectric Sensor[0m
                  [36m</div>[31m
                  [36m<div[31m
                    [33mclass[31m=[32m"grid-cell"[31m
                    [33mcontenteditable[31m=[32m"true"[31m
                    [33mdata-col-id[31m=[32m"itemType"[31m
                  [36m>[31m
                    [0mcomponent[0m
                  [36m</div>[31m
                  [36m<div[31m
                    [33mclass[31m=[32m"grid-cell"[31m
                    [33mdata-col-id[31m=[32m"id"[31m
                  [36m>[31m
                    [0mitem-2[0m
                  [36m</div>[31m
                  [36m<div[31m
                    [33mclass[31m=[32m"grid-cell"[31m
                  [36m>[31m
                    [36m<button>[31m
                      [0mDelete[0m
                    [36m</button>[31m
                  [36m</div>[31m
                [36m</div>[31m
                [36m<div[31m
                  [33mclass[31m=[32m"grid-row"[31m
                  [33mdata-row-id[31m=[32m"item-3"[31m
                  [33mdata-row-index[31m=[32m"2"[31m
                [36m>[31m
                  [36m<div[31m
                    [33mclass[31m=[32m"grid-cell"[31m
                    [33mdata-col-id[31m=[32m"actions"[31m
                  [36m/>[31m
                  [36m<div[31m
                    [33mclass[31m=[32m"grid-cell"[31m
                    [33mcontenteditable[31m=[32m"false"[31m
                    [33mdata-col-id[31m=[32m"totalPrice"[31m
                  [36m>[31m
                    [0m6500.00[0m
                  [36m</div>[31m
                  [36m<div[31m
                    [33mclass[31m=[32m"grid-cell"[31m
                    [33mcontenteditable[31m=[32m"false"[31m
                    [33mdata-col-id[31m=[32m"totalCost"[31m
                  [36m>[31m
                    [0m5000.00[0m
                  [36m</div>[31m
                  [36m<div[31m
                    [33mclass[31m=[32m"grid-cell"[31m
                    [33mcontenteditable[31m=[32m"false"[31m
                    [33mdata-col-id[31m=[32m"margin"[31m
                  [36m>[31m
                    [0m30%[0m
                  [36m</div>[31m
                  [36m<div[31m
                    [33mclass[31m=[32m"grid-cell"[31m
                    [33mcontenteditable[31m=[32m"true"[31m
                    [33mdata-col-id[31m=[32m"customerPrice"[31m
                  [36m>[31m
                    [0m6500[0m
                  [36m</div>[31m
                  [36m<div[31m
                    [33mclass[31m=[32m"grid-cell"[31m
                    [33mcontenteditable[31m=[32m"true"[31m
                    [33mdata-col-id[31m=[32m"unitCost"[31m
                  [36m>[31m
                    [0m5000[0m
                  [36m</div>[31m
                  [36m<div[31m
                    [33mclass[31m=[32m"grid-cell"[31m
                    [33mcontenteditable[31m=[32m"true"[31m
                    [33mdata-col-id[31m=[32m"quantity"[31m
                  [36m>[31m
                    [0m1[0m
                  [36m</div>[31m
                  [36m<div[31m
                    [33mclass[31m=[32m"grid-cell"[31m
                    [33mcontenteditable[31m=[32m"true"[31m
                    [33mdata-col-id[31m=[32m"supplier"[31m
                  [36m>[31m
                    [0mCustom Builder[0m
                  [36m</div>[31m
                  [36m<div[31m
                    [33mclass[31m=[32m"grid-cell"[31m
                    [33mcontenteditable[31m=[32m"true"[31m
                    [33mdata-col-id[31m=[32m"manufacturerPn"[31m
                  [36m/>[31m
                  [36m<div[31m
                    [33mclass[31m=[32m"grid-cell"[31m
                    [33mcontenteditable[31m=[32m"true"[31m
                    [33mdata-col-id[31m=[32m"manufacturer"[31m
                  [36m>[31m
                    [0mCustom[0m
                  [36m</div>[31m
                  [36m<div[31m
                    [33mclass[31m=[32m"grid-cell"[31m
                    [33mcontenteditable[31m=[32m"true"[31m
                    [33mdata-col-id[31m=[32m"description"[31m
                  [36m>[31m
                    [0mControl Cabinet Assembly[0m
                  [36m</div>[31m
                  [36m<div[31m
                    [33mclass[31m=[32m"grid-cell"[31m
                    [33mcontenteditable[31m=[32m"true"[31m
                    [33mdata-col-id[31m=[32m"itemType"[31m
                  [36m>[31m
                    [0massembly[0m
                  [36m</div>[31m
                  [36m<div[31m
                    [33mclass[31m=[32m"grid-cell"[31m
                    [33mdata-col-id[31m=[32m"id"[31m
                  [36m>[31m
                    [0mitem-3[0m
                  [36m</div>[31m
                  [36m<div[31m
                    [33mclass[31m=[32m"grid-cell"[31m
                  [36m>[31m
                    [36m<button>[31m
                      [0mDelete[0m
                    [36m</button>[31m
                  [36m</div>[31m
                [36m</div>[31m
              [36m</div>[31m
            [36m</div>[31m
          [36m</div>[31m
          [36m<div[31m
            [33mclass[31m=[32m"border-t pt-4"[31m
          [36m>[31m
            [36m<div[31m
              [33mclass[31m=[32m"grid grid-cols-1 md:grid-cols-4 gap-4"[31m
            [36m>[31m
              [36m<div>[31m
                [36m<div[31m
                  [33mclass[31m=[32m"text-sm font-medium text-gray-600"[31m
                [36m>[31m
                  [0mTotal Cost[0m
                [36m</div>[31m
                [36m<div[31m
                  [33mclass[31m=[32m"text-2xl font-bold"[31m
                [36m>[31m
                  [0m$8,100.00[0m
                [36m</div>[31m
              [36m</div>[31m
              [36m<div>[31m
                [36m<div[31m
                  [33mclass[31m=[32m"text-sm font-medium text-gray-600"[31m
                [36m>[31m
                  [0mTotal Price[0m
                [36m</div>[31m
                [36m<div[31m
                  [33mclass[31m=[32m"text-2xl font-bold text-blue-600"[31m
                [36m>[31m
                  [0m$10,375.00[0m
                [36m</div>[31m
              [36m</div>[31m
              [36m<div>[31m
                [36m<div[31m
                  [33mclass[31m=[32m"text-sm font-medium text-gray-600"[31m
                [36m>[31m
                  [0mTotal Margin[0m
                [36m</div>[31m
                [36m<div[31m
                  [33mclass[31m=[32m"text-2xl font-bold text-green-600"[31m
                [36m>[31m
                  [0m$2,275.00[0m
                [36m</div>[31m
              [36m</div>[31m
              [36m<div>[31m
                [36m<div[31m
                  [33mclass[31m=[32m"text-sm font-medium text-gray-600"[31m
                [36m>[31m
                  [0mAverage Margin[0m
                [36m</div>[31m
                [36m<div[31m
                  [33mclass[31m=[32m"text-2xl font-bold text-green-600"[31m
                [36m>[31m
                  [0m26.7[0m
                  [0m%[0m
                [36m</div>[31m
              [36m</div>[31m
            [36m</div>[31m
          [36m</div>[31m
        [36m</div>[31m
      [36m</div>[31m
    [36m</div>[31m
  [36m</div>[31m
[36m</body>[31m[39m
[31m   [33mΓ¥»[31m src/components/shared/__tests__/BOMGrid.test.tsx[2m > [22mBOMGrid[2m > [22mBasic Grid Functionality[2m > [22mcalculates and displays totals correctly[39m
[31m     ΓåÆ Unable to find an element with the text: /\$10,625\.00/. This could be because the text is broken up by multiple elements. In this case, you can provide a function for your text matcher to make your matcher more flexible.

Ignored nodes: comments, script, style
[36m<body>[31m
  [36m<div>[31m
    [36m<div[31m
      [33mclass[31m=[32m"rounded-lg border bg-card text-card-foreground shadow-sm w-full"[31m
    [36m>[31m
      [36m<div[31m
        [33mclass[31m=[32m"flex flex-col space-y-1.5 p-6"[31m
      [36m>[31m
        [36m<div[31m
          [33mclass[31m=[32m"flex justify-between items-center"[31m
        [36m>[31m
          [36m<h3[31m
            [33mclass[31m=[32m"font-semibold tracking-tight text-xl"[31m
          [36m>[31m
            [0mBill of Materials[0m
          [36m</h3>[31m
          [36m<div[31m
            [33mclass[31m=[32m"flex gap-2"[31m
          [36m>[31m
            [36m<button[31m
              [33mclass[31m=[32m"inline-flex items-center justify-center whitespace-nowrap text-sm font-medium ring-offset-background transition-colors focus-visible:outline-none focus-visible:ring-2 focus-visible:ring-ring focus-visible:ring-offset-2 disabled:pointer-events-none disabled:opacity-50 bg-primary text-primary-foreground hover:bg-primary/90 h-9 rounded-md px-3"[31m
            [36m>[31m
              [0mPlus[0m
              [0mAdd Item[0m
            [36m</button>[31m
            [36m<button[31m
              [33mclass[31m=[32m"inline-flex items-center justify-center whitespace-nowrap text-sm font-medium ring-offset-background transition-colors focus-visible:outline-none focus-visible:ring-2 focus-visible:ring-ring focus-visible:ring-offset-2 disabled:pointer-events-none disabled:opacity-50 border border-input bg-background hover:bg-accent hover:text-accent-foreground h-9 rounded-md px-3"[31m
            [36m>[31m
              [0mCalculator[0m
              [0mApply 25% Markup[0m
            [36m</button>[31m
          [36m</div>[31m
        [36m</div>[31m
      [36m</div>[31m
      [36m<div[31m
        [33mclass[31m=[32m"p-6 pt-0"[31m
      [36m>[31m
        [36m<div[31m
          [33mclass[31m=[32m"space-y-4"[31m
        [36m>[31m
          [36m<div[31m
            [33mclass[31m=[32m"ag-theme-alpine"[31m
            [33mstyle[31m=[32m"height: 400px; width: 100%; direction: rtl;"[31m
          [36m>[31m
            [36m<div[31m
              [33mclass[31m=[32m"ag-theme-alpine"[31m
              [33mdata-testid[31m=[32m"ag-grid"[31m
            [36m>[31m
              [36m<div[31m
                [33mclass[31m=[32m"grid-header"[31m
              [36m>[31m
                [36m<div[31m
                  [33mclass[31m=[32m"grid-header-cell"[31m
                  [33mdata-col-id[31m=[32m"actions"[31m
                [36m>[31m
                  [0mActions[0m
                [36m</div>[31m
                [36m<div[31m
                  [33mclass[31m=[32m"grid-header-cell"[31m
                  [33mdata-col-id[31m=[32m"totalPrice"[31m
                [36m>[31m
                  [0mTotal Price[0m
                [36m</div>[31m
                [36m<div[31m
                  [33mclass[31m=[32m"grid-header-cell"[31m
                  [33mdata-col-id[31m=[32m"totalCost"[31m
                [36m>[31m
                  [0mTotal Cost[0m
                [36m</div>[31m
                [36m<div[31m
                  [33mclass[31m=[32m"grid-header-cell"[31m
                  [33mdata-col-id[31m=[32m"margin"[31m
                [36m>[31m
                  [0mMargin %[0m
                [36m</div>[31m
                [36m<div[31m
                  [33mclass[31m=[32m"grid-header-cell"[31m
                  [33mdata-col-id[31m=[32m"customerPrice"[31m
                [36m>[31m
                  [0mCustomer Price[0m
                [36m</div>[31m
                [36m<div[31m
                  [33mclass[31m=[32m"grid-header-cell"[31m
                  [33mdata-col-id[31m=[32m"unitCost"[31m
                [36m>[31m
                  [0mUnit Cost[0m
                [36m</div>[31m
                [36m<div[31m
                  [33mclass[31m=[32m"grid-header-cell"[31m
                  [33mdata-col-id[31m=[32m"quantity"[31m
                [36m>[31m
                  [0mQty[0m
                [36m</div>[31m
                [36m<div[31m
                  [33mclass[31m=[32m"grid-header-cell"[31m
                  [33mdata-col-id[31m=[32m"supplier"[31m
                [36m>[31m
                  [0mSupplier[0m
                [36m</div>[31m
                [36m<div[31m
                  [33mclass[31m=[32m"grid-header-cell"[31m
                  [33mdata-col-id[31m=[32m"manufacturerPn"[31m
                [36m>[31m
                  [0mMFR P/N[0m
                [36m</div>[31m
                [36m<div[31m
                  [33mclass[31m=[32m"grid-header-cell"[31m
                  [33mdata-col-id[31m=[32m"manufacturer"[31m
                [36m>[31m
                  [0mManufacturer[0m
                [36m</div>[31m
                [36m<div[31m
                  [33mclass[31m=[32m"grid-header-cell"[31m
                  [33mdata-col-id[31m=[32m"description"[31m
                [36m>[31m
                  [0mDescription[0m
                [36m</div>[31m
                [36m<div[31m
                  [33mclass[31m=[32m"grid-header-cell"[31m
                  [33mdata-col-id[31m=[32m"itemType"[31m
                [36m>[31m
                  [0mType[0m
                [36m</div>[31m
                [36m<div[31m
                  [33mclass[31m=[32m"grid-header-cell"[31m
                  [33mdata-col-id[31m=[32m"id"[31m
                [36m/>[31m
              [36m</div>[31m
              [36m<div[31m
                [33mclass[31m=[32m"grid-body"[31m
              [36m>[31m
                [36m<div[31m
                  [33mclass[31m=[32m"grid-row"[31m
                  [33mdata-row-id[31m=[32m"item-1"[31m
                  [33mdata-row-index[31m=[32m"0"[31m
                [36m>[31m
                  [36m<div[31m
                    [33mclass[31m=[32m"grid-cell"[31m
                    [33mdata-col-id[31m=[32m"actions"[31m
                  [36m/>[31m
                  [36m<div[31m
                    [33mclass[31m=[32m"grid-cell"[31m
                    [33mcontenteditable[31m=[32m"false"[31m
                    [33mdata-col-id[31m=[32m"totalPrice"[31m
                  [36m>[31m
                    [0m3125.00[0m
                  [36m</div>[31m
                  [36m<div[31m
                    [33mclass[31m=[32m"grid-cell"[31m
                    [33mcontenteditable[31m=[32m"false"[31m
                    [33mdata-col-id[31m=[32m"totalCost"[31m
                  [36m>[31m
                    [0m2500.00[0m
                  [36m</div>[31m
                  [36m<div[31m
                    [33mclass[31m=[32m"grid-cell"[31m
                    [33mcontenteditable[31m=[32m"false"[31m
                    [33mdata-col-id[31m=[32m"margin"[31m
                  [36m>[31m
                    [0m25%[0m
                  [36m</div>[31m
                  [36m<div[31m
                    [33mclass[31m=[32m"grid-cell"[31m
                    [33mcontenteditable[31m=[32m"true"[31m
                    [33mdata-col-id[31m=[32m"customerPrice"[31m
                  [36m>[31m
                    [0m3125[0m
                  [36m</div>[31m
                  [36m<div[31m
                    [33mclass[31m=[32m"grid-cell"[31m
                    [33mcontenteditable[31m=[32m"true"[31m
                    [33mdata-col-id[31m=[32m"unitCost"[31m
                  [36m>[31m
                    [0m2500[0m
                  [36m</div>[31m
                  [36m<div[31m
                    [33mclass[31m=[32m"grid-cell"[31m
                    [33mcontenteditable[31m=[32m"true"[31m
                    [33mdata-col-id[31m=[32m"quantity"[31m
                  [36m>[31m
                    [0m1[0m
                  [36m</div>[31m
                  [36m<div[31m
                    [33mclass[31m=[32m"grid-cell"[31m
                    [33mcontenteditable[31m=[32m"true"[31m
                    [33mdata-col-id[31m=[32m"supplier"[31m
                  [36m>[31m
                    [0mAutomation Supplier[0m
                  [36m</div>[31m
                  [36m<div[31m
                    [33mclass[31m=[32m"grid-cell"[31m
                    [33mcontenteditable[31m=[32m"true"[31m
                    [33mdata-col-id[31m=[32m"manufacturerPn"[31m
                  [36m>[31m
                    [0m6ES7512-1DK01-0AB0[0m
                  [36m</div>[31m
                  [36m<div[31m
                    [33mclass[31m=[32m"grid-cell"[31m
                    [33mcontenteditable[31m=[32m"true"[31m
                    [33mdata-col-id[31m=[32m"manufacturer"[31m
                  [36m>[31m
                    [0mSiemens[0m
                  [36m</div>[31m
                  [36m<div[31m
                    [33mclass[31m=[32m"grid-cell"[31m
                    [33mcontenteditable[31m=[32m"true"[31m
                    [33mdata-col-id[31m=[32m"description"[31m
                  [36m>[31m
                    [0mSiemens S7-1500 PLC[0m
                  [36m</div>[31m
                  [36m<div[31m
                    [33mclass[31m=[32m"grid-cell"[31m
                    [33mcontenteditable[31m=[32m"true"[31m
                    [33mdata-col-id[31m=[32m"itemType"[31m
                  [36m>[31m
                    [0mcomponent[0m
                  [36m</div>[31m
                  [36m<div[31m
                    [33mclass[31m=[32m"grid-cell"[31m
                    [33mdata-col-id[31m=[32m"id"[31m
                  [36m>[31m
                    [0mitem-1[0m
                  [36m</div>[31m
                  [36m<div[31m
                    [33mclass[31m=[32m"grid-cell"[31m
                  [36m>[31m
                    [36m<button>[31m
                      [0mDelete[0m
                    [36m</button>[31m
                  [36m</div>[31m
                [36m</div>[31m
                [36m<div[31m
                  [33mclass[31m=[32m"grid-row"[31m
                  [33mdata-row-id[31m=[32m"item-2"[31m
                  [33mdata-row-index[31m=[32m"1"[31m
                [36m>[31m
                  [36m<div[31m
                    [33mclass[31m=[32m"grid-cell"[31m
                    [33mdata-col-id[31m=[32m"actions"[31m
                  [36m/>[31m
                  [36m<div[31m
                    [33mclass[31m=[32m"grid-cell"[31m
                    [33mcontenteditable[31m=[32m"false"[31m
                    [33mdata-col-id[31m=[32m"totalPrice"[31m
                  [36m>[31m
                    [0m750.00[0m
                  [36m</div>[31m
                  [36m<div[31m
                    [33mclass[31m=[32m"grid-cell"[31m
                    [33mcontenteditable[31m=[32m"false"[31m
                    [33mdata-col-id[31m=[32m"totalCost"[31m
                  [36m>[31m
                    [0m600.00[0m
                  [36m</div>[31m
                  [36m<div[31m
                    [33mclass[31m=[32m"grid-cell"[31m
                    [33mcontenteditable[31m=[32m"false"[31m
                    [33mdata-col-id[31m=[32m"margin"[31m
                  [36m>[31m
                    [0m25%[0m
                  [36m</div>[31m
                  [36m<div[31m
                    [33mclass[31m=[32m"grid-cell"[31m
                    [33mcontenteditable[31m=[32m"true"[31m
                    [33mdata-col-id[31m=[32m"customerPrice"[31m
                  [36m>[31m
                    [0m187.5[0m
                  [36m</div>[31m
                  [36m<div[31m
                    [33mclass[31m=[32m"grid-cell"[31m
                    [33mcontenteditable[31m=[32m"true"[31m
                    [33mdata-col-id[31m=[32m"unitCost"[31m
                  [36m>[31m
                    [0m150[0m
                  [36m</div>[31m
                  [36m<div[31m
                    [33mclass[31m=[32m"grid-cell"[31m
                    [33mcontenteditable[31m=[32m"true"[31m
                    [33mdata-col-id[31m=[32m"quantity"[31m
                  [36m>[31m
                    [0m4[0m
                  [36m</div>[31m
                  [36m<div[31m
                    [33mclass[31m=[32m"grid-cell"[31m
                    [33mcontenteditable[31m=[32m"true"[31m
                    [33mdata-col-id[31m=[32m"supplier"[31m
                  [36m>[31m
                    [0mSensor Supplier[0m
                  [36m</div>[31m
                  [36m<div[31m
                    [33mclass[31m=[32m"grid-cell"[31m
                    [33mcontenteditable[31m=[32m"true"[31m
                    [33mdata-col-id[31m=[32m"manufacturerPn"[31m
                  [36m>[31m
                    [0mQS18VN6D[0m
                  [36m</div>[31m
                  [36m<div[31m
                    [33mclass[31m=[32m"grid-cell"[31m
                    [33mcontenteditable[31m=[32m"true"[31m
                    [33mdata-col-id[31m=[32m"manufacturer"[31m
                  [36m>[31m
                    [0mBanner[0m
                  [36m</div>[31m
                  [36m<div[31m
                    [33mclass[31m=[32m"grid-cell"[31m
                    [33mcontenteditable[31m=[32m"true"[31m
                    [33mdata-col-id[31m=[32m"description"[31m
                  [36m>[31m
                    [0mBanner Photoelectric Sensor[0m
                  [36m</div>[31m
                  [36m<div[31m
                    [33mclass[31m=[32m"grid-cell"[31m
                    [33mcontenteditable[31m=[32m"true"[31m
                    [33mdata-col-id[31m=[32m"itemType"[31m
                  [36m>[31m
                    [0mcomponent[0m
                  [36m</div>[31m
                  [36m<div[31m
                    [33mclass[31m=[32m"grid-cell"[31m
                    [33mdata-col-id[31m=[32m"id"[31m
                  [36m>[31m
                    [0mitem-2[0m
                  [36m</div>[31m
                  [36m<div[31m
                    [33mclass[31m=[32m"grid-cell"[31m
                  [36m>[31m
                    [36m<button>[31m
                      [0mDelete[0m
                    [36m</button>[31m
                  [36m</div>[31m
                [36m</div>[31m
                [36m<div[31m
                  [33mclass[31m=[32m"grid-row"[31m
                  [33mdata-row-id[31m=[32m"item-3"[31m
                  [33mdata-row-index[31m=[32m"2"[31m
                [36m>[31m
                  [36m<div[31m
                    [33mclass[31m=[32m"grid-cell"[31m
                    [33mdata-col-id[31m=[32m"actions"[31m
                  [36m/>[31m
                  [36m<div[31m
                    [33mclass[31m=[32m"grid-cell"[31m
                    [33mcontenteditable[31m=[32m"false"[31m
                    [33mdata-col-id[31m=[32m"totalPrice"[31m
                  [36m>[31m
                    [0m6500.00[0m
                  [36m</div>[31m
                  [36m<div[31m
                    [33mclass[31m=[32m"grid-cell"[31m
                    [33mcontenteditable[31m=[32m"false"[31m
                    [33mdata-col-id[31m=[32m"totalCost"[31m
                  [36m>[31m
                    [0m5000.00[0m
                  [36m</div>[31m
                  [36m<div[31m
                    [33mclass[31m=[32m"grid-cell"[31m
                    [33mcontenteditable[31m=[32m"false"[31m
                    [33mdata-col-id[31m=[32m"margin"[31m
                  [36m>[31m
                    [0m30%[0m
                  [36m</div>[31m
                  [36m<div[31m
                    [33mclass[31m=[32m"grid-cell"[31m
                    [33mcontenteditable[31m=[32m"true"[31m
                    [33mdata-col-id[31m=[32m"customerPrice"[31m
                  [36m>[31m
                    [0m6500[0m
                  [36m</div>[31m
                  [36m<div[31m
                    [33mclass[31m=[32m"grid-cell"[31m
                    [33mcontenteditable[31m=[32m"true"[31m
                    [33mdata-col-id[31m=[32m"unitCost"[31m
                  [36m>[31m
                    [0m5000[0m
                  [36m</div>[31m
                  [36m<div[31m
                    [33mclass[31m=[32m"grid-cell"[31m
                    [33mcontenteditable[31m=[32m"true"[31m
                    [33mdata-col-id[31m=[32m"quantity"[31m
                  [36m>[31m
                    [0m1[0m
                  [36m</div>[31m
                  [36m<div[31m
                    [33mclass[31m=[32m"grid-cell"[31m
                    [33mcontenteditable[31m=[32m"true"[31m
                    [33mdata-col-id[31m=[32m"supplier"[31m
                  [36m>[31m
                    [0mCustom Builder[0m
                  [36m</div>[31m
                  [36m<div[31m
                    [33mclass[31m=[32m"grid-cell"[31m
                    [33mcontenteditable[31m=[32m"true"[31m
                    [33mdata-col-id[31m=[32m"manufacturerPn"[31m
                  [36m/>[31m
                  [36m<div[31m
                    [33mclass[31m=[32m"grid-cell"[31m
                    [33mcontenteditable[31m=[32m"true"[31m
                    [33mdata-col-id[31m=[32m"manufacturer"[31m
                  [36m>[31m
                    [0mCustom[0m
                  [36m</div>[31m
                  [36m<div[31m
                    [33mclass[31m=[32m"grid-cell"[31m
                    [33mcontenteditable[31m=[32m"true"[31m
                    [33mdata-col-id[31m=[32m"description"[31m
                  [36m>[31m
                    [0mControl Cabinet Assembly[0m
                  [36m</div>[31m
                  [36m<div[31m
                    [33mclass[31m=[32m"grid-cell"[31m
                    [33mcontenteditable[31m=[32m"true"[31m
                    [33mdata-col-id[31m=[32m"itemType"[31m
                  [36m>[31m
                    [0massembly[0m
                  [36m</div>[31m
                  [36m<div[31m
                    [33mclass[31m=[32m"grid-cell"[31m
                    [33mdata-col-id[31m=[32m"id"[31m
                  [36m>[31m
                    [0mitem-3[0m
                  [36m</div>[31m
                  [36m<div[31m
                    [33mclass[31m=[32m"grid-cell"[31m
                  [36m>[31m
                    [36m<button>[31m
                      [0mDelete[0m
                    [36m</button>[31m
                  [36m</div>[31m
                [36m</div>[31m
              [36m</div>[31m
            [36m</div>[31m
          [36m</div>[31m
          [36m<div[31m
            [33mclass[31m=[32m"border-t pt-4"[31m
          [36m>[31m
            [36m<div[31m
              [33mclass[31m=[32m"grid grid-cols-1 md:grid-cols-4 gap-4"[31m
            [36m>[31m
              [36m<div>[31m
                [36m<div[31m
                  [33mclass[31m=[32m"text-sm font-medium text-gray-600"[31m
                [36m>[31m
                  [0mTotal Cost[0m
                [36m</div>[31m
                [36m<div[31m
                  [33mclass[31m=[32m"text-2xl font-bold"[31m
                [36m>[31m
                  [0m$8,100.00[0m
                [36m</div>[31m
              [36m</div>[31m
              [36m<div>[31m
                [36m<div[31m
                  [33mclass[31m=[32m"text-sm font-medium text-gray-600"[31m
                [36m>[31m
                  [0mTotal Price[0m
                [36m</div>[31m
                [36m<div[31m
                  [33mclass[31m=[32m"text-2xl font-bold text-blue-600"[31m
                [36m>[31m
                  [0m$10,375.00[0m
                [36m</div>[31m
              [36m</div>[31m
              [36m<div>[31m
                [36m<div[31m
                  [33mclass[31m=[32m"text-sm font-medium text-gray-600"[31m
                [36m>[31m
                  [0mTotal Margin[0m
                [36m</div>[31m
                [36m<div[31m
                  [33mclass[31m=[32m"text-2xl font-bold text-green-600"[31m
                [36m>[31m
                  [0m$2,275.00[0m
                [36m</div>[31m
              [36m</div>[31m
              [36m<div>[31m
                [36m<div[31m
                  [33mclass[31m=[32m"text-sm font-medium text-gray-600"[31m
                [36m>[31m
                  [0mAverage Margin[0m
                [36m</div>[31m
                [36m<div[31m
                  [33mclass[31m=[32m"text-2xl font-bold text-green-600"[31m
                [36m>[31m
                  [0m26.7[0m
                  [0m%[0m
                [36m</div>[31m
              [36m</div>[31m
            [36m</div>[31m
          [36m</div>[31m
        [36m</div>[31m
      [36m</div>[31m
    [36m</div>[31m
  [36m</div>[31m
[36m</body>[31m[39m
[31m   [33mΓ¥»[31m src/components/shared/__tests__/BOMGrid.test.tsx[2m > [22mBOMGrid[2m > [22mBasic Grid Functionality[2m > [22mshows add item button when editing is allowed[39m
[31m     ΓåÆ Unable to find an element with the text: Add Item. This could be because the text is broken up by multiple elements. In this case, you can provide a function for your text matcher to make your matcher more flexible.

Ignored nodes: comments, script, style
[36m<body>[31m
  [36m<div>[31m
    [36m<div[31m
      [33mclass[31m=[32m"rounded-lg border bg-card text-card-foreground shadow-sm w-full"[31m
    [36m>[31m
      [36m<div[31m
        [33mclass[31m=[32m"flex flex-col space-y-1.5 p-6"[31m
      [36m>[31m
        [36m<div[31m
          [33mclass[31m=[32m"flex justify-between items-center"[31m
        [36m>[31m
          [36m<h3[31m
            [33mclass[31m=[32m"font-semibold tracking-tight text-xl"[31m
          [36m>[31m
            [0mBill of Materials[0m
          [36m</h3>[31m
          [36m<div[31m
            [33mclass[31m=[32m"flex gap-2"[31m
          [36m>[31m
            [36m<button[31m
              [33mclass[31m=[32m"inline-flex items-center justify-center whitespace-nowrap text-sm font-medium ring-offset-background transition-colors focus-visible:outline-none focus-visible:ring-2 focus-visible:ring-ring focus-visible:ring-offset-2 disabled:pointer-events-none disabled:opacity-50 bg-primary text-primary-foreground hover:bg-primary/90 h-9 rounded-md px-3"[31m
            [36m>[31m
              [0mPlus[0m
              [0mAdd Item[0m
            [36m</button>[31m
            [36m<button[31m
              [33mclass[31m=[32m"inline-flex items-center justify-center whitespace-nowrap text-sm font-medium ring-offset-background transition-colors focus-visible:outline-none focus-visible:ring-2 focus-visible:ring-ring focus-visible:ring-offset-2 disabled:pointer-events-none disabled:opacity-50 border border-input bg-background hover:bg-accent hover:text-accent-foreground h-9 rounded-md px-3"[31m
            [36m>[31m
              [0mCalculator[0m
              [0mApply 25% Markup[0m
            [36m</button>[31m
          [36m</div>[31m
        [36m</div>[31m
      [36m</div>[31m
      [36m<div[31m
        [33mclass[31m=[32m"p-6 pt-0"[31m
      [36m>[31m
        [36m<div[31m
          [33mclass[31m=[32m"space-y-4"[31m
        [36m>[31m
          [36m<div[31m
            [33mclass[31m=[32m"ag-theme-alpine"[31m
            [33mstyle[31m=[32m"height: 400px; width: 100%; direction: rtl;"[31m
          [36m>[31m
            [36m<div[31m
              [33mclass[31m=[32m"ag-theme-alpine"[31m
              [33mdata-testid[31m=[32m"ag-grid"[31m
            [36m>[31m
              [36m<div[31m
                [33mclass[31m=[32m"grid-header"[31m
              [36m>[31m
                [36m<div[31m
                  [33mclass[31m=[32m"grid-header-cell"[31m
                  [33mdata-col-id[31m=[32m"actions"[31m
                [36m>[31m
                  [0mActions[0m
                [36m</div>[31m
                [36m<div[31m
                  [33mclass[31m=[32m"grid-header-cell"[31m
                  [33mdata-col-id[31m=[32m"totalPrice"[31m
                [36m>[31m
                  [0mTotal Price[0m
                [36m</div>[31m
                [36m<div[31m
                  [33mclass[31m=[32m"grid-header-cell"[31m
                  [33mdata-col-id[31m=[32m"totalCost"[31m
                [36m>[31m
                  [0mTotal Cost[0m
                [36m</div>[31m
                [36m<div[31m
                  [33mclass[31m=[32m"grid-header-cell"[31m
                  [33mdata-col-id[31m=[32m"margin"[31m
                [36m>[31m
                  [0mMargin %[0m
                [36m</div>[31m
                [36m<div[31m
                  [33mclass[31m=[32m"grid-header-cell"[31m
                  [33mdata-col-id[31m=[32m"customerPrice"[31m
                [36m>[31m
                  [0mCustomer Price[0m
                [36m</div>[31m
                [36m<div[31m
                  [33mclass[31m=[32m"grid-header-cell"[31m
                  [33mdata-col-id[31m=[32m"unitCost"[31m
                [36m>[31m
                  [0mUnit Cost[0m
                [36m</div>[31m
                [36m<div[31m
                  [33mclass[31m=[32m"grid-header-cell"[31m
                  [33mdata-col-id[31m=[32m"quantity"[31m
                [36m>[31m
                  [0mQty[0m
                [36m</div>[31m
                [36m<div[31m
                  [33mclass[31m=[32m"grid-header-cell"[31m
                  [33mdata-col-id[31m=[32m"supplier"[31m
                [36m>[31m
                  [0mSupplier[0m
                [36m</div>[31m
                [36m<div[31m
                  [33mclass[31m=[32m"grid-header-cell"[31m
                  [33mdata-col-id[31m=[32m"manufacturerPn"[31m
                [36m>[31m
                  [0mMFR P/N[0m
                [36m</div>[31m
                [36m<div[31m
                  [33mclass[31m=[32m"grid-header-cell"[31m
                  [33mdata-col-id[31m=[32m"manufacturer"[31m
                [36m>[31m
                  [0mManufacturer[0m
                [36m</div>[31m
                [36m<div[31m
                  [33mclass[31m=[32m"grid-header-cell"[31m
                  [33mdata-col-id[31m=[32m"description"[31m
                [36m>[31m
                  [0mDescription[0m
                [36m</div>[31m
                [36m<div[31m
                  [33mclass[31m=[32m"grid-header-cell"[31m
                  [33mdata-col-id[31m=[32m"itemType"[31m
                [36m>[31m
                  [0mType[0m
                [36m</div>[31m
                [36m<div[31m
                  [33mclass[31m=[32m"grid-header-cell"[31m
                  [33mdata-col-id[31m=[32m"id"[31m
                [36m/>[31m
              [36m</div>[31m
              [36m<div[31m
                [33mclass[31m=[32m"grid-body"[31m
              [36m>[31m
                [36m<div[31m
                  [33mclass[31m=[32m"grid-row"[31m
                  [33mdata-row-id[31m=[32m"item-1"[31m
                  [33mdata-row-index[31m=[32m"0"[31m
                [36m>[31m
                  [36m<div[31m
                    [33mclass[31m=[32m"grid-cell"[31m
                    [33mdata-col-id[31m=[32m"actions"[31m
                  [36m/>[31m
                  [36m<div[31m
                    [33mclass[31m=[32m"grid-cell"[31m
                    [33mcontenteditable[31m=[32m"false"[31m
                    [33mdata-col-id[31m=[32m"totalPrice"[31m
                  [36m>[31m
                    [0m3125.00[0m
                  [36m</div>[31m
                  [36m<div[31m
                    [33mclass[31m=[32m"grid-cell"[31m
                    [33mcontenteditable[31m=[32m"false"[31m
                    [33mdata-col-id[31m=[32m"totalCost"[31m
                  [36m>[31m
                    [0m2500.00[0m
                  [36m</div>[31m
                  [36m<div[31m
                    [33mclass[31m=[32m"grid-cell"[31m
                    [33mcontenteditable[31m=[32m"false"[31m
                    [33mdata-col-id[31m=[32m"margin"[31m
                  [36m>[31m
                    [0m25%[0m
                  [36m</div>[31m
                  [36m<div[31m
                    [33mclass[31m=[32m"grid-cell"[31m
                    [33mcontenteditable[31m=[32m"true"[31m
                    [33mdata-col-id[31m=[32m"customerPrice"[31m
                  [36m>[31m
                    [0m3125[0m
                  [36m</div>[31m
                  [36m<div[31m
                    [33mclass[31m=[32m"grid-cell"[31m
                    [33mcontenteditable[31m=[32m"true"[31m
                    [33mdata-col-id[31m=[32m"unitCost"[31m
                  [36m>[31m
                    [0m2500[0m
                  [36m</div>[31m
                  [36m<div[31m
                    [33mclass[31m=[32m"grid-cell"[31m
                    [33mcontenteditable[31m=[32m"true"[31m
                    [33mdata-col-id[31m=[32m"quantity"[31m
                  [36m>[31m
                    [0m1[0m
                  [36m</div>[31m
                  [36m<div[31m
                    [33mclass[31m=[32m"grid-cell"[31m
                    [33mcontenteditable[31m=[32m"true"[31m
                    [33mdata-col-id[31m=[32m"supplier"[31m
                  [36m>[31m
                    [0mAutomation Supplier[0m
                  [36m</div>[31m
                  [36m<div[31m
                    [33mclass[31m=[32m"grid-cell"[31m
                    [33mcontenteditable[31m=[32m"true"[31m
                    [33mdata-col-id[31m=[32m"manufacturerPn"[31m
                  [36m>[31m
                    [0m6ES7512-1DK01-0AB0[0m
                  [36m</div>[31m
                  [36m<div[31m
                    [33mclass[31m=[32m"grid-cell"[31m
                    [33mcontenteditable[31m=[32m"true"[31m
                    [33mdata-col-id[31m=[32m"manufacturer"[31m
                  [36m>[31m
                    [0mSiemens[0m
                  [36m</div>[31m
                  [36m<div[31m
                    [33mclass[31m=[32m"grid-cell"[31m
                    [33mcontenteditable[31m=[32m"true"[31m
                    [33mdata-col-id[31m=[32m"description"[31m
                  [36m>[31m
                    [0mSiemens S7-1500 PLC[0m
                  [36m</div>[31m
                  [36m<div[31m
                    [33mclass[31m=[32m"grid-cell"[31m
                    [33mcontenteditable[31m=[32m"true"[31m
                    [33mdata-col-id[31m=[32m"itemType"[31m
                  [36m>[31m
                    [0mcomponent[0m
                  [36m</div>[31m
                  [36m<div[31m
                    [33mclass[31m=[32m"grid-cell"[31m
                    [33mdata-col-id[31m=[32m"id"[31m
                  [36m>[31m
                    [0mitem-1[0m
                  [36m</div>[31m
                  [36m<div[31m
                    [33mclass[31m=[32m"grid-cell"[31m
                  [36m>[31m
                    [36m<button>[31m
                      [0mDelete[0m
                    [36m</button>[31m
                  [36m</div>[31m
                [36m</div>[31m
                [36m<div[31m
                  [33mclass[31m=[32m"grid-row"[31m
                  [33mdata-row-id[31m=[32m"item-2"[31m
                  [33mdata-row-index[31m=[32m"1"[31m
                [36m>[31m
                  [36m<div[31m
                    [33mclass[31m=[32m"grid-cell"[31m
                    [33mdata-col-id[31m=[32m"actions"[31m
                  [36m/>[31m
                  [36m<div[31m
                    [33mclass[31m=[32m"grid-cell"[31m
                    [33mcontenteditable[31m=[32m"false"[31m
                    [33mdata-col-id[31m=[32m"totalPrice"[31m
                  [36m>[31m
                    [0m750.00[0m
                  [36m</div>[31m
                  [36m<div[31m
                    [33mclass[31m=[32m"grid-cell"[31m
                    [33mcontenteditable[31m=[32m"false"[31m
                    [33mdata-col-id[31m=[32m"totalCost"[31m
                  [36m>[31m
                    [0m600.00[0m
                  [36m</div>[31m
                  [36m<div[31m
                    [33mclass[31m=[32m"grid-cell"[31m
                    [33mcontenteditable[31m=[32m"false"[31m
                    [33mdata-col-id[31m=[32m"margin"[31m
                  [36m>[31m
                    [0m25%[0m
                  [36m</div>[31m
                  [36m<div[31m
                    [33mclass[31m=[32m"grid-cell"[31m
                    [33mcontenteditable[31m=[32m"true"[31m
                    [33mdata-col-id[31m=[32m"customerPrice"[31m
                  [36m>[31m
                    [0m187.5[0m
                  [36m</div>[31m
                  [36m<div[31m
                    [33mclass[31m=[32m"grid-cell"[31m
                    [33mcontenteditable[31m=[32m"true"[31m
                    [33mdata-col-id[31m=[32m"unitCost"[31m
                  [36m>[31m
                    [0m150[0m
                  [36m</div>[31m
                  [36m<div[31m
                    [33mclass[31m=[32m"grid-cell"[31m
                    [33mcontenteditable[31m=[32m"true"[31m
                    [33mdata-col-id[31m=[32m"quantity"[31m
                  [36m>[31m
                    [0m4[0m
                  [36m</div>[31m
                  [36m<div[31m
                    [33mclass[31m=[32m"grid-cell"[31m
                    [33mcontenteditable[31m=[32m"true"[31m
                    [33mdata-col-id[31m=[32m"supplier"[31m
                  [36m>[31m
                    [0mSensor Supplier[0m
                  [36m</div>[31m
                  [36m<div[31m
                    [33mclass[31m=[32m"grid-cell"[31m
                    [33mcontenteditable[31m=[32m"true"[31m
                    [33mdata-col-id[31m=[32m"manufacturerPn"[31m
                  [36m>[31m
                    [0mQS18VN6D[0m
                  [36m</div>[31m
                  [36m<div[31m
                    [33mclass[31m=[32m"grid-cell"[31m
                    [33mcontenteditable[31m=[32m"true"[31m
                    [33mdata-col-id[31m=[32m"manufacturer"[31m
                  [36m>[31m
                    [0mBanner[0m
                  [36m</div>[31m
                  [36m<div[31m
                    [33mclass[31m=[32m"grid-cell"[31m
                    [33mcontenteditable[31m=[32m"true"[31m
                    [33mdata-col-id[31m=[32m"description"[31m
                  [36m>[31m
                    [0mBanner Photoelectric Sensor[0m
                  [36m</div>[31m
                  [36m<div[31m
                    [33mclass[31m=[32m"grid-cell"[31m
                    [33mcontenteditable[31m=[32m"true"[31m
                    [33mdata-col-id[31m=[32m"itemType"[31m
                  [36m>[31m
                    [0mcomponent[0m
                  [36m</div>[31m
                  [36m<div[31m
                    [33mclass[31m=[32m"grid-cell"[31m
                    [33mdata-col-id[31m=[32m"id"[31m
                  [36m>[31m
                    [0mitem-2[0m
                  [36m</div>[31m
                  [36m<div[31m
                    [33mclass[31m=[32m"grid-cell"[31m
                  [36m>[31m
                    [36m<button>[31m
                      [0mDelete[0m
                    [36m</button>[31m
                  [36m</div>[31m
                [36m</div>[31m
                [36m<div[31m
                  [33mclass[31m=[32m"grid-row"[31m
                  [33mdata-row-id[31m=[32m"item-3"[31m
                  [33mdata-row-index[31m=[32m"2"[31m
                [36m>[31m
                  [36m<div[31m
                    [33mclass[31m=[32m"grid-cell"[31m
                    [33mdata-col-id[31m=[32m"actions"[31m
                  [36m/>[31m
                  [36m<div[31m
                    [33mclass[31m=[32m"grid-cell"[31m
                    [33mcontenteditable[31m=[32m"false"[31m
                    [33mdata-col-id[31m=[32m"totalPrice"[31m
                  [36m>[31m
                    [0m6500.00[0m
                  [36m</div>[31m
                  [36m<div[31m
                    [33mclass[31m=[32m"grid-cell"[31m
                    [33mcontenteditable[31m=[32m"false"[31m
                    [33mdata-col-id[31m=[32m"totalCost"[31m
                  [36m>[31m
                    [0m5000.00[0m
                  [36m</div>[31m
                  [36m<div[31m
                    [33mclass[31m=[32m"grid-cell"[31m
                    [33mcontenteditable[31m=[32m"false"[31m
                    [33mdata-col-id[31m=[32m"margin"[31m
                  [36m>[31m
                    [0m30%[0m
                  [36m</div>[31m
                  [36m<div[31m
                    [33mclass[31m=[32m"grid-cell"[31m
                    [33mcontenteditable[31m=[32m"true"[31m
                    [33mdata-col-id[31m=[32m"customerPrice"[31m
                  [36m>[31m
                    [0m6500[0m
                  [36m</div>[31m
                  [36m<div[31m
                    [33mclass[31m=[32m"grid-cell"[31m
                    [33mcontenteditable[31m=[32m"true"[31m
                    [33mdata-col-id[31m=[32m"unitCost"[31m
                  [36m>[31m
                    [0m5000[0m
                  [36m</div>[31m
                  [36m<div[31m
                    [33mclass[31m=[32m"grid-cell"[31m
                    [33mcontenteditable[31m=[32m"true"[31m
                    [33mdata-col-id[31m=[32m"quantity"[31m
                  [36m>[31m
                    [0m1[0m
                  [36m</div>[31m
                  [36m<div[31m
                    [33mclass[31m=[32m"grid-cell"[31m
                    [33mcontenteditable[31m=[32m"true"[31m
                    [33mdata-col-id[31m=[32m"supplier"[31m
                  [36m>[31m
                    [0mCustom Builder[0m
                  [36m</div>[31m
                  [36m<div[31m
                    [33mclass[31m=[32m"grid-cell"[31m
                    [33mcontenteditable[31m=[32m"true"[31m
                    [33mdata-col-id[31m=[32m"manufacturerPn"[31m
                  [36m/>[31m
                  [36m<div[31m
                    [33mclass[31m=[32m"grid-cell"[31m
                    [33mcontenteditable[31m=[32m"true"[31m
                    [33mdata-col-id[31m=[32m"manufacturer"[31m
                  [36m>[31m
                    [0mCustom[0m
                  [36m</div>[31m
                  [36m<div[31m
                    [33mclass[31m=[32m"grid-cell"[31m
                    [33mcontenteditable[31m=[32m"true"[31m
                    [33mdata-col-id[31m=[32m"description"[31m
                  [36m>[31m
                    [0mControl Cabinet Assembly[0m
                  [36m</div>[31m
                  [36m<div[31m
                    [33mclass[31m=[32m"grid-cell"[31m
                    [33mcontenteditable[31m=[32m"true"[31m
                    [33mdata-col-id[31m=[32m"itemType"[31m
                  [36m>[31m
                    [0massembly[0m
                  [36m</div>[31m
                  [36m<div[31m
                    [33mclass[31m=[32m"grid-cell"[31m
                    [33mdata-col-id[31m=[32m"id"[31m
                  [36m>[31m
                    [0mitem-3[0m
                  [36m</div>[31m
                  [36m<div[31m
                    [33mclass[31m=[32m"grid-cell"[31m
                  [36m>[31m
                    [36m<button>[31m
                      [0mDelete[0m
                    [36m</button>[31m
                  [36m</div>[31m
                [36m</div>[31m
              [36m</div>[31m
            [36m</div>[31m
          [36m</div>[31m
          [36m<div[31m
            [33mclass[31m=[32m"border-t pt-4"[31m
          [36m>[31m
            [36m<div[31m
              [33mclass[31m=[32m"grid grid-cols-1 md:grid-cols-4 gap-4"[31m
            [36m>[31m
              [36m<div>[31m
                [36m<div[31m
                  [33mclass[31m=[32m"text-sm font-medium text-gray-600"[31m
                [36m>[31m
                  [0mTotal Cost[0m
                [36m</div>[31m
                [36m<div[31m
                  [33mclass[31m=[32m"text-2xl font-bold"[31m
                [36m>[31m
                  [0m$8,100.00[0m
                [36m</div>[31m
              [36m</div>[31m
              [36m<div>[31m
                [36m<div[31m
                  [33mclass[31m=[32m"text-sm font-medium text-gray-600"[31m
                [36m>[31m
                  [0mTotal Price[0m
                [36m</div>[31m
                [36m<div[31m
                  [33mclass[31m=[32m"text-2xl font-bold text-blue-600"[31m
                [36m>[31m
                  [0m$10,375.00[0m
                [36m</div>[31m
              [36m</div>[31m
              [36m<div>[31m
                [36m<div[31m
                  [33mclass[31m=[32m"text-sm font-medium text-gray-600"[31m
                [36m>[31m
                  [0mTotal Margin[0m
                [36m</div>[31m
                [36m<div[31m
                  [33mclass[31m=[32m"text-2xl font-bold text-green-600"[31m
                [36m>[31m
                  [0m$2,275.00[0m
                [36m</div>[31m
              [36m</div>[31m
              [36m<div>[31m
                [36m<div[31m
                  [33mclass[31m=[32m"text-sm font-medium text-gray-600"[31m
                [36m>[31m
                  [0mAverage Margin[0m
                [36m</div>[31m
                [36m<div[31m
                  [33mclass[31m=[32m"text-2xl font-bold text-green-600"[31m
                [36m>[31m
                  [0m26.7[0m
                  [0m%[0m
                [36m</div>[31m
              [36m</div>[31m
            [36m</div>[31m
          [36m</div>[31m
        [36m</div>[31m
      [36m</div>[31m
    [36m</div>[31m
  [36m</div>[31m
[36m</body>[31m[39m
[31m   [33mΓ¥»[31m src/components/shared/__tests__/BOMGrid.test.tsx[2m > [22mBOMGrid[2m > [22mCell Editing[2m > [22mprevents editing when readonly is true[39m
[31m     ΓåÆ [2mexpect([22m[31melement[31m[2m).toHaveAttribute([22m[32m[32m"contenteditable"[32m[31m[2m, [22m[32m[32m"false"[32m[31m[2m) // element.getAttribute("contenteditable") === "false"[22m

Expected the element to have attribute:
[32m  contenteditable="false"[31m
Received:
[31m  contenteditable="true"[31m[39m
[31m   [33mΓ¥»[31m src/components/shared/__tests__/BOMGrid.test.tsx[2m > [22mBOMGrid[2m > [22mCell Editing[2m > [22mrecalculates totals when quantity changes[39m
[31m     ΓåÆ The element content to be cleared could not be selected.[39m
[31m   [33mΓ¥»[31m src/components/shared/__tests__/BOMGrid.test.tsx[2m > [22mBOMGrid[2m > [22mBOM-Specific Features[2m > [22mapplies markup correctly when apply markup button is clicked[39m
[31m     ΓåÆ Unable to find an element with the text: Apply 25% Markup. This could be because the text is broken up by multiple elements. In this case, you can provide a function for your text matcher to make your matcher more flexible.

Ignored nodes: comments, script, style
[36m<body>[31m
  [36m<div>[31m
    [36m<div[31m
      [33mclass[31m=[32m"rounded-lg border bg-card text-card-foreground shadow-sm w-full"[31m
    [36m>[31m
      [36m<div[31m
        [33mclass[31m=[32m"flex flex-col space-y-1.5 p-6"[31m
      [36m>[31m
        [36m<div[31m
          [33mclass[31m=[32m"flex justify-between items-center"[31m
        [36m>[31m
          [36m<h3[31m
            [33mclass[31m=[32m"font-semibold tracking-tight text-xl"[31m
          [36m>[31m
            [0mBill of Materials[0m
          [36m</h3>[31m
          [36m<div[31m
            [33mclass[31m=[32m"flex gap-2"[31m
          [36m>[31m
            [36m<button[31m
              [33mclass[31m=[32m"inline-flex items-center justify-center whitespace-nowrap text-sm font-medium ring-offset-background transition-colors focus-visible:outline-none focus-visible:ring-2 focus-visible:ring-ring focus-visible:ring-offset-2 disabled:pointer-events-none disabled:opacity-50 bg-primary text-primary-foreground hover:bg-primary/90 h-9 rounded-md px-3"[31m
            [36m>[31m
              [0mPlus[0m
              [0mAdd Item[0m
            [36m</button>[31m
            [36m<button[31m
              [33mclass[31m=[32m"inline-flex items-center justify-center whitespace-nowrap text-sm font-medium ring-offset-background transition-colors focus-visible:outline-none focus-visible:ring-2 focus-visible:ring-ring focus-visible:ring-offset-2 disabled:pointer-events-none disabled:opacity-50 border border-input bg-background hover:bg-accent hover:text-accent-foreground h-9 rounded-md px-3"[31m
            [36m>[31m
              [0mCalculator[0m
              [0mApply 25% Markup[0m
            [36m</button>[31m
          [36m</div>[31m
        [36m</div>[31m
      [36m</div>[31m
      [36m<div[31m
        [33mclass[31m=[32m"p-6 pt-0"[31m
      [36m>[31m
        [36m<div[31m
          [33mclass[31m=[32m"space-y-4"[31m
        [36m>[31m
          [36m<div[31m
            [33mclass[31m=[32m"ag-theme-alpine"[31m
            [33mstyle[31m=[32m"height: 400px; width: 100%; direction: rtl;"[31m
          [36m>[31m
            [36m<div[31m
              [33mclass[31m=[32m"ag-theme-alpine"[31m
              [33mdata-testid[31m=[32m"ag-grid"[31m
            [36m>[31m
              [36m<div[31m
                [33mclass[31m=[32m"grid-header"[31m
              [36m>[31m
                [36m<div[31m
                  [33mclass[31m=[32m"grid-header-cell"[31m
                  [33mdata-col-id[31m=[32m"actions"[31m
                [36m>[31m
                  [0mActions[0m
                [36m</div>[31m
                [36m<div[31m
                  [33mclass[31m=[32m"grid-header-cell"[31m
                  [33mdata-col-id[31m=[32m"totalPrice"[31m
                [36m>[31m
                  [0mTotal Price[0m
                [36m</div>[31m
                [36m<div[31m
                  [33mclass[31m=[32m"grid-header-cell"[31m
                  [33mdata-col-id[31m=[32m"totalCost"[31m
                [36m>[31m
                  [0mTotal Cost[0m
                [36m</div>[31m
                [36m<div[31m
                  [33mclass[31m=[32m"grid-header-cell"[31m
                  [33mdata-col-id[31m=[32m"margin"[31m
                [36m>[31m
                  [0mMargin %[0m
                [36m</div>[31m
                [36m<div[31m
                  [33mclass[31m=[32m"grid-header-cell"[31m
                  [33mdata-col-id[31m=[32m"customerPrice"[31m
                [36m>[31m
                  [0mCustomer Price[0m
                [36m</div>[31m
                [36m<div[31m
                  [33mclass[31m=[32m"grid-header-cell"[31m
                  [33mdata-col-id[31m=[32m"unitCost"[31m
                [36m>[31m
                  [0mUnit Cost[0m
                [36m</div>[31m
                [36m<div[31m
                  [33mclass[31m=[32m"grid-header-cell"[31m
                  [33mdata-col-id[31m=[32m"quantity"[31m
                [36m>[31m
                  [0mQty[0m
                [36m</div>[31m
                [36m<div[31m
                  [33mclass[31m=[32m"grid-header-cell"[31m
                  [33mdata-col-id[31m=[32m"supplier"[31m
                [36m>[31m
                  [0mSupplier[0m
                [36m</div>[31m
                [36m<div[31m
                  [33mclass[31m=[32m"grid-header-cell"[31m
                  [33mdata-col-id[31m=[32m"manufacturerPn"[31m
                [36m>[31m
                  [0mMFR P/N[0m
                [36m</div>[31m
                [36m<div[31m
                  [33mclass[31m=[32m"grid-header-cell"[31m
                  [33mdata-col-id[31m=[32m"manufacturer"[31m
                [36m>[31m
                  [0mManufacturer[0m
                [36m</div>[31m
                [36m<div[31m
                  [33mclass[31m=[32m"grid-header-cell"[31m
                  [33mdata-col-id[31m=[32m"description"[31m
                [36m>[31m
                  [0mDescription[0m
                [36m</div>[31m
                [36m<div[31m
                  [33mclass[31m=[32m"grid-header-cell"[31m
                  [33mdata-col-id[31m=[32m"itemType"[31m
                [36m>[31m
                  [0mType[0m
                [36m</div>[31m
                [36m<div[31m
                  [33mclass[31m=[32m"grid-header-cell"[31m
                  [33mdata-col-id[31m=[32m"id"[31m
                [36m/>[31m
              [36m</div>[31m
              [36m<div[31m
                [33mclass[31m=[32m"grid-body"[31m
              [36m>[31m
                [36m<div[31m
                  [33mclass[31m=[32m"grid-row"[31m
                  [33mdata-row-id[31m=[32m"item-1"[31m
                  [33mdata-row-index[31m=[32m"0"[31m
                [36m>[31m
                  [36m<div[31m
                    [33mclass[31m=[32m"grid-cell"[31m
                    [33mdata-col-id[31m=[32m"actions"[31m
                  [36m/>[31m
                  [36m<div[31m
                    [33mclass[31m=[32m"grid-cell"[31m
                    [33mcontenteditable[31m=[32m"false"[31m
                    [33mdata-col-id[31m=[32m"totalPrice"[31m
                  [36m>[31m
                    [0m3125.00[0m
                  [36m</div>[31m
                  [36m<div[31m
                    [33mclass[31m=[32m"grid-cell"[31m
                    [33mcontenteditable[31m=[32m"false"[31m
                    [33mdata-col-id[31m=[32m"totalCost"[31m
                  [36m>[31m
                    [0m2500.00[0m
                  [36m</div>[31m
                  [36m<div[31m
                    [33mclass[31m=[32m"grid-cell"[31m
                    [33mcontenteditable[31m=[32m"false"[31m
                    [33mdata-col-id[31m=[32m"margin"[31m
                  [36m>[31m
                    [0m25%[0m
                  [36m</div>[31m
                  [36m<div[31m
                    [33mclass[31m=[32m"grid-cell"[31m
                    [33mcontenteditable[31m=[32m"true"[31m
                    [33mdata-col-id[31m=[32m"customerPrice"[31m
                  [36m>[31m
                    [0m3125[0m
                  [36m</div>[31m
                  [36m<div[31m
                    [33mclass[31m=[32m"grid-cell"[31m
                    [33mcontenteditable[31m=[32m"true"[31m
                    [33mdata-col-id[31m=[32m"unitCost"[31m
                  [36m>[31m
                    [0m2500[0m
                  [36m</div>[31m
                  [36m<div[31m
                    [33mclass[31m=[32m"grid-cell"[31m
                    [33mcontenteditable[31m=[32m"true"[31m
                    [33mdata-col-id[31m=[32m"quantity"[31m
                  [36m>[31m
                    [0m1[0m
                  [36m</div>[31m
                  [36m<div[31m
                    [33mclass[31m=[32m"grid-cell"[31m
                    [33mcontenteditable[31m=[32m"true"[31m
                    [33mdata-col-id[31m=[32m"supplier"[31m
                  [36m>[31m
                    [0mAutomation Supplier[0m
                  [36m</div>[31m
                  [36m<div[31m
                    [33mclass[31m=[32m"grid-cell"[31m
                    [33mcontenteditable[31m=[32m"true"[31m
                    [33mdata-col-id[31m=[32m"manufacturerPn"[31m
                  [36m>[31m
                    [0m6ES7512-1DK01-0AB0[0m
                  [36m</div>[31m
                  [36m<div[31m
                    [33mclass[31m=[32m"grid-cell"[31m
                    [33mcontenteditable[31m=[32m"true"[31m
                    [33mdata-col-id[31m=[32m"manufacturer"[31m
                  [36m>[31m
                    [0mSiemens[0m
                  [36m</div>[31m
                  [36m<div[31m
                    [33mclass[31m=[32m"grid-cell"[31m
                    [33mcontenteditable[31m=[32m"true"[31m
                    [33mdata-col-id[31m=[32m"description"[31m
                  [36m>[31m
                    [0mSiemens S7-1500 PLC[0m
                  [36m</div>[31m
                  [36m<div[31m
                    [33mclass[31m=[32m"grid-cell"[31m
                    [33mcontenteditable[31m=[32m"true"[31m
                    [33mdata-col-id[31m=[32m"itemType"[31m
                  [36m>[31m
                    [0mcomponent[0m
                  [36m</div>[31m
                  [36m<div[31m
                    [33mclass[31m=[32m"grid-cell"[31m
                    [33mdata-col-id[31m=[32m"id"[31m
                  [36m>[31m
                    [0mitem-1[0m
                  [36m</div>[31m
                  [36m<div[31m
                    [33mclass[31m=[32m"grid-cell"[31m
                  [36m>[31m
                    [36m<button>[31m
                      [0mDelete[0m
                    [36m</button>[31m
                  [36m</div>[31m
                [36m</div>[31m
                [36m<div[31m
                  [33mclass[31m=[32m"grid-row"[31m
                  [33mdata-row-id[31m=[32m"item-2"[31m
                  [33mdata-row-index[31m=[32m"1"[31m
                [36m>[31m
                  [36m<div[31m
                    [33mclass[31m=[32m"grid-cell"[31m
                    [33mdata-col-id[31m=[32m"actions"[31m
                  [36m/>[31m
                  [36m<div[31m
                    [33mclass[31m=[32m"grid-cell"[31m
                    [33mcontenteditable[31m=[32m"false"[31m
                    [33mdata-col-id[31m=[32m"totalPrice"[31m
                  [36m>[31m
                    [0m750.00[0m
                  [36m</div>[31m
                  [36m<div[31m
                    [33mclass[31m=[32m"grid-cell"[31m
                    [33mcontenteditable[31m=[32m"false"[31m
                    [33mdata-col-id[31m=[32m"totalCost"[31m
                  [36m>[31m
                    [0m600.00[0m
                  [36m</div>[31m
                  [36m<div[31m
                    [33mclass[31m=[32m"grid-cell"[31m
                    [33mcontenteditable[31m=[32m"false"[31m
                    [33mdata-col-id[31m=[32m"margin"[31m
                  [36m>[31m
                    [0m25%[0m
                  [36m</div>[31m
                  [36m<div[31m
                    [33mclass[31m=[32m"grid-cell"[31m
                    [33mcontenteditable[31m=[32m"true"[31m
                    [33mdata-col-id[31m=[32m"customerPrice"[31m
                  [36m>[31m
                    [0m187.5[0m
                  [36m</div>[31m
                  [36m<div[31m
                    [33mclass[31m=[32m"grid-cell"[31m
                    [33mcontenteditable[31m=[32m"true"[31m
                    [33mdata-col-id[31m=[32m"unitCost"[31m
                  [36m>[31m
                    [0m150[0m
                  [36m</div>[31m
                  [36m<div[31m
                    [33mclass[31m=[32m"grid-cell"[31m
                    [33mcontenteditable[31m=[32m"true"[31m
                    [33mdata-col-id[31m=[32m"quantity"[31m
                  [36m>[31m
                    [0m4[0m
                  [36m</div>[31m
                  [36m<div[31m
                    [33mclass[31m=[32m"grid-cell"[31m
                    [33mcontenteditable[31m=[32m"true"[31m
                    [33mdata-col-id[31m=[32m"supplier"[31m
                  [36m>[31m
                    [0mSensor Supplier[0m
                  [36m</div>[31m
                  [36m<div[31m
                    [33mclass[31m=[32m"grid-cell"[31m
                    [33mcontenteditable[31m=[32m"true"[31m
                    [33mdata-col-id[31m=[32m"manufacturerPn"[31m
                  [36m>[31m
                    [0mQS18VN6D[0m
                  [36m</div>[31m
                  [36m<div[31m
                    [33mclass[31m=[32m"grid-cell"[31m
                    [33mcontenteditable[31m=[32m"true"[31m
                    [33mdata-col-id[31m=[32m"manufacturer"[31m
                  [36m>[31m
                    [0mBanner[0m
                  [36m</div>[31m
                  [36m<div[31m
                    [33mclass[31m=[32m"grid-cell"[31m
                    [33mcontenteditable[31m=[32m"true"[31m
                    [33mdata-col-id[31m=[32m"description"[31m
                  [36m>[31m
                    [0mBanner Photoelectric Sensor[0m
                  [36m</div>[31m
                  [36m<div[31m
                    [33mclass[31m=[32m"grid-cell"[31m
                    [33mcontenteditable[31m=[32m"true"[31m
                    [33mdata-col-id[31m=[32m"itemType"[31m
                  [36m>[31m
                    [0mcomponent[0m
                  [36m</div>[31m
                  [36m<div[31m
                    [33mclass[31m=[32m"grid-cell"[31m
                    [33mdata-col-id[31m=[32m"id"[31m
                  [36m>[31m
                    [0mitem-2[0m
                  [36m</div>[31m
                  [36m<div[31m
                    [33mclass[31m=[32m"grid-cell"[31m
                  [36m>[31m
                    [36m<button>[31m
                      [0mDelete[0m
                    [36m</button>[31m
                  [36m</div>[31m
                [36m</div>[31m
                [36m<div[31m
                  [33mclass[31m=[32m"grid-row"[31m
                  [33mdata-row-id[31m=[32m"item-3"[31m
                  [33mdata-row-index[31m=[32m"2"[31m
                [36m>[31m
                  [36m<div[31m
                    [33mclass[31m=[32m"grid-cell"[31m
                    [33mdata-col-id[31m=[32m"actions"[31m
                  [36m/>[31m
                  [36m<div[31m
                    [33mclass[31m=[32m"grid-cell"[31m
                    [33mcontenteditable[31m=[32m"false"[31m
                    [33mdata-col-id[31m=[32m"totalPrice"[31m
                  [36m>[31m
                    [0m6500.00[0m
                  [36m</div>[31m
                  [36m<div[31m
                    [33mclass[31m=[32m"grid-cell"[31m
                    [33mcontenteditable[31m=[32m"false"[31m
                    [33mdata-col-id[31m=[32m"totalCost"[31m
                  [36m>[31m
                    [0m5000.00[0m
                  [36m</div>[31m
                  [36m<div[31m
                    [33mclass[31m=[32m"grid-cell"[31m
                    [33mcontenteditable[31m=[32m"false"[31m
                    [33mdata-col-id[31m=[32m"margin"[31m
                  [36m>[31m
                    [0m30%[0m
                  [36m</div>[31m
                  [36m<div[31m
                    [33mclass[31m=[32m"grid-cell"[31m
                    [33mcontenteditable[31m=[32m"true"[31m
                    [33mdata-col-id[31m=[32m"customerPrice"[31m
                  [36m>[31m
                    [0m6500[0m
                  [36m</div>[31m
                  [36m<div[31m
                    [33mclass[31m=[32m"grid-cell"[31m
                    [33mcontenteditable[31m=[32m"true"[31m
                    [33mdata-col-id[31m=[32m"unitCost"[31m
                  [36m>[31m
                    [0m5000[0m
                  [36m</div>[31m
                  [36m<div[31m
                    [33mclass[31m=[32m"grid-cell"[31m
                    [33mcontenteditable[31m=[32m"true"[31m
                    [33mdata-col-id[31m=[32m"quantity"[31m
                  [36m>[31m
                    [0m1[0m
                  [36m</div>[31m
                  [36m<div[31m
                    [33mclass[31m=[32m"grid-cell"[31m
                    [33mcontenteditable[31m=[32m"true"[31m
                    [33mdata-col-id[31m=[32m"supplier"[31m
                  [36m>[31m
                    [0mCustom Builder[0m
                  [36m</div>[31m
                  [36m<div[31m
                    [33mclass[31m=[32m"grid-cell"[31m
                    [33mcontenteditable[31m=[32m"true"[31m
                    [33mdata-col-id[31m=[32m"manufacturerPn"[31m
                  [36m/>[31m
                  [36m<div[31m
                    [33mclass[31m=[32m"grid-cell"[31m
                    [33mcontenteditable[31m=[32m"true"[31m
                    [33mdata-col-id[31m=[32m"manufacturer"[31m
                  [36m>[31m
                    [0mCustom[0m
                  [36m</div>[31m
                  [36m<div[31m
                    [33mclass[31m=[32m"grid-cell"[31m
                    [33mcontenteditable[31m=[32m"true"[31m
                    [33mdata-col-id[31m=[32m"description"[31m
                  [36m>[31m
                    [0mControl Cabinet Assembly[0m
                  [36m</div>[31m
                  [36m<div[31m
                    [33mclass[31m=[32m"grid-cell"[31m
                    [33mcontenteditable[31m=[32m"true"[31m
                    [33mdata-col-id[31m=[32m"itemType"[31m
                  [36m>[31m
                    [0massembly[0m
                  [36m</div>[31m
                  [36m<div[31m
                    [33mclass[31m=[32m"grid-cell"[31m
                    [33mdata-col-id[31m=[32m"id"[31m
                  [36m>[31m
                    [0mitem-3[0m
                  [36m</div>[31m
                  [36m<div[31m
                    [33mclass[31m=[32m"grid-cell"[31m
                  [36m>[31m
                    [36m<button>[31m
                      [0mDelete[0m
                    [36m</button>[31m
                  [36m</div>[31m
                [36m</div>[31m
              [36m</div>[31m
            [36m</div>[31m
          [36m</div>[31m
          [36m<div[31m
            [33mclass[31m=[32m"border-t pt-4"[31m
          [36m>[31m
            [36m<div[31m
              [33mclass[31m=[32m"grid grid-cols-1 md:grid-cols-4 gap-4"[31m
            [36m>[31m
              [36m<div>[31m
                [36m<div[31m
                  [33mclass[31m=[32m"text-sm font-medium text-gray-600"[31m
                [36m>[31m
                  [0mTotal Cost[0m
                [36m</div>[31m
                [36m<div[31m
                  [33mclass[31m=[32m"text-2xl font-bold"[31m
                [36m>[31m
                  [0m$8,100.00[0m
                [36m</div>[31m
              [36m</div>[31m
              [36m<div>[31m
                [36m<div[31m
                  [33mclass[31m=[32m"text-sm font-medium text-gray-600"[31m
                [36m>[31m
                  [0mTotal Price[0m
                [36m</div>[31m
                [36m<div[31m
                  [33mclass[31m=[32m"text-2xl font-bold text-blue-600"[31m
                [36m>[31m
                  [0m$10,375.00[0m
                [36m</div>[31m
              [36m</div>[31m
              [36m<div>[31m
                [36m<div[31m
                  [33mclass[31m=[32m"text-sm font-medium text-gray-600"[31m
                [36m>[31m
                  [0mTotal Margin[0m
                [36m</div>[31m
                [36m<div[31m
                  [33mclass[31m=[32m"text-2xl font-bold text-green-600"[31m
                [36m>[31m
                  [0m$2,275.00[0m
                [36m</div>[31m
              [36m</div>[31m
              [36m<div>[31m
                [36m<div[31m
                  [33mclass[31m=[32m"text-sm font-medium text-gray-600"[31m
                [36m>[31m
                  [0mAverage Margin[0m
                [36m</div>[31m
                [36m<div[31m
                  [33mclass[31m=[32m"text-2xl font-bold text-green-600"[31m
                [36m>[31m
                  [0m26.7[0m
                  [0m%[0m
                [36m</div>[31m
              [36m</div>[31m
            [36m</div>[31m
          [36m</div>[31m
        [36m</div>[31m
      [36m</div>[31m
    [36m</div>[31m
  [36m</div>[31m
[36m</body>[31m[39m
[31m   [33mΓ¥»[31m src/components/shared/__tests__/BOMGrid.test.tsx[2m > [22mBOMGrid[2m > [22mBOM-Specific Features[2m > [22mdisplays item types with correct badges[39m
[31m     ΓåÆ Unable to find an element with the text: COMPONENT. This could be because the text is broken up by multiple elements. In this case, you can provide a function for your text matcher to make your matcher more flexible.

Ignored nodes: comments, script, style
[36m<body>[31m
  [36m<div>[31m
    [36m<div[31m
      [33mclass[31m=[32m"rounded-lg border bg-card text-card-foreground shadow-sm w-full"[31m
    [36m>[31m
      [36m<div[31m
        [33mclass[31m=[32m"flex flex-col space-y-1.5 p-6"[31m
      [36m>[31m
        [36m<div[31m
          [33mclass[31m=[32m"flex justify-between items-center"[31m
        [36m>[31m
          [36m<h3[31m
            [33mclass[31m=[32m"font-semibold tracking-tight text-xl"[31m
          [36m>[31m
            [0mBill of Materials[0m
          [36m</h3>[31m
          [36m<div[31m
            [33mclass[31m=[32m"flex gap-2"[31m
          [36m>[31m
            [36m<button[31m
              [33mclass[31m=[32m"inline-flex items-center justify-center whitespace-nowrap text-sm font-medium ring-offset-background transition-colors focus-visible:outline-none focus-visible:ring-2 focus-visible:ring-ring focus-visible:ring-offset-2 disabled:pointer-events-none disabled:opacity-50 bg-primary text-primary-foreground hover:bg-primary/90 h-9 rounded-md px-3"[31m
            [36m>[31m
              [0mPlus[0m
              [0mAdd Item[0m
            [36m</button>[31m
            [36m<button[31m
              [33mclass[31m=[32m"inline-flex items-center justify-center whitespace-nowrap text-sm font-medium ring-offset-background transition-colors focus-visible:outline-none focus-visible:ring-2 focus-visible:ring-ring focus-visible:ring-offset-2 disabled:pointer-events-none disabled:opacity-50 border border-input bg-background hover:bg-accent hover:text-accent-foreground h-9 rounded-md px-3"[31m
            [36m>[31m
              [0mCalculator[0m
              [0mApply 25% Markup[0m
            [36m</button>[31m
          [36m</div>[31m
        [36m</div>[31m
      [36m</div>[31m
      [36m<div[31m
        [33mclass[31m=[32m"p-6 pt-0"[31m
      [36m>[31m
        [36m<div[31m
          [33mclass[31m=[32m"space-y-4"[31m
        [36m>[31m
          [36m<div[31m
            [33mclass[31m=[32m"ag-theme-alpine"[31m
            [33mstyle[31m=[32m"height: 400px; width: 100%; direction: rtl;"[31m
          [36m>[31m
            [36m<div[31m
              [33mclass[31m=[32m"ag-theme-alpine"[31m
              [33mdata-testid[31m=[32m"ag-grid"[31m
            [36m>[31m
              [36m<div[31m
                [33mclass[31m=[32m"grid-header"[31m
              [36m>[31m
                [36m<div[31m
                  [33mclass[31m=[32m"grid-header-cell"[31m
                  [33mdata-col-id[31m=[32m"actions"[31m
                [36m>[31m
                  [0mActions[0m
                [36m</div>[31m
                [36m<div[31m
                  [33mclass[31m=[32m"grid-header-cell"[31m
                  [33mdata-col-id[31m=[32m"totalPrice"[31m
                [36m>[31m
                  [0mTotal Price[0m
                [36m</div>[31m
                [36m<div[31m
                  [33mclass[31m=[32m"grid-header-cell"[31m
                  [33mdata-col-id[31m=[32m"totalCost"[31m
                [36m>[31m
                  [0mTotal Cost[0m
                [36m</div>[31m
                [36m<div[31m
                  [33mclass[31m=[32m"grid-header-cell"[31m
                  [33mdata-col-id[31m=[32m"margin"[31m
                [36m>[31m
                  [0mMargin %[0m
                [36m</div>[31m
                [36m<div[31m
                  [33mclass[31m=[32m"grid-header-cell"[31m
                  [33mdata-col-id[31m=[32m"customerPrice"[31m
                [36m>[31m
                  [0mCustomer Price[0m
                [36m</div>[31m
                [36m<div[31m
                  [33mclass[31m=[32m"grid-header-cell"[31m
                  [33mdata-col-id[31m=[32m"unitCost"[31m
                [36m>[31m
                  [0mUnit Cost[0m
                [36m</div>[31m
                [36m<div[31m
                  [33mclass[31m=[32m"grid-header-cell"[31m
                  [33mdata-col-id[31m=[32m"quantity"[31m
                [36m>[31m
                  [0mQty[0m
                [36m</div>[31m
                [36m<div[31m
                  [33mclass[31m=[32m"grid-header-cell"[31m
                  [33mdata-col-id[31m=[32m"supplier"[31m
                [36m>[31m
                  [0mSupplier[0m
                [36m</div>[31m
                [36m<div[31m
                  [33mclass[31m=[32m"grid-header-cell"[31m
                  [33mdata-col-id[31m=[32m"manufacturerPn"[31m
                [36m>[31m
                  [0mMFR P/N[0m
                [36m</div>[31m
                [36m<div[31m
                  [33mclass[31m=[32m"grid-header-cell"[31m
                  [33mdata-col-id[31m=[32m"manufacturer"[31m
                [36m>[31m
                  [0mManufacturer[0m
                [36m</div>[31m
                [36m<div[31m
                  [33mclass[31m=[32m"grid-header-cell"[31m
                  [33mdata-col-id[31m=[32m"description"[31m
                [36m>[31m
                  [0mDescription[0m
                [36m</div>[31m
                [36m<div[31m
                  [33mclass[31m=[32m"grid-header-cell"[31m
                  [33mdata-col-id[31m=[32m"itemType"[31m
                [36m>[31m
                  [0mType[0m
                [36m</div>[31m
                [36m<div[31m
                  [33mclass[31m=[32m"grid-header-cell"[31m
                  [33mdata-col-id[31m=[32m"id"[31m
                [36m/>[31m
              [36m</div>[31m
              [36m<div[31m
                [33mclass[31m=[32m"grid-body"[31m
              [36m>[31m
                [36m<div[31m
                  [33mclass[31m=[32m"grid-row"[31m
                  [33mdata-row-id[31m=[32m"item-1"[31m
                  [33mdata-row-index[31m=[32m"0"[31m
                [36m>[31m
                  [36m<div[31m
                    [33mclass[31m=[32m"grid-cell"[31m
                    [33mdata-col-id[31m=[32m"actions"[31m
                  [36m/>[31m
                  [36m<div[31m
                    [33mclass[31m=[32m"grid-cell"[31m
                    [33mcontenteditable[31m=[32m"false"[31m
                    [33mdata-col-id[31m=[32m"totalPrice"[31m
                  [36m>[31m
                    [0m3125.00[0m
                  [36m</div>[31m
                  [36m<div[31m
                    [33mclass[31m=[32m"grid-cell"[31m
                    [33mcontenteditable[31m=[32m"false"[31m
                    [33mdata-col-id[31m=[32m"totalCost"[31m
                  [36m>[31m
                    [0m2500.00[0m
                  [36m</div>[31m
                  [36m<div[31m
                    [33mclass[31m=[32m"grid-cell"[31m
                    [33mcontenteditable[31m=[32m"false"[31m
                    [33mdata-col-id[31m=[32m"margin"[31m
                  [36m>[31m
                    [0m25%[0m
                  [36m</div>[31m
                  [36m<div[31m
                    [33mclass[31m=[32m"grid-cell"[31m
                    [33mcontenteditable[31m=[32m"true"[31m
                    [33mdata-col-id[31m=[32m"customerPrice"[31m
                  [36m>[31m
                    [0m3125[0m
                  [36m</div>[31m
                  [36m<div[31m
                    [33mclass[31m=[32m"grid-cell"[31m
                    [33mcontenteditable[31m=[32m"true"[31m
                    [33mdata-col-id[31m=[32m"unitCost"[31m
                  [36m>[31m
                    [0m2500[0m
                  [36m</div>[31m
                  [36m<div[31m
                    [33mclass[31m=[32m"grid-cell"[31m
                    [33mcontenteditable[31m=[32m"true"[31m
                    [33mdata-col-id[31m=[32m"quantity"[31m
                  [36m>[31m
                    [0m1[0m
                  [36m</div>[31m
                  [36m<div[31m
                    [33mclass[31m=[32m"grid-cell"[31m
                    [33mcontenteditable[31m=[32m"true"[31m
                    [33mdata-col-id[31m=[32m"supplier"[31m
                  [36m>[31m
                    [0mAutomation Supplier[0m
                  [36m</div>[31m
                  [36m<div[31m
                    [33mclass[31m=[32m"grid-cell"[31m
                    [33mcontenteditable[31m=[32m"true"[31m
                    [33mdata-col-id[31m=[32m"manufacturerPn"[31m
                  [36m>[31m
                    [0m6ES7512-1DK01-0AB0[0m
                  [36m</div>[31m
                  [36m<div[31m
                    [33mclass[31m=[32m"grid-cell"[31m
                    [33mcontenteditable[31m=[32m"true"[31m
                    [33mdata-col-id[31m=[32m"manufacturer"[31m
                  [36m>[31m
                    [0mSiemens[0m
                  [36m</div>[31m
                  [36m<div[31m
                    [33mclass[31m=[32m"grid-cell"[31m
                    [33mcontenteditable[31m=[32m"true"[31m
                    [33mdata-col-id[31m=[32m"description"[31m
                  [36m>[31m
                    [0mSiemens S7-1500 PLC[0m
                  [36m</div>[31m
                  [36m<div[31m
                    [33mclass[31m=[32m"grid-cell"[31m
                    [33mcontenteditable[31m=[32m"true"[31m
                    [33mdata-col-id[31m=[32m"itemType"[31m
                  [36m>[31m
                    [0mcomponent[0m
                  [36m</div>[31m
                  [36m<div[31m
                    [33mclass[31m=[32m"grid-cell"[31m
                    [33mdata-col-id[31m=[32m"id"[31m
                  [36m>[31m
                    [0mitem-1[0m
                  [36m</div>[31m
                  [36m<div[31m
                    [33mclass[31m=[32m"grid-cell"[31m
                  [36m>[31m
                    [36m<button>[31m
                      [0mDelete[0m
                    [36m</button>[31m
                  [36m</div>[31m
                [36m</div>[31m
                [36m<div[31m
                  [33mclass[31m=[32m"grid-row"[31m
                  [33mdata-row-id[31m=[32m"item-2"[31m
                  [33mdata-row-index[31m=[32m"1"[31m
                [36m>[31m
                  [36m<div[31m
                    [33mclass[31m=[32m"grid-cell"[31m
                    [33mdata-col-id[31m=[32m"actions"[31m
                  [36m/>[31m
                  [36m<div[31m
                    [33mclass[31m=[32m"grid-cell"[31m
                    [33mcontenteditable[31m=[32m"false"[31m
                    [33mdata-col-id[31m=[32m"totalPrice"[31m
                  [36m>[31m
                    [0m750.00[0m
                  [36m</div>[31m
                  [36m<div[31m
                    [33mclass[31m=[32m"grid-cell"[31m
                    [33mcontenteditable[31m=[32m"false"[31m
                    [33mdata-col-id[31m=[32m"totalCost"[31m
                  [36m>[31m
                    [0m600.00[0m
                  [36m</div>[31m
                  [36m<div[31m
                    [33mclass[31m=[32m"grid-cell"[31m
                    [33mcontenteditable[31m=[32m"false"[31m
                    [33mdata-col-id[31m=[32m"margin"[31m
                  [36m>[31m
                    [0m25%[0m
                  [36m</div>[31m
                  [36m<div[31m
                    [33mclass[31m=[32m"grid-cell"[31m
                    [33mcontenteditable[31m=[32m"true"[31m
                    [33mdata-col-id[31m=[32m"customerPrice"[31m
                  [36m>[31m
                    [0m187.5[0m
                  [36m</div>[31m
                  [36m<div[31m
                    [33mclass[31m=[32m"grid-cell"[31m
                    [33mcontenteditable[31m=[32m"true"[31m
                    [33mdata-col-id[31m=[32m"unitCost"[31m
                  [36m>[31m
                    [0m150[0m
                  [36m</div>[31m
                  [36m<div[31m
                    [33mclass[31m=[32m"grid-cell"[31m
                    [33mcontenteditable[31m=[32m"true"[31m
                    [33mdata-col-id[31m=[32m"quantity"[31m
                  [36m>[31m
                    [0m4[0m
                  [36m</div>[31m
                  [36m<div[31m
                    [33mclass[31m=[32m"grid-cell"[31m
                    [33mcontenteditable[31m=[32m"true"[31m
                    [33mdata-col-id[31m=[32m"supplier"[31m
                  [36m>[31m
                    [0mSensor Supplier[0m
                  [36m</div>[31m
                  [36m<div[31m
                    [33mclass[31m=[32m"grid-cell"[31m
                    [33mcontenteditable[31m=[32m"true"[31m
                    [33mdata-col-id[31m=[32m"manufacturerPn"[31m
                  [36m>[31m
                    [0mQS18VN6D[0m
                  [36m</div>[31m
                  [36m<div[31m
                    [33mclass[31m=[32m"grid-cell"[31m
                    [33mcontenteditable[31m=[32m"true"[31m
                    [33mdata-col-id[31m=[32m"manufacturer"[31m
                  [36m>[31m
                    [0mBanner[0m
                  [36m</div>[31m
                  [36m<div[31m
                    [33mclass[31m=[32m"grid-cell"[31m
                    [33mcontenteditable[31m=[32m"true"[31m
                    [33mdata-col-id[31m=[32m"description"[31m
                  [36m>[31m
                    [0mBanner Photoelectric Sensor[0m
                  [36m</div>[31m
                  [36m<div[31m
                    [33mclass[31m=[32m"grid-cell"[31m
                    [33mcontenteditable[31m=[32m"true"[31m
                    [33mdata-col-id[31m=[32m"itemType"[31m
                  [36m>[31m
                    [0mcomponent[0m
                  [36m</div>[31m
                  [36m<div[31m
                    [33mclass[31m=[32m"grid-cell"[31m
                    [33mdata-col-id[31m=[32m"id"[31m
                  [36m>[31m
                    [0mitem-2[0m
                  [36m</div>[31m
                  [36m<div[31m
                    [33mclass[31m=[32m"grid-cell"[31m
                  [36m>[31m
                    [36m<button>[31m
                      [0mDelete[0m
                    [36m</button>[31m
                  [36m</div>[31m
                [36m</div>[31m
                [36m<div[31m
                  [33mclass[31m=[32m"grid-row"[31m
                  [33mdata-row-id[31m=[32m"item-3"[31m
                  [33mdata-row-index[31m=[32m"2"[31m
                [36m>[31m
                  [36m<div[31m
                    [33mclass[31m=[32m"grid-cell"[31m
                    [33mdata-col-id[31m=[32m"actions"[31m
                  [36m/>[31m
                  [36m<div[31m
                    [33mclass[31m=[32m"grid-cell"[31m
                    [33mcontenteditable[31m=[32m"false"[31m
                    [33mdata-col-id[31m=[32m"totalPrice"[31m
                  [36m>[31m
                    [0m6500.00[0m
                  [36m</div>[31m
                  [36m<div[31m
                    [33mclass[31m=[32m"grid-cell"[31m
                    [33mcontenteditable[31m=[32m"false"[31m
                    [33mdata-col-id[31m=[32m"totalCost"[31m
                  [36m>[31m
                    [0m5000.00[0m
                  [36m</div>[31m
                  [36m<div[31m
                    [33mclass[31m=[32m"grid-cell"[31m
                    [33mcontenteditable[31m=[32m"false"[31m
                    [33mdata-col-id[31m=[32m"margin"[31m
                  [36m>[31m
                    [0m30%[0m
                  [36m</div>[31m
                  [36m<div[31m
                    [33mclass[31m=[32m"grid-cell"[31m
                    [33mcontenteditable[31m=[32m"true"[31m
                    [33mdata-col-id[31m=[32m"customerPrice"[31m
                  [36m>[31m
                    [0m6500[0m
                  [36m</div>[31m
                  [36m<div[31m
                    [33mclass[31m=[32m"grid-cell"[31m
                    [33mcontenteditable[31m=[32m"true"[31m
                    [33mdata-col-id[31m=[32m"unitCost"[31m
                  [36m>[31m
                    [0m5000[0m
                  [36m</div>[31m
                  [36m<div[31m
                    [33mclass[31m=[32m"grid-cell"[31m
                    [33mcontenteditable[31m=[32m"true"[31m
                    [33mdata-col-id[31m=[32m"quantity"[31m
                  [36m>[31m
                    [0m1[0m
                  [36m</div>[31m
                  [36m<div[31m
                    [33mclass[31m=[32m"grid-cell"[31m
                    [33mcontenteditable[31m=[32m"true"[31m
                    [33mdata-col-id[31m=[32m"supplier"[31m
                  [36m>[31m
                    [0mCustom Builder[0m
                  [36m</div>[31m
                  [36m<div[31m
                    [33mclass[31m=[32m"grid-cell"[31m
                    [33mcontenteditable[31m=[32m"true"[31m
                    [33mdata-col-id[31m=[32m"manufacturerPn"[31m
                  [36m/>[31m
                  [36m<div[31m
                    [33mclass[31m=[32m"grid-cell"[31m
                    [33mcontenteditable[31m=[32m"true"[31m
                    [33mdata-col-id[31m=[32m"manufacturer"[31m
                  [36m>[31m
                    [0mCustom[0m
                  [36m</div>[31m
                  [36m<div[31m
                    [33mclass[31m=[32m"grid-cell"[31m
                    [33mcontenteditable[31m=[32m"true"[31m
                    [33mdata-col-id[31m=[32m"description"[31m
                  [36m>[31m
                    [0mControl Cabinet Assembly[0m
                  [36m</div>[31m
                  [36m<div[31m
                    [33mclass[31m=[32m"grid-cell"[31m
                    [33mcontenteditable[31m=[32m"true"[31m
                    [33mdata-col-id[31m=[32m"itemType"[31m
                  [36m>[31m
                    [0massembly[0m
                  [36m</div>[31m
                  [36m<div[31m
                    [33mclass[31m=[32m"grid-cell"[31m
                    [33mdata-col-id[31m=[32m"id"[31m
                  [36m>[31m
                    [0mitem-3[0m
                  [36m</div>[31m
                  [36m<div[31m
                    [33mclass[31m=[32m"grid-cell"[31m
                  [36m>[31m
                    [36m<button>[31m
                      [0mDelete[0m
                    [36m</button>[31m
                  [36m</div>[31m
                [36m</div>[31m
              [36m</div>[31m
            [36m</div>[31m
          [36m</div>[31m
          [36m<div[31m
            [33mclass[31m=[32m"border-t pt-4"[31m
          [36m>[31m
            [36m<div[31m
              [33mclass[31m=[32m"grid grid-cols-1 md:grid-cols-4 gap-4"[31m
            [36m>[31m
              [36m<div>[31m
                [36m<div[31m
                  [33mclass[31m=[32m"text-sm font-medium text-gray-600"[31m
                [36m>[31m
                  [0mTotal Cost[0m
                [36m</div>[31m
                [36m<div[31m
                  [33mclass[31m=[32m"text-2xl font-bold"[31m
                [36m>[31m
                  [0m$8,100.00[0m
                [36m</div>[31m
              [36m</div>[31m
              [36m<div>[31m
                [36m<div[31m
                  [33mclass[31m=[32m"text-sm font-medium text-gray-600"[31m
                [36m>[31m
                  [0mTotal Price[0m
                [36m</div>[31m
                [36m<div[31m
                  [33mclass[31m=[32m"text-2xl font-bold text-blue-600"[31m
                [36m>[31m
                  [0m$10,375.00[0m
                [36m</div>[31m
              [36m</div>[31m
              [36m<div>[31m
                [36m<div[31m
                  [33mclass[31m=[32m"text-sm font-medium text-gray-600"[31m
                [36m>[31m
                  [0mTotal Margin[0m
                [36m</div>[31m
                [36m<div[31m
                  [33mclass[31m=[32m"text-2xl font-bold text-green-600"[31m
                [36m>[31m
                  [0m$2,275.00[0m
                [36m</div>[31m
              [36m</div>[31m
              [36m<div>[31m
                [36m<div[31m
                  [33mclass[31m=[32m"text-sm font-medium text-gray-600"[31m
                [36m>[31m
                  [0mAverage Margin[0m
                [36m</div>[31m
                [36m<div[31m
                  [33mclass[31m=[32m"text-2xl font-bold text-green-600"[31m
                [36m>[31m
                  [0m26.7[0m
                  [0m%[0m
                [36m</div>[31m
              [36m</div>[31m
            [36m</div>[31m
          [36m</div>[31m
        [36m</div>[31m
      [36m</div>[31m
    [36m</div>[31m
  [36m</div>[31m
[36m</body>[31m[39m
[31m   [33mΓ¥»[31m src/components/shared/__tests__/BOMGrid.test.tsx[2m > [22mBOMGrid[2m > [22mCustomer Pricing Toggle[2m > [22mshows customer pricing columns when showCustomerPricing is true[39m
[31m     ΓåÆ Found multiple elements with the text: Total Price

Here are the matching elements:

Ignored nodes: comments, script, style
[36m<div[31m
  [33mclass[31m=[32m"grid-header-cell"[31m
  [33mdata-col-id[31m=[32m"totalPrice"[31m
[36m>[31m
  [0mTotal Price[0m
[36m</div>[31m

Ignored nodes: comments, script, style
[36m<div[31m
  [33mclass[31m=[32m"text-sm font-medium text-gray-600"[31m
[36m>[31m
  [0mTotal Price[0m
[36m</div>[31m

(If this is intentional, then use the `*AllBy*` variant of the query (like `queryAllByText`, `getAllByText`, or `findAllByText`)).

Ignored nodes: comments, script, style
[36m<body>[31m
  [36m<div>[31m
    [36m<div[31m
      [33mclass[31m=[32m"rounded-lg border bg-card text-card-foreground shadow-sm w-full"[31m
    [36m>[31m
      [36m<div[31m
        [33mclass[31m=[32m"flex flex-col space-y-1.5 p-6"[31m
      [36m>[31m
        [36m<div[31m
          [33mclass[31m=[32m"flex justify-between items-center"[31m
        [36m>[31m
          [36m<h3[31m
            [33mclass[31m=[32m"font-semibold tracking-tight text-xl"[31m
          [36m>[31m
            [0mBill of Materials[0m
          [36m</h3>[31m
          [36m<div[31m
            [33mclass[31m=[32m"flex gap-2"[31m
          [36m>[31m
            [36m<button[31m
              [33mclass[31m=[32m"inline-flex items-center justify-center whitespace-nowrap text-sm font-medium ring-offset-background transition-colors focus-visible:outline-none focus-visible:ring-2 focus-visible:ring-ring focus-visible:ring-offset-2 disabled:pointer-events-none disabled:opacity-50 bg-primary text-primary-foreground hover:bg-primary/90 h-9 rounded-md px-3"[31m
            [36m>[31m
              [0mPlus[0m
              [0mAdd Item[0m
            [36m</button>[31m
            [36m<button[31m
              [33mclass[31m=[32m"inline-flex items-center justify-center whitespace-nowrap text-sm font-medium ring-offset-background transition-colors focus-visible:outline-none focus-visible:ring-2 focus-visible:ring-ring focus-visible:ring-offset-2 disabled:pointer-events-none disabled:opacity-50 border border-input bg-background hover:bg-accent hover:text-accent-foreground h-9 rounded-md px-3"[31m
            [36m>[31m
              [0mCalculator[0m
              [0mApply 25% Markup[0m
            [36m</button>[31m
          [36m</div>[31m
        [36m</div>[31m
      [36m</div>[31m
      [36m<div[31m
        [33mclass[31m=[32m"p-6 pt-0"[31m
      [36m>[31m
        [36m<div[31m
          [33mclass[31m=[32m"space-y-4"[31m
        [36m>[31m
          [36m<div[31m
            [33mclass[31m=[32m"ag-theme-alpine"[31m
            [33mstyle[31m=[32m"height: 400px; width: 100%; direction: rtl;"[31m
          [36m>[31m
            [36m<div[31m
              [33mclass[31m=[32m"ag-theme-alpine"[31m
              [33mdata-testid[31m=[32m"ag-grid"[31m
            [36m>[31m
              [36m<div[31m
                [33mclass[31m=[32m"grid-header"[31m
              [36m>[31m
                [36m<div[31m
                  [33mclass[31m=[32m"grid-header-cell"[31m
                  [33mdata-col-id[31m=[32m"actions"[31m
                [36m>[31m
                  [0mActions[0m
                [36m</div>[31m
                [36m<div[31m
                  [33mclass[31m=[32m"grid-header-cell"[31m
                  [33mdata-col-id[31m=[32m"totalPrice"[31m
                [36m>[31m
                  [0mTotal Price[0m
                [36m</div>[31m
                [36m<div[31m
                  [33mclass[31m=[32m"grid-header-cell"[31m
                  [33mdata-col-id[31m=[32m"totalCost"[31m
                [36m>[31m
                  [0mTotal Cost[0m
                [36m</div>[31m
                [36m<div[31m
                  [33mclass[31m=[32m"grid-header-cell"[31m
                  [33mdata-col-id[31m=[32m"margin"[31m
                [36m>[31m
                  [0mMargin %[0m
                [36m</div>[31m
                [36m<div[31m
                  [33mclass[31m=[32m"grid-header-cell"[31m
                  [33mdata-col-id[31m=[32m"customerPrice"[31m
                [36m>[31m
                  [0mCustomer Price[0m
                [36m</div>[31m
                [36m<div[31m
                  [33mclass[31m=[32m"grid-header-cell"[31m
                  [33mdata-col-id[31m=[32m"unitCost"[31m
                [36m>[31m
                  [0mUnit Cost[0m
                [36m</div>[31m
                [36m<div[31m
                  [33mclass[31m=[32m"grid-header-cell"[31m
                  [33mdata-col-id[31m=[32m"quantity"[31m
                [36m>[31m
                  [0mQty[0m
                [36m</div>[31m
                [36m<div[31m
                  [33mclass[31m=[32m"grid-header-cell"[31m
                  [33mdata-col-id[31m=[32m"supplier"[31m
                [36m>[31m
                  [0mSupplier[0m
                [36m</div>[31m
                [36m<div[31m
                  [33mclass[31m=[32m"grid-header-cell"[31m
                  [33mdata-col-id[31m=[32m"manufacturerPn"[31m
                [36m>[31m
                  [0mMFR P/N[0m
                [36m</div>[31m
                [36m<div[31m
                  [33mclass[31m=[32m"grid-header-cell"[31m
                  [33mdata-col-id[31m=[32m"manufacturer"[31m
                [36m>[31m
                  [0mManufacturer[0m
                [36m</div>[31m
                [36m<div[31m
                  [33mclass[31m=[32m"grid-header-cell"[31m
                  [33mdata-col-id[31m=[32m"description"[31m
                [36m>[31m
                  [0mDescription[0m
                [36m</div>[31m
                [36m<div[31m
                  [33mclass[31m=[32m"grid-header-cell"[31m
                  [33mdata-col-id[31m=[32m"itemType"[31m
                [36m>[31m
                  [0mType[0m
                [36m</div>[31m
                [36m<div[31m
                  [33mclass[31m=[32m"grid-header-cell"[31m
                  [33mdata-col-id[31m=[32m"id"[31m
                [36m/>[31m
              [36m</div>[31m
              [36m<div[31m
                [33mclass[31m=[32m"grid-body"[31m
              [36m>[31m
                [36m<div[31m
                  [33mclass[31m=[32m"grid-row"[31m
                  [33mdata-row-id[31m=[32m"item-1"[31m
                  [33mdata-row-index[31m=[32m"0"[31m
                [36m>[31m
                  [36m<div[31m
                    [33mclass[31m=[32m"grid-cell"[31m
                    [33mdata-col-id[31m=[32m"actions"[31m
                  [36m/>[31m
                  [36m<div[31m
                    [33mclass[31m=[32m"grid-cell"[31m
                    [33mcontenteditable[31m=[32m"false"[31m
                    [33mdata-col-id[31m=[32m"totalPrice"[31m
                  [36m>[31m
                    [0m3125.00[0m
                  [36m</div>[31m
                  [36m<div[31m
                    [33mclass[31m=[32m"grid-cell"[31m
                    [33mcontenteditable[31m=[32m"false"[31m
                    [33mdata-col-id[31m=[32m"totalCost"[31m
                  [36m>[31m
                    [0m2500.00[0m
                  [36m</div>[31m
                  [36m<div[31m
                    [33mclass[31m=[32m"grid-cell"[31m
                    [33mcontenteditable[31m=[32m"false"[31m
                    [33mdata-col-id[31m=[32m"margin"[31m
                  [36m>[31m
                    [0m25%[0m
                  [36m</div>[31m
                  [36m<div[31m
                    [33mclass[31m=[32m"grid-cell"[31m
                    [33mcontenteditable[31m=[32m"true"[31m
                    [33mdata-col-id[31m=[32m"customerPrice"[31m
                  [36m>[31m
                    [0m3125[0m
                  [36m</div>[31m
                  [36m<div[31m
                    [33mclass[31m=[32m"grid-cell"[31m
                    [33mcontenteditable[31m=[32m"true"[31m
                    [33mdata-col-id[31m=[32m"unitCost"[31m
                  [36m>[31m
                    [0m2500[0m
                  [36m</div>[31m
                  [36m<div[31m
                    [33mclass[31m=[32m"grid-cell"[31m
                    [33mcontenteditable[31m=[32m"true"[31m
                    [33mdata-col-id[31m=[32m"quantity"[31m
                  [36m>[31m
                    [0m1[0m
                  [36m</div>[31m
                  [36m<div[31m
                    [33mclass[31m=[32m"grid-cell"[31m
                    [33mcontenteditable[31m=[32m"true"[31m
                    [33mdata-col-id[31m=[32m"supplier"[31m
                  [36m>[31m
                    [0mAutomation Supplier[0m
                  [36m</div>[31m
                  [36m<div[31m
                    [33mclass[31m=[32m"grid-cell"[31m
                    [33mcontenteditable[31m=[32m"true"[31m
                    [33mdata-col-id[31m=[32m"manufacturerPn"[31m
                  [36m>[31m
                    [0m6ES7512-1DK01-0AB0[0m
                  [36m</div>[31m
                  [36m<div[31m
                    [33mclass[31m=[32m"grid-cell"[31m
                    [33mcontenteditable[31m=[32m"true"[31m
                    [33mdata-col-id[31m=[32m"manufacturer"[31m
                  [36m>[31m
                    [0mSiemens[0m
                  [36m</div>[31m
                  [36m<div[31m
                    [33mclass[31m=[32m"grid-cell"[31m
                    [33mcontenteditable[31m=[32m"true"[31m
                    [33mdata-col-id[31m=[32m"description"[31m
                  [36m>[31m
                    [0mSiemens S7-1500 PLC[0m
                  [36m</div>[31m
                  [36m<div[31m
                    [33mclass[31m=[32m"grid-cell"[31m
                    [33mcontenteditable[31m=[32m"true"[31m
                    [33mdata-col-id[31m=[32m"itemType"[31m
                  [36m>[31m
                    [0mcomponent[0m
                  [36m</div>[31m
                  [36m<div[31m
                    [33mclass[31m=[32m"grid-cell"[31m
                    [33mdata-col-id[31m=[32m"id"[31m
                  [36m>[31m
                    [0mitem-1[0m
                  [36m</div>[31m
                  [36m<div[31m
                    [33mclass[31m=[32m"grid-cell"[31m
                  [36m>[31m
                    [36m<button>[31m
                      [0mDelete[0m
                    [36m</button>[31m
                  [36m</div>[31m
                [36m</div>[31m
                [36m<div[31m
                  [33mclass[31m=[32m"grid-row"[31m
                  [33mdata-row-id[31m=[32m"item-2"[31m
                  [33mdata-row-index[31m=[32m"1"[31m
                [36m>[31m
                  [36m<div[31m
                    [33mclass[31m=[32m"grid-cell"[31m
                    [33mdata-col-id[31m=[32m"actions"[31m
                  [36m/>[31m
                  [36m<div[31m
                    [33mclass[31m=[32m"grid-cell"[31m
                    [33mcontenteditable[31m=[32m"false"[31m
                    [33mdata-col-id[31m=[32m"totalPrice"[31m
                  [36m>[31m
                    [0m750.00[0m
                  [36m</div>[31m
                  [36m<div[31m
                    [33mclass[31m=[32m"grid-cell"[31m
                    [33mcontenteditable[31m=[32m"false"[31m
                    [33mdata-col-id[31m=[32m"totalCost"[31m
                  [36m>[31m
                    [0m600.00[0m
                  [36m</div>[31m
                  [36m<div[31m
                    [33mclass[31m=[32m"grid-cell"[31m
                    [33mcontenteditable[31m=[32m"false"[31m
                    [33mdata-col-id[31m=[32m"margin"[31m
                  [36m>[31m
                    [0m25%[0m
                  [36m</div>[31m
                  [36m<div[31m
                    [33mclass[31m=[32m"grid-cell"[31m
                    [33mcontenteditable[31m=[32m"true"[31m
                    [33mdata-col-id[31m=[32m"customerPrice"[31m
                  [36m>[31m
                    [0m187.5[0m
                  [36m</div>[31m
                  [36m<div[31m
                    [33mclass[31m=[32m"grid-cell"[31m
                    [33mcontenteditable[31m=[32m"true"[31m
                    [33mdata-col-id[31m=[32m"unitCost"[31m
                  [36m>[31m
                    [0m150[0m
                  [36m</div>[31m
                  [36m<div[31m
                    [33mclass[31m=[32m"grid-cell"[31m
                    [33mcontenteditable[31m=[32m"true"[31m
                    [33mdata-col-id[31m=[32m"quantity"[31m
                  [36m>[31m
                    [0m4[0m
                  [36m</div>[31m
                  [36m<div[31m
                    [33mclass[31m=[32m"grid-cell"[31m
                    [33mcontenteditable[31m=[32m"true"[31m
                    [33mdata-col-id[31m=[32m"supplier"[31m
                  [36m>[31m
                    [0mSensor Supplier[0m
                  [36m</div>[31m
                  [36m<div[31m
                    [33mclass[31m=[32m"grid-cell"[31m
                    [33mcontenteditable[31m=[32m"true"[31m
                    [33mdata-col-id[31m=[32m"manufacturerPn"[31m
                  [36m>[31m
                    [0mQS18VN6D[0m
                  [36m</div>[31m
                  [36m<div[31m
                    [33mclass[31m=[32m"grid-cell"[31m
                    [33mcontenteditable[31m=[32m"true"[31m
                    [33mdata-col-id[31m=[32m"manufacturer"[31m
                  [36m>[31m
                    [0mBanner[0m
                  [36m</div>[31m
                  [36m<div[31m
                    [33mclass[31m=[32m"grid-cell"[31m
                    [33mcontenteditable[31m=[32m"true"[31m
                    [33mdata-col-id[31m=[32m"description"[31m
                  [36m>[31m
                    [0mBanner Photoelectric Sensor[0m
                  [36m</div>[31m
                  [36m<div[31m
                    [33mclass[31m=[32m"grid-cell"[31m
                    [33mcontenteditable[31m=[32m"true"[31m
                    [33mdata-col-id[31m=[32m"itemType"[31m
                  [36m>[31m
                    [0mcomponent[0m
                  [36m</div>[31m
                  [36m<div[31m
                    [33mclass[31m=[32m"grid-cell"[31m
                    [33mdata-col-id[31m=[32m"id"[31m
                  [36m>[31m
                    [0mitem-2[0m
                  [36m</div>[31m
                  [36m<div[31m
                    [33mclass[31m=[32m"grid-cell"[31m
                  [36m>[31m
                    [36m<button>[31m
                      [0mDelete[0m
                    [36m</button>[31m
                  [36m</div>[31m
                [36m</div>[31m
                [36m<div[31m
                  [33mclass[31m=[32m"grid-row"[31m
                  [33mdata-row-id[31m=[32m"item-3"[31m
                  [33mdata-row-index[31m=[32m"2"[31m
                [36m>[31m
                  [36m<div[31m
                    [33mclass[31m=[32m"grid-cell"[31m
                    [33mdata-col-id[31m=[32m"actions"[31m
                  [36m/>[31m
                  [36m<div[31m
                    [33mclass[31m=[32m"grid-cell"[31m
                    [33mcontenteditable[31m=[32m"false"[31m
                    [33mdata-col-id[31m=[32m"totalPrice"[31m
                  [36m>[31m
                    [0m6500.00[0m
                  [36m</div>[31m
                  [36m<div[31m
                    [33mclass[31m=[32m"grid-cell"[31m
                    [33mcontenteditable[31m=[32m"false"[31m
                    [33mdata-col-id[31m=[32m"totalCost"[31m
                  [36m>[31m
                    [0m5000.00[0m
                  [36m</div>[31m
                  [36m<div[31m
                    [33mclass[31m=[32m"grid-cell"[31m
                    [33mcontenteditable[31m=[32m"false"[31m
                    [33mdata-col-id[31m=[32m"margin"[31m
                  [36m>[31m
                    [0m30%[0m
                  [36m</div>[31m
                  [36m<div[31m
                    [33mclass[31m=[32m"grid-cell"[31m
                    [33mcontenteditable[31m=[32m"true"[31m
                    [33mdata-col-id[31m=[32m"customerPrice"[31m
                  [36m>[31m
                    [0m6500[0m
                  [36m</div>[31m
                  [36m<div[31m
                    [33mclass[31m=[32m"grid-cell"[31m
                    [33mcontenteditable[31m=[32m"true"[31m
                    [33mdata-col-id[31m=[32m"unitCost"[31m
                  [36m>[31m
                    [0m5000[0m
                  [36m</div>[31m
                  [36m<div[31m
                    [33mclass[31m=[32m"grid-cell"[31m
                    [33mcontenteditable[31m=[32m"true"[31m
                    [33mdata-col-id[31m=[32m"quantity"[31m
                  [36m>[31m
                    [0m1[0m
                  [36m</div>[31m
                  [36m<div[31m
                    [33mclass[31m=[32m"grid-cell"[31m
                    [33mcontenteditable[31m=[32m"true"[31m
                    [33mdata-col-id[31m=[32m"supplier"[31m
                  [36m>[31m
                    [0mCustom Builder[0m
                  [36m</div>[31m
                  [36m<div[31m
                    [33mclass[31m=[32m"grid-cell"[31m
                    [33mcontenteditable[31m=[32m"true"[31m
                    [33mdata-col-id[31m=[32m"manufacturerPn"[31m
                  [36m/>[31m
                  [36m<div[31m
                    [33mclass[31m=[32m"grid-cell"[31m
                    [33mcontenteditable[31m=[32m"true"[31m
                    [33mdata-col-id[31m=[32m"manufacturer"[31m
                  [36m>[31m
                    [0mCustom[0m
                  [36m</div>[31m
                  [36m<div[31m
                    [33mclass[31m=[32m"grid-cell"[31m
                    [33mcontenteditable[31m=[32m"true"[31m
                    [33mdata-col-id[31m=[32m"description"[31m
                  [36m>[31m
                    [0mControl Cabinet Assembly[0m
                  [36m</div>[31m
                  [36m<div[31m
                    [33mclass[31m=[32m"grid-cell"[31m
                    [33mcontenteditable[31m=[32m"true"[31m
                    [33mdata-col-id[31m=[32m"itemType"[31m
                  [36m>[31m
                    [0massembly[0m
                  [36m</div>[31m
                  [36m<div[31m
                    [33mclass[31m=[32m"grid-cell"[31m
                    [33mdata-col-id[31m=[32m"id"[31m
                  [36m>[31m
                    [0mitem-3[0m
                  [36m</div>[31m
                  [36m<div[31m
                    [33mclass[31m=[32m"grid-cell"[31m
                  [36m>[31m
                    [36m<button>[31m
                      [0mDelete[0m
                    [36m</button>[31m
                  [36m</div>[31m
                [36m</div>[31m
              [36m</div>[31m
            [36m</div>[31m
          [36m</div>[31m
          [36m<div[31m
            [33mclass[31m=[32m"border-t pt-4"[31m
          [36m>[31m
            [36m<div[31m
              [33mclass[31m=[32m"grid grid-cols-1 md:grid-cols-4 gap-4"[31m
            [36m>[31m
              [36m<div>[31m
                [36m<div[31m
                  [33mclass[31m=[32m"text-sm font-medium text-gray-600"[31m
                [36m>[31m
                  [0mTotal Cost[0m
                [36m</div>[31m
                [36m<div[31m
                  [33mclass[31m=[32m"text-2xl font-bold"[31m
                [36m>[31m
                  [0m$8,100.00[0m
                [36m</div>[31m
              [36m</div>[31m
              [36m<div>[31m
                [36m<div[31m
                  [33mclass[31m=[32m"text-sm font-medium text-gray-600"[31m
                [36m>[31m
                  [0mTotal Price[0m
                [36m</div>[31m
                [36m<div[31m
                  [33mclass[31m=[32m"text-2xl font-bold text-blue-600"[31m
                [36m>[31m
                  [0m$10,375.00[0m
                [36m</div>[31m
              [36m</div>[31m
              [36m<div>[31m
                [36m<div[31m
                  [33mclass[31m=[32m"text-sm font-medium text-gray-600"[31m
                [36m>[31m
                  [0mTotal Margin[0m
                [36m</div>[31m
                [36m<div[31m
                  [33mclass[31m=[32m"text-2xl font-bold text-green-600"[31m
                [36m>[31m
                  [0m$2,275.00[0m
                [36m</div>[31m
              [36m</div>[31m
              [36m<div>[31m
                [36m<div[31m
                  [33mclass[31m=[32m"text-sm font-medium text-gray-600"[31m
                [36m>[31m
                  [0mAverage Margin[0m
                [36m</div>[31m
                [36m<div[31m
                  [33mclass[31m=[32m"text-2xl font-bold text-green-600"[31m
                [36m>[31m
                  [0m26.7[0m
                  [0m%[0m
                [36m</div>[31m
              [36m</div>[31m
            [36m</div>[31m
          [36m</div>[31m
        [36m</div>[31m
      [36m</div>[31m
    [36m</div>[31m
  [36m</div>[31m
[36m</body>[31m[39m
[31m   [33mΓ¥»[31m src/components/shared/__tests__/BOMGrid.test.tsx[2m > [22mBOMGrid[2m > [22mAdd and Remove Items[2m > [22madds new item when add button is clicked[39m
[31m     ΓåÆ Unable to find an element with the text: Add Item. This could be because the text is broken up by multiple elements. In this case, you can provide a function for your text matcher to make your matcher more flexible.

Ignored nodes: comments, script, style
[36m<body>[31m
  [36m<div>[31m
    [36m<div[31m
      [33mclass[31m=[32m"rounded-lg border bg-card text-card-foreground shadow-sm w-full"[31m
    [36m>[31m
      [36m<div[31m
        [33mclass[31m=[32m"flex flex-col space-y-1.5 p-6"[31m
      [36m>[31m
        [36m<div[31m
          [33mclass[31m=[32m"flex justify-between items-center"[31m
        [36m>[31m
          [36m<h3[31m
            [33mclass[31m=[32m"font-semibold tracking-tight text-xl"[31m
          [36m>[31m
            [0mBill of Materials[0m
          [36m</h3>[31m
          [36m<div[31m
            [33mclass[31m=[32m"flex gap-2"[31m
          [36m>[31m
            [36m<button[31m
              [33mclass[31m=[32m"inline-flex items-center justify-center whitespace-nowrap text-sm font-medium ring-offset-background transition-colors focus-visible:outline-none focus-visible:ring-2 focus-visible:ring-ring focus-visible:ring-offset-2 disabled:pointer-events-none disabled:opacity-50 bg-primary text-primary-foreground hover:bg-primary/90 h-9 rounded-md px-3"[31m
            [36m>[31m
              [0mPlus[0m
              [0mAdd Item[0m
            [36m</button>[31m
            [36m<button[31m
              [33mclass[31m=[32m"inline-flex items-center justify-center whitespace-nowrap text-sm font-medium ring-offset-background transition-colors focus-visible:outline-none focus-visible:ring-2 focus-visible:ring-ring focus-visible:ring-offset-2 disabled:pointer-events-none disabled:opacity-50 border border-input bg-background hover:bg-accent hover:text-accent-foreground h-9 rounded-md px-3"[31m
            [36m>[31m
              [0mCalculator[0m
              [0mApply 25% Markup[0m
            [36m</button>[31m
          [36m</div>[31m
        [36m</div>[31m
      [36m</div>[31m
      [36m<div[31m
        [33mclass[31m=[32m"p-6 pt-0"[31m
      [36m>[31m
        [36m<div[31m
          [33mclass[31m=[32m"space-y-4"[31m
        [36m>[31m
          [36m<div[31m
            [33mclass[31m=[32m"ag-theme-alpine"[31m
            [33mstyle[31m=[32m"height: 400px; width: 100%; direction: rtl;"[31m
          [36m>[31m
            [36m<div[31m
              [33mclass[31m=[32m"ag-theme-alpine"[31m
              [33mdata-testid[31m=[32m"ag-grid"[31m
            [36m>[31m
              [36m<div[31m
                [33mclass[31m=[32m"grid-header"[31m
              [36m>[31m
                [36m<div[31m
                  [33mclass[31m=[32m"grid-header-cell"[31m
                  [33mdata-col-id[31m=[32m"actions"[31m
                [36m>[31m
                  [0mActions[0m
                [36m</div>[31m
                [36m<div[31m
                  [33mclass[31m=[32m"grid-header-cell"[31m
                  [33mdata-col-id[31m=[32m"totalPrice"[31m
                [36m>[31m
                  [0mTotal Price[0m
                [36m</div>[31m
                [36m<div[31m
                  [33mclass[31m=[32m"grid-header-cell"[31m
                  [33mdata-col-id[31m=[32m"totalCost"[31m
                [36m>[31m
                  [0mTotal Cost[0m
                [36m</div>[31m
                [36m<div[31m
                  [33mclass[31m=[32m"grid-header-cell"[31m
                  [33mdata-col-id[31m=[32m"margin"[31m
                [36m>[31m
                  [0mMargin %[0m
                [36m</div>[31m
                [36m<div[31m
                  [33mclass[31m=[32m"grid-header-cell"[31m
                  [33mdata-col-id[31m=[32m"customerPrice"[31m
                [36m>[31m
                  [0mCustomer Price[0m
                [36m</div>[31m
                [36m<div[31m
                  [33mclass[31m=[32m"grid-header-cell"[31m
                  [33mdata-col-id[31m=[32m"unitCost"[31m
                [36m>[31m
                  [0mUnit Cost[0m
                [36m</div>[31m
                [36m<div[31m
                  [33mclass[31m=[32m"grid-header-cell"[31m
                  [33mdata-col-id[31m=[32m"quantity"[31m
                [36m>[31m
                  [0mQty[0m
                [36m</div>[31m
                [36m<div[31m
                  [33mclass[31m=[32m"grid-header-cell"[31m
                  [33mdata-col-id[31m=[32m"supplier"[31m
                [36m>[31m
                  [0mSupplier[0m
                [36m</div>[31m
                [36m<div[31m
                  [33mclass[31m=[32m"grid-header-cell"[31m
                  [33mdata-col-id[31m=[32m"manufacturerPn"[31m
                [36m>[31m
                  [0mMFR P/N[0m
                [36m</div>[31m
                [36m<div[31m
                  [33mclass[31m=[32m"grid-header-cell"[31m
                  [33mdata-col-id[31m=[32m"manufacturer"[31m
                [36m>[31m
                  [0mManufacturer[0m
                [36m</div>[31m
                [36m<div[31m
                  [33mclass[31m=[32m"grid-header-cell"[31m
                  [33mdata-col-id[31m=[32m"description"[31m
                [36m>[31m
                  [0mDescription[0m
                [36m</div>[31m
                [36m<div[31m
                  [33mclass[31m=[32m"grid-header-cell"[31m
                  [33mdata-col-id[31m=[32m"itemType"[31m
                [36m>[31m
                  [0mType[0m
                [36m</div>[31m
                [36m<div[31m
                  [33mclass[31m=[32m"grid-header-cell"[31m
                  [33mdata-col-id[31m=[32m"id"[31m
                [36m/>[31m
              [36m</div>[31m
              [36m<div[31m
                [33mclass[31m=[32m"grid-body"[31m
              [36m>[31m
                [36m<div[31m
                  [33mclass[31m=[32m"grid-row"[31m
                  [33mdata-row-id[31m=[32m"item-1"[31m
                  [33mdata-row-index[31m=[32m"0"[31m
                [36m>[31m
                  [36m<div[31m
                    [33mclass[31m=[32m"grid-cell"[31m
                    [33mdata-col-id[31m=[32m"actions"[31m
                  [36m/>[31m
                  [36m<div[31m
                    [33mclass[31m=[32m"grid-cell"[31m
                    [33mcontenteditable[31m=[32m"false"[31m
                    [33mdata-col-id[31m=[32m"totalPrice"[31m
                  [36m>[31m
                    [0m3125.00[0m
                  [36m</div>[31m
                  [36m<div[31m
                    [33mclass[31m=[32m"grid-cell"[31m
                    [33mcontenteditable[31m=[32m"false"[31m
                    [33mdata-col-id[31m=[32m"totalCost"[31m
                  [36m>[31m
                    [0m2500.00[0m
                  [36m</div>[31m
                  [36m<div[31m
                    [33mclass[31m=[32m"grid-cell"[31m
                    [33mcontenteditable[31m=[32m"false"[31m
                    [33mdata-col-id[31m=[32m"margin"[31m
                  [36m>[31m
                    [0m25%[0m
                  [36m</div>[31m
                  [36m<div[31m
                    [33mclass[31m=[32m"grid-cell"[31m
                    [33mcontenteditable[31m=[32m"true"[31m
                    [33mdata-col-id[31m=[32m"customerPrice"[31m
                  [36m>[31m
                    [0m3125[0m
                  [36m</div>[31m
                  [36m<div[31m
                    [33mclass[31m=[32m"grid-cell"[31m
                    [33mcontenteditable[31m=[32m"true"[31m
                    [33mdata-col-id[31m=[32m"unitCost"[31m
                  [36m>[31m
                    [0m2500[0m
                  [36m</div>[31m
                  [36m<div[31m
                    [33mclass[31m=[32m"grid-cell"[31m
                    [33mcontenteditable[31m=[32m"true"[31m
                    [33mdata-col-id[31m=[32m"quantity"[31m
                  [36m>[31m
                    [0m1[0m
                  [36m</div>[31m
                  [36m<div[31m
                    [33mclass[31m=[32m"grid-cell"[31m
                    [33mcontenteditable[31m=[32m"true"[31m
                    [33mdata-col-id[31m=[32m"supplier"[31m
                  [36m>[31m
                    [0mAutomation Supplier[0m
                  [36m</div>[31m
                  [36m<div[31m
                    [33mclass[31m=[32m"grid-cell"[31m
                    [33mcontenteditable[31m=[32m"true"[31m
                    [33mdata-col-id[31m=[32m"manufacturerPn"[31m
                  [36m>[31m
                    [0m6ES7512-1DK01-0AB0[0m
                  [36m</div>[31m
                  [36m<div[31m
                    [33mclass[31m=[32m"grid-cell"[31m
                    [33mcontenteditable[31m=[32m"true"[31m
                    [33mdata-col-id[31m=[32m"manufacturer"[31m
                  [36m>[31m
                    [0mSiemens[0m
                  [36m</div>[31m
                  [36m<div[31m
                    [33mclass[31m=[32m"grid-cell"[31m
                    [33mcontenteditable[31m=[32m"true"[31m
                    [33mdata-col-id[31m=[32m"description"[31m
                  [36m>[31m
                    [0mSiemens S7-1500 PLC[0m
                  [36m</div>[31m
                  [36m<div[31m
                    [33mclass[31m=[32m"grid-cell"[31m
                    [33mcontenteditable[31m=[32m"true"[31m
                    [33mdata-col-id[31m=[32m"itemType"[31m
                  [36m>[31m
                    [0mcomponent[0m
                  [36m</div>[31m
                  [36m<div[31m
                    [33mclass[31m=[32m"grid-cell"[31m
                    [33mdata-col-id[31m=[32m"id"[31m
                  [36m>[31m
                    [0mitem-1[0m
                  [36m</div>[31m
                  [36m<div[31m
                    [33mclass[31m=[32m"grid-cell"[31m
                  [36m>[31m
                    [36m<button>[31m
                      [0mDelete[0m
                    [36m</button>[31m
                  [36m</div>[31m
                [36m</div>[31m
                [36m<div[31m
                  [33mclass[31m=[32m"grid-row"[31m
                  [33mdata-row-id[31m=[32m"item-2"[31m
                  [33mdata-row-index[31m=[32m"1"[31m
                [36m>[31m
                  [36m<div[31m
                    [33mclass[31m=[32m"grid-cell"[31m
                    [33mdata-col-id[31m=[32m"actions"[31m
                  [36m/>[31m
                  [36m<div[31m
                    [33mclass[31m=[32m"grid-cell"[31m
                    [33mcontenteditable[31m=[32m"false"[31m
                    [33mdata-col-id[31m=[32m"totalPrice"[31m
                  [36m>[31m
                    [0m750.00[0m
                  [36m</div>[31m
                  [36m<div[31m
                    [33mclass[31m=[32m"grid-cell"[31m
                    [33mcontenteditable[31m=[32m"false"[31m
                    [33mdata-col-id[31m=[32m"totalCost"[31m
                  [36m>[31m
                    [0m600.00[0m
                  [36m</div>[31m
                  [36m<div[31m
                    [33mclass[31m=[32m"grid-cell"[31m
                    [33mcontenteditable[31m=[32m"false"[31m
                    [33mdata-col-id[31m=[32m"margin"[31m
                  [36m>[31m
                    [0m25%[0m
                  [36m</div>[31m
                  [36m<div[31m
                    [33mclass[31m=[32m"grid-cell"[31m
                    [33mcontenteditable[31m=[32m"true"[31m
                    [33mdata-col-id[31m=[32m"customerPrice"[31m
                  [36m>[31m
                    [0m187.5[0m
                  [36m</div>[31m
                  [36m<div[31m
                    [33mclass[31m=[32m"grid-cell"[31m
                    [33mcontenteditable[31m=[32m"true"[31m
                    [33mdata-col-id[31m=[32m"unitCost"[31m
                  [36m>[31m
                    [0m150[0m
                  [36m</div>[31m
                  [36m<div[31m
                    [33mclass[31m=[32m"grid-cell"[31m
                    [33mcontenteditable[31m=[32m"true"[31m
                    [33mdata-col-id[31m=[32m"quantity"[31m
                  [36m>[31m
                    [0m4[0m
                  [36m</div>[31m
                  [36m<div[31m
                    [33mclass[31m=[32m"grid-cell"[31m
                    [33mcontenteditable[31m=[32m"true"[31m
                    [33mdata-col-id[31m=[32m"supplier"[31m
                  [36m>[31m
                    [0mSensor Supplier[0m
                  [36m</div>[31m
                  [36m<div[31m
                    [33mclass[31m=[32m"grid-cell"[31m
                    [33mcontenteditable[31m=[32m"true"[31m
                    [33mdata-col-id[31m=[32m"manufacturerPn"[31m
                  [36m>[31m
                    [0mQS18VN6D[0m
                  [36m</div>[31m
                  [36m<div[31m
                    [33mclass[31m=[32m"grid-cell"[31m
                    [33mcontenteditable[31m=[32m"true"[31m
                    [33mdata-col-id[31m=[32m"manufacturer"[31m
                  [36m>[31m
                    [0mBanner[0m
                  [36m</div>[31m
                  [36m<div[31m
                    [33mclass[31m=[32m"grid-cell"[31m
                    [33mcontenteditable[31m=[32m"true"[31m
                    [33mdata-col-id[31m=[32m"description"[31m
                  [36m>[31m
                    [0mBanner Photoelectric Sensor[0m
                  [36m</div>[31m
                  [36m<div[31m
                    [33mclass[31m=[32m"grid-cell"[31m
                    [33mcontenteditable[31m=[32m"true"[31m
                    [33mdata-col-id[31m=[32m"itemType"[31m
                  [36m>[31m
                    [0mcomponent[0m
                  [36m</div>[31m
                  [36m<div[31m
                    [33mclass[31m=[32m"grid-cell"[31m
                    [33mdata-col-id[31m=[32m"id"[31m
                  [36m>[31m
                    [0mitem-2[0m
                  [36m</div>[31m
                  [36m<div[31m
                    [33mclass[31m=[32m"grid-cell"[31m
                  [36m>[31m
                    [36m<button>[31m
                      [0mDelete[0m
                    [36m</button>[31m
                  [36m</div>[31m
                [36m</div>[31m
                [36m<div[31m
                  [33mclass[31m=[32m"grid-row"[31m
                  [33mdata-row-id[31m=[32m"item-3"[31m
                  [33mdata-row-index[31m=[32m"2"[31m
                [36m>[31m
                  [36m<div[31m
                    [33mclass[31m=[32m"grid-cell"[31m
                    [33mdata-col-id[31m=[32m"actions"[31m
                  [36m/>[31m
                  [36m<div[31m
                    [33mclass[31m=[32m"grid-cell"[31m
                    [33mcontenteditable[31m=[32m"false"[31m
                    [33mdata-col-id[31m=[32m"totalPrice"[31m
                  [36m>[31m
                    [0m6500.00[0m
                  [36m</div>[31m
                  [36m<div[31m
                    [33mclass[31m=[32m"grid-cell"[31m
                    [33mcontenteditable[31m=[32m"false"[31m
                    [33mdata-col-id[31m=[32m"totalCost"[31m
                  [36m>[31m
                    [0m5000.00[0m
                  [36m</div>[31m
                  [36m<div[31m
                    [33mclass[31m=[32m"grid-cell"[31m
                    [33mcontenteditable[31m=[32m"false"[31m
                    [33mdata-col-id[31m=[32m"margin"[31m
                  [36m>[31m
                    [0m30%[0m
                  [36m</div>[31m
                  [36m<div[31m
                    [33mclass[31m=[32m"grid-cell"[31m
                    [33mcontenteditable[31m=[32m"true"[31m
                    [33mdata-col-id[31m=[32m"customerPrice"[31m
                  [36m>[31m
                    [0m6500[0m
                  [36m</div>[31m
                  [36m<div[31m
                    [33mclass[31m=[32m"grid-cell"[31m
                    [33mcontenteditable[31m=[32m"true"[31m
                    [33mdata-col-id[31m=[32m"unitCost"[31m
                  [36m>[31m
                    [0m5000[0m
                  [36m</div>[31m
                  [36m<div[31m
                    [33mclass[31m=[32m"grid-cell"[31m
                    [33mcontenteditable[31m=[32m"true"[31m
                    [33mdata-col-id[31m=[32m"quantity"[31m
                  [36m>[31m
                    [0m1[0m
                  [36m</div>[31m
                  [36m<div[31m
                    [33mclass[31m=[32m"grid-cell"[31m
                    [33mcontenteditable[31m=[32m"true"[31m
                    [33mdata-col-id[31m=[32m"supplier"[31m
                  [36m>[31m
                    [0mCustom Builder[0m
                  [36m</div>[31m
                  [36m<div[31m
                    [33mclass[31m=[32m"grid-cell"[31m
                    [33mcontenteditable[31m=[32m"true"[31m
                    [33mdata-col-id[31m=[32m"manufacturerPn"[31m
                  [36m/>[31m
                  [36m<div[31m
                    [33mclass[31m=[32m"grid-cell"[31m
                    [33mcontenteditable[31m=[32m"true"[31m
                    [33mdata-col-id[31m=[32m"manufacturer"[31m
                  [36m>[31m
                    [0mCustom[0m
                  [36m</div>[31m
                  [36m<div[31m
                    [33mclass[31m=[32m"grid-cell"[31m
                    [33mcontenteditable[31m=[32m"true"[31m
                    [33mdata-col-id[31m=[32m"description"[31m
                  [36m>[31m
                    [0mControl Cabinet Assembly[0m
                  [36m</div>[31m
                  [36m<div[31m
                    [33mclass[31m=[32m"grid-cell"[31m
                    [33mcontenteditable[31m=[32m"true"[31m
                    [33mdata-col-id[31m=[32m"itemType"[31m
                  [36m>[31m
                    [0massembly[0m
                  [36m</div>[31m
                  [36m<div[31m
                    [33mclass[31m=[32m"grid-cell"[31m
                    [33mdata-col-id[31m=[32m"id"[31m
                  [36m>[31m
                    [0mitem-3[0m
                  [36m</div>[31m
                  [36m<div[31m
                    [33mclass[31m=[32m"grid-cell"[31m
                  [36m>[31m
                    [36m<button>[31m
                      [0mDelete[0m
                    [36m</button>[31m
                  [36m</div>[31m
                [36m</div>[31m
              [36m</div>[31m
            [36m</div>[31m
          [36m</div>[31m
          [36m<div[31m
            [33mclass[31m=[32m"border-t pt-4"[31m
          [36m>[31m
            [36m<div[31m
              [33mclass[31m=[32m"grid grid-cols-1 md:grid-cols-4 gap-4"[31m
            [36m>[31m
              [36m<div>[31m
                [36m<div[31m
                  [33mclass[31m=[32m"text-sm font-medium text-gray-600"[31m
                [36m>[31m
                  [0mTotal Cost[0m
                [36m</div>[31m
                [36m<div[31m
                  [33mclass[31m=[32m"text-2xl font-bold"[31m
                [36m>[31m
                  [0m$8,100.00[0m
                [36m</div>[31m
              [36m</div>[31m
              [36m<div>[31m
                [36m<div[31m
                  [33mclass[31m=[32m"text-sm font-medium text-gray-600"[31m
                [36m>[31m
                  [0mTotal Price[0m
                [36m</div>[31m
                [36m<div[31m
                  [33mclass[31m=[32m"text-2xl font-bold text-blue-600"[31m
                [36m>[31m
                  [0m$10,375.00[0m
                [36m</div>[31m
              [36m</div>[31m
              [36m<div>[31m
                [36m<div[31m
                  [33mclass[31m=[32m"text-sm font-medium text-gray-600"[31m
                [36m>[31m
                  [0mTotal Margin[0m
                [36m</div>[31m
                [36m<div[31m
                  [33mclass[31m=[32m"text-2xl font-bold text-green-600"[31m
                [36m>[31m
                  [0m$2,275.00[0m
                [36m</div>[31m
              [36m</div>[31m
              [36m<div>[31m
                [36m<div[31m
                  [33mclass[31m=[32m"text-sm font-medium text-gray-600"[31m
                [36m>[31m
                  [0mAverage Margin[0m
                [36m</div>[31m
                [36m<div[31m
                  [33mclass[31m=[32m"text-2xl font-bold text-green-600"[31m
                [36m>[31m
                  [0m26.7[0m
                  [0m%[0m
                [36m</div>[31m
              [36m</div>[31m
            [36m</div>[31m
          [36m</div>[31m
        [36m</div>[31m
      [36m</div>[31m
    [36m</div>[31m
  [36m</div>[31m
[36m</body>[31m[39m
[31m   [33mΓ¥»[31m src/components/shared/__tests__/BOMGrid.test.tsx[2m > [22mBOMGrid[2m > [22mAdd and Remove Items[2m > [22mremoves item when delete button is clicked[39m
[31m     ΓåÆ expected "spy" to be called at least once[39m
[31m   [33mΓ¥»[31m src/components/shared/__tests__/BOMGrid.test.tsx[2m > [22mBOMGrid[2m > [22mCurrency Formatting[2m > [22mformats currency values correctly[39m
[31m     ΓåÆ Unable to find an element with the text: /\$2,500\.00/. This could be because the text is broken up by multiple elements. In this case, you can provide a function for your text matcher to make your matcher more flexible.

Ignored nodes: comments, script, style
[36m<body>[31m
  [36m<div>[31m
    [36m<div[31m
      [33mclass[31m=[32m"rounded-lg border bg-card text-card-foreground shadow-sm w-full"[31m
    [36m>[31m
      [36m<div[31m
        [33mclass[31m=[32m"flex flex-col space-y-1.5 p-6"[31m
      [36m>[31m
        [36m<div[31m
          [33mclass[31m=[32m"flex justify-between items-center"[31m
        [36m>[31m
          [36m<h3[31m
            [33mclass[31m=[32m"font-semibold tracking-tight text-xl"[31m
          [36m>[31m
            [0mBill of Materials[0m
          [36m</h3>[31m
          [36m<div[31m
            [33mclass[31m=[32m"flex gap-2"[31m
          [36m>[31m
            [36m<button[31m
              [33mclass[31m=[32m"inline-flex items-center justify-center whitespace-nowrap text-sm font-medium ring-offset-background transition-colors focus-visible:outline-none focus-visible:ring-2 focus-visible:ring-ring focus-visible:ring-offset-2 disabled:pointer-events-none disabled:opacity-50 bg-primary text-primary-foreground hover:bg-primary/90 h-9 rounded-md px-3"[31m
            [36m>[31m
              [0mPlus[0m
              [0mAdd Item[0m
            [36m</button>[31m
            [36m<button[31m
              [33mclass[31m=[32m"inline-flex items-center justify-center whitespace-nowrap text-sm font-medium ring-offset-background transition-colors focus-visible:outline-none focus-visible:ring-2 focus-visible:ring-ring focus-visible:ring-offset-2 disabled:pointer-events-none disabled:opacity-50 border border-input bg-background hover:bg-accent hover:text-accent-foreground h-9 rounded-md px-3"[31m
            [36m>[31m
              [0mCalculator[0m
              [0mApply 25% Markup[0m
            [36m</button>[31m
          [36m</div>[31m
        [36m</div>[31m
      [36m</div>[31m
      [36m<div[31m
        [33mclass[31m=[32m"p-6 pt-0"[31m
      [36m>[31m
        [36m<div[31m
          [33mclass[31m=[32m"space-y-4"[31m
        [36m>[31m
          [36m<div[31m
            [33mclass[31m=[32m"ag-theme-alpine"[31m
            [33mstyle[31m=[32m"height: 400px; width: 100%; direction: rtl;"[31m
          [36m>[31m
            [36m<div[31m
              [33mclass[31m=[32m"ag-theme-alpine"[31m
              [33mdata-testid[31m=[32m"ag-grid"[31m
            [36m>[31m
              [36m<div[31m
                [33mclass[31m=[32m"grid-header"[31m
              [36m>[31m
                [36m<div[31m
                  [33mclass[31m=[32m"grid-header-cell"[31m
                  [33mdata-col-id[31m=[32m"actions"[31m
                [36m>[31m
                  [0mActions[0m
                [36m</div>[31m
                [36m<div[31m
                  [33mclass[31m=[32m"grid-header-cell"[31m
                  [33mdata-col-id[31m=[32m"totalPrice"[31m
                [36m>[31m
                  [0mTotal Price[0m
                [36m</div>[31m
                [36m<div[31m
                  [33mclass[31m=[32m"grid-header-cell"[31m
                  [33mdata-col-id[31m=[32m"totalCost"[31m
                [36m>[31m
                  [0mTotal Cost[0m
                [36m</div>[31m
                [36m<div[31m
                  [33mclass[31m=[32m"grid-header-cell"[31m
                  [33mdata-col-id[31m=[32m"margin"[31m
                [36m>[31m
                  [0mMargin %[0m
                [36m</div>[31m
                [36m<div[31m
                  [33mclass[31m=[32m"grid-header-cell"[31m
                  [33mdata-col-id[31m=[32m"customerPrice"[31m
                [36m>[31m
                  [0mCustomer Price[0m
                [36m</div>[31m
                [36m<div[31m
                  [33mclass[31m=[32m"grid-header-cell"[31m
                  [33mdata-col-id[31m=[32m"unitCost"[31m
                [36m>[31m
                  [0mUnit Cost[0m
                [36m</div>[31m
                [36m<div[31m
                  [33mclass[31m=[32m"grid-header-cell"[31m
                  [33mdata-col-id[31m=[32m"quantity"[31m
                [36m>[31m
                  [0mQty[0m
                [36m</div>[31m
                [36m<div[31m
                  [33mclass[31m=[32m"grid-header-cell"[31m
                  [33mdata-col-id[31m=[32m"supplier"[31m
                [36m>[31m
                  [0mSupplier[0m
                [36m</div>[31m
                [36m<div[31m
                  [33mclass[31m=[32m"grid-header-cell"[31m
                  [33mdata-col-id[31m=[32m"manufacturerPn"[31m
                [36m>[31m
                  [0mMFR P/N[0m
                [36m</div>[31m
                [36m<div[31m
                  [33mclass[31m=[32m"grid-header-cell"[31m
                  [33mdata-col-id[31m=[32m"manufacturer"[31m
                [36m>[31m
                  [0mManufacturer[0m
                [36m</div>[31m
                [36m<div[31m
                  [33mclass[31m=[32m"grid-header-cell"[31m
                  [33mdata-col-id[31m=[32m"description"[31m
                [36m>[31m
                  [0mDescription[0m
                [36m</div>[31m
                [36m<div[31m
                  [33mclass[31m=[32m"grid-header-cell"[31m
                  [33mdata-col-id[31m=[32m"itemType"[31m
                [36m>[31m
                  [0mType[0m
                [36m</div>[31m
                [36m<div[31m
                  [33mclass[31m=[32m"grid-header-cell"[31m
                  [33mdata-col-id[31m=[32m"id"[31m
                [36m/>[31m
              [36m</div>[31m
              [36m<div[31m
                [33mclass[31m=[32m"grid-body"[31m
              [36m>[31m
                [36m<div[31m
                  [33mclass[31m=[32m"grid-row"[31m
                  [33mdata-row-id[31m=[32m"item-1"[31m
                  [33mdata-row-index[31m=[32m"0"[31m
                [36m>[31m
                  [36m<div[31m
                    [33mclass[31m=[32m"grid-cell"[31m
                    [33mdata-col-id[31m=[32m"actions"[31m
                  [36m/>[31m
                  [36m<div[31m
                    [33mclass[31m=[32m"grid-cell"[31m
                    [33mcontenteditable[31m=[32m"false"[31m
                    [33mdata-col-id[31m=[32m"totalPrice"[31m
                  [36m>[31m
                    [0m3125.00[0m
                  [36m</div>[31m
                  [36m<div[31m
                    [33mclass[31m=[32m"grid-cell"[31m
                    [33mcontenteditable[31m=[32m"false"[31m
                    [33mdata-col-id[31m=[32m"totalCost"[31m
                  [36m>[31m
                    [0m2500.00[0m
                  [36m</div>[31m
                  [36m<div[31m
                    [33mclass[31m=[32m"grid-cell"[31m
                    [33mcontenteditable[31m=[32m"false"[31m
                    [33mdata-col-id[31m=[32m"margin"[31m
                  [36m>[31m
                    [0m25%[0m
                  [36m</div>[31m
                  [36m<div[31m
                    [33mclass[31m=[32m"grid-cell"[31m
                    [33mcontenteditable[31m=[32m"true"[31m
                    [33mdata-col-id[31m=[32m"customerPrice"[31m
                  [36m>[31m
                    [0m3125[0m
                  [36m</div>[31m
                  [36m<div[31m
                    [33mclass[31m=[32m"grid-cell"[31m
                    [33mcontenteditable[31m=[32m"true"[31m
                    [33mdata-col-id[31m=[32m"unitCost"[31m
                  [36m>[31m
                    [0m2500[0m
                  [36m</div>[31m
                  [36m<div[31m
                    [33mclass[31m=[32m"grid-cell"[31m
                    [33mcontenteditable[31m=[32m"true"[31m
                    [33mdata-col-id[31m=[32m"quantity"[31m
                  [36m>[31m
                    [0m1[0m
                  [36m</div>[31m
                  [36m<div[31m
                    [33mclass[31m=[32m"grid-cell"[31m
                    [33mcontenteditable[31m=[32m"true"[31m
                    [33mdata-col-id[31m=[32m"supplier"[31m
                  [36m>[31m
                    [0mAutomation Supplier[0m
                  [36m</div>[31m
                  [36m<div[31m
                    [33mclass[31m=[32m"grid-cell"[31m
                    [33mcontenteditable[31m=[32m"true"[31m
                    [33mdata-col-id[31m=[32m"manufacturerPn"[31m
                  [36m>[31m
                    [0m6ES7512-1DK01-0AB0[0m
                  [36m</div>[31m
                  [36m<div[31m
                    [33mclass[31m=[32m"grid-cell"[31m
                    [33mcontenteditable[31m=[32m"true"[31m
                    [33mdata-col-id[31m=[32m"manufacturer"[31m
                  [36m>[31m
                    [0mSiemens[0m
                  [36m</div>[31m
                  [36m<div[31m
                    [33mclass[31m=[32m"grid-cell"[31m
                    [33mcontenteditable[31m=[32m"true"[31m
                    [33mdata-col-id[31m=[32m"description"[31m
                  [36m>[31m
                    [0mSiemens S7-1500 PLC[0m
                  [36m</div>[31m
                  [36m<div[31m
                    [33mclass[31m=[32m"grid-cell"[31m
                    [33mcontenteditable[31m=[32m"true"[31m
                    [33mdata-col-id[31m=[32m"itemType"[31m
                  [36m>[31m
                    [0mcomponent[0m
                  [36m</div>[31m
                  [36m<div[31m
                    [33mclass[31m=[32m"grid-cell"[31m
                    [33mdata-col-id[31m=[32m"id"[31m
                  [36m>[31m
                    [0mitem-1[0m
                  [36m</div>[31m
                  [36m<div[31m
                    [33mclass[31m=[32m"grid-cell"[31m
                  [36m>[31m
                    [36m<button>[31m
                      [0mDelete[0m
                    [36m</button>[31m
                  [36m</div>[31m
                [36m</div>[31m
                [36m<div[31m
                  [33mclass[31m=[32m"grid-row"[31m
                  [33mdata-row-id[31m=[32m"item-2"[31m
                  [33mdata-row-index[31m=[32m"1"[31m
                [36m>[31m
                  [36m<div[31m
                    [33mclass[31m=[32m"grid-cell"[31m
                    [33mdata-col-id[31m=[32m"actions"[31m
                  [36m/>[31m
                  [36m<div[31m
                    [33mclass[31m=[32m"grid-cell"[31m
                    [33mcontenteditable[31m=[32m"false"[31m
                    [33mdata-col-id[31m=[32m"totalPrice"[31m
                  [36m>[31m
                    [0m750.00[0m
                  [36m</div>[31m
                  [36m<div[31m
                    [33mclass[31m=[32m"grid-cell"[31m
                    [33mcontenteditable[31m=[32m"false"[31m
                    [33mdata-col-id[31m=[32m"totalCost"[31m
                  [36m>[31m
                    [0m600.00[0m
                  [36m</div>[31m
                  [36m<div[31m
                    [33mclass[31m=[32m"grid-cell"[31m
                    [33mcontenteditable[31m=[32m"false"[31m
                    [33mdata-col-id[31m=[32m"margin"[31m
                  [36m>[31m
                    [0m25%[0m
                  [36m</div>[31m
                  [36m<div[31m
                    [33mclass[31m=[32m"grid-cell"[31m
                    [33mcontenteditable[31m=[32m"true"[31m
                    [33mdata-col-id[31m=[32m"customerPrice"[31m
                  [36m>[31m
                    [0m187.5[0m
                  [36m</div>[31m
                  [36m<div[31m
                    [33mclass[31m=[32m"grid-cell"[31m
                    [33mcontenteditable[31m=[32m"true"[31m
                    [33mdata-col-id[31m=[32m"unitCost"[31m
                  [36m>[31m
                    [0m150[0m
                  [36m</div>[31m
                  [36m<div[31m
                    [33mclass[31m=[32m"grid-cell"[31m
                    [33mcontenteditable[31m=[32m"true"[31m
                    [33mdata-col-id[31m=[32m"quantity"[31m
                  [36m>[31m
                    [0m4[0m
                  [36m</div>[31m
                  [36m<div[31m
                    [33mclass[31m=[32m"grid-cell"[31m
                    [33mcontenteditable[31m=[32m"true"[31m
                    [33mdata-col-id[31m=[32m"supplier"[31m
                  [36m>[31m
                    [0mSensor Supplier[0m
                  [36m</div>[31m
                  [36m<div[31m
                    [33mclass[31m=[32m"grid-cell"[31m
                    [33mcontenteditable[31m=[32m"true"[31m
                    [33mdata-col-id[31m=[32m"manufacturerPn"[31m
                  [36m>[31m
                    [0mQS18VN6D[0m
                  [36m</div>[31m
                  [36m<div[31m
                    [33mclass[31m=[32m"grid-cell"[31m
                    [33mcontenteditable[31m=[32m"true"[31m
                    [33mdata-col-id[31m=[32m"manufacturer"[31m
                  [36m>[31m
                    [0mBanner[0m
                  [36m</div>[31m
                  [36m<div[31m
                    [33mclass[31m=[32m"grid-cell"[31m
                    [33mcontenteditable[31m=[32m"true"[31m
                    [33mdata-col-id[31m=[32m"description"[31m
                  [36m>[31m
                    [0mBanner Photoelectric Sensor[0m
                  [36m</div>[31m
                  [36m<div[31m
                    [33mclass[31m=[32m"grid-cell"[31m
                    [33mcontenteditable[31m=[32m"true"[31m
                    [33mdata-col-id[31m=[32m"itemType"[31m
                  [36m>[31m
                    [0mcomponent[0m
                  [36m</div>[31m
                  [36m<div[31m
                    [33mclass[31m=[32m"grid-cell"[31m
                    [33mdata-col-id[31m=[32m"id"[31m
                  [36m>[31m
                    [0mitem-2[0m
                  [36m</div>[31m
                  [36m<div[31m
                    [33mclass[31m=[32m"grid-cell"[31m
                  [36m>[31m
                    [36m<button>[31m
                      [0mDelete[0m
                    [36m</button>[31m
                  [36m</div>[31m
                [36m</div>[31m
                [36m<div[31m
                  [33mclass[31m=[32m"grid-row"[31m
                  [33mdata-row-id[31m=[32m"item-3"[31m
                  [33mdata-row-index[31m=[32m"2"[31m
                [36m>[31m
                  [36m<div[31m
                    [33mclass[31m=[32m"grid-cell"[31m
                    [33mdata-col-id[31m=[32m"actions"[31m
                  [36m/>[31m
                  [36m<div[31m
                    [33mclass[31m=[32m"grid-cell"[31m
                    [33mcontenteditable[31m=[32m"false"[31m
                    [33mdata-col-id[31m=[32m"totalPrice"[31m
                  [36m>[31m
                    [0m6500.00[0m
                  [36m</div>[31m
                  [36m<div[31m
                    [33mclass[31m=[32m"grid-cell"[31m
                    [33mcontenteditable[31m=[32m"false"[31m
                    [33mdata-col-id[31m=[32m"totalCost"[31m
                  [36m>[31m
                    [0m5000.00[0m
                  [36m</div>[31m
                  [36m<div[31m
                    [33mclass[31m=[32m"grid-cell"[31m
                    [33mcontenteditable[31m=[32m"false"[31m
                    [33mdata-col-id[31m=[32m"margin"[31m
                  [36m>[31m
                    [0m30%[0m
                  [36m</div>[31m
                  [36m<div[31m
                    [33mclass[31m=[32m"grid-cell"[31m
                    [33mcontenteditable[31m=[32m"true"[31m
                    [33mdata-col-id[31m=[32m"customerPrice"[31m
                  [36m>[31m
                    [0m6500[0m
                  [36m</div>[31m
                  [36m<div[31m
                    [33mclass[31m=[32m"grid-cell"[31m
                    [33mcontenteditable[31m=[32m"true"[31m
                    [33mdata-col-id[31m=[32m"unitCost"[31m
                  [36m>[31m
                    [0m5000[0m
                  [36m</div>[31m
                  [36m<div[31m
                    [33mclass[31m=[32m"grid-cell"[31m
                    [33mcontenteditable[31m=[32m"true"[31m
                    [33mdata-col-id[31m=[32m"quantity"[31m
                  [36m>[31m
                    [0m1[0m
                  [36m</div>[31m
                  [36m<div[31m
                    [33mclass[31m=[32m"grid-cell"[31m
                    [33mcontenteditable[31m=[32m"true"[31m
                    [33mdata-col-id[31m=[32m"supplier"[31m
                  [36m>[31m
                    [0mCustom Builder[0m
                  [36m</div>[31m
                  [36m<div[31m
                    [33mclass[31m=[32m"grid-cell"[31m
                    [33mcontenteditable[31m=[32m"true"[31m
                    [33mdata-col-id[31m=[32m"manufacturerPn"[31m
                  [36m/>[31m
                  [36m<div[31m
                    [33mclass[31m=[32m"grid-cell"[31m
                    [33mcontenteditable[31m=[32m"true"[31m
                    [33mdata-col-id[31m=[32m"manufacturer"[31m
                  [36m>[31m
                    [0mCustom[0m
                  [36m</div>[31m
                  [36m<div[31m
                    [33mclass[31m=[32m"grid-cell"[31m
                    [33mcontenteditable[31m=[32m"true"[31m
                    [33mdata-col-id[31m=[32m"description"[31m
                  [36m>[31m
                    [0mControl Cabinet Assembly[0m
                  [36m</div>[31m
                  [36m<div[31m
                    [33mclass[31m=[32m"grid-cell"[31m
                    [33mcontenteditable[31m=[32m"true"[31m
                    [33mdata-col-id[31m=[32m"itemType"[31m
                  [36m>[31m
                    [0massembly[0m
                  [36m</div>[31m
                  [36m<div[31m
                    [33mclass[31m=[32m"grid-cell"[31m
                    [33mdata-col-id[31m=[32m"id"[31m
                  [36m>[31m
                    [0mitem-3[0m
                  [36m</div>[31m
                  [36m<div[31m
                    [33mclass[31m=[32m"grid-cell"[31m
                  [36m>[31m
                    [36m<button>[31m
                      [0mDelete[0m
                    [36m</button>[31m
                  [36m</div>[31m
                [36m</div>[31m
              [36m</div>[31m
            [36m</div>[31m
          [36m</div>[31m
          [36m<div[31m
            [33mclass[31m=[32m"border-t pt-4"[31m
          [36m>[31m
            [36m<div[31m
              [33mclass[31m=[32m"grid grid-cols-1 md:grid-cols-4 gap-4"[31m
            [36m>[31m
              [36m<div>[31m
                [36m<div[31m
                  [33mclass[31m=[32m"text-sm font-medium text-gray-600"[31m
                [36m>[31m
                  [0mTotal Cost[0m
                [36m</div>[31m
                [36m<div[31m
                  [33mclass[31m=[32m"text-2xl font-bold"[31m
                [36m>[31m
                  [0m$8,100.00[0m
                [36m</div>[31m
              [36m</div>[31m
              [36m<div>[31m
                [36m<div[31m
                  [33mclass[31m=[32m"text-sm font-medium text-gray-600"[31m
                [36m>[31m
                  [0mTotal Price[0m
                [36m</div>[31m
                [36m<div[31m
                  [33mclass[31m=[32m"text-2xl font-bold text-blue-600"[31m
                [36m>[31m
                  [0m$10,375.00[0m
                [36m</div>[31m
              [36m</div>[31m
              [36m<div>[31m
                [36m<div[31m
                  [33mclass[31m=[32m"text-sm font-medium text-gray-600"[31m
                [36m>[31m
                  [0mTotal Margin[0m
                [36m</div>[31m
                [36m<div[31m
                  [33mclass[31m=[32m"text-2xl font-bold text-green-600"[31m
                [36m>[31m
                  [0m$2,275.00[0m
                [36m</div>[31m
              [36m</div>[31m
              [36m<div>[31m
                [36m<div[31m
                  [33mclass[31m=[32m"text-sm font-medium text-gray-600"[31m
                [36m>[31m
                  [0mAverage Margin[0m
                [36m</div>[31m
                [36m<div[31m
                  [33mclass[31m=[32m"text-2xl font-bold text-green-600"[31m
                [36m>[31m
                  [0m26.7[0m
                  [0m%[0m
                [36m</div>[31m
              [36m</div>[31m
            [36m</div>[31m
          [36m</div>[31m
        [36m</div>[31m
      [36m</div>[31m
    [36m</div>[31m
  [36m</div>[31m
[36m</body>[31m[39m
[31m   [33mΓ¥»[31m src/components/shared/__tests__/BOMGrid.test.tsx[2m > [22mBOMGrid[2m > [22mMargin Calculations[2m > [22mcalculates margin percentages correctly[39m
[31m     ΓåÆ Unable to find an element with the text: 25.0%. This could be because the text is broken up by multiple elements. In this case, you can provide a function for your text matcher to make your matcher more flexible.

Ignored nodes: comments, script, style
[36m<body>[31m
  [36m<div>[31m
    [36m<div[31m
      [33mclass[31m=[32m"rounded-lg border bg-card text-card-foreground shadow-sm w-full"[31m
    [36m>[31m
      [36m<div[31m
        [33mclass[31m=[32m"flex flex-col space-y-1.5 p-6"[31m
      [36m>[31m
        [36m<div[31m
          [33mclass[31m=[32m"flex justify-between items-center"[31m
        [36m>[31m
          [36m<h3[31m
            [33mclass[31m=[32m"font-semibold tracking-tight text-xl"[31m
          [36m>[31m
            [0mBill of Materials[0m
          [36m</h3>[31m
          [36m<div[31m
            [33mclass[31m=[32m"flex gap-2"[31m
          [36m>[31m
            [36m<button[31m
              [33mclass[31m=[32m"inline-flex items-center justify-center whitespace-nowrap text-sm font-medium ring-offset-background transition-colors focus-visible:outline-none focus-visible:ring-2 focus-visible:ring-ring focus-visible:ring-offset-2 disabled:pointer-events-none disabled:opacity-50 bg-primary text-primary-foreground hover:bg-primary/90 h-9 rounded-md px-3"[31m
            [36m>[31m
              [0mPlus[0m
              [0mAdd Item[0m
            [36m</button>[31m
            [36m<button[31m
              [33mclass[31m=[32m"inline-flex items-center justify-center whitespace-nowrap text-sm font-medium ring-offset-background transition-colors focus-visible:outline-none focus-visible:ring-2 focus-visible:ring-ring focus-visible:ring-offset-2 disabled:pointer-events-none disabled:opacity-50 border border-input bg-background hover:bg-accent hover:text-accent-foreground h-9 rounded-md px-3"[31m
            [36m>[31m
              [0mCalculator[0m
              [0mApply 25% Markup[0m
            [36m</button>[31m
          [36m</div>[31m
        [36m</div>[31m
      [36m</div>[31m
      [36m<div[31m
        [33mclass[31m=[32m"p-6 pt-0"[31m
      [36m>[31m
        [36m<div[31m
          [33mclass[31m=[32m"space-y-4"[31m
        [36m>[31m
          [36m<div[31m
            [33mclass[31m=[32m"ag-theme-alpine"[31m
            [33mstyle[31m=[32m"height: 400px; width: 100%; direction: rtl;"[31m
          [36m>[31m
            [36m<div[31m
              [33mclass[31m=[32m"ag-theme-alpine"[31m
              [33mdata-testid[31m=[32m"ag-grid"[31m
            [36m>[31m
              [36m<div[31m
                [33mclass[31m=[32m"grid-header"[31m
              [36m>[31m
                [36m<div[31m
                  [33mclass[31m=[32m"grid-header-cell"[31m
                  [33mdata-col-id[31m=[32m"actions"[31m
                [36m>[31m
                  [0mActions[0m
                [36m</div>[31m
                [36m<div[31m
                  [33mclass[31m=[32m"grid-header-cell"[31m
                  [33mdata-col-id[31m=[32m"totalPrice"[31m
                [36m>[31m
                  [0mTotal Price[0m
                [36m</div>[31m
                [36m<div[31m
                  [33mclass[31m=[32m"grid-header-cell"[31m
                  [33mdata-col-id[31m=[32m"totalCost"[31m
                [36m>[31m
                  [0mTotal Cost[0m
                [36m</div>[31m
                [36m<div[31m
                  [33mclass[31m=[32m"grid-header-cell"[31m
                  [33mdata-col-id[31m=[32m"margin"[31m
                [36m>[31m
                  [0mMargin %[0m
                [36m</div>[31m
                [36m<div[31m
                  [33mclass[31m=[32m"grid-header-cell"[31m
                  [33mdata-col-id[31m=[32m"customerPrice"[31m
                [36m>[31m
                  [0mCustomer Price[0m
                [36m</div>[31m
                [36m<div[31m
                  [33mclass[31m=[32m"grid-header-cell"[31m
                  [33mdata-col-id[31m=[32m"unitCost"[31m
                [36m>[31m
                  [0mUnit Cost[0m
                [36m</div>[31m
                [36m<div[31m
                  [33mclass[31m=[32m"grid-header-cell"[31m
                  [33mdata-col-id[31m=[32m"quantity"[31m
                [36m>[31m
                  [0mQty[0m
                [36m</div>[31m
                [36m<div[31m
                  [33mclass[31m=[32m"grid-header-cell"[31m
                  [33mdata-col-id[31m=[32m"supplier"[31m
                [36m>[31m
                  [0mSupplier[0m
                [36m</div>[31m
                [36m<div[31m
                  [33mclass[31m=[32m"grid-header-cell"[31m
                  [33mdata-col-id[31m=[32m"manufacturerPn"[31m
                [36m>[31m
                  [0mMFR P/N[0m
                [36m</div>[31m
                [36m<div[31m
                  [33mclass[31m=[32m"grid-header-cell"[31m
                  [33mdata-col-id[31m=[32m"manufacturer"[31m
                [36m>[31m
                  [0mManufacturer[0m
                [36m</div>[31m
                [36m<div[31m
                  [33mclass[31m=[32m"grid-header-cell"[31m
                  [33mdata-col-id[31m=[32m"description"[31m
                [36m>[31m
                  [0mDescription[0m
                [36m</div>[31m
                [36m<div[31m
                  [33mclass[31m=[32m"grid-header-cell"[31m
                  [33mdata-col-id[31m=[32m"itemType"[31m
                [36m>[31m
                  [0mType[0m
                [36m</div>[31m
                [36m<div[31m
                  [33mclass[31m=[32m"grid-header-cell"[31m
                  [33mdata-col-id[31m=[32m"id"[31m
                [36m/>[31m
              [36m</div>[31m
              [36m<div[31m
                [33mclass[31m=[32m"grid-body"[31m
              [36m>[31m
                [36m<div[31m
                  [33mclass[31m=[32m"grid-row"[31m
                  [33mdata-row-id[31m=[32m"item-1"[31m
                  [33mdata-row-index[31m=[32m"0"[31m
                [36m>[31m
                  [36m<div[31m
                    [33mclass[31m=[32m"grid-cell"[31m
                    [33mdata-col-id[31m=[32m"actions"[31m
                  [36m/>[31m
                  [36m<div[31m
                    [33mclass[31m=[32m"grid-cell"[31m
                    [33mcontenteditable[31m=[32m"false"[31m
                    [33mdata-col-id[31m=[32m"totalPrice"[31m
                  [36m>[31m
                    [0m3125.00[0m
                  [36m</div>[31m
                  [36m<div[31m
                    [33mclass[31m=[32m"grid-cell"[31m
                    [33mcontenteditable[31m=[32m"false"[31m
                    [33mdata-col-id[31m=[32m"totalCost"[31m
                  [36m>[31m
                    [0m2500.00[0m
                  [36m</div>[31m
                  [36m<div[31m
                    [33mclass[31m=[32m"grid-cell"[31m
                    [33mcontenteditable[31m=[32m"false"[31m
                    [33mdata-col-id[31m=[32m"margin"[31m
                  [36m>[31m
                    [0m25%[0m
                  [36m</div>[31m
                  [36m<div[31m
                    [33mclass[31m=[32m"grid-cell"[31m
                    [33mcontenteditable[31m=[32m"true"[31m
                    [33mdata-col-id[31m=[32m"customerPrice"[31m
                  [36m>[31m
                    [0m3125[0m
                  [36m</div>[31m
                  [36m<div[31m
                    [33mclass[31m=[32m"grid-cell"[31m
                    [33mcontenteditable[31m=[32m"true"[31m
                    [33mdata-col-id[31m=[32m"unitCost"[31m
                  [36m>[31m
                    [0m2500[0m
                  [36m</div>[31m
                  [36m<div[31m
                    [33mclass[31m=[32m"grid-cell"[31m
                    [33mcontenteditable[31m=[32m"true"[31m
                    [33mdata-col-id[31m=[32m"quantity"[31m
                  [36m>[31m
                    [0m1[0m
                  [36m</div>[31m
                  [36m<div[31m
                    [33mclass[31m=[32m"grid-cell"[31m
                    [33mcontenteditable[31m=[32m"true"[31m
                    [33mdata-col-id[31m=[32m"supplier"[31m
                  [36m>[31m
                    [0mAutomation Supplier[0m
                  [36m</div>[31m
                  [36m<div[31m
                    [33mclass[31m=[32m"grid-cell"[31m
                    [33mcontenteditable[31m=[32m"true"[31m
                    [33mdata-col-id[31m=[32m"manufacturerPn"[31m
                  [36m>[31m
                    [0m6ES7512-1DK01-0AB0[0m
                  [36m</div>[31m
                  [36m<div[31m
                    [33mclass[31m=[32m"grid-cell"[31m
                    [33mcontenteditable[31m=[32m"true"[31m
                    [33mdata-col-id[31m=[32m"manufacturer"[31m
                  [36m>[31m
                    [0mSiemens[0m
                  [36m</div>[31m
                  [36m<div[31m
                    [33mclass[31m=[32m"grid-cell"[31m
                    [33mcontenteditable[31m=[32m"true"[31m
                    [33mdata-col-id[31m=[32m"description"[31m
                  [36m>[31m
                    [0mSiemens S7-1500 PLC[0m
                  [36m</div>[31m
                  [36m<div[31m
                    [33mclass[31m=[32m"grid-cell"[31m
                    [33mcontenteditable[31m=[32m"true"[31m
                    [33mdata-col-id[31m=[32m"itemType"[31m
                  [36m>[31m
                    [0mcomponent[0m
                  [36m</div>[31m
                  [36m<div[31m
                    [33mclass[31m=[32m"grid-cell"[31m
                    [33mdata-col-id[31m=[32m"id"[31m
                  [36m>[31m
                    [0mitem-1[0m
                  [36m</div>[31m
                  [36m<div[31m
                    [33mclass[31m=[32m"grid-cell"[31m
                  [36m>[31m
                    [36m<button>[31m
                      [0mDelete[0m
                    [36m</button>[31m
                  [36m</div>[31m
                [36m</div>[31m
                [36m<div[31m
                  [33mclass[31m=[32m"grid-row"[31m
                  [33mdata-row-id[31m=[32m"item-2"[31m
                  [33mdata-row-index[31m=[32m"1"[31m
                [36m>[31m
                  [36m<div[31m
                    [33mclass[31m=[32m"grid-cell"[31m
                    [33mdata-col-id[31m=[32m"actions"[31m
                  [36m/>[31m
                  [36m<div[31m
                    [33mclass[31m=[32m"grid-cell"[31m
                    [33mcontenteditable[31m=[32m"false"[31m
                    [33mdata-col-id[31m=[32m"totalPrice"[31m
                  [36m>[31m
                    [0m750.00[0m
                  [36m</div>[31m
                  [36m<div[31m
                    [33mclass[31m=[32m"grid-cell"[31m
                    [33mcontenteditable[31m=[32m"false"[31m
                    [33mdata-col-id[31m=[32m"totalCost"[31m
                  [36m>[31m
                    [0m600.00[0m
                  [36m</div>[31m
                  [36m<div[31m
                    [33mclass[31m=[32m"grid-cell"[31m
                    [33mcontenteditable[31m=[32m"false"[31m
                    [33mdata-col-id[31m=[32m"margin"[31m
                  [36m>[31m
                    [0m25%[0m
                  [36m</div>[31m
                  [36m<div[31m
                    [33mclass[31m=[32m"grid-cell"[31m
                    [33mcontenteditable[31m=[32m"true"[31m
                    [33mdata-col-id[31m=[32m"customerPrice"[31m
                  [36m>[31m
                    [0m187.5[0m
                  [36m</div>[31m
                  [36m<div[31m
                    [33mclass[31m=[32m"grid-cell"[31m
                    [33mcontenteditable[31m=[32m"true"[31m
                    [33mdata-col-id[31m=[32m"unitCost"[31m
                  [36m>[31m
                    [0m150[0m
                  [36m</div>[31m
                  [36m<div[31m
                    [33mclass[31m=[32m"grid-cell"[31m
                    [33mcontenteditable[31m=[32m"true"[31m
                    [33mdata-col-id[31m=[32m"quantity"[31m
                  [36m>[31m
                    [0m4[0m
                  [36m</div>[31m
                  [36m<div[31m
                    [33mclass[31m=[32m"grid-cell"[31m
                    [33mcontenteditable[31m=[32m"true"[31m
                    [33mdata-col-id[31m=[32m"supplier"[31m
                  [36m>[31m
                    [0mSensor Supplier[0m
                  [36m</div>[31m
                  [36m<div[31m
                    [33mclass[31m=[32m"grid-cell"[31m
                    [33mcontenteditable[31m=[32m"true"[31m
                    [33mdata-col-id[31m=[32m"manufacturerPn"[31m
                  [36m>[31m
                    [0mQS18VN6D[0m
                  [36m</div>[31m
                  [36m<div[31m
                    [33mclass[31m=[32m"grid-cell"[31m
                    [33mcontenteditable[31m=[32m"true"[31m
                    [33mdata-col-id[31m=[32m"manufacturer"[31m
                  [36m>[31m
                    [0mBanner[0m
                  [36m</div>[31m
                  [36m<div[31m
                    [33mclass[31m=[32m"grid-cell"[31m
                    [33mcontenteditable[31m=[32m"true"[31m
                    [33mdata-col-id[31m=[32m"description"[31m
                  [36m>[31m
                    [0mBanner Photoelectric Sensor[0m
                  [36m</div>[31m
                  [36m<div[31m
                    [33mclass[31m=[32m"grid-cell"[31m
                    [33mcontenteditable[31m=[32m"true"[31m
                    [33mdata-col-id[31m=[32m"itemType"[31m
                  [36m>[31m
                    [0mcomponent[0m
                  [36m</div>[31m
                  [36m<div[31m
                    [33mclass[31m=[32m"grid-cell"[31m
                    [33mdata-col-id[31m=[32m"id"[31m
                  [36m>[31m
                    [0mitem-2[0m
                  [36m</div>[31m
                  [36m<div[31m
                    [33mclass[31m=[32m"grid-cell"[31m
                  [36m>[31m
                    [36m<button>[31m
                      [0mDelete[0m
                    [36m</button>[31m
                  [36m</div>[31m
                [36m</div>[31m
                [36m<div[31m
                  [33mclass[31m=[32m"grid-row"[31m
                  [33mdata-row-id[31m=[32m"item-3"[31m
                  [33mdata-row-index[31m=[32m"2"[31m
                [36m>[31m
                  [36m<div[31m
                    [33mclass[31m=[32m"grid-cell"[31m
                    [33mdata-col-id[31m=[32m"actions"[31m
                  [36m/>[31m
                  [36m<div[31m
                    [33mclass[31m=[32m"grid-cell"[31m
                    [33mcontenteditable[31m=[32m"false"[31m
                    [33mdata-col-id[31m=[32m"totalPrice"[31m
                  [36m>[31m
                    [0m6500.00[0m
                  [36m</div>[31m
                  [36m<div[31m
                    [33mclass[31m=[32m"grid-cell"[31m
                    [33mcontenteditable[31m=[32m"false"[31m
                    [33mdata-col-id[31m=[32m"totalCost"[31m
                  [36m>[31m
                    [0m5000.00[0m
                  [36m</div>[31m
                  [36m<div[31m
                    [33mclass[31m=[32m"grid-cell"[31m
                    [33mcontenteditable[31m=[32m"false"[31m
                    [33mdata-col-id[31m=[32m"margin"[31m
                  [36m>[31m
                    [0m30%[0m
                  [36m</div>[31m
                  [36m<div[31m
                    [33mclass[31m=[32m"grid-cell"[31m
                    [33mcontenteditable[31m=[32m"true"[31m
                    [33mdata-col-id[31m=[32m"customerPrice"[31m
                  [36m>[31m
                    [0m6500[0m
                  [36m</div>[31m
                  [36m<div[31m
                    [33mclass[31m=[32m"grid-cell"[31m
                    [33mcontenteditable[31m=[32m"true"[31m
                    [33mdata-col-id[31m=[32m"unitCost"[31m
                  [36m>[31m
                    [0m5000[0m
                  [36m</div>[31m
                  [36m<div[31m
                    [33mclass[31m=[32m"grid-cell"[31m
                    [33mcontenteditable[31m=[32m"true"[31m
                    [33mdata-col-id[31m=[32m"quantity"[31m
                  [36m>[31m
                    [0m1[0m
                  [36m</div>[31m
                  [36m<div[31m
                    [33mclass[31m=[32m"grid-cell"[31m
                    [33mcontenteditable[31m=[32m"true"[31m
                    [33mdata-col-id[31m=[32m"supplier"[31m
                  [36m>[31m
                    [0mCustom Builder[0m
                  [36m</div>[31m
                  [36m<div[31m
                    [33mclass[31m=[32m"grid-cell"[31m
                    [33mcontenteditable[31m=[32m"true"[31m
                    [33mdata-col-id[31m=[32m"manufacturerPn"[31m
                  [36m/>[31m
                  [36m<div[31m
                    [33mclass[31m=[32m"grid-cell"[31m
                    [33mcontenteditable[31m=[32m"true"[31m
                    [33mdata-col-id[31m=[32m"manufacturer"[31m
                  [36m>[31m
                    [0mCustom[0m
                  [36m</div>[31m
                  [36m<div[31m
                    [33mclass[31m=[32m"grid-cell"[31m
                    [33mcontenteditable[31m=[32m"true"[31m
                    [33mdata-col-id[31m=[32m"description"[31m
                  [36m>[31m
                    [0mControl Cabinet Assembly[0m
                  [36m</div>[31m
                  [36m<div[31m
                    [33mclass[31m=[32m"grid-cell"[31m
                    [33mcontenteditable[31m=[32m"true"[31m
                    [33mdata-col-id[31m=[32m"itemType"[31m
                  [36m>[31m
                    [0massembly[0m
                  [36m</div>[31m
                  [36m<div[31m
                    [33mclass[31m=[32m"grid-cell"[31m
                    [33mdata-col-id[31m=[32m"id"[31m
                  [36m>[31m
                    [0mitem-3[0m
                  [36m</div>[31m
                  [36m<div[31m
                    [33mclass[31m=[32m"grid-cell"[31m
                  [36m>[31m
                    [36m<button>[31m
                      [0mDelete[0m
                    [36m</button>[31m
                  [36m</div>[31m
                [36m</div>[31m
              [36m</div>[31m
            [36m</div>[31m
          [36m</div>[31m
          [36m<div[31m
            [33mclass[31m=[32m"border-t pt-4"[31m
          [36m>[31m
            [36m<div[31m
              [33mclass[31m=[32m"grid grid-cols-1 md:grid-cols-4 gap-4"[31m
            [36m>[31m
              [36m<div>[31m
                [36m<div[31m
                  [33mclass[31m=[32m"text-sm font-medium text-gray-600"[31m
                [36m>[31m
                  [0mTotal Cost[0m
                [36m</div>[31m
                [36m<div[31m
                  [33mclass[31m=[32m"text-2xl font-bold"[31m
                [36m>[31m
                  [0m$8,100.00[0m
                [36m</div>[31m
              [36m</div>[31m
              [36m<div>[31m
                [36m<div[31m
                  [33mclass[31m=[32m"text-sm font-medium text-gray-600"[31m
                [36m>[31m
                  [0mTotal Price[0m
                [36m</div>[31m
                [36m<div[31m
                  [33mclass[31m=[32m"text-2xl font-bold text-blue-600"[31m
                [36m>[31m
                  [0m$10,375.00[0m
                [36m</div>[31m
              [36m</div>[31m
              [36m<div>[31m
                [36m<div[31m
                  [33mclass[31m=[32m"text-sm font-medium text-gray-600"[31m
                [36m>[31m
                  [0mTotal Margin[0m
                [36m</div>[31m
                [36m<div[31m
                  [33mclass[31m=[32m"text-2xl font-bold text-green-600"[31m
                [36m>[31m
                  [0m$2,275.00[0m
                [36m</div>[31m
              [36m</div>[31m
              [36m<div>[31m
                [36m<div[31m
                  [33mclass[31m=[32m"text-sm font-medium text-gray-600"[31m
                [36m>[31m
                  [0mAverage Margin[0m
                [36m</div>[31m
                [36m<div[31m
                  [33mclass[31m=[32m"text-2xl font-bold text-green-600"[31m
                [36m>[31m
                  [0m26.7[0m
                  [0m%[0m
                [36m</div>[31m
              [36m</div>[31m
            [36m</div>[31m
          [36m</div>[31m
        [36m</div>[31m
      [36m</div>[31m
    [36m</div>[31m
  [36m</div>[31m
[36m</body>[31m[39m
[31m   [33mΓ¥»[31m src/components/shared/__tests__/BOMGrid.test.tsx[2m > [22mBOMGrid[2m > [22mMargin Calculations[2m > [22mshows margin color coding based on value[39m
[31m     ΓåÆ Unable to find an element with the text: 25.0%. This could be because the text is broken up by multiple elements. In this case, you can provide a function for your text matcher to make your matcher more flexible.

Ignored nodes: comments, script, style
[36m<body>[31m
  [36m<div>[31m
    [36m<div[31m
      [33mclass[31m=[32m"rounded-lg border bg-card text-card-foreground shadow-sm w-full"[31m
    [36m>[31m
      [36m<div[31m
        [33mclass[31m=[32m"flex flex-col space-y-1.5 p-6"[31m
      [36m>[31m
        [36m<div[31m
          [33mclass[31m=[32m"flex justify-between items-center"[31m
        [36m>[31m
          [36m<h3[31m
            [33mclass[31m=[32m"font-semibold tracking-tight text-xl"[31m
          [36m>[31m
            [0mBill of Materials[0m
          [36m</h3>[31m
          [36m<div[31m
            [33mclass[31m=[32m"flex gap-2"[31m
          [36m>[31m
            [36m<button[31m
              [33mclass[31m=[32m"inline-flex items-center justify-center whitespace-nowrap text-sm font-medium ring-offset-background transition-colors focus-visible:outline-none focus-visible:ring-2 focus-visible:ring-ring focus-visible:ring-offset-2 disabled:pointer-events-none disabled:opacity-50 bg-primary text-primary-foreground hover:bg-primary/90 h-9 rounded-md px-3"[31m
            [36m>[31m
              [0mPlus[0m
              [0mAdd Item[0m
            [36m</button>[31m
            [36m<button[31m
              [33mclass[31m=[32m"inline-flex items-center justify-center whitespace-nowrap text-sm font-medium ring-offset-background transition-colors focus-visible:outline-none focus-visible:ring-2 focus-visible:ring-ring focus-visible:ring-offset-2 disabled:pointer-events-none disabled:opacity-50 border border-input bg-background hover:bg-accent hover:text-accent-foreground h-9 rounded-md px-3"[31m
            [36m>[31m
              [0mCalculator[0m
              [0mApply 25% Markup[0m
            [36m</button>[31m
          [36m</div>[31m
        [36m</div>[31m
      [36m</div>[31m
      [36m<div[31m
        [33mclass[31m=[32m"p-6 pt-0"[31m
      [36m>[31m
        [36m<div[31m
          [33mclass[31m=[32m"space-y-4"[31m
        [36m>[31m
          [36m<div[31m
            [33mclass[31m=[32m"ag-theme-alpine"[31m
            [33mstyle[31m=[32m"height: 400px; width: 100%; direction: rtl;"[31m
          [36m>[31m
            [36m<div[31m
              [33mclass[31m=[32m"ag-theme-alpine"[31m
              [33mdata-testid[31m=[32m"ag-grid"[31m
            [36m>[31m
              [36m<div[31m
                [33mclass[31m=[32m"grid-header"[31m
              [36m>[31m
                [36m<div[31m
                  [33mclass[31m=[32m"grid-header-cell"[31m
                  [33mdata-col-id[31m=[32m"actions"[31m
                [36m>[31m
                  [0mActions[0m
                [36m</div>[31m
                [36m<div[31m
                  [33mclass[31m=[32m"grid-header-cell"[31m
                  [33mdata-col-id[31m=[32m"totalPrice"[31m
                [36m>[31m
                  [0mTotal Price[0m
                [36m</div>[31m
                [36m<div[31m
                  [33mclass[31m=[32m"grid-header-cell"[31m
                  [33mdata-col-id[31m=[32m"totalCost"[31m
                [36m>[31m
                  [0mTotal Cost[0m
                [36m</div>[31m
                [36m<div[31m
                  [33mclass[31m=[32m"grid-header-cell"[31m
                  [33mdata-col-id[31m=[32m"margin"[31m
                [36m>[31m
                  [0mMargin %[0m
                [36m</div>[31m
                [36m<div[31m
                  [33mclass[31m=[32m"grid-header-cell"[31m
                  [33mdata-col-id[31m=[32m"customerPrice"[31m
                [36m>[31m
                  [0mCustomer Price[0m
                [36m</div>[31m
                [36m<div[31m
                  [33mclass[31m=[32m"grid-header-cell"[31m
                  [33mdata-col-id[31m=[32m"unitCost"[31m
                [36m>[31m
                  [0mUnit Cost[0m
                [36m</div>[31m
                [36m<div[31m
                  [33mclass[31m=[32m"grid-header-cell"[31m
                  [33mdata-col-id[31m=[32m"quantity"[31m
                [36m>[31m
                  [0mQty[0m
                [36m</div>[31m
                [36m<div[31m
                  [33mclass[31m=[32m"grid-header-cell"[31m
                  [33mdata-col-id[31m=[32m"supplier"[31m
                [36m>[31m
                  [0mSupplier[0m
                [36m</div>[31m
                [36m<div[31m
                  [33mclass[31m=[32m"grid-header-cell"[31m
                  [33mdata-col-id[31m=[32m"manufacturerPn"[31m
                [36m>[31m
                  [0mMFR P/N[0m
                [36m</div>[31m
                [36m<div[31m
                  [33mclass[31m=[32m"grid-header-cell"[31m
                  [33mdata-col-id[31m=[32m"manufacturer"[31m
                [36m>[31m
                  [0mManufacturer[0m
                [36m</div>[31m
                [36m<div[31m
                  [33mclass[31m=[32m"grid-header-cell"[31m
                  [33mdata-col-id[31m=[32m"description"[31m
                [36m>[31m
                  [0mDescription[0m
                [36m</div>[31m
                [36m<div[31m
                  [33mclass[31m=[32m"grid-header-cell"[31m
                  [33mdata-col-id[31m=[32m"itemType"[31m
                [36m>[31m
                  [0mType[0m
                [36m</div>[31m
                [36m<div[31m
                  [33mclass[31m=[32m"grid-header-cell"[31m
                  [33mdata-col-id[31m=[32m"id"[31m
                [36m/>[31m
              [36m</div>[31m
              [36m<div[31m
                [33mclass[31m=[32m"grid-body"[31m
              [36m>[31m
                [36m<div[31m
                  [33mclass[31m=[32m"grid-row"[31m
                  [33mdata-row-id[31m=[32m"item-1"[31m
                  [33mdata-row-index[31m=[32m"0"[31m
                [36m>[31m
                  [36m<div[31m
                    [33mclass[31m=[32m"grid-cell"[31m
                    [33mdata-col-id[31m=[32m"actions"[31m
                  [36m/>[31m
                  [36m<div[31m
                    [33mclass[31m=[32m"grid-cell"[31m
                    [33mcontenteditable[31m=[32m"false"[31m
                    [33mdata-col-id[31m=[32m"totalPrice"[31m
                  [36m>[31m
                    [0m3125.00[0m
                  [36m</div>[31m
                  [36m<div[31m
                    [33mclass[31m=[32m"grid-cell"[31m
                    [33mcontenteditable[31m=[32m"false"[31m
                    [33mdata-col-id[31m=[32m"totalCost"[31m
                  [36m>[31m
                    [0m2500.00[0m
                  [36m</div>[31m
                  [36m<div[31m
                    [33mclass[31m=[32m"grid-cell"[31m
                    [33mcontenteditable[31m=[32m"false"[31m
                    [33mdata-col-id[31m=[32m"margin"[31m
                  [36m>[31m
                    [0m25%[0m
                  [36m</div>[31m
                  [36m<div[31m
                    [33mclass[31m=[32m"grid-cell"[31m
                    [33mcontenteditable[31m=[32m"true"[31m
                    [33mdata-col-id[31m=[32m"customerPrice"[31m
                  [36m>[31m
                    [0m3125[0m
                  [36m</div>[31m
                  [36m<div[31m
                    [33mclass[31m=[32m"grid-cell"[31m
                    [33mcontenteditable[31m=[32m"true"[31m
                    [33mdata-col-id[31m=[32m"unitCost"[31m
                  [36m>[31m
                    [0m2500[0m
                  [36m</div>[31m
                  [36m<div[31m
                    [33mclass[31m=[32m"grid-cell"[31m
                    [33mcontenteditable[31m=[32m"true"[31m
                    [33mdata-col-id[31m=[32m"quantity"[31m
                  [36m>[31m
                    [0m1[0m
                  [36m</div>[31m
                  [36m<div[31m
                    [33mclass[31m=[32m"grid-cell"[31m
                    [33mcontenteditable[31m=[32m"true"[31m
                    [33mdata-col-id[31m=[32m"supplier"[31m
                  [36m>[31m
                    [0mAutomation Supplier[0m
                  [36m</div>[31m
                  [36m<div[31m
                    [33mclass[31m=[32m"grid-cell"[31m
                    [33mcontenteditable[31m=[32m"true"[31m
                    [33mdata-col-id[31m=[32m"manufacturerPn"[31m
                  [36m>[31m
                    [0m6ES7512-1DK01-0AB0[0m
                  [36m</div>[31m
                  [36m<div[31m
                    [33mclass[31m=[32m"grid-cell"[31m
                    [33mcontenteditable[31m=[32m"true"[31m
                    [33mdata-col-id[31m=[32m"manufacturer"[31m
                  [36m>[31m
                    [0mSiemens[0m
                  [36m</div>[31m
                  [36m<div[31m
                    [33mclass[31m=[32m"grid-cell"[31m
                    [33mcontenteditable[31m=[32m"true"[31m
                    [33mdata-col-id[31m=[32m"description"[31m
                  [36m>[31m
                    [0mSiemens S7-1500 PLC[0m
                  [36m</div>[31m
                  [36m<div[31m
                    [33mclass[31m=[32m"grid-cell"[31m
                    [33mcontenteditable[31m=[32m"true"[31m
                    [33mdata-col-id[31m=[32m"itemType"[31m
                  [36m>[31m
                    [0mcomponent[0m
                  [36m</div>[31m
                  [36m<div[31m
                    [33mclass[31m=[32m"grid-cell"[31m
                    [33mdata-col-id[31m=[32m"id"[31m
                  [36m>[31m
                    [0mitem-1[0m
                  [36m</div>[31m
                  [36m<div[31m
                    [33mclass[31m=[32m"grid-cell"[31m
                  [36m>[31m
                    [36m<button>[31m
                      [0mDelete[0m
                    [36m</button>[31m
                  [36m</div>[31m
                [36m</div>[31m
                [36m<div[31m
                  [33mclass[31m=[32m"grid-row"[31m
                  [33mdata-row-id[31m=[32m"item-2"[31m
                  [33mdata-row-index[31m=[32m"1"[31m
                [36m>[31m
                  [36m<div[31m
                    [33mclass[31m=[32m"grid-cell"[31m
                    [33mdata-col-id[31m=[32m"actions"[31m
                  [36m/>[31m
                  [36m<div[31m
                    [33mclass[31m=[32m"grid-cell"[31m
                    [33mcontenteditable[31m=[32m"false"[31m
                    [33mdata-col-id[31m=[32m"totalPrice"[31m
                  [36m>[31m
                    [0m750.00[0m
                  [36m</div>[31m
                  [36m<div[31m
                    [33mclass[31m=[32m"grid-cell"[31m
                    [33mcontenteditable[31m=[32m"false"[31m
                    [33mdata-col-id[31m=[32m"totalCost"[31m
                  [36m>[31m
                    [0m600.00[0m
                  [36m</div>[31m
                  [36m<div[31m
                    [33mclass[31m=[32m"grid-cell"[31m
                    [33mcontenteditable[31m=[32m"false"[31m
                    [33mdata-col-id[31m=[32m"margin"[31m
                  [36m>[31m
                    [0m25%[0m
                  [36m</div>[31m
                  [36m<div[31m
                    [33mclass[31m=[32m"grid-cell"[31m
                    [33mcontenteditable[31m=[32m"true"[31m
                    [33mdata-col-id[31m=[32m"customerPrice"[31m
                  [36m>[31m
                    [0m187.5[0m
                  [36m</div>[31m
                  [36m<div[31m
                    [33mclass[31m=[32m"grid-cell"[31m
                    [33mcontenteditable[31m=[32m"true"[31m
                    [33mdata-col-id[31m=[32m"unitCost"[31m
                  [36m>[31m
                    [0m150[0m
                  [36m</div>[31m
                  [36m<div[31m
                    [33mclass[31m=[32m"grid-cell"[31m
                    [33mcontenteditable[31m=[32m"true"[31m
                    [33mdata-col-id[31m=[32m"quantity"[31m
                  [36m>[31m
                    [0m4[0m
                  [36m</div>[31m
                  [36m<div[31m
                    [33mclass[31m=[32m"grid-cell"[31m
                    [33mcontenteditable[31m=[32m"true"[31m
                    [33mdata-col-id[31m=[32m"supplier"[31m
                  [36m>[31m
                    [0mSensor Supplier[0m
                  [36m</div>[31m
                  [36m<div[31m
                    [33mclass[31m=[32m"grid-cell"[31m
                    [33mcontenteditable[31m=[32m"true"[31m
                    [33mdata-col-id[31m=[32m"manufacturerPn"[31m
                  [36m>[31m
                    [0mQS18VN6D[0m
                  [36m</div>[31m
                  [36m<div[31m
                    [33mclass[31m=[32m"grid-cell"[31m
                    [33mcontenteditable[31m=[32m"true"[31m
                    [33mdata-col-id[31m=[32m"manufacturer"[31m
                  [36m>[31m
                    [0mBanner[0m
                  [36m</div>[31m
                  [36m<div[31m
                    [33mclass[31m=[32m"grid-cell"[31m
                    [33mcontenteditable[31m=[32m"true"[31m
                    [33mdata-col-id[31m=[32m"description"[31m
                  [36m>[31m
                    [0mBanner Photoelectric Sensor[0m
                  [36m</div>[31m
                  [36m<div[31m
                    [33mclass[31m=[32m"grid-cell"[31m
                    [33mcontenteditable[31m=[32m"true"[31m
                    [33mdata-col-id[31m=[32m"itemType"[31m
                  [36m>[31m
                    [0mcomponent[0m
                  [36m</div>[31m
                  [36m<div[31m
                    [33mclass[31m=[32m"grid-cell"[31m
                    [33mdata-col-id[31m=[32m"id"[31m
                  [36m>[31m
                    [0mitem-2[0m
                  [36m</div>[31m
                  [36m<div[31m
                    [33mclass[31m=[32m"grid-cell"[31m
                  [36m>[31m
                    [36m<button>[31m
                      [0mDelete[0m
                    [36m</button>[31m
                  [36m</div>[31m
                [36m</div>[31m
                [36m<div[31m
                  [33mclass[31m=[32m"grid-row"[31m
                  [33mdata-row-id[31m=[32m"item-3"[31m
                  [33mdata-row-index[31m=[32m"2"[31m
                [36m>[31m
                  [36m<div[31m
                    [33mclass[31m=[32m"grid-cell"[31m
                    [33mdata-col-id[31m=[32m"actions"[31m
                  [36m/>[31m
                  [36m<div[31m
                    [33mclass[31m=[32m"grid-cell"[31m
                    [33mcontenteditable[31m=[32m"false"[31m
                    [33mdata-col-id[31m=[32m"totalPrice"[31m
                  [36m>[31m
                    [0m6500.00[0m
                  [36m</div>[31m
                  [36m<div[31m
                    [33mclass[31m=[32m"grid-cell"[31m
                    [33mcontenteditable[31m=[32m"false"[31m
                    [33mdata-col-id[31m=[32m"totalCost"[31m
                  [36m>[31m
                    [0m5000.00[0m
                  [36m</div>[31m
                  [36m<div[31m
                    [33mclass[31m=[32m"grid-cell"[31m
                    [33mcontenteditable[31m=[32m"false"[31m
                    [33mdata-col-id[31m=[32m"margin"[31m
                  [36m>[31m
                    [0m30%[0m
                  [36m</div>[31m
                  [36m<div[31m
                    [33mclass[31m=[32m"grid-cell"[31m
                    [33mcontenteditable[31m=[32m"true"[31m
                    [33mdata-col-id[31m=[32m"customerPrice"[31m
                  [36m>[31m
                    [0m6500[0m
                  [36m</div>[31m
                  [36m<div[31m
                    [33mclass[31m=[32m"grid-cell"[31m
                    [33mcontenteditable[31m=[32m"true"[31m
                    [33mdata-col-id[31m=[32m"unitCost"[31m
                  [36m>[31m
                    [0m5000[0m
                  [36m</div>[31m
                  [36m<div[31m
                    [33mclass[31m=[32m"grid-cell"[31m
                    [33mcontenteditable[31m=[32m"true"[31m
                    [33mdata-col-id[31m=[32m"quantity"[31m
                  [36m>[31m
                    [0m1[0m
                  [36m</div>[31m
                  [36m<div[31m
                    [33mclass[31m=[32m"grid-cell"[31m
                    [33mcontenteditable[31m=[32m"true"[31m
                    [33mdata-col-id[31m=[32m"supplier"[31m
                  [36m>[31m
                    [0mCustom Builder[0m
                  [36m</div>[31m
                  [36m<div[31m
                    [33mclass[31m=[32m"grid-cell"[31m
                    [33mcontenteditable[31m=[32m"true"[31m
                    [33mdata-col-id[31m=[32m"manufacturerPn"[31m
                  [36m/>[31m
                  [36m<div[31m
                    [33mclass[31m=[32m"grid-cell"[31m
                    [33mcontenteditable[31m=[32m"true"[31m
                    [33mdata-col-id[31m=[32m"manufacturer"[31m
                  [36m>[31m
                    [0mCustom[0m
                  [36m</div>[31m
                  [36m<div[31m
                    [33mclass[31m=[32m"grid-cell"[31m
                    [33mcontenteditable[31m=[32m"true"[31m
                    [33mdata-col-id[31m=[32m"description"[31m
                  [36m>[31m
                    [0mControl Cabinet Assembly[0m
                  [36m</div>[31m
                  [36m<div[31m
                    [33mclass[31m=[32m"grid-cell"[31m
                    [33mcontenteditable[31m=[32m"true"[31m
                    [33mdata-col-id[31m=[32m"itemType"[31m
                  [36m>[31m
                    [0massembly[0m
                  [36m</div>[31m
                  [36m<div[31m
                    [33mclass[31m=[32m"grid-cell"[31m
                    [33mdata-col-id[31m=[32m"id"[31m
                  [36m>[31m
                    [0mitem-3[0m
                  [36m</div>[31m
                  [36m<div[31m
                    [33mclass[31m=[32m"grid-cell"[31m
                  [36m>[31m
                    [36m<button>[31m
                      [0mDelete[0m
                    [36m</button>[31m
                  [36m</div>[31m
                [36m</div>[31m
              [36m</div>[31m
            [36m</div>[31m
          [36m</div>[31m
          [36m<div[31m
            [33mclass[31m=[32m"border-t pt-4"[31m
          [36m>[31m
            [36m<div[31m
              [33mclass[31m=[32m"grid grid-cols-1 md:grid-cols-4 gap-4"[31m
            [36m>[31m
              [36m<div>[31m
                [36m<div[31m
                  [33mclass[31m=[32m"text-sm font-medium text-gray-600"[31m
                [36m>[31m
                  [0mTotal Cost[0m
                [36m</div>[31m
                [36m<div[31m
                  [33mclass[31m=[32m"text-2xl font-bold"[31m
                [36m>[31m
                  [0m$8,100.00[0m
                [36m</div>[31m
              [36m</div>[31m
              [36m<div>[31m
                [36m<div[31m
                  [33mclass[31m=[32m"text-sm font-medium text-gray-600"[31m
                [36m>[31m
                  [0mTotal Price[0m
                [36m</div>[31m
                [36m<div[31m
                  [33mclass[31m=[32m"text-2xl font-bold text-blue-600"[31m
                [36m>[31m
                  [0m$10,375.00[0m
                [36m</div>[31m
              [36m</div>[31m
              [36m<div>[31m
                [36m<div[31m
                  [33mclass[31m=[32m"text-sm font-medium text-gray-600"[31m
                [36m>[31m
                  [0mTotal Margin[0m
                [36m</div>[31m
                [36m<div[31m
                  [33mclass[31m=[32m"text-2xl font-bold text-green-600"[31m
                [36m>[31m
                  [0m$2,275.00[0m
                [36m</div>[31m
              [36m</div>[31m
              [36m<div>[31m
                [36m<div[31m
                  [33mclass[31m=[32m"text-sm font-medium text-gray-600"[31m
                [36m>[31m
                  [0mAverage Margin[0m
                [36m</div>[31m
                [36m<div[31m
                  [33mclass[31m=[32m"text-2xl font-bold text-green-600"[31m
                [36m>[31m
                  [0m26.7[0m
                  [0m%[0m
                [36m</div>[31m
              [36m</div>[31m
            [36m</div>[31m
          [36m</div>[31m
        [36m</div>[31m
      [36m</div>[31m
    [36m</div>[31m
  [36m</div>[31m
[36m</body>[31m[39m
[31m   [33mΓ¥»[31m src/components/shared/__tests__/BOMGrid.test.tsx[2m > [22mBOMGrid[2m > [22mPerformance with Large Datasets[2m > [22mhandles large BOM lists efficiently[39m
[31m     ΓåÆ expected 381.7397999999994 to be less than 100[39m
[90mstderr[2m | src/components/shared/__tests__/BO
MGrid.test.tsx[2m > [22m[2mBOMGrid[2m > 
[22m[2mCurrency Formatting[2m > [22m[2mformats 
currency values correctly[22m[39m
Warning: A component is `contentEditable` and 
contains `children` managed by React. It is now 
your responsibility to guarantee that none of those 
nodes are unexpectedly modified or duplicated. This 
is probably not intentional.
    at div
    at div
    at div
    at div
    at spy (file:///C:/Users/Eli/Desktop/Claude%20Co
de/CPQ-System/node_modules/tinyspy/dist/index.js:42:
80)
    at div
    at div
    at div
    at C:\Users\Eli\Desktop\Claude 
Code\CPQ-System\src\components\ui\card.tsx:81:57
    at div
    at C:\Users\Eli\Desktop\Claude 
Code\CPQ-System\src\components\ui\card.tsx:7:50
    at BOMGrid (C:\Users\Eli\Desktop\Claude Code\CPQ
-System\src\components\shared\BOMGrid.tsx:22:3)
Warning: A component is `contentEditable` and 
contains `children` managed by React. It is now 
your responsibility to guarantee that none of those 
nodes are unexpectedly modified or duplicated. This 
is probably not intentional.
    at div
    at div
    at div
    at div
    at spy (file:///C:/Users/Eli/Desktop/Claude%20Co
de/CPQ-System/node_modules/tinyspy/dist/index.js:42:
80)
    at div
    at div
    at div
    at C:\Users\Eli\Desktop\Claude 
Code\CPQ-System\src\components\ui\card.tsx:81:57
    at div
    at C:\Users\Eli\Desktop\Claude 
Code\CPQ-System\src\components\ui\card.tsx:7:50
    at BOMGrid (C:\Users\Eli\Desktop\Claude Code\CPQ
-System\src\components\shared\BOMGrid.tsx:22:3)
Warning: A component is `contentEditable` and 
contains `children` managed by React. It is now 
your responsibility to guarantee that none of those 
nodes are unexpectedly modified or duplicated. This 
is probably not intentional.
    at div
    at div
    at div
    at div
    at spy (file:///C:/Users/Eli/Desktop/Claude%20Co
de/CPQ-System/node_modules/tinyspy/dist/index.js:42:
80)
    at div
    at div
    at div
    at C:\Users\Eli\Desktop\Claude 
Code\CPQ-System\src\components\ui\card.tsx:81:57
    at div
    at C:\Users\Eli\Desktop\Claude 
Code\CPQ-System\src\components\ui\card.tsx:7:50
    at BOMGrid (C:\Users\Eli\Desktop\Claude Code\CPQ
-System\src\components\shared\BOMGrid.tsx:22:3)
Warning: A component is `contentEditable` and 
contains `children` managed by React. It is now 
your responsibility to guarantee that none of those 
nodes are unexpectedly modified or duplicated. This 
is probably not intentional.
    at div
    at div
    at div
    at div
    at spy (file:///C:/Users/Eli/Desktop/Claude%20Co
de/CPQ-System/node_modules/tinyspy/dist/index.js:42:
80)
    at div
    at div
    at div
    at C:\Users\Eli\Desktop\Claude 
Code\CPQ-System\src\components\ui\card.tsx:81:57
    at div
    at C:\Users\Eli\Desktop\Claude 
Code\CPQ-System\src\components\ui\card.tsx:7:50
    at BOMGrid (C:\Users\Eli\Desktop\Claude Code\CPQ
-System\src\components\shared\BOMGrid.tsx:22:3)
Warning: A component is `contentEditable` and 
contains `children` managed by React. It is now 
your responsibility to guarantee that none of those 
nodes are unexpectedly modified or duplicated. This 
is probably not intentional.
    at div
    at div
    at div
    at div
    at spy (file:///C:/Users/Eli/Desktop/Claude%20Co
de/CPQ-System/node_modules/tinyspy/dist/index.js:42:
80)
    at div
    at div
    at div
    at C:\Users\Eli\Desktop\Claude 
Code\CPQ-System\src\components\ui\card.tsx:81:57
    at div
    at C:\Users\Eli\Desktop\Claude 
Code\CPQ-System\src\components\ui\card.tsx:7:50
    at BOMGrid (C:\Users\Eli\Desktop\Claude Code\CPQ
-System\src\components\shared\BOMGrid.tsx:22:3)
Warning: A component is `contentEditable` and 
contains `children` managed by React. It is now 
your responsibility to guarantee that none of those 
nodes are unexpectedly modified or duplicated. This 
is probably not intentional.
    at div
    at div
    at div
    at div
    at spy (file:///C:/Users/Eli/Desktop/Claude%20Co
de/CPQ-System/node_modules/tinyspy/dist/index.js:42:
80)
    at div
    at div
    at div
    at C:\Users\Eli\Desktop\Claude 
Code\CPQ-System\src\components\ui\card.tsx:81:57
    at div
    at C:\Users\Eli\Desktop\Claude 
Code\CPQ-System\src\components\ui\card.tsx:7:50
    at BOMGrid (C:\Users\Eli\Desktop\Claude Code\CPQ
-System\src\components\shared\BOMGrid.tsx:22:3)
Warning: A component is `contentEditable` and 
contains `children` managed by React. It is now 
your responsibility to guarantee that none of those 
nodes are unexpectedly modified or duplicated. This 
is probably not intentional.
    at div
    at div
    at div
    at div
    at spy (file:///C:/Users/Eli/Desktop/Claude%20Co
de/CPQ-System/node_modules/tinyspy/dist/index.js:42:
80)
    at div
    at div
    at div
    at C:\Users\Eli\Desktop\Claude 
Code\CPQ-System\src\components\ui\card.tsx:81:57
    at div
    at C:\Users\Eli\Desktop\Claude 
Code\CPQ-System\src\components\ui\card.tsx:7:50
    at BOMGrid (C:\Users\Eli\Desktop\Claude Code\CPQ
-System\src\components\shared\BOMGrid.tsx:22:3)
Warning: A component is `contentEditable` and 
contains `children` managed by React. It is now 
your responsibility to guarantee that none of those 
nodes are unexpectedly modified or duplicated. This 
is probably not intentional.
    at div
    at div
    at div
    at div
    at spy (file:///C:/Users/Eli/Desktop/Claude%20Co
de/CPQ-System/node_modules/tinyspy/dist/index.js:42:
80)
    at div
    at div
    at div
    at C:\Users\Eli\Desktop\Claude 
Code\CPQ-System\src\components\ui\card.tsx:81:57
    at div
    at C:\Users\Eli\Desktop\Claude 
Code\CPQ-System\src\components\ui\card.tsx:7:50
    at BOMGrid (C:\Users\Eli\Desktop\Claude Code\CPQ
-System\src\components\shared\BOMGrid.tsx:22:3)
Warning: A component is `contentEditable` and 
contains `children` managed by React. It is now 
your responsibility to guarantee that none of those 
nodes are unexpectedly modified or duplicated. This 
is probably not intentional.
    at div
    at div
    at div
    at div
    at spy (file:///C:/Users/Eli/Desktop/Claude%20Co
de/CPQ-System/node_modules/tinyspy/dist/index.js:42:
80)
    at div
    at div
    at div
    at C:\Users\Eli\Desktop\Claude 
Code\CPQ-System\src\components\ui\card.tsx:81:57
    at div
    at C:\Users\Eli\Desktop\Claude 
Code\CPQ-System\src\components\ui\card.tsx:7:50
    at BOMGrid (C:\Users\Eli\Desktop\Claude Code\CPQ
-System\src\components\shared\BOMGrid.tsx:22:3)
Warning: A component is `contentEditable` and 
contains `children` managed by React. It is now 
your responsibility to guarantee that none of those 
nodes are unexpectedly modified or duplicated. This 
is probably not intentional.
    at div
    at div
    at div
    at div
    at spy (file:///C:/Users/Eli/Desktop/Claude%20Co
de/CPQ-System/node_modules/tinyspy/dist/index.js:42:
80)
    at div
    at div
    at div
    at C:\Users\Eli\Desktop\Claude 
Code\CPQ-System\src\components\ui\card.tsx:81:57
    at div
    at C:\Users\Eli\Desktop\Claude 
Code\CPQ-System\src\components\ui\card.tsx:7:50
    at BOMGrid (C:\Users\Eli\Desktop\Claude Code\CPQ
-System\src\components\shared\BOMGrid.tsx:22:3)
Warning: A component is `contentEditable` and 
contains `children` managed by React. It is now 
your responsibility to guarantee that none of those 
nodes are unexpectedly modified or duplicated. This 
is probably not intentional.
    at div
    at div
    at div
    at div
    at spy (file:///C:/Users/Eli/Desktop/Claude%20Co
de/CPQ-System/node_modules/tinyspy/dist/index.js:42:
80)
    at div
    at div
    at div
    at C:\Users\Eli\Desktop\Claude 
Code\CPQ-System\src\components\ui\card.tsx:81:57
    at div
    at C:\Users\Eli\Desktop\Claude 
Code\CPQ-System\src\components\ui\card.tsx:7:50
    at BOMGrid (C:\Users\Eli\Desktop\Claude Code\CPQ
-System\src\components\shared\BOMGrid.tsx:22:3)
Warning: A component is `contentEditable` and 
contains `children` managed by React. It is now 
your responsibility to guarantee that none of those 
nodes are unexpectedly modified or duplicated. This 
is probably not intentional.
    at div
    at div
    at div
    at div
    at spy (file:///C:/Users/Eli/Desktop/Claude%20Co
de/CPQ-System/node_modules/tinyspy/dist/index.js:42:
80)
    at div
    at div
    at div
    at C:\Users\Eli\Desktop\Claude 
Code\CPQ-System\src\components\ui\card.tsx:81:57
    at div
    at C:\Users\Eli\Desktop\Claude 
Code\CPQ-System\src\components\ui\card.tsx:7:50
    at BOMGrid (C:\Users\Eli\Desktop\Claude Code\CPQ
-System\src\components\shared\BOMGrid.tsx:22:3)
Warning: A component is `contentEditable` and 
contains `children` managed by React. It is now 
your responsibility to guarantee that none of those 
nodes are unexpectedly modified or duplicated. This 
is probably not intentional.
    at div
    at div
    at div
    at div
    at spy (file:///C:/Users/Eli/Desktop/Claude%20Co
de/CPQ-System/node_modules/tinyspy/dist/index.js:42:
80)
    at div
    at div
    at div
    at C:\Users\Eli\Desktop\Claude 
Code\CPQ-System\src\components\ui\card.tsx:81:57
    at div
    at C:\Users\Eli\Desktop\Claude 
Code\CPQ-System\src\components\ui\card.tsx:7:50
    at BOMGrid (C:\Users\Eli\Desktop\Claude Code\CPQ
-System\src\components\shared\BOMGrid.tsx:22:3)
Warning: A component is `contentEditable` and 
contains `children` managed by React. It is now 
your responsibility to guarantee that none of those 
nodes are unexpectedly modified or duplicated. This 
is probably not intentional.
    at div
    at div
    at div
    at div
    at spy (file:///C:/Users/Eli/Desktop/Claude%20Co
de/CPQ-System/node_modules/tinyspy/dist/index.js:42:
80)
    at div
    at div
    at div
    at C:\Users\Eli\Desktop\Claude 
Code\CPQ-System\src\components\ui\card.tsx:81:57
    at div
    at C:\Users\Eli\Desktop\Claude 
Code\CPQ-System\src\components\ui\card.tsx:7:50
    at BOMGrid (C:\Users\Eli\Desktop\Claude Code\CPQ
-System\src\components\shared\BOMGrid.tsx:22:3)
Warning: A component is `contentEditable` and 
contains `children` managed by React. It is now 
your responsibility to guarantee that none of those 
nodes are unexpectedly modified or duplicated. This 
is probably not intentional.
    at div
    at div
    at div
    at div
    at spy (file:///C:/Users/Eli/Desktop/Claude%20Co
de/CPQ-System/node_modules/tinyspy/dist/index.js:42:
80)
    at div
    at div
    at div
    at C:\Users\Eli\Desktop\Claude 
Code\CPQ-System\src\components\ui\card.tsx:81:57
    at div
    at C:\Users\Eli\Desktop\Claude 
Code\CPQ-System\src\components\ui\card.tsx:7:50
    at BOMGrid (C:\Users\Eli\Desktop\Claude Code\CPQ
-System\src\components\shared\BOMGrid.tsx:22:3)
Warning: A component is `contentEditable` and 
contains `children` managed by React. It is now 
your responsibility to guarantee that none of those 
nodes are unexpectedly modified or duplicated. This 
is probably not intentional.
    at div
    at div
    at div
    at div
    at spy (file:///C:/Users/Eli/Desktop/Claude%20Co
de/CPQ-System/node_modules/tinyspy/dist/index.js:42:
80)
    at div
    at div
    at div
    at C:\Users\Eli\Desktop\Claude 
Code\CPQ-System\src\components\ui\card.tsx:81:57
    at div
    at C:\Users\Eli\Desktop\Claude 
Code\CPQ-System\src\components\ui\card.tsx:7:50
    at BOMGrid (C:\Users\Eli\Desktop\Claude Code\CPQ
-System\src\components\shared\BOMGrid.tsx:22:3)
Warning: A component is `contentEditable` and 
contains `children` managed by React. It is now 
your responsibility to guarantee that none of those 
nodes are unexpectedly modified or duplicated. This 
is probably not intentional.
    at div
    at div
    at div
    at div
    at spy (file:///C:/Users/Eli/Desktop/Claude%20Co
de/CPQ-System/node_modules/tinyspy/dist/index.js:42:
80)
    at div
    at div
    at div
    at C:\Users\Eli\Desktop\Claude 
Code\CPQ-System\src\components\ui\card.tsx:81:57
    at div
    at C:\Users\Eli\Desktop\Claude 
Code\CPQ-System\src\components\ui\card.tsx:7:50
    at BOMGrid (C:\Users\Eli\Desktop\Claude Code\CPQ
-System\src\components\shared\BOMGrid.tsx:22:3)
Warning: A component is `contentEditable` and 
contains `children` managed by React. It is now 
your responsibility to guarantee that none of those 
nodes are unexpectedly modified or duplicated. This 
is probably not intentional.
    at div
    at div
    at div
    at div
    at spy (file:///C:/Users/Eli/Desktop/Claude%20Co
de/CPQ-System/node_modules/tinyspy/dist/index.js:42:
80)
    at div
    at div
    at div
    at C:\Users\Eli\Desktop\Claude 
Code\CPQ-System\src\components\ui\card.tsx:81:57
    at div
    at C:\Users\Eli\Desktop\Claude 
Code\CPQ-System\src\components\ui\card.tsx:7:50
    at BOMGrid (C:\Users\Eli\Desktop\Claude Code\CPQ
-System\src\components\shared\BOMGrid.tsx:22:3)
Warning: A component is `contentEditable` and 
contains `children` managed by React. It is now 
your responsibility to guarantee that none of those 
nodes are unexpectedly modified or duplicated. This 
is probably not intentional.
    at div
    at div
    at div
    at div
    at spy (file:///C:/Users/Eli/Desktop/Claude%20Co
de/CPQ-System/node_modules/tinyspy/dist/index.js:42:
80)
    at div
    at div
    at div
    at C:\Users\Eli\Desktop\Claude 
Code\CPQ-System\src\components\ui\card.tsx:81:57
    at div
    at C:\Users\Eli\Desktop\Claude 
Code\CPQ-System\src\components\ui\card.tsx:7:50
    at BOMGrid (C:\Users\Eli\Desktop\Claude Code\CPQ
-System\src\components\shared\BOMGrid.tsx:22:3)
Warning: A component is `contentEditable` and 
contains `children` managed by React. It is now 
your responsibility to guarantee that none of those 
nodes are unexpectedly modified or duplicated. This 
is probably not intentional.
    at div
    at div
    at div
    at div
    at spy (file:///C:/Users/Eli/Desktop/Claude%20Co
de/CPQ-System/node_modules/tinyspy/dist/index.js:42:
80)
    at div
    at div
    at div
    at C:\Users\Eli\Desktop\Claude 
Code\CPQ-System\src\components\ui\card.tsx:81:57
    at div
    at C:\Users\Eli\Desktop\Claude 
Code\CPQ-System\src\components\ui\card.tsx:7:50
    at BOMGrid (C:\Users\Eli\Desktop\Claude Code\CPQ
-System\src\components\shared\BOMGrid.tsx:22:3)
Warning: A component is `contentEditable` and 
contains `children` managed by React. It is now 
your responsibility to guarantee that none of those 
nodes are unexpectedly modified or duplicated. This 
is probably not intentional.
    at div
    at div
    at div
    at div
    at spy (file:///C:/Users/Eli/Desktop/Claude%20Co
de/CPQ-System/node_modules/tinyspy/dist/index.js:42:
80)
    at div
    at div
    at div
    at C:\Users\Eli\Desktop\Claude 
Code\CPQ-System\src\components\ui\card.tsx:81:57
    at div
    at C:\Users\Eli\Desktop\Claude 
Code\CPQ-System\src\components\ui\card.tsx:7:50
    at BOMGrid (C:\Users\Eli\Desktop\Claude Code\CPQ
-System\src\components\shared\BOMGrid.tsx:22:3)
Warning: A component is `contentEditable` and 
contains `children` managed by React. It is now 
your responsibility to guarantee that none of those 
nodes are unexpectedly modified or duplicated. This 
is probably not intentional.
    at div
    at div
    at div
    at div
    at spy (file:///C:/Users/Eli/Desktop/Claude%20Co
de/CPQ-System/node_modules/tinyspy/dist/index.js:42:
80)
    at div
    at div
    at div
    at C:\Users\Eli\Desktop\Claude 
Code\CPQ-System\src\components\ui\card.tsx:81:57
    at div
    at C:\Users\Eli\Desktop\Claude 
Code\CPQ-System\src\components\ui\card.tsx:7:50
    at BOMGrid (C:\Users\Eli\Desktop\Claude Code\CPQ
-System\src\components\shared\BOMGrid.tsx:22:3)
Warning: A component is `contentEditable` and 
contains `children` managed by React. It is now 
your responsibility to guarantee that none of those 
nodes are unexpectedly modified or duplicated. This 
is probably not intentional.
    at div
    at div
    at div
    at div
    at spy (file:///C:/Users/Eli/Desktop/Claude%20Co
de/CPQ-System/node_modules/tinyspy/dist/index.js:42:
80)
    at div
    at div
    at div
    at C:\Users\Eli\Desktop\Claude 
Code\CPQ-System\src\components\ui\card.tsx:81:57
    at div
    at C:\Users\Eli\Desktop\Claude 
Code\CPQ-System\src\components\ui\card.tsx:7:50
    at BOMGrid (C:\Users\Eli\Desktop\Claude Code\CPQ
-System\src\components\shared\BOMGrid.tsx:22:3)
Warning: A component is `contentEditable` and 
contains `children` managed by React. It is now 
your responsibility to guarantee that none of those 
nodes are unexpectedly modified or duplicated. This 
is probably not intentional.
    at div
    at div
    at div
    at div
    at spy (file:///C:/Users/Eli/Desktop/Claude%20Co
de/CPQ-System/node_modules/tinyspy/dist/index.js:42:
80)
    at div
    at div
    at div
    at C:\Users\Eli\Desktop\Claude 
Code\CPQ-System\src\components\ui\card.tsx:81:57
    at div
    at C:\Users\Eli\Desktop\Claude 
Code\CPQ-System\src\components\ui\card.tsx:7:50
    at BOMGrid (C:\Users\Eli\Desktop\Claude Code\CPQ
-System\src\components\shared\BOMGrid.tsx:22:3)
Warning: A component is `contentEditable` and 
contains `children` managed by React. It is now 
your responsibility to guarantee that none of those 
nodes are unexpectedly modified or duplicated. This 
is probably not intentional.
    at div
    at div
    at div
    at div
    at spy (file:///C:/Users/Eli/Desktop/Claude%20Co
de/CPQ-System/node_modules/tinyspy/dist/index.js:42:
80)
    at div
    at div
    at div
    at C:\Users\Eli\Desktop\Claude 
Code\CPQ-System\src\components\ui\card.tsx:81:57
    at div
    at C:\Users\Eli\Desktop\Claude 
Code\CPQ-System\src\components\ui\card.tsx:7:50
    at BOMGrid (C:\Users\Eli\Desktop\Claude Code\CPQ
-System\src\components\shared\BOMGrid.tsx:22:3)
Warning: A component is `contentEditable` and 
contains `children` managed by React. It is now 
your responsibility to guarantee that none of those 
nodes are unexpectedly modified or duplicated. This 
is probably not intentional.
    at div
    at div
    at div
    at div
    at spy (file:///C:/Users/Eli/Desktop/Claude%20Co
de/CPQ-System/node_modules/tinyspy/dist/index.js:42:
80)
    at div
    at div
    at div
    at C:\Users\Eli\Desktop\Claude 
Code\CPQ-System\src\components\ui\card.tsx:81:57
    at div
    at C:\Users\Eli\Desktop\Claude 
Code\CPQ-System\src\components\ui\card.tsx:7:50
    at BOMGrid (C:\Users\Eli\Desktop\Claude Code\CPQ
-System\src\components\shared\BOMGrid.tsx:22:3)
Warning: A component is `contentEditable` and 
contains `children` managed by React. It is now 
your responsibility to guarantee that none of those 
nodes are unexpectedly modified or duplicated. This 
is probably not intentional.
    at div
    at div
    at div
    at div
    at spy (file:///C:/Users/Eli/Desktop/Claude%20Co
de/CPQ-System/node_modules/tinyspy/dist/index.js:42:
80)
    at div
    at div
    at div
    at C:\Users\Eli\Desktop\Claude 
Code\CPQ-System\src\components\ui\card.tsx:81:57
    at div
    at C:\Users\Eli\Desktop\Claude 
Code\CPQ-System\src\components\ui\card.tsx:7:50
    at BOMGrid (C:\Users\Eli\Desktop\Claude Code\CPQ
-System\src\components\shared\BOMGrid.tsx:22:3)
Warning: A component is `contentEditable` and 
contains `children` managed by React. It is now 
your responsibility to guarantee that none of those 
nodes are unexpectedly modified or duplicated. This 
is probably not intentional.
    at div
    at div
    at div
    at div
    at spy (file:///C:/Users/Eli/Desktop/Claude%20Co
de/CPQ-System/node_modules/tinyspy/dist/index.js:42:
80)
    at div
    at div
    at div
    at C:\Users\Eli\Desktop\Claude 
Code\CPQ-System\src\components\ui\card.tsx:81:57
    at div
    at C:\Users\Eli\Desktop\Claude 
Code\CPQ-System\src\components\ui\card.tsx:7:50
    at BOMGrid (C:\Users\Eli\Desktop\Claude Code\CPQ
-System\src\components\shared\BOMGrid.tsx:22:3)
Warning: A component is `contentEditable` and 
contains `children` managed by React. It is now 
your responsibility to guarantee that none of those 
nodes are unexpectedly modified or duplicated. This 
is probably not intentional.
    at div
    at div
    at div
    at div
    at spy (file:///C:/Users/Eli/Desktop/Claude%20Co
de/CPQ-System/node_modules/tinyspy/dist/index.js:42:
80)
    at div
    at div
    at div
    at C:\Users\Eli\Desktop\Claude 
Code\CPQ-System\src\components\ui\card.tsx:81:57
    at div
    at C:\Users\Eli\Desktop\Claude 
Code\CPQ-System\src\components\ui\card.tsx:7:50
    at BOMGrid (C:\Users\Eli\Desktop\Claude Code\CPQ
-System\src\components\shared\BOMGrid.tsx:22:3)
Warning: A component is `contentEditable` and 
contains `children` managed by React. It is now 
your responsibility to guarantee that none of those 
nodes are unexpectedly modified or duplicated. This 
is probably not intentional.
    at div
    at div
    at div
    at div
    at spy (file:///C:/Users/Eli/Desktop/Claude%20Co
de/CPQ-System/node_modules/tinyspy/dist/index.js:42:
80)
    at div
    at div
    at div
    at C:\Users\Eli\Desktop\Claude 
Code\CPQ-System\src\components\ui\card.tsx:81:57
    at div
    at C:\Users\Eli\Desktop\Claude 
Code\CPQ-System\src\components\ui\card.tsx:7:50
    at BOMGrid (C:\Users\Eli\Desktop\Claude Code\CPQ
-System\src\components\shared\BOMGrid.tsx:22:3)
Warning: A component is `contentEditable` and 
contains `children` managed by React. It is now 
your responsibility to guarantee that none of those 
nodes are unexpectedly modified or duplicated. This 
is probably not intentional.
    at div
    at div
    at div
    at div
    at spy (file:///C:/Users/Eli/Desktop/Claude%20Co
de/CPQ-System/node_modules/tinyspy/dist/index.js:42:
80)
    at div
    at div
    at div
    at C:\Users\Eli\Desktop\Claude 
Code\CPQ-System\src\components\ui\card.tsx:81:57
    at div
    at C:\Users\Eli\Desktop\Claude 
Code\CPQ-System\src\components\ui\card.tsx:7:50
    at BOMGrid (C:\Users\Eli\Desktop\Claude Code\CPQ
-System\src\components\shared\BOMGrid.tsx:22:3)
Warning: A component is `contentEditable` and 
contains `children` managed by React. It is now 
your responsibility to guarantee that none of those 
nodes are unexpectedly modified or duplicated. This 
is probably not intentional.
    at div
    at div
    at div
    at div
    at spy (file:///C:/Users/Eli/Desktop/Claude%20Co
de/CPQ-System/node_modules/tinyspy/dist/index.js:42:
80)
    at div
    at div
    at div
    at C:\Users\Eli\Desktop\Claude 
Code\CPQ-System\src\components\ui\card.tsx:81:57
    at div
    at C:\Users\Eli\Desktop\Claude 
Code\CPQ-System\src\components\ui\card.tsx:7:50
    at BOMGrid (C:\Users\Eli\Desktop\Claude Code\CPQ
-System\src\components\shared\BOMGrid.tsx:22:3)
Warning: A component is `contentEditable` and 
contains `children` managed by React. It is now 
your responsibility to guarantee that none of those 
nodes are unexpectedly modified or duplicated. This 
is probably not intentional.
    at div
    at div
    at div
    at div
    at spy (file:///C:/Users/Eli/Desktop/Claude%20Co
de/CPQ-System/node_modules/tinyspy/dist/index.js:42:
80)
    at div
    at div
    at div
    at C:\Users\Eli\Desktop\Claude 
Code\CPQ-System\src\components\ui\card.tsx:81:57
    at div
    at C:\Users\Eli\Desktop\Claude 
Code\CPQ-System\src\components\ui\card.tsx:7:50
    at BOMGrid (C:\Users\Eli\Desktop\Claude Code\CPQ
-System\src\components\shared\BOMGrid.tsx:22:3)
Warning: A component is `contentEditable` and 
contains `children` managed by React. It is now 
your responsibility to guarantee that none of those 
nodes are unexpectedly modified or duplicated. This 
is probably not intentional.
    at div
    at div
    at div
    at div
    at spy (file:///C:/Users/Eli/Desktop/Claude%20Co
de/CPQ-System/node_modules/tinyspy/dist/index.js:42:
80)
    at div
    at div
    at div
    at C:\Users\Eli\Desktop\Claude 
Code\CPQ-System\src\components\ui\card.tsx:81:57
    at div
    at C:\Users\Eli\Desktop\Claude 
Code\CPQ-System\src\components\ui\card.tsx:7:50
    at BOMGrid (C:\Users\Eli\Desktop\Claude Code\CPQ
-System\src\components\shared\BOMGrid.tsx:22:3)
Warning: A component is `contentEditable` and 
contains `children` managed by React. It is now 
your responsibility to guarantee that none of those 
nodes are unexpectedly modified or duplicated. This 
is probably not intentional.
    at div
    at div
    at div
    at div
    at spy (file:///C:/Users/Eli/Desktop/Claude%20Co
de/CPQ-System/node_modules/tinyspy/dist/index.js:42:
80)
    at div
    at div
    at div
    at C:\Users\Eli\Desktop\Claude 
Code\CPQ-System\src\components\ui\card.tsx:81:57
    at div
    at C:\Users\Eli\Desktop\Claude 
Code\CPQ-System\src\components\ui\card.tsx:7:50
    at BOMGrid (C:\Users\Eli\Desktop\Claude Code\CPQ
-System\src\components\shared\BOMGrid.tsx:22:3)
Warning: A component is `contentEditable` and 
contains `children` managed by React. It is now 
your responsibility to guarantee that none of those 
nodes are unexpectedly modified or duplicated. This 
is probably not intentional.
    at div
    at div
    at div
    at div
    at spy (file:///C:/Users/Eli/Desktop/Claude%20Co
de/CPQ-System/node_modules/tinyspy/dist/index.js:42:
80)
    at div
    at div
    at div
    at C:\Users\Eli\Desktop\Claude 
Code\CPQ-System\src\components\ui\card.tsx:81:57
    at div
    at C:\Users\Eli\Desktop\Claude 
Code\CPQ-System\src\components\ui\card.tsx:7:50
    at BOMGrid (C:\Users\Eli\Desktop\Claude Code\CPQ
-System\src\components\shared\BOMGrid.tsx:22:3)
Warning: A component is `contentEditable` and 
contains `children` managed by React. It is now 
your responsibility to guarantee that none of those 
nodes are unexpectedly modified or duplicated. This 
is probably not intentional.
    at div
    at div
    at div
    at div
    at spy (file:///C:/Users/Eli/Desktop/Claude%20Co
de/CPQ-System/node_modules/tinyspy/dist/index.js:42:
80)
    at div
    at div
    at div
    at C:\Users\Eli\Desktop\Claude 
Code\CPQ-System\src\components\ui\card.tsx:81:57
    at div
    at C:\Users\Eli\Desktop\Claude 
Code\CPQ-System\src\components\ui\card.tsx:7:50
    at BOMGrid (C:\Users\Eli\Desktop\Claude Code\CPQ
-System\src\components\shared\BOMGrid.tsx:22:3)
Warning: A component is `contentEditable` and 
contains `children` managed by React. It is now 
your responsibility to guarantee that none of those 
nodes are unexpectedly modified or duplicated. This 
is probably not intentional.
    at div
    at div
    at div
    at div
    at spy (file:///C:/Users/Eli/Desktop/Claude%20Co
de/CPQ-System/node_modules/tinyspy/dist/index.js:42:
80)
    at div
    at div
    at div
    at C:\Users\Eli\Desktop\Claude 
Code\CPQ-System\src\components\ui\card.tsx:81:57
    at div
    at C:\Users\Eli\Desktop\Claude 
Code\CPQ-System\src\components\ui\card.tsx:7:50
    at BOMGrid (C:\Users\Eli\Desktop\Claude Code\CPQ
-System\src\components\shared\BOMGrid.tsx:22:3)
Warning: A component is `contentEditable` and 
contains `children` managed by React. It is now 
your responsibility to guarantee that none of those 
nodes are unexpectedly modified or duplicated. This 
is probably not intentional.
    at div
    at div
    at div
    at div
    at spy (file:///C:/Users/Eli/Desktop/Claude%20Co
de/CPQ-System/node_modules/tinyspy/dist/index.js:42:
80)
    at div
    at div
    at div
    at C:\Users\Eli\Desktop\Claude 
Code\CPQ-System\src\components\ui\card.tsx:81:57
    at div
    at C:\Users\Eli\Desktop\Claude 
Code\CPQ-System\src\components\ui\card.tsx:7:50
    at BOMGrid (C:\Users\Eli\Desktop\Claude Code\CPQ
-System\src\components\shared\BOMGrid.tsx:22:3)
Warning: A component is `contentEditable` and 
contains `children` managed by React. It is now 
your responsibility to guarantee that none of those 
nodes are unexpectedly modified or duplicated. This 
is probably not intentional.
    at div
    at div
    at div
    at div
    at spy (file:///C:/Users/Eli/Desktop/Claude%20Co
de/CPQ-System/node_modules/tinyspy/dist/index.js:42:
80)
    at div
    at div
    at div
    at C:\Users\Eli\Desktop\Claude 
Code\CPQ-System\src\components\ui\card.tsx:81:57
    at div
    at C:\Users\Eli\Desktop\Claude 
Code\CPQ-System\src\components\ui\card.tsx:7:50
    at BOMGrid (C:\Users\Eli\Desktop\Claude Code\CPQ
-System\src\components\shared\BOMGrid.tsx:22:3)
Warning: A component is `contentEditable` and 
contains `children` managed by React. It is now 
your responsibility to guarantee that none of those 
nodes are unexpectedly modified or duplicated. This 
is probably not intentional.
    at div
    at div
    at div
    at div
    at spy (file:///C:/Users/Eli/Desktop/Claude%20Co
de/CPQ-System/node_modules/tinyspy/dist/index.js:42:
80)
    at div
    at div
    at div
    at C:\Users\Eli\Desktop\Claude 
Code\CPQ-System\src\components\ui\card.tsx:81:57
    at div
    at C:\Users\Eli\Desktop\Claude 
Code\CPQ-System\src\components\ui\card.tsx:7:50
    at BOMGrid (C:\Users\Eli\Desktop\Claude Code\CPQ
-System\src\components\shared\BOMGrid.tsx:22:3)
Warning: A component is `contentEditable` and 
contains `children` managed by React. It is now 
your responsibility to guarantee that none of those 
nodes are unexpectedly modified or duplicated. This 
is probably not intentional.
    at div
    at div
    at div
    at div
    at spy (file:///C:/Users/Eli/Desktop/Claude%20Co
de/CPQ-System/node_modules/tinyspy/dist/index.js:42:
80)
    at div
    at div
    at div
    at C:\Users\Eli\Desktop\Claude 
Code\CPQ-System\src\components\ui\card.tsx:81:57
    at div
    at C:\Users\Eli\Desktop\Claude 
Code\CPQ-System\src\components\ui\card.tsx:7:50
    at BOMGrid (C:\Users\Eli\Desktop\Claude Code\CPQ
-System\src\components\shared\BOMGrid.tsx:22:3)
Warning: A component is `contentEditable` and 
contains `children` managed by React. It is now 
your responsibility to guarantee that none of those 
nodes are unexpectedly modified or duplicated. This 
is probably not intentional.
    at div
    at div
    at div
    at div
    at spy (file:///C:/Users/Eli/Desktop/Claude%20Co
de/CPQ-System/node_modules/tinyspy/dist/index.js:42:
80)
    at div
    at div
    at div
    at C:\Users\Eli\Desktop\Claude 
Code\CPQ-System\src\components\ui\card.tsx:81:57
    at div
    at C:\Users\Eli\Desktop\Claude 
Code\CPQ-System\src\components\ui\card.tsx:7:50
    at BOMGrid (C:\Users\Eli\Desktop\Claude Code\CPQ
-System\src\components\shared\BOMGrid.tsx:22:3)
Warning: A component is `contentEditable` and 
contains `children` managed by React. It is now 
your responsibility to guarantee that none of those 
nodes are unexpectedly modified or duplicated. This 
is probably not intentional.
    at div
    at div
    at div
    at div
    at spy (file:///C:/Users/Eli/Desktop/Claude%20Co
de/CPQ-System/node_modules/tinyspy/dist/index.js:42:
80)
    at div
    at div
    at div
    at C:\Users\Eli\Desktop\Claude 
Code\CPQ-System\src\components\ui\card.tsx:81:57
    at div
    at C:\Users\Eli\Desktop\Claude 
Code\CPQ-System\src\components\ui\card.tsx:7:50
    at BOMGrid (C:\Users\Eli\Desktop\Claude Code\CPQ
-System\src\components\shared\BOMGrid.tsx:22:3)
Warning: A component is `contentEditable` and 
contains `children` managed by React. It is now 
your responsibility to guarantee that none of those 
nodes are unexpectedly modified or duplicated. This 
is probably not intentional.
    at div
    at div
    at div
    at div
    at spy (file:///C:/Users/Eli/Desktop/Claude%20Co
de/CPQ-System/node_modules/tinyspy/dist/index.js:42:
80)
    at div
    at div
    at div
    at C:\Users\Eli\Desktop\Claude 
Code\CPQ-System\src\components\ui\card.tsx:81:57
    at div
    at C:\Users\Eli\Desktop\Claude 
Code\CPQ-System\src\components\ui\card.tsx:7:50
    at BOMGrid (C:\Users\Eli\Desktop\Claude Code\CPQ
-System\src\components\shared\BOMGrid.tsx:22:3)
Warning: A component is `contentEditable` and 
contains `children` managed by React. It is now 
your responsibility to guarantee that none of those 
nodes are unexpectedly modified or duplicated. This 
is probably not intentional.
    at div
    at div
    at div
    at div
    at spy (file:///C:/Users/Eli/Desktop/Claude%20Co
de/CPQ-System/node_modules/tinyspy/dist/index.js:42:
80)
    at div
    at div
    at div
    at C:\Users\Eli\Desktop\Claude 
Code\CPQ-System\src\components\ui\card.tsx:81:57
    at div
    at C:\Users\Eli\Desktop\Claude 
Code\CPQ-System\src\components\ui\card.tsx:7:50
    at BOMGrid (C:\Users\Eli\Desktop\Claude Code\CPQ
-System\src\components\shared\BOMGrid.tsx:22:3)

[90mstderr[2m | src/components/shared/__tests__/BO
MGrid.test.tsx[2m > [22m[2mBOMGrid[2m > 
[22m[2mMargin Calculations[2m > 
[22m[2mcalculates margin percentages 
correctly[22m[39m
Warning: A component is `contentEditable` and 
contains `children` managed by React. It is now 
your responsibility to guarantee that none of those 
nodes are unexpectedly modified or duplicated. This 
is probably not intentional.
    at div
    at div
    at div
    at div
    at spy (file:///C:/Users/Eli/Desktop/Claude%20Co
de/CPQ-System/node_modules/tinyspy/dist/index.js:42:
80)
    at div
    at div
    at div
    at C:\Users\Eli\Desktop\Claude 
Code\CPQ-System\src\components\ui\card.tsx:81:57
    at div
    at C:\Users\Eli\Desktop\Claude 
Code\CPQ-System\src\components\ui\card.tsx:7:50
    at BOMGrid (C:\Users\Eli\Desktop\Claude Code\CPQ
-System\src\components\shared\BOMGrid.tsx:22:3)
Warning: A component is `contentEditable` and 
contains `children` managed by React. It is now 
your responsibility to guarantee that none of those 
nodes are unexpectedly modified or duplicated. This 
is probably not intentional.
    at div
    at div
    at div
    at div
    at spy (file:///C:/Users/Eli/Desktop/Claude%20Co
de/CPQ-System/node_modules/tinyspy/dist/index.js:42:
80)
    at div
    at div
    at div
    at C:\Users\Eli\Desktop\Claude 
Code\CPQ-System\src\components\ui\card.tsx:81:57
    at div
    at C:\Users\Eli\Desktop\Claude 
Code\CPQ-System\src\components\ui\card.tsx:7:50
    at BOMGrid (C:\Users\Eli\Desktop\Claude Code\CPQ
-System\src\components\shared\BOMGrid.tsx:22:3)
Warning: A component is `contentEditable` and 
contains `children` managed by React. It is now 
your responsibility to guarantee that none of those 
nodes are unexpectedly modified or duplicated. This 
is probably not intentional.
    at div
    at div
    at div
    at div
    at spy (file:///C:/Users/Eli/Desktop/Claude%20Co
de/CPQ-System/node_modules/tinyspy/dist/index.js:42:
80)
    at div
    at div
    at div
    at C:\Users\Eli\Desktop\Claude 
Code\CPQ-System\src\components\ui\card.tsx:81:57
    at div
    at C:\Users\Eli\Desktop\Claude 
Code\CPQ-System\src\components\ui\card.tsx:7:50
    at BOMGrid (C:\Users\Eli\Desktop\Claude Code\CPQ
-System\src\components\shared\BOMGrid.tsx:22:3)
Warning: A component is `contentEditable` and 
contains `children` managed by React. It is now 
your responsibility to guarantee that none of those 
nodes are unexpectedly modified or duplicated. This 
is probably not intentional.
    at div
    at div
    at div
    at div
    at spy (file:///C:/Users/Eli/Desktop/Claude%20Co
de/CPQ-System/node_modules/tinyspy/dist/index.js:42:
80)
    at div
    at div
    at div
    at C:\Users\Eli\Desktop\Claude 
Code\CPQ-System\src\components\ui\card.tsx:81:57
    at div
    at C:\Users\Eli\Desktop\Claude 
Code\CPQ-System\src\components\ui\card.tsx:7:50
    at BOMGrid (C:\Users\Eli\Desktop\Claude Code\CPQ
-System\src\components\shared\BOMGrid.tsx:22:3)
Warning: A component is `contentEditable` and 
contains `children` managed by React. It is now 
your responsibility to guarantee that none of those 
nodes are unexpectedly modified or duplicated. This 
is probably not intentional.
    at div
    at div
    at div
    at div
    at spy (file:///C:/Users/Eli/Desktop/Claude%20Co
de/CPQ-System/node_modules/tinyspy/dist/index.js:42:
80)
    at div
    at div
    at div
    at C:\Users\Eli\Desktop\Claude 
Code\CPQ-System\src\components\ui\card.tsx:81:57
    at div
    at C:\Users\Eli\Desktop\Claude 
Code\CPQ-System\src\components\ui\card.tsx:7:50
    at BOMGrid (C:\Users\Eli\Desktop\Claude Code\CPQ
-System\src\components\shared\BOMGrid.tsx:22:3)
Warning: A component is `contentEditable` and 
contains `children` managed by React. It is now 
your responsibility to guarantee that none of those 
nodes are unexpectedly modified or duplicated. This 
is probably not intentional.
    at div
    at div
    at div
    at div
    at spy (file:///C:/Users/Eli/Desktop/Claude%20Co
de/CPQ-System/node_modules/tinyspy/dist/index.js:42:
80)
    at div
    at div
    at div
    at C:\Users\Eli\Desktop\Claude 
Code\CPQ-System\src\components\ui\card.tsx:81:57
    at div
    at C:\Users\Eli\Desktop\Claude 
Code\CPQ-System\src\components\ui\card.tsx:7:50
    at BOMGrid (C:\Users\Eli\Desktop\Claude Code\CPQ
-System\src\components\shared\BOMGrid.tsx:22:3)
Warning: A component is `contentEditable` and 
contains `children` managed by React. It is now 
your responsibility to guarantee that none of those 
nodes are unexpectedly modified or duplicated. This 
is probably not intentional.
    at div
    at div
    at div
    at div
    at spy (file:///C:/Users/Eli/Desktop/Claude%20Co
de/CPQ-System/node_modules/tinyspy/dist/index.js:42:
80)
    at div
    at div
    at div
    at C:\Users\Eli\Desktop\Claude 
Code\CPQ-System\src\components\ui\card.tsx:81:57
    at div
    at C:\Users\Eli\Desktop\Claude 
Code\CPQ-System\src\components\ui\card.tsx:7:50
    at BOMGrid (C:\Users\Eli\Desktop\Claude Code\CPQ
-System\src\components\shared\BOMGrid.tsx:22:3)
Warning: A component is `contentEditable` and 
contains `children` managed by React. It is now 
your responsibility to guarantee that none of those 
nodes are unexpectedly modified or duplicated. This 
is probably not intentional.
    at div
    at div
    at div
    at div
    at spy (file:///C:/Users/Eli/Desktop/Claude%20Co
de/CPQ-System/node_modules/tinyspy/dist/index.js:42:
80)
    at div
    at div
    at div
    at C:\Users\Eli\Desktop\Claude 
Code\CPQ-System\src\components\ui\card.tsx:81:57
    at div
    at C:\Users\Eli\Desktop\Claude 
Code\CPQ-System\src\components\ui\card.tsx:7:50
    at BOMGrid (C:\Users\Eli\Desktop\Claude Code\CPQ
-System\src\components\shared\BOMGrid.tsx:22:3)
Warning: A component is `contentEditable` and 
contains `children` managed by React. It is now 
your responsibility to guarantee that none of those 
nodes are unexpectedly modified or duplicated. This 
is probably not intentional.
    at div
    at div
    at div
    at div
    at spy (file:///C:/Users/Eli/Desktop/Claude%20Co
de/CPQ-System/node_modules/tinyspy/dist/index.js:42:
80)
    at div
    at div
    at div
    at C:\Users\Eli\Desktop\Claude 
Code\CPQ-System\src\components\ui\card.tsx:81:57
    at div
    at C:\Users\Eli\Desktop\Claude 
Code\CPQ-System\src\components\ui\card.tsx:7:50
    at BOMGrid (C:\Users\Eli\Desktop\Claude Code\CPQ
-System\src\components\shared\BOMGrid.tsx:22:3)
Warning: A component is `contentEditable` and 
contains `children` managed by React. It is now 
your responsibility to guarantee that none of those 
nodes are unexpectedly modified or duplicated. This 
is probably not intentional.
    at div
    at div
    at div
    at div
    at spy (file:///C:/Users/Eli/Desktop/Claude%20Co
de/CPQ-System/node_modules/tinyspy/dist/index.js:42:
80)
    at div
    at div
    at div
    at C:\Users\Eli\Desktop\Claude 
Code\CPQ-System\src\components\ui\card.tsx:81:57
    at div
    at C:\Users\Eli\Desktop\Claude 
Code\CPQ-System\src\components\ui\card.tsx:7:50
    at BOMGrid (C:\Users\Eli\Desktop\Claude Code\CPQ
-System\src\components\shared\BOMGrid.tsx:22:3)
Warning: A component is `contentEditable` and 
contains `children` managed by React. It is now 
your responsibility to guarantee that none of those 
nodes are unexpectedly modified or duplicated. This 
is probably not intentional.
    at div
    at div
    at div
    at div
    at spy (file:///C:/Users/Eli/Desktop/Claude%20Co
de/CPQ-System/node_modules/tinyspy/dist/index.js:42:
80)
    at div
    at div
    at div
    at C:\Users\Eli\Desktop\Claude 
Code\CPQ-System\src\components\ui\card.tsx:81:57
    at div
    at C:\Users\Eli\Desktop\Claude 
Code\CPQ-System\src\components\ui\card.tsx:7:50
    at BOMGrid (C:\Users\Eli\Desktop\Claude Code\CPQ
-System\src\components\shared\BOMGrid.tsx:22:3)
Warning: A component is `contentEditable` and 
contains `children` managed by React. It is now 
your responsibility to guarantee that none of those 
nodes are unexpectedly modified or duplicated. This 
is probably not intentional.
    at div
    at div
    at div
    at div
    at spy (file:///C:/Users/Eli/Desktop/Claude%20Co
de/CPQ-System/node_modules/tinyspy/dist/index.js:42:
80)
    at div
    at div
    at div
    at C:\Users\Eli\Desktop\Claude 
Code\CPQ-System\src\components\ui\card.tsx:81:57
    at div
    at C:\Users\Eli\Desktop\Claude 
Code\CPQ-System\src\components\ui\card.tsx:7:50
    at BOMGrid (C:\Users\Eli\Desktop\Claude Code\CPQ
-System\src\components\shared\BOMGrid.tsx:22:3)
Warning: A component is `contentEditable` and 
contains `children` managed by React. It is now 
your responsibility to guarantee that none of those 
nodes are unexpectedly modified or duplicated. This 
is probably not intentional.
    at div
    at div
    at div
    at div
    at spy (file:///C:/Users/Eli/Desktop/Claude%20Co
de/CPQ-System/node_modules/tinyspy/dist/index.js:42:
80)
    at div
    at div
    at div
    at C:\Users\Eli\Desktop\Claude 
Code\CPQ-System\src\components\ui\card.tsx:81:57
    at div
    at C:\Users\Eli\Desktop\Claude 
Code\CPQ-System\src\components\ui\card.tsx:7:50
    at BOMGrid (C:\Users\Eli\Desktop\Claude Code\CPQ
-System\src\components\shared\BOMGrid.tsx:22:3)
Warning: A component is `contentEditable` and 
contains `children` managed by React. It is now 
your responsibility to guarantee that none of those 
nodes are unexpectedly modified or duplicated. This 
is probably not intentional.
    at div
    at div
    at div
    at div
    at spy (file:///C:/Users/Eli/Desktop/Claude%20Co
de/CPQ-System/node_modules/tinyspy/dist/index.js:42:
80)
    at div
    at div
    at div
    at C:\Users\Eli\Desktop\Claude 
Code\CPQ-System\src\components\ui\card.tsx:81:57
    at div
    at C:\Users\Eli\Desktop\Claude 
Code\CPQ-System\src\components\ui\card.tsx:7:50
    at BOMGrid (C:\Users\Eli\Desktop\Claude Code\CPQ
-System\src\components\shared\BOMGrid.tsx:22:3)
Warning: A component is `contentEditable` and 
contains `children` managed by React. It is now 
your responsibility to guarantee that none of those 
nodes are unexpectedly modified or duplicated. This 
is probably not intentional.
    at div
    at div
    at div
    at div
    at spy (file:///C:/Users/Eli/Desktop/Claude%20Co
de/CPQ-System/node_modules/tinyspy/dist/index.js:42:
80)
    at div
    at div
    at div
    at C:\Users\Eli\Desktop\Claude 
Code\CPQ-System\src\components\ui\card.tsx:81:57
    at div
    at C:\Users\Eli\Desktop\Claude 
Code\CPQ-System\src\components\ui\card.tsx:7:50
    at BOMGrid (C:\Users\Eli\Desktop\Claude Code\CPQ
-System\src\components\shared\BOMGrid.tsx:22:3)
Warning: A component is `contentEditable` and 
contains `children` managed by React. It is now 
your responsibility to guarantee that none of those 
nodes are unexpectedly modified or duplicated. This 
is probably not intentional.
    at div
    at div
    at div
    at div
    at spy (file:///C:/Users/Eli/Desktop/Claude%20Co
de/CPQ-System/node_modules/tinyspy/dist/index.js:42:
80)
    at div
    at div
    at div
    at C:\Users\Eli\Desktop\Claude 
Code\CPQ-System\src\components\ui\card.tsx:81:57
    at div
    at C:\Users\Eli\Desktop\Claude 
Code\CPQ-System\src\components\ui\card.tsx:7:50
    at BOMGrid (C:\Users\Eli\Desktop\Claude Code\CPQ
-System\src\components\shared\BOMGrid.tsx:22:3)
Warning: A component is `contentEditable` and 
contains `children` managed by React. It is now 
your responsibility to guarantee that none of those 
nodes are unexpectedly modified or duplicated. This 
is probably not intentional.
    at div
    at div
    at div
    at div
    at spy (file:///C:/Users/Eli/Desktop/Claude%20Co
de/CPQ-System/node_modules/tinyspy/dist/index.js:42:
80)
    at div
    at div
    at div
    at C:\Users\Eli\Desktop\Claude 
Code\CPQ-System\src\components\ui\card.tsx:81:57
    at div
    at C:\Users\Eli\Desktop\Claude 
Code\CPQ-System\src\components\ui\card.tsx:7:50
    at BOMGrid (C:\Users\Eli\Desktop\Claude Code\CPQ
-System\src\components\shared\BOMGrid.tsx:22:3)
Warning: A component is `contentEditable` and 
contains `children` managed by React. It is now 
your responsibility to guarantee that none of those 
nodes are unexpectedly modified or duplicated. This 
is probably not intentional.
    at div
    at div
    at div
    at div
    at spy (file:///C:/Users/Eli/Desktop/Claude%20Co
de/CPQ-System/node_modules/tinyspy/dist/index.js:42:
80)
    at div
    at div
    at div
    at C:\Users\Eli\Desktop\Claude 
Code\CPQ-System\src\components\ui\card.tsx:81:57
    at div
    at C:\Users\Eli\Desktop\Claude 
Code\CPQ-System\src\components\ui\card.tsx:7:50
    at BOMGrid (C:\Users\Eli\Desktop\Claude Code\CPQ
-System\src\components\shared\BOMGrid.tsx:22:3)
Warning: A component is `contentEditable` and 
contains `children` managed by React. It is now 
your responsibility to guarantee that none of those 
nodes are unexpectedly modified or duplicated. This 
is probably not intentional.
    at div
    at div
    at div
    at div
    at spy (file:///C:/Users/Eli/Desktop/Claude%20Co
de/CPQ-System/node_modules/tinyspy/dist/index.js:42:
80)
    at div
    at div
    at div
    at C:\Users\Eli\Desktop\Claude 
Code\CPQ-System\src\components\ui\card.tsx:81:57
    at div
    at C:\Users\Eli\Desktop\Claude 
Code\CPQ-System\src\components\ui\card.tsx:7:50
    at BOMGrid (C:\Users\Eli\Desktop\Claude Code\CPQ
-System\src\components\shared\BOMGrid.tsx:22:3)
Warning: A component is `contentEditable` and 
contains `children` managed by React. It is now 
your responsibility to guarantee that none of those 
nodes are unexpectedly modified or duplicated. This 
is probably not intentional.
    at div
    at div
    at div
    at div
    at spy (file:///C:/Users/Eli/Desktop/Claude%20Co
de/CPQ-System/node_modules/tinyspy/dist/index.js:42:
80)
    at div
    at div
    at div
    at C:\Users\Eli\Desktop\Claude 
Code\CPQ-System\src\components\ui\card.tsx:81:57
    at div
    at C:\Users\Eli\Desktop\Claude 
Code\CPQ-System\src\components\ui\card.tsx:7:50
    at BOMGrid (C:\Users\Eli\Desktop\Claude Code\CPQ
-System\src\components\shared\BOMGrid.tsx:22:3)
Warning: A component is `contentEditable` and 
contains `children` managed by React. It is now 
your responsibility to guarantee that none of those 
nodes are unexpectedly modified or duplicated. This 
is probably not intentional.
    at div
    at div
    at div
    at div
    at spy (file:///C:/Users/Eli/Desktop/Claude%20Co
de/CPQ-System/node_modules/tinyspy/dist/index.js:42:
80)
    at div
    at div
    at div
    at C:\Users\Eli\Desktop\Claude 
Code\CPQ-System\src\components\ui\card.tsx:81:57
    at div
    at C:\Users\Eli\Desktop\Claude 
Code\CPQ-System\src\components\ui\card.tsx:7:50
    at BOMGrid (C:\Users\Eli\Desktop\Claude Code\CPQ
-System\src\components\shared\BOMGrid.tsx:22:3)
Warning: A component is `contentEditable` and 
contains `children` managed by React. It is now 
your responsibility to guarantee that none of those 
nodes are unexpectedly modified or duplicated. This 
is probably not intentional.
    at div
    at div
    at div
    at div
    at spy (file:///C:/Users/Eli/Desktop/Claude%20Co
de/CPQ-System/node_modules/tinyspy/dist/index.js:42:
80)
    at div
    at div
    at div
    at C:\Users\Eli\Desktop\Claude 
Code\CPQ-System\src\components\ui\card.tsx:81:57
    at div
    at C:\Users\Eli\Desktop\Claude 
Code\CPQ-System\src\components\ui\card.tsx:7:50
    at BOMGrid (C:\Users\Eli\Desktop\Claude Code\CPQ
-System\src\components\shared\BOMGrid.tsx:22:3)
Warning: A component is `contentEditable` and 
contains `children` managed by React. It is now 
your responsibility to guarantee that none of those 
nodes are unexpectedly modified or duplicated. This 
is probably not intentional.
    at div
    at div
    at div
    at div
    at spy (file:///C:/Users/Eli/Desktop/Claude%20Co
de/CPQ-System/node_modules/tinyspy/dist/index.js:42:
80)
    at div
    at div
    at div
    at C:\Users\Eli\Desktop\Claude 
Code\CPQ-System\src\components\ui\card.tsx:81:57
    at div
    at C:\Users\Eli\Desktop\Claude 
Code\CPQ-System\src\components\ui\card.tsx:7:50
    at BOMGrid (C:\Users\Eli\Desktop\Claude Code\CPQ
-System\src\components\shared\BOMGrid.tsx:22:3)
Warning: A component is `contentEditable` and 
contains `children` managed by React. It is now 
your responsibility to guarantee that none of those 
nodes are unexpectedly modified or duplicated. This 
is probably not intentional.
    at div
    at div
    at div
    at div
    at spy (file:///C:/Users/Eli/Desktop/Claude%20Co
de/CPQ-System/node_modules/tinyspy/dist/index.js:42:
80)
    at div
    at div
    at div
    at C:\Users\Eli\Desktop\Claude 
Code\CPQ-System\src\components\ui\card.tsx:81:57
    at div
    at C:\Users\Eli\Desktop\Claude 
Code\CPQ-System\src\components\ui\card.tsx:7:50
    at BOMGrid (C:\Users\Eli\Desktop\Claude Code\CPQ
-System\src\components\shared\BOMGrid.tsx:22:3)
Warning: A component is `contentEditable` and 
contains `children` managed by React. It is now 
your responsibility to guarantee that none of those 
nodes are unexpectedly modified or duplicated. This 
is probably not intentional.
    at div
    at div
    at div
    at div
    at spy (file:///C:/Users/Eli/Desktop/Claude%20Co
de/CPQ-System/node_modules/tinyspy/dist/index.js:42:
80)
    at div
    at div
    at div
    at C:\Users\Eli\Desktop\Claude 
Code\CPQ-System\src\components\ui\card.tsx:81:57
    at div
    at C:\Users\Eli\Desktop\Claude 
Code\CPQ-System\src\components\ui\card.tsx:7:50
    at BOMGrid (C:\Users\Eli\Desktop\Claude Code\CPQ
-System\src\components\shared\BOMGrid.tsx:22:3)
Warning: A component is `contentEditable` and 
contains `children` managed by React. It is now 
your responsibility to guarantee that none of those 
nodes are unexpectedly modified or duplicated. This 
is probably not intentional.
    at div
    at div
    at div
    at div
    at spy (file:///C:/Users/Eli/Desktop/Claude%20Co
de/CPQ-System/node_modules/tinyspy/dist/index.js:42:
80)
    at div
    at div
    at div
    at C:\Users\Eli\Desktop\Claude 
Code\CPQ-System\src\components\ui\card.tsx:81:57
    at div
    at C:\Users\Eli\Desktop\Claude 
Code\CPQ-System\src\components\ui\card.tsx:7:50
    at BOMGrid (C:\Users\Eli\Desktop\Claude Code\CPQ
-System\src\components\shared\BOMGrid.tsx:22:3)
Warning: A component is `contentEditable` and 
contains `children` managed by React. It is now 
your responsibility to guarantee that none of those 
nodes are unexpectedly modified or duplicated. This 
is probably not intentional.
    at div
    at div
    at div
    at div
    at spy (file:///C:/Users/Eli/Desktop/Claude%20Co
de/CPQ-System/node_modules/tinyspy/dist/index.js:42:
80)
    at div
    at div
    at div
    at C:\Users\Eli\Desktop\Claude 
Code\CPQ-System\src\components\ui\card.tsx:81:57
    at div
    at C:\Users\Eli\Desktop\Claude 
Code\CPQ-System\src\components\ui\card.tsx:7:50
    at BOMGrid (C:\Users\Eli\Desktop\Claude Code\CPQ
-System\src\components\shared\BOMGrid.tsx:22:3)
Warning: A component is `contentEditable` and 
contains `children` managed by React. It is now 
your responsibility to guarantee that none of those 
nodes are unexpectedly modified or duplicated. This 
is probably not intentional.
    at div
    at div
    at div
    at div
    at spy (file:///C:/Users/Eli/Desktop/Claude%20Co
de/CPQ-System/node_modules/tinyspy/dist/index.js:42:
80)
    at div
    at div
    at div
    at C:\Users\Eli\Desktop\Claude 
Code\CPQ-System\src\components\ui\card.tsx:81:57
    at div
    at C:\Users\Eli\Desktop\Claude 
Code\CPQ-System\src\components\ui\card.tsx:7:50
    at BOMGrid (C:\Users\Eli\Desktop\Claude Code\CPQ
-System\src\components\shared\BOMGrid.tsx:22:3)
Warning: A component is `contentEditable` and 
contains `children` managed by React. It is now 
your responsibility to guarantee that none of those 
nodes are unexpectedly modified or duplicated. This 
is probably not intentional.
    at div
    at div
    at div
    at div
    at spy (file:///C:/Users/Eli/Desktop/Claude%20Co
de/CPQ-System/node_modules/tinyspy/dist/index.js:42:
80)
    at div
    at div
    at div
    at C:\Users\Eli\Desktop\Claude 
Code\CPQ-System\src\components\ui\card.tsx:81:57
    at div
    at C:\Users\Eli\Desktop\Claude 
Code\CPQ-System\src\components\ui\card.tsx:7:50
    at BOMGrid (C:\Users\Eli\Desktop\Claude Code\CPQ
-System\src\components\shared\BOMGrid.tsx:22:3)
Warning: A component is `contentEditable` and 
contains `children` managed by React. It is now 
your responsibility to guarantee that none of those 
nodes are unexpectedly modified or duplicated. This 
is probably not intentional.
    at div
    at div
    at div
    at div
    at spy (file:///C:/Users/Eli/Desktop/Claude%20Co
de/CPQ-System/node_modules/tinyspy/dist/index.js:42:
80)
    at div
    at div
    at div
    at C:\Users\Eli\Desktop\Claude 
Code\CPQ-System\src\components\ui\card.tsx:81:57
    at div
    at C:\Users\Eli\Desktop\Claude 
Code\CPQ-System\src\components\ui\card.tsx:7:50
    at BOMGrid (C:\Users\Eli\Desktop\Claude Code\CPQ
-System\src\components\shared\BOMGrid.tsx:22:3)
Warning: A component is `contentEditable` and 
contains `children` managed by React. It is now 
your responsibility to guarantee that none of those 
nodes are unexpectedly modified or duplicated. This 
is probably not intentional.
    at div
    at div
    at div
    at div
    at spy (file:///C:/Users/Eli/Desktop/Claude%20Co
de/CPQ-System/node_modules/tinyspy/dist/index.js:42:
80)
    at div
    at div
    at div
    at C:\Users\Eli\Desktop\Claude 
Code\CPQ-System\src\components\ui\card.tsx:81:57
    at div
    at C:\Users\Eli\Desktop\Claude 
Code\CPQ-System\src\components\ui\card.tsx:7:50
    at BOMGrid (C:\Users\Eli\Desktop\Claude Code\CPQ
-System\src\components\shared\BOMGrid.tsx:22:3)
Warning: A component is `contentEditable` and 
contains `children` managed by React. It is now 
your responsibility to guarantee that none of those 
nodes are unexpectedly modified or duplicated. This 
is probably not intentional.
    at div
    at div
    at div
    at div
    at spy (file:///C:/Users/Eli/Desktop/Claude%20Co
de/CPQ-System/node_modules/tinyspy/dist/index.js:42:
80)
    at div
    at div
    at div
    at C:\Users\Eli\Desktop\Claude 
Code\CPQ-System\src\components\ui\card.tsx:81:57
    at div
    at C:\Users\Eli\Desktop\Claude 
Code\CPQ-System\src\components\ui\card.tsx:7:50
    at BOMGrid (C:\Users\Eli\Desktop\Claude Code\CPQ
-System\src\components\shared\BOMGrid.tsx:22:3)
Warning: A component is `contentEditable` and 
contains `children` managed by React. It is now 
your responsibility to guarantee that none of those 
nodes are unexpectedly modified or duplicated. This 
is probably not intentional.
    at div
    at div
    at div
    at div
    at spy (file:///C:/Users/Eli/Desktop/Claude%20Co
de/CPQ-System/node_modules/tinyspy/dist/index.js:42:
80)
    at div
    at div
    at div
    at C:\Users\Eli\Desktop\Claude 
Code\CPQ-System\src\components\ui\card.tsx:81:57
    at div
    at C:\Users\Eli\Desktop\Claude 
Code\CPQ-System\src\components\ui\card.tsx:7:50
    at BOMGrid (C:\Users\Eli\Desktop\Claude Code\CPQ
-System\src\components\shared\BOMGrid.tsx:22:3)
Warning: A component is `contentEditable` and 
contains `children` managed by React. It is now 
your responsibility to guarantee that none of those 
nodes are unexpectedly modified or duplicated. This 
is probably not intentional.
    at div
    at div
    at div
    at div
    at spy (file:///C:/Users/Eli/Desktop/Claude%20Co
de/CPQ-System/node_modules/tinyspy/dist/index.js:42:
80)
    at div
    at div
    at div
    at C:\Users\Eli\Desktop\Claude 
Code\CPQ-System\src\components\ui\card.tsx:81:57
    at div
    at C:\Users\Eli\Desktop\Claude 
Code\CPQ-System\src\components\ui\card.tsx:7:50
    at BOMGrid (C:\Users\Eli\Desktop\Claude Code\CPQ
-System\src\components\shared\BOMGrid.tsx:22:3)
Warning: A component is `contentEditable` and 
contains `children` managed by React. It is now 
your responsibility to guarantee that none of those 
nodes are unexpectedly modified or duplicated. This 
is probably not intentional.
    at div
    at div
    at div
    at div
    at spy (file:///C:/Users/Eli/Desktop/Claude%20Co
de/CPQ-System/node_modules/tinyspy/dist/index.js:42:
80)
    at div
    at div
    at div
    at C:\Users\Eli\Desktop\Claude 
Code\CPQ-System\src\components\ui\card.tsx:81:57
    at div
    at C:\Users\Eli\Desktop\Claude 
Code\CPQ-System\src\components\ui\card.tsx:7:50
    at BOMGrid (C:\Users\Eli\Desktop\Claude Code\CPQ
-System\src\components\shared\BOMGrid.tsx:22:3)
Warning: A component is `contentEditable` and 
contains `children` managed by React. It is now 
your responsibility to guarantee that none of those 
nodes are unexpectedly modified or duplicated. This 
is probably not intentional.
    at div
    at div
    at div
    at div
    at spy (file:///C:/Users/Eli/Desktop/Claude%20Co
de/CPQ-System/node_modules/tinyspy/dist/index.js:42:
80)
    at div
    at div
    at div
    at C:\Users\Eli\Desktop\Claude 
Code\CPQ-System\src\components\ui\card.tsx:81:57
    at div
    at C:\Users\Eli\Desktop\Claude 
Code\CPQ-System\src\components\ui\card.tsx:7:50
    at BOMGrid (C:\Users\Eli\Desktop\Claude Code\CPQ
-System\src\components\shared\BOMGrid.tsx:22:3)
Warning: A component is `contentEditable` and 
contains `children` managed by React. It is now 
your responsibility to guarantee that none of those 
nodes are unexpectedly modified or duplicated. This 
is probably not intentional.
    at div
    at div
    at div
    at div
    at spy (file:///C:/Users/Eli/Desktop/Claude%20Co
de/CPQ-System/node_modules/tinyspy/dist/index.js:42:
80)
    at div
    at div
    at div
    at C:\Users\Eli\Desktop\Claude 
Code\CPQ-System\src\components\ui\card.tsx:81:57
    at div
    at C:\Users\Eli\Desktop\Claude 
Code\CPQ-System\src\components\ui\card.tsx:7:50
    at BOMGrid (C:\Users\Eli\Desktop\Claude Code\CPQ
-System\src\components\shared\BOMGrid.tsx:22:3)
Warning: A component is `contentEditable` and 
contains `children` managed by React. It is now 
your responsibility to guarantee that none of those 
nodes are unexpectedly modified or duplicated. This 
is probably not intentional.
    at div
    at div
    at div
    at div
    at spy (file:///C:/Users/Eli/Desktop/Claude%20Co
de/CPQ-System/node_modules/tinyspy/dist/index.js:42:
80)
    at div
    at div
    at div
    at C:\Users\Eli\Desktop\Claude 
Code\CPQ-System\src\components\ui\card.tsx:81:57
    at div
    at C:\Users\Eli\Desktop\Claude 
Code\CPQ-System\src\components\ui\card.tsx:7:50
    at BOMGrid (C:\Users\Eli\Desktop\Claude Code\CPQ
-System\src\components\shared\BOMGrid.tsx:22:3)
Warning: A component is `contentEditable` and 
contains `children` managed by React. It is now 
your responsibility to guarantee that none of those 
nodes are unexpectedly modified or duplicated. This 
is probably not intentional.
    at div
    at div
    at div
    at div
    at spy (file:///C:/Users/Eli/Desktop/Claude%20Co
de/CPQ-System/node_modules/tinyspy/dist/index.js:42:
80)
    at div
    at div
    at div
    at C:\Users\Eli\Desktop\Claude 
Code\CPQ-System\src\components\ui\card.tsx:81:57
    at div
    at C:\Users\Eli\Desktop\Claude 
Code\CPQ-System\src\components\ui\card.tsx:7:50
    at BOMGrid (C:\Users\Eli\Desktop\Claude Code\CPQ
-System\src\components\shared\BOMGrid.tsx:22:3)
Warning: A component is `contentEditable` and 
contains `children` managed by React. It is now 
your responsibility to guarantee that none of those 
nodes are unexpectedly modified or duplicated. This 
is probably not intentional.
    at div
    at div
    at div
    at div
    at spy (file:///C:/Users/Eli/Desktop/Claude%20Co
de/CPQ-System/node_modules/tinyspy/dist/index.js:42:
80)
    at div
    at div
    at div
    at C:\Users\Eli\Desktop\Claude 
Code\CPQ-System\src\components\ui\card.tsx:81:57
    at div
    at C:\Users\Eli\Desktop\Claude 
Code\CPQ-System\src\components\ui\card.tsx:7:50
    at BOMGrid (C:\Users\Eli\Desktop\Claude Code\CPQ
-System\src\components\shared\BOMGrid.tsx:22:3)
Warning: A component is `contentEditable` and 
contains `children` managed by React. It is now 
your responsibility to guarantee that none of those 
nodes are unexpectedly modified or duplicated. This 
is probably not intentional.
    at div
    at div
    at div
    at div
    at spy (file:///C:/Users/Eli/Desktop/Claude%20Co
de/CPQ-System/node_modules/tinyspy/dist/index.js:42:
80)
    at div
    at div
    at div
    at C:\Users\Eli\Desktop\Claude 
Code\CPQ-System\src\components\ui\card.tsx:81:57
    at div
    at C:\Users\Eli\Desktop\Claude 
Code\CPQ-System\src\components\ui\card.tsx:7:50
    at BOMGrid (C:\Users\Eli\Desktop\Claude Code\CPQ
-System\src\components\shared\BOMGrid.tsx:22:3)
Warning: A component is `contentEditable` and 
contains `children` managed by React. It is now 
your responsibility to guarantee that none of those 
nodes are unexpectedly modified or duplicated. This 
is probably not intentional.
    at div
    at div
    at div
    at div
    at spy (file:///C:/Users/Eli/Desktop/Claude%20Co
de/CPQ-System/node_modules/tinyspy/dist/index.js:42:
80)
    at div
    at div
    at div
    at C:\Users\Eli\Desktop\Claude 
Code\CPQ-System\src\components\ui\card.tsx:81:57
    at div
    at C:\Users\Eli\Desktop\Claude 
Code\CPQ-System\src\components\ui\card.tsx:7:50
    at BOMGrid (C:\Users\Eli\Desktop\Claude Code\CPQ
-System\src\components\shared\BOMGrid.tsx:22:3)
Warning: A component is `contentEditable` and 
contains `children` managed by React. It is now 
your responsibility to guarantee that none of those 
nodes are unexpectedly modified or duplicated. This 
is probably not intentional.
    at div
    at div
    at div
    at div
    at spy (file:///C:/Users/Eli/Desktop/Claude%20Co
de/CPQ-System/node_modules/tinyspy/dist/index.js:42:
80)
    at div
    at div
    at div
    at C:\Users\Eli\Desktop\Claude 
Code\CPQ-System\src\components\ui\card.tsx:81:57
    at div
    at C:\Users\Eli\Desktop\Claude 
Code\CPQ-System\src\components\ui\card.tsx:7:50
    at BOMGrid (C:\Users\Eli\Desktop\Claude Code\CPQ
-System\src\components\shared\BOMGrid.tsx:22:3)
Warning: A component is `contentEditable` and 
contains `children` managed by React. It is now 
your responsibility to guarantee that none of those 
nodes are unexpectedly modified or duplicated. This 
is probably not intentional.
    at div
    at div
    at div
    at div
    at spy (file:///C:/Users/Eli/Desktop/Claude%20Co
de/CPQ-System/node_modules/tinyspy/dist/index.js:42:
80)
    at div
    at div
    at div
    at C:\Users\Eli\Desktop\Claude 
Code\CPQ-System\src\components\ui\card.tsx:81:57
    at div
    at C:\Users\Eli\Desktop\Claude 
Code\CPQ-System\src\components\ui\card.tsx:7:50
    at BOMGrid (C:\Users\Eli\Desktop\Claude Code\CPQ
-System\src\components\shared\BOMGrid.tsx:22:3)
Warning: A component is `contentEditable` and 
contains `children` managed by React. It is now 
your responsibility to guarantee that none of those 
nodes are unexpectedly modified or duplicated. This 
is probably not intentional.
    at div
    at div
    at div
    at div
    at spy (file:///C:/Users/Eli/Desktop/Claude%20Co
de/CPQ-System/node_modules/tinyspy/dist/index.js:42:
80)
    at div
    at div
    at div
    at C:\Users\Eli\Desktop\Claude 
Code\CPQ-System\src\components\ui\card.tsx:81:57
    at div
    at C:\Users\Eli\Desktop\Claude 
Code\CPQ-System\src\components\ui\card.tsx:7:50
    at BOMGrid (C:\Users\Eli\Desktop\Claude Code\CPQ
-System\src\components\shared\BOMGrid.tsx:22:3)
Warning: A component is `contentEditable` and 
contains `children` managed by React. It is now 
your responsibility to guarantee that none of those 
nodes are unexpectedly modified or duplicated. This 
is probably not intentional.
    at div
    at div
    at div
    at div
    at spy (file:///C:/Users/Eli/Desktop/Claude%20Co
de/CPQ-System/node_modules/tinyspy/dist/index.js:42:
80)
    at div
    at div
    at div
    at C:\Users\Eli\Desktop\Claude 
Code\CPQ-System\src\components\ui\card.tsx:81:57
    at div
    at C:\Users\Eli\Desktop\Claude 
Code\CPQ-System\src\components\ui\card.tsx:7:50
    at BOMGrid (C:\Users\Eli\Desktop\Claude Code\CPQ
-System\src\components\shared\BOMGrid.tsx:22:3)

[90mstderr[2m | src/components/shared/__tests__/BO
MGrid.test.tsx[2m > [22m[2mBOMGrid[2m > 
[22m[2mMargin Calculations[2m > [22m[2mshows 
margin color coding based on value[22m[39m
Warning: A component is `contentEditable` and 
contains `children` managed by React. It is now 
your responsibility to guarantee that none of those 
nodes are unexpectedly modified or duplicated. This 
is probably not intentional.
    at div
    at div
    at div
    at div
    at spy (file:///C:/Users/Eli/Desktop/Claude%20Co
de/CPQ-System/node_modules/tinyspy/dist/index.js:42:
80)
    at div
    at div
    at div
    at C:\Users\Eli\Desktop\Claude 
Code\CPQ-System\src\components\ui\card.tsx:81:57
    at div
    at C:\Users\Eli\Desktop\Claude 
Code\CPQ-System\src\components\ui\card.tsx:7:50
    at BOMGrid (C:\Users\Eli\Desktop\Claude Code\CPQ
-System\src\components\shared\BOMGrid.tsx:22:3)
Warning: A component is `contentEditable` and 
contains `children` managed by React. It is now 
your responsibility to guarantee that none of those 
nodes are unexpectedly modified or duplicated. This 
is probably not intentional.
    at div
    at div
    at div
    at div
    at spy (file:///C:/Users/Eli/Desktop/Claude%20Co
de/CPQ-System/node_modules/tinyspy/dist/index.js:42:
80)
    at div
    at div
    at div
    at C:\Users\Eli\Desktop\Claude 
Code\CPQ-System\src\components\ui\card.tsx:81:57
    at div
    at C:\Users\Eli\Desktop\Claude 
Code\CPQ-System\src\components\ui\card.tsx:7:50
    at BOMGrid (C:\Users\Eli\Desktop\Claude Code\CPQ
-System\src\components\shared\BOMGrid.tsx:22:3)
Warning: A component is `contentEditable` and 
contains `children` managed by React. It is now 
your responsibility to guarantee that none of those 
nodes are unexpectedly modified or duplicated. This 
is probably not intentional.
    at div
    at div
    at div
    at div
    at spy (file:///C:/Users/Eli/Desktop/Claude%20Co
de/CPQ-System/node_modules/tinyspy/dist/index.js:42:
80)
    at div
    at div
    at div
    at C:\Users\Eli\Desktop\Claude 
Code\CPQ-System\src\components\ui\card.tsx:81:57
    at div
    at C:\Users\Eli\Desktop\Claude 
Code\CPQ-System\src\components\ui\card.tsx:7:50
    at BOMGrid (C:\Users\Eli\Desktop\Claude Code\CPQ
-System\src\components\shared\BOMGrid.tsx:22:3)
Warning: A component is `contentEditable` and 
contains `children` managed by React. It is now 
your responsibility to guarantee that none of those 
nodes are unexpectedly modified or duplicated. This 
is probably not intentional.
    at div
    at div
    at div
    at div
    at spy (file:///C:/Users/Eli/Desktop/Claude%20Co
de/CPQ-System/node_modules/tinyspy/dist/index.js:42:
80)
    at div
    at div
    at div
    at C:\Users\Eli\Desktop\Claude 
Code\CPQ-System\src\components\ui\card.tsx:81:57
    at div
    at C:\Users\Eli\Desktop\Claude 
Code\CPQ-System\src\components\ui\card.tsx:7:50
    at BOMGrid (C:\Users\Eli\Desktop\Claude Code\CPQ
-System\src\components\shared\BOMGrid.tsx:22:3)
Warning: A component is `contentEditable` and 
contains `children` managed by React. It is now 
your responsibility to guarantee that none of those 
nodes are unexpectedly modified or duplicated. This 
is probably not intentional.
    at div
    at div
    at div
    at div
    at spy (file:///C:/Users/Eli/Desktop/Claude%20Co
de/CPQ-System/node_modules/tinyspy/dist/index.js:42:
80)
    at div
    at div
    at div
    at C:\Users\Eli\Desktop\Claude 
Code\CPQ-System\src\components\ui\card.tsx:81:57
    at div
    at C:\Users\Eli\Desktop\Claude 
Code\CPQ-System\src\components\ui\card.tsx:7:50
    at BOMGrid (C:\Users\Eli\Desktop\Claude Code\CPQ
-System\src\components\shared\BOMGrid.tsx:22:3)
Warning: A component is `contentEditable` and 
contains `children` managed by React. It is now 
your responsibility to guarantee that none of those 
nodes are unexpectedly modified or duplicated. This 
is probably not intentional.
    at div
    at div
    at div
    at div
    at spy (file:///C:/Users/Eli/Desktop/Claude%20Co
de/CPQ-System/node_modules/tinyspy/dist/index.js:42:
80)
    at div
    at div
    at div
    at C:\Users\Eli\Desktop\Claude 
Code\CPQ-System\src\components\ui\card.tsx:81:57
    at div
    at C:\Users\Eli\Desktop\Claude 
Code\CPQ-System\src\components\ui\card.tsx:7:50
    at BOMGrid (C:\Users\Eli\Desktop\Claude Code\CPQ
-System\src\components\shared\BOMGrid.tsx:22:3)
Warning: A component is `contentEditable` and 
contains `children` managed by React. It is now 
your responsibility to guarantee that none of those 
nodes are unexpectedly modified or duplicated. This 
is probably not intentional.
    at div
    at div
    at div
    at div
    at spy (file:///C:/Users/Eli/Desktop/Claude%20Co
de/CPQ-System/node_modules/tinyspy/dist/index.js:42:
80)
    at div
    at div
    at div
    at C:\Users\Eli\Desktop\Claude 
Code\CPQ-System\src\components\ui\card.tsx:81:57
    at div
    at C:\Users\Eli\Desktop\Claude 
Code\CPQ-System\src\components\ui\card.tsx:7:50
    at BOMGrid (C:\Users\Eli\Desktop\Claude Code\CPQ
-System\src\components\shared\BOMGrid.tsx:22:3)
Warning: A component is `contentEditable` and 
contains `children` managed by React. It is now 
your responsibility to guarantee that none of those 
nodes are unexpectedly modified or duplicated. This 
is probably not intentional.
    at div
    at div
    at div
    at div
    at spy (file:///C:/Users/Eli/Desktop/Claude%20Co
de/CPQ-System/node_modules/tinyspy/dist/index.js:42:
80)
    at div
    at div
    at div
    at C:\Users\Eli\Desktop\Claude 
Code\CPQ-System\src\components\ui\card.tsx:81:57
    at div
    at C:\Users\Eli\Desktop\Claude 
Code\CPQ-System\src\components\ui\card.tsx:7:50
    at BOMGrid (C:\Users\Eli\Desktop\Claude Code\CPQ
-System\src\components\shared\BOMGrid.tsx:22:3)
Warning: A component is `contentEditable` and 
contains `children` managed by React. It is now 
your responsibility to guarantee that none of those 
nodes are unexpectedly modified or duplicated. This 
is probably not intentional.
    at div
    at div
    at div
    at div
    at spy (file:///C:/Users/Eli/Desktop/Claude%20Co
de/CPQ-System/node_modules/tinyspy/dist/index.js:42:
80)
    at div
    at div
    at div
    at C:\Users\Eli\Desktop\Claude 
Code\CPQ-System\src\components\ui\card.tsx:81:57
    at div
    at C:\Users\Eli\Desktop\Claude 
Code\CPQ-System\src\components\ui\card.tsx:7:50
    at BOMGrid (C:\Users\Eli\Desktop\Claude Code\CPQ
-System\src\components\shared\BOMGrid.tsx:22:3)
Warning: A component is `contentEditable` and 
contains `children` managed by React. It is now 
your responsibility to guarantee that none of those 
nodes are unexpectedly modified or duplicated. This 
is probably not intentional.
    at div
    at div
    at div
    at div
    at spy (file:///C:/Users/Eli/Desktop/Claude%20Co
de/CPQ-System/node_modules/tinyspy/dist/index.js:42:
80)
    at div
    at div
    at div
    at C:\Users\Eli\Desktop\Claude 
Code\CPQ-System\src\components\ui\card.tsx:81:57
    at div
    at C:\Users\Eli\Desktop\Claude 
Code\CPQ-System\src\components\ui\card.tsx:7:50
    at BOMGrid (C:\Users\Eli\Desktop\Claude Code\CPQ
-System\src\components\shared\BOMGrid.tsx:22:3)
Warning: A component is `contentEditable` and 
contains `children` managed by React. It is now 
your responsibility to guarantee that none of those 
nodes are unexpectedly modified or duplicated. This 
is probably not intentional.
    at div
    at div
    at div
    at div
    at spy (file:///C:/Users/Eli/Desktop/Claude%20Co
de/CPQ-System/node_modules/tinyspy/dist/index.js:42:
80)
    at div
    at div
    at div
    at C:\Users\Eli\Desktop\Claude 
Code\CPQ-System\src\components\ui\card.tsx:81:57
    at div
    at C:\Users\Eli\Desktop\Claude 
Code\CPQ-System\src\components\ui\card.tsx:7:50
    at BOMGrid (C:\Users\Eli\Desktop\Claude Code\CPQ
-System\src\components\shared\BOMGrid.tsx:22:3)
Warning: A component is `contentEditable` and 
contains `children` managed by React. It is now 
your responsibility to guarantee that none of those 
nodes are unexpectedly modified or duplicated. This 
is probably not intentional.
    at div
    at div
    at div
    at div
    at spy (file:///C:/Users/Eli/Desktop/Claude%20Co
de/CPQ-System/node_modules/tinyspy/dist/index.js:42:
80)
    at div
    at div
    at div
    at C:\Users\Eli\Desktop\Claude 
Code\CPQ-System\src\components\ui\card.tsx:81:57
    at div
    at C:\Users\Eli\Desktop\Claude 
Code\CPQ-System\src\components\ui\card.tsx:7:50
    at BOMGrid (C:\Users\Eli\Desktop\Claude Code\CPQ
-System\src\components\shared\BOMGrid.tsx:22:3)
Warning: A component is `contentEditable` and 
contains `children` managed by React. It is now 
your responsibility to guarantee that none of those 
nodes are unexpectedly modified or duplicated. This 
is probably not intentional.
    at div
    at div
    at div
    at div
    at spy (file:///C:/Users/Eli/Desktop/Claude%20Co
de/CPQ-System/node_modules/tinyspy/dist/index.js:42:
80)
    at div
    at div
    at div
    at C:\Users\Eli\Desktop\Claude 
Code\CPQ-System\src\components\ui\card.tsx:81:57
    at div
    at C:\Users\Eli\Desktop\Claude 
Code\CPQ-System\src\components\ui\card.tsx:7:50
    at BOMGrid (C:\Users\Eli\Desktop\Claude Code\CPQ
-System\src\components\shared\BOMGrid.tsx:22:3)
Warning: A component is `contentEditable` and 
contains `children` managed by React. It is now 
your responsibility to guarantee that none of those 
nodes are unexpectedly modified or duplicated. This 
is probably not intentional.
    at div
    at div
    at div
    at div
    at spy (file:///C:/Users/Eli/Desktop/Claude%20Co
de/CPQ-System/node_modules/tinyspy/dist/index.js:42:
80)
    at div
    at div
    at div
    at C:\Users\Eli\Desktop\Claude 
Code\CPQ-System\src\components\ui\card.tsx:81:57
    at div
    at C:\Users\Eli\Desktop\Claude 
Code\CPQ-System\src\components\ui\card.tsx:7:50
    at BOMGrid (C:\Users\Eli\Desktop\Claude Code\CPQ
-System\src\components\shared\BOMGrid.tsx:22:3)
Warning: A component is `contentEditable` and 
contains `children` managed by React. It is now 
your responsibility to guarantee that none of those 
nodes are unexpectedly modified or duplicated. This 
is probably not intentional.
    at div
    at div
    at div
    at div
    at spy (file:///C:/Users/Eli/Desktop/Claude%20Co
de/CPQ-System/node_modules/tinyspy/dist/index.js:42:
80)
    at div
    at div
    at div
    at C:\Users\Eli\Desktop\Claude 
Code\CPQ-System\src\components\ui\card.tsx:81:57
    at div
    at C:\Users\Eli\Desktop\Claude 
Code\CPQ-System\src\components\ui\card.tsx:7:50
    at BOMGrid (C:\Users\Eli\Desktop\Claude Code\CPQ
-System\src\components\shared\BOMGrid.tsx:22:3)
Warning: A component is `contentEditable` and 
contains `children` managed by React. It is now 
your responsibility to guarantee that none of those 
nodes are unexpectedly modified or duplicated. This 
is probably not intentional.
    at div
    at div
    at div
    at div
    at spy (file:///C:/Users/Eli/Desktop/Claude%20Co
de/CPQ-System/node_modules/tinyspy/dist/index.js:42:
80)
    at div
    at div
    at div
    at C:\Users\Eli\Desktop\Claude 
Code\CPQ-System\src\components\ui\card.tsx:81:57
    at div
    at C:\Users\Eli\Desktop\Claude 
Code\CPQ-System\src\components\ui\card.tsx:7:50
    at BOMGrid (C:\Users\Eli\Desktop\Claude Code\CPQ
-System\src\components\shared\BOMGrid.tsx:22:3)
Warning: A component is `contentEditable` and 
contains `children` managed by React. It is now 
your responsibility to guarantee that none of those 
nodes are unexpectedly modified or duplicated. This 
is probably not intentional.
    at div
    at div
    at div
    at div
    at spy (file:///C:/Users/Eli/Desktop/Claude%20Co
de/CPQ-System/node_modules/tinyspy/dist/index.js:42:
80)
    at div
    at div
    at div
    at C:\Users\Eli\Desktop\Claude 
Code\CPQ-System\src\components\ui\card.tsx:81:57
    at div
    at C:\Users\Eli\Desktop\Claude 
Code\CPQ-System\src\components\ui\card.tsx:7:50
    at BOMGrid (C:\Users\Eli\Desktop\Claude Code\CPQ
-System\src\components\shared\BOMGrid.tsx:22:3)
Warning: A component is `contentEditable` and 
contains `children` managed by React. It is now 
your responsibility to guarantee that none of those 
nodes are unexpectedly modified or duplicated. This 
is probably not intentional.
    at div
    at div
    at div
    at div
    at spy (file:///C:/Users/Eli/Desktop/Claude%20Co
de/CPQ-System/node_modules/tinyspy/dist/index.js:42:
80)
    at div
    at div
    at div
    at C:\Users\Eli\Desktop\Claude 
Code\CPQ-System\src\components\ui\card.tsx:81:57
    at div
    at C:\Users\Eli\Desktop\Claude 
Code\CPQ-System\src\components\ui\card.tsx:7:50
    at BOMGrid (C:\Users\Eli\Desktop\Claude Code\CPQ
-System\src\components\shared\BOMGrid.tsx:22:3)
Warning: A component is `contentEditable` and 
contains `children` managed by React. It is now 
your responsibility to guarantee that none of those 
nodes are unexpectedly modified or duplicated. This 
is probably not intentional.
    at div
    at div
    at div
    at div
    at spy (file:///C:/Users/Eli/Desktop/Claude%20Co
de/CPQ-System/node_modules/tinyspy/dist/index.js:42:
80)
    at div
    at div
    at div
    at C:\Users\Eli\Desktop\Claude 
Code\CPQ-System\src\components\ui\card.tsx:81:57
    at div
    at C:\Users\Eli\Desktop\Claude 
Code\CPQ-System\src\components\ui\card.tsx:7:50
    at BOMGrid (C:\Users\Eli\Desktop\Claude Code\CPQ
-System\src\components\shared\BOMGrid.tsx:22:3)
Warning: A component is `contentEditable` and 
contains `children` managed by React. It is now 
your responsibility to guarantee that none of those 
nodes are unexpectedly modified or duplicated. This 
is probably not intentional.
    at div
    at div
    at div
    at div
    at spy (file:///C:/Users/Eli/Desktop/Claude%20Co
de/CPQ-System/node_modules/tinyspy/dist/index.js:42:
80)
    at div
    at div
    at div
    at C:\Users\Eli\Desktop\Claude 
Code\CPQ-System\src\components\ui\card.tsx:81:57
    at div
    at C:\Users\Eli\Desktop\Claude 
Code\CPQ-System\src\components\ui\card.tsx:7:50
    at BOMGrid (C:\Users\Eli\Desktop\Claude Code\CPQ
-System\src\components\shared\BOMGrid.tsx:22:3)
Warning: A component is `contentEditable` and 
contains `children` managed by React. It is now 
your responsibility to guarantee that none of those 
nodes are unexpectedly modified or duplicated. This 
is probably not intentional.
    at div
    at div
    at div
    at div
    at spy (file:///C:/Users/Eli/Desktop/Claude%20Co
de/CPQ-System/node_modules/tinyspy/dist/index.js:42:
80)
    at div
    at div
    at div
    at C:\Users\Eli\Desktop\Claude 
Code\CPQ-System\src\components\ui\card.tsx:81:57
    at div
    at C:\Users\Eli\Desktop\Claude 
Code\CPQ-System\src\components\ui\card.tsx:7:50
    at BOMGrid (C:\Users\Eli\Desktop\Claude Code\CPQ
-System\src\components\shared\BOMGrid.tsx:22:3)
Warning: A component is `contentEditable` and 
contains `children` managed by React. It is now 
your responsibility to guarantee that none of those 
nodes are unexpectedly modified or duplicated. This 
is probably not intentional.
    at div
    at div
    at div
    at div
    at spy (file:///C:/Users/Eli/Desktop/Claude%20Co
de/CPQ-System/node_modules/tinyspy/dist/index.js:42:
80)
    at div
    at div
    at div
    at C:\Users\Eli\Desktop\Claude 
Code\CPQ-System\src\components\ui\card.tsx:81:57
    at div
    at C:\Users\Eli\Desktop\Claude 
Code\CPQ-System\src\components\ui\card.tsx:7:50
    at BOMGrid (C:\Users\Eli\Desktop\Claude Code\CPQ
-System\src\components\shared\BOMGrid.tsx:22:3)
Warning: A component is `contentEditable` and 
contains `children` managed by React. It is now 
your responsibility to guarantee that none of those 
nodes are unexpectedly modified or duplicated. This 
is probably not intentional.
    at div
    at div
    at div
    at div
    at spy (file:///C:/Users/Eli/Desktop/Claude%20Co
de/CPQ-System/node_modules/tinyspy/dist/index.js:42:
80)
    at div
    at div
    at div
    at C:\Users\Eli\Desktop\Claude 
Code\CPQ-System\src\components\ui\card.tsx:81:57
    at div
    at C:\Users\Eli\Desktop\Claude 
Code\CPQ-System\src\components\ui\card.tsx:7:50
    at BOMGrid (C:\Users\Eli\Desktop\Claude Code\CPQ
-System\src\components\shared\BOMGrid.tsx:22:3)
Warning: A component is `contentEditable` and 
contains `children` managed by React. It is now 
your responsibility to guarantee that none of those 
nodes are unexpectedly modified or duplicated. This 
is probably not intentional.
    at div
    at div
    at div
    at div
    at spy (file:///C:/Users/Eli/Desktop/Claude%20Co
de/CPQ-System/node_modules/tinyspy/dist/index.js:42:
80)
    at div
    at div
    at div
    at C:\Users\Eli\Desktop\Claude 
Code\CPQ-System\src\components\ui\card.tsx:81:57
    at div
    at C:\Users\Eli\Desktop\Claude 
Code\CPQ-System\src\components\ui\card.tsx:7:50
    at BOMGrid (C:\Users\Eli\Desktop\Claude Code\CPQ
-System\src\components\shared\BOMGrid.tsx:22:3)
Warning: A component is `contentEditable` and 
contains `children` managed by React. It is now 
your responsibility to guarantee that none of those 
nodes are unexpectedly modified or duplicated. This 
is probably not intentional.
    at div
    at div
    at div
    at div
    at spy (file:///C:/Users/Eli/Desktop/Claude%20Co
de/CPQ-System/node_modules/tinyspy/dist/index.js:42:
80)
    at div
    at div
    at div
    at C:\Users\Eli\Desktop\Claude 
Code\CPQ-System\src\components\ui\card.tsx:81:57
    at div
    at C:\Users\Eli\Desktop\Claude 
Code\CPQ-System\src\components\ui\card.tsx:7:50
    at BOMGrid (C:\Users\Eli\Desktop\Claude Code\CPQ
-System\src\components\shared\BOMGrid.tsx:22:3)
Warning: A component is `contentEditable` and 
contains `children` managed by React. It is now 
your responsibility to guarantee that none of those 
nodes are unexpectedly modified or duplicated. This 
is probably not intentional.
    at div
    at div
    at div
    at div
    at spy (file:///C:/Users/Eli/Desktop/Claude%20Co
de/CPQ-System/node_modules/tinyspy/dist/index.js:42:
80)
    at div
    at div
    at div
    at C:\Users\Eli\Desktop\Claude 
Code\CPQ-System\src\components\ui\card.tsx:81:57
    at div
    at C:\Users\Eli\Desktop\Claude 
Code\CPQ-System\src\components\ui\card.tsx:7:50
    at BOMGrid (C:\Users\Eli\Desktop\Claude Code\CPQ
-System\src\components\shared\BOMGrid.tsx:22:3)
Warning: A component is `contentEditable` and 
contains `children` managed by React. It is now 
your responsibility to guarantee that none of those 
nodes are unexpectedly modified or duplicated. This 
is probably not intentional.
    at div
    at div
    at div
    at div
    at spy (file:///C:/Users/Eli/Desktop/Claude%20Co
de/CPQ-System/node_modules/tinyspy/dist/index.js:42:
80)
    at div
    at div
    at div
    at C:\Users\Eli\Desktop\Claude 
Code\CPQ-System\src\components\ui\card.tsx:81:57
    at div
    at C:\Users\Eli\Desktop\Claude 
Code\CPQ-System\src\components\ui\card.tsx:7:50
    at BOMGrid (C:\Users\Eli\Desktop\Claude Code\CPQ
-System\src\components\shared\BOMGrid.tsx:22:3)
Warning: A component is `contentEditable` and 
contains `children` managed by React. It is now 
your responsibility to guarantee that none of those 
nodes are unexpectedly modified or duplicated. This 
is probably not intentional.
    at div
    at div
    at div
    at div
    at spy (file:///C:/Users/Eli/Desktop/Claude%20Co
de/CPQ-System/node_modules/tinyspy/dist/index.js:42:
80)
    at div
    at div
    at div
    at C:\Users\Eli\Desktop\Claude 
Code\CPQ-System\src\components\ui\card.tsx:81:57
    at div
    at C:\Users\Eli\Desktop\Claude 
Code\CPQ-System\src\components\ui\card.tsx:7:50
    at BOMGrid (C:\Users\Eli\Desktop\Claude Code\CPQ
-System\src\components\shared\BOMGrid.tsx:22:3)
Warning: A component is `contentEditable` and 
contains `children` managed by React. It is now 
your responsibility to guarantee that none of those 
nodes are unexpectedly modified or duplicated. This 
is probably not intentional.
    at div
    at div
    at div
    at div
    at spy (file:///C:/Users/Eli/Desktop/Claude%20Co
de/CPQ-System/node_modules/tinyspy/dist/index.js:42:
80)
    at div
    at div
    at div
    at C:\Users\Eli\Desktop\Claude 
Code\CPQ-System\src\components\ui\card.tsx:81:57
    at div
    at C:\Users\Eli\Desktop\Claude 
Code\CPQ-System\src\components\ui\card.tsx:7:50
    at BOMGrid (C:\Users\Eli\Desktop\Claude Code\CPQ
-System\src\components\shared\BOMGrid.tsx:22:3)
Warning: A component is `contentEditable` and 
contains `children` managed by React. It is now 
your responsibility to guarantee that none of those 
nodes are unexpectedly modified or duplicated. This 
is probably not intentional.
    at div
    at div
    at div
    at div
    at spy (file:///C:/Users/Eli/Desktop/Claude%20Co
de/CPQ-System/node_modules/tinyspy/dist/index.js:42:
80)
    at div
    at div
    at div
    at C:\Users\Eli\Desktop\Claude 
Code\CPQ-System\src\components\ui\card.tsx:81:57
    at div
    at C:\Users\Eli\Desktop\Claude 
Code\CPQ-System\src\components\ui\card.tsx:7:50
    at BOMGrid (C:\Users\Eli\Desktop\Claude Code\CPQ
-System\src\components\shared\BOMGrid.tsx:22:3)
Warning: A component is `contentEditable` and 
contains `children` managed by React. It is now 
your responsibility to guarantee that none of those 
nodes are unexpectedly modified or duplicated. This 
is probably not intentional.
    at div
    at div
    at div
    at div
    at spy (file:///C:/Users/Eli/Desktop/Claude%20Co
de/CPQ-System/node_modules/tinyspy/dist/index.js:42:
80)
    at div
    at div
    at div
    at C:\Users\Eli\Desktop\Claude 
Code\CPQ-System\src\components\ui\card.tsx:81:57
    at div
    at C:\Users\Eli\Desktop\Claude 
Code\CPQ-System\src\components\ui\card.tsx:7:50
    at BOMGrid (C:\Users\Eli\Desktop\Claude Code\CPQ
-System\src\components\shared\BOMGrid.tsx:22:3)
Warning: A component is `contentEditable` and 
contains `children` managed by React. It is now 
your responsibility to guarantee that none of those 
nodes are unexpectedly modified or duplicated. This 
is probably not intentional.
    at div
    at div
    at div
    at div
    at spy (file:///C:/Users/Eli/Desktop/Claude%20Co
de/CPQ-System/node_modules/tinyspy/dist/index.js:42:
80)
    at div
    at div
    at div
    at C:\Users\Eli\Desktop\Claude 
Code\CPQ-System\src\components\ui\card.tsx:81:57
    at div
    at C:\Users\Eli\Desktop\Claude 
Code\CPQ-System\src\components\ui\card.tsx:7:50
    at BOMGrid (C:\Users\Eli\Desktop\Claude Code\CPQ
-System\src\components\shared\BOMGrid.tsx:22:3)
Warning: A component is `contentEditable` and 
contains `children` managed by React. It is now 
your responsibility to guarantee that none of those 
nodes are unexpectedly modified or duplicated. This 
is probably not intentional.
    at div
    at div
    at div
    at div
    at spy (file:///C:/Users/Eli/Desktop/Claude%20Co
de/CPQ-System/node_modules/tinyspy/dist/index.js:42:
80)
    at div
    at div
    at div
    at C:\Users\Eli\Desktop\Claude 
Code\CPQ-System\src\components\ui\card.tsx:81:57
    at div
    at C:\Users\Eli\Desktop\Claude 
Code\CPQ-System\src\components\ui\card.tsx:7:50
    at BOMGrid (C:\Users\Eli\Desktop\Claude Code\CPQ
-System\src\components\shared\BOMGrid.tsx:22:3)
Warning: A component is `contentEditable` and 
contains `children` managed by React. It is now 
your responsibility to guarantee that none of those 
nodes are unexpectedly modified or duplicated. This 
is probably not intentional.
    at div
    at div
    at div
    at div
    at spy (file:///C:/Users/Eli/Desktop/Claude%20Co
de/CPQ-System/node_modules/tinyspy/dist/index.js:42:
80)
    at div
    at div
    at div
    at C:\Users\Eli\Desktop\Claude 
Code\CPQ-System\src\components\ui\card.tsx:81:57
    at div
    at C:\Users\Eli\Desktop\Claude 
Code\CPQ-System\src\components\ui\card.tsx:7:50
    at BOMGrid (C:\Users\Eli\Desktop\Claude Code\CPQ
-System\src\components\shared\BOMGrid.tsx:22:3)
Warning: A component is `contentEditable` and 
contains `children` managed by React. It is now 
your responsibility to guarantee that none of those 
nodes are unexpectedly modified or duplicated. This 
is probably not intentional.
    at div
    at div
    at div
    at div
    at spy (file:///C:/Users/Eli/Desktop/Claude%20Co
de/CPQ-System/node_modules/tinyspy/dist/index.js:42:
80)
    at div
    at div
    at div
    at C:\Users\Eli\Desktop\Claude 
Code\CPQ-System\src\components\ui\card.tsx:81:57
    at div
    at C:\Users\Eli\Desktop\Claude 
Code\CPQ-System\src\components\ui\card.tsx:7:50
    at BOMGrid (C:\Users\Eli\Desktop\Claude Code\CPQ
-System\src\components\shared\BOMGrid.tsx:22:3)
Warning: A component is `contentEditable` and 
contains `children` managed by React. It is now 
your responsibility to guarantee that none of those 
nodes are unexpectedly modified or duplicated. This 
is probably not intentional.
    at div
    at div
    at div
    at div
    at spy (file:///C:/Users/Eli/Desktop/Claude%20Co
de/CPQ-System/node_modules/tinyspy/dist/index.js:42:
80)
    at div
    at div
    at div
    at C:\Users\Eli\Desktop\Claude 
Code\CPQ-System\src\components\ui\card.tsx:81:57
    at div
    at C:\Users\Eli\Desktop\Claude 
Code\CPQ-System\src\components\ui\card.tsx:7:50
    at BOMGrid (C:\Users\Eli\Desktop\Claude Code\CPQ
-System\src\components\shared\BOMGrid.tsx:22:3)
Warning: A component is `contentEditable` and 
contains `children` managed by React. It is now 
your responsibility to guarantee that none of those 
nodes are unexpectedly modified or duplicated. This 
is probably not intentional.
    at div
    at div
    at div
    at div
    at spy (file:///C:/Users/Eli/Desktop/Claude%20Co
de/CPQ-System/node_modules/tinyspy/dist/index.js:42:
80)
    at div
    at div
    at div
    at C:\Users\Eli\Desktop\Claude 
Code\CPQ-System\src\components\ui\card.tsx:81:57
    at div
    at C:\Users\Eli\Desktop\Claude 
Code\CPQ-System\src\components\ui\card.tsx:7:50
    at BOMGrid (C:\Users\Eli\Desktop\Claude Code\CPQ
-System\src\components\shared\BOMGrid.tsx:22:3)
Warning: A component is `contentEditable` and 
contains `children` managed by React. It is now 
your responsibility to guarantee that none of those 
nodes are unexpectedly modified or duplicated. This 
is probably not intentional.
    at div
    at div
    at div
    at div
    at spy (file:///C:/Users/Eli/Desktop/Claude%20Co
de/CPQ-System/node_modules/tinyspy/dist/index.js:42:
80)
    at div
    at div
    at div
    at C:\Users\Eli\Desktop\Claude 
Code\CPQ-System\src\components\ui\card.tsx:81:57
    at div
    at C:\Users\Eli\Desktop\Claude 
Code\CPQ-System\src\components\ui\card.tsx:7:50
    at BOMGrid (C:\Users\Eli\Desktop\Claude Code\CPQ
-System\src\components\shared\BOMGrid.tsx:22:3)
Warning: A component is `contentEditable` and 
contains `children` managed by React. It is now 
your responsibility to guarantee that none of those 
nodes are unexpectedly modified or duplicated. This 
is probably not intentional.
    at div
    at div
    at div
    at div
    at spy (file:///C:/Users/Eli/Desktop/Claude%20Co
de/CPQ-System/node_modules/tinyspy/dist/index.js:42:
80)
    at div
    at div
    at div
    at C:\Users\Eli\Desktop\Claude 
Code\CPQ-System\src\components\ui\card.tsx:81:57
    at div
    at C:\Users\Eli\Desktop\Claude 
Code\CPQ-System\src\components\ui\card.tsx:7:50
    at BOMGrid (C:\Users\Eli\Desktop\Claude Code\CPQ
-System\src\components\shared\BOMGrid.tsx:22:3)
Warning: A component is `contentEditable` and 
contains `children` managed by React. It is now 
your responsibility to guarantee that none of those 
nodes are unexpectedly modified or duplicated. This 
is probably not intentional.
    at div
    at div
    at div
    at div
    at spy (file:///C:/Users/Eli/Desktop/Claude%20Co
de/CPQ-System/node_modules/tinyspy/dist/index.js:42:
80)
    at div
    at div
    at div
    at C:\Users\Eli\Desktop\Claude 
Code\CPQ-System\src\components\ui\card.tsx:81:57
    at div
    at C:\Users\Eli\Desktop\Claude 
Code\CPQ-System\src\components\ui\card.tsx:7:50
    at BOMGrid (C:\Users\Eli\Desktop\Claude Code\CPQ
-System\src\components\shared\BOMGrid.tsx:22:3)
Warning: A component is `contentEditable` and 
contains `children` managed by React. It is now 
your responsibility to guarantee that none of those 
nodes are unexpectedly modified or duplicated. This 
is probably not intentional.
    at div
    at div
    at div
    at div
    at spy (file:///C:/Users/Eli/Desktop/Claude%20Co
de/CPQ-System/node_modules/tinyspy/dist/index.js:42:
80)
    at div
    at div
    at div
    at C:\Users\Eli\Desktop\Claude 
Code\CPQ-System\src\components\ui\card.tsx:81:57
    at div
    at C:\Users\Eli\Desktop\Claude 
Code\CPQ-System\src\components\ui\card.tsx:7:50
    at BOMGrid (C:\Users\Eli\Desktop\Claude Code\CPQ
-System\src\components\shared\BOMGrid.tsx:22:3)
Warning: A component is `contentEditable` and 
contains `children` managed by React. It is now 
your responsibility to guarantee that none of those 
nodes are unexpectedly modified or duplicated. This 
is probably not intentional.
    at div
    at div
    at div
    at div
    at spy (file:///C:/Users/Eli/Desktop/Claude%20Co
de/CPQ-System/node_modules/tinyspy/dist/index.js:42:
80)
    at div
    at div
    at div
    at C:\Users\Eli\Desktop\Claude 
Code\CPQ-System\src\components\ui\card.tsx:81:57
    at div
    at C:\Users\Eli\Desktop\Claude 
Code\CPQ-System\src\components\ui\card.tsx:7:50
    at BOMGrid (C:\Users\Eli\Desktop\Claude Code\CPQ
-System\src\components\shared\BOMGrid.tsx:22:3)
Warning: A component is `contentEditable` and 
contains `children` managed by React. It is now 
your responsibility to guarantee that none of those 
nodes are unexpectedly modified or duplicated. This 
is probably not intentional.
    at div
    at div
    at div
    at div
    at spy (file:///C:/Users/Eli/Desktop/Claude%20Co
de/CPQ-System/node_modules/tinyspy/dist/index.js:42:
80)
    at div
    at div
    at div
    at C:\Users\Eli\Desktop\Claude 
Code\CPQ-System\src\components\ui\card.tsx:81:57
    at div
    at C:\Users\Eli\Desktop\Claude 
Code\CPQ-System\src\components\ui\card.tsx:7:50
    at BOMGrid (C:\Users\Eli\Desktop\Claude Code\CPQ
-System\src\components\shared\BOMGrid.tsx:22:3)
Warning: A component is `contentEditable` and 
contains `children` managed by React. It is now 
your responsibility to guarantee that none of those 
nodes are unexpectedly modified or duplicated. This 
is probably not intentional.
    at div
    at div
    at div
    at div
    at spy (file:///C:/Users/Eli/Desktop/Claude%20Co
de/CPQ-System/node_modules/tinyspy/dist/index.js:42:
80)
    at div
    at div
    at div
    at C:\Users\Eli\Desktop\Claude 
Code\CPQ-System\src\components\ui\card.tsx:81:57
    at div
    at C:\Users\Eli\Desktop\Claude 
Code\CPQ-System\src\components\ui\card.tsx:7:50
    at BOMGrid (C:\Users\Eli\Desktop\Claude Code\CPQ
-System\src\components\shared\BOMGrid.tsx:22:3)
Warning: A component is `contentEditable` and 
contains `children` managed by React. It is now 
your responsibility to guarantee that none of those 
nodes are unexpectedly modified or duplicated. This 
is probably not intentional.
    at div
    at div
    at div
    at div
    at spy (file:///C:/Users/Eli/Desktop/Claude%20Co
de/CPQ-System/node_modules/tinyspy/dist/index.js:42:
80)
    at div
    at div
    at div
    at C:\Users\Eli\Desktop\Claude 
Code\CPQ-System\src\components\ui\card.tsx:81:57
    at div
    at C:\Users\Eli\Desktop\Claude 
Code\CPQ-System\src\components\ui\card.tsx:7:50
    at BOMGrid (C:\Users\Eli\Desktop\Claude Code\CPQ
-System\src\components\shared\BOMGrid.tsx:22:3)
Warning: A component is `contentEditable` and 
contains `children` managed by React. It is now 
your responsibility to guarantee that none of those 
nodes are unexpectedly modified or duplicated. This 
is probably not intentional.
    at div
    at div
    at div
    at div
    at spy (file:///C:/Users/Eli/Desktop/Claude%20Co
de/CPQ-System/node_modules/tinyspy/dist/index.js:42:
80)
    at div
    at div
    at div
    at C:\Users\Eli\Desktop\Claude 
Code\CPQ-System\src\components\ui\card.tsx:81:57
    at div
    at C:\Users\Eli\Desktop\Claude 
Code\CPQ-System\src\components\ui\card.tsx:7:50
    at BOMGrid (C:\Users\Eli\Desktop\Claude Code\CPQ
-System\src\components\shared\BOMGrid.tsx:22:3)

[90mstderr[2m | src/components/shared/__tests__/BO
MGrid.test.tsx[2m > [22m[2mBOMGrid[2m > 
[22m[2mPerformance with Large Datasets[2m > 
[22m[2mhandles large BOM lists 
efficiently[22m[39m
Warning: A component is `contentEditable` and 
contains `children` managed by React. It is now 
your responsibility to guarantee that none of those 
nodes are unexpectedly modified or duplicated. This 
is probably not intentional.
    at div
    at div
    at div
    at div
    at spy (file:///C:/Users/Eli/Desktop/Claude%20Co
de/CPQ-System/node_modules/tinyspy/dist/index.js:42:
80)
    at div
    at div
    at div
    at C:\Users\Eli\Desktop\Claude 
Code\CPQ-System\src\components\ui\card.tsx:81:57
    at div
    at C:\Users\Eli\Desktop\Claude 
Code\CPQ-System\src\components\ui\card.tsx:7:50
    at BOMGrid (C:\Users\Eli\Desktop\Claude Code\CPQ
-System\src\components\shared\BOMGrid.tsx:22:3)
Warning: A component is `contentEditable` and 
contains `children` managed by React. It is now 
your responsibility to guarantee that none of those 
nodes are unexpectedly modified or duplicated. This 
is probably not intentional.
    at div
    at div
    at div
    at div
    at spy (file:///C:/Users/Eli/Desktop/Claude%20Co
de/CPQ-System/node_modules/tinyspy/dist/index.js:42:
80)
    at div
    at div
    at div
    at C:\Users\Eli\Desktop\Claude 
Code\CPQ-System\src\components\ui\card.tsx:81:57
    at div
    at C:\Users\Eli\Desktop\Claude 
Code\CPQ-System\src\components\ui\card.tsx:7:50
    at BOMGrid (C:\Users\Eli\Desktop\Claude Code\CPQ
-System\src\components\shared\BOMGrid.tsx:22:3)
Warning: A component is `contentEditable` and 
contains `children` managed by React. It is now 
your responsibility to guarantee that none of those 
nodes are unexpectedly modified or duplicated. This 
is probably not intentional.
    at div
    at div
    at div
    at div
    at spy (file:///C:/Users/Eli/Desktop/Claude%20Co
de/CPQ-System/node_modules/tinyspy/dist/index.js:42:
80)
    at div
    at div
    at div
    at C:\Users\Eli\Desktop\Claude 
Code\CPQ-System\src\components\ui\card.tsx:81:57
    at div
    at C:\Users\Eli\Desktop\Claude 
Code\CPQ-System\src\components\ui\card.tsx:7:50
    at BOMGrid (C:\Users\Eli\Desktop\Claude Code\CPQ
-System\src\components\shared\BOMGrid.tsx:22:3)
Warning: A component is `contentEditable` and 
contains `children` managed by React. It is now 
your responsibility to guarantee that none of those 
nodes are unexpectedly modified or duplicated. This 
is probably not intentional.
    at div
    at div
    at div
    at div
    at spy (file:///C:/Users/Eli/Desktop/Claude%20Co
de/CPQ-System/node_modules/tinyspy/dist/index.js:42:
80)
    at div
    at div
    at div
    at C:\Users\Eli\Desktop\Claude 
Code\CPQ-System\src\components\ui\card.tsx:81:57
    at div
    at C:\Users\Eli\Desktop\Claude 
Code\CPQ-System\src\components\ui\card.tsx:7:50
    at BOMGrid (C:\Users\Eli\Desktop\Claude Code\CPQ
-System\src\components\shared\BOMGrid.tsx:22:3)
Warning: A component is `contentEditable` and 
contains `children` managed by React. It is now 
your responsibility to guarantee that none of those 
nodes are unexpectedly modified or duplicated. This 
is probably not intentional.
    at div
    at div
    at div
    at div
    at spy (file:///C:/Users/Eli/Desktop/Claude%20Co
de/CPQ-System/node_modules/tinyspy/dist/index.js:42:
80)
    at div
    at div
    at div
    at C:\Users\Eli\Desktop\Claude 
Code\CPQ-System\src\components\ui\card.tsx:81:57
    at div
    at C:\Users\Eli\Desktop\Claude 
Code\CPQ-System\src\components\ui\card.tsx:7:50
    at BOMGrid (C:\Users\Eli\Desktop\Claude Code\CPQ
-System\src\components\shared\BOMGrid.tsx:22:3)
Warning: A component is `contentEditable` and 
contains `children` managed by React. It is now 
your responsibility to guarantee that none of those 
nodes are unexpectedly modified or duplicated. This 
is probably not intentional.
    at div
    at div
    at div
    at div
    at spy (file:///C:/Users/Eli/Desktop/Claude%20Co
de/CPQ-System/node_modules/tinyspy/dist/index.js:42:
80)
    at div
    at div
    at div
    at C:\Users\Eli\Desktop\Claude 
Code\CPQ-System\src\components\ui\card.tsx:81:57
    at div
    at C:\Users\Eli\Desktop\Claude 
Code\CPQ-System\src\components\ui\card.tsx:7:50
    at BOMGrid (C:\Users\Eli\Desktop\Claude Code\CPQ
-System\src\components\shared\BOMGrid.tsx:22:3)
Warning: A component is `contentEditable` and 
contains `children` managed by React. It is now 
your responsibility to guarantee that none of those 
nodes are unexpectedly modified or duplicated. This 
is probably not intentional.
    at div
    at div
    at div
    at div
    at spy (file:///C:/Users/Eli/Desktop/Claude%20Co
de/CPQ-System/node_modules/tinyspy/dist/index.js:42:
80)
    at div
    at div
    at div
    at C:\Users\Eli\Desktop\Claude 
Code\CPQ-System\src\components\ui\card.tsx:81:57
    at div
    at C:\Users\Eli\Desktop\Claude 
Code\CPQ-System\src\components\ui\card.tsx:7:50
    at BOMGrid (C:\Users\Eli\Desktop\Claude Code\CPQ
-System\src\components\shared\BOMGrid.tsx:22:3)
Warning: A component is `contentEditable` and 
contains `children` managed by React. It is now 
your responsibility to guarantee that none of those 
nodes are unexpectedly modified or duplicated. This 
is probably not intentional.
    at div
    at div
    at div
    at div
    at spy (file:///C:/Users/Eli/Desktop/Claude%20Co
de/CPQ-System/node_modules/tinyspy/dist/index.js:42:
80)
    at div
    at div
    at div
    at C:\Users\Eli\Desktop\Claude 
Code\CPQ-System\src\components\ui\card.tsx:81:57
    at div
    at C:\Users\Eli\Desktop\Claude 
Code\CPQ-System\src\components\ui\card.tsx:7:50
    at BOMGrid (C:\Users\Eli\Desktop\Claude Code\CPQ
-System\src\components\shared\BOMGrid.tsx:22:3)
Warning: A component is `contentEditable` and 
contains `children` managed by React. It is now 
your responsibility to guarantee that none of those 
nodes are unexpectedly modified or duplicated. This 
is probably not intentional.
    at div
    at div
    at div
    at div
    at spy (file:///C:/Users/Eli/Desktop/Claude%20Co
de/CPQ-System/node_modules/tinyspy/dist/index.js:42:
80)
    at div
    at div
    at div
    at C:\Users\Eli\Desktop\Claude 
Code\CPQ-System\src\components\ui\card.tsx:81:57
    at div
    at C:\Users\Eli\Desktop\Claude 
Code\CPQ-System\src\components\ui\card.tsx:7:50
    at BOMGrid (C:\Users\Eli\Desktop\Claude Code\CPQ
-System\src\components\shared\BOMGrid.tsx:22:3)
Warning: A component is `contentEditable` and 
contains `children` managed by React. It is now 
your responsibility to guarantee that none of those 
nodes are unexpectedly modified or duplicated. This 
is probably not intentional.
    at div
    at div
    at div
    at div
    at spy (file:///C:/Users/Eli/Desktop/Claude%20Co
de/CPQ-System/node_modules/tinyspy/dist/index.js:42:
80)
    at div
    at div
    at div
    at C:\Users\Eli\Desktop\Claude 
Code\CPQ-System\src\components\ui\card.tsx:81:57
    at div
    at C:\Users\Eli\Desktop\Claude 
Code\CPQ-System\src\components\ui\card.tsx:7:50
    at BOMGrid (C:\Users\Eli\Desktop\Claude Code\CPQ
-System\src\components\shared\BOMGrid.tsx:22:3)
Warning: A component is `contentEditable` and 
contains `children` managed by React. It is now 
your responsibility to guarantee that none of those 
nodes are unexpectedly modified or duplicated. This 
is probably not intentional.
    at div
    at div
    at div
    at div
    at spy (file:///C:/Users/Eli/Desktop/Claude%20Co
de/CPQ-System/node_modules/tinyspy/dist/index.js:42:
80)
    at div
    at div
    at div
    at C:\Users\Eli\Desktop\Claude 
Code\CPQ-System\src\components\ui\card.tsx:81:57
    at div
    at C:\Users\Eli\Desktop\Claude 
Code\CPQ-System\src\components\ui\card.tsx:7:50
    at BOMGrid (C:\Users\Eli\Desktop\Claude Code\CPQ
-System\src\components\shared\BOMGrid.tsx:22:3)
Warning: A component is `contentEditable` and 
contains `children` managed by React. It is now 
your responsibility to guarantee that none of those 
nodes are unexpectedly modified or duplicated. This 
is probably not intentional.
    at div
    at div
    at div
    at div
    at spy (file:///C:/Users/Eli/Desktop/Claude%20Co
de/CPQ-System/node_modules/tinyspy/dist/index.js:42:
80)
    at div
    at div
    at div
    at C:\Users\Eli\Desktop\Claude 
Code\CPQ-System\src\components\ui\card.tsx:81:57
    at div
    at C:\Users\Eli\Desktop\Claude 
Code\CPQ-System\src\components\ui\card.tsx:7:50
    at BOMGrid (C:\Users\Eli\Desktop\Claude Code\CPQ
-System\src\components\shared\BOMGrid.tsx:22:3)
Warning: A component is `contentEditable` and 
contains `children` managed by React. It is now 
your responsibility to guarantee that none of those 
nodes are unexpectedly modified or duplicated. This 
is probably not intentional.
    at div
    at div
    at div
    at div
    at spy (file:///C:/Users/Eli/Desktop/Claude%20Co
de/CPQ-System/node_modules/tinyspy/dist/index.js:42:
80)
    at div
    at div
    at div
    at C:\Users\Eli\Desktop\Claude 
Code\CPQ-System\src\components\ui\card.tsx:81:57
    at div
    at C:\Users\Eli\Desktop\Claude 
Code\CPQ-System\src\components\ui\card.tsx:7:50
    at BOMGrid (C:\Users\Eli\Desktop\Claude Code\CPQ
-System\src\components\shared\BOMGrid.tsx:22:3)
Warning: A component is `contentEditable` and 
contains `children` managed by React. It is now 
your responsibility to guarantee that none of those 
nodes are unexpectedly modified or duplicated. This 
is probably not intentional.
    at div
    at div
    at div
    at div
    at spy (file:///C:/Users/Eli/Desktop/Claude%20Co
de/CPQ-System/node_modules/tinyspy/dist/index.js:42:
80)
    at div
    at div
    at div
    at C:\Users\Eli\Desktop\Claude 
Code\CPQ-System\src\components\ui\card.tsx:81:57
    at div
    at C:\Users\Eli\Desktop\Claude 
Code\CPQ-System\src\components\ui\card.tsx:7:50
    at BOMGrid (C:\Users\Eli\Desktop\Claude Code\CPQ
-System\src\components\shared\BOMGrid.tsx:22:3)
Warning: A component is `contentEditable` and 
contains `children` managed by React. It is now 
your responsibility to guarantee that none of those 
nodes are unexpectedly modified or duplicated. This 
is probably not intentional.
    at div
    at div
    at div
    at div
    at spy (file:///C:/Users/Eli/Desktop/Claude%20Co
de/CPQ-System/node_modules/tinyspy/dist/index.js:42:
80)
    at div
    at div
    at div
    at C:\Users\Eli\Desktop\Claude 
Code\CPQ-System\src\components\ui\card.tsx:81:57
    at div
    at C:\Users\Eli\Desktop\Claude 
Code\CPQ-System\src\components\ui\card.tsx:7:50
    at BOMGrid (C:\Users\Eli\Desktop\Claude Code\CPQ
-System\src\components\shared\BOMGrid.tsx:22:3)
Warning: A component is `contentEditable` and 
contains `children` managed by React. It is now 
your responsibility to guarantee that none of those 
nodes are unexpectedly modified or duplicated. This 
is probably not intentional.
    at div
    at div
    at div
    at div
    at spy (file:///C:/Users/Eli/Desktop/Claude%20Co
de/CPQ-System/node_modules/tinyspy/dist/index.js:42:
80)
    at div
    at div
    at div
    at C:\Users\Eli\Desktop\Claude 
Code\CPQ-System\src\components\ui\card.tsx:81:57
    at div
    at C:\Users\Eli\Desktop\Claude 
Code\CPQ-System\src\components\ui\card.tsx:7:50
    at BOMGrid (C:\Users\Eli\Desktop\Claude Code\CPQ
-System\src\components\shared\BOMGrid.tsx:22:3)
Warning: A component is `contentEditable` and 
contains `children` managed by React. It is now 
your responsibility to guarantee that none of those 
nodes are unexpectedly modified or duplicated. This 
is probably not intentional.
    at div
    at div
    at div
    at div
    at spy (file:///C:/Users/Eli/Desktop/Claude%20Co
de/CPQ-System/node_modules/tinyspy/dist/index.js:42:
80)
    at div
    at div
    at div
    at C:\Users\Eli\Desktop\Claude 
Code\CPQ-System\src\components\ui\card.tsx:81:57
    at div
    at C:\Users\Eli\Desktop\Claude 
Code\CPQ-System\src\components\ui\card.tsx:7:50
    at BOMGrid (C:\Users\Eli\Desktop\Claude Code\CPQ
-System\src\components\shared\BOMGrid.tsx:22:3)
Warning: A component is `contentEditable` and 
contains `children` managed by React. It is now 
your responsibility to guarantee that none of those 
nodes are unexpectedly modified or duplicated. This 
is probably not intentional.
    at div
    at div
    at div
    at div
    at spy (file:///C:/Users/Eli/Desktop/Claude%20Co
de/CPQ-System/node_modules/tinyspy/dist/index.js:42:
80)
    at div
    at div
    at div
    at C:\Users\Eli\Desktop\Claude 
Code\CPQ-System\src\components\ui\card.tsx:81:57
    at div
    at C:\Users\Eli\Desktop\Claude 
Code\CPQ-System\src\components\ui\card.tsx:7:50
    at BOMGrid (C:\Users\Eli\Desktop\Claude Code\CPQ
-System\src\components\shared\BOMGrid.tsx:22:3)
Warning: A component is `contentEditable` and 
contains `children` managed by React. It is now 
your responsibility to guarantee that none of those 
nodes are unexpectedly modified or duplicated. This 
is probably not intentional.
    at div
    at div
    at div
    at div
    at spy (file:///C:/Users/Eli/Desktop/Claude%20Co
de/CPQ-System/node_modules/tinyspy/dist/index.js:42:
80)
    at div
    at div
    at div
    at C:\Users\Eli\Desktop\Claude 
Code\CPQ-System\src\components\ui\card.tsx:81:57
    at div
    at C:\Users\Eli\Desktop\Claude 
Code\CPQ-System\src\components\ui\card.tsx:7:50
    at BOMGrid (C:\Users\Eli\Desktop\Claude Code\CPQ
-System\src\components\shared\BOMGrid.tsx:22:3)
Warning: A component is `contentEditable` and 
contains `children` managed by React. It is now 
your responsibility to guarantee that none of those 
nodes are unexpectedly modified or duplicated. This 
is probably not intentional.
    at div
    at div
    at div
    at div
    at spy (file:///C:/Users/Eli/Desktop/Claude%20Co
de/CPQ-System/node_modules/tinyspy/dist/index.js:42:
80)
    at div
    at div
    at div
    at C:\Users\Eli\Desktop\Claude 
Code\CPQ-System\src\components\ui\card.tsx:81:57
    at div
    at C:\Users\Eli\Desktop\Claude 
Code\CPQ-System\src\components\ui\card.tsx:7:50
    at BOMGrid (C:\Users\Eli\Desktop\Claude Code\CPQ
-System\src\components\shared\BOMGrid.tsx:22:3)
Warning: A component is `contentEditable` and 
contains `children` managed by React. It is now 
your responsibility to guarantee that none of those 
nodes are unexpectedly modified or duplicated. This 
is probably not intentional.
    at div
    at div
    at div
    at div
    at spy (file:///C:/Users/Eli/Desktop/Claude%20Co
de/CPQ-System/node_modules/tinyspy/dist/index.js:42:
80)
    at div
    at div
    at div
    at C:\Users\Eli\Desktop\Claude 
Code\CPQ-System\src\components\ui\card.tsx:81:57
    at div
    at C:\Users\Eli\Desktop\Claude 
Code\CPQ-System\src\components\ui\card.tsx:7:50
    at BOMGrid (C:\Users\Eli\Desktop\Claude Code\CPQ
-System\src\components\shared\BOMGrid.tsx:22:3)
Warning: A component is `contentEditable` and 
contains `children` managed by React. It is now 
your responsibility to guarantee that none of those 
nodes are unexpectedly modified or duplicated. This 
is probably not intentional.
    at div
    at div
    at div
    at div
    at spy (file:///C:/Users/Eli/Desktop/Claude%20Co
de/CPQ-System/node_modules/tinyspy/dist/index.js:42:
80)
    at div
    at div
    at div
    at C:\Users\Eli\Desktop\Claude 
Code\CPQ-System\src\components\ui\card.tsx:81:57
    at div
    at C:\Users\Eli\Desktop\Claude 
Code\CPQ-System\src\components\ui\card.tsx:7:50
    at BOMGrid (C:\Users\Eli\Desktop\Claude Code\CPQ
-System\src\components\shared\BOMGrid.tsx:22:3)
Warning: A component is `contentEditable` and 
contains `children` managed by React. It is now 
your responsibility to guarantee that none of those 
nodes are unexpectedly modified or duplicated. This 
is probably not intentional.
    at div
    at div
    at div
    at div
    at spy (file:///C:/Users/Eli/Desktop/Claude%20Co
de/CPQ-System/node_modules/tinyspy/dist/index.js:42:
80)
    at div
    at div
    at div
    at C:\Users\Eli\Desktop\Claude 
Code\CPQ-System\src\components\ui\card.tsx:81:57
    at div
    at C:\Users\Eli\Desktop\Claude 
Code\CPQ-System\src\components\ui\card.tsx:7:50
    at BOMGrid (C:\Users\Eli\Desktop\Claude Code\CPQ
-System\src\components\shared\BOMGrid.tsx:22:3)
Warning: A component is `contentEditable` and 
contains `children` managed by React. It is now 
your responsibility to guarantee that none of those 
nodes are unexpectedly modified or duplicated. This 
is probably not intentional.
    at div
    at div
    at div
    at div
    at spy (file:///C:/Users/Eli/Desktop/Claude%20Co
de/CPQ-System/node_modules/tinyspy/dist/index.js:42:
80)
    at div
    at div
    at div
    at C:\Users\Eli\Desktop\Claude 
Code\CPQ-System\src\components\ui\card.tsx:81:57
    at div
    at C:\Users\Eli\Desktop\Claude 
Code\CPQ-System\src\components\ui\card.tsx:7:50
    at BOMGrid (C:\Users\Eli\Desktop\Claude Code\CPQ
-System\src\components\shared\BOMGrid.tsx:22:3)
Warning: A component is `contentEditable` and 
contains `children` managed by React. It is now 
your responsibility to guarantee that none of those 
nodes are unexpectedly modified or duplicated. This 
is probably not intentional.
    at div
    at div
    at div
    at div
    at spy (file:///C:/Users/Eli/Desktop/Claude%20Co
de/CPQ-System/node_modules/tinyspy/dist/index.js:42:
80)
    at div
    at div
    at div
    at C:\Users\Eli\Desktop\Claude 
Code\CPQ-System\src\components\ui\card.tsx:81:57
    at div
    at C:\Users\Eli\Desktop\Claude 
Code\CPQ-System\src\components\ui\card.tsx:7:50
    at BOMGrid (C:\Users\Eli\Desktop\Claude Code\CPQ
-System\src\components\shared\BOMGrid.tsx:22:3)
Warning: A component is `contentEditable` and 
contains `children` managed by React. It is now 
your responsibility to guarantee that none of those 
nodes are unexpectedly modified or duplicated. This 
is probably not intentional.
    at div
    at div
    at div
    at div
    at spy (file:///C:/Users/Eli/Desktop/Claude%20Co
de/CPQ-System/node_modules/tinyspy/dist/index.js:42:
80)
    at div
    at div
    at div
    at C:\Users\Eli\Desktop\Claude 
Code\CPQ-System\src\components\ui\card.tsx:81:57
    at div
    at C:\Users\Eli\Desktop\Claude 
Code\CPQ-System\src\components\ui\card.tsx:7:50
    at BOMGrid (C:\Users\Eli\Desktop\Claude Code\CPQ
-System\src\components\shared\BOMGrid.tsx:22:3)
Warning: A component is `contentEditable` and 
contains `children` managed by React. It is now 
your responsibility to guarantee that none of those 
nodes are unexpectedly modified or duplicated. This 
is probably not intentional.
    at div
    at div
    at div
    at div
    at spy (file:///C:/Users/Eli/Desktop/Claude%20Co
de/CPQ-System/node_modules/tinyspy/dist/index.js:42:
80)
    at div
    at div
    at div
    at C:\Users\Eli\Desktop\Claude 
Code\CPQ-System\src\components\ui\card.tsx:81:57
    at div
    at C:\Users\Eli\Desktop\Claude 
Code\CPQ-System\src\components\ui\card.tsx:7:50
    at BOMGrid (C:\Users\Eli\Desktop\Claude Code\CPQ
-System\src\components\shared\BOMGrid.tsx:22:3)
Warning: A component is `contentEditable` and 
contains `children` managed by React. It is now 
your responsibility to guarantee that none of those 
nodes are unexpectedly modified or duplicated. This 
is probably not intentional.
    at div
    at div
    at div
    at div
    at spy (file:///C:/Users/Eli/Desktop/Claude%20Co
de/CPQ-System/node_modules/tinyspy/dist/index.js:42:
80)
    at div
    at div
    at div
    at C:\Users\Eli\Desktop\Claude 
Code\CPQ-System\src\components\ui\card.tsx:81:57
    at div
    at C:\Users\Eli\Desktop\Claude 
Code\CPQ-System\src\components\ui\card.tsx:7:50
    at BOMGrid (C:\Users\Eli\Desktop\Claude Code\CPQ
-System\src\components\shared\BOMGrid.tsx:22:3)
Warning: A component is `contentEditable` and 
contains `children` managed by React. It is now 
your responsibility to guarantee that none of those 
nodes are unexpectedly modified or duplicated. This 
is probably not intentional.
    at div
    at div
    at div
    at div
    at spy (file:///C:/Users/Eli/Desktop/Claude%20Co
de/CPQ-System/node_modules/tinyspy/dist/index.js:42:
80)
    at div
    at div
    at div
    at C:\Users\Eli\Desktop\Claude 
Code\CPQ-System\src\components\ui\card.tsx:81:57
    at div
    at C:\Users\Eli\Desktop\Claude 
Code\CPQ-System\src\components\ui\card.tsx:7:50
    at BOMGrid (C:\Users\Eli\Desktop\Claude Code\CPQ
-System\src\components\shared\BOMGrid.tsx:22:3)
Warning: A component is `contentEditable` and 
contains `children` managed by React. It is now 
your responsibility to guarantee that none of those 
nodes are unexpectedly modified or duplicated. This 
is probably not intentional.
    at div
    at div
    at div
    at div
    at spy (file:///C:/Users/Eli/Desktop/Claude%20Co
de/CPQ-System/node_modules/tinyspy/dist/index.js:42:
80)
    at div
    at div
    at div
    at C:\Users\Eli\Desktop\Claude 
Code\CPQ-System\src\components\ui\card.tsx:81:57
    at div
    at C:\Users\Eli\Desktop\Claude 
Code\CPQ-System\src\components\ui\card.tsx:7:50
    at BOMGrid (C:\Users\Eli\Desktop\Claude Code\CPQ
-System\src\components\shared\BOMGrid.tsx:22:3)
Warning: A component is `contentEditable` and 
contains `children` managed by React. It is now 
your responsibility to guarantee that none of those 
nodes are unexpectedly modified or duplicated. This 
is probably not intentional.
    at div
    at div
    at div
    at div
    at spy (file:///C:/Users/Eli/Desktop/Claude%20Co
de/CPQ-System/node_modules/tinyspy/dist/index.js:42:
80)
    at div
    at div
    at div
    at C:\Users\Eli\Desktop\Claude 
Code\CPQ-System\src\components\ui\card.tsx:81:57
    at div
    at C:\Users\Eli\Desktop\Claude 
Code\CPQ-System\src\components\ui\card.tsx:7:50
    at BOMGrid (C:\Users\Eli\Desktop\Claude Code\CPQ
-System\src\components\shared\BOMGrid.tsx:22:3)
Warning: A component is `contentEditable` and 
contains `children` managed by React. It is now 
your responsibility to guarantee that none of those 
nodes are unexpectedly modified or duplicated. This 
is probably not intentional.
    at div
    at div
    at div
    at div
    at spy (file:///C:/Users/Eli/Desktop/Claude%20Co
de/CPQ-System/node_modules/tinyspy/dist/index.js:42:
80)
    at div
    at div
    at div
    at C:\Users\Eli\Desktop\Claude 
Code\CPQ-System\src\components\ui\card.tsx:81:57
    at div
    at C:\Users\Eli\Desktop\Claude 
Code\CPQ-System\src\components\ui\card.tsx:7:50
    at BOMGrid (C:\Users\Eli\Desktop\Claude Code\CPQ
-System\src\components\shared\BOMGrid.tsx:22:3)
Warning: A component is `contentEditable` and 
contains `children` managed by React. It is now 
your responsibility to guarantee that none of those 
nodes are unexpectedly modified or duplicated. This 
is probably not intentional.
    at div
    at div
    at div
    at div
    at spy (file:///C:/Users/Eli/Desktop/Claude%20Co
de/CPQ-System/node_modules/tinyspy/dist/index.js:42:
80)
    at div
    at div
    at div
    at C:\Users\Eli\Desktop\Claude 
Code\CPQ-System\src\components\ui\card.tsx:81:57
    at div
    at C:\Users\Eli\Desktop\Claude 
Code\CPQ-System\src\components\ui\card.tsx:7:50
    at BOMGrid (C:\Users\Eli\Desktop\Claude Code\CPQ
-System\src\components\shared\BOMGrid.tsx:22:3)
Warning: A component is `contentEditable` and 
contains `children` managed by React. It is now 
your responsibility to guarantee that none of those 
nodes are unexpectedly modified or duplicated. This 
is probably not intentional.
    at div
    at div
    at div
    at div
    at spy (file:///C:/Users/Eli/Desktop/Claude%20Co
de/CPQ-System/node_modules/tinyspy/dist/index.js:42:
80)
    at div
    at div
    at div
    at C:\Users\Eli\Desktop\Claude 
Code\CPQ-System\src\components\ui\card.tsx:81:57
    at div
    at C:\Users\Eli\Desktop\Claude 
Code\CPQ-System\src\components\ui\card.tsx:7:50
    at BOMGrid (C:\Users\Eli\Desktop\Claude Code\CPQ
-System\src\components\shared\BOMGrid.tsx:22:3)
Warning: A component is `contentEditable` and 
contains `children` managed by React. It is now 
your responsibility to guarantee that none of those 
nodes are unexpectedly modified or duplicated. This 
is probably not intentional.
    at div
    at div
    at div
    at div
    at spy (file:///C:/Users/Eli/Desktop/Claude%20Co
de/CPQ-System/node_modules/tinyspy/dist/index.js:42:
80)
    at div
    at div
    at div
    at C:\Users\Eli\Desktop\Claude 
Code\CPQ-System\src\components\ui\card.tsx:81:57
    at div
    at C:\Users\Eli\Desktop\Claude 
Code\CPQ-System\src\components\ui\card.tsx:7:50
    at BOMGrid (C:\Users\Eli\Desktop\Claude Code\CPQ
-System\src\components\shared\BOMGrid.tsx:22:3)
Warning: A component is `contentEditable` and 
contains `children` managed by React. It is now 
your responsibility to guarantee that none of those 
nodes are unexpectedly modified or duplicated. This 
is probably not intentional.
    at div
    at div
    at div
    at div
    at spy (file:///C:/Users/Eli/Desktop/Claude%20Co
de/CPQ-System/node_modules/tinyspy/dist/index.js:42:
80)
    at div
    at div
    at div
    at C:\Users\Eli\Desktop\Claude 
Code\CPQ-System\src\components\ui\card.tsx:81:57
    at div
    at C:\Users\Eli\Desktop\Claude 
Code\CPQ-System\src\components\ui\card.tsx:7:50
    at BOMGrid (C:\Users\Eli\Desktop\Claude Code\CPQ
-System\src\components\shared\BOMGrid.tsx:22:3)
Warning: A component is `contentEditable` and 
contains `children` managed by React. It is now 
your responsibility to guarantee that none of those 
nodes are unexpectedly modified or duplicated. This 
is probably not intentional.
    at div
    at div
    at div
    at div
    at spy (file:///C:/Users/Eli/Desktop/Claude%20Co
de/CPQ-System/node_modules/tinyspy/dist/index.js:42:
80)
    at div
    at div
    at div
    at C:\Users\Eli\Desktop\Claude 
Code\CPQ-System\src\components\ui\card.tsx:81:57
    at div
    at C:\Users\Eli\Desktop\Claude 
Code\CPQ-System\src\components\ui\card.tsx:7:50
    at BOMGrid (C:\Users\Eli\Desktop\Claude Code\CPQ
-System\src\components\shared\BOMGrid.tsx:22:3)
Warning: A component is `contentEditable` and 
contains `children` managed by React. It is now 
your responsibility to guarantee that none of those 
nodes are unexpectedly modified or duplicated. This 
is probably not intentional.
    at div
    at div
    at div
    at div
    at spy (file:///C:/Users/Eli/Desktop/Claude%20Co
de/CPQ-System/node_modules/tinyspy/dist/index.js:42:
80)
    at div
    at div
    at div
    at C:\Users\Eli\Desktop\Claude 
Code\CPQ-System\src\components\ui\card.tsx:81:57
    at div
    at C:\Users\Eli\Desktop\Claude 
Code\CPQ-System\src\components\ui\card.tsx:7:50
    at BOMGrid (C:\Users\Eli\Desktop\Claude Code\CPQ
-System\src\components\shared\BOMGrid.tsx:22:3)
Warning: A component is `contentEditable` and 
contains `children` managed by React. It is now 
your responsibility to guarantee that none of those 
nodes are unexpectedly modified or duplicated. This 
is probably not intentional.
    at div
    at div
    at div
    at div
    at spy (file:///C:/Users/Eli/Desktop/Claude%20Co
de/CPQ-System/node_modules/tinyspy/dist/index.js:42:
80)
    at div
    at div
    at div
    at C:\Users\Eli\Desktop\Claude 
Code\CPQ-System\src\components\ui\card.tsx:81:57
    at div
    at C:\Users\Eli\Desktop\Claude 
Code\CPQ-System\src\components\ui\card.tsx:7:50
    at BOMGrid (C:\Users\Eli\Desktop\Claude Code\CPQ
-System\src\components\shared\BOMGrid.tsx:22:3)
Warning: A component is `contentEditable` and 
contains `children` managed by React. It is now 
your responsibility to guarantee that none of those 
nodes are unexpectedly modified or duplicated. This 
is probably not intentional.
    at div
    at div
    at div
    at div
    at spy (file:///C:/Users/Eli/Desktop/Claude%20Co
de/CPQ-System/node_modules/tinyspy/dist/index.js:42:
80)
    at div
    at div
    at div
    at C:\Users\Eli\Desktop\Claude 
Code\CPQ-System\src\components\ui\card.tsx:81:57
    at div
    at C:\Users\Eli\Desktop\Claude 
Code\CPQ-System\src\components\ui\card.tsx:7:50
    at BOMGrid (C:\Users\Eli\Desktop\Claude Code\CPQ
-System\src\components\shared\BOMGrid.tsx:22:3)
Warning: A component is `contentEditable` and 
contains `children` managed by React. It is now 
your responsibility to guarantee that none of those 
nodes are unexpectedly modified or duplicated. This 
is probably not intentional.
    at div
    at div
    at div
    at div
    at spy (file:///C:/Users/Eli/Desktop/Claude%20Co
de/CPQ-System/node_modules/tinyspy/dist/index.js:42:
80)
    at div
    at div
    at div
    at C:\Users\Eli\Desktop\Claude 
Code\CPQ-System\src\components\ui\card.tsx:81:57
    at div
    at C:\Users\Eli\Desktop\Claude 
Code\CPQ-System\src\components\ui\card.tsx:7:50
    at BOMGrid (C:\Users\Eli\Desktop\Claude Code\CPQ
-System\src\components\shared\BOMGrid.tsx:22:3)
Warning: A component is `contentEditable` and 
contains `children` managed by React. It is now 
your responsibility to guarantee that none of those 
nodes are unexpectedly modified or duplicated. This 
is probably not intentional.
    at div
    at div
    at div
    at div
    at spy (file:///C:/Users/Eli/Desktop/Claude%20Co
de/CPQ-System/node_modules/tinyspy/dist/index.js:42:
80)
    at div
    at div
    at div
    at C:\Users\Eli\Desktop\Claude 
Code\CPQ-System\src\components\ui\card.tsx:81:57
    at div
    at C:\Users\Eli\Desktop\Claude 
Code\CPQ-System\src\components\ui\card.tsx:7:50
    at BOMGrid (C:\Users\Eli\Desktop\Claude Code\CPQ
-System\src\components\shared\BOMGrid.tsx:22:3)
Warning: A component is `contentEditable` and 
contains `children` managed by React. It is now 
your responsibility to guarantee that none of those 
nodes are unexpectedly modified or duplicated. This 
is probably not intentional.
    at div
    at div
    at div
    at div
    at spy (file:///C:/Users/Eli/Desktop/Claude%20Co
de/CPQ-System/node_modules/tinyspy/dist/index.js:42:
80)
    at div
    at div
    at div
    at C:\Users\Eli\Desktop\Claude 
Code\CPQ-System\src\components\ui\card.tsx:81:57
    at div
    at C:\Users\Eli\Desktop\Claude 
Code\CPQ-System\src\components\ui\card.tsx:7:50
    at BOMGrid (C:\Users\Eli\Desktop\Claude Code\CPQ
-System\src\components\shared\BOMGrid.tsx:22:3)
Warning: A component is `contentEditable` and 
contains `children` managed by React. It is now 
your responsibility to guarantee that none of those 
nodes are unexpectedly modified or duplicated. This 
is probably not intentional.
    at div
    at div
    at div
    at div
    at spy (file:///C:/Users/Eli/Desktop/Claude%20Co
de/CPQ-System/node_modules/tinyspy/dist/index.js:42:
80)
    at div
    at div
    at div
    at C:\Users\Eli\Desktop\Claude 
Code\CPQ-System\src\components\ui\card.tsx:81:57
    at div
    at C:\Users\Eli\Desktop\Claude 
Code\CPQ-System\src\components\ui\card.tsx:7:50
    at BOMGrid (C:\Users\Eli\Desktop\Claude Code\CPQ
-System\src\components\shared\BOMGrid.tsx:22:3)
Warning: A component is `contentEditable` and 
contains `children` managed by React. It is now 
your responsibility to guarantee that none of those 
nodes are unexpectedly modified or duplicated. This 
is probably not intentional.
    at div
    at div
    at div
    at div
    at spy (file:///C:/Users/Eli/Desktop/Claude%20Co
de/CPQ-System/node_modules/tinyspy/dist/index.js:42:
80)
    at div
    at div
    at div
    at C:\Users\Eli\Desktop\Claude 
Code\CPQ-System\src\components\ui\card.tsx:81:57
    at div
    at C:\Users\Eli\Desktop\Claude 
Code\CPQ-System\src\components\ui\card.tsx:7:50
    at BOMGrid (C:\Users\Eli\Desktop\Claude Code\CPQ
-System\src\components\shared\BOMGrid.tsx:22:3)
Warning: A component is `contentEditable` and 
contains `children` managed by React. It is now 
your responsibility to guarantee that none of those 
nodes are unexpectedly modified or duplicated. This 
is probably not intentional.
    at div
    at div
    at div
    at div
    at spy (file:///C:/Users/Eli/Desktop/Claude%20Co
de/CPQ-System/node_modules/tinyspy/dist/index.js:42:
80)
    at div
    at div
    at div
    at C:\Users\Eli\Desktop\Claude 
Code\CPQ-System\src\components\ui\card.tsx:81:57
    at div
    at C:\Users\Eli\Desktop\Claude 
Code\CPQ-System\src\components\ui\card.tsx:7:50
    at BOMGrid (C:\Users\Eli\Desktop\Claude Code\CPQ
-System\src\components\shared\BOMGrid.tsx:22:3)
Warning: A component is `contentEditable` and 
contains `children` managed by React. It is now 
your responsibility to guarantee that none of those 
nodes are unexpectedly modified or duplicated. This 
is probably not intentional.
    at div
    at div
    at div
    at div
    at spy (file:///C:/Users/Eli/Desktop/Claude%20Co
de/CPQ-System/node_modules/tinyspy/dist/index.js:42:
80)
    at div
    at div
    at div
    at C:\Users\Eli\Desktop\Claude 
Code\CPQ-System\src\components\ui\card.tsx:81:57
    at div
    at C:\Users\Eli\Desktop\Claude 
Code\CPQ-System\src\components\ui\card.tsx:7:50
    at BOMGrid (C:\Users\Eli\Desktop\Claude Code\CPQ
-System\src\components\shared\BOMGrid.tsx:22:3)
Warning: A component is `contentEditable` and 
contains `children` managed by React. It is now 
your responsibility to guarantee that none of those 
nodes are unexpectedly modified or duplicated. This 
is probably not intentional.
    at div
    at div
    at div
    at div
    at spy (file:///C:/Users/Eli/Desktop/Claude%20Co
de/CPQ-System/node_modules/tinyspy/dist/index.js:42:
80)
    at div
    at div
    at div
    at C:\Users\Eli\Desktop\Claude 
Code\CPQ-System\src\components\ui\card.tsx:81:57
    at div
    at C:\Users\Eli\Desktop\Claude 
Code\CPQ-System\src\components\ui\card.tsx:7:50
    at BOMGrid (C:\Users\Eli\Desktop\Claude Code\CPQ
-System\src\components\shared\BOMGrid.tsx:22:3)
Warning: A component is `contentEditable` and 
contains `children` managed by React. It is now 
your responsibility to guarantee that none of those 
nodes are unexpectedly modified or duplicated. This 
is probably not intentional.
    at div
    at div
    at div
    at div
    at spy (file:///C:/Users/Eli/Desktop/Claude%20Co
de/CPQ-System/node_modules/tinyspy/dist/index.js:42:
80)
    at div
    at div
    at div
    at C:\Users\Eli\Desktop\Claude 
Code\CPQ-System\src\components\ui\card.tsx:81:57
    at div
    at C:\Users\Eli\Desktop\Claude 
Code\CPQ-System\src\components\ui\card.tsx:7:50
    at BOMGrid (C:\Users\Eli\Desktop\Claude Code\CPQ
-System\src\components\shared\BOMGrid.tsx:22:3)
Warning: A component is `contentEditable` and 
contains `children` managed by React. It is now 
your responsibility to guarantee that none of those 
nodes are unexpectedly modified or duplicated. This 
is probably not intentional.
    at div
    at div
    at div
    at div
    at spy (file:///C:/Users/Eli/Desktop/Claude%20Co
de/CPQ-System/node_modules/tinyspy/dist/index.js:42:
80)
    at div
    at div
    at div
    at C:\Users\Eli\Desktop\Claude 
Code\CPQ-System\src\components\ui\card.tsx:81:57
    at div
    at C:\Users\Eli\Desktop\Claude 
Code\CPQ-System\src\components\ui\card.tsx:7:50
    at BOMGrid (C:\Users\Eli\Desktop\Claude Code\CPQ
-System\src\components\shared\BOMGrid.tsx:22:3)
Warning: A component is `contentEditable` and 
contains `children` managed by React. It is now 
your responsibility to guarantee that none of those 
nodes are unexpectedly modified or duplicated. This 
is probably not intentional.
    at div
    at div
    at div
    at div
    at spy (file:///C:/Users/Eli/Desktop/Claude%20Co
de/CPQ-System/node_modules/tinyspy/dist/index.js:42:
80)
    at div
    at div
    at div
    at C:\Users\Eli\Desktop\Claude 
Code\CPQ-System\src\components\ui\card.tsx:81:57
    at div
    at C:\Users\Eli\Desktop\Claude 
Code\CPQ-System\src\components\ui\card.tsx:7:50
    at BOMGrid (C:\Users\Eli\Desktop\Claude Code\CPQ
-System\src\components\shared\BOMGrid.tsx:22:3)
Warning: A component is `contentEditable` and 
contains `children` managed by React. It is now 
your responsibility to guarantee that none of those 
nodes are unexpectedly modified or duplicated. This 
is probably not intentional.
    at div
    at div
    at div
    at div
    at spy (file:///C:/Users/Eli/Desktop/Claude%20Co
de/CPQ-System/node_modules/tinyspy/dist/index.js:42:
80)
    at div
    at div
    at div
    at C:\Users\Eli\Desktop\Claude 
Code\CPQ-System\src\components\ui\card.tsx:81:57
    at div
    at C:\Users\Eli\Desktop\Claude 
Code\CPQ-System\src\components\ui\card.tsx:7:50
    at BOMGrid (C:\Users\Eli\Desktop\Claude Code\CPQ
-System\src\components\shared\BOMGrid.tsx:22:3)
Warning: A component is `contentEditable` and 
contains `children` managed by React. It is now 
your responsibility to guarantee that none of those 
nodes are unexpectedly modified or duplicated. This 
is probably not intentional.
    at div
    at div
    at div
    at div
    at spy (file:///C:/Users/Eli/Desktop/Claude%20Co
de/CPQ-System/node_modules/tinyspy/dist/index.js:42:
80)
    at div
    at div
    at div
    at C:\Users\Eli\Desktop\Claude 
Code\CPQ-System\src\components\ui\card.tsx:81:57
    at div
    at C:\Users\Eli\Desktop\Claude 
Code\CPQ-System\src\components\ui\card.tsx:7:50
    at BOMGrid (C:\Users\Eli\Desktop\Claude Code\CPQ
-System\src\components\shared\BOMGrid.tsx:22:3)
Warning: A component is `contentEditable` and 
contains `children` managed by React. It is now 
your responsibility to guarantee that none of those 
nodes are unexpectedly modified or duplicated. This 
is probably not intentional.
    at div
    at div
    at div
    at div
    at spy (file:///C:/Users/Eli/Desktop/Claude%20Co
de/CPQ-System/node_modules/tinyspy/dist/index.js:42:
80)
    at div
    at div
    at div
    at C:\Users\Eli\Desktop\Claude 
Code\CPQ-System\src\components\ui\card.tsx:81:57
    at div
    at C:\Users\Eli\Desktop\Claude 
Code\CPQ-System\src\components\ui\card.tsx:7:50
    at BOMGrid (C:\Users\Eli\Desktop\Claude Code\CPQ
-System\src\components\shared\BOMGrid.tsx:22:3)
Warning: A component is `contentEditable` and 
contains `children` managed by React. It is now 
your responsibility to guarantee that none of those 
nodes are unexpectedly modified or duplicated. This 
is probably not intentional.
    at div
    at div
    at div
    at div
    at spy (file:///C:/Users/Eli/Desktop/Claude%20Co
de/CPQ-System/node_modules/tinyspy/dist/index.js:42:
80)
    at div
    at div
    at div
    at C:\Users\Eli\Desktop\Claude 
Code\CPQ-System\src\components\ui\card.tsx:81:57
    at div
    at C:\Users\Eli\Desktop\Claude 
Code\CPQ-System\src\components\ui\card.tsx:7:50
    at BOMGrid (C:\Users\Eli\Desktop\Claude Code\CPQ
-System\src\components\shared\BOMGrid.tsx:22:3)
Warning: A component is `contentEditable` and 
contains `children` managed by React. It is now 
your responsibility to guarantee that none of those 
nodes are unexpectedly modified or duplicated. This 
is probably not intentional.
    at div
    at div
    at div
    at div
    at spy (file:///C:/Users/Eli/Desktop/Claude%20Co
de/CPQ-System/node_modules/tinyspy/dist/index.js:42:
80)
    at div
    at div
    at div
    at C:\Users\Eli\Desktop\Claude 
Code\CPQ-System\src\components\ui\card.tsx:81:57
    at div
    at C:\Users\Eli\Desktop\Claude 
Code\CPQ-System\src\components\ui\card.tsx:7:50
    at BOMGrid (C:\Users\Eli\Desktop\Claude Code\CPQ
-System\src\components\shared\BOMGrid.tsx:22:3)
Warning: A component is `contentEditable` and 
contains `children` managed by React. It is now 
your responsibility to guarantee that none of those 
nodes are unexpectedly modified or duplicated. This 
is probably not intentional.
    at div
    at div
    at div
    at div
    at spy (file:///C:/Users/Eli/Desktop/Claude%20Co
de/CPQ-System/node_modules/tinyspy/dist/index.js:42:
80)
    at div
    at div
    at div
    at C:\Users\Eli\Desktop\Claude 
Code\CPQ-System\src\components\ui\card.tsx:81:57
    at div
    at C:\Users\Eli\Desktop\Claude 
Code\CPQ-System\src\components\ui\card.tsx:7:50
    at BOMGrid (C:\Users\Eli\Desktop\Claude Code\CPQ
-System\src\components\shared\BOMGrid.tsx:22:3)
Warning: A component is `contentEditable` and 
contains `children` managed by React. It is now 
your responsibility to guarantee that none of those 
nodes are unexpectedly modified or duplicated. This 
is probably not intentional.
    at div
    at div
    at div
    at div
    at spy (file:///C:/Users/Eli/Desktop/Claude%20Co
de/CPQ-System/node_modules/tinyspy/dist/index.js:42:
80)
    at div
    at div
    at div
    at C:\Users\Eli\Desktop\Claude 
Code\CPQ-System\src\components\ui\card.tsx:81:57
    at div
    at C:\Users\Eli\Desktop\Claude 
Code\CPQ-System\src\components\ui\card.tsx:7:50
    at BOMGrid (C:\Users\Eli\Desktop\Claude Code\CPQ
-System\src\components\shared\BOMGrid.tsx:22:3)
Warning: A component is `contentEditable` and 
contains `children` managed by React. It is now 
your responsibility to guarantee that none of those 
nodes are unexpectedly modified or duplicated. This 
is probably not intentional.
    at div
    at div
    at div
    at div
    at spy (file:///C:/Users/Eli/Desktop/Claude%20Co
de/CPQ-System/node_modules/tinyspy/dist/index.js:42:
80)
    at div
    at div
    at div
    at C:\Users\Eli\Desktop\Claude 
Code\CPQ-System\src\components\ui\card.tsx:81:57
    at div
    at C:\Users\Eli\Desktop\Claude 
Code\CPQ-System\src\components\ui\card.tsx:7:50
    at BOMGrid (C:\Users\Eli\Desktop\Claude Code\CPQ
-System\src\components\shared\BOMGrid.tsx:22:3)
Warning: A component is `contentEditable` and 
contains `children` managed by React. It is now 
your responsibility to guarantee that none of those 
nodes are unexpectedly modified or duplicated. This 
is probably not intentional.
    at div
    at div
    at div
    at div
    at spy (file:///C:/Users/Eli/Desktop/Claude%20Co
de/CPQ-System/node_modules/tinyspy/dist/index.js:42:
80)
    at div
    at div
    at div
    at C:\Users\Eli\Desktop\Claude 
Code\CPQ-System\src\components\ui\card.tsx:81:57
    at div
    at C:\Users\Eli\Desktop\Claude 
Code\CPQ-System\src\components\ui\card.tsx:7:50
    at BOMGrid (C:\Users\Eli\Desktop\Claude Code\CPQ
-System\src\components\shared\BOMGrid.tsx:22:3)
Warning: A component is `contentEditable` and 
contains `children` managed by React. It is now 
your responsibility to guarantee that none of those 
nodes are unexpectedly modified or duplicated. This 
is probably not intentional.
    at div
    at div
    at div
    at div
    at spy (file:///C:/Users/Eli/Desktop/Claude%20Co
de/CPQ-System/node_modules/tinyspy/dist/index.js:42:
80)
    at div
    at div
    at div
    at C:\Users\Eli\Desktop\Claude 
Code\CPQ-System\src\components\ui\card.tsx:81:57
    at div
    at C:\Users\Eli\Desktop\Claude 
Code\CPQ-System\src\components\ui\card.tsx:7:50
    at BOMGrid (C:\Users\Eli\Desktop\Claude Code\CPQ
-System\src\components\shared\BOMGrid.tsx:22:3)
Warning: A component is `contentEditable` and 
contains `children` managed by React. It is now 
your responsibility to guarantee that none of those 
nodes are unexpectedly modified or duplicated. This 
is probably not intentional.
    at div
    at div
    at div
    at div
    at spy (file:///C:/Users/Eli/Desktop/Claude%20Co
de/CPQ-System/node_modules/tinyspy/dist/index.js:42:
80)
    at div
    at div
    at div
    at C:\Users\Eli\Desktop\Claude 
Code\CPQ-System\src\components\ui\card.tsx:81:57
    at div
    at C:\Users\Eli\Desktop\Claude 
Code\CPQ-System\src\components\ui\card.tsx:7:50
    at BOMGrid (C:\Users\Eli\Desktop\Claude Code\CPQ
-System\src\components\shared\BOMGrid.tsx:22:3)
Warning: A component is `contentEditable` and 
contains `children` managed by React. It is now 
your responsibility to guarantee that none of those 
nodes are unexpectedly modified or duplicated. This 
is probably not intentional.
    at div
    at div
    at div
    at div
    at spy (file:///C:/Users/Eli/Desktop/Claude%20Co
de/CPQ-System/node_modules/tinyspy/dist/index.js:42:
80)
    at div
    at div
    at div
    at C:\Users\Eli\Desktop\Claude 
Code\CPQ-System\src\components\ui\card.tsx:81:57
    at div
    at C:\Users\Eli\Desktop\Claude 
Code\CPQ-System\src\components\ui\card.tsx:7:50
    at BOMGrid (C:\Users\Eli\Desktop\Claude Code\CPQ
-System\src\components\shared\BOMGrid.tsx:22:3)
Warning: A component is `contentEditable` and 
contains `children` managed by React. It is now 
your responsibility to guarantee that none of those 
nodes are unexpectedly modified or duplicated. This 
is probably not intentional.
    at div
    at div
    at div
    at div
    at spy (file:///C:/Users/Eli/Desktop/Claude%20Co
de/CPQ-System/node_modules/tinyspy/dist/index.js:42:
80)
    at div
    at div
    at div
    at C:\Users\Eli\Desktop\Claude 
Code\CPQ-System\src\components\ui\card.tsx:81:57
    at div
    at C:\Users\Eli\Desktop\Claude 
Code\CPQ-System\src\components\ui\card.tsx:7:50
    at BOMGrid (C:\Users\Eli\Desktop\Claude Code\CPQ
-System\src\components\shared\BOMGrid.tsx:22:3)
Warning: A component is `contentEditable` and 
contains `children` managed by React. It is now 
your responsibility to guarantee that none of those 
nodes are unexpectedly modified or duplicated. This 
is probably not intentional.
    at div
    at div
    at div
    at div
    at spy (file:///C:/Users/Eli/Desktop/Claude%20Co
de/CPQ-System/node_modules/tinyspy/dist/index.js:42:
80)
    at div
    at div
    at div
    at C:\Users\Eli\Desktop\Claude 
Code\CPQ-System\src\components\ui\card.tsx:81:57
    at div
    at C:\Users\Eli\Desktop\Claude 
Code\CPQ-System\src\components\ui\card.tsx:7:50
    at BOMGrid (C:\Users\Eli\Desktop\Claude Code\CPQ
-System\src\components\shared\BOMGrid.tsx:22:3)
Warning: A component is `contentEditable` and 
contains `children` managed by React. It is now 
your responsibility to guarantee that none of those 
nodes are unexpectedly modified or duplicated. This 
is probably not intentional.
    at div
    at div
    at div
    at div
    at spy (file:///C:/Users/Eli/Desktop/Claude%20Co
de/CPQ-System/node_modules/tinyspy/dist/index.js:42:
80)
    at div
    at div
    at div
    at C:\Users\Eli\Desktop\Claude 
Code\CPQ-System\src\components\ui\card.tsx:81:57
    at div
    at C:\Users\Eli\Desktop\Claude 
Code\CPQ-System\src\components\ui\card.tsx:7:50
    at BOMGrid (C:\Users\Eli\Desktop\Claude Code\CPQ
-System\src\components\shared\BOMGrid.tsx:22:3)
Warning: A component is `contentEditable` and 
contains `children` managed by React. It is now 
your responsibility to guarantee that none of those 
nodes are unexpectedly modified or duplicated. This 
is probably not intentional.
    at div
    at div
    at div
    at div
    at spy (file:///C:/Users/Eli/Desktop/Claude%20Co
de/CPQ-System/node_modules/tinyspy/dist/index.js:42:
80)
    at div
    at div
    at div
    at C:\Users\Eli\Desktop\Claude 
Code\CPQ-System\src\components\ui\card.tsx:81:57
    at div
    at C:\Users\Eli\Desktop\Claude 
Code\CPQ-System\src\components\ui\card.tsx:7:50
    at BOMGrid (C:\Users\Eli\Desktop\Claude Code\CPQ
-System\src\components\shared\BOMGrid.tsx:22:3)
Warning: A component is `contentEditable` and 
contains `children` managed by React. It is now 
your responsibility to guarantee that none of those 
nodes are unexpectedly modified or duplicated. This 
is probably not intentional.
    at div
    at div
    at div
    at div
    at spy (file:///C:/Users/Eli/Desktop/Claude%20Co
de/CPQ-System/node_modules/tinyspy/dist/index.js:42:
80)
    at div
    at div
    at div
    at C:\Users\Eli\Desktop\Claude 
Code\CPQ-System\src\components\ui\card.tsx:81:57
    at div
    at C:\Users\Eli\Desktop\Claude 
Code\CPQ-System\src\components\ui\card.tsx:7:50
    at BOMGrid (C:\Users\Eli\Desktop\Claude Code\CPQ
-System\src\components\shared\BOMGrid.tsx:22:3)
Warning: A component is `contentEditable` and 
contains `children` managed by React. It is now 
your responsibility to guarantee that none of those 
nodes are unexpectedly modified or duplicated. This 
is probably not intentional.
    at div
    at div
    at div
    at div
    at spy (file:///C:/Users/Eli/Desktop/Claude%20Co
de/CPQ-System/node_modules/tinyspy/dist/index.js:42:
80)
    at div
    at div
    at div
    at C:\Users\Eli\Desktop\Claude 
Code\CPQ-System\src\components\ui\card.tsx:81:57
    at div
    at C:\Users\Eli\Desktop\Claude 
Code\CPQ-System\src\components\ui\card.tsx:7:50
    at BOMGrid (C:\Users\Eli\Desktop\Claude Code\CPQ
-System\src\components\shared\BOMGrid.tsx:22:3)
Warning: A component is `contentEditable` and 
contains `children` managed by React. It is now 
your responsibility to guarantee that none of those 
nodes are unexpectedly modified or duplicated. This 
is probably not intentional.
    at div
    at div
    at div
    at div
    at spy (file:///C:/Users/Eli/Desktop/Claude%20Co
de/CPQ-System/node_modules/tinyspy/dist/index.js:42:
80)
    at div
    at div
    at div
    at C:\Users\Eli\Desktop\Claude 
Code\CPQ-System\src\components\ui\card.tsx:81:57
    at div
    at C:\Users\Eli\Desktop\Claude 
Code\CPQ-System\src\components\ui\card.tsx:7:50
    at BOMGrid (C:\Users\Eli\Desktop\Claude Code\CPQ
-System\src\components\shared\BOMGrid.tsx:22:3)
Warning: A component is `contentEditable` and 
contains `children` managed by React. It is now 
your responsibility to guarantee that none of those 
nodes are unexpectedly modified or duplicated. This 
is probably not intentional.
    at div
    at div
    at div
    at div
    at spy (file:///C:/Users/Eli/Desktop/Claude%20Co
de/CPQ-System/node_modules/tinyspy/dist/index.js:42:
80)
    at div
    at div
    at div
    at C:\Users\Eli\Desktop\Claude 
Code\CPQ-System\src\components\ui\card.tsx:81:57
    at div
    at C:\Users\Eli\Desktop\Claude 
Code\CPQ-System\src\components\ui\card.tsx:7:50
    at BOMGrid (C:\Users\Eli\Desktop\Claude Code\CPQ
-System\src\components\shared\BOMGrid.tsx:22:3)
Warning: A component is `contentEditable` and 
contains `children` managed by React. It is now 
your responsibility to guarantee that none of those 
nodes are unexpectedly modified or duplicated. This 
is probably not intentional.
    at div
    at div
    at div
    at div
    at spy (file:///C:/Users/Eli/Desktop/Claude%20Co
de/CPQ-System/node_modules/tinyspy/dist/index.js:42:
80)
    at div
    at div
    at div
    at C:\Users\Eli\Desktop\Claude 
Code\CPQ-System\src\components\ui\card.tsx:81:57
    at div
    at C:\Users\Eli\Desktop\Claude 
Code\CPQ-System\src\components\ui\card.tsx:7:50
    at BOMGrid (C:\Users\Eli\Desktop\Claude Code\CPQ
-System\src\components\shared\BOMGrid.tsx:22:3)
Warning: A component is `contentEditable` and 
contains `children` managed by React. It is now 
your responsibility to guarantee that none of those 
nodes are unexpectedly modified or duplicated. This 
is probably not intentional.
    at div
    at div
    at div
    at div
    at spy (file:///C:/Users/Eli/Desktop/Claude%20Co
de/CPQ-System/node_modules/tinyspy/dist/index.js:42:
80)
    at div
    at div
    at div
    at C:\Users\Eli\Desktop\Claude 
Code\CPQ-System\src\components\ui\card.tsx:81:57
    at div
    at C:\Users\Eli\Desktop\Claude 
Code\CPQ-System\src\components\ui\card.tsx:7:50
    at BOMGrid (C:\Users\Eli\Desktop\Claude Code\CPQ
-System\src\components\shared\BOMGrid.tsx:22:3)
Warning: A component is `contentEditable` and 
contains `children` managed by React. It is now 
your responsibility to guarantee that none of those 
nodes are unexpectedly modified or duplicated. This 
is probably not intentional.
    at div
    at div
    at div
    at div
    at spy (file:///C:/Users/Eli/Desktop/Claude%20Co
de/CPQ-System/node_modules/tinyspy/dist/index.js:42:
80)
    at div
    at div
    at div
    at C:\Users\Eli\Desktop\Claude 
Code\CPQ-System\src\components\ui\card.tsx:81:57
    at div
    at C:\Users\Eli\Desktop\Claude 
Code\CPQ-System\src\components\ui\card.tsx:7:50
    at BOMGrid (C:\Users\Eli\Desktop\Claude Code\CPQ
-System\src\components\shared\BOMGrid.tsx:22:3)
Warning: A component is `contentEditable` and 
contains `children` managed by React. It is now 
your responsibility to guarantee that none of those 
nodes are unexpectedly modified or duplicated. This 
is probably not intentional.
    at div
    at div
    at div
    at div
    at spy (file:///C:/Users/Eli/Desktop/Claude%20Co
de/CPQ-System/node_modules/tinyspy/dist/index.js:42:
80)
    at div
    at div
    at div
    at C:\Users\Eli\Desktop\Claude 
Code\CPQ-System\src\components\ui\card.tsx:81:57
    at div
    at C:\Users\Eli\Desktop\Claude 
Code\CPQ-System\src\components\ui\card.tsx:7:50
    at BOMGrid (C:\Users\Eli\Desktop\Claude Code\CPQ
-System\src\components\shared\BOMGrid.tsx:22:3)
Warning: A component is `contentEditable` and 
contains `children` managed by React. It is now 
your responsibility to guarantee that none of those 
nodes are unexpectedly modified or duplicated. This 
is probably not intentional.
    at div
    at div
    at div
    at div
    at spy (file:///C:/Users/Eli/Desktop/Claude%20Co
de/CPQ-System/node_modules/tinyspy/dist/index.js:42:
80)
    at div
    at div
    at div
    at C:\Users\Eli\Desktop\Claude 
Code\CPQ-System\src\components\ui\card.tsx:81:57
    at div
    at C:\Users\Eli\Desktop\Claude 
Code\CPQ-System\src\components\ui\card.tsx:7:50
    at BOMGrid (C:\Users\Eli\Desktop\Claude Code\CPQ
-System\src\components\shared\BOMGrid.tsx:22:3)
Warning: A component is `contentEditable` and 
contains `children` managed by React. It is now 
your responsibility to guarantee that none of those 
nodes are unexpectedly modified or duplicated. This 
is probably not intentional.
    at div
    at div
    at div
    at div
    at spy (file:///C:/Users/Eli/Desktop/Claude%20Co
de/CPQ-System/node_modules/tinyspy/dist/index.js:42:
80)
    at div
    at div
    at div
    at C:\Users\Eli\Desktop\Claude 
Code\CPQ-System\src\components\ui\card.tsx:81:57
    at div
    at C:\Users\Eli\Desktop\Claude 
Code\CPQ-System\src\components\ui\card.tsx:7:50
    at BOMGrid (C:\Users\Eli\Desktop\Claude Code\CPQ
-System\src\components\shared\BOMGrid.tsx:22:3)
Warning: A component is `contentEditable` and 
contains `children` managed by React. It is now 
your responsibility to guarantee that none of those 
nodes are unexpectedly modified or duplicated. This 
is probably not intentional.
    at div
    at div
    at div
    at div
    at spy (file:///C:/Users/Eli/Desktop/Claude%20Co
de/CPQ-System/node_modules/tinyspy/dist/index.js:42:
80)
    at div
    at div
    at div
    at C:\Users\Eli\Desktop\Claude 
Code\CPQ-System\src\components\ui\card.tsx:81:57
    at div
    at C:\Users\Eli\Desktop\Claude 
Code\CPQ-System\src\components\ui\card.tsx:7:50
    at BOMGrid (C:\Users\Eli\Desktop\Claude Code\CPQ
-System\src\components\shared\BOMGrid.tsx:22:3)
Warning: A component is `contentEditable` and 
contains `children` managed by React. It is now 
your responsibility to guarantee that none of those 
nodes are unexpectedly modified or duplicated. This 
is probably not intentional.
    at div
    at div
    at div
    at div
    at spy (file:///C:/Users/Eli/Desktop/Claude%20Co
de/CPQ-System/node_modules/tinyspy/dist/index.js:42:
80)
    at div
    at div
    at div
    at C:\Users\Eli\Desktop\Claude 
Code\CPQ-System\src\components\ui\card.tsx:81:57
    at div
    at C:\Users\Eli\Desktop\Claude 
Code\CPQ-System\src\components\ui\card.tsx:7:50
    at BOMGrid (C:\Users\Eli\Desktop\Claude Code\CPQ
-System\src\components\shared\BOMGrid.tsx:22:3)
Warning: A component is `contentEditable` and 
contains `children` managed by React. It is now 
your responsibility to guarantee that none of those 
nodes are unexpectedly modified or duplicated. This 
is probably not intentional.
    at div
    at div
    at div
    at div
    at spy (file:///C:/Users/Eli/Desktop/Claude%20Co
de/CPQ-System/node_modules/tinyspy/dist/index.js:42:
80)
    at div
    at div
    at div
    at C:\Users\Eli\Desktop\Claude 
Code\CPQ-System\src\components\ui\card.tsx:81:57
    at div
    at C:\Users\Eli\Desktop\Claude 
Code\CPQ-System\src\components\ui\card.tsx:7:50
    at BOMGrid (C:\Users\Eli\Desktop\Claude Code\CPQ
-System\src\components\shared\BOMGrid.tsx:22:3)
Warning: A component is `contentEditable` and 
contains `children` managed by React. It is now 
your responsibility to guarantee that none of those 
nodes are unexpectedly modified or duplicated. This 
is probably not intentional.
    at div
    at div
    at div
    at div
    at spy (file:///C:/Users/Eli/Desktop/Claude%20Co
de/CPQ-System/node_modules/tinyspy/dist/index.js:42:
80)
    at div
    at div
    at div
    at C:\Users\Eli\Desktop\Claude 
Code\CPQ-System\src\components\ui\card.tsx:81:57
    at div
    at C:\Users\Eli\Desktop\Claude 
Code\CPQ-System\src\components\ui\card.tsx:7:50
    at BOMGrid (C:\Users\Eli\Desktop\Claude Code\CPQ
-System\src\components\shared\BOMGrid.tsx:22:3)
Warning: A component is `contentEditable` and 
contains `children` managed by React. It is now 
your responsibility to guarantee that none of those 
nodes are unexpectedly modified or duplicated. This 
is probably not intentional.
    at div
    at div
    at div
    at div
    at spy (file:///C:/Users/Eli/Desktop/Claude%20Co
de/CPQ-System/node_modules/tinyspy/dist/index.js:42:
80)
    at div
    at div
    at div
    at C:\Users\Eli\Desktop\Claude 
Code\CPQ-System\src\components\ui\card.tsx:81:57
    at div
    at C:\Users\Eli\Desktop\Claude 
Code\CPQ-System\src\components\ui\card.tsx:7:50
    at BOMGrid (C:\Users\Eli\Desktop\Claude Code\CPQ
-System\src\components\shared\BOMGrid.tsx:22:3)
Warning: A component is `contentEditable` and 
contains `children` managed by React. It is now 
your responsibility to guarantee that none of those 
nodes are unexpectedly modified or duplicated. This 
is probably not intentional.
    at div
    at div
    at div
    at div
    at spy (file:///C:/Users/Eli/Desktop/Claude%20Co
de/CPQ-System/node_modules/tinyspy/dist/index.js:42:
80)
    at div
    at div
    at div
    at C:\Users\Eli\Desktop\Claude 
Code\CPQ-System\src\components\ui\card.tsx:81:57
    at div
    at C:\Users\Eli\Desktop\Claude 
Code\CPQ-System\src\components\ui\card.tsx:7:50
    at BOMGrid (C:\Users\Eli\Desktop\Claude Code\CPQ
-System\src\components\shared\BOMGrid.tsx:22:3)
Warning: A component is `contentEditable` and 
contains `children` managed by React. It is now 
your responsibility to guarantee that none of those 
nodes are unexpectedly modified or duplicated. This 
is probably not intentional.
    at div
    at div
    at div
    at div
    at spy (file:///C:/Users/Eli/Desktop/Claude%20Co
de/CPQ-System/node_modules/tinyspy/dist/index.js:42:
80)
    at div
    at div
    at div
    at C:\Users\Eli\Desktop\Claude 
Code\CPQ-System\src\components\ui\card.tsx:81:57
    at div
    at C:\Users\Eli\Desktop\Claude 
Code\CPQ-System\src\components\ui\card.tsx:7:50
    at BOMGrid (C:\Users\Eli\Desktop\Claude Code\CPQ
-System\src\components\shared\BOMGrid.tsx:22:3)
Warning: A component is `contentEditable` and 
contains `children` managed by React. It is now 
your responsibility to guarantee that none of those 
nodes are unexpectedly modified or duplicated. This 
is probably not intentional.
    at div
    at div
    at div
    at div
    at spy (file:///C:/Users/Eli/Desktop/Claude%20Co
de/CPQ-System/node_modules/tinyspy/dist/index.js:42:
80)
    at div
    at div
    at div
    at C:\Users\Eli\Desktop\Claude 
Code\CPQ-System\src\components\ui\card.tsx:81:57
    at div
    at C:\Users\Eli\Desktop\Claude 
Code\CPQ-System\src\components\ui\card.tsx:7:50
    at BOMGrid (C:\Users\Eli\Desktop\Claude Code\CPQ
-System\src\components\shared\BOMGrid.tsx:22:3)
Warning: A component is `contentEditable` and 
contains `children` managed by React. It is now 
your responsibility to guarantee that none of those 
nodes are unexpectedly modified or duplicated. This 
is probably not intentional.
    at div
    at div
    at div
    at div
    at spy (file:///C:/Users/Eli/Desktop/Claude%20Co
de/CPQ-System/node_modules/tinyspy/dist/index.js:42:
80)
    at div
    at div
    at div
    at C:\Users\Eli\Desktop\Claude 
Code\CPQ-System\src\components\ui\card.tsx:81:57
    at div
    at C:\Users\Eli\Desktop\Claude 
Code\CPQ-System\src\components\ui\card.tsx:7:50
    at BOMGrid (C:\Users\Eli\Desktop\Claude Code\CPQ
-System\src\components\shared\BOMGrid.tsx:22:3)
Warning: A component is `contentEditable` and 
contains `children` managed by React. It is now 
your responsibility to guarantee that none of those 
nodes are unexpectedly modified or duplicated. This 
is probably not intentional.
    at div
    at div
    at div
    at div
    at spy (file:///C:/Users/Eli/Desktop/Claude%20Co
de/CPQ-System/node_modules/tinyspy/dist/index.js:42:
80)
    at div
    at div
    at div
    at C:\Users\Eli\Desktop\Claude 
Code\CPQ-System\src\components\ui\card.tsx:81:57
    at div
    at C:\Users\Eli\Desktop\Claude 
Code\CPQ-System\src\components\ui\card.tsx:7:50
    at BOMGrid (C:\Users\Eli\Desktop\Claude Code\CPQ
-System\src\components\shared\BOMGrid.tsx:22:3)
Warning: A component is `contentEditable` and 
contains `children` managed by React. It is now 
your responsibility to guarantee that none of those 
nodes are unexpectedly modified or duplicated. This 
is probably not intentional.
    at div
    at div
    at div
    at div
    at spy (file:///C:/Users/Eli/Desktop/Claude%20Co
de/CPQ-System/node_modules/tinyspy/dist/index.js:42:
80)
    at div
    at div
    at div
    at C:\Users\Eli\Desktop\Claude 
Code\CPQ-System\src\components\ui\card.tsx:81:57
    at div
    at C:\Users\Eli\Desktop\Claude 
Code\CPQ-System\src\components\ui\card.tsx:7:50
    at BOMGrid (C:\Users\Eli\Desktop\Claude Code\CPQ
-System\src\components\shared\BOMGrid.tsx:22:3)
Warning: A component is `contentEditable` and 
contains `children` managed by React. It is now 
your responsibility to guarantee that none of those 
nodes are unexpectedly modified or duplicated. This 
is probably not intentional.
    at div
    at div
    at div
    at div
    at spy (file:///C:/Users/Eli/Desktop/Claude%20Co
de/CPQ-System/node_modules/tinyspy/dist/index.js:42:
80)
    at div
    at div
    at div
    at C:\Users\Eli\Desktop\Claude 
Code\CPQ-System\src\components\ui\card.tsx:81:57
    at div
    at C:\Users\Eli\Desktop\Claude 
Code\CPQ-System\src\components\ui\card.tsx:7:50
    at BOMGrid (C:\Users\Eli\Desktop\Claude Code\CPQ
-System\src\components\shared\BOMGrid.tsx:22:3)
Warning: A component is `contentEditable` and 
contains `children` managed by React. It is now 
your responsibility to guarantee that none of those 
nodes are unexpectedly modified or duplicated. This 
is probably not intentional.
    at div
    at div
    at div
    at div
    at spy (file:///C:/Users/Eli/Desktop/Claude%20Co
de/CPQ-System/node_modules/tinyspy/dist/index.js:42:
80)
    at div
    at div
    at div
    at C:\Users\Eli\Desktop\Claude 
Code\CPQ-System\src\components\ui\card.tsx:81:57
    at div
    at C:\Users\Eli\Desktop\Claude 
Code\CPQ-System\src\components\ui\card.tsx:7:50
    at BOMGrid (C:\Users\Eli\Desktop\Claude Code\CPQ
-System\src\components\shared\BOMGrid.tsx:22:3)
Warning: A component is `contentEditable` and 
contains `children` managed by React. It is now 
your responsibility to guarantee that none of those 
nodes are unexpectedly modified or duplicated. This 
is probably not intentional.
    at div
    at div
    at div
    at div
    at spy (file:///C:/Users/Eli/Desktop/Claude%20Co
de/CPQ-System/node_modules/tinyspy/dist/index.js:42:
80)
    at div
    at div
    at div
    at C:\Users\Eli\Desktop\Claude 
Code\CPQ-System\src\components\ui\card.tsx:81:57
    at div
    at C:\Users\Eli\Desktop\Claude 
Code\CPQ-System\src\components\ui\card.tsx:7:50
    at BOMGrid (C:\Users\Eli\Desktop\Claude Code\CPQ
-System\src\components\shared\BOMGrid.tsx:22:3)
Warning: A component is `contentEditable` and 
contains `children` managed by React. It is now 
your responsibility to guarantee that none of those 
nodes are unexpectedly modified or duplicated. This 
is probably not intentional.
    at div
    at div
    at div
    at div
    at spy (file:///C:/Users/Eli/Desktop/Claude%20Co
de/CPQ-System/node_modules/tinyspy/dist/index.js:42:
80)
    at div
    at div
    at div
    at C:\Users\Eli\Desktop\Claude 
Code\CPQ-System\src\components\ui\card.tsx:81:57
    at div
    at C:\Users\Eli\Desktop\Claude 
Code\CPQ-System\src\components\ui\card.tsx:7:50
    at BOMGrid (C:\Users\Eli\Desktop\Claude Code\CPQ
-System\src\components\shared\BOMGrid.tsx:22:3)
Warning: A component is `contentEditable` and 
contains `children` managed by React. It is now 
your responsibility to guarantee that none of those 
nodes are unexpectedly modified or duplicated. This 
is probably not intentional.
    at div
    at div
    at div
    at div
    at spy (file:///C:/Users/Eli/Desktop/Claude%20Co
de/CPQ-System/node_modules/tinyspy/dist/index.js:42:
80)
    at div
    at div
    at div
    at C:\Users\Eli\Desktop\Claude 
Code\CPQ-System\src\components\ui\card.tsx:81:57
    at div
    at C:\Users\Eli\Desktop\Claude 
Code\CPQ-System\src\components\ui\card.tsx:7:50
    at BOMGrid (C:\Users\Eli\Desktop\Claude Code\CPQ
-System\src\components\shared\BOMGrid.tsx:22:3)
Warning: A component is `contentEditable` and 
contains `children` managed by React. It is now 
your responsibility to guarantee that none of those 
nodes are unexpectedly modified or duplicated. This 
is probably not intentional.
    at div
    at div
    at div
    at div
    at spy (file:///C:/Users/Eli/Desktop/Claude%20Co
de/CPQ-System/node_modules/tinyspy/dist/index.js:42:
80)
    at div
    at div
    at div
    at C:\Users\Eli\Desktop\Claude 
Code\CPQ-System\src\components\ui\card.tsx:81:57
    at div
    at C:\Users\Eli\Desktop\Claude 
Code\CPQ-System\src\components\ui\card.tsx:7:50
    at BOMGrid (C:\Users\Eli\Desktop\Claude Code\CPQ
-System\src\components\shared\BOMGrid.tsx:22:3)
Warning: A component is `contentEditable` and 
contains `children` managed by React. It is now 
your responsibility to guarantee that none of those 
nodes are unexpectedly modified or duplicated. This 
is probably not intentional.
    at div
    at div
    at div
    at div
    at spy (file:///C:/Users/Eli/Desktop/Claude%20Co
de/CPQ-System/node_modules/tinyspy/dist/index.js:42:
80)
    at div
    at div
    at div
    at C:\Users\Eli\Desktop\Claude 
Code\CPQ-System\src\components\ui\card.tsx:81:57
    at div
    at C:\Users\Eli\Desktop\Claude 
Code\CPQ-System\src\components\ui\card.tsx:7:50
    at BOMGrid (C:\Users\Eli\Desktop\Claude Code\CPQ
-System\src\components\shared\BOMGrid.tsx:22:3)
Warning: A component is `contentEditable` and 
contains `children` managed by React. It is now 
your responsibility to guarantee that none of those 
nodes are unexpectedly modified or duplicated. This 
is probably not intentional.
    at div
    at div
    at div
    at div
    at spy (file:///C:/Users/Eli/Desktop/Claude%20Co
de/CPQ-System/node_modules/tinyspy/dist/index.js:42:
80)
    at div
    at div
    at div
    at C:\Users\Eli\Desktop\Claude 
Code\CPQ-System\src\components\ui\card.tsx:81:57
    at div
    at C:\Users\Eli\Desktop\Claude 
Code\CPQ-System\src\components\ui\card.tsx:7:50
    at BOMGrid (C:\Users\Eli\Desktop\Claude Code\CPQ
-System\src\components\shared\BOMGrid.tsx:22:3)
Warning: A component is `contentEditable` and 
contains `children` managed by React. It is now 
your responsibility to guarantee that none of those 
nodes are unexpectedly modified or duplicated. This 
is probably not intentional.
    at div
    at div
    at div
    at div
    at spy (file:///C:/Users/Eli/Desktop/Claude%20Co
de/CPQ-System/node_modules/tinyspy/dist/index.js:42:
80)
    at div
    at div
    at div
    at C:\Users\Eli\Desktop\Claude 
Code\CPQ-System\src\components\ui\card.tsx:81:57
    at div
    at C:\Users\Eli\Desktop\Claude 
Code\CPQ-System\src\components\ui\card.tsx:7:50
    at BOMGrid (C:\Users\Eli\Desktop\Claude Code\CPQ
-System\src\components\shared\BOMGrid.tsx:22:3)
Warning: A component is `contentEditable` and 
contains `children` managed by React. It is now 
your responsibility to guarantee that none of those 
nodes are unexpectedly modified or duplicated. This 
is probably not intentional.
    at div
    at div
    at div
    at div
    at spy (file:///C:/Users/Eli/Desktop/Claude%20Co
de/CPQ-System/node_modules/tinyspy/dist/index.js:42:
80)
    at div
    at div
    at div
    at C:\Users\Eli\Desktop\Claude 
Code\CPQ-System\src\components\ui\card.tsx:81:57
    at div
    at C:\Users\Eli\Desktop\Claude 
Code\CPQ-System\src\components\ui\card.tsx:7:50
    at BOMGrid (C:\Users\Eli\Desktop\Claude Code\CPQ
-System\src\components\shared\BOMGrid.tsx:22:3)
Warning: A component is `contentEditable` and 
contains `children` managed by React. It is now 
your responsibility to guarantee that none of those 
nodes are unexpectedly modified or duplicated. This 
is probably not intentional.
    at div
    at div
    at div
    at div
    at spy (file:///C:/Users/Eli/Desktop/Claude%20Co
de/CPQ-System/node_modules/tinyspy/dist/index.js:42:
80)
    at div
    at div
    at div
    at C:\Users\Eli\Desktop\Claude 
Code\CPQ-System\src\components\ui\card.tsx:81:57
    at div
    at C:\Users\Eli\Desktop\Claude 
Code\CPQ-System\src\components\ui\card.tsx:7:50
    at BOMGrid (C:\Users\Eli\Desktop\Claude Code\CPQ
-System\src\components\shared\BOMGrid.tsx:22:3)
Warning: A component is `contentEditable` and 
contains `children` managed by React. It is now 
your responsibility to guarantee that none of those 
nodes are unexpectedly modified or duplicated. This 
is probably not intentional.
    at div
    at div
    at div
    at div
    at spy (file:///C:/Users/Eli/Desktop/Claude%20Co
de/CPQ-System/node_modules/tinyspy/dist/index.js:42:
80)
    at div
    at div
    at div
    at C:\Users\Eli\Desktop\Claude 
Code\CPQ-System\src\components\ui\card.tsx:81:57
    at div
    at C:\Users\Eli\Desktop\Claude 
Code\CPQ-System\src\components\ui\card.tsx:7:50
    at BOMGrid (C:\Users\Eli\Desktop\Claude Code\CPQ
-System\src\components\shared\BOMGrid.tsx:22:3)
Warning: A component is `contentEditable` and 
contains `children` managed by React. It is now 
your responsibility to guarantee that none of those 
nodes are unexpectedly modified or duplicated. This 
is probably not intentional.
    at div
    at div
    at div
    at div
    at spy (file:///C:/Users/Eli/Desktop/Claude%20Co
de/CPQ-System/node_modules/tinyspy/dist/index.js:42:
80)
    at div
    at div
    at div
    at C:\Users\Eli\Desktop\Claude 
Code\CPQ-System\src\components\ui\card.tsx:81:57
    at div
    at C:\Users\Eli\Desktop\Claude 
Code\CPQ-System\src\components\ui\card.tsx:7:50
    at BOMGrid (C:\Users\Eli\Desktop\Claude Code\CPQ
-System\src\components\shared\BOMGrid.tsx:22:3)
Warning: A component is `contentEditable` and 
contains `children` managed by React. It is now 
your responsibility to guarantee that none of those 
nodes are unexpectedly modified or duplicated. This 
is probably not intentional.
    at div
    at div
    at div
    at div
    at spy (file:///C:/Users/Eli/Desktop/Claude%20Co
de/CPQ-System/node_modules/tinyspy/dist/index.js:42:
80)
    at div
    at div
    at div
    at C:\Users\Eli\Desktop\Claude 
Code\CPQ-System\src\components\ui\card.tsx:81:57
    at div
    at C:\Users\Eli\Desktop\Claude 
Code\CPQ-System\src\components\ui\card.tsx:7:50
    at BOMGrid (C:\Users\Eli\Desktop\Claude Code\CPQ
-System\src\components\shared\BOMGrid.tsx:22:3)
Warning: A component is `contentEditable` and 
contains `children` managed by React. It is now 
your responsibility to guarantee that none of those 
nodes are unexpectedly modified or duplicated. This 
is probably not intentional.
    at div
    at div
    at div
    at div
    at spy (file:///C:/Users/Eli/Desktop/Claude%20Co
de/CPQ-System/node_modules/tinyspy/dist/index.js:42:
80)
    at div
    at div
    at div
    at C:\Users\Eli\Desktop\Claude 
Code\CPQ-System\src\components\ui\card.tsx:81:57
    at div
    at C:\Users\Eli\Desktop\Claude 
Code\CPQ-System\src\components\ui\card.tsx:7:50
    at BOMGrid (C:\Users\Eli\Desktop\Claude Code\CPQ
-System\src\components\shared\BOMGrid.tsx:22:3)
Warning: A component is `contentEditable` and 
contains `children` managed by React. It is now 
your responsibility to guarantee that none of those 
nodes are unexpectedly modified or duplicated. This 
is probably not intentional.
    at div
    at div
    at div
    at div
    at spy (file:///C:/Users/Eli/Desktop/Claude%20Co
de/CPQ-System/node_modules/tinyspy/dist/index.js:42:
80)
    at div
    at div
    at div
    at C:\Users\Eli\Desktop\Claude 
Code\CPQ-System\src\components\ui\card.tsx:81:57
    at div
    at C:\Users\Eli\Desktop\Claude 
Code\CPQ-System\src\components\ui\card.tsx:7:50
    at BOMGrid (C:\Users\Eli\Desktop\Claude Code\CPQ
-System\src\components\shared\BOMGrid.tsx:22:3)
Warning: A component is `contentEditable` and 
contains `children` managed by React. It is now 
your responsibility to guarantee that none of those 
nodes are unexpectedly modified or duplicated. This 
is probably not intentional.
    at div
    at div
    at div
    at div
    at spy (file:///C:/Users/Eli/Desktop/Claude%20Co
de/CPQ-System/node_modules/tinyspy/dist/index.js:42:
80)
    at div
    at div
    at div
    at C:\Users\Eli\Desktop\Claude 
Code\CPQ-System\src\components\ui\card.tsx:81:57
    at div
    at C:\Users\Eli\Desktop\Claude 
Code\CPQ-System\src\components\ui\card.tsx:7:50
    at BOMGrid (C:\Users\Eli\Desktop\Claude Code\CPQ
-System\src\components\shared\BOMGrid.tsx:22:3)
Warning: A component is `contentEditable` and 
contains `children` managed by React. It is now 
your responsibility to guarantee that none of those 
nodes are unexpectedly modified or duplicated. This 
is probably not intentional.
    at div
    at div
    at div
    at div
    at spy (file:///C:/Users/Eli/Desktop/Claude%20Co
de/CPQ-System/node_modules/tinyspy/dist/index.js:42:
80)
    at div
    at div
    at div
    at C:\Users\Eli\Desktop\Claude 
Code\CPQ-System\src\components\ui\card.tsx:81:57
    at div
    at C:\Users\Eli\Desktop\Claude 
Code\CPQ-System\src\components\ui\card.tsx:7:50
    at BOMGrid (C:\Users\Eli\Desktop\Claude Code\CPQ
-System\src\components\shared\BOMGrid.tsx:22:3)
Warning: A component is `contentEditable` and 
contains `children` managed by React. It is now 
your responsibility to guarantee that none of those 
nodes are unexpectedly modified or duplicated. This 
is probably not intentional.
    at div
    at div
    at div
    at div
    at spy (file:///C:/Users/Eli/Desktop/Claude%20Co
de/CPQ-System/node_modules/tinyspy/dist/index.js:42:
80)
    at div
    at div
    at div
    at C:\Users\Eli\Desktop\Claude 
Code\CPQ-System\src\components\ui\card.tsx:81:57
    at div
    at C:\Users\Eli\Desktop\Claude 
Code\CPQ-System\src\components\ui\card.tsx:7:50
    at BOMGrid (C:\Users\Eli\Desktop\Claude Code\CPQ
-System\src\components\shared\BOMGrid.tsx:22:3)
Warning: A component is `contentEditable` and 
contains `children` managed by React. It is now 
your responsibility to guarantee that none of those 
nodes are unexpectedly modified or duplicated. This 
is probably not intentional.
    at div
    at div
    at div
    at div
    at spy (file:///C:/Users/Eli/Desktop/Claude%20Co
de/CPQ-System/node_modules/tinyspy/dist/index.js:42:
80)
    at div
    at div
    at div
    at C:\Users\Eli\Desktop\Claude 
Code\CPQ-System\src\components\ui\card.tsx:81:57
    at div
    at C:\Users\Eli\Desktop\Claude 
Code\CPQ-System\src\components\ui\card.tsx:7:50
    at BOMGrid (C:\Users\Eli\Desktop\Claude Code\CPQ
-System\src\components\shared\BOMGrid.tsx:22:3)
Warning: A component is `contentEditable` and 
contains `children` managed by React. It is now 
your responsibility to guarantee that none of those 
nodes are unexpectedly modified or duplicated. This 
is probably not intentional.
    at div
    at div
    at div
    at div
    at spy (file:///C:/Users/Eli/Desktop/Claude%20Co
de/CPQ-System/node_modules/tinyspy/dist/index.js:42:
80)
    at div
    at div
    at div
    at C:\Users\Eli\Desktop\Claude 
Code\CPQ-System\src\components\ui\card.tsx:81:57
    at div
    at C:\Users\Eli\Desktop\Claude 
Code\CPQ-System\src\components\ui\card.tsx:7:50
    at BOMGrid (C:\Users\Eli\Desktop\Claude Code\CPQ
-System\src\components\shared\BOMGrid.tsx:22:3)
Warning: A component is `contentEditable` and 
contains `children` managed by React. It is now 
your responsibility to guarantee that none of those 
nodes are unexpectedly modified or duplicated. This 
is probably not intentional.
    at div
    at div
    at div
    at div
    at spy (file:///C:/Users/Eli/Desktop/Claude%20Co
de/CPQ-System/node_modules/tinyspy/dist/index.js:42:
80)
    at div
    at div
    at div
    at C:\Users\Eli\Desktop\Claude 
Code\CPQ-System\src\components\ui\card.tsx:81:57
    at div
    at C:\Users\Eli\Desktop\Claude 
Code\CPQ-System\src\components\ui\card.tsx:7:50
    at BOMGrid (C:\Users\Eli\Desktop\Claude Code\CPQ
-System\src\components\shared\BOMGrid.tsx:22:3)
Warning: A component is `contentEditable` and 
contains `children` managed by React. It is now 
your responsibility to guarantee that none of those 
nodes are unexpectedly modified or duplicated. This 
is probably not intentional.
    at div
    at div
    at div
    at div
    at spy (file:///C:/Users/Eli/Desktop/Claude%20Co
de/CPQ-System/node_modules/tinyspy/dist/index.js:42:
80)
    at div
    at div
    at div
    at C:\Users\Eli\Desktop\Claude 
Code\CPQ-System\src\components\ui\card.tsx:81:57
    at div
    at C:\Users\Eli\Desktop\Claude 
Code\CPQ-System\src\components\ui\card.tsx:7:50
    at BOMGrid (C:\Users\Eli\Desktop\Claude Code\CPQ
-System\src\components\shared\BOMGrid.tsx:22:3)
Warning: A component is `contentEditable` and 
contains `children` managed by React. It is now 
your responsibility to guarantee that none of those 
nodes are unexpectedly modified or duplicated. This 
is probably not intentional.
    at div
    at div
    at div
    at div
    at spy (file:///C:/Users/Eli/Desktop/Claude%20Co
de/CPQ-System/node_modules/tinyspy/dist/index.js:42:
80)
    at div
    at div
    at div
    at C:\Users\Eli\Desktop\Claude 
Code\CPQ-System\src\components\ui\card.tsx:81:57
    at div
    at C:\Users\Eli\Desktop\Claude 
Code\CPQ-System\src\components\ui\card.tsx:7:50
    at BOMGrid (C:\Users\Eli\Desktop\Claude Code\CPQ
-System\src\components\shared\BOMGrid.tsx:22:3)
Warning: A component is `contentEditable` and 
contains `children` managed by React. It is now 
your responsibility to guarantee that none of those 
nodes are unexpectedly modified or duplicated. This 
is probably not intentional.
    at div
    at div
    at div
    at div
    at spy (file:///C:/Users/Eli/Desktop/Claude%20Co
de/CPQ-System/node_modules/tinyspy/dist/index.js:42:
80)
    at div
    at div
    at div
    at C:\Users\Eli\Desktop\Claude 
Code\CPQ-System\src\components\ui\card.tsx:81:57
    at div
    at C:\Users\Eli\Desktop\Claude 
Code\CPQ-System\src\components\ui\card.tsx:7:50
    at BOMGrid (C:\Users\Eli\Desktop\Claude Code\CPQ
-System\src\components\shared\BOMGrid.tsx:22:3)
Warning: A component is `contentEditable` and 
contains `children` managed by React. It is now 
your responsibility to guarantee that none of those 
nodes are unexpectedly modified or duplicated. This 
is probably not intentional.
    at div
    at div
    at div
    at div
    at spy (file:///C:/Users/Eli/Desktop/Claude%20Co
de/CPQ-System/node_modules/tinyspy/dist/index.js:42:
80)
    at div
    at div
    at div
    at C:\Users\Eli\Desktop\Claude 
Code\CPQ-System\src\components\ui\card.tsx:81:57
    at div
    at C:\Users\Eli\Desktop\Claude 
Code\CPQ-System\src\components\ui\card.tsx:7:50
    at BOMGrid (C:\Users\Eli\Desktop\Claude Code\CPQ
-System\src\components\shared\BOMGrid.tsx:22:3)
Warning: A component is `contentEditable` and 
contains `children` managed by React. It is now 
your responsibility to guarantee that none of those 
nodes are unexpectedly modified or duplicated. This 
is probably not intentional.
    at div
    at div
    at div
    at div
    at spy (file:///C:/Users/Eli/Desktop/Claude%20Co
de/CPQ-System/node_modules/tinyspy/dist/index.js:42:
80)
    at div
    at div
    at div
    at C:\Users\Eli\Desktop\Claude 
Code\CPQ-System\src\components\ui\card.tsx:81:57
    at div
    at C:\Users\Eli\Desktop\Claude 
Code\CPQ-System\src\components\ui\card.tsx:7:50
    at BOMGrid (C:\Users\Eli\Desktop\Claude Code\CPQ
-System\src\components\shared\BOMGrid.tsx:22:3)
Warning: A component is `contentEditable` and 
contains `children` managed by React. It is now 
your responsibility to guarantee that none of those 
nodes are unexpectedly modified or duplicated. This 
is probably not intentional.
    at div
    at div
    at div
    at div
    at spy (file:///C:/Users/Eli/Desktop/Claude%20Co
de/CPQ-System/node_modules/tinyspy/dist/index.js:42:
80)
    at div
    at div
    at div
    at C:\Users\Eli\Desktop\Claude 
Code\CPQ-System\src\components\ui\card.tsx:81:57
    at div
    at C:\Users\Eli\Desktop\Claude 
Code\CPQ-System\src\components\ui\card.tsx:7:50
    at BOMGrid (C:\Users\Eli\Desktop\Claude Code\CPQ
-System\src\components\shared\BOMGrid.tsx:22:3)
Warning: A component is `contentEditable` and 
contains `children` managed by React. It is now 
your responsibility to guarantee that none of those 
nodes are unexpectedly modified or duplicated. This 
is probably not intentional.
    at div
    at div
    at div
    at div
    at spy (file:///C:/Users/Eli/Desktop/Claude%20Co
de/CPQ-System/node_modules/tinyspy/dist/index.js:42:
80)
    at div
    at div
    at div
    at C:\Users\Eli\Desktop\Claude 
Code\CPQ-System\src\components\ui\card.tsx:81:57
    at div
    at C:\Users\Eli\Desktop\Claude 
Code\CPQ-System\src\components\ui\card.tsx:7:50
    at BOMGrid (C:\Users\Eli\Desktop\Claude Code\CPQ
-System\src\components\shared\BOMGrid.tsx:22:3)
Warning: A component is `contentEditable` and 
contains `children` managed by React. It is now 
your responsibility to guarantee that none of those 
nodes are unexpectedly modified or duplicated. This 
is probably not intentional.
    at div
    at div
    at div
    at div
    at spy (file:///C:/Users/Eli/Desktop/Claude%20Co
de/CPQ-System/node_modules/tinyspy/dist/index.js:42:
80)
    at div
    at div
    at div
    at C:\Users\Eli\Desktop\Claude 
Code\CPQ-System\src\components\ui\card.tsx:81:57
    at div
    at C:\Users\Eli\Desktop\Claude 
Code\CPQ-System\src\components\ui\card.tsx:7:50
    at BOMGrid (C:\Users\Eli\Desktop\Claude Code\CPQ
-System\src\components\shared\BOMGrid.tsx:22:3)
Warning: A component is `contentEditable` and 
contains `children` managed by React. It is now 
your responsibility to guarantee that none of those 
nodes are unexpectedly modified or duplicated. This 
is probably not intentional.
    at div
    at div
    at div
    at div
    at spy (file:///C:/Users/Eli/Desktop/Claude%20Co
de/CPQ-System/node_modules/tinyspy/dist/index.js:42:
80)
    at div
    at div
    at div
    at C:\Users\Eli\Desktop\Claude 
Code\CPQ-System\src\components\ui\card.tsx:81:57
    at div
    at C:\Users\Eli\Desktop\Claude 
Code\CPQ-System\src\components\ui\card.tsx:7:50
    at BOMGrid (C:\Users\Eli\Desktop\Claude Code\CPQ
-System\src\components\shared\BOMGrid.tsx:22:3)
Warning: A component is `contentEditable` and 
contains `children` managed by React. It is now 
your responsibility to guarantee that none of those 
nodes are unexpectedly modified or duplicated. This 
is probably not intentional.
    at div
    at div
    at div
    at div
    at spy (file:///C:/Users/Eli/Desktop/Claude%20Co
de/CPQ-System/node_modules/tinyspy/dist/index.js:42:
80)
    at div
    at div
    at div
    at C:\Users\Eli\Desktop\Claude 
Code\CPQ-System\src\components\ui\card.tsx:81:57
    at div
    at C:\Users\Eli\Desktop\Claude 
Code\CPQ-System\src\components\ui\card.tsx:7:50
    at BOMGrid (C:\Users\Eli\Desktop\Claude Code\CPQ
-System\src\components\shared\BOMGrid.tsx:22:3)
Warning: A component is `contentEditable` and 
contains `children` managed by React. It is now 
your responsibility to guarantee that none of those 
nodes are unexpectedly modified or duplicated. This 
is probably not intentional.
    at div
    at div
    at div
    at div
    at spy (file:///C:/Users/Eli/Desktop/Claude%20Co
de/CPQ-System/node_modules/tinyspy/dist/index.js:42:
80)
    at div
    at div
    at div
    at C:\Users\Eli\Desktop\Claude 
Code\CPQ-System\src\components\ui\card.tsx:81:57
    at div
    at C:\Users\Eli\Desktop\Claude 
Code\CPQ-System\src\components\ui\card.tsx:7:50
    at BOMGrid (C:\Users\Eli\Desktop\Claude Code\CPQ
-System\src\components\shared\BOMGrid.tsx:22:3)
Warning: A component is `contentEditable` and 
contains `children` managed by React. It is now 
your responsibility to guarantee that none of those 
nodes are unexpectedly modified or duplicated. This 
is probably not intentional.
    at div
    at div
    at div
    at div
    at spy (file:///C:/Users/Eli/Desktop/Claude%20Co
de/CPQ-System/node_modules/tinyspy/dist/index.js:42:
80)
    at div
    at div
    at div
    at C:\Users\Eli\Desktop\Claude 
Code\CPQ-System\src\components\ui\card.tsx:81:57
    at div
    at C:\Users\Eli\Desktop\Claude 
Code\CPQ-System\src\components\ui\card.tsx:7:50
    at BOMGrid (C:\Users\Eli\Desktop\Claude Code\CPQ
-System\src\components\shared\BOMGrid.tsx:22:3)
Warning: A component is `contentEditable` and 
contains `children` managed by React. It is now 
your responsibility to guarantee that none of those 
nodes are unexpectedly modified or duplicated. This 
is probably not intentional.
    at div
    at div
    at div
    at div
    at spy (file:///C:/Users/Eli/Desktop/Claude%20Co
de/CPQ-System/node_modules/tinyspy/dist/index.js:42:
80)
    at div
    at div
    at div
    at C:\Users\Eli\Desktop\Claude 
Code\CPQ-System\src\components\ui\card.tsx:81:57
    at div
    at C:\Users\Eli\Desktop\Claude 
Code\CPQ-System\src\components\ui\card.tsx:7:50
    at BOMGrid (C:\Users\Eli\Desktop\Claude Code\CPQ
-System\src\components\shared\BOMGrid.tsx:22:3)
Warning: A component is `contentEditable` and 
contains `children` managed by React. It is now 
your responsibility to guarantee that none of those 
nodes are unexpectedly modified or duplicated. This 
is probably not intentional.
    at div
    at div
    at div
    at div
    at spy (file:///C:/Users/Eli/Desktop/Claude%20Co
de/CPQ-System/node_modules/tinyspy/dist/index.js:42:
80)
    at div
    at div
    at div
    at C:\Users\Eli\Desktop\Claude 
Code\CPQ-System\src\components\ui\card.tsx:81:57
    at div
    at C:\Users\Eli\Desktop\Claude 
Code\CPQ-System\src\components\ui\card.tsx:7:50
    at BOMGrid (C:\Users\Eli\Desktop\Claude Code\CPQ
-System\src\components\shared\BOMGrid.tsx:22:3)
Warning: A component is `contentEditable` and 
contains `children` managed by React. It is now 
your responsibility to guarantee that none of those 
nodes are unexpectedly modified or duplicated. This 
is probably not intentional.
    at div
    at div
    at div
    at div
    at spy (file:///C:/Users/Eli/Desktop/Claude%20Co
de/CPQ-System/node_modules/tinyspy/dist/index.js:42:
80)
    at div
    at div
    at div
    at C:\Users\Eli\Desktop\Claude 
Code\CPQ-System\src\components\ui\card.tsx:81:57
    at div
    at C:\Users\Eli\Desktop\Claude 
Code\CPQ-System\src\components\ui\card.tsx:7:50
    at BOMGrid (C:\Users\Eli\Desktop\Claude Code\CPQ
-System\src\components\shared\BOMGrid.tsx:22:3)
Warning: A component is `contentEditable` and 
contains `children` managed by React. It is now 
your responsibility to guarantee that none of those 
nodes are unexpectedly modified or duplicated. This 
is probably not intentional.
    at div
    at div
    at div
    at div
    at spy (file:///C:/Users/Eli/Desktop/Claude%20Co
de/CPQ-System/node_modules/tinyspy/dist/index.js:42:
80)
    at div
    at div
    at div
    at C:\Users\Eli\Desktop\Claude 
Code\CPQ-System\src\components\ui\card.tsx:81:57
    at div
    at C:\Users\Eli\Desktop\Claude 
Code\CPQ-System\src\components\ui\card.tsx:7:50
    at BOMGrid (C:\Users\Eli\Desktop\Claude Code\CPQ
-System\src\components\shared\BOMGrid.tsx:22:3)
Warning: A component is `contentEditable` and 
contains `children` managed by React. It is now 
your responsibility to guarantee that none of those 
nodes are unexpectedly modified or duplicated. This 
is probably not intentional.
    at div
    at div
    at div
    at div
    at spy (file:///C:/Users/Eli/Desktop/Claude%20Co
de/CPQ-System/node_modules/tinyspy/dist/index.js:42:
80)
    at div
    at div
    at div
    at C:\Users\Eli\Desktop\Claude 
Code\CPQ-System\src\components\ui\card.tsx:81:57
    at div
    at C:\Users\Eli\Desktop\Claude 
Code\CPQ-System\src\components\ui\card.tsx:7:50
    at BOMGrid (C:\Users\Eli\Desktop\Claude Code\CPQ
-System\src\components\shared\BOMGrid.tsx:22:3)
Warning: A component is `contentEditable` and 
contains `children` managed by React. It is now 
your responsibility to guarantee that none of those 
nodes are unexpectedly modified or duplicated. This 
is probably not intentional.
    at div
    at div
    at div
    at div
    at spy (file:///C:/Users/Eli/Desktop/Claude%20Co
de/CPQ-System/node_modules/tinyspy/dist/index.js:42:
80)
    at div
    at div
    at div
    at C:\Users\Eli\Desktop\Claude 
Code\CPQ-System\src\components\ui\card.tsx:81:57
    at div
    at C:\Users\Eli\Desktop\Claude 
Code\CPQ-System\src\components\ui\card.tsx:7:50
    at BOMGrid (C:\Users\Eli\Desktop\Claude Code\CPQ
-System\src\components\shared\BOMGrid.tsx:22:3)
Warning: A component is `contentEditable` and 
contains `children` managed by React. It is now 
your responsibility to guarantee that none of those 
nodes are unexpectedly modified or duplicated. This 
is probably not intentional.
    at div
    at div
    at div
    at div
    at spy (file:///C:/Users/Eli/Desktop/Claude%20Co
de/CPQ-System/node_modules/tinyspy/dist/index.js:42:
80)
    at div
    at div
    at div
    at C:\Users\Eli\Desktop\Claude 
Code\CPQ-System\src\components\ui\card.tsx:81:57
    at div
    at C:\Users\Eli\Desktop\Claude 
Code\CPQ-System\src\components\ui\card.tsx:7:50
    at BOMGrid (C:\Users\Eli\Desktop\Claude Code\CPQ
-System\src\components\shared\BOMGrid.tsx:22:3)
Warning: A component is `contentEditable` and 
contains `children` managed by React. It is now 
your responsibility to guarantee that none of those 
nodes are unexpectedly modified or duplicated. This 
is probably not intentional.
    at div
    at div
    at div
    at div
    at spy (file:///C:/Users/Eli/Desktop/Claude%20Co
de/CPQ-System/node_modules/tinyspy/dist/index.js:42:
80)
    at div
    at div
    at div
    at C:\Users\Eli\Desktop\Claude 
Code\CPQ-System\src\components\ui\card.tsx:81:57
    at div
    at C:\Users\Eli\Desktop\Claude 
Code\CPQ-System\src\components\ui\card.tsx:7:50
    at BOMGrid (C:\Users\Eli\Desktop\Claude Code\CPQ
-System\src\components\shared\BOMGrid.tsx:22:3)
Warning: A component is `contentEditable` and 
contains `children` managed by React. It is now 
your responsibility to guarantee that none of those 
nodes are unexpectedly modified or duplicated. This 
is probably not intentional.
    at div
    at div
    at div
    at div
    at spy (file:///C:/Users/Eli/Desktop/Claude%20Co
de/CPQ-System/node_modules/tinyspy/dist/index.js:42:
80)
    at div
    at div
    at div
    at C:\Users\Eli\Desktop\Claude 
Code\CPQ-System\src\components\ui\card.tsx:81:57
    at div
    at C:\Users\Eli\Desktop\Claude 
Code\CPQ-System\src\components\ui\card.tsx:7:50
    at BOMGrid (C:\Users\Eli\Desktop\Claude Code\CPQ
-System\src\components\shared\BOMGrid.tsx:22:3)
Warning: A component is `contentEditable` and 
contains `children` managed by React. It is now 
your responsibility to guarantee that none of those 
nodes are unexpectedly modified or duplicated. This 
is probably not intentional.
    at div
    at div
    at div
    at div
    at spy (file:///C:/Users/Eli/Desktop/Claude%20Co
de/CPQ-System/node_modules/tinyspy/dist/index.js:42:
80)
    at div
    at div
    at div
    at C:\Users\Eli\Desktop\Claude 
Code\CPQ-System\src\components\ui\card.tsx:81:57
    at div
    at C:\Users\Eli\Desktop\Claude 
Code\CPQ-System\src\components\ui\card.tsx:7:50
    at BOMGrid (C:\Users\Eli\Desktop\Claude Code\CPQ
-System\src\components\shared\BOMGrid.tsx:22:3)
Warning: A component is `contentEditable` and 
contains `children` managed by React. It is now 
your responsibility to guarantee that none of those 
nodes are unexpectedly modified or duplicated. This 
is probably not intentional.
    at div
    at div
    at div
    at div
    at spy (file:///C:/Users/Eli/Desktop/Claude%20Co
de/CPQ-System/node_modules/tinyspy/dist/index.js:42:
80)
    at div
    at div
    at div
    at C:\Users\Eli\Desktop\Claude 
Code\CPQ-System\src\components\ui\card.tsx:81:57
    at div
    at C:\Users\Eli\Desktop\Claude 
Code\CPQ-System\src\components\ui\card.tsx:7:50
    at BOMGrid (C:\Users\Eli\Desktop\Claude Code\CPQ
-System\src\components\shared\BOMGrid.tsx:22:3)
Warning: A component is `contentEditable` and 
contains `children` managed by React. It is now 
your responsibility to guarantee that none of those 
nodes are unexpectedly modified or duplicated. This 
is probably not intentional.
    at div
    at div
    at div
    at div
    at spy (file:///C:/Users/Eli/Desktop/Claude%20Co
de/CPQ-System/node_modules/tinyspy/dist/index.js:42:
80)
    at div
    at div
    at div
    at C:\Users\Eli\Desktop\Claude 
Code\CPQ-System\src\components\ui\card.tsx:81:57
    at div
    at C:\Users\Eli\Desktop\Claude 
Code\CPQ-System\src\components\ui\card.tsx:7:50
    at BOMGrid (C:\Users\Eli\Desktop\Claude Code\CPQ
-System\src\components\shared\BOMGrid.tsx:22:3)
Warning: A component is `contentEditable` and 
contains `children` managed by React. It is now 
your responsibility to guarantee that none of those 
nodes are unexpectedly modified or duplicated. This 
is probably not intentional.
    at div
    at div
    at div
    at div
    at spy (file:///C:/Users/Eli/Desktop/Claude%20Co
de/CPQ-System/node_modules/tinyspy/dist/index.js:42:
80)
    at div
    at div
    at div
    at C:\Users\Eli\Desktop\Claude 
Code\CPQ-System\src\components\ui\card.tsx:81:57
    at div
    at C:\Users\Eli\Desktop\Claude 
Code\CPQ-System\src\components\ui\card.tsx:7:50
    at BOMGrid (C:\Users\Eli\Desktop\Claude Code\CPQ
-System\src\components\shared\BOMGrid.tsx:22:3)
Warning: A component is `contentEditable` and 
contains `children` managed by React. It is now 
your responsibility to guarantee that none of those 
nodes are unexpectedly modified or duplicated. This 
is probably not intentional.
    at div
    at div
    at div
    at div
    at spy (file:///C:/Users/Eli/Desktop/Claude%20Co
de/CPQ-System/node_modules/tinyspy/dist/index.js:42:
80)
    at div
    at div
    at div
    at C:\Users\Eli\Desktop\Claude 
Code\CPQ-System\src\components\ui\card.tsx:81:57
    at div
    at C:\Users\Eli\Desktop\Claude 
Code\CPQ-System\src\components\ui\card.tsx:7:50
    at BOMGrid (C:\Users\Eli\Desktop\Claude Code\CPQ
-System\src\components\shared\BOMGrid.tsx:22:3)
Warning: A component is `contentEditable` and 
contains `children` managed by React. It is now 
your responsibility to guarantee that none of those 
nodes are unexpectedly modified or duplicated. This 
is probably not intentional.
    at div
    at div
    at div
    at div
    at spy (file:///C:/Users/Eli/Desktop/Claude%20Co
de/CPQ-System/node_modules/tinyspy/dist/index.js:42:
80)
    at div
    at div
    at div
    at C:\Users\Eli\Desktop\Claude 
Code\CPQ-System\src\components\ui\card.tsx:81:57
    at div
    at C:\Users\Eli\Desktop\Claude 
Code\CPQ-System\src\components\ui\card.tsx:7:50
    at BOMGrid (C:\Users\Eli\Desktop\Claude Code\CPQ
-System\src\components\shared\BOMGrid.tsx:22:3)
Warning: A component is `contentEditable` and 
contains `children` managed by React. It is now 
your responsibility to guarantee that none of those 
nodes are unexpectedly modified or duplicated. This 
is probably not intentional.
    at div
    at div
    at div
    at div
    at spy (file:///C:/Users/Eli/Desktop/Claude%20Co
de/CPQ-System/node_modules/tinyspy/dist/index.js:42:
80)
    at div
    at div
    at div
    at C:\Users\Eli\Desktop\Claude 
Code\CPQ-System\src\components\ui\card.tsx:81:57
    at div
    at C:\Users\Eli\Desktop\Claude 
Code\CPQ-System\src\components\ui\card.tsx:7:50
    at BOMGrid (C:\Users\Eli\Desktop\Claude Code\CPQ
-System\src\components\shared\BOMGrid.tsx:22:3)
Warning: A component is `contentEditable` and 
contains `children` managed by React. It is now 
your responsibility to guarantee that none of those 
nodes are unexpectedly modified or duplicated. This 
is probably not intentional.
    at div
    at div
    at div
    at div
    at spy (file:///C:/Users/Eli/Desktop/Claude%20Co
de/CPQ-System/node_modules/tinyspy/dist/index.js:42:
80)
    at div
    at div
    at div
    at C:\Users\Eli\Desktop\Claude 
Code\CPQ-System\src\components\ui\card.tsx:81:57
    at div
    at C:\Users\Eli\Desktop\Claude 
Code\CPQ-System\src\components\ui\card.tsx:7:50
    at BOMGrid (C:\Users\Eli\Desktop\Claude Code\CPQ
-System\src\components\shared\BOMGrid.tsx:22:3)
Warning: A component is `contentEditable` and 
contains `children` managed by React. It is now 
your responsibility to guarantee that none of those 
nodes are unexpectedly modified or duplicated. This 
is probably not intentional.
    at div
    at div
    at div
    at div
    at spy (file:///C:/Users/Eli/Desktop/Claude%20Co
de/CPQ-System/node_modules/tinyspy/dist/index.js:42:
80)
    at div
    at div
    at div
    at C:\Users\Eli\Desktop\Claude 
Code\CPQ-System\src\components\ui\card.tsx:81:57
    at div
    at C:\Users\Eli\Desktop\Claude 
Code\CPQ-System\src\components\ui\card.tsx:7:50
    at BOMGrid (C:\Users\Eli\Desktop\Claude Code\CPQ
-System\src\components\shared\BOMGrid.tsx:22:3)
Warning: A component is `contentEditable` and 
contains `children` managed by React. It is now 
your responsibility to guarantee that none of those 
nodes are unexpectedly modified or duplicated. This 
is probably not intentional.
    at div
    at div
    at div
    at div
    at spy (file:///C:/Users/Eli/Desktop/Claude%20Co
de/CPQ-System/node_modules/tinyspy/dist/index.js:42:
80)
    at div
    at div
    at div
    at C:\Users\Eli\Desktop\Claude 
Code\CPQ-System\src\components\ui\card.tsx:81:57
    at div
    at C:\Users\Eli\Desktop\Claude 
Code\CPQ-System\src\components\ui\card.tsx:7:50
    at BOMGrid (C:\Users\Eli\Desktop\Claude Code\CPQ
-System\src\components\shared\BOMGrid.tsx:22:3)
Warning: A component is `contentEditable` and 
contains `children` managed by React. It is now 
your responsibility to guarantee that none of those 
nodes are unexpectedly modified or duplicated. This 
is probably not intentional.
    at div
    at div
    at div
    at div
    at spy (file:///C:/Users/Eli/Desktop/Claude%20Co
de/CPQ-System/node_modules/tinyspy/dist/index.js:42:
80)
    at div
    at div
    at div
    at C:\Users\Eli\Desktop\Claude 
Code\CPQ-System\src\components\ui\card.tsx:81:57
    at div
    at C:\Users\Eli\Desktop\Claude 
Code\CPQ-System\src\components\ui\card.tsx:7:50
    at BOMGrid (C:\Users\Eli\Desktop\Claude Code\CPQ
-System\src\components\shared\BOMGrid.tsx:22:3)
Warning: A component is `contentEditable` and 
contains `children` managed by React. It is now 
your responsibility to guarantee that none of those 
nodes are unexpectedly modified or duplicated. This 
is probably not intentional.
    at div
    at div
    at div
    at div
    at spy (file:///C:/Users/Eli/Desktop/Claude%20Co
de/CPQ-System/node_modules/tinyspy/dist/index.js:42:
80)
    at div
    at div
    at div
    at C:\Users\Eli\Desktop\Claude 
Code\CPQ-System\src\components\ui\card.tsx:81:57
    at div
    at C:\Users\Eli\Desktop\Claude 
Code\CPQ-System\src\components\ui\card.tsx:7:50
    at BOMGrid (C:\Users\Eli\Desktop\Claude Code\CPQ
-System\src\components\shared\BOMGrid.tsx:22:3)
Warning: A component is `contentEditable` and 
contains `children` managed by React. It is now 
your responsibility to guarantee that none of those 
nodes are unexpectedly modified or duplicated. This 
is probably not intentional.
    at div
    at div
    at div
    at div
    at spy (file:///C:/Users/Eli/Desktop/Claude%20Co
de/CPQ-System/node_modules/tinyspy/dist/index.js:42:
80)
    at div
    at div
    at div
    at C:\Users\Eli\Desktop\Claude 
Code\CPQ-System\src\components\ui\card.tsx:81:57
    at div
    at C:\Users\Eli\Desktop\Claude 
Code\CPQ-System\src\components\ui\card.tsx:7:50
    at BOMGrid (C:\Users\Eli\Desktop\Claude Code\CPQ
-System\src\components\shared\BOMGrid.tsx:22:3)
Warning: A component is `contentEditable` and 
contains `children` managed by React. It is now 
your responsibility to guarantee that none of those 
nodes are unexpectedly modified or duplicated. This 
is probably not intentional.
    at div
    at div
    at div
    at div
    at spy (file:///C:/Users/Eli/Desktop/Claude%20Co
de/CPQ-System/node_modules/tinyspy/dist/index.js:42:
80)
    at div
    at div
    at div
    at C:\Users\Eli\Desktop\Claude 
Code\CPQ-System\src\components\ui\card.tsx:81:57
    at div
    at C:\Users\Eli\Desktop\Claude 
Code\CPQ-System\src\components\ui\card.tsx:7:50
    at BOMGrid (C:\Users\Eli\Desktop\Claude Code\CPQ
-System\src\components\shared\BOMGrid.tsx:22:3)
Warning: A component is `contentEditable` and 
contains `children` managed by React. It is now 
your responsibility to guarantee that none of those 
nodes are unexpectedly modified or duplicated. This 
is probably not intentional.
    at div
    at div
    at div
    at div
    at spy (file:///C:/Users/Eli/Desktop/Claude%20Co
de/CPQ-System/node_modules/tinyspy/dist/index.js:42:
80)
    at div
    at div
    at div
    at C:\Users\Eli\Desktop\Claude 
Code\CPQ-System\src\components\ui\card.tsx:81:57
    at div
    at C:\Users\Eli\Desktop\Claude 
Code\CPQ-System\src\components\ui\card.tsx:7:50
    at BOMGrid (C:\Users\Eli\Desktop\Claude Code\CPQ
-System\src\components\shared\BOMGrid.tsx:22:3)
Warning: A component is `contentEditable` and 
contains `children` managed by React. It is now 
your responsibility to guarantee that none of those 
nodes are unexpectedly modified or duplicated. This 
is probably not intentional.
    at div
    at div
    at div
    at div
    at spy (file:///C:/Users/Eli/Desktop/Claude%20Co
de/CPQ-System/node_modules/tinyspy/dist/index.js:42:
80)
    at div
    at div
    at div
    at C:\Users\Eli\Desktop\Claude 
Code\CPQ-System\src\components\ui\card.tsx:81:57
    at div
    at C:\Users\Eli\Desktop\Claude 
Code\CPQ-System\src\components\ui\card.tsx:7:50
    at BOMGrid (C:\Users\Eli\Desktop\Claude Code\CPQ
-System\src\components\shared\BOMGrid.tsx:22:3)
Warning: A component is `contentEditable` and 
contains `children` managed by React. It is now 
your responsibility to guarantee that none of those 
nodes are unexpectedly modified or duplicated. This 
is probably not intentional.
    at div
    at div
    at div
    at div
    at spy (file:///C:/Users/Eli/Desktop/Claude%20Co
de/CPQ-System/node_modules/tinyspy/dist/index.js:42:
80)
    at div
    at div
    at div
    at C:\Users\Eli\Desktop\Claude 
Code\CPQ-System\src\components\ui\card.tsx:81:57
    at div
    at C:\Users\Eli\Desktop\Claude 
Code\CPQ-System\src\components\ui\card.tsx:7:50
    at BOMGrid (C:\Users\Eli\Desktop\Claude Code\CPQ
-System\src\components\shared\BOMGrid.tsx:22:3)
Warning: A component is `contentEditable` and 
contains `children` managed by React. It is now 
your responsibility to guarantee that none of those 
nodes are unexpectedly modified or duplicated. This 
is probably not intentional.
    at div
    at div
    at div
    at div
    at spy (file:///C:/Users/Eli/Desktop/Claude%20Co
de/CPQ-System/node_modules/tinyspy/dist/index.js:42:
80)
    at div
    at div
    at div
    at C:\Users\Eli\Desktop\Claude 
Code\CPQ-System\src\components\ui\card.tsx:81:57
    at div
    at C:\Users\Eli\Desktop\Claude 
Code\CPQ-System\src\components\ui\card.tsx:7:50
    at BOMGrid (C:\Users\Eli\Desktop\Claude Code\CPQ
-System\src\components\shared\BOMGrid.tsx:22:3)
Warning: A component is `contentEditable` and 
contains `children` managed by React. It is now 
your responsibility to guarantee that none of those 
nodes are unexpectedly modified or duplicated. This 
is probably not intentional.
    at div
    at div
    at div
    at div
    at spy (file:///C:/Users/Eli/Desktop/Claude%20Co
de/CPQ-System/node_modules/tinyspy/dist/index.js:42:
80)
    at div
    at div
    at div
    at C:\Users\Eli\Desktop\Claude 
Code\CPQ-System\src\components\ui\card.tsx:81:57
    at div
    at C:\Users\Eli\Desktop\Claude 
Code\CPQ-System\src\components\ui\card.tsx:7:50
    at BOMGrid (C:\Users\Eli\Desktop\Claude Code\CPQ
-System\src\components\shared\BOMGrid.tsx:22:3)
Warning: A component is `contentEditable` and 
contains `children` managed by React. It is now 
your responsibility to guarantee that none of those 
nodes are unexpectedly modified or duplicated. This 
is probably not intentional.
    at div
    at div
    at div
    at div
    at spy (file:///C:/Users/Eli/Desktop/Claude%20Co
de/CPQ-System/node_modules/tinyspy/dist/index.js:42:
80)
    at div
    at div
    at div
    at C:\Users\Eli\Desktop\Claude 
Code\CPQ-System\src\components\ui\card.tsx:81:57
    at div
    at C:\Users\Eli\Desktop\Claude 
Code\CPQ-System\src\components\ui\card.tsx:7:50
    at BOMGrid (C:\Users\Eli\Desktop\Claude Code\CPQ
-System\src\components\shared\BOMGrid.tsx:22:3)
Warning: A component is `contentEditable` and 
contains `children` managed by React. It is now 
your responsibility to guarantee that none of those 
nodes are unexpectedly modified or duplicated. This 
is probably not intentional.
    at div
    at div
    at div
    at div
    at spy (file:///C:/Users/Eli/Desktop/Claude%20Co
de/CPQ-System/node_modules/tinyspy/dist/index.js:42:
80)
    at div
    at div
    at div
    at C:\Users\Eli\Desktop\Claude 
Code\CPQ-System\src\components\ui\card.tsx:81:57
    at div
    at C:\Users\Eli\Desktop\Claude 
Code\CPQ-System\src\components\ui\card.tsx:7:50
    at BOMGrid (C:\Users\Eli\Desktop\Claude Code\CPQ
-System\src\components\shared\BOMGrid.tsx:22:3)
Warning: A component is `contentEditable` and 
contains `children` managed by React. It is now 
your responsibility to guarantee that none of those 
nodes are unexpectedly modified or duplicated. This 
is probably not intentional.
    at div
    at div
    at div
    at div
    at spy (file:///C:/Users/Eli/Desktop/Claude%20Co
de/CPQ-System/node_modules/tinyspy/dist/index.js:42:
80)
    at div
    at div
    at div
    at C:\Users\Eli\Desktop\Claude 
Code\CPQ-System\src\components\ui\card.tsx:81:57
    at div
    at C:\Users\Eli\Desktop\Claude 
Code\CPQ-System\src\components\ui\card.tsx:7:50
    at BOMGrid (C:\Users\Eli\Desktop\Claude Code\CPQ
-System\src\components\shared\BOMGrid.tsx:22:3)
Warning: A component is `contentEditable` and 
contains `children` managed by React. It is now 
your responsibility to guarantee that none of those 
nodes are unexpectedly modified or duplicated. This 
is probably not intentional.
    at div
    at div
    at div
    at div
    at spy (file:///C:/Users/Eli/Desktop/Claude%20Co
de/CPQ-System/node_modules/tinyspy/dist/index.js:42:
80)
    at div
    at div
    at div
    at C:\Users\Eli\Desktop\Claude 
Code\CPQ-System\src\components\ui\card.tsx:81:57
    at div
    at C:\Users\Eli\Desktop\Claude 
Code\CPQ-System\src\components\ui\card.tsx:7:50
    at BOMGrid (C:\Users\Eli\Desktop\Claude Code\CPQ
-System\src\components\shared\BOMGrid.tsx:22:3)
Warning: A component is `contentEditable` and 
contains `children` managed by React. It is now 
your responsibility to guarantee that none of those 
nodes are unexpectedly modified or duplicated. This 
is probably not intentional.
    at div
    at div
    at div
    at div
    at spy (file:///C:/Users/Eli/Desktop/Claude%20Co
de/CPQ-System/node_modules/tinyspy/dist/index.js:42:
80)
    at div
    at div
    at div
    at C:\Users\Eli\Desktop\Claude 
Code\CPQ-System\src\components\ui\card.tsx:81:57
    at div
    at C:\Users\Eli\Desktop\Claude 
Code\CPQ-System\src\components\ui\card.tsx:7:50
    at BOMGrid (C:\Users\Eli\Desktop\Claude Code\CPQ
-System\src\components\shared\BOMGrid.tsx:22:3)
Warning: A component is `contentEditable` and 
contains `children` managed by React. It is now 
your responsibility to guarantee that none of those 
nodes are unexpectedly modified or duplicated. This 
is probably not intentional.
    at div
    at div
    at div
    at div
    at spy (file:///C:/Users/Eli/Desktop/Claude%20Co
de/CPQ-System/node_modules/tinyspy/dist/index.js:42:
80)
    at div
    at div
    at div
    at C:\Users\Eli\Desktop\Claude 
Code\CPQ-System\src\components\ui\card.tsx:81:57
    at div
    at C:\Users\Eli\Desktop\Claude 
Code\CPQ-System\src\components\ui\card.tsx:7:50
    at BOMGrid (C:\Users\Eli\Desktop\Claude Code\CPQ
-System\src\components\shared\BOMGrid.tsx:22:3)
Warning: A component is `contentEditable` and 
contains `children` managed by React. It is now 
your responsibility to guarantee that none of those 
nodes are unexpectedly modified or duplicated. This 
is probably not intentional.
    at div
    at div
    at div
    at div
    at spy (file:///C:/Users/Eli/Desktop/Claude%20Co
de/CPQ-System/node_modules/tinyspy/dist/index.js:42:
80)
    at div
    at div
    at div
    at C:\Users\Eli\Desktop\Claude 
Code\CPQ-System\src\components\ui\card.tsx:81:57
    at div
    at C:\Users\Eli\Desktop\Claude 
Code\CPQ-System\src\components\ui\card.tsx:7:50
    at BOMGrid (C:\Users\Eli\Desktop\Claude Code\CPQ
-System\src\components\shared\BOMGrid.tsx:22:3)
Warning: A component is `contentEditable` and 
contains `children` managed by React. It is now 
your responsibility to guarantee that none of those 
nodes are unexpectedly modified or duplicated. This 
is probably not intentional.
    at div
    at div
    at div
    at div
    at spy (file:///C:/Users/Eli/Desktop/Claude%20Co
de/CPQ-System/node_modules/tinyspy/dist/index.js:42:
80)
    at div
    at div
    at div
    at C:\Users\Eli\Desktop\Claude 
Code\CPQ-System\src\components\ui\card.tsx:81:57
    at div
    at C:\Users\Eli\Desktop\Claude 
Code\CPQ-System\src\components\ui\card.tsx:7:50
    at BOMGrid (C:\Users\Eli\Desktop\Claude Code\CPQ
-System\src\components\shared\BOMGrid.tsx:22:3)
Warning: A component is `contentEditable` and 
contains `children` managed by React. It is now 
your responsibility to guarantee that none of those 
nodes are unexpectedly modified or duplicated. This 
is probably not intentional.
    at div
    at div
    at div
    at div
    at spy (file:///C:/Users/Eli/Desktop/Claude%20Co
de/CPQ-System/node_modules/tinyspy/dist/index.js:42:
80)
    at div
    at div
    at div
    at C:\Users\Eli\Desktop\Claude 
Code\CPQ-System\src\components\ui\card.tsx:81:57
    at div
    at C:\Users\Eli\Desktop\Claude 
Code\CPQ-System\src\components\ui\card.tsx:7:50
    at BOMGrid (C:\Users\Eli\Desktop\Claude Code\CPQ
-System\src\components\shared\BOMGrid.tsx:22:3)
Warning: A component is `contentEditable` and 
contains `children` managed by React. It is now 
your responsibility to guarantee that none of those 
nodes are unexpectedly modified or duplicated. This 
is probably not intentional.
    at div
    at div
    at div
    at div
    at spy (file:///C:/Users/Eli/Desktop/Claude%20Co
de/CPQ-System/node_modules/tinyspy/dist/index.js:42:
80)
    at div
    at div
    at div
    at C:\Users\Eli\Desktop\Claude 
Code\CPQ-System\src\components\ui\card.tsx:81:57
    at div
    at C:\Users\Eli\Desktop\Claude 
Code\CPQ-System\src\components\ui\card.tsx:7:50
    at BOMGrid (C:\Users\Eli\Desktop\Claude Code\CPQ
-System\src\components\shared\BOMGrid.tsx:22:3)
Warning: A component is `contentEditable` and 
contains `children` managed by React. It is now 
your responsibility to guarantee that none of those 
nodes are unexpectedly modified or duplicated. This 
is probably not intentional.
    at div
    at div
    at div
    at div
    at spy (file:///C:/Users/Eli/Desktop/Claude%20Co
de/CPQ-System/node_modules/tinyspy/dist/index.js:42:
80)
    at div
    at div
    at div
    at C:\Users\Eli\Desktop\Claude 
Code\CPQ-System\src\components\ui\card.tsx:81:57
    at div
    at C:\Users\Eli\Desktop\Claude 
Code\CPQ-System\src\components\ui\card.tsx:7:50
    at BOMGrid (C:\Users\Eli\Desktop\Claude Code\CPQ
-System\src\components\shared\BOMGrid.tsx:22:3)
Warning: A component is `contentEditable` and 
contains `children` managed by React. It is now 
your responsibility to guarantee that none of those 
nodes are unexpectedly modified or duplicated. This 
is probably not intentional.
    at div
    at div
    at div
    at div
    at spy (file:///C:/Users/Eli/Desktop/Claude%20Co
de/CPQ-System/node_modules/tinyspy/dist/index.js:42:
80)
    at div
    at div
    at div
    at C:\Users\Eli\Desktop\Claude 
Code\CPQ-System\src\components\ui\card.tsx:81:57
    at div
    at C:\Users\Eli\Desktop\Claude 
Code\CPQ-System\src\components\ui\card.tsx:7:50
    at BOMGrid (C:\Users\Eli\Desktop\Claude Code\CPQ
-System\src\components\shared\BOMGrid.tsx:22:3)
Warning: A component is `contentEditable` and 
contains `children` managed by React. It is now 
your responsibility to guarantee that none of those 
nodes are unexpectedly modified or duplicated. This 
is probably not intentional.
    at div
    at div
    at div
    at div
    at spy (file:///C:/Users/Eli/Desktop/Claude%20Co
de/CPQ-System/node_modules/tinyspy/dist/index.js:42:
80)
    at div
    at div
    at div
    at C:\Users\Eli\Desktop\Claude 
Code\CPQ-System\src\components\ui\card.tsx:81:57
    at div
    at C:\Users\Eli\Desktop\Claude 
Code\CPQ-System\src\components\ui\card.tsx:7:50
    at BOMGrid (C:\Users\Eli\Desktop\Claude Code\CPQ
-System\src\components\shared\BOMGrid.tsx:22:3)
Warning: A component is `contentEditable` and 
contains `children` managed by React. It is now 
your responsibility to guarantee that none of those 
nodes are unexpectedly modified or duplicated. This 
is probably not intentional.
    at div
    at div
    at div
    at div
    at spy (file:///C:/Users/Eli/Desktop/Claude%20Co
de/CPQ-System/node_modules/tinyspy/dist/index.js:42:
80)
    at div
    at div
    at div
    at C:\Users\Eli\Desktop\Claude 
Code\CPQ-System\src\components\ui\card.tsx:81:57
    at div
    at C:\Users\Eli\Desktop\Claude 
Code\CPQ-System\src\components\ui\card.tsx:7:50
    at BOMGrid (C:\Users\Eli\Desktop\Claude Code\CPQ
-System\src\components\shared\BOMGrid.tsx:22:3)
Warning: A component is `contentEditable` and 
contains `children` managed by React. It is now 
your responsibility to guarantee that none of those 
nodes are unexpectedly modified or duplicated. This 
is probably not intentional.
    at div
    at div
    at div
    at div
    at spy (file:///C:/Users/Eli/Desktop/Claude%20Co
de/CPQ-System/node_modules/tinyspy/dist/index.js:42:
80)
    at div
    at div
    at div
    at C:\Users\Eli\Desktop\Claude 
Code\CPQ-System\src\components\ui\card.tsx:81:57
    at div
    at C:\Users\Eli\Desktop\Claude 
Code\CPQ-System\src\components\ui\card.tsx:7:50
    at BOMGrid (C:\Users\Eli\Desktop\Claude Code\CPQ
-System\src\components\shared\BOMGrid.tsx:22:3)
Warning: A component is `contentEditable` and 
contains `children` managed by React. It is now 
your responsibility to guarantee that none of those 
nodes are unexpectedly modified or duplicated. This 
is probably not intentional.
    at div
    at div
    at div
    at div
    at spy (file:///C:/Users/Eli/Desktop/Claude%20Co
de/CPQ-System/node_modules/tinyspy/dist/index.js:42:
80)
    at div
    at div
    at div
    at C:\Users\Eli\Desktop\Claude 
Code\CPQ-System\src\components\ui\card.tsx:81:57
    at div
    at C:\Users\Eli\Desktop\Claude 
Code\CPQ-System\src\components\ui\card.tsx:7:50
    at BOMGrid (C:\Users\Eli\Desktop\Claude Code\CPQ
-System\src\components\shared\BOMGrid.tsx:22:3)
Warning: A component is `contentEditable` and 
contains `children` managed by React. It is now 
your responsibility to guarantee that none of those 
nodes are unexpectedly modified or duplicated. This 
is probably not intentional.
    at div
    at div
    at div
    at div
    at spy (file:///C:/Users/Eli/Desktop/Claude%20Co
de/CPQ-System/node_modules/tinyspy/dist/index.js:42:
80)
    at div
    at div
    at div
    at C:\Users\Eli\Desktop\Claude 
Code\CPQ-System\src\components\ui\card.tsx:81:57
    at div
    at C:\Users\Eli\Desktop\Claude 
Code\CPQ-System\src\components\ui\card.tsx:7:50
    at BOMGrid (C:\Users\Eli\Desktop\Claude Code\CPQ
-System\src\components\shared\BOMGrid.tsx:22:3)
Warning: A component is `contentEditable` and 
contains `children` managed by React. It is now 
your responsibility to guarantee that none of those 
nodes are unexpectedly modified or duplicated. This 
is probably not intentional.
    at div
    at div
    at div
    at div
    at spy (file:///C:/Users/Eli/Desktop/Claude%20Co
de/CPQ-System/node_modules/tinyspy/dist/index.js:42:
80)
    at div
    at div
    at div
    at C:\Users\Eli\Desktop\Claude 
Code\CPQ-System\src\components\ui\card.tsx:81:57
    at div
    at C:\Users\Eli\Desktop\Claude 
Code\CPQ-System\src\components\ui\card.tsx:7:50
    at BOMGrid (C:\Users\Eli\Desktop\Claude Code\CPQ
-System\src\components\shared\BOMGrid.tsx:22:3)
Warning: A component is `contentEditable` and 
contains `children` managed by React. It is now 
your responsibility to guarantee that none of those 
nodes are unexpectedly modified or duplicated. This 
is probably not intentional.
    at div
    at div
    at div
    at div
    at spy (file:///C:/Users/Eli/Desktop/Claude%20Co
de/CPQ-System/node_modules/tinyspy/dist/index.js:42:
80)
    at div
    at div
    at div
    at C:\Users\Eli\Desktop\Claude 
Code\CPQ-System\src\components\ui\card.tsx:81:57
    at div
    at C:\Users\Eli\Desktop\Claude 
Code\CPQ-System\src\components\ui\card.tsx:7:50
    at BOMGrid (C:\Users\Eli\Desktop\Claude Code\CPQ
-System\src\components\shared\BOMGrid.tsx:22:3)
Warning: A component is `contentEditable` and 
contains `children` managed by React. It is now 
your responsibility to guarantee that none of those 
nodes are unexpectedly modified or duplicated. This 
is probably not intentional.
    at div
    at div
    at div
    at div
    at spy (file:///C:/Users/Eli/Desktop/Claude%20Co
de/CPQ-System/node_modules/tinyspy/dist/index.js:42:
80)
    at div
    at div
    at div
    at C:\Users\Eli\Desktop\Claude 
Code\CPQ-System\src\components\ui\card.tsx:81:57
    at div
    at C:\Users\Eli\Desktop\Claude 
Code\CPQ-System\src\components\ui\card.tsx:7:50
    at BOMGrid (C:\Users\Eli\Desktop\Claude Code\CPQ
-System\src\components\shared\BOMGrid.tsx:22:3)
Warning: A component is `contentEditable` and 
contains `children` managed by React. It is now 
your responsibility to guarantee that none of those 
nodes are unexpectedly modified or duplicated. This 
is probably not intentional.
    at div
    at div
    at div
    at div
    at spy (file:///C:/Users/Eli/Desktop/Claude%20Co
de/CPQ-System/node_modules/tinyspy/dist/index.js:42:
80)
    at div
    at div
    at div
    at C:\Users\Eli\Desktop\Claude 
Code\CPQ-System\src\components\ui\card.tsx:81:57
    at div
    at C:\Users\Eli\Desktop\Claude 
Code\CPQ-System\src\components\ui\card.tsx:7:50
    at BOMGrid (C:\Users\Eli\Desktop\Claude Code\CPQ
-System\src\components\shared\BOMGrid.tsx:22:3)
Warning: A component is `contentEditable` and 
contains `children` managed by React. It is now 
your responsibility to guarantee that none of those 
nodes are unexpectedly modified or duplicated. This 
is probably not intentional.
    at div
    at div
    at div
    at div
    at spy (file:///C:/Users/Eli/Desktop/Claude%20Co
de/CPQ-System/node_modules/tinyspy/dist/index.js:42:
80)
    at div
    at div
    at div
    at C:\Users\Eli\Desktop\Claude 
Code\CPQ-System\src\components\ui\card.tsx:81:57
    at div
    at C:\Users\Eli\Desktop\Claude 
Code\CPQ-System\src\components\ui\card.tsx:7:50
    at BOMGrid (C:\Users\Eli\Desktop\Claude Code\CPQ
-System\src\components\shared\BOMGrid.tsx:22:3)
Warning: A component is `contentEditable` and 
contains `children` managed by React. It is now 
your responsibility to guarantee that none of those 
nodes are unexpectedly modified or duplicated. This 
is probably not intentional.
    at div
    at div
    at div
    at div
    at spy (file:///C:/Users/Eli/Desktop/Claude%20Co
de/CPQ-System/node_modules/tinyspy/dist/index.js:42:
80)
    at div
    at div
    at div
    at C:\Users\Eli\Desktop\Claude 
Code\CPQ-System\src\components\ui\card.tsx:81:57
    at div
    at C:\Users\Eli\Desktop\Claude 
Code\CPQ-System\src\components\ui\card.tsx:7:50
    at BOMGrid (C:\Users\Eli\Desktop\Claude Code\CPQ
-System\src\components\shared\BOMGrid.tsx:22:3)
Warning: A component is `contentEditable` and 
contains `children` managed by React. It is now 
your responsibility to guarantee that none of those 
nodes are unexpectedly modified or duplicated. This 
is probably not intentional.
    at div
    at div
    at div
    at div
    at spy (file:///C:/Users/Eli/Desktop/Claude%20Co
de/CPQ-System/node_modules/tinyspy/dist/index.js:42:
80)
    at div
    at div
    at div
    at C:\Users\Eli\Desktop\Claude 
Code\CPQ-System\src\components\ui\card.tsx:81:57
    at div
    at C:\Users\Eli\Desktop\Claude 
Code\CPQ-System\src\components\ui\card.tsx:7:50
    at BOMGrid (C:\Users\Eli\Desktop\Claude Code\CPQ
-System\src\components\shared\BOMGrid.tsx:22:3)
Warning: A component is `contentEditable` and 
contains `children` managed by React. It is now 
your responsibility to guarantee that none of those 
nodes are unexpectedly modified or duplicated. This 
is probably not intentional.
    at div
    at div
    at div
    at div
    at spy (file:///C:/Users/Eli/Desktop/Claude%20Co
de/CPQ-System/node_modules/tinyspy/dist/index.js:42:
80)
    at div
    at div
    at div
    at C:\Users\Eli\Desktop\Claude 
Code\CPQ-System\src\components\ui\card.tsx:81:57
    at div
    at C:\Users\Eli\Desktop\Claude 
Code\CPQ-System\src\components\ui\card.tsx:7:50
    at BOMGrid (C:\Users\Eli\Desktop\Claude Code\CPQ
-System\src\components\shared\BOMGrid.tsx:22:3)
Warning: A component is `contentEditable` and 
contains `children` managed by React. It is now 
your responsibility to guarantee that none of those 
nodes are unexpectedly modified or duplicated. This 
is probably not intentional.
    at div
    at div
    at div
    at div
    at spy (file:///C:/Users/Eli/Desktop/Claude%20Co
de/CPQ-System/node_modules/tinyspy/dist/index.js:42:
80)
    at div
    at div
    at div
    at C:\Users\Eli\Desktop\Claude 
Code\CPQ-System\src\components\ui\card.tsx:81:57
    at div
    at C:\Users\Eli\Desktop\Claude 
Code\CPQ-System\src\components\ui\card.tsx:7:50
    at BOMGrid (C:\Users\Eli\Desktop\Claude Code\CPQ
-System\src\components\shared\BOMGrid.tsx:22:3)
Warning: A component is `contentEditable` and 
contains `children` managed by React. It is now 
your responsibility to guarantee that none of those 
nodes are unexpectedly modified or duplicated. This 
is probably not intentional.
    at div
    at div
    at div
    at div
    at spy (file:///C:/Users/Eli/Desktop/Claude%20Co
de/CPQ-System/node_modules/tinyspy/dist/index.js:42:
80)
    at div
    at div
    at div
    at C:\Users\Eli\Desktop\Claude 
Code\CPQ-System\src\components\ui\card.tsx:81:57
    at div
    at C:\Users\Eli\Desktop\Claude 
Code\CPQ-System\src\components\ui\card.tsx:7:50
    at BOMGrid (C:\Users\Eli\Desktop\Claude Code\CPQ
-System\src\components\shared\BOMGrid.tsx:22:3)
Warning: A component is `contentEditable` and 
contains `children` managed by React. It is now 
your responsibility to guarantee that none of those 
nodes are unexpectedly modified or duplicated. This 
is probably not intentional.
    at div
    at div
    at div
    at div
    at spy (file:///C:/Users/Eli/Desktop/Claude%20Co
de/CPQ-System/node_modules/tinyspy/dist/index.js:42:
80)
    at div
    at div
    at div
    at C:\Users\Eli\Desktop\Claude 
Code\CPQ-System\src\components\ui\card.tsx:81:57
    at div
    at C:\Users\Eli\Desktop\Claude 
Code\CPQ-System\src\components\ui\card.tsx:7:50
    at BOMGrid (C:\Users\Eli\Desktop\Claude Code\CPQ
-System\src\components\shared\BOMGrid.tsx:22:3)
Warning: A component is `contentEditable` and 
contains `children` managed by React. It is now 
your responsibility to guarantee that none of those 
nodes are unexpectedly modified or duplicated. This 
is probably not intentional.
    at div
    at div
    at div
    at div
    at spy (file:///C:/Users/Eli/Desktop/Claude%20Co
de/CPQ-System/node_modules/tinyspy/dist/index.js:42:
80)
    at div
    at div
    at div
    at C:\Users\Eli\Desktop\Claude 
Code\CPQ-System\src\components\ui\card.tsx:81:57
    at div
    at C:\Users\Eli\Desktop\Claude 
Code\CPQ-System\src\components\ui\card.tsx:7:50
    at BOMGrid (C:\Users\Eli\Desktop\Claude Code\CPQ
-System\src\components\shared\BOMGrid.tsx:22:3)
Warning: A component is `contentEditable` and 
contains `children` managed by React. It is now 
your responsibility to guarantee that none of those 
nodes are unexpectedly modified or duplicated. This 
is probably not intentional.
    at div
    at div
    at div
    at div
    at spy (file:///C:/Users/Eli/Desktop/Claude%20Co
de/CPQ-System/node_modules/tinyspy/dist/index.js:42:
80)
    at div
    at div
    at div
    at C:\Users\Eli\Desktop\Claude 
Code\CPQ-System\src\components\ui\card.tsx:81:57
    at div
    at C:\Users\Eli\Desktop\Claude 
Code\CPQ-System\src\components\ui\card.tsx:7:50
    at BOMGrid (C:\Users\Eli\Desktop\Claude Code\CPQ
-System\src\components\shared\BOMGrid.tsx:22:3)
Warning: A component is `contentEditable` and 
contains `children` managed by React. It is now 
your responsibility to guarantee that none of those 
nodes are unexpectedly modified or duplicated. This 
is probably not intentional.
    at div
    at div
    at div
    at div
    at spy (file:///C:/Users/Eli/Desktop/Claude%20Co
de/CPQ-System/node_modules/tinyspy/dist/index.js:42:
80)
    at div
    at div
    at div
    at C:\Users\Eli\Desktop\Claude 
Code\CPQ-System\src\components\ui\card.tsx:81:57
    at div
    at C:\Users\Eli\Desktop\Claude 
Code\CPQ-System\src\components\ui\card.tsx:7:50
    at BOMGrid (C:\Users\Eli\Desktop\Claude Code\CPQ
-System\src\components\shared\BOMGrid.tsx:22:3)
Warning: A component is `contentEditable` and 
contains `children` managed by React. It is now 
your responsibility to guarantee that none of those 
nodes are unexpectedly modified or duplicated. This 
is probably not intentional.
    at div
    at div
    at div
    at div
    at spy (file:///C:/Users/Eli/Desktop/Claude%20Co
de/CPQ-System/node_modules/tinyspy/dist/index.js:42:
80)
    at div
    at div
    at div
    at C:\Users\Eli\Desktop\Claude 
Code\CPQ-System\src\components\ui\card.tsx:81:57
    at div
    at C:\Users\Eli\Desktop\Claude 
Code\CPQ-System\src\components\ui\card.tsx:7:50
    at BOMGrid (C:\Users\Eli\Desktop\Claude Code\CPQ
-System\src\components\shared\BOMGrid.tsx:22:3)
Warning: A component is `contentEditable` and 
contains `children` managed by React. It is now 
your responsibility to guarantee that none of those 
nodes are unexpectedly modified or duplicated. This 
is probably not intentional.
    at div
    at div
    at div
    at div
    at spy (file:///C:/Users/Eli/Desktop/Claude%20Co
de/CPQ-System/node_modules/tinyspy/dist/index.js:42:
80)
    at div
    at div
    at div
    at C:\Users\Eli\Desktop\Claude 
Code\CPQ-System\src\components\ui\card.tsx:81:57
    at div
    at C:\Users\Eli\Desktop\Claude 
Code\CPQ-System\src\components\ui\card.tsx:7:50
    at BOMGrid (C:\Users\Eli\Desktop\Claude Code\CPQ
-System\src\components\shared\BOMGrid.tsx:22:3)
Warning: A component is `contentEditable` and 
contains `children` managed by React. It is now 
your responsibility to guarantee that none of those 
nodes are unexpectedly modified or duplicated. This 
is probably not intentional.
    at div
    at div
    at div
    at div
    at spy (file:///C:/Users/Eli/Desktop/Claude%20Co
de/CPQ-System/node_modules/tinyspy/dist/index.js:42:
80)
    at div
    at div
    at div
    at C:\Users\Eli\Desktop\Claude 
Code\CPQ-System\src\components\ui\card.tsx:81:57
    at div
    at C:\Users\Eli\Desktop\Claude 
Code\CPQ-System\src\components\ui\card.tsx:7:50
    at BOMGrid (C:\Users\Eli\Desktop\Claude Code\CPQ
-System\src\components\shared\BOMGrid.tsx:22:3)
Warning: A component is `contentEditable` and 
contains `children` managed by React. It is now 
your responsibility to guarantee that none of those 
nodes are unexpectedly modified or duplicated. This 
is probably not intentional.
    at div
    at div
    at div
    at div
    at spy (file:///C:/Users/Eli/Desktop/Claude%20Co
de/CPQ-System/node_modules/tinyspy/dist/index.js:42:
80)
    at div
    at div
    at div
    at C:\Users\Eli\Desktop\Claude 
Code\CPQ-System\src\components\ui\card.tsx:81:57
    at div
    at C:\Users\Eli\Desktop\Claude 
Code\CPQ-System\src\components\ui\card.tsx:7:50
    at BOMGrid (C:\Users\Eli\Desktop\Claude Code\CPQ
-System\src\components\shared\BOMGrid.tsx:22:3)
Warning: A component is `contentEditable` and 
contains `children` managed by React. It is now 
your responsibility to guarantee that none of those 
nodes are unexpectedly modified or duplicated. This 
is probably not intentional.
    at div
    at div
    at div
    at div
    at spy (file:///C:/Users/Eli/Desktop/Claude%20Co
de/CPQ-System/node_modules/tinyspy/dist/index.js:42:
80)
    at div
    at div
    at div
    at C:\Users\Eli\Desktop\Claude 
Code\CPQ-System\src\components\ui\card.tsx:81:57
    at div
    at C:\Users\Eli\Desktop\Claude 
Code\CPQ-System\src\components\ui\card.tsx:7:50
    at BOMGrid (C:\Users\Eli\Desktop\Claude Code\CPQ
-System\src\components\shared\BOMGrid.tsx:22:3)
Warning: A component is `contentEditable` and 
contains `children` managed by React. It is now 
your responsibility to guarantee that none of those 
nodes are unexpectedly modified or duplicated. This 
is probably not intentional.
    at div
    at div
    at div
    at div
    at spy (file:///C:/Users/Eli/Desktop/Claude%20Co
de/CPQ-System/node_modules/tinyspy/dist/index.js:42:
80)
    at div
    at div
    at div
    at C:\Users\Eli\Desktop\Claude 
Code\CPQ-System\src\components\ui\card.tsx:81:57
    at div
    at C:\Users\Eli\Desktop\Claude 
Code\CPQ-System\src\components\ui\card.tsx:7:50
    at BOMGrid (C:\Users\Eli\Desktop\Claude Code\CPQ
-System\src\components\shared\BOMGrid.tsx:22:3)
Warning: A component is `contentEditable` and 
contains `children` managed by React. It is now 
your responsibility to guarantee that none of those 
nodes are unexpectedly modified or duplicated. This 
is probably not intentional.
    at div
    at div
    at div
    at div
    at spy (file:///C:/Users/Eli/Desktop/Claude%20Co
de/CPQ-System/node_modules/tinyspy/dist/index.js:42:
80)
    at div
    at div
    at div
    at C:\Users\Eli\Desktop\Claude 
Code\CPQ-System\src\components\ui\card.tsx:81:57
    at div
    at C:\Users\Eli\Desktop\Claude 
Code\CPQ-System\src\components\ui\card.tsx:7:50
    at BOMGrid (C:\Users\Eli\Desktop\Claude Code\CPQ
-System\src\components\shared\BOMGrid.tsx:22:3)
Warning: A component is `contentEditable` and 
contains `children` managed by React. It is now 
your responsibility to guarantee that none of those 
nodes are unexpectedly modified or duplicated. This 
is probably not intentional.
    at div
    at div
    at div
    at div
    at spy (file:///C:/Users/Eli/Desktop/Claude%20Co
de/CPQ-System/node_modules/tinyspy/dist/index.js:42:
80)
    at div
    at div
    at div
    at C:\Users\Eli\Desktop\Claude 
Code\CPQ-System\src\components\ui\card.tsx:81:57
    at div
    at C:\Users\Eli\Desktop\Claude 
Code\CPQ-System\src\components\ui\card.tsx:7:50
    at BOMGrid (C:\Users\Eli\Desktop\Claude Code\CPQ
-System\src\components\shared\BOMGrid.tsx:22:3)
Warning: A component is `contentEditable` and 
contains `children` managed by React. It is now 
your responsibility to guarantee that none of those 
nodes are unexpectedly modified or duplicated. This 
is probably not intentional.
    at div
    at div
    at div
    at div
    at spy (file:///C:/Users/Eli/Desktop/Claude%20Co
de/CPQ-System/node_modules/tinyspy/dist/index.js:42:
80)
    at div
    at div
    at div
    at C:\Users\Eli\Desktop\Claude 
Code\CPQ-System\src\components\ui\card.tsx:81:57
    at div
    at C:\Users\Eli\Desktop\Claude 
Code\CPQ-System\src\components\ui\card.tsx:7:50
    at BOMGrid (C:\Users\Eli\Desktop\Claude Code\CPQ
-System\src\components\shared\BOMGrid.tsx:22:3)
Warning: A component is `contentEditable` and 
contains `children` managed by React. It is now 
your responsibility to guarantee that none of those 
nodes are unexpectedly modified or duplicated. This 
is probably not intentional.
    at div
    at div
    at div
    at div
    at spy (file:///C:/Users/Eli/Desktop/Claude%20Co
de/CPQ-System/node_modules/tinyspy/dist/index.js:42:
80)
    at div
    at div
    at div
    at C:\Users\Eli\Desktop\Claude 
Code\CPQ-System\src\components\ui\card.tsx:81:57
    at div
    at C:\Users\Eli\Desktop\Claude 
Code\CPQ-System\src\components\ui\card.tsx:7:50
    at BOMGrid (C:\Users\Eli\Desktop\Claude Code\CPQ
-System\src\components\shared\BOMGrid.tsx:22:3)
Warning: A component is `contentEditable` and 
contains `children` managed by React. It is now 
your responsibility to guarantee that none of those 
nodes are unexpectedly modified or duplicated. This 
is probably not intentional.
    at div
    at div
    at div
    at div
    at spy (file:///C:/Users/Eli/Desktop/Claude%20Co
de/CPQ-System/node_modules/tinyspy/dist/index.js:42:
80)
    at div
    at div
    at div
    at C:\Users\Eli\Desktop\Claude 
Code\CPQ-System\src\components\ui\card.tsx:81:57
    at div
    at C:\Users\Eli\Desktop\Claude 
Code\CPQ-System\src\components\ui\card.tsx:7:50
    at BOMGrid (C:\Users\Eli\Desktop\Claude Code\CPQ
-System\src\components\shared\BOMGrid.tsx:22:3)
Warning: A component is `contentEditable` and 
contains `children` managed by React. It is now 
your responsibility to guarantee that none of those 
nodes are unexpectedly modified or duplicated. This 
is probably not intentional.
    at div
    at div
    at div
    at div
    at spy (file:///C:/Users/Eli/Desktop/Claude%20Co
de/CPQ-System/node_modules/tinyspy/dist/index.js:42:
80)
    at div
    at div
    at div
    at C:\Users\Eli\Desktop\Claude 
Code\CPQ-System\src\components\ui\card.tsx:81:57
    at div
    at C:\Users\Eli\Desktop\Claude 
Code\CPQ-System\src\components\ui\card.tsx:7:50
    at BOMGrid (C:\Users\Eli\Desktop\Claude Code\CPQ
-System\src\components\shared\BOMGrid.tsx:22:3)
Warning: A component is `contentEditable` and 
contains `children` managed by React. It is now 
your responsibility to guarantee that none of those 
nodes are unexpectedly modified or duplicated. This 
is probably not intentional.
    at div
    at div
    at div
    at div
    at spy (file:///C:/Users/Eli/Desktop/Claude%20Co
de/CPQ-System/node_modules/tinyspy/dist/index.js:42:
80)
    at div
    at div
    at div
    at C:\Users\Eli\Desktop\Claude 
Code\CPQ-System\src\components\ui\card.tsx:81:57
    at div
    at C:\Users\Eli\Desktop\Claude 
Code\CPQ-System\src\components\ui\card.tsx:7:50
    at BOMGrid (C:\Users\Eli\Desktop\Claude Code\CPQ
-System\src\components\shared\BOMGrid.tsx:22:3)
Warning: A component is `contentEditable` and 
contains `children` managed by React. It is now 
your responsibility to guarantee that none of those 
nodes are unexpectedly modified or duplicated. This 
is probably not intentional.
    at div
    at div
    at div
    at div
    at spy (file:///C:/Users/Eli/Desktop/Claude%20Co
de/CPQ-System/node_modules/tinyspy/dist/index.js:42:
80)
    at div
    at div
    at div
    at C:\Users\Eli\Desktop\Claude 
Code\CPQ-System\src\components\ui\card.tsx:81:57
    at div
    at C:\Users\Eli\Desktop\Claude 
Code\CPQ-System\src\components\ui\card.tsx:7:50
    at BOMGrid (C:\Users\Eli\Desktop\Claude Code\CPQ
-System\src\components\shared\BOMGrid.tsx:22:3)
Warning: A component is `contentEditable` and 
contains `children` managed by React. It is now 
your responsibility to guarantee that none of those 
nodes are unexpectedly modified or duplicated. This 
is probably not intentional.
    at div
    at div
    at div
    at div
    at spy (file:///C:/Users/Eli/Desktop/Claude%20Co
de/CPQ-System/node_modules/tinyspy/dist/index.js:42:
80)
    at div
    at div
    at div
    at C:\Users\Eli\Desktop\Claude 
Code\CPQ-System\src\components\ui\card.tsx:81:57
    at div
    at C:\Users\Eli\Desktop\Claude 
Code\CPQ-System\src\components\ui\card.tsx:7:50
    at BOMGrid (C:\Users\Eli\Desktop\Claude Code\CPQ
-System\src\components\shared\BOMGrid.tsx:22:3)
Warning: A component is `contentEditable` and 
contains `children` managed by React. It is now 
your responsibility to guarantee that none of those 
nodes are unexpectedly modified or duplicated. This 
is probably not intentional.
    at div
    at div
    at div
    at div
    at spy (file:///C:/Users/Eli/Desktop/Claude%20Co
de/CPQ-System/node_modules/tinyspy/dist/index.js:42:
80)
    at div
    at div
    at div
    at C:\Users\Eli\Desktop\Claude 
Code\CPQ-System\src\components\ui\card.tsx:81:57
    at div
    at C:\Users\Eli\Desktop\Claude 
Code\CPQ-System\src\components\ui\card.tsx:7:50
    at BOMGrid (C:\Users\Eli\Desktop\Claude Code\CPQ
-System\src\components\shared\BOMGrid.tsx:22:3)
Warning: A component is `contentEditable` and 
contains `children` managed by React. It is now 
your responsibility to guarantee that none of those 
nodes are unexpectedly modified or duplicated. This 
is probably not intentional.
    at div
    at div
    at div
    at div
    at spy (file:///C:/Users/Eli/Desktop/Claude%20Co
de/CPQ-System/node_modules/tinyspy/dist/index.js:42:
80)
    at div
    at div
    at div
    at C:\Users\Eli\Desktop\Claude 
Code\CPQ-System\src\components\ui\card.tsx:81:57
    at div
    at C:\Users\Eli\Desktop\Claude 
Code\CPQ-System\src\components\ui\card.tsx:7:50
    at BOMGrid (C:\Users\Eli\Desktop\Claude Code\CPQ
-System\src\components\shared\BOMGrid.tsx:22:3)
Warning: A component is `contentEditable` and 
contains `children` managed by React. It is now 
your responsibility to guarantee that none of those 
nodes are unexpectedly modified or duplicated. This 
is probably not intentional.
    at div
    at div
    at div
    at div
    at spy (file:///C:/Users/Eli/Desktop/Claude%20Co
de/CPQ-System/node_modules/tinyspy/dist/index.js:42:
80)
    at div
    at div
    at div
    at C:\Users\Eli\Desktop\Claude 
Code\CPQ-System\src\components\ui\card.tsx:81:57
    at div
    at C:\Users\Eli\Desktop\Claude 
Code\CPQ-System\src\components\ui\card.tsx:7:50
    at BOMGrid (C:\Users\Eli\Desktop\Claude Code\CPQ
-System\src\components\shared\BOMGrid.tsx:22:3)
Warning: A component is `contentEditable` and 
contains `children` managed by React. It is now 
your responsibility to guarantee that none of those 
nodes are unexpectedly modified or duplicated. This 
is probably not intentional.
    at div
    at div
    at div
    at div
    at spy (file:///C:/Users/Eli/Desktop/Claude%20Co
de/CPQ-System/node_modules/tinyspy/dist/index.js:42:
80)
    at div
    at div
    at div
    at C:\Users\Eli\Desktop\Claude 
Code\CPQ-System\src\components\ui\card.tsx:81:57
    at div
    at C:\Users\Eli\Desktop\Claude 
Code\CPQ-System\src\components\ui\card.tsx:7:50
    at BOMGrid (C:\Users\Eli\Desktop\Claude Code\CPQ
-System\src\components\shared\BOMGrid.tsx:22:3)
Warning: A component is `contentEditable` and 
contains `children` managed by React. It is now 
your responsibility to guarantee that none of those 
nodes are unexpectedly modified or duplicated. This 
is probably not intentional.
    at div
    at div
    at div
    at div
    at spy (file:///C:/Users/Eli/Desktop/Claude%20Co
de/CPQ-System/node_modules/tinyspy/dist/index.js:42:
80)
    at div
    at div
    at div
    at C:\Users\Eli\Desktop\Claude 
Code\CPQ-System\src\components\ui\card.tsx:81:57
    at div
    at C:\Users\Eli\Desktop\Claude 
Code\CPQ-System\src\components\ui\card.tsx:7:50
    at BOMGrid (C:\Users\Eli\Desktop\Claude Code\CPQ
-System\src\components\shared\BOMGrid.tsx:22:3)
Warning: A component is `contentEditable` and 
contains `children` managed by React. It is now 
your responsibility to guarantee that none of those 
nodes are unexpectedly modified or duplicated. This 
is probably not intentional.
    at div
    at div
    at div
    at div
    at spy (file:///C:/Users/Eli/Desktop/Claude%20Co
de/CPQ-System/node_modules/tinyspy/dist/index.js:42:
80)
    at div
    at div
    at div
    at C:\Users\Eli\Desktop\Claude 
Code\CPQ-System\src\components\ui\card.tsx:81:57
    at div
    at C:\Users\Eli\Desktop\Claude 
Code\CPQ-System\src\components\ui\card.tsx:7:50
    at BOMGrid (C:\Users\Eli\Desktop\Claude Code\CPQ
-System\src\components\shared\BOMGrid.tsx:22:3)
Warning: A component is `contentEditable` and 
contains `children` managed by React. It is now 
your responsibility to guarantee that none of those 
nodes are unexpectedly modified or duplicated. This 
is probably not intentional.
    at div
    at div
    at div
    at div
    at spy (file:///C:/Users/Eli/Desktop/Claude%20Co
de/CPQ-System/node_modules/tinyspy/dist/index.js:42:
80)
    at div
    at div
    at div
    at C:\Users\Eli\Desktop\Claude 
Code\CPQ-System\src\components\ui\card.tsx:81:57
    at div
    at C:\Users\Eli\Desktop\Claude 
Code\CPQ-System\src\components\ui\card.tsx:7:50
    at BOMGrid (C:\Users\Eli\Desktop\Claude Code\CPQ
-System\src\components\shared\BOMGrid.tsx:22:3)
Warning: A component is `contentEditable` and 
contains `children` managed by React. It is now 
your responsibility to guarantee that none of those 
nodes are unexpectedly modified or duplicated. This 
is probably not intentional.
    at div
    at div
    at div
    at div
    at spy (file:///C:/Users/Eli/Desktop/Claude%20Co
de/CPQ-System/node_modules/tinyspy/dist/index.js:42:
80)
    at div
    at div
    at div
    at C:\Users\Eli\Desktop\Claude 
Code\CPQ-System\src\components\ui\card.tsx:81:57
    at div
    at C:\Users\Eli\Desktop\Claude 
Code\CPQ-System\src\components\ui\card.tsx:7:50
    at BOMGrid (C:\Users\Eli\Desktop\Claude Code\CPQ
-System\src\components\shared\BOMGrid.tsx:22:3)
Warning: A component is `contentEditable` and 
contains `children` managed by React. It is now 
your responsibility to guarantee that none of those 
nodes are unexpectedly modified or duplicated. This 
is probably not intentional.
    at div
    at div
    at div
    at div
    at spy (file:///C:/Users/Eli/Desktop/Claude%20Co
de/CPQ-System/node_modules/tinyspy/dist/index.js:42:
80)
    at div
    at div
    at div
    at C:\Users\Eli\Desktop\Claude 
Code\CPQ-System\src\components\ui\card.tsx:81:57
    at div
    at C:\Users\Eli\Desktop\Claude 
Code\CPQ-System\src\components\ui\card.tsx:7:50
    at BOMGrid (C:\Users\Eli\Desktop\Claude Code\CPQ
-System\src\components\shared\BOMGrid.tsx:22:3)
Warning: A component is `contentEditable` and 
contains `children` managed by React. It is now 
your responsibility to guarantee that none of those 
nodes are unexpectedly modified or duplicated. This 
is probably not intentional.
    at div
    at div
    at div
    at div
    at spy (file:///C:/Users/Eli/Desktop/Claude%20Co
de/CPQ-System/node_modules/tinyspy/dist/index.js:42:
80)
    at div
    at div
    at div
    at C:\Users\Eli\Desktop\Claude 
Code\CPQ-System\src\components\ui\card.tsx:81:57
    at div
    at C:\Users\Eli\Desktop\Claude 
Code\CPQ-System\src\components\ui\card.tsx:7:50
    at BOMGrid (C:\Users\Eli\Desktop\Claude Code\CPQ
-System\src\components\shared\BOMGrid.tsx:22:3)
Warning: A component is `contentEditable` and 
contains `children` managed by React. It is now 
your responsibility to guarantee that none of those 
nodes are unexpectedly modified or duplicated. This 
is probably not intentional.
    at div
    at div
    at div
    at div
    at spy (file:///C:/Users/Eli/Desktop/Claude%20Co
de/CPQ-System/node_modules/tinyspy/dist/index.js:42:
80)
    at div
    at div
    at div
    at C:\Users\Eli\Desktop\Claude 
Code\CPQ-System\src\components\ui\card.tsx:81:57
    at div
    at C:\Users\Eli\Desktop\Claude 
Code\CPQ-System\src\components\ui\card.tsx:7:50
    at BOMGrid (C:\Users\Eli\Desktop\Claude Code\CPQ
-System\src\components\shared\BOMGrid.tsx:22:3)
Warning: A component is `contentEditable` and 
contains `children` managed by React. It is now 
your responsibility to guarantee that none of those 
nodes are unexpectedly modified or duplicated. This 
is probably not intentional.
    at div
    at div
    at div
    at div
    at spy (file:///C:/Users/Eli/Desktop/Claude%20Co
de/CPQ-System/node_modules/tinyspy/dist/index.js:42:
80)
    at div
    at div
    at div
    at C:\Users\Eli\Desktop\Claude 
Code\CPQ-System\src\components\ui\card.tsx:81:57
    at div
    at C:\Users\Eli\Desktop\Claude 
Code\CPQ-System\src\components\ui\card.tsx:7:50
    at BOMGrid (C:\Users\Eli\Desktop\Claude Code\CPQ
-System\src\components\shared\BOMGrid.tsx:22:3)
Warning: A component is `contentEditable` and 
contains `children` managed by React. It is now 
your responsibility to guarantee that none of those 
nodes are unexpectedly modified or duplicated. This 
is probably not intentional.
    at div
    at div
    at div
    at div
    at spy (file:///C:/Users/Eli/Desktop/Claude%20Co
de/CPQ-System/node_modules/tinyspy/dist/index.js:42:
80)
    at div
    at div
    at div
    at C:\Users\Eli\Desktop\Claude 
Code\CPQ-System\src\components\ui\card.tsx:81:57
    at div
    at C:\Users\Eli\Desktop\Claude 
Code\CPQ-System\src\components\ui\card.tsx:7:50
    at BOMGrid (C:\Users\Eli\Desktop\Claude Code\CPQ
-System\src\components\shared\BOMGrid.tsx:22:3)
Warning: A component is `contentEditable` and 
contains `children` managed by React. It is now 
your responsibility to guarantee that none of those 
nodes are unexpectedly modified or duplicated. This 
is probably not intentional.
    at div
    at div
    at div
    at div
    at spy (file:///C:/Users/Eli/Desktop/Claude%20Co
de/CPQ-System/node_modules/tinyspy/dist/index.js:42:
80)
    at div
    at div
    at div
    at C:\Users\Eli\Desktop\Claude 
Code\CPQ-System\src\components\ui\card.tsx:81:57
    at div
    at C:\Users\Eli\Desktop\Claude 
Code\CPQ-System\src\components\ui\card.tsx:7:50
    at BOMGrid (C:\Users\Eli\Desktop\Claude Code\CPQ
-System\src\components\shared\BOMGrid.tsx:22:3)
Warning: A component is `contentEditable` and 
contains `children` managed by React. It is now 
your responsibility to guarantee that none of those 
nodes are unexpectedly modified or duplicated. This 
is probably not intentional.
    at div
    at div
    at div
    at div
    at spy (file:///C:/Users/Eli/Desktop/Claude%20Co
de/CPQ-System/node_modules/tinyspy/dist/index.js:42:
80)
    at div
    at div
    at div
    at C:\Users\Eli\Desktop\Claude 
Code\CPQ-System\src\components\ui\card.tsx:81:57
    at div
    at C:\Users\Eli\Desktop\Claude 
Code\CPQ-System\src\components\ui\card.tsx:7:50
    at BOMGrid (C:\Users\Eli\Desktop\Claude Code\CPQ
-System\src\components\shared\BOMGrid.tsx:22:3)
Warning: A component is `contentEditable` and 
contains `children` managed by React. It is now 
your responsibility to guarantee that none of those 
nodes are unexpectedly modified or duplicated. This 
is probably not intentional.
    at div
    at div
    at div
    at div
    at spy (file:///C:/Users/Eli/Desktop/Claude%20Co
de/CPQ-System/node_modules/tinyspy/dist/index.js:42:
80)
    at div
    at div
    at div
    at C:\Users\Eli\Desktop\Claude 
Code\CPQ-System\src\components\ui\card.tsx:81:57
    at div
    at C:\Users\Eli\Desktop\Claude 
Code\CPQ-System\src\components\ui\card.tsx:7:50
    at BOMGrid (C:\Users\Eli\Desktop\Claude Code\CPQ
-System\src\components\shared\BOMGrid.tsx:22:3)
Warning: A component is `contentEditable` and 
contains `children` managed by React. It is now 
your responsibility to guarantee that none of those 
nodes are unexpectedly modified or duplicated. This 
is probably not intentional.
    at div
    at div
    at div
    at div
    at spy (file:///C:/Users/Eli/Desktop/Claude%20Co
de/CPQ-System/node_modules/tinyspy/dist/index.js:42:
80)
    at div
    at div
    at div
    at C:\Users\Eli\Desktop\Claude 
Code\CPQ-System\src\components\ui\card.tsx:81:57
    at div
    at C:\Users\Eli\Desktop\Claude 
Code\CPQ-System\src\components\ui\card.tsx:7:50
    at BOMGrid (C:\Users\Eli\Desktop\Claude Code\CPQ
-System\src\components\shared\BOMGrid.tsx:22:3)
Warning: A component is `contentEditable` and 
contains `children` managed by React. It is now 
your responsibility to guarantee that none of those 
nodes are unexpectedly modified or duplicated. This 
is probably not intentional.
    at div
    at div
    at div
    at div
    at spy (file:///C:/Users/Eli/Desktop/Claude%20Co
de/CPQ-System/node_modules/tinyspy/dist/index.js:42:
80)
    at div
    at div
    at div
    at C:\Users\Eli\Desktop\Claude 
Code\CPQ-System\src\components\ui\card.tsx:81:57
    at div
    at C:\Users\Eli\Desktop\Claude 
Code\CPQ-System\src\components\ui\card.tsx:7:50
    at BOMGrid (C:\Users\Eli\Desktop\Claude Code\CPQ
-System\src\components\shared\BOMGrid.tsx:22:3)
Warning: A component is `contentEditable` and 
contains `children` managed by React. It is now 
your responsibility to guarantee that none of those 
nodes are unexpectedly modified or duplicated. This 
is probably not intentional.
    at div
    at div
    at div
    at div
    at spy (file:///C:/Users/Eli/Desktop/Claude%20Co
de/CPQ-System/node_modules/tinyspy/dist/index.js:42:
80)
    at div
    at div
    at div
    at C:\Users\Eli\Desktop\Claude 
Code\CPQ-System\src\components\ui\card.tsx:81:57
    at div
    at C:\Users\Eli\Desktop\Claude 
Code\CPQ-System\src\components\ui\card.tsx:7:50
    at BOMGrid (C:\Users\Eli\Desktop\Claude Code\CPQ
-System\src\components\shared\BOMGrid.tsx:22:3)
Warning: A component is `contentEditable` and 
contains `children` managed by React. It is now 
your responsibility to guarantee that none of those 
nodes are unexpectedly modified or duplicated. This 
is probably not intentional.
    at div
    at div
    at div
    at div
    at spy (file:///C:/Users/Eli/Desktop/Claude%20Co
de/CPQ-System/node_modules/tinyspy/dist/index.js:42:
80)
    at div
    at div
    at div
    at C:\Users\Eli\Desktop\Claude 
Code\CPQ-System\src\components\ui\card.tsx:81:57
    at div
    at C:\Users\Eli\Desktop\Claude 
Code\CPQ-System\src\components\ui\card.tsx:7:50
    at BOMGrid (C:\Users\Eli\Desktop\Claude Code\CPQ
-System\src\components\shared\BOMGrid.tsx:22:3)
Warning: A component is `contentEditable` and 
contains `children` managed by React. It is now 
your responsibility to guarantee that none of those 
nodes are unexpectedly modified or duplicated. This 
is probably not intentional.
    at div
    at div
    at div
    at div
    at spy (file:///C:/Users/Eli/Desktop/Claude%20Co
de/CPQ-System/node_modules/tinyspy/dist/index.js:42:
80)
    at div
    at div
    at div
    at C:\Users\Eli\Desktop\Claude 
Code\CPQ-System\src\components\ui\card.tsx:81:57
    at div
    at C:\Users\Eli\Desktop\Claude 
Code\CPQ-System\src\components\ui\card.tsx:7:50
    at BOMGrid (C:\Users\Eli\Desktop\Claude Code\CPQ
-System\src\components\shared\BOMGrid.tsx:22:3)
Warning: A component is `contentEditable` and 
contains `children` managed by React. It is now 
your responsibility to guarantee that none of those 
nodes are unexpectedly modified or duplicated. This 
is probably not intentional.
    at div
    at div
    at div
    at div
    at spy (file:///C:/Users/Eli/Desktop/Claude%20Co
de/CPQ-System/node_modules/tinyspy/dist/index.js:42:
80)
    at div
    at div
    at div
    at C:\Users\Eli\Desktop\Claude 
Code\CPQ-System\src\components\ui\card.tsx:81:57
    at div
    at C:\Users\Eli\Desktop\Claude 
Code\CPQ-System\src\components\ui\card.tsx:7:50
    at BOMGrid (C:\Users\Eli\Desktop\Claude Code\CPQ
-System\src\components\shared\BOMGrid.tsx:22:3)
Warning: A component is `contentEditable` and 
contains `children` managed by React. It is now 
your responsibility to guarantee that none of those 
nodes are unexpectedly modified or duplicated. This 
is probably not intentional.
    at div
    at div
    at div
    at div
    at spy (file:///C:/Users/Eli/Desktop/Claude%20Co
de/CPQ-System/node_modules/tinyspy/dist/index.js:42:
80)
    at div
    at div
    at div
    at C:\Users\Eli\Desktop\Claude 
Code\CPQ-System\src\components\ui\card.tsx:81:57
    at div
    at C:\Users\Eli\Desktop\Claude 
Code\CPQ-System\src\components\ui\card.tsx:7:50
    at BOMGrid (C:\Users\Eli\Desktop\Claude Code\CPQ
-System\src\components\shared\BOMGrid.tsx:22:3)
Warning: A component is `contentEditable` and 
contains `children` managed by React. It is now 
your responsibility to guarantee that none of those 
nodes are unexpectedly modified or duplicated. This 
is probably not intentional.
    at div
    at div
    at div
    at div
    at spy (file:///C:/Users/Eli/Desktop/Claude%20Co
de/CPQ-System/node_modules/tinyspy/dist/index.js:42:
80)
    at div
    at div
    at div
    at C:\Users\Eli\Desktop\Claude 
Code\CPQ-System\src\components\ui\card.tsx:81:57
    at div
    at C:\Users\Eli\Desktop\Claude 
Code\CPQ-System\src\components\ui\card.tsx:7:50
    at BOMGrid (C:\Users\Eli\Desktop\Claude Code\CPQ
-System\src\components\shared\BOMGrid.tsx:22:3)
Warning: A component is `contentEditable` and 
contains `children` managed by React. It is now 
your responsibility to guarantee that none of those 
nodes are unexpectedly modified or duplicated. This 
is probably not intentional.
    at div
    at div
    at div
    at div
    at spy (file:///C:/Users/Eli/Desktop/Claude%20Co
de/CPQ-System/node_modules/tinyspy/dist/index.js:42:
80)
    at div
    at div
    at div
    at C:\Users\Eli\Desktop\Claude 
Code\CPQ-System\src\components\ui\card.tsx:81:57
    at div
    at C:\Users\Eli\Desktop\Claude 
Code\CPQ-System\src\components\ui\card.tsx:7:50
    at BOMGrid (C:\Users\Eli\Desktop\Claude Code\CPQ
-System\src\components\shared\BOMGrid.tsx:22:3)
Warning: A component is `contentEditable` and 
contains `children` managed by React. It is now 
your responsibility to guarantee that none of those 
nodes are unexpectedly modified or duplicated. This 
is probably not intentional.
    at div
    at div
    at div
    at div
    at spy (file:///C:/Users/Eli/Desktop/Claude%20Co
de/CPQ-System/node_modules/tinyspy/dist/index.js:42:
80)
    at div
    at div
    at div
    at C:\Users\Eli\Desktop\Claude 
Code\CPQ-System\src\components\ui\card.tsx:81:57
    at div
    at C:\Users\Eli\Desktop\Claude 
Code\CPQ-System\src\components\ui\card.tsx:7:50
    at BOMGrid (C:\Users\Eli\Desktop\Claude Code\CPQ
-System\src\components\shared\BOMGrid.tsx:22:3)
Warning: A component is `contentEditable` and 
contains `children` managed by React. It is now 
your responsibility to guarantee that none of those 
nodes are unexpectedly modified or duplicated. This 
is probably not intentional.
    at div
    at div
    at div
    at div
    at spy (file:///C:/Users/Eli/Desktop/Claude%20Co
de/CPQ-System/node_modules/tinyspy/dist/index.js:42:
80)
    at div
    at div
    at div
    at C:\Users\Eli\Desktop\Claude 
Code\CPQ-System\src\components\ui\card.tsx:81:57
    at div
    at C:\Users\Eli\Desktop\Claude 
Code\CPQ-System\src\components\ui\card.tsx:7:50
    at BOMGrid (C:\Users\Eli\Desktop\Claude Code\CPQ
-System\src\components\shared\BOMGrid.tsx:22:3)
Warning: A component is `contentEditable` and 
contains `children` managed by React. It is now 
your responsibility to guarantee that none of those 
nodes are unexpectedly modified or duplicated. This 
is probably not intentional.
    at div
    at div
    at div
    at div
    at spy (file:///C:/Users/Eli/Desktop/Claude%20Co
de/CPQ-System/node_modules/tinyspy/dist/index.js:42:
80)
    at div
    at div
    at div
    at C:\Users\Eli\Desktop\Claude 
Code\CPQ-System\src\components\ui\card.tsx:81:57
    at div
    at C:\Users\Eli\Desktop\Claude 
Code\CPQ-System\src\components\ui\card.tsx:7:50
    at BOMGrid (C:\Users\Eli\Desktop\Claude Code\CPQ
-System\src\components\shared\BOMGrid.tsx:22:3)
Warning: A component is `contentEditable` and 
contains `children` managed by React. It is now 
your responsibility to guarantee that none of those 
nodes are unexpectedly modified or duplicated. This 
is probably not intentional.
    at div
    at div
    at div
    at div
    at spy (file:///C:/Users/Eli/Desktop/Claude%20Co
de/CPQ-System/node_modules/tinyspy/dist/index.js:42:
80)
    at div
    at div
    at div
    at C:\Users\Eli\Desktop\Claude 
Code\CPQ-System\src\components\ui\card.tsx:81:57
    at div
    at C:\Users\Eli\Desktop\Claude 
Code\CPQ-System\src\components\ui\card.tsx:7:50
    at BOMGrid (C:\Users\Eli\Desktop\Claude Code\CPQ
-System\src\components\shared\BOMGrid.tsx:22:3)
Warning: A component is `contentEditable` and 
contains `children` managed by React. It is now 
your responsibility to guarantee that none of those 
nodes are unexpectedly modified or duplicated. This 
is probably not intentional.
    at div
    at div
    at div
    at div
    at spy (file:///C:/Users/Eli/Desktop/Claude%20Co
de/CPQ-System/node_modules/tinyspy/dist/index.js:42:
80)
    at div
    at div
    at div
    at C:\Users\Eli\Desktop\Claude 
Code\CPQ-System\src\components\ui\card.tsx:81:57
    at div
    at C:\Users\Eli\Desktop\Claude 
Code\CPQ-System\src\components\ui\card.tsx:7:50
    at BOMGrid (C:\Users\Eli\Desktop\Claude Code\CPQ
-System\src\components\shared\BOMGrid.tsx:22:3)
Warning: A component is `contentEditable` and 
contains `children` managed by React. It is now 
your responsibility to guarantee that none of those 
nodes are unexpectedly modified or duplicated. This 
is probably not intentional.
    at div
    at div
    at div
    at div
    at spy (file:///C:/Users/Eli/Desktop/Claude%20Co
de/CPQ-System/node_modules/tinyspy/dist/index.js:42:
80)
    at div
    at div
    at div
    at C:\Users\Eli\Desktop\Claude 
Code\CPQ-System\src\components\ui\card.tsx:81:57
    at div
    at C:\Users\Eli\Desktop\Claude 
Code\CPQ-System\src\components\ui\card.tsx:7:50
    at BOMGrid (C:\Users\Eli\Desktop\Claude Code\CPQ
-System\src\components\shared\BOMGrid.tsx:22:3)
Warning: A component is `contentEditable` and 
contains `children` managed by React. It is now 
your responsibility to guarantee that none of those 
nodes are unexpectedly modified or duplicated. This 
is probably not intentional.
    at div
    at div
    at div
    at div
    at spy (file:///C:/Users/Eli/Desktop/Claude%20Co
de/CPQ-System/node_modules/tinyspy/dist/index.js:42:
80)
    at div
    at div
    at div
    at C:\Users\Eli\Desktop\Claude 
Code\CPQ-System\src\components\ui\card.tsx:81:57
    at div
    at C:\Users\Eli\Desktop\Claude 
Code\CPQ-System\src\components\ui\card.tsx:7:50
    at BOMGrid (C:\Users\Eli\Desktop\Claude Code\CPQ
-System\src\components\shared\BOMGrid.tsx:22:3)
Warning: A component is `contentEditable` and 
contains `children` managed by React. It is now 
your responsibility to guarantee that none of those 
nodes are unexpectedly modified or duplicated. This 
is probably not intentional.
    at div
    at div
    at div
    at div
    at spy (file:///C:/Users/Eli/Desktop/Claude%20Co
de/CPQ-System/node_modules/tinyspy/dist/index.js:42:
80)
    at div
    at div
    at div
    at C:\Users\Eli\Desktop\Claude 
Code\CPQ-System\src\components\ui\card.tsx:81:57
    at div
    at C:\Users\Eli\Desktop\Claude 
Code\CPQ-System\src\components\ui\card.tsx:7:50
    at BOMGrid (C:\Users\Eli\Desktop\Claude Code\CPQ
-System\src\components\shared\BOMGrid.tsx:22:3)
Warning: A component is `contentEditable` and 
contains `children` managed by React. It is now 
your responsibility to guarantee that none of those 
nodes are unexpectedly modified or duplicated. This 
is probably not intentional.
    at div
    at div
    at div
    at div
    at spy (file:///C:/Users/Eli/Desktop/Claude%20Co
de/CPQ-System/node_modules/tinyspy/dist/index.js:42:
80)
    at div
    at div
    at div
    at C:\Users\Eli\Desktop\Claude 
Code\CPQ-System\src\components\ui\card.tsx:81:57
    at div
    at C:\Users\Eli\Desktop\Claude 
Code\CPQ-System\src\components\ui\card.tsx:7:50
    at BOMGrid (C:\Users\Eli\Desktop\Claude Code\CPQ
-System\src\components\shared\BOMGrid.tsx:22:3)
Warning: A component is `contentEditable` and 
contains `children` managed by React. It is now 
your responsibility to guarantee that none of those 
nodes are unexpectedly modified or duplicated. This 
is probably not intentional.
    at div
    at div
    at div
    at div
    at spy (file:///C:/Users/Eli/Desktop/Claude%20Co
de/CPQ-System/node_modules/tinyspy/dist/index.js:42:
80)
    at div
    at div
    at div
    at C:\Users\Eli\Desktop\Claude 
Code\CPQ-System\src\components\ui\card.tsx:81:57
    at div
    at C:\Users\Eli\Desktop\Claude 
Code\CPQ-System\src\components\ui\card.tsx:7:50
    at BOMGrid (C:\Users\Eli\Desktop\Claude Code\CPQ
-System\src\components\shared\BOMGrid.tsx:22:3)
Warning: A component is `contentEditable` and 
contains `children` managed by React. It is now 
your responsibility to guarantee that none of those 
nodes are unexpectedly modified or duplicated. This 
is probably not intentional.
    at div
    at div
    at div
    at div
    at spy (file:///C:/Users/Eli/Desktop/Claude%20Co
de/CPQ-System/node_modules/tinyspy/dist/index.js:42:
80)
    at div
    at div
    at div
    at C:\Users\Eli\Desktop\Claude 
Code\CPQ-System\src\components\ui\card.tsx:81:57
    at div
    at C:\Users\Eli\Desktop\Claude 
Code\CPQ-System\src\components\ui\card.tsx:7:50
    at BOMGrid (C:\Users\Eli\Desktop\Claude Code\CPQ
-System\src\components\shared\BOMGrid.tsx:22:3)
Warning: A component is `contentEditable` and 
contains `children` managed by React. It is now 
your responsibility to guarantee that none of those 
nodes are unexpectedly modified or duplicated. This 
is probably not intentional.
    at div
    at div
    at div
    at div
    at spy (file:///C:/Users/Eli/Desktop/Claude%20Co
de/CPQ-System/node_modules/tinyspy/dist/index.js:42:
80)
    at div
    at div
    at div
    at C:\Users\Eli\Desktop\Claude 
Code\CPQ-System\src\components\ui\card.tsx:81:57
    at div
    at C:\Users\Eli\Desktop\Claude 
Code\CPQ-System\src\components\ui\card.tsx:7:50
    at BOMGrid (C:\Users\Eli\Desktop\Claude Code\CPQ
-System\src\components\shared\BOMGrid.tsx:22:3)
Warning: A component is `contentEditable` and 
contains `children` managed by React. It is now 
your responsibility to guarantee that none of those 
nodes are unexpectedly modified or duplicated. This 
is probably not intentional.
    at div
    at div
    at div
    at div
    at spy (file:///C:/Users/Eli/Desktop/Claude%20Co
de/CPQ-System/node_modules/tinyspy/dist/index.js:42:
80)
    at div
    at div
    at div
    at C:\Users\Eli\Desktop\Claude 
Code\CPQ-System\src\components\ui\card.tsx:81:57
    at div
    at C:\Users\Eli\Desktop\Claude 
Code\CPQ-System\src\components\ui\card.tsx:7:50
    at BOMGrid (C:\Users\Eli\Desktop\Claude Code\CPQ
-System\src\components\shared\BOMGrid.tsx:22:3)
Warning: A component is `contentEditable` and 
contains `children` managed by React. It is now 
your responsibility to guarantee that none of those 
nodes are unexpectedly modified or duplicated. This 
is probably not intentional.
    at div
    at div
    at div
    at div
    at spy (file:///C:/Users/Eli/Desktop/Claude%20Co
de/CPQ-System/node_modules/tinyspy/dist/index.js:42:
80)
    at div
    at div
    at div
    at C:\Users\Eli\Desktop\Claude 
Code\CPQ-System\src\components\ui\card.tsx:81:57
    at div
    at C:\Users\Eli\Desktop\Claude 
Code\CPQ-System\src\components\ui\card.tsx:7:50
    at BOMGrid (C:\Users\Eli\Desktop\Claude Code\CPQ
-System\src\components\shared\BOMGrid.tsx:22:3)
Warning: A component is `contentEditable` and 
contains `children` managed by React. It is now 
your responsibility to guarantee that none of those 
nodes are unexpectedly modified or duplicated. This 
is probably not intentional.
    at div
    at div
    at div
    at div
    at spy (file:///C:/Users/Eli/Desktop/Claude%20Co
de/CPQ-System/node_modules/tinyspy/dist/index.js:42:
80)
    at div
    at div
    at div
    at C:\Users\Eli\Desktop\Claude 
Code\CPQ-System\src\components\ui\card.tsx:81:57
    at div
    at C:\Users\Eli\Desktop\Claude 
Code\CPQ-System\src\components\ui\card.tsx:7:50
    at BOMGrid (C:\Users\Eli\Desktop\Claude Code\CPQ
-System\src\components\shared\BOMGrid.tsx:22:3)
Warning: A component is `contentEditable` and 
contains `children` managed by React. It is now 
your responsibility to guarantee that none of those 
nodes are unexpectedly modified or duplicated. This 
is probably not intentional.
    at div
    at div
    at div
    at div
    at spy (file:///C:/Users/Eli/Desktop/Claude%20Co
de/CPQ-System/node_modules/tinyspy/dist/index.js:42:
80)
    at div
    at div
    at div
    at C:\Users\Eli\Desktop\Claude 
Code\CPQ-System\src\components\ui\card.tsx:81:57
    at div
    at C:\Users\Eli\Desktop\Claude 
Code\CPQ-System\src\components\ui\card.tsx:7:50
    at BOMGrid (C:\Users\Eli\Desktop\Claude Code\CPQ
-System\src\components\shared\BOMGrid.tsx:22:3)
Warning: A component is `contentEditable` and 
contains `children` managed by React. It is now 
your responsibility to guarantee that none of those 
nodes are unexpectedly modified or duplicated. This 
is probably not intentional.
    at div
    at div
    at div
    at div
    at spy (file:///C:/Users/Eli/Desktop/Claude%20Co
de/CPQ-System/node_modules/tinyspy/dist/index.js:42:
80)
    at div
    at div
    at div
    at C:\Users\Eli\Desktop\Claude 
Code\CPQ-System\src\components\ui\card.tsx:81:57
    at div
    at C:\Users\Eli\Desktop\Claude 
Code\CPQ-System\src\components\ui\card.tsx:7:50
    at BOMGrid (C:\Users\Eli\Desktop\Claude Code\CPQ
-System\src\components\shared\BOMGrid.tsx:22:3)
Warning: A component is `contentEditable` and 
contains `children` managed by React. It is now 
your responsibility to guarantee that none of those 
nodes are unexpectedly modified or duplicated. This 
is probably not intentional.
    at div
    at div
    at div
    at div
    at spy (file:///C:/Users/Eli/Desktop/Claude%20Co
de/CPQ-System/node_modules/tinyspy/dist/index.js:42:
80)
    at div
    at div
    at div
    at C:\Users\Eli\Desktop\Claude 
Code\CPQ-System\src\components\ui\card.tsx:81:57
    at div
    at C:\Users\Eli\Desktop\Claude 
Code\CPQ-System\src\components\ui\card.tsx:7:50
    at BOMGrid (C:\Users\Eli\Desktop\Claude Code\CPQ
-System\src\components\shared\BOMGrid.tsx:22:3)
Warning: A component is `contentEditable` and 
contains `children` managed by React. It is now 
your responsibility to guarantee that none of those 
nodes are unexpectedly modified or duplicated. This 
is probably not intentional.
    at div
    at div
    at div
    at div
    at spy (file:///C:/Users/Eli/Desktop/Claude%20Co
de/CPQ-System/node_modules/tinyspy/dist/index.js:42:
80)
    at div
    at div
    at div
    at C:\Users\Eli\Desktop\Claude 
Code\CPQ-System\src\components\ui\card.tsx:81:57
    at div
    at C:\Users\Eli\Desktop\Claude 
Code\CPQ-System\src\components\ui\card.tsx:7:50
    at BOMGrid (C:\Users\Eli\Desktop\Claude Code\CPQ
-System\src\components\shared\BOMGrid.tsx:22:3)
Warning: A component is `contentEditable` and 
contains `children` managed by React. It is now 
your responsibility to guarantee that none of those 
nodes are unexpectedly modified or duplicated. This 
is probably not intentional.
    at div
    at div
    at div
    at div
    at spy (file:///C:/Users/Eli/Desktop/Claude%20Co
de/CPQ-System/node_modules/tinyspy/dist/index.js:42:
80)
    at div
    at div
    at div
    at C:\Users\Eli\Desktop\Claude 
Code\CPQ-System\src\components\ui\card.tsx:81:57
    at div
    at C:\Users\Eli\Desktop\Claude 
Code\CPQ-System\src\components\ui\card.tsx:7:50
    at BOMGrid (C:\Users\Eli\Desktop\Claude Code\CPQ
-System\src\components\shared\BOMGrid.tsx:22:3)
Warning: A component is `contentEditable` and 
contains `children` managed by React. It is now 
your responsibility to guarantee that none of those 
nodes are unexpectedly modified or duplicated. This 
is probably not intentional.
    at div
    at div
    at div
    at div
    at spy (file:///C:/Users/Eli/Desktop/Claude%20Co
de/CPQ-System/node_modules/tinyspy/dist/index.js:42:
80)
    at div
    at div
    at div
    at C:\Users\Eli\Desktop\Claude 
Code\CPQ-System\src\components\ui\card.tsx:81:57
    at div
    at C:\Users\Eli\Desktop\Claude 
Code\CPQ-System\src\components\ui\card.tsx:7:50
    at BOMGrid (C:\Users\Eli\Desktop\Claude Code\CPQ
-System\src\components\shared\BOMGrid.tsx:22:3)
Warning: A component is `contentEditable` and 
contains `children` managed by React. It is now 
your responsibility to guarantee that none of those 
nodes are unexpectedly modified or duplicated. This 
is probably not intentional.
    at div
    at div
    at div
    at div
    at spy (file:///C:/Users/Eli/Desktop/Claude%20Co
de/CPQ-System/node_modules/tinyspy/dist/index.js:42:
80)
    at div
    at div
    at div
    at C:\Users\Eli\Desktop\Claude 
Code\CPQ-System\src\components\ui\card.tsx:81:57
    at div
    at C:\Users\Eli\Desktop\Claude 
Code\CPQ-System\src\components\ui\card.tsx:7:50
    at BOMGrid (C:\Users\Eli\Desktop\Claude Code\CPQ
-System\src\components\shared\BOMGrid.tsx:22:3)
Warning: A component is `contentEditable` and 
contains `children` managed by React. It is now 
your responsibility to guarantee that none of those 
nodes are unexpectedly modified or duplicated. This 
is probably not intentional.
    at div
    at div
    at div
    at div
    at spy (file:///C:/Users/Eli/Desktop/Claude%20Co
de/CPQ-System/node_modules/tinyspy/dist/index.js:42:
80)
    at div
    at div
    at div
    at C:\Users\Eli\Desktop\Claude 
Code\CPQ-System\src\components\ui\card.tsx:81:57
    at div
    at C:\Users\Eli\Desktop\Claude 
Code\CPQ-System\src\components\ui\card.tsx:7:50
    at BOMGrid (C:\Users\Eli\Desktop\Claude Code\CPQ
-System\src\components\shared\BOMGrid.tsx:22:3)
Warning: A component is `contentEditable` and 
contains `children` managed by React. It is now 
your responsibility to guarantee that none of those 
nodes are unexpectedly modified or duplicated. This 
is probably not intentional.
    at div
    at div
    at div
    at div
    at spy (file:///C:/Users/Eli/Desktop/Claude%20Co
de/CPQ-System/node_modules/tinyspy/dist/index.js:42:
80)
    at div
    at div
    at div
    at C:\Users\Eli\Desktop\Claude 
Code\CPQ-System\src\components\ui\card.tsx:81:57
    at div
    at C:\Users\Eli\Desktop\Claude 
Code\CPQ-System\src\components\ui\card.tsx:7:50
    at BOMGrid (C:\Users\Eli\Desktop\Claude Code\CPQ
-System\src\components\shared\BOMGrid.tsx:22:3)
Warning: A component is `contentEditable` and 
contains `children` managed by React. It is now 
your responsibility to guarantee that none of those 
nodes are unexpectedly modified or duplicated. This 
is probably not intentional.
    at div
    at div
    at div
    at div
    at spy (file:///C:/Users/Eli/Desktop/Claude%20Co
de/CPQ-System/node_modules/tinyspy/dist/index.js:42:
80)
    at div
    at div
    at div
    at C:\Users\Eli\Desktop\Claude 
Code\CPQ-System\src\components\ui\card.tsx:81:57
    at div
    at C:\Users\Eli\Desktop\Claude 
Code\CPQ-System\src\components\ui\card.tsx:7:50
    at BOMGrid (C:\Users\Eli\Desktop\Claude Code\CPQ
-System\src\components\shared\BOMGrid.tsx:22:3)
Warning: A component is `contentEditable` and 
contains `children` managed by React. It is now 
your responsibility to guarantee that none of those 
nodes are unexpectedly modified or duplicated. This 
is probably not intentional.
    at div
    at div
    at div
    at div
    at spy (file:///C:/Users/Eli/Desktop/Claude%20Co
de/CPQ-System/node_modules/tinyspy/dist/index.js:42:
80)
    at div
    at div
    at div
    at C:\Users\Eli\Desktop\Claude 
Code\CPQ-System\src\components\ui\card.tsx:81:57
    at div
    at C:\Users\Eli\Desktop\Claude 
Code\CPQ-System\src\components\ui\card.tsx:7:50
    at BOMGrid (C:\Users\Eli\Desktop\Claude Code\CPQ
-System\src\components\shared\BOMGrid.tsx:22:3)
Warning: A component is `contentEditable` and 
contains `children` managed by React. It is now 
your responsibility to guarantee that none of those 
nodes are unexpectedly modified or duplicated. This 
is probably not intentional.
    at div
    at div
    at div
    at div
    at spy (file:///C:/Users/Eli/Desktop/Claude%20Co
de/CPQ-System/node_modules/tinyspy/dist/index.js:42:
80)
    at div
    at div
    at div
    at C:\Users\Eli\Desktop\Claude 
Code\CPQ-System\src\components\ui\card.tsx:81:57
    at div
    at C:\Users\Eli\Desktop\Claude 
Code\CPQ-System\src\components\ui\card.tsx:7:50
    at BOMGrid (C:\Users\Eli\Desktop\Claude Code\CPQ
-System\src\components\shared\BOMGrid.tsx:22:3)
Warning: A component is `contentEditable` and 
contains `children` managed by React. It is now 
your responsibility to guarantee that none of those 
nodes are unexpectedly modified or duplicated. This 
is probably not intentional.
    at div
    at div
    at div
    at div
    at spy (file:///C:/Users/Eli/Desktop/Claude%20Co
de/CPQ-System/node_modules/tinyspy/dist/index.js:42:
80)
    at div
    at div
    at div
    at C:\Users\Eli\Desktop\Claude 
Code\CPQ-System\src\components\ui\card.tsx:81:57
    at div
    at C:\Users\Eli\Desktop\Claude 
Code\CPQ-System\src\components\ui\card.tsx:7:50
    at BOMGrid (C:\Users\Eli\Desktop\Claude Code\CPQ
-System\src\components\shared\BOMGrid.tsx:22:3)
Warning: A component is `contentEditable` and 
contains `children` managed by React. It is now 
your responsibility to guarantee that none of those 
nodes are unexpectedly modified or duplicated. This 
is probably not intentional.
    at div
    at div
    at div
    at div
    at spy (file:///C:/Users/Eli/Desktop/Claude%20Co
de/CPQ-System/node_modules/tinyspy/dist/index.js:42:
80)
    at div
    at div
    at div
    at C:\Users\Eli\Desktop\Claude 
Code\CPQ-System\src\components\ui\card.tsx:81:57
    at div
    at C:\Users\Eli\Desktop\Claude 
Code\CPQ-System\src\components\ui\card.tsx:7:50
    at BOMGrid (C:\Users\Eli\Desktop\Claude Code\CPQ
-System\src\components\shared\BOMGrid.tsx:22:3)
Warning: A component is `contentEditable` and 
contains `children` managed by React. It is now 
your responsibility to guarantee that none of those 
nodes are unexpectedly modified or duplicated. This 
is probably not intentional.
    at div
    at div
    at div
    at div
    at spy (file:///C:/Users/Eli/Desktop/Claude%20Co
de/CPQ-System/node_modules/tinyspy/dist/index.js:42:
80)
    at div
    at div
    at div
    at C:\Users\Eli\Desktop\Claude 
Code\CPQ-System\src\components\ui\card.tsx:81:57
    at div
    at C:\Users\Eli\Desktop\Claude 
Code\CPQ-System\src\components\ui\card.tsx:7:50
    at BOMGrid (C:\Users\Eli\Desktop\Claude Code\CPQ
-System\src\components\shared\BOMGrid.tsx:22:3)
Warning: A component is `contentEditable` and 
contains `children` managed by React. It is now 
your responsibility to guarantee that none of those 
nodes are unexpectedly modified or duplicated. This 
is probably not intentional.
    at div
    at div
    at div
    at div
    at spy (file:///C:/Users/Eli/Desktop/Claude%20Co
de/CPQ-System/node_modules/tinyspy/dist/index.js:42:
80)
    at div
    at div
    at div
    at C:\Users\Eli\Desktop\Claude 
Code\CPQ-System\src\components\ui\card.tsx:81:57
    at div
    at C:\Users\Eli\Desktop\Claude 
Code\CPQ-System\src\components\ui\card.tsx:7:50
    at BOMGrid (C:\Users\Eli\Desktop\Claude Code\CPQ
-System\src\components\shared\BOMGrid.tsx:22:3)
Warning: A component is `contentEditable` and 
contains `children` managed by React. It is now 
your responsibility to guarantee that none of those 
nodes are unexpectedly modified or duplicated. This 
is probably not intentional.
    at div
    at div
    at div
    at div
    at spy (file:///C:/Users/Eli/Desktop/Claude%20Co
de/CPQ-System/node_modules/tinyspy/dist/index.js:42:
80)
    at div
    at div
    at div
    at C:\Users\Eli\Desktop\Claude 
Code\CPQ-System\src\components\ui\card.tsx:81:57
    at div
    at C:\Users\Eli\Desktop\Claude 
Code\CPQ-System\src\components\ui\card.tsx:7:50
    at BOMGrid (C:\Users\Eli\Desktop\Claude Code\CPQ
-System\src\components\shared\BOMGrid.tsx:22:3)
Warning: A component is `contentEditable` and 
contains `children` managed by React. It is now 
your responsibility to guarantee that none of those 
nodes are unexpectedly modified or duplicated. This 
is probably not intentional.
    at div
    at div
    at div
    at div
    at spy (file:///C:/Users/Eli/Desktop/Claude%20Co
de/CPQ-System/node_modules/tinyspy/dist/index.js:42:
80)
    at div
    at div
    at div
    at C:\Users\Eli\Desktop\Claude 
Code\CPQ-System\src\components\ui\card.tsx:81:57
    at div
    at C:\Users\Eli\Desktop\Claude 
Code\CPQ-System\src\components\ui\card.tsx:7:50
    at BOMGrid (C:\Users\Eli\Desktop\Claude Code\CPQ
-System\src\components\shared\BOMGrid.tsx:22:3)
Warning: A component is `contentEditable` and 
contains `children` managed by React. It is now 
your responsibility to guarantee that none of those 
nodes are unexpectedly modified or duplicated. This 
is probably not intentional.
    at div
    at div
    at div
    at div
    at spy (file:///C:/Users/Eli/Desktop/Claude%20Co
de/CPQ-System/node_modules/tinyspy/dist/index.js:42:
80)
    at div
    at div
    at div
    at C:\Users\Eli\Desktop\Claude 
Code\CPQ-System\src\components\ui\card.tsx:81:57
    at div
    at C:\Users\Eli\Desktop\Claude 
Code\CPQ-System\src\components\ui\card.tsx:7:50
    at BOMGrid (C:\Users\Eli\Desktop\Claude Code\CPQ
-System\src\components\shared\BOMGrid.tsx:22:3)
Warning: A component is `contentEditable` and 
contains `children` managed by React. It is now 
your responsibility to guarantee that none of those 
nodes are unexpectedly modified or duplicated. This 
is probably not intentional.
    at div
    at div
    at div
    at div
    at spy (file:///C:/Users/Eli/Desktop/Claude%20Co
de/CPQ-System/node_modules/tinyspy/dist/index.js:42:
80)
    at div
    at div
    at div
    at C:\Users\Eli\Desktop\Claude 
Code\CPQ-System\src\components\ui\card.tsx:81:57
    at div
    at C:\Users\Eli\Desktop\Claude 
Code\CPQ-System\src\components\ui\card.tsx:7:50
    at BOMGrid (C:\Users\Eli\Desktop\Claude Code\CPQ
-System\src\components\shared\BOMGrid.tsx:22:3)
Warning: A component is `contentEditable` and 
contains `children` managed by React. It is now 
your responsibility to guarantee that none of those 
nodes are unexpectedly modified or duplicated. This 
is probably not intentional.
    at div
    at div
    at div
    at div
    at spy (file:///C:/Users/Eli/Desktop/Claude%20Co
de/CPQ-System/node_modules/tinyspy/dist/index.js:42:
80)
    at div
    at div
    at div
    at C:\Users\Eli\Desktop\Claude 
Code\CPQ-System\src\components\ui\card.tsx:81:57
    at div
    at C:\Users\Eli\Desktop\Claude 
Code\CPQ-System\src\components\ui\card.tsx:7:50
    at BOMGrid (C:\Users\Eli\Desktop\Claude Code\CPQ
-System\src\components\shared\BOMGrid.tsx:22:3)
Warning: A component is `contentEditable` and 
contains `children` managed by React. It is now 
your responsibility to guarantee that none of those 
nodes are unexpectedly modified or duplicated. This 
is probably not intentional.
    at div
    at div
    at div
    at div
    at spy (file:///C:/Users/Eli/Desktop/Claude%20Co
de/CPQ-System/node_modules/tinyspy/dist/index.js:42:
80)
    at div
    at div
    at div
    at C:\Users\Eli\Desktop\Claude 
Code\CPQ-System\src\components\ui\card.tsx:81:57
    at div
    at C:\Users\Eli\Desktop\Claude 
Code\CPQ-System\src\components\ui\card.tsx:7:50
    at BOMGrid (C:\Users\Eli\Desktop\Claude Code\CPQ
-System\src\components\shared\BOMGrid.tsx:22:3)
Warning: A component is `contentEditable` and 
contains `children` managed by React. It is now 
your responsibility to guarantee that none of those 
nodes are unexpectedly modified or duplicated. This 
is probably not intentional.
    at div
    at div
    at div
    at div
    at spy (file:///C:/Users/Eli/Desktop/Claude%20Co
de/CPQ-System/node_modules/tinyspy/dist/index.js:42:
80)
    at div
    at div
    at div
    at C:\Users\Eli\Desktop\Claude 
Code\CPQ-System\src\components\ui\card.tsx:81:57
    at div
    at C:\Users\Eli\Desktop\Claude 
Code\CPQ-System\src\components\ui\card.tsx:7:50
    at BOMGrid (C:\Users\Eli\Desktop\Claude Code\CPQ
-System\src\components\shared\BOMGrid.tsx:22:3)
Warning: A component is `contentEditable` and 
contains `children` managed by React. It is now 
your responsibility to guarantee that none of those 
nodes are unexpectedly modified or duplicated. This 
is probably not intentional.
    at div
    at div
    at div
    at div
    at spy (file:///C:/Users/Eli/Desktop/Claude%20Co
de/CPQ-System/node_modules/tinyspy/dist/index.js:42:
80)
    at div
    at div
    at div
    at C:\Users\Eli\Desktop\Claude 
Code\CPQ-System\src\components\ui\card.tsx:81:57
    at div
    at C:\Users\Eli\Desktop\Claude 
Code\CPQ-System\src\components\ui\card.tsx:7:50
    at BOMGrid (C:\Users\Eli\Desktop\Claude Code\CPQ
-System\src\components\shared\BOMGrid.tsx:22:3)
Warning: A component is `contentEditable` and 
contains `children` managed by React. It is now 
your responsibility to guarantee that none of those 
nodes are unexpectedly modified or duplicated. This 
is probably not intentional.
    at div
    at div
    at div
    at div
    at spy (file:///C:/Users/Eli/Desktop/Claude%20Co
de/CPQ-System/node_modules/tinyspy/dist/index.js:42:
80)
    at div
    at div
    at div
    at C:\Users\Eli\Desktop\Claude 
Code\CPQ-System\src\components\ui\card.tsx:81:57
    at div
    at C:\Users\Eli\Desktop\Claude 
Code\CPQ-System\src\components\ui\card.tsx:7:50
    at BOMGrid (C:\Users\Eli\Desktop\Claude Code\CPQ
-System\src\components\shared\BOMGrid.tsx:22:3)
Warning: A component is `contentEditable` and 
contains `children` managed by React. It is now 
your responsibility to guarantee that none of those 
nodes are unexpectedly modified or duplicated. This 
is probably not intentional.
    at div
    at div
    at div
    at div
    at spy (file:///C:/Users/Eli/Desktop/Claude%20Co
de/CPQ-System/node_modules/tinyspy/dist/index.js:42:
80)
    at div
    at div
    at div
    at C:\Users\Eli\Desktop\Claude 
Code\CPQ-System\src\components\ui\card.tsx:81:57
    at div
    at C:\Users\Eli\Desktop\Claude 
Code\CPQ-System\src\components\ui\card.tsx:7:50
    at BOMGrid (C:\Users\Eli\Desktop\Claude Code\CPQ
-System\src\components\shared\BOMGrid.tsx:22:3)
Warning: A component is `contentEditable` and 
contains `children` managed by React. It is now 
your responsibility to guarantee that none of those 
nodes are unexpectedly modified or duplicated. This 
is probably not intentional.
    at div
    at div
    at div
    at div
    at spy (file:///C:/Users/Eli/Desktop/Claude%20Co
de/CPQ-System/node_modules/tinyspy/dist/index.js:42:
80)
    at div
    at div
    at div
    at C:\Users\Eli\Desktop\Claude 
Code\CPQ-System\src\components\ui\card.tsx:81:57
    at div
    at C:\Users\Eli\Desktop\Claude 
Code\CPQ-System\src\components\ui\card.tsx:7:50
    at BOMGrid (C:\Users\Eli\Desktop\Claude Code\CPQ
-System\src\components\shared\BOMGrid.tsx:22:3)
Warning: A component is `contentEditable` and 
contains `children` managed by React. It is now 
your responsibility to guarantee that none of those 
nodes are unexpectedly modified or duplicated. This 
is probably not intentional.
    at div
    at div
    at div
    at div
    at spy (file:///C:/Users/Eli/Desktop/Claude%20Co
de/CPQ-System/node_modules/tinyspy/dist/index.js:42:
80)
    at div
    at div
    at div
    at C:\Users\Eli\Desktop\Claude 
Code\CPQ-System\src\components\ui\card.tsx:81:57
    at div
    at C:\Users\Eli\Desktop\Claude 
Code\CPQ-System\src\components\ui\card.tsx:7:50
    at BOMGrid (C:\Users\Eli\Desktop\Claude Code\CPQ
-System\src\components\shared\BOMGrid.tsx:22:3)
Warning: A component is `contentEditable` and 
contains `children` managed by React. It is now 
your responsibility to guarantee that none of those 
nodes are unexpectedly modified or duplicated. This 
is probably not intentional.
    at div
    at div
    at div
    at div
    at spy (file:///C:/Users/Eli/Desktop/Claude%20Co
de/CPQ-System/node_modules/tinyspy/dist/index.js:42:
80)
    at div
    at div
    at div
    at C:\Users\Eli\Desktop\Claude 
Code\CPQ-System\src\components\ui\card.tsx:81:57
    at div
    at C:\Users\Eli\Desktop\Claude 
Code\CPQ-System\src\components\ui\card.tsx:7:50
    at BOMGrid (C:\Users\Eli\Desktop\Claude Code\CPQ
-System\src\components\shared\BOMGrid.tsx:22:3)
Warning: A component is `contentEditable` and 
contains `children` managed by React. It is now 
your responsibility to guarantee that none of those 
nodes are unexpectedly modified or duplicated. This 
is probably not intentional.
    at div
    at div
    at div
    at div
    at spy (file:///C:/Users/Eli/Desktop/Claude%20Co
de/CPQ-System/node_modules/tinyspy/dist/index.js:42:
80)
    at div
    at div
    at div
    at C:\Users\Eli\Desktop\Claude 
Code\CPQ-System\src\components\ui\card.tsx:81:57
    at div
    at C:\Users\Eli\Desktop\Claude 
Code\CPQ-System\src\components\ui\card.tsx:7:50
    at BOMGrid (C:\Users\Eli\Desktop\Claude Code\CPQ
-System\src\components\shared\BOMGrid.tsx:22:3)
Warning: A component is `contentEditable` and 
contains `children` managed by React. It is now 
your responsibility to guarantee that none of those 
nodes are unexpectedly modified or duplicated. This 
is probably not intentional.
    at div
    at div
    at div
    at div
    at spy (file:///C:/Users/Eli/Desktop/Claude%20Co
de/CPQ-System/node_modules/tinyspy/dist/index.js:42:
80)
    at div
    at div
    at div
    at C:\Users\Eli\Desktop\Claude 
Code\CPQ-System\src\components\ui\card.tsx:81:57
    at div
    at C:\Users\Eli\Desktop\Claude 
Code\CPQ-System\src\components\ui\card.tsx:7:50
    at BOMGrid (C:\Users\Eli\Desktop\Claude Code\CPQ
-System\src\components\shared\BOMGrid.tsx:22:3)
Warning: A component is `contentEditable` and 
contains `children` managed by React. It is now 
your responsibility to guarantee that none of those 
nodes are unexpectedly modified or duplicated. This 
is probably not intentional.
    at div
    at div
    at div
    at div
    at spy (file:///C:/Users/Eli/Desktop/Claude%20Co
de/CPQ-System/node_modules/tinyspy/dist/index.js:42:
80)
    at div
    at div
    at div
    at C:\Users\Eli\Desktop\Claude 
Code\CPQ-System\src\components\ui\card.tsx:81:57
    at div
    at C:\Users\Eli\Desktop\Claude 
Code\CPQ-System\src\components\ui\card.tsx:7:50
    at BOMGrid (C:\Users\Eli\Desktop\Claude Code\CPQ
-System\src\components\shared\BOMGrid.tsx:22:3)
Warning: A component is `contentEditable` and 
contains `children` managed by React. It is now 
your responsibility to guarantee that none of those 
nodes are unexpectedly modified or duplicated. This 
is probably not intentional.
    at div
    at div
    at div
    at div
    at spy (file:///C:/Users/Eli/Desktop/Claude%20Co
de/CPQ-System/node_modules/tinyspy/dist/index.js:42:
80)
    at div
    at div
    at div
    at C:\Users\Eli\Desktop\Claude 
Code\CPQ-System\src\components\ui\card.tsx:81:57
    at div
    at C:\Users\Eli\Desktop\Claude 
Code\CPQ-System\src\components\ui\card.tsx:7:50
    at BOMGrid (C:\Users\Eli\Desktop\Claude Code\CPQ
-System\src\components\shared\BOMGrid.tsx:22:3)
Warning: A component is `contentEditable` and 
contains `children` managed by React. It is now 
your responsibility to guarantee that none of those 
nodes are unexpectedly modified or duplicated. This 
is probably not intentional.
    at div
    at div
    at div
    at div
    at spy (file:///C:/Users/Eli/Desktop/Claude%20Co
de/CPQ-System/node_modules/tinyspy/dist/index.js:42:
80)
    at div
    at div
    at div
    at C:\Users\Eli\Desktop\Claude 
Code\CPQ-System\src\components\ui\card.tsx:81:57
    at div
    at C:\Users\Eli\Desktop\Claude 
Code\CPQ-System\src\components\ui\card.tsx:7:50
    at BOMGrid (C:\Users\Eli\Desktop\Claude Code\CPQ
-System\src\components\shared\BOMGrid.tsx:22:3)
Warning: A component is `contentEditable` and 
contains `children` managed by React. It is now 
your responsibility to guarantee that none of those 
nodes are unexpectedly modified or duplicated. This 
is probably not intentional.
    at div
    at div
    at div
    at div
    at spy (file:///C:/Users/Eli/Desktop/Claude%20Co
de/CPQ-System/node_modules/tinyspy/dist/index.js:42:
80)
    at div
    at div
    at div
    at C:\Users\Eli\Desktop\Claude 
Code\CPQ-System\src\components\ui\card.tsx:81:57
    at div
    at C:\Users\Eli\Desktop\Claude 
Code\CPQ-System\src\components\ui\card.tsx:7:50
    at BOMGrid (C:\Users\Eli\Desktop\Claude Code\CPQ
-System\src\components\shared\BOMGrid.tsx:22:3)
Warning: A component is `contentEditable` and 
contains `children` managed by React. It is now 
your responsibility to guarantee that none of those 
nodes are unexpectedly modified or duplicated. This 
is probably not intentional.
    at div
    at div
    at div
    at div
    at spy (file:///C:/Users/Eli/Desktop/Claude%20Co
de/CPQ-System/node_modules/tinyspy/dist/index.js:42:
80)
    at div
    at div
    at div
    at C:\Users\Eli\Desktop\Claude 
Code\CPQ-System\src\components\ui\card.tsx:81:57
    at div
    at C:\Users\Eli\Desktop\Claude 
Code\CPQ-System\src\components\ui\card.tsx:7:50
    at BOMGrid (C:\Users\Eli\Desktop\Claude Code\CPQ
-System\src\components\shared\BOMGrid.tsx:22:3)
Warning: A component is `contentEditable` and 
contains `children` managed by React. It is now 
your responsibility to guarantee that none of those 
nodes are unexpectedly modified or duplicated. This 
is probably not intentional.
    at div
    at div
    at div
    at div
    at spy (file:///C:/Users/Eli/Desktop/Claude%20Co
de/CPQ-System/node_modules/tinyspy/dist/index.js:42:
80)
    at div
    at div
    at div
    at C:\Users\Eli\Desktop\Claude 
Code\CPQ-System\src\components\ui\card.tsx:81:57
    at div
    at C:\Users\Eli\Desktop\Claude 
Code\CPQ-System\src\components\ui\card.tsx:7:50
    at BOMGrid (C:\Users\Eli\Desktop\Claude Code\CPQ
-System\src\components\shared\BOMGrid.tsx:22:3)
Warning: A component is `contentEditable` and 
contains `children` managed by React. It is now 
your responsibility to guarantee that none of those 
nodes are unexpectedly modified or duplicated. This 
is probably not intentional.
    at div
    at div
    at div
    at div
    at spy (file:///C:/Users/Eli/Desktop/Claude%20Co
de/CPQ-System/node_modules/tinyspy/dist/index.js:42:
80)
    at div
    at div
    at div
    at C:\Users\Eli\Desktop\Claude 
Code\CPQ-System\src\components\ui\card.tsx:81:57
    at div
    at C:\Users\Eli\Desktop\Claude 
Code\CPQ-System\src\components\ui\card.tsx:7:50
    at BOMGrid (C:\Users\Eli\Desktop\Claude Code\CPQ
-System\src\components\shared\BOMGrid.tsx:22:3)
Warning: A component is `contentEditable` and 
contains `children` managed by React. It is now 
your responsibility to guarantee that none of those 
nodes are unexpectedly modified or duplicated. This 
is probably not intentional.
    at div
    at div
    at div
    at div
    at spy (file:///C:/Users/Eli/Desktop/Claude%20Co
de/CPQ-System/node_modules/tinyspy/dist/index.js:42:
80)
    at div
    at div
    at div
    at C:\Users\Eli\Desktop\Claude 
Code\CPQ-System\src\components\ui\card.tsx:81:57
    at div
    at C:\Users\Eli\Desktop\Claude 
Code\CPQ-System\src\components\ui\card.tsx:7:50
    at BOMGrid (C:\Users\Eli\Desktop\Claude Code\CPQ
-System\src\components\shared\BOMGrid.tsx:22:3)
Warning: A component is `contentEditable` and 
contains `children` managed by React. It is now 
your responsibility to guarantee that none of those 
nodes are unexpectedly modified or duplicated. This 
is probably not intentional.
    at div
    at div
    at div
    at div
    at spy (file:///C:/Users/Eli/Desktop/Claude%20Co
de/CPQ-System/node_modules/tinyspy/dist/index.js:42:
80)
    at div
    at div
    at div
    at C:\Users\Eli\Desktop\Claude 
Code\CPQ-System\src\components\ui\card.tsx:81:57
    at div
    at C:\Users\Eli\Desktop\Claude 
Code\CPQ-System\src\components\ui\card.tsx:7:50
    at BOMGrid (C:\Users\Eli\Desktop\Claude Code\CPQ
-System\src\components\shared\BOMGrid.tsx:22:3)
Warning: A component is `contentEditable` and 
contains `children` managed by React. It is now 
your responsibility to guarantee that none of those 
nodes are unexpectedly modified or duplicated. This 
is probably not intentional.
    at div
    at div
    at div
    at div
    at spy (file:///C:/Users/Eli/Desktop/Claude%20Co
de/CPQ-System/node_modules/tinyspy/dist/index.js:42:
80)
    at div
    at div
    at div
    at C:\Users\Eli\Desktop\Claude 
Code\CPQ-System\src\components\ui\card.tsx:81:57
    at div
    at C:\Users\Eli\Desktop\Claude 
Code\CPQ-System\src\components\ui\card.tsx:7:50
    at BOMGrid (C:\Users\Eli\Desktop\Claude Code\CPQ
-System\src\components\shared\BOMGrid.tsx:22:3)
Warning: A component is `contentEditable` and 
contains `children` managed by React. It is now 
your responsibility to guarantee that none of those 
nodes are unexpectedly modified or duplicated. This 
is probably not intentional.
    at div
    at div
    at div
    at div
    at spy (file:///C:/Users/Eli/Desktop/Claude%20Co
de/CPQ-System/node_modules/tinyspy/dist/index.js:42:
80)
    at div
    at div
    at div
    at C:\Users\Eli\Desktop\Claude 
Code\CPQ-System\src\components\ui\card.tsx:81:57
    at div
    at C:\Users\Eli\Desktop\Claude 
Code\CPQ-System\src\components\ui\card.tsx:7:50
    at BOMGrid (C:\Users\Eli\Desktop\Claude Code\CPQ
-System\src\components\shared\BOMGrid.tsx:22:3)
Warning: A component is `contentEditable` and 
contains `children` managed by React. It is now 
your responsibility to guarantee that none of those 
nodes are unexpectedly modified or duplicated. This 
is probably not intentional.
    at div
    at div
    at div
    at div
    at spy (file:///C:/Users/Eli/Desktop/Claude%20Co
de/CPQ-System/node_modules/tinyspy/dist/index.js:42:
80)
    at div
    at div
    at div
    at C:\Users\Eli\Desktop\Claude 
Code\CPQ-System\src\components\ui\card.tsx:81:57
    at div
    at C:\Users\Eli\Desktop\Claude 
Code\CPQ-System\src\components\ui\card.tsx:7:50
    at BOMGrid (C:\Users\Eli\Desktop\Claude Code\CPQ
-System\src\components\shared\BOMGrid.tsx:22:3)
Warning: A component is `contentEditable` and 
contains `children` managed by React. It is now 
your responsibility to guarantee that none of those 
nodes are unexpectedly modified or duplicated. This 
is probably not intentional.
    at div
    at div
    at div
    at div
    at spy (file:///C:/Users/Eli/Desktop/Claude%20Co
de/CPQ-System/node_modules/tinyspy/dist/index.js:42:
80)
    at div
    at div
    at div
    at C:\Users\Eli\Desktop\Claude 
Code\CPQ-System\src\components\ui\card.tsx:81:57
    at div
    at C:\Users\Eli\Desktop\Claude 
Code\CPQ-System\src\components\ui\card.tsx:7:50
    at BOMGrid (C:\Users\Eli\Desktop\Claude Code\CPQ
-System\src\components\shared\BOMGrid.tsx:22:3)
Warning: A component is `contentEditable` and 
contains `children` managed by React. It is now 
your responsibility to guarantee that none of those 
nodes are unexpectedly modified or duplicated. This 
is probably not intentional.
    at div
    at div
    at div
    at div
    at spy (file:///C:/Users/Eli/Desktop/Claude%20Co
de/CPQ-System/node_modules/tinyspy/dist/index.js:42:
80)
    at div
    at div
    at div
    at C:\Users\Eli\Desktop\Claude 
Code\CPQ-System\src\components\ui\card.tsx:81:57
    at div
    at C:\Users\Eli\Desktop\Claude 
Code\CPQ-System\src\components\ui\card.tsx:7:50
    at BOMGrid (C:\Users\Eli\Desktop\Claude Code\CPQ
-System\src\components\shared\BOMGrid.tsx:22:3)
Warning: A component is `contentEditable` and 
contains `children` managed by React. It is now 
your responsibility to guarantee that none of those 
nodes are unexpectedly modified or duplicated. This 
is probably not intentional.
    at div
    at div
    at div
    at div
    at spy (file:///C:/Users/Eli/Desktop/Claude%20Co
de/CPQ-System/node_modules/tinyspy/dist/index.js:42:
80)
    at div
    at div
    at div
    at C:\Users\Eli\Desktop\Claude 
Code\CPQ-System\src\components\ui\card.tsx:81:57
    at div
    at C:\Users\Eli\Desktop\Claude 
Code\CPQ-System\src\components\ui\card.tsx:7:50
    at BOMGrid (C:\Users\Eli\Desktop\Claude Code\CPQ
-System\src\components\shared\BOMGrid.tsx:22:3)
Warning: A component is `contentEditable` and 
contains `children` managed by React. It is now 
your responsibility to guarantee that none of those 
nodes are unexpectedly modified or duplicated. This 
is probably not intentional.
    at div
    at div
    at div
    at div
    at spy (file:///C:/Users/Eli/Desktop/Claude%20Co
de/CPQ-System/node_modules/tinyspy/dist/index.js:42:
80)
    at div
    at div
    at div
    at C:\Users\Eli\Desktop\Claude 
Code\CPQ-System\src\components\ui\card.tsx:81:57
    at div
    at C:\Users\Eli\Desktop\Claude 
Code\CPQ-System\src\components\ui\card.tsx:7:50
    at BOMGrid (C:\Users\Eli\Desktop\Claude Code\CPQ
-System\src\components\shared\BOMGrid.tsx:22:3)
Warning: A component is `contentEditable` and 
contains `children` managed by React. It is now 
your responsibility to guarantee that none of those 
nodes are unexpectedly modified or duplicated. This 
is probably not intentional.
    at div
    at div
    at div
    at div
    at spy (file:///C:/Users/Eli/Desktop/Claude%20Co
de/CPQ-System/node_modules/tinyspy/dist/index.js:42:
80)
    at div
    at div
    at div
    at C:\Users\Eli\Desktop\Claude 
Code\CPQ-System\src\components\ui\card.tsx:81:57
    at div
    at C:\Users\Eli\Desktop\Claude 
Code\CPQ-System\src\components\ui\card.tsx:7:50
    at BOMGrid (C:\Users\Eli\Desktop\Claude Code\CPQ
-System\src\components\shared\BOMGrid.tsx:22:3)
Warning: A component is `contentEditable` and 
contains `children` managed by React. It is now 
your responsibility to guarantee that none of those 
nodes are unexpectedly modified or duplicated. This 
is probably not intentional.
    at div
    at div
    at div
    at div
    at spy (file:///C:/Users/Eli/Desktop/Claude%20Co
de/CPQ-System/node_modules/tinyspy/dist/index.js:42:
80)
    at div
    at div
    at div
    at C:\Users\Eli\Desktop\Claude 
Code\CPQ-System\src\components\ui\card.tsx:81:57
    at div
    at C:\Users\Eli\Desktop\Claude 
Code\CPQ-System\src\components\ui\card.tsx:7:50
    at BOMGrid (C:\Users\Eli\Desktop\Claude Code\CPQ
-System\src\components\shared\BOMGrid.tsx:22:3)
Warning: A component is `contentEditable` and 
contains `children` managed by React. It is now 
your responsibility to guarantee that none of those 
nodes are unexpectedly modified or duplicated. This 
is probably not intentional.
    at div
    at div
    at div
    at div
    at spy (file:///C:/Users/Eli/Desktop/Claude%20Co
de/CPQ-System/node_modules/tinyspy/dist/index.js:42:
80)
    at div
    at div
    at div
    at C:\Users\Eli\Desktop\Claude 
Code\CPQ-System\src\components\ui\card.tsx:81:57
    at div
    at C:\Users\Eli\Desktop\Claude 
Code\CPQ-System\src\components\ui\card.tsx:7:50
    at BOMGrid (C:\Users\Eli\Desktop\Claude Code\CPQ
-System\src\components\shared\BOMGrid.tsx:22:3)
Warning: A component is `contentEditable` and 
contains `children` managed by React. It is now 
your responsibility to guarantee that none of those 
nodes are unexpectedly modified or duplicated. This 
is probably not intentional.
    at div
    at div
    at div
    at div
    at spy (file:///C:/Users/Eli/Desktop/Claude%20Co
de/CPQ-System/node_modules/tinyspy/dist/index.js:42:
80)
    at div
    at div
    at div
    at C:\Users\Eli\Desktop\Claude 
Code\CPQ-System\src\components\ui\card.tsx:81:57
    at div
    at C:\Users\Eli\Desktop\Claude 
Code\CPQ-System\src\components\ui\card.tsx:7:50
    at BOMGrid (C:\Users\Eli\Desktop\Claude Code\CPQ
-System\src\components\shared\BOMGrid.tsx:22:3)
Warning: A component is `contentEditable` and 
contains `children` managed by React. It is now 
your responsibility to guarantee that none of those 
nodes are unexpectedly modified or duplicated. This 
is probably not intentional.
    at div
    at div
    at div
    at div
    at spy (file:///C:/Users/Eli/Desktop/Claude%20Co
de/CPQ-System/node_modules/tinyspy/dist/index.js:42:
80)
    at div
    at div
    at div
    at C:\Users\Eli\Desktop\Claude 
Code\CPQ-System\src\components\ui\card.tsx:81:57
    at div
    at C:\Users\Eli\Desktop\Claude 
Code\CPQ-System\src\components\ui\card.tsx:7:50
    at BOMGrid (C:\Users\Eli\Desktop\Claude Code\CPQ
-System\src\components\shared\BOMGrid.tsx:22:3)
Warning: A component is `contentEditable` and 
contains `children` managed by React. It is now 
your responsibility to guarantee that none of those 
nodes are unexpectedly modified or duplicated. This 
is probably not intentional.
    at div
    at div
    at div
    at div
    at spy (file:///C:/Users/Eli/Desktop/Claude%20Co
de/CPQ-System/node_modules/tinyspy/dist/index.js:42:
80)
    at div
    at div
    at div
    at C:\Users\Eli\Desktop\Claude 
Code\CPQ-System\src\components\ui\card.tsx:81:57
    at div
    at C:\Users\Eli\Desktop\Claude 
Code\CPQ-System\src\components\ui\card.tsx:7:50
    at BOMGrid (C:\Users\Eli\Desktop\Claude Code\CPQ
-System\src\components\shared\BOMGrid.tsx:22:3)
Warning: A component is `contentEditable` and 
contains `children` managed by React. It is now 
your responsibility to guarantee that none of those 
nodes are unexpectedly modified or duplicated. This 
is probably not intentional.
    at div
    at div
    at div
    at div
    at spy (file:///C:/Users/Eli/Desktop/Claude%20Co
de/CPQ-System/node_modules/tinyspy/dist/index.js:42:
80)
    at div
    at div
    at div
    at C:\Users\Eli\Desktop\Claude 
Code\CPQ-System\src\components\ui\card.tsx:81:57
    at div
    at C:\Users\Eli\Desktop\Claude 
Code\CPQ-System\src\components\ui\card.tsx:7:50
    at BOMGrid (C:\Users\Eli\Desktop\Claude Code\CPQ
-System\src\components\shared\BOMGrid.tsx:22:3)
Warning: A component is `contentEditable` and 
contains `children` managed by React. It is now 
your responsibility to guarantee that none of those 
nodes are unexpectedly modified or duplicated. This 
is probably not intentional.
    at div
    at div
    at div
    at div
    at spy (file:///C:/Users/Eli/Desktop/Claude%20Co
de/CPQ-System/node_modules/tinyspy/dist/index.js:42:
80)
    at div
    at div
    at div
    at C:\Users\Eli\Desktop\Claude 
Code\CPQ-System\src\components\ui\card.tsx:81:57
    at div
    at C:\Users\Eli\Desktop\Claude 
Code\CPQ-System\src\components\ui\card.tsx:7:50
    at BOMGrid (C:\Users\Eli\Desktop\Claude Code\CPQ
-System\src\components\shared\BOMGrid.tsx:22:3)
Warning: A component is `contentEditable` and 
contains `children` managed by React. It is now 
your responsibility to guarantee that none of those 
nodes are unexpectedly modified or duplicated. This 
is probably not intentional.
    at div
    at div
    at div
    at div
    at spy (file:///C:/Users/Eli/Desktop/Claude%20Co
de/CPQ-System/node_modules/tinyspy/dist/index.js:42:
80)
    at div
    at div
    at div
    at C:\Users\Eli\Desktop\Claude 
Code\CPQ-System\src\components\ui\card.tsx:81:57
    at div
    at C:\Users\Eli\Desktop\Claude 
Code\CPQ-System\src\components\ui\card.tsx:7:50
    at BOMGrid (C:\Users\Eli\Desktop\Claude Code\CPQ
-System\src\components\shared\BOMGrid.tsx:22:3)
Warning: A component is `contentEditable` and 
contains `children` managed by React. It is now 
your responsibility to guarantee that none of those 
nodes are unexpectedly modified or duplicated. This 
is probably not intentional.
    at div
    at div
    at div
    at div
    at spy (file:///C:/Users/Eli/Desktop/Claude%20Co
de/CPQ-System/node_modules/tinyspy/dist/index.js:42:
80)
    at div
    at div
    at div
    at C:\Users\Eli\Desktop\Claude 
Code\CPQ-System\src\components\ui\card.tsx:81:57
    at div
    at C:\Users\Eli\Desktop\Claude 
Code\CPQ-System\src\components\ui\card.tsx:7:50
    at BOMGrid (C:\Users\Eli\Desktop\Claude Code\CPQ
-System\src\components\shared\BOMGrid.tsx:22:3)
Warning: A component is `contentEditable` and 
contains `children` managed by React. It is now 
your responsibility to guarantee that none of those 
nodes are unexpectedly modified or duplicated. This 
is probably not intentional.
    at div
    at div
    at div
    at div
    at spy (file:///C:/Users/Eli/Desktop/Claude%20Co
de/CPQ-System/node_modules/tinyspy/dist/index.js:42:
80)
    at div
    at div
    at div
    at C:\Users\Eli\Desktop\Claude 
Code\CPQ-System\src\components\ui\card.tsx:81:57
    at div
    at C:\Users\Eli\Desktop\Claude 
Code\CPQ-System\src\components\ui\card.tsx:7:50
    at BOMGrid (C:\Users\Eli\Desktop\Claude Code\CPQ
-System\src\components\shared\BOMGrid.tsx:22:3)
Warning: A component is `contentEditable` and 
contains `children` managed by React. It is now 
your responsibility to guarantee that none of those 
nodes are unexpectedly modified or duplicated. This 
is probably not intentional.
    at div
    at div
    at div
    at div
    at spy (file:///C:/Users/Eli/Desktop/Claude%20Co
de/CPQ-System/node_modules/tinyspy/dist/index.js:42:
80)
    at div
    at div
    at div
    at C:\Users\Eli\Desktop\Claude 
Code\CPQ-System\src\components\ui\card.tsx:81:57
    at div
    at C:\Users\Eli\Desktop\Claude 
Code\CPQ-System\src\components\ui\card.tsx:7:50
    at BOMGrid (C:\Users\Eli\Desktop\Claude Code\CPQ
-System\src\components\shared\BOMGrid.tsx:22:3)
Warning: A component is `contentEditable` and 
contains `children` managed by React. It is now 
your responsibility to guarantee that none of those 
nodes are unexpectedly modified or duplicated. This 
is probably not intentional.
    at div
    at div
    at div
    at div
    at spy (file:///C:/Users/Eli/Desktop/Claude%20Co
de/CPQ-System/node_modules/tinyspy/dist/index.js:42:
80)
    at div
    at div
    at div
    at C:\Users\Eli\Desktop\Claude 
Code\CPQ-System\src\components\ui\card.tsx:81:57
    at div
    at C:\Users\Eli\Desktop\Claude 
Code\CPQ-System\src\components\ui\card.tsx:7:50
    at BOMGrid (C:\Users\Eli\Desktop\Claude Code\CPQ
-System\src\components\shared\BOMGrid.tsx:22:3)
Warning: A component is `contentEditable` and 
contains `children` managed by React. It is now 
your responsibility to guarantee that none of those 
nodes are unexpectedly modified or duplicated. This 
is probably not intentional.
    at div
    at div
    at div
    at div
    at spy (file:///C:/Users/Eli/Desktop/Claude%20Co
de/CPQ-System/node_modules/tinyspy/dist/index.js:42:
80)
    at div
    at div
    at div
    at C:\Users\Eli\Desktop\Claude 
Code\CPQ-System\src\components\ui\card.tsx:81:57
    at div
    at C:\Users\Eli\Desktop\Claude 
Code\CPQ-System\src\components\ui\card.tsx:7:50
    at BOMGrid (C:\Users\Eli\Desktop\Claude Code\CPQ
-System\src\components\shared\BOMGrid.tsx:22:3)
Warning: A component is `contentEditable` and 
contains `children` managed by React. It is now 
your responsibility to guarantee that none of those 
nodes are unexpectedly modified or duplicated. This 
is probably not intentional.
    at div
    at div
    at div
    at div
    at spy (file:///C:/Users/Eli/Desktop/Claude%20Co
de/CPQ-System/node_modules/tinyspy/dist/index.js:42:
80)
    at div
    at div
    at div
    at C:\Users\Eli\Desktop\Claude 
Code\CPQ-System\src\components\ui\card.tsx:81:57
    at div
    at C:\Users\Eli\Desktop\Claude 
Code\CPQ-System\src\components\ui\card.tsx:7:50
    at BOMGrid (C:\Users\Eli\Desktop\Claude Code\CPQ
-System\src\components\shared\BOMGrid.tsx:22:3)
Warning: A component is `contentEditable` and 
contains `children` managed by React. It is now 
your responsibility to guarantee that none of those 
nodes are unexpectedly modified or duplicated. This 
is probably not intentional.
    at div
    at div
    at div
    at div
    at spy (file:///C:/Users/Eli/Desktop/Claude%20Co
de/CPQ-System/node_modules/tinyspy/dist/index.js:42:
80)
    at div
    at div
    at div
    at C:\Users\Eli\Desktop\Claude 
Code\CPQ-System\src\components\ui\card.tsx:81:57
    at div
    at C:\Users\Eli\Desktop\Claude 
Code\CPQ-System\src\components\ui\card.tsx:7:50
    at BOMGrid (C:\Users\Eli\Desktop\Claude Code\CPQ
-System\src\components\shared\BOMGrid.tsx:22:3)
Warning: A component is `contentEditable` and 
contains `children` managed by React. It is now 
your responsibility to guarantee that none of those 
nodes are unexpectedly modified or duplicated. This 
is probably not intentional.
    at div
    at div
    at div
    at div
    at spy (file:///C:/Users/Eli/Desktop/Claude%20Co
de/CPQ-System/node_modules/tinyspy/dist/index.js:42:
80)
    at div
    at div
    at div
    at C:\Users\Eli\Desktop\Claude 
Code\CPQ-System\src\components\ui\card.tsx:81:57
    at div
    at C:\Users\Eli\Desktop\Claude 
Code\CPQ-System\src\components\ui\card.tsx:7:50
    at BOMGrid (C:\Users\Eli\Desktop\Claude Code\CPQ
-System\src\components\shared\BOMGrid.tsx:22:3)
Warning: A component is `contentEditable` and 
contains `children` managed by React. It is now 
your responsibility to guarantee that none of those 
nodes are unexpectedly modified or duplicated. This 
is probably not intentional.
    at div
    at div
    at div
    at div
    at spy (file:///C:/Users/Eli/Desktop/Claude%20Co
de/CPQ-System/node_modules/tinyspy/dist/index.js:42:
80)
    at div
    at div
    at div
    at C:\Users\Eli\Desktop\Claude 
Code\CPQ-System\src\components\ui\card.tsx:81:57
    at div
    at C:\Users\Eli\Desktop\Claude 
Code\CPQ-System\src\components\ui\card.tsx:7:50
    at BOMGrid (C:\Users\Eli\Desktop\Claude Code\CPQ
-System\src\components\shared\BOMGrid.tsx:22:3)
Warning: A component is `contentEditable` and 
contains `children` managed by React. It is now 
your responsibility to guarantee that none of those 
nodes are unexpectedly modified or duplicated. This 
is probably not intentional.
    at div
    at div
    at div
    at div
    at spy (file:///C:/Users/Eli/Desktop/Claude%20Co
de/CPQ-System/node_modules/tinyspy/dist/index.js:42:
80)
    at div
    at div
    at div
    at C:\Users\Eli\Desktop\Claude 
Code\CPQ-System\src\components\ui\card.tsx:81:57
    at div
    at C:\Users\Eli\Desktop\Claude 
Code\CPQ-System\src\components\ui\card.tsx:7:50
    at BOMGrid (C:\Users\Eli\Desktop\Claude Code\CPQ
-System\src\components\shared\BOMGrid.tsx:22:3)
Warning: A component is `contentEditable` and 
contains `children` managed by React. It is now 
your responsibility to guarantee that none of those 
nodes are unexpectedly modified or duplicated. This 
is probably not intentional.
    at div
    at div
    at div
    at div
    at spy (file:///C:/Users/Eli/Desktop/Claude%20Co
de/CPQ-System/node_modules/tinyspy/dist/index.js:42:
80)
    at div
    at div
    at div
    at C:\Users\Eli\Desktop\Claude 
Code\CPQ-System\src\components\ui\card.tsx:81:57
    at div
    at C:\Users\Eli\Desktop\Claude 
Code\CPQ-System\src\components\ui\card.tsx:7:50
    at BOMGrid (C:\Users\Eli\Desktop\Claude Code\CPQ
-System\src\components\shared\BOMGrid.tsx:22:3)
Warning: A component is `contentEditable` and 
contains `children` managed by React. It is now 
your responsibility to guarantee that none of those 
nodes are unexpectedly modified or duplicated. This 
is probably not intentional.
    at div
    at div
    at div
    at div
    at spy (file:///C:/Users/Eli/Desktop/Claude%20Co
de/CPQ-System/node_modules/tinyspy/dist/index.js:42:
80)
    at div
    at div
    at div
    at C:\Users\Eli\Desktop\Claude 
Code\CPQ-System\src\components\ui\card.tsx:81:57
    at div
    at C:\Users\Eli\Desktop\Claude 
Code\CPQ-System\src\components\ui\card.tsx:7:50
    at BOMGrid (C:\Users\Eli\Desktop\Claude Code\CPQ
-System\src\components\shared\BOMGrid.tsx:22:3)
Warning: A component is `contentEditable` and 
contains `children` managed by React. It is now 
your responsibility to guarantee that none of those 
nodes are unexpectedly modified or duplicated. This 
is probably not intentional.
    at div
    at div
    at div
    at div
    at spy (file:///C:/Users/Eli/Desktop/Claude%20Co
de/CPQ-System/node_modules/tinyspy/dist/index.js:42:
80)
    at div
    at div
    at div
    at C:\Users\Eli\Desktop\Claude 
Code\CPQ-System\src\components\ui\card.tsx:81:57
    at div
    at C:\Users\Eli\Desktop\Claude 
Code\CPQ-System\src\components\ui\card.tsx:7:50
    at BOMGrid (C:\Users\Eli\Desktop\Claude Code\CPQ
-System\src\components\shared\BOMGrid.tsx:22:3)
Warning: A component is `contentEditable` and 
contains `children` managed by React. It is now 
your responsibility to guarantee that none of those 
nodes are unexpectedly modified or duplicated. This 
is probably not intentional.
    at div
    at div
    at div
    at div
    at spy (file:///C:/Users/Eli/Desktop/Claude%20Co
de/CPQ-System/node_modules/tinyspy/dist/index.js:42:
80)
    at div
    at div
    at div
    at C:\Users\Eli\Desktop\Claude 
Code\CPQ-System\src\components\ui\card.tsx:81:57
    at div
    at C:\Users\Eli\Desktop\Claude 
Code\CPQ-System\src\components\ui\card.tsx:7:50
    at BOMGrid (C:\Users\Eli\Desktop\Claude Code\CPQ
-System\src\components\shared\BOMGrid.tsx:22:3)
Warning: A component is `contentEditable` and 
contains `children` managed by React. It is now 
your responsibility to guarantee that none of those 
nodes are unexpectedly modified or duplicated. This 
is probably not intentional.
    at div
    at div
    at div
    at div
    at spy (file:///C:/Users/Eli/Desktop/Claude%20Co
de/CPQ-System/node_modules/tinyspy/dist/index.js:42:
80)
    at div
    at div
    at div
    at C:\Users\Eli\Desktop\Claude 
Code\CPQ-System\src\components\ui\card.tsx:81:57
    at div
    at C:\Users\Eli\Desktop\Claude 
Code\CPQ-System\src\components\ui\card.tsx:7:50
    at BOMGrid (C:\Users\Eli\Desktop\Claude Code\CPQ
-System\src\components\shared\BOMGrid.tsx:22:3)
Warning: A component is `contentEditable` and 
contains `children` managed by React. It is now 
your responsibility to guarantee that none of those 
nodes are unexpectedly modified or duplicated. This 
is probably not intentional.
    at div
    at div
    at div
    at div
    at spy (file:///C:/Users/Eli/Desktop/Claude%20Co
de/CPQ-System/node_modules/tinyspy/dist/index.js:42:
80)
    at div
    at div
    at div
    at C:\Users\Eli\Desktop\Claude 
Code\CPQ-System\src\components\ui\card.tsx:81:57
    at div
    at C:\Users\Eli\Desktop\Claude 
Code\CPQ-System\src\components\ui\card.tsx:7:50
    at BOMGrid (C:\Users\Eli\Desktop\Claude Code\CPQ
-System\src\components\shared\BOMGrid.tsx:22:3)
Warning: A component is `contentEditable` and 
contains `children` managed by React. It is now 
your responsibility to guarantee that none of those 
nodes are unexpectedly modified or duplicated. This 
is probably not intentional.
    at div
    at div
    at div
    at div
    at spy (file:///C:/Users/Eli/Desktop/Claude%20Co
de/CPQ-System/node_modules/tinyspy/dist/index.js:42:
80)
    at div
    at div
    at div
    at C:\Users\Eli\Desktop\Claude 
Code\CPQ-System\src\components\ui\card.tsx:81:57
    at div
    at C:\Users\Eli\Desktop\Claude 
Code\CPQ-System\src\components\ui\card.tsx:7:50
    at BOMGrid (C:\Users\Eli\Desktop\Claude Code\CPQ
-System\src\components\shared\BOMGrid.tsx:22:3)
Warning: A component is `contentEditable` and 
contains `children` managed by React. It is now 
your responsibility to guarantee that none of those 
nodes are unexpectedly modified or duplicated. This 
is probably not intentional.
    at div
    at div
    at div
    at div
    at spy (file:///C:/Users/Eli/Desktop/Claude%20Co
de/CPQ-System/node_modules/tinyspy/dist/index.js:42:
80)
    at div
    at div
    at div
    at C:\Users\Eli\Desktop\Claude 
Code\CPQ-System\src\components\ui\card.tsx:81:57
    at div
    at C:\Users\Eli\Desktop\Claude 
Code\CPQ-System\src\components\ui\card.tsx:7:50
    at BOMGrid (C:\Users\Eli\Desktop\Claude Code\CPQ
-System\src\components\shared\BOMGrid.tsx:22:3)
Warning: A component is `contentEditable` and 
contains `children` managed by React. It is now 
your responsibility to guarantee that none of those 
nodes are unexpectedly modified or duplicated. This 
is probably not intentional.
    at div
    at div
    at div
    at div
    at spy (file:///C:/Users/Eli/Desktop/Claude%20Co
de/CPQ-System/node_modules/tinyspy/dist/index.js:42:
80)
    at div
    at div
    at div
    at C:\Users\Eli\Desktop\Claude 
Code\CPQ-System\src\components\ui\card.tsx:81:57
    at div
    at C:\Users\Eli\Desktop\Claude 
Code\CPQ-System\src\components\ui\card.tsx:7:50
    at BOMGrid (C:\Users\Eli\Desktop\Claude Code\CPQ
-System\src\components\shared\BOMGrid.tsx:22:3)
Warning: A component is `contentEditable` and 
contains `children` managed by React. It is now 
your responsibility to guarantee that none of those 
nodes are unexpectedly modified or duplicated. This 
is probably not intentional.
    at div
    at div
    at div
    at div
    at spy (file:///C:/Users/Eli/Desktop/Claude%20Co
de/CPQ-System/node_modules/tinyspy/dist/index.js:42:
80)
    at div
    at div
    at div
    at C:\Users\Eli\Desktop\Claude 
Code\CPQ-System\src\components\ui\card.tsx:81:57
    at div
    at C:\Users\Eli\Desktop\Claude 
Code\CPQ-System\src\components\ui\card.tsx:7:50
    at BOMGrid (C:\Users\Eli\Desktop\Claude Code\CPQ
-System\src\components\shared\BOMGrid.tsx:22:3)
Warning: A component is `contentEditable` and 
contains `children` managed by React. It is now 
your responsibility to guarantee that none of those 
nodes are unexpectedly modified or duplicated. This 
is probably not intentional.
    at div
    at div
    at div
    at div
    at spy (file:///C:/Users/Eli/Desktop/Claude%20Co
de/CPQ-System/node_modules/tinyspy/dist/index.js:42:
80)
    at div
    at div
    at div
    at C:\Users\Eli\Desktop\Claude 
Code\CPQ-System\src\components\ui\card.tsx:81:57
    at div
    at C:\Users\Eli\Desktop\Claude 
Code\CPQ-System\src\components\ui\card.tsx:7:50
    at BOMGrid (C:\Users\Eli\Desktop\Claude Code\CPQ
-System\src\components\shared\BOMGrid.tsx:22:3)
Warning: A component is `contentEditable` and 
contains `children` managed by React. It is now 
your responsibility to guarantee that none of those 
nodes are unexpectedly modified or duplicated. This 
is probably not intentional.
    at div
    at div
    at div
    at div
    at spy (file:///C:/Users/Eli/Desktop/Claude%20Co
de/CPQ-System/node_modules/tinyspy/dist/index.js:42:
80)
    at div
    at div
    at div
    at C:\Users\Eli\Desktop\Claude 
Code\CPQ-System\src\components\ui\card.tsx:81:57
    at div
    at C:\Users\Eli\Desktop\Claude 
Code\CPQ-System\src\components\ui\card.tsx:7:50
    at BOMGrid (C:\Users\Eli\Desktop\Claude Code\CPQ
-System\src\components\shared\BOMGrid.tsx:22:3)
Warning: A component is `contentEditable` and 
contains `children` managed by React. It is now 
your responsibility to guarantee that none of those 
nodes are unexpectedly modified or duplicated. This 
is probably not intentional.
    at div
    at div
    at div
    at div
    at spy (file:///C:/Users/Eli/Desktop/Claude%20Co
de/CPQ-System/node_modules/tinyspy/dist/index.js:42:
80)
    at div
    at div
    at div
    at C:\Users\Eli\Desktop\Claude 
Code\CPQ-System\src\components\ui\card.tsx:81:57
    at div
    at C:\Users\Eli\Desktop\Claude 
Code\CPQ-System\src\components\ui\card.tsx:7:50
    at BOMGrid (C:\Users\Eli\Desktop\Claude Code\CPQ
-System\src\components\shared\BOMGrid.tsx:22:3)
Warning: A component is `contentEditable` and 
contains `children` managed by React. It is now 
your responsibility to guarantee that none of those 
nodes are unexpectedly modified or duplicated. This 
is probably not intentional.
    at div
    at div
    at div
    at div
    at spy (file:///C:/Users/Eli/Desktop/Claude%20Co
de/CPQ-System/node_modules/tinyspy/dist/index.js:42:
80)
    at div
    at div
    at div
    at C:\Users\Eli\Desktop\Claude 
Code\CPQ-System\src\components\ui\card.tsx:81:57
    at div
    at C:\Users\Eli\Desktop\Claude 
Code\CPQ-System\src\components\ui\card.tsx:7:50
    at BOMGrid (C:\Users\Eli\Desktop\Claude Code\CPQ
-System\src\components\shared\BOMGrid.tsx:22:3)
Warning: A component is `contentEditable` and 
contains `children` managed by React. It is now 
your responsibility to guarantee that none of those 
nodes are unexpectedly modified or duplicated. This 
is probably not intentional.
    at div
    at div
    at div
    at div
    at spy (file:///C:/Users/Eli/Desktop/Claude%20Co
de/CPQ-System/node_modules/tinyspy/dist/index.js:42:
80)
    at div
    at div
    at div
    at C:\Users\Eli\Desktop\Claude 
Code\CPQ-System\src\components\ui\card.tsx:81:57
    at div
    at C:\Users\Eli\Desktop\Claude 
Code\CPQ-System\src\components\ui\card.tsx:7:50
    at BOMGrid (C:\Users\Eli\Desktop\Claude Code\CPQ
-System\src\components\shared\BOMGrid.tsx:22:3)
Warning: A component is `contentEditable` and 
contains `children` managed by React. It is now 
your responsibility to guarantee that none of those 
nodes are unexpectedly modified or duplicated. This 
is probably not intentional.
    at div
    at div
    at div
    at div
    at spy (file:///C:/Users/Eli/Desktop/Claude%20Co
de/CPQ-System/node_modules/tinyspy/dist/index.js:42:
80)
    at div
    at div
    at div
    at C:\Users\Eli\Desktop\Claude 
Code\CPQ-System\src\components\ui\card.tsx:81:57
    at div
    at C:\Users\Eli\Desktop\Claude 
Code\CPQ-System\src\components\ui\card.tsx:7:50
    at BOMGrid (C:\Users\Eli\Desktop\Claude Code\CPQ
-System\src\components\shared\BOMGrid.tsx:22:3)
Warning: A component is `contentEditable` and 
contains `children` managed by React. It is now 
your responsibility to guarantee that none of those 
nodes are unexpectedly modified or duplicated. This 
is probably not intentional.
    at div
    at div
    at div
    at div
    at spy (file:///C:/Users/Eli/Desktop/Claude%20Co
de/CPQ-System/node_modules/tinyspy/dist/index.js:42:
80)
    at div
    at div
    at div
    at C:\Users\Eli\Desktop\Claude 
Code\CPQ-System\src\components\ui\card.tsx:81:57
    at div
    at C:\Users\Eli\Desktop\Claude 
Code\CPQ-System\src\components\ui\card.tsx:7:50
    at BOMGrid (C:\Users\Eli\Desktop\Claude Code\CPQ
-System\src\components\shared\BOMGrid.tsx:22:3)
Warning: A component is `contentEditable` and 
contains `children` managed by React. It is now 
your responsibility to guarantee that none of those 
nodes are unexpectedly modified or duplicated. This 
is probably not intentional.
    at div
    at div
    at div
    at div
    at spy (file:///C:/Users/Eli/Desktop/Claude%20Co
de/CPQ-System/node_modules/tinyspy/dist/index.js:42:
80)
    at div
    at div
    at div
    at C:\Users\Eli\Desktop\Claude 
Code\CPQ-System\src\components\ui\card.tsx:81:57
    at div
    at C:\Users\Eli\Desktop\Claude 
Code\CPQ-System\src\components\ui\card.tsx:7:50
    at BOMGrid (C:\Users\Eli\Desktop\Claude Code\CPQ
-System\src\components\shared\BOMGrid.tsx:22:3)
Warning: A component is `contentEditable` and 
contains `children` managed by React. It is now 
your responsibility to guarantee that none of those 
nodes are unexpectedly modified or duplicated. This 
is probably not intentional.
    at div
    at div
    at div
    at div
    at spy (file:///C:/Users/Eli/Desktop/Claude%20Co
de/CPQ-System/node_modules/tinyspy/dist/index.js:42:
80)
    at div
    at div
    at div
    at C:\Users\Eli\Desktop\Claude 
Code\CPQ-System\src\components\ui\card.tsx:81:57
    at div
    at C:\Users\Eli\Desktop\Claude 
Code\CPQ-System\src\components\ui\card.tsx:7:50
    at BOMGrid (C:\Users\Eli\Desktop\Claude Code\CPQ
-System\src\components\shared\BOMGrid.tsx:22:3)
Warning: A component is `contentEditable` and 
contains `children` managed by React. It is now 
your responsibility to guarantee that none of those 
nodes are unexpectedly modified or duplicated. This 
is probably not intentional.
    at div
    at div
    at div
    at div
    at spy (file:///C:/Users/Eli/Desktop/Claude%20Co
de/CPQ-System/node_modules/tinyspy/dist/index.js:42:
80)
    at div
    at div
    at div
    at C:\Users\Eli\Desktop\Claude 
Code\CPQ-System\src\components\ui\card.tsx:81:57
    at div
    at C:\Users\Eli\Desktop\Claude 
Code\CPQ-System\src\components\ui\card.tsx:7:50
    at BOMGrid (C:\Users\Eli\Desktop\Claude Code\CPQ
-System\src\components\shared\BOMGrid.tsx:22:3)
Warning: A component is `contentEditable` and 
contains `children` managed by React. It is now 
your responsibility to guarantee that none of those 
nodes are unexpectedly modified or duplicated. This 
is probably not intentional.
    at div
    at div
    at div
    at div
    at spy (file:///C:/Users/Eli/Desktop/Claude%20Co
de/CPQ-System/node_modules/tinyspy/dist/index.js:42:
80)
    at div
    at div
    at div
    at C:\Users\Eli\Desktop\Claude 
Code\CPQ-System\src\components\ui\card.tsx:81:57
    at div
    at C:\Users\Eli\Desktop\Claude 
Code\CPQ-System\src\components\ui\card.tsx:7:50
    at BOMGrid (C:\Users\Eli\Desktop\Claude Code\CPQ
-System\src\components\shared\BOMGrid.tsx:22:3)
Warning: A component is `contentEditable` and 
contains `children` managed by React. It is now 
your responsibility to guarantee that none of those 
nodes are unexpectedly modified or duplicated. This 
is probably not intentional.
    at div
    at div
    at div
    at div
    at spy (file:///C:/Users/Eli/Desktop/Claude%20Co
de/CPQ-System/node_modules/tinyspy/dist/index.js:42:
80)
    at div
    at div
    at div
    at C:\Users\Eli\Desktop\Claude 
Code\CPQ-System\src\components\ui\card.tsx:81:57
    at div
    at C:\Users\Eli\Desktop\Claude 
Code\CPQ-System\src\components\ui\card.tsx:7:50
    at BOMGrid (C:\Users\Eli\Desktop\Claude Code\CPQ
-System\src\components\shared\BOMGrid.tsx:22:3)
Warning: A component is `contentEditable` and 
contains `children` managed by React. It is now 
your responsibility to guarantee that none of those 
nodes are unexpectedly modified or duplicated. This 
is probably not intentional.
    at div
    at div
    at div
    at div
    at spy (file:///C:/Users/Eli/Desktop/Claude%20Co
de/CPQ-System/node_modules/tinyspy/dist/index.js:42:
80)
    at div
    at div
    at div
    at C:\Users\Eli\Desktop\Claude 
Code\CPQ-System\src\components\ui\card.tsx:81:57
    at div
    at C:\Users\Eli\Desktop\Claude 
Code\CPQ-System\src\components\ui\card.tsx:7:50
    at BOMGrid (C:\Users\Eli\Desktop\Claude Code\CPQ
-System\src\components\shared\BOMGrid.tsx:22:3)
Warning: A component is `contentEditable` and 
contains `children` managed by React. It is now 
your responsibility to guarantee that none of those 
nodes are unexpectedly modified or duplicated. This 
is probably not intentional.
    at div
    at div
    at div
    at div
    at spy (file:///C:/Users/Eli/Desktop/Claude%20Co
de/CPQ-System/node_modules/tinyspy/dist/index.js:42:
80)
    at div
    at div
    at div
    at C:\Users\Eli\Desktop\Claude 
Code\CPQ-System\src\components\ui\card.tsx:81:57
    at div
    at C:\Users\Eli\Desktop\Claude 
Code\CPQ-System\src\components\ui\card.tsx:7:50
    at BOMGrid (C:\Users\Eli\Desktop\Claude Code\CPQ
-System\src\components\shared\BOMGrid.tsx:22:3)
Warning: A component is `contentEditable` and 
contains `children` managed by React. It is now 
your responsibility to guarantee that none of those 
nodes are unexpectedly modified or duplicated. This 
is probably not intentional.
    at div
    at div
    at div
    at div
    at spy (file:///C:/Users/Eli/Desktop/Claude%20Co
de/CPQ-System/node_modules/tinyspy/dist/index.js:42:
80)
    at div
    at div
    at div
    at C:\Users\Eli\Desktop\Claude 
Code\CPQ-System\src\components\ui\card.tsx:81:57
    at div
    at C:\Users\Eli\Desktop\Claude 
Code\CPQ-System\src\components\ui\card.tsx:7:50
    at BOMGrid (C:\Users\Eli\Desktop\Claude Code\CPQ
-System\src\components\shared\BOMGrid.tsx:22:3)
Warning: A component is `contentEditable` and 
contains `children` managed by React. It is now 
your responsibility to guarantee that none of those 
nodes are unexpectedly modified or duplicated. This 
is probably not intentional.
    at div
    at div
    at div
    at div
    at spy (file:///C:/Users/Eli/Desktop/Claude%20Co
de/CPQ-System/node_modules/tinyspy/dist/index.js:42:
80)
    at div
    at div
    at div
    at C:\Users\Eli\Desktop\Claude 
Code\CPQ-System\src\components\ui\card.tsx:81:57
    at div
    at C:\Users\Eli\Desktop\Claude 
Code\CPQ-System\src\components\ui\card.tsx:7:50
    at BOMGrid (C:\Users\Eli\Desktop\Claude Code\CPQ
-System\src\components\shared\BOMGrid.tsx:22:3)
Warning: A component is `contentEditable` and 
contains `children` managed by React. It is now 
your responsibility to guarantee that none of those 
nodes are unexpectedly modified or duplicated. This 
is probably not intentional.
    at div
    at div
    at div
    at div
    at spy (file:///C:/Users/Eli/Desktop/Claude%20Co
de/CPQ-System/node_modules/tinyspy/dist/index.js:42:
80)
    at div
    at div
    at div
    at C:\Users\Eli\Desktop\Claude 
Code\CPQ-System\src\components\ui\card.tsx:81:57
    at div
    at C:\Users\Eli\Desktop\Claude 
Code\CPQ-System\src\components\ui\card.tsx:7:50
    at BOMGrid (C:\Users\Eli\Desktop\Claude Code\CPQ
-System\src\components\shared\BOMGrid.tsx:22:3)
Warning: A component is `contentEditable` and 
contains `children` managed by React. It is now 
your responsibility to guarantee that none of those 
nodes are unexpectedly modified or duplicated. This 
is probably not intentional.
    at div
    at div
    at div
    at div
    at spy (file:///C:/Users/Eli/Desktop/Claude%20Co
de/CPQ-System/node_modules/tinyspy/dist/index.js:42:
80)
    at div
    at div
    at div
    at C:\Users\Eli\Desktop\Claude 
Code\CPQ-System\src\components\ui\card.tsx:81:57
    at div
    at C:\Users\Eli\Desktop\Claude 
Code\CPQ-System\src\components\ui\card.tsx:7:50
    at BOMGrid (C:\Users\Eli\Desktop\Claude Code\CPQ
-System\src\components\shared\BOMGrid.tsx:22:3)
Warning: A component is `contentEditable` and 
contains `children` managed by React. It is now 
your responsibility to guarantee that none of those 
nodes are unexpectedly modified or duplicated. This 
is probably not intentional.
    at div
    at div
    at div
    at div
    at spy (file:///C:/Users/Eli/Desktop/Claude%20Co
de/CPQ-System/node_modules/tinyspy/dist/index.js:42:
80)
    at div
    at div
    at div
    at C:\Users\Eli\Desktop\Claude 
Code\CPQ-System\src\components\ui\card.tsx:81:57
    at div
    at C:\Users\Eli\Desktop\Claude 
Code\CPQ-System\src\components\ui\card.tsx:7:50
    at BOMGrid (C:\Users\Eli\Desktop\Claude Code\CPQ
-System\src\components\shared\BOMGrid.tsx:22:3)
Warning: A component is `contentEditable` and 
contains `children` managed by React. It is now 
your responsibility to guarantee that none of those 
nodes are unexpectedly modified or duplicated. This 
is probably not intentional.
    at div
    at div
    at div
    at div
    at spy (file:///C:/Users/Eli/Desktop/Claude%20Co
de/CPQ-System/node_modules/tinyspy/dist/index.js:42:
80)
    at div
    at div
    at div
    at C:\Users\Eli\Desktop\Claude 
Code\CPQ-System\src\components\ui\card.tsx:81:57
    at div
    at C:\Users\Eli\Desktop\Claude 
Code\CPQ-System\src\components\ui\card.tsx:7:50
    at BOMGrid (C:\Users\Eli\Desktop\Claude Code\CPQ
-System\src\components\shared\BOMGrid.tsx:22:3)
Warning: A component is `contentEditable` and 
contains `children` managed by React. It is now 
your responsibility to guarantee that none of those 
nodes are unexpectedly modified or duplicated. This 
is probably not intentional.
    at div
    at div
    at div
    at div
    at spy (file:///C:/Users/Eli/Desktop/Claude%20Co
de/CPQ-System/node_modules/tinyspy/dist/index.js:42:
80)
    at div
    at div
    at div
    at C:\Users\Eli\Desktop\Claude 
Code\CPQ-System\src\components\ui\card.tsx:81:57
    at div
    at C:\Users\Eli\Desktop\Claude 
Code\CPQ-System\src\components\ui\card.tsx:7:50
    at BOMGrid (C:\Users\Eli\Desktop\Claude Code\CPQ
-System\src\components\shared\BOMGrid.tsx:22:3)
Warning: A component is `contentEditable` and 
contains `children` managed by React. It is now 
your responsibility to guarantee that none of those 
nodes are unexpectedly modified or duplicated. This 
is probably not intentional.
    at div
    at div
    at div
    at div
    at spy (file:///C:/Users/Eli/Desktop/Claude%20Co
de/CPQ-System/node_modules/tinyspy/dist/index.js:42:
80)
    at div
    at div
    at div
    at C:\Users\Eli\Desktop\Claude 
Code\CPQ-System\src\components\ui\card.tsx:81:57
    at div
    at C:\Users\Eli\Desktop\Claude 
Code\CPQ-System\src\components\ui\card.tsx:7:50
    at BOMGrid (C:\Users\Eli\Desktop\Claude Code\CPQ
-System\src\components\shared\BOMGrid.tsx:22:3)
Warning: A component is `contentEditable` and 
contains `children` managed by React. It is now 
your responsibility to guarantee that none of those 
nodes are unexpectedly modified or duplicated. This 
is probably not intentional.
    at div
    at div
    at div
    at div
    at spy (file:///C:/Users/Eli/Desktop/Claude%20Co
de/CPQ-System/node_modules/tinyspy/dist/index.js:42:
80)
    at div
    at div
    at div
    at C:\Users\Eli\Desktop\Claude 
Code\CPQ-System\src\components\ui\card.tsx:81:57
    at div
    at C:\Users\Eli\Desktop\Claude 
Code\CPQ-System\src\components\ui\card.tsx:7:50
    at BOMGrid (C:\Users\Eli\Desktop\Claude Code\CPQ
-System\src\components\shared\BOMGrid.tsx:22:3)
Warning: A component is `contentEditable` and 
contains `children` managed by React. It is now 
your responsibility to guarantee that none of those 
nodes are unexpectedly modified or duplicated. This 
is probably not intentional.
    at div
    at div
    at div
    at div
    at spy (file:///C:/Users/Eli/Desktop/Claude%20Co
de/CPQ-System/node_modules/tinyspy/dist/index.js:42:
80)
    at div
    at div
    at div
    at C:\Users\Eli\Desktop\Claude 
Code\CPQ-System\src\components\ui\card.tsx:81:57
    at div
    at C:\Users\Eli\Desktop\Claude 
Code\CPQ-System\src\components\ui\card.tsx:7:50
    at BOMGrid (C:\Users\Eli\Desktop\Claude Code\CPQ
-System\src\components\shared\BOMGrid.tsx:22:3)
Warning: A component is `contentEditable` and 
contains `children` managed by React. It is now 
your responsibility to guarantee that none of those 
nodes are unexpectedly modified or duplicated. This 
is probably not intentional.
    at div
    at div
    at div
    at div
    at spy (file:///C:/Users/Eli/Desktop/Claude%20Co
de/CPQ-System/node_modules/tinyspy/dist/index.js:42:
80)
    at div
    at div
    at div
    at C:\Users\Eli\Desktop\Claude 
Code\CPQ-System\src\components\ui\card.tsx:81:57
    at div
    at C:\Users\Eli\Desktop\Claude 
Code\CPQ-System\src\components\ui\card.tsx:7:50
    at BOMGrid (C:\Users\Eli\Desktop\Claude Code\CPQ
-System\src\components\shared\BOMGrid.tsx:22:3)
Warning: A component is `contentEditable` and 
contains `children` managed by React. It is now 
your responsibility to guarantee that none of those 
nodes are unexpectedly modified or duplicated. This 
is probably not intentional.
    at div
    at div
    at div
    at div
    at spy (file:///C:/Users/Eli/Desktop/Claude%20Co
de/CPQ-System/node_modules/tinyspy/dist/index.js:42:
80)
    at div
    at div
    at div
    at C:\Users\Eli\Desktop\Claude 
Code\CPQ-System\src\components\ui\card.tsx:81:57
    at div
    at C:\Users\Eli\Desktop\Claude 
Code\CPQ-System\src\components\ui\card.tsx:7:50
    at BOMGrid (C:\Users\Eli\Desktop\Claude Code\CPQ
-System\src\components\shared\BOMGrid.tsx:22:3)
Warning: A component is `contentEditable` and 
contains `children` managed by React. It is now 
your responsibility to guarantee that none of those 
nodes are unexpectedly modified or duplicated. This 
is probably not intentional.
    at div
    at div
    at div
    at div
    at spy (file:///C:/Users/Eli/Desktop/Claude%20Co
de/CPQ-System/node_modules/tinyspy/dist/index.js:42:
80)
    at div
    at div
    at div
    at C:\Users\Eli\Desktop\Claude 
Code\CPQ-System\src\components\ui\card.tsx:81:57
    at div
    at C:\Users\Eli\Desktop\Claude 
Code\CPQ-System\src\components\ui\card.tsx:7:50
    at BOMGrid (C:\Users\Eli\Desktop\Claude Code\CPQ
-System\src\components\shared\BOMGrid.tsx:22:3)
Warning: A component is `contentEditable` and 
contains `children` managed by React. It is now 
your responsibility to guarantee that none of those 
nodes are unexpectedly modified or duplicated. This 
is probably not intentional.
    at div
    at div
    at div
    at div
    at spy (file:///C:/Users/Eli/Desktop/Claude%20Co
de/CPQ-System/node_modules/tinyspy/dist/index.js:42:
80)
    at div
    at div
    at div
    at C:\Users\Eli\Desktop\Claude 
Code\CPQ-System\src\components\ui\card.tsx:81:57
    at div
    at C:\Users\Eli\Desktop\Claude 
Code\CPQ-System\src\components\ui\card.tsx:7:50
    at BOMGrid (C:\Users\Eli\Desktop\Claude Code\CPQ
-System\src\components\shared\BOMGrid.tsx:22:3)
Warning: A component is `contentEditable` and 
contains `children` managed by React. It is now 
your responsibility to guarantee that none of those 
nodes are unexpectedly modified or duplicated. This 
is probably not intentional.
    at div
    at div
    at div
    at div
    at spy (file:///C:/Users/Eli/Desktop/Claude%20Co
de/CPQ-System/node_modules/tinyspy/dist/index.js:42:
80)
    at div
    at div
    at div
    at C:\Users\Eli\Desktop\Claude 
Code\CPQ-System\src\components\ui\card.tsx:81:57
    at div
    at C:\Users\Eli\Desktop\Claude 
Code\CPQ-System\src\components\ui\card.tsx:7:50
    at BOMGrid (C:\Users\Eli\Desktop\Claude Code\CPQ
-System\src\components\shared\BOMGrid.tsx:22:3)
Warning: A component is `contentEditable` and 
contains `children` managed by React. It is now 
your responsibility to guarantee that none of those 
nodes are unexpectedly modified or duplicated. This 
is probably not intentional.
    at div
    at div
    at div
    at div
    at spy (file:///C:/Users/Eli/Desktop/Claude%20Co
de/CPQ-System/node_modules/tinyspy/dist/index.js:42:
80)
    at div
    at div
    at div
    at C:\Users\Eli\Desktop\Claude 
Code\CPQ-System\src\components\ui\card.tsx:81:57
    at div
    at C:\Users\Eli\Desktop\Claude 
Code\CPQ-System\src\components\ui\card.tsx:7:50
    at BOMGrid (C:\Users\Eli\Desktop\Claude Code\CPQ
-System\src\components\shared\BOMGrid.tsx:22:3)
Warning: A component is `contentEditable` and 
contains `children` managed by React. It is now 
your responsibility to guarantee that none of those 
nodes are unexpectedly modified or duplicated. This 
is probably not intentional.
    at div
    at div
    at div
    at div
    at spy (file:///C:/Users/Eli/Desktop/Claude%20Co
de/CPQ-System/node_modules/tinyspy/dist/index.js:42:
80)
    at div
    at div
    at div
    at C:\Users\Eli\Desktop\Claude 
Code\CPQ-System\src\components\ui\card.tsx:81:57
    at div
    at C:\Users\Eli\Desktop\Claude 
Code\CPQ-System\src\components\ui\card.tsx:7:50
    at BOMGrid (C:\Users\Eli\Desktop\Claude Code\CPQ
-System\src\components\shared\BOMGrid.tsx:22:3)
Warning: A component is `contentEditable` and 
contains `children` managed by React. It is now 
your responsibility to guarantee that none of those 
nodes are unexpectedly modified or duplicated. This 
is probably not intentional.
    at div
    at div
    at div
    at div
    at spy (file:///C:/Users/Eli/Desktop/Claude%20Co
de/CPQ-System/node_modules/tinyspy/dist/index.js:42:
80)
    at div
    at div
    at div
    at C:\Users\Eli\Desktop\Claude 
Code\CPQ-System\src\components\ui\card.tsx:81:57
    at div
    at C:\Users\Eli\Desktop\Claude 
Code\CPQ-System\src\components\ui\card.tsx:7:50
    at BOMGrid (C:\Users\Eli\Desktop\Claude Code\CPQ
-System\src\components\shared\BOMGrid.tsx:22:3)
Warning: A component is `contentEditable` and 
contains `children` managed by React. It is now 
your responsibility to guarantee that none of those 
nodes are unexpectedly modified or duplicated. This 
is probably not intentional.
    at div
    at div
    at div
    at div
    at spy (file:///C:/Users/Eli/Desktop/Claude%20Co
de/CPQ-System/node_modules/tinyspy/dist/index.js:42:
80)
    at div
    at div
    at div
    at C:\Users\Eli\Desktop\Claude 
Code\CPQ-System\src\components\ui\card.tsx:81:57
    at div
    at C:\Users\Eli\Desktop\Claude 
Code\CPQ-System\src\components\ui\card.tsx:7:50
    at BOMGrid (C:\Users\Eli\Desktop\Claude Code\CPQ
-System\src\components\shared\BOMGrid.tsx:22:3)
Warning: A component is `contentEditable` and 
contains `children` managed by React. It is now 
your responsibility to guarantee that none of those 
nodes are unexpectedly modified or duplicated. This 
is probably not intentional.
    at div
    at div
    at div
    at div
    at spy (file:///C:/Users/Eli/Desktop/Claude%20Co
de/CPQ-System/node_modules/tinyspy/dist/index.js:42:
80)
    at div
    at div
    at div
    at C:\Users\Eli\Desktop\Claude 
Code\CPQ-System\src\components\ui\card.tsx:81:57
    at div
    at C:\Users\Eli\Desktop\Claude 
Code\CPQ-System\src\components\ui\card.tsx:7:50
    at BOMGrid (C:\Users\Eli\Desktop\Claude Code\CPQ
-System\src\components\shared\BOMGrid.tsx:22:3)
Warning: A component is `contentEditable` and 
contains `children` managed by React. It is now 
your responsibility to guarantee that none of those 
nodes are unexpectedly modified or duplicated. This 
is probably not intentional.
    at div
    at div
    at div
    at div
    at spy (file:///C:/Users/Eli/Desktop/Claude%20Co
de/CPQ-System/node_modules/tinyspy/dist/index.js:42:
80)
    at div
    at div
    at div
    at C:\Users\Eli\Desktop\Claude 
Code\CPQ-System\src\components\ui\card.tsx:81:57
    at div
    at C:\Users\Eli\Desktop\Claude 
Code\CPQ-System\src\components\ui\card.tsx:7:50
    at BOMGrid (C:\Users\Eli\Desktop\Claude Code\CPQ
-System\src\components\shared\BOMGrid.tsx:22:3)
Warning: A component is `contentEditable` and 
contains `children` managed by React. It is now 
your responsibility to guarantee that none of those 
nodes are unexpectedly modified or duplicated. This 
is probably not intentional.
    at div
    at div
    at div
    at div
    at spy (file:///C:/Users/Eli/Desktop/Claude%20Co
de/CPQ-System/node_modules/tinyspy/dist/index.js:42:
80)
    at div
    at div
    at div
    at C:\Users\Eli\Desktop\Claude 
Code\CPQ-System\src\components\ui\card.tsx:81:57
    at div
    at C:\Users\Eli\Desktop\Claude 
Code\CPQ-System\src\components\ui\card.tsx:7:50
    at BOMGrid (C:\Users\Eli\Desktop\Claude Code\CPQ
-System\src\components\shared\BOMGrid.tsx:22:3)
Warning: A component is `contentEditable` and 
contains `children` managed by React. It is now 
your responsibility to guarantee that none of those 
nodes are unexpectedly modified or duplicated. This 
is probably not intentional.
    at div
    at div
    at div
    at div
    at spy (file:///C:/Users/Eli/Desktop/Claude%20Co
de/CPQ-System/node_modules/tinyspy/dist/index.js:42:
80)
    at div
    at div
    at div
    at C:\Users\Eli\Desktop\Claude 
Code\CPQ-System\src\components\ui\card.tsx:81:57
    at div
    at C:\Users\Eli\Desktop\Claude 
Code\CPQ-System\src\components\ui\card.tsx:7:50
    at BOMGrid (C:\Users\Eli\Desktop\Claude Code\CPQ
-System\src\components\shared\BOMGrid.tsx:22:3)
Warning: A component is `contentEditable` and 
contains `children` managed by React. It is now 
your responsibility to guarantee that none of those 
nodes are unexpectedly modified or duplicated. This 
is probably not intentional.
    at div
    at div
    at div
    at div
    at spy (file:///C:/Users/Eli/Desktop/Claude%20Co
de/CPQ-System/node_modules/tinyspy/dist/index.js:42:
80)
    at div
    at div
    at div
    at C:\Users\Eli\Desktop\Claude 
Code\CPQ-System\src\components\ui\card.tsx:81:57
    at div
    at C:\Users\Eli\Desktop\Claude 
Code\CPQ-System\src\components\ui\card.tsx:7:50
    at BOMGrid (C:\Users\Eli\Desktop\Claude Code\CPQ
-System\src\components\shared\BOMGrid.tsx:22:3)
Warning: A component is `contentEditable` and 
contains `children` managed by React. It is now 
your responsibility to guarantee that none of those 
nodes are unexpectedly modified or duplicated. This 
is probably not intentional.
    at div
    at div
    at div
    at div
    at spy (file:///C:/Users/Eli/Desktop/Claude%20Co
de/CPQ-System/node_modules/tinyspy/dist/index.js:42:
80)
    at div
    at div
    at div
    at C:\Users\Eli\Desktop\Claude 
Code\CPQ-System\src\components\ui\card.tsx:81:57
    at div
    at C:\Users\Eli\Desktop\Claude 
Code\CPQ-System\src\components\ui\card.tsx:7:50
    at BOMGrid (C:\Users\Eli\Desktop\Claude Code\CPQ
-System\src\components\shared\BOMGrid.tsx:22:3)
Warning: A component is `contentEditable` and 
contains `children` managed by React. It is now 
your responsibility to guarantee that none of those 
nodes are unexpectedly modified or duplicated. This 
is probably not intentional.
    at div
    at div
    at div
    at div
    at spy (file:///C:/Users/Eli/Desktop/Claude%20Co
de/CPQ-System/node_modules/tinyspy/dist/index.js:42:
80)
    at div
    at div
    at div
    at C:\Users\Eli\Desktop\Claude 
Code\CPQ-System\src\components\ui\card.tsx:81:57
    at div
    at C:\Users\Eli\Desktop\Claude 
Code\CPQ-System\src\components\ui\card.tsx:7:50
    at BOMGrid (C:\Users\Eli\Desktop\Claude Code\CPQ
-System\src\components\shared\BOMGrid.tsx:22:3)
Warning: A component is `contentEditable` and 
contains `children` managed by React. It is now 
your responsibility to guarantee that none of those 
nodes are unexpectedly modified or duplicated. This 
is probably not intentional.
    at div
    at div
    at div
    at div
    at spy (file:///C:/Users/Eli/Desktop/Claude%20Co
de/CPQ-System/node_modules/tinyspy/dist/index.js:42:
80)
    at div
    at div
    at div
    at C:\Users\Eli\Desktop\Claude 
Code\CPQ-System\src\components\ui\card.tsx:81:57
    at div
    at C:\Users\Eli\Desktop\Claude 
Code\CPQ-System\src\components\ui\card.tsx:7:50
    at BOMGrid (C:\Users\Eli\Desktop\Claude Code\CPQ
-System\src\components\shared\BOMGrid.tsx:22:3)
Warning: A component is `contentEditable` and 
contains `children` managed by React. It is now 
your responsibility to guarantee that none of those 
nodes are unexpectedly modified or duplicated. This 
is probably not intentional.
    at div
    at div
    at div
    at div
    at spy (file:///C:/Users/Eli/Desktop/Claude%20Co
de/CPQ-System/node_modules/tinyspy/dist/index.js:42:
80)
    at div
    at div
    at div
    at C:\Users\Eli\Desktop\Claude 
Code\CPQ-System\src\components\ui\card.tsx:81:57
    at div
    at C:\Users\Eli\Desktop\Claude 
Code\CPQ-System\src\components\ui\card.tsx:7:50
    at BOMGrid (C:\Users\Eli\Desktop\Claude Code\CPQ
-System\src\components\shared\BOMGrid.tsx:22:3)
Warning: A component is `contentEditable` and 
contains `children` managed by React. It is now 
your responsibility to guarantee that none of those 
nodes are unexpectedly modified or duplicated. This 
is probably not intentional.
    at div
    at div
    at div
    at div
    at spy (file:///C:/Users/Eli/Desktop/Claude%20Co
de/CPQ-System/node_modules/tinyspy/dist/index.js:42:
80)
    at div
    at div
    at div
    at C:\Users\Eli\Desktop\Claude 
Code\CPQ-System\src\components\ui\card.tsx:81:57
    at div
    at C:\Users\Eli\Desktop\Claude 
Code\CPQ-System\src\components\ui\card.tsx:7:50
    at BOMGrid (C:\Users\Eli\Desktop\Claude Code\CPQ
-System\src\components\shared\BOMGrid.tsx:22:3)
Warning: A component is `contentEditable` and 
contains `children` managed by React. It is now 
your responsibility to guarantee that none of those 
nodes are unexpectedly modified or duplicated. This 
is probably not intentional.
    at div
    at div
    at div
    at div
    at spy (file:///C:/Users/Eli/Desktop/Claude%20Co
de/CPQ-System/node_modules/tinyspy/dist/index.js:42:
80)
    at div
    at div
    at div
    at C:\Users\Eli\Desktop\Claude 
Code\CPQ-System\src\components\ui\card.tsx:81:57
    at div
    at C:\Users\Eli\Desktop\Claude 
Code\CPQ-System\src\components\ui\card.tsx:7:50
    at BOMGrid (C:\Users\Eli\Desktop\Claude Code\CPQ
-System\src\components\shared\BOMGrid.tsx:22:3)
Warning: A component is `contentEditable` and 
contains `children` managed by React. It is now 
your responsibility to guarantee that none of those 
nodes are unexpectedly modified or duplicated. This 
is probably not intentional.
    at div
    at div
    at div
    at div
    at spy (file:///C:/Users/Eli/Desktop/Claude%20Co
de/CPQ-System/node_modules/tinyspy/dist/index.js:42:
80)
    at div
    at div
    at div
    at C:\Users\Eli\Desktop\Claude 
Code\CPQ-System\src\components\ui\card.tsx:81:57
    at div
    at C:\Users\Eli\Desktop\Claude 
Code\CPQ-System\src\components\ui\card.tsx:7:50
    at BOMGrid (C:\Users\Eli\Desktop\Claude Code\CPQ
-System\src\components\shared\BOMGrid.tsx:22:3)
Warning: A component is `contentEditable` and 
contains `children` managed by React. It is now 
your responsibility to guarantee that none of those 
nodes are unexpectedly modified or duplicated. This 
is probably not intentional.
    at div
    at div
    at div
    at div
    at spy (file:///C:/Users/Eli/Desktop/Claude%20Co
de/CPQ-System/node_modules/tinyspy/dist/index.js:42:
80)
    at div
    at div
    at div
    at C:\Users\Eli\Desktop\Claude 
Code\CPQ-System\src\components\ui\card.tsx:81:57
    at div
    at C:\Users\Eli\Desktop\Claude 
Code\CPQ-System\src\components\ui\card.tsx:7:50
    at BOMGrid (C:\Users\Eli\Desktop\Claude Code\CPQ
-System\src\components\shared\BOMGrid.tsx:22:3)
Warning: A component is `contentEditable` and 
contains `children` managed by React. It is now 
your responsibility to guarantee that none of those 
nodes are unexpectedly modified or duplicated. This 
is probably not intentional.
    at div
    at div
    at div
    at div
    at spy (file:///C:/Users/Eli/Desktop/Claude%20Co
de/CPQ-System/node_modules/tinyspy/dist/index.js:42:
80)
    at div
    at div
    at div
    at C:\Users\Eli\Desktop\Claude 
Code\CPQ-System\src\components\ui\card.tsx:81:57
    at div
    at C:\Users\Eli\Desktop\Claude 
Code\CPQ-System\src\components\ui\card.tsx:7:50
    at BOMGrid (C:\Users\Eli\Desktop\Claude Code\CPQ
-System\src\components\shared\BOMGrid.tsx:22:3)
Warning: A component is `contentEditable` and 
contains `children` managed by React. It is now 
your responsibility to guarantee that none of those 
nodes are unexpectedly modified or duplicated. This 
is probably not intentional.
    at div
    at div
    at div
    at div
    at spy (file:///C:/Users/Eli/Desktop/Claude%20Co
de/CPQ-System/node_modules/tinyspy/dist/index.js:42:
80)
    at div
    at div
    at div
    at C:\Users\Eli\Desktop\Claude 
Code\CPQ-System\src\components\ui\card.tsx:81:57
    at div
    at C:\Users\Eli\Desktop\Claude 
Code\CPQ-System\src\components\ui\card.tsx:7:50
    at BOMGrid (C:\Users\Eli\Desktop\Claude Code\CPQ
-System\src\components\shared\BOMGrid.tsx:22:3)
Warning: A component is `contentEditable` and 
contains `children` managed by React. It is now 
your responsibility to guarantee that none of those 
nodes are unexpectedly modified or duplicated. This 
is probably not intentional.
    at div
    at div
    at div
    at div
    at spy (file:///C:/Users/Eli/Desktop/Claude%20Co
de/CPQ-System/node_modules/tinyspy/dist/index.js:42:
80)
    at div
    at div
    at div
    at C:\Users\Eli\Desktop\Claude 
Code\CPQ-System\src\components\ui\card.tsx:81:57
    at div
    at C:\Users\Eli\Desktop\Claude 
Code\CPQ-System\src\components\ui\card.tsx:7:50
    at BOMGrid (C:\Users\Eli\Desktop\Claude Code\CPQ
-System\src\components\shared\BOMGrid.tsx:22:3)
Warning: A component is `contentEditable` and 
contains `children` managed by React. It is now 
your responsibility to guarantee that none of those 
nodes are unexpectedly modified or duplicated. This 
is probably not intentional.
    at div
    at div
    at div
    at div
    at spy (file:///C:/Users/Eli/Desktop/Claude%20Co
de/CPQ-System/node_modules/tinyspy/dist/index.js:42:
80)
    at div
    at div
    at div
    at C:\Users\Eli\Desktop\Claude 
Code\CPQ-System\src\components\ui\card.tsx:81:57
    at div
    at C:\Users\Eli\Desktop\Claude 
Code\CPQ-System\src\components\ui\card.tsx:7:50
    at BOMGrid (C:\Users\Eli\Desktop\Claude Code\CPQ
-System\src\components\shared\BOMGrid.tsx:22:3)
Warning: A component is `contentEditable` and 
contains `children` managed by React. It is now 
your responsibility to guarantee that none of those 
nodes are unexpectedly modified or duplicated. This 
is probably not intentional.
    at div
    at div
    at div
    at div
    at spy (file:///C:/Users/Eli/Desktop/Claude%20Co
de/CPQ-System/node_modules/tinyspy/dist/index.js:42:
80)
    at div
    at div
    at div
    at C:\Users\Eli\Desktop\Claude 
Code\CPQ-System\src\components\ui\card.tsx:81:57
    at div
    at C:\Users\Eli\Desktop\Claude 
Code\CPQ-System\src\components\ui\card.tsx:7:50
    at BOMGrid (C:\Users\Eli\Desktop\Claude Code\CPQ
-System\src\components\shared\BOMGrid.tsx:22:3)
Warning: A component is `contentEditable` and 
contains `children` managed by React. It is now 
your responsibility to guarantee that none of those 
nodes are unexpectedly modified or duplicated. This 
is probably not intentional.
    at div
    at div
    at div
    at div
    at spy (file:///C:/Users/Eli/Desktop/Claude%20Co
de/CPQ-System/node_modules/tinyspy/dist/index.js:42:
80)
    at div
    at div
    at div
    at C:\Users\Eli\Desktop\Claude 
Code\CPQ-System\src\components\ui\card.tsx:81:57
    at div
    at C:\Users\Eli\Desktop\Claude 
Code\CPQ-System\src\components\ui\card.tsx:7:50
    at BOMGrid (C:\Users\Eli\Desktop\Claude Code\CPQ
-System\src\components\shared\BOMGrid.tsx:22:3)
Warning: A component is `contentEditable` and 
contains `children` managed by React. It is now 
your responsibility to guarantee that none of those 
nodes are unexpectedly modified or duplicated. This 
is probably not intentional.
    at div
    at div
    at div
    at div
    at spy (file:///C:/Users/Eli/Desktop/Claude%20Co
de/CPQ-System/node_modules/tinyspy/dist/index.js:42:
80)
    at div
    at div
    at div
    at C:\Users\Eli\Desktop\Claude 
Code\CPQ-System\src\components\ui\card.tsx:81:57
    at div
    at C:\Users\Eli\Desktop\Claude 
Code\CPQ-System\src\components\ui\card.tsx:7:50
    at BOMGrid (C:\Users\Eli\Desktop\Claude Code\CPQ
-System\src\components\shared\BOMGrid.tsx:22:3)
Warning: A component is `contentEditable` and 
contains `children` managed by React. It is now 
your responsibility to guarantee that none of those 
nodes are unexpectedly modified or duplicated. This 
is probably not intentional.
    at div
    at div
    at div
    at div
    at spy (file:///C:/Users/Eli/Desktop/Claude%20Co
de/CPQ-System/node_modules/tinyspy/dist/index.js:42:
80)
    at div
    at div
    at div
    at C:\Users\Eli\Desktop\Claude 
Code\CPQ-System\src\components\ui\card.tsx:81:57
    at div
    at C:\Users\Eli\Desktop\Claude 
Code\CPQ-System\src\components\ui\card.tsx:7:50
    at BOMGrid (C:\Users\Eli\Desktop\Claude Code\CPQ
-System\src\components\shared\BOMGrid.tsx:22:3)
Warning: A component is `contentEditable` and 
contains `children` managed by React. It is now 
your responsibility to guarantee that none of those 
nodes are unexpectedly modified or duplicated. This 
is probably not intentional.
    at div
    at div
    at div
    at div
    at spy (file:///C:/Users/Eli/Desktop/Claude%20Co
de/CPQ-System/node_modules/tinyspy/dist/index.js:42:
80)
    at div
    at div
    at div
    at C:\Users\Eli\Desktop\Claude 
Code\CPQ-System\src\components\ui\card.tsx:81:57
    at div
    at C:\Users\Eli\Desktop\Claude 
Code\CPQ-System\src\components\ui\card.tsx:7:50
    at BOMGrid (C:\Users\Eli\Desktop\Claude Code\CPQ
-System\src\components\shared\BOMGrid.tsx:22:3)
Warning: A component is `contentEditable` and 
contains `children` managed by React. It is now 
your responsibility to guarantee that none of those 
nodes are unexpectedly modified or duplicated. This 
is probably not intentional.
    at div
    at div
    at div
    at div
    at spy (file:///C:/Users/Eli/Desktop/Claude%20Co
de/CPQ-System/node_modules/tinyspy/dist/index.js:42:
80)
    at div
    at div
    at div
    at C:\Users\Eli\Desktop\Claude 
Code\CPQ-System\src\components\ui\card.tsx:81:57
    at div
    at C:\Users\Eli\Desktop\Claude 
Code\CPQ-System\src\components\ui\card.tsx:7:50
    at BOMGrid (C:\Users\Eli\Desktop\Claude Code\CPQ
-System\src\components\shared\BOMGrid.tsx:22:3)
Warning: A component is `contentEditable` and 
contains `children` managed by React. It is now 
your responsibility to guarantee that none of those 
nodes are unexpectedly modified or duplicated. This 
is probably not intentional.
    at div
    at div
    at div
    at div
    at spy (file:///C:/Users/Eli/Desktop/Claude%20Co
de/CPQ-System/node_modules/tinyspy/dist/index.js:42:
80)
    at div
    at div
    at div
    at C:\Users\Eli\Desktop\Claude 
Code\CPQ-System\src\components\ui\card.tsx:81:57
    at div
    at C:\Users\Eli\Desktop\Claude 
Code\CPQ-System\src\components\ui\card.tsx:7:50
    at BOMGrid (C:\Users\Eli\Desktop\Claude Code\CPQ
-System\src\components\shared\BOMGrid.tsx:22:3)
Warning: A component is `contentEditable` and 
contains `children` managed by React. It is now 
your responsibility to guarantee that none of those 
nodes are unexpectedly modified or duplicated. This 
is probably not intentional.
    at div
    at div
    at div
    at div
    at spy (file:///C:/Users/Eli/Desktop/Claude%20Co
de/CPQ-System/node_modules/tinyspy/dist/index.js:42:
80)
    at div
    at div
    at div
    at C:\Users\Eli\Desktop\Claude 
Code\CPQ-System\src\components\ui\card.tsx:81:57
    at div
    at C:\Users\Eli\Desktop\Claude 
Code\CPQ-System\src\components\ui\card.tsx:7:50
    at BOMGrid (C:\Users\Eli\Desktop\Claude Code\CPQ
-System\src\components\shared\BOMGrid.tsx:22:3)
Warning: A component is `contentEditable` and 
contains `children` managed by React. It is now 
your responsibility to guarantee that none of those 
nodes are unexpectedly modified or duplicated. This 
is probably not intentional.
    at div
    at div
    at div
    at div
    at spy (file:///C:/Users/Eli/Desktop/Claude%20Co
de/CPQ-System/node_modules/tinyspy/dist/index.js:42:
80)
    at div
    at div
    at div
    at C:\Users\Eli\Desktop\Claude 
Code\CPQ-System\src\components\ui\card.tsx:81:57
    at div
    at C:\Users\Eli\Desktop\Claude 
Code\CPQ-System\src\components\ui\card.tsx:7:50
    at BOMGrid (C:\Users\Eli\Desktop\Claude Code\CPQ
-System\src\components\shared\BOMGrid.tsx:22:3)
Warning: A component is `contentEditable` and 
contains `children` managed by React. It is now 
your responsibility to guarantee that none of those 
nodes are unexpectedly modified or duplicated. This 
is probably not intentional.
    at div
    at div
    at div
    at div
    at spy (file:///C:/Users/Eli/Desktop/Claude%20Co
de/CPQ-System/node_modules/tinyspy/dist/index.js:42:
80)
    at div
    at div
    at div
    at C:\Users\Eli\Desktop\Claude 
Code\CPQ-System\src\components\ui\card.tsx:81:57
    at div
    at C:\Users\Eli\Desktop\Claude 
Code\CPQ-System\src\components\ui\card.tsx:7:50
    at BOMGrid (C:\Users\Eli\Desktop\Claude Code\CPQ
-System\src\components\shared\BOMGrid.tsx:22:3)
Warning: A component is `contentEditable` and 
contains `children` managed by React. It is now 
your responsibility to guarantee that none of those 
nodes are unexpectedly modified or duplicated. This 
is probably not intentional.
    at div
    at div
    at div
    at div
    at spy (file:///C:/Users/Eli/Desktop/Claude%20Co
de/CPQ-System/node_modules/tinyspy/dist/index.js:42:
80)
    at div
    at div
    at div
    at C:\Users\Eli\Desktop\Claude 
Code\CPQ-System\src\components\ui\card.tsx:81:57
    at div
    at C:\Users\Eli\Desktop\Claude 
Code\CPQ-System\src\components\ui\card.tsx:7:50
    at BOMGrid (C:\Users\Eli\Desktop\Claude Code\CPQ
-System\src\components\shared\BOMGrid.tsx:22:3)
Warning: A component is `contentEditable` and 
contains `children` managed by React. It is now 
your responsibility to guarantee that none of those 
nodes are unexpectedly modified or duplicated. This 
is probably not intentional.
    at div
    at div
    at div
    at div
    at spy (file:///C:/Users/Eli/Desktop/Claude%20Co
de/CPQ-System/node_modules/tinyspy/dist/index.js:42:
80)
    at div
    at div
    at div
    at C:\Users\Eli\Desktop\Claude 
Code\CPQ-System\src\components\ui\card.tsx:81:57
    at div
    at C:\Users\Eli\Desktop\Claude 
Code\CPQ-System\src\components\ui\card.tsx:7:50
    at BOMGrid (C:\Users\Eli\Desktop\Claude Code\CPQ
-System\src\components\shared\BOMGrid.tsx:22:3)
Warning: A component is `contentEditable` and 
contains `children` managed by React. It is now 
your responsibility to guarantee that none of those 
nodes are unexpectedly modified or duplicated. This 
is probably not intentional.
    at div
    at div
    at div
    at div
    at spy (file:///C:/Users/Eli/Desktop/Claude%20Co
de/CPQ-System/node_modules/tinyspy/dist/index.js:42:
80)
    at div
    at div
    at div
    at C:\Users\Eli\Desktop\Claude 
Code\CPQ-System\src\components\ui\card.tsx:81:57
    at div
    at C:\Users\Eli\Desktop\Claude 
Code\CPQ-System\src\components\ui\card.tsx:7:50
    at BOMGrid (C:\Users\Eli\Desktop\Claude Code\CPQ
-System\src\components\shared\BOMGrid.tsx:22:3)
Warning: A component is `contentEditable` and 
contains `children` managed by React. It is now 
your responsibility to guarantee that none of those 
nodes are unexpectedly modified or duplicated. This 
is probably not intentional.
    at div
    at div
    at div
    at div
    at spy (file:///C:/Users/Eli/Desktop/Claude%20Co
de/CPQ-System/node_modules/tinyspy/dist/index.js:42:
80)
    at div
    at div
    at div
    at C:\Users\Eli\Desktop\Claude 
Code\CPQ-System\src\components\ui\card.tsx:81:57
    at div
    at C:\Users\Eli\Desktop\Claude 
Code\CPQ-System\src\components\ui\card.tsx:7:50
    at BOMGrid (C:\Users\Eli\Desktop\Claude Code\CPQ
-System\src\components\shared\BOMGrid.tsx:22:3)
Warning: A component is `contentEditable` and 
contains `children` managed by React. It is now 
your responsibility to guarantee that none of those 
nodes are unexpectedly modified or duplicated. This 
is probably not intentional.
    at div
    at div
    at div
    at div
    at spy (file:///C:/Users/Eli/Desktop/Claude%20Co
de/CPQ-System/node_modules/tinyspy/dist/index.js:42:
80)
    at div
    at div
    at div
    at C:\Users\Eli\Desktop\Claude 
Code\CPQ-System\src\components\ui\card.tsx:81:57
    at div
    at C:\Users\Eli\Desktop\Claude 
Code\CPQ-System\src\components\ui\card.tsx:7:50
    at BOMGrid (C:\Users\Eli\Desktop\Claude Code\CPQ
-System\src\components\shared\BOMGrid.tsx:22:3)
Warning: A component is `contentEditable` and 
contains `children` managed by React. It is now 
your responsibility to guarantee that none of those 
nodes are unexpectedly modified or duplicated. This 
is probably not intentional.
    at div
    at div
    at div
    at div
    at spy (file:///C:/Users/Eli/Desktop/Claude%20Co
de/CPQ-System/node_modules/tinyspy/dist/index.js:42:
80)
    at div
    at div
    at div
    at C:\Users\Eli\Desktop\Claude 
Code\CPQ-System\src\components\ui\card.tsx:81:57
    at div
    at C:\Users\Eli\Desktop\Claude 
Code\CPQ-System\src\components\ui\card.tsx:7:50
    at BOMGrid (C:\Users\Eli\Desktop\Claude Code\CPQ
-System\src\components\shared\BOMGrid.tsx:22:3)
Warning: A component is `contentEditable` and 
contains `children` managed by React. It is now 
your responsibility to guarantee that none of those 
nodes are unexpectedly modified or duplicated. This 
is probably not intentional.
    at div
    at div
    at div
    at div
    at spy (file:///C:/Users/Eli/Desktop/Claude%20Co
de/CPQ-System/node_modules/tinyspy/dist/index.js:42:
80)
    at div
    at div
    at div
    at C:\Users\Eli\Desktop\Claude 
Code\CPQ-System\src\components\ui\card.tsx:81:57
    at div
    at C:\Users\Eli\Desktop\Claude 
Code\CPQ-System\src\components\ui\card.tsx:7:50
    at BOMGrid (C:\Users\Eli\Desktop\Claude Code\CPQ
-System\src\components\shared\BOMGrid.tsx:22:3)
Warning: A component is `contentEditable` and 
contains `children` managed by React. It is now 
your responsibility to guarantee that none of those 
nodes are unexpectedly modified or duplicated. This 
is probably not intentional.
    at div
    at div
    at div
    at div
    at spy (file:///C:/Users/Eli/Desktop/Claude%20Co
de/CPQ-System/node_modules/tinyspy/dist/index.js:42:
80)
    at div
    at div
    at div
    at C:\Users\Eli\Desktop\Claude 
Code\CPQ-System\src\components\ui\card.tsx:81:57
    at div
    at C:\Users\Eli\Desktop\Claude 
Code\CPQ-System\src\components\ui\card.tsx:7:50
    at BOMGrid (C:\Users\Eli\Desktop\Claude Code\CPQ
-System\src\components\shared\BOMGrid.tsx:22:3)
Warning: A component is `contentEditable` and 
contains `children` managed by React. It is now 
your responsibility to guarantee that none of those 
nodes are unexpectedly modified or duplicated. This 
is probably not intentional.
    at div
    at div
    at div
    at div
    at spy (file:///C:/Users/Eli/Desktop/Claude%20Co
de/CPQ-System/node_modules/tinyspy/dist/index.js:42:
80)
    at div
    at div
    at div
    at C:\Users\Eli\Desktop\Claude 
Code\CPQ-System\src\components\ui\card.tsx:81:57
    at div
    at C:\Users\Eli\Desktop\Claude 
Code\CPQ-System\src\components\ui\card.tsx:7:50
    at BOMGrid (C:\Users\Eli\Desktop\Claude Code\CPQ
-System\src\components\shared\BOMGrid.tsx:22:3)
Warning: A component is `contentEditable` and 
contains `children` managed by React. It is now 
your responsibility to guarantee that none of those 
nodes are unexpectedly modified or duplicated. This 
is probably not intentional.
    at div
    at div
    at div
    at div
    at spy (file:///C:/Users/Eli/Desktop/Claude%20Co
de/CPQ-System/node_modules/tinyspy/dist/index.js:42:
80)
    at div
    at div
    at div
    at C:\Users\Eli\Desktop\Claude 
Code\CPQ-System\src\components\ui\card.tsx:81:57
    at div
    at C:\Users\Eli\Desktop\Claude 
Code\CPQ-System\src\components\ui\card.tsx:7:50
    at BOMGrid (C:\Users\Eli\Desktop\Claude Code\CPQ
-System\src\components\shared\BOMGrid.tsx:22:3)
Warning: A component is `contentEditable` and 
contains `children` managed by React. It is now 
your responsibility to guarantee that none of those 
nodes are unexpectedly modified or duplicated. This 
is probably not intentional.
    at div
    at div
    at div
    at div
    at spy (file:///C:/Users/Eli/Desktop/Claude%20Co
de/CPQ-System/node_modules/tinyspy/dist/index.js:42:
80)
    at div
    at div
    at div
    at C:\Users\Eli\Desktop\Claude 
Code\CPQ-System\src\components\ui\card.tsx:81:57
    at div
    at C:\Users\Eli\Desktop\Claude 
Code\CPQ-System\src\components\ui\card.tsx:7:50
    at BOMGrid (C:\Users\Eli\Desktop\Claude Code\CPQ
-System\src\components\shared\BOMGrid.tsx:22:3)
Warning: A component is `contentEditable` and 
contains `children` managed by React. It is now 
your responsibility to guarantee that none of those 
nodes are unexpectedly modified or duplicated. This 
is probably not intentional.
    at div
    at div
    at div
    at div
    at spy (file:///C:/Users/Eli/Desktop/Claude%20Co
de/CPQ-System/node_modules/tinyspy/dist/index.js:42:
80)
    at div
    at div
    at div
    at C:\Users\Eli\Desktop\Claude 
Code\CPQ-System\src\components\ui\card.tsx:81:57
    at div
    at C:\Users\Eli\Desktop\Claude 
Code\CPQ-System\src\components\ui\card.tsx:7:50
    at BOMGrid (C:\Users\Eli\Desktop\Claude Code\CPQ
-System\src\components\shared\BOMGrid.tsx:22:3)
Warning: A component is `contentEditable` and 
contains `children` managed by React. It is now 
your responsibility to guarantee that none of those 
nodes are unexpectedly modified or duplicated. This 
is probably not intentional.
    at div
    at div
    at div
    at div
    at spy (file:///C:/Users/Eli/Desktop/Claude%20Co
de/CPQ-System/node_modules/tinyspy/dist/index.js:42:
80)
    at div
    at div
    at div
    at C:\Users\Eli\Desktop\Claude 
Code\CPQ-System\src\components\ui\card.tsx:81:57
    at div
    at C:\Users\Eli\Desktop\Claude 
Code\CPQ-System\src\components\ui\card.tsx:7:50
    at BOMGrid (C:\Users\Eli\Desktop\Claude Code\CPQ
-System\src\components\shared\BOMGrid.tsx:22:3)
Warning: A component is `contentEditable` and 
contains `children` managed by React. It is now 
your responsibility to guarantee that none of those 
nodes are unexpectedly modified or duplicated. This 
is probably not intentional.
    at div
    at div
    at div
    at div
    at spy (file:///C:/Users/Eli/Desktop/Claude%20Co
de/CPQ-System/node_modules/tinyspy/dist/index.js:42:
80)
    at div
    at div
    at div
    at C:\Users\Eli\Desktop\Claude 
Code\CPQ-System\src\components\ui\card.tsx:81:57
    at div
    at C:\Users\Eli\Desktop\Claude 
Code\CPQ-System\src\components\ui\card.tsx:7:50
    at BOMGrid (C:\Users\Eli\Desktop\Claude Code\CPQ
-System\src\components\shared\BOMGrid.tsx:22:3)
Warning: A component is `contentEditable` and 
contains `children` managed by React. It is now 
your responsibility to guarantee that none of those 
nodes are unexpectedly modified or duplicated. This 
is probably not intentional.
    at div
    at div
    at div
    at div
    at spy (file:///C:/Users/Eli/Desktop/Claude%20Co
de/CPQ-System/node_modules/tinyspy/dist/index.js:42:
80)
    at div
    at div
    at div
    at C:\Users\Eli\Desktop\Claude 
Code\CPQ-System\src\components\ui\card.tsx:81:57
    at div
    at C:\Users\Eli\Desktop\Claude 
Code\CPQ-System\src\components\ui\card.tsx:7:50
    at BOMGrid (C:\Users\Eli\Desktop\Claude Code\CPQ
-System\src\components\shared\BOMGrid.tsx:22:3)
Warning: A component is `contentEditable` and 
contains `children` managed by React. It is now 
your responsibility to guarantee that none of those 
nodes are unexpectedly modified or duplicated. This 
is probably not intentional.
    at div
    at div
    at div
    at div
    at spy (file:///C:/Users/Eli/Desktop/Claude%20Co
de/CPQ-System/node_modules/tinyspy/dist/index.js:42:
80)
    at div
    at div
    at div
    at C:\Users\Eli\Desktop\Claude 
Code\CPQ-System\src\components\ui\card.tsx:81:57
    at div
    at C:\Users\Eli\Desktop\Claude 
Code\CPQ-System\src\components\ui\card.tsx:7:50
    at BOMGrid (C:\Users\Eli\Desktop\Claude Code\CPQ
-System\src\components\shared\BOMGrid.tsx:22:3)
Warning: A component is `contentEditable` and 
contains `children` managed by React. It is now 
your responsibility to guarantee that none of those 
nodes are unexpectedly modified or duplicated. This 
is probably not intentional.
    at div
    at div
    at div
    at div
    at spy (file:///C:/Users/Eli/Desktop/Claude%20Co
de/CPQ-System/node_modules/tinyspy/dist/index.js:42:
80)
    at div
    at div
    at div
    at C:\Users\Eli\Desktop\Claude 
Code\CPQ-System\src\components\ui\card.tsx:81:57
    at div
    at C:\Users\Eli\Desktop\Claude 
Code\CPQ-System\src\components\ui\card.tsx:7:50
    at BOMGrid (C:\Users\Eli\Desktop\Claude Code\CPQ
-System\src\components\shared\BOMGrid.tsx:22:3)
Warning: A component is `contentEditable` and 
contains `children` managed by React. It is now 
your responsibility to guarantee that none of those 
nodes are unexpectedly modified or duplicated. This 
is probably not intentional.
    at div
    at div
    at div
    at div
    at spy (file:///C:/Users/Eli/Desktop/Claude%20Co
de/CPQ-System/node_modules/tinyspy/dist/index.js:42:
80)
    at div
    at div
    at div
    at C:\Users\Eli\Desktop\Claude 
Code\CPQ-System\src\components\ui\card.tsx:81:57
    at div
    at C:\Users\Eli\Desktop\Claude 
Code\CPQ-System\src\components\ui\card.tsx:7:50
    at BOMGrid (C:\Users\Eli\Desktop\Claude Code\CPQ
-System\src\components\shared\BOMGrid.tsx:22:3)
Warning: A component is `contentEditable` and 
contains `children` managed by React. It is now 
your responsibility to guarantee that none of those 
nodes are unexpectedly modified or duplicated. This 
is probably not intentional.
    at div
    at div
    at div
    at div
    at spy (file:///C:/Users/Eli/Desktop/Claude%20Co
de/CPQ-System/node_modules/tinyspy/dist/index.js:42:
80)
    at div
    at div
    at div
    at C:\Users\Eli\Desktop\Claude 
Code\CPQ-System\src\components\ui\card.tsx:81:57
    at div
    at C:\Users\Eli\Desktop\Claude 
Code\CPQ-System\src\components\ui\card.tsx:7:50
    at BOMGrid (C:\Users\Eli\Desktop\Claude Code\CPQ
-System\src\components\shared\BOMGrid.tsx:22:3)
Warning: A component is `contentEditable` and 
contains `children` managed by React. It is now 
your responsibility to guarantee that none of those 
nodes are unexpectedly modified or duplicated. This 
is probably not intentional.
    at div
    at div
    at div
    at div
    at spy (file:///C:/Users/Eli/Desktop/Claude%20Co
de/CPQ-System/node_modules/tinyspy/dist/index.js:42:
80)
    at div
    at div
    at div
    at C:\Users\Eli\Desktop\Claude 
Code\CPQ-System\src\components\ui\card.tsx:81:57
    at div
    at C:\Users\Eli\Desktop\Claude 
Code\CPQ-System\src\components\ui\card.tsx:7:50
    at BOMGrid (C:\Users\Eli\Desktop\Claude Code\CPQ
-System\src\components\shared\BOMGrid.tsx:22:3)
Warning: A component is `contentEditable` and 
contains `children` managed by React. It is now 
your responsibility to guarantee that none of those 
nodes are unexpectedly modified or duplicated. This 
is probably not intentional.
    at div
    at div
    at div
    at div
    at spy (file:///C:/Users/Eli/Desktop/Claude%20Co
de/CPQ-System/node_modules/tinyspy/dist/index.js:42:
80)
    at div
    at div
    at div
    at C:\Users\Eli\Desktop\Claude 
Code\CPQ-System\src\components\ui\card.tsx:81:57
    at div
    at C:\Users\Eli\Desktop\Claude 
Code\CPQ-System\src\components\ui\card.tsx:7:50
    at BOMGrid (C:\Users\Eli\Desktop\Claude Code\CPQ
-System\src\components\shared\BOMGrid.tsx:22:3)
Warning: A component is `contentEditable` and 
contains `children` managed by React. It is now 
your responsibility to guarantee that none of those 
nodes are unexpectedly modified or duplicated. This 
is probably not intentional.
    at div
    at div
    at div
    at div
    at spy (file:///C:/Users/Eli/Desktop/Claude%20Co
de/CPQ-System/node_modules/tinyspy/dist/index.js:42:
80)
    at div
    at div
    at div
    at C:\Users\Eli\Desktop\Claude 
Code\CPQ-System\src\components\ui\card.tsx:81:57
    at div
    at C:\Users\Eli\Desktop\Claude 
Code\CPQ-System\src\components\ui\card.tsx:7:50
    at BOMGrid (C:\Users\Eli\Desktop\Claude Code\CPQ
-System\src\components\shared\BOMGrid.tsx:22:3)
Warning: A component is `contentEditable` and 
contains `children` managed by React. It is now 
your responsibility to guarantee that none of those 
nodes are unexpectedly modified or duplicated. This 
is probably not intentional.
    at div
    at div
    at div
    at div
    at spy (file:///C:/Users/Eli/Desktop/Claude%20Co
de/CPQ-System/node_modules/tinyspy/dist/index.js:42:
80)
    at div
    at div
    at div
    at C:\Users\Eli\Desktop\Claude 
Code\CPQ-System\src\components\ui\card.tsx:81:57
    at div
    at C:\Users\Eli\Desktop\Claude 
Code\CPQ-System\src\components\ui\card.tsx:7:50
    at BOMGrid (C:\Users\Eli\Desktop\Claude Code\CPQ
-System\src\components\shared\BOMGrid.tsx:22:3)
Warning: A component is `contentEditable` and 
contains `children` managed by React. It is now 
your responsibility to guarantee that none of those 
nodes are unexpectedly modified or duplicated. This 
is probably not intentional.
    at div
    at div
    at div
    at div
    at spy (file:///C:/Users/Eli/Desktop/Claude%20Co
de/CPQ-System/node_modules/tinyspy/dist/index.js:42:
80)
    at div
    at div
    at div
    at C:\Users\Eli\Desktop\Claude 
Code\CPQ-System\src\components\ui\card.tsx:81:57
    at div
    at C:\Users\Eli\Desktop\Claude 
Code\CPQ-System\src\components\ui\card.tsx:7:50
    at BOMGrid (C:\Users\Eli\Desktop\Claude Code\CPQ
-System\src\components\shared\BOMGrid.tsx:22:3)
Warning: A component is `contentEditable` and 
contains `children` managed by React. It is now 
your responsibility to guarantee that none of those 
nodes are unexpectedly modified or duplicated. This 
is probably not intentional.
    at div
    at div
    at div
    at div
    at spy (file:///C:/Users/Eli/Desktop/Claude%20Co
de/CPQ-System/node_modules/tinyspy/dist/index.js:42:
80)
    at div
    at div
    at div
    at C:\Users\Eli\Desktop\Claude 
Code\CPQ-System\src\components\ui\card.tsx:81:57
    at div
    at C:\Users\Eli\Desktop\Claude 
Code\CPQ-System\src\components\ui\card.tsx:7:50
    at BOMGrid (C:\Users\Eli\Desktop\Claude Code\CPQ
-System\src\components\shared\BOMGrid.tsx:22:3)
Warning: A component is `contentEditable` and 
contains `children` managed by React. It is now 
your responsibility to guarantee that none of those 
nodes are unexpectedly modified or duplicated. This 
is probably not intentional.
    at div
    at div
    at div
    at div
    at spy (file:///C:/Users/Eli/Desktop/Claude%20Co
de/CPQ-System/node_modules/tinyspy/dist/index.js:42:
80)
    at div
    at div
    at div
    at C:\Users\Eli\Desktop\Claude 
Code\CPQ-System\src\components\ui\card.tsx:81:57
    at div
    at C:\Users\Eli\Desktop\Claude 
Code\CPQ-System\src\components\ui\card.tsx:7:50
    at BOMGrid (C:\Users\Eli\Desktop\Claude Code\CPQ
-System\src\components\shared\BOMGrid.tsx:22:3)
Warning: A component is `contentEditable` and 
contains `children` managed by React. It is now 
your responsibility to guarantee that none of those 
nodes are unexpectedly modified or duplicated. This 
is probably not intentional.
    at div
    at div
    at div
    at div
    at spy (file:///C:/Users/Eli/Desktop/Claude%20Co
de/CPQ-System/node_modules/tinyspy/dist/index.js:42:
80)
    at div
    at div
    at div
    at C:\Users\Eli\Desktop\Claude 
Code\CPQ-System\src\components\ui\card.tsx:81:57
    at div
    at C:\Users\Eli\Desktop\Claude 
Code\CPQ-System\src\components\ui\card.tsx:7:50
    at BOMGrid (C:\Users\Eli\Desktop\Claude Code\CPQ
-System\src\components\shared\BOMGrid.tsx:22:3)
Warning: A component is `contentEditable` and 
contains `children` managed by React. It is now 
your responsibility to guarantee that none of those 
nodes are unexpectedly modified or duplicated. This 
is probably not intentional.
    at div
    at div
    at div
    at div
    at spy (file:///C:/Users/Eli/Desktop/Claude%20Co
de/CPQ-System/node_modules/tinyspy/dist/index.js:42:
80)
    at div
    at div
    at div
    at C:\Users\Eli\Desktop\Claude 
Code\CPQ-System\src\components\ui\card.tsx:81:57
    at div
    at C:\Users\Eli\Desktop\Claude 
Code\CPQ-System\src\components\ui\card.tsx:7:50
    at BOMGrid (C:\Users\Eli\Desktop\Claude Code\CPQ
-System\src\components\shared\BOMGrid.tsx:22:3)
Warning: A component is `contentEditable` and 
contains `children` managed by React. It is now 
your responsibility to guarantee that none of those 
nodes are unexpectedly modified or duplicated. This 
is probably not intentional.
    at div
    at div
    at div
    at div
    at spy (file:///C:/Users/Eli/Desktop/Claude%20Co
de/CPQ-System/node_modules/tinyspy/dist/index.js:42:
80)
    at div
    at div
    at div
    at C:\Users\Eli\Desktop\Claude 
Code\CPQ-System\src\components\ui\card.tsx:81:57
    at div
    at C:\Users\Eli\Desktop\Claude 
Code\CPQ-System\src\components\ui\card.tsx:7:50
    at BOMGrid (C:\Users\Eli\Desktop\Claude Code\CPQ
-System\src\components\shared\BOMGrid.tsx:22:3)
Warning: A component is `contentEditable` and 
contains `children` managed by React. It is now 
your responsibility to guarantee that none of those 
nodes are unexpectedly modified or duplicated. This 
is probably not intentional.
    at div
    at div
    at div
    at div
    at spy (file:///C:/Users/Eli/Desktop/Claude%20Co
de/CPQ-System/node_modules/tinyspy/dist/index.js:42:
80)
    at div
    at div
    at div
    at C:\Users\Eli\Desktop\Claude 
Code\CPQ-System\src\components\ui\card.tsx:81:57
    at div
    at C:\Users\Eli\Desktop\Claude 
Code\CPQ-System\src\components\ui\card.tsx:7:50
    at BOMGrid (C:\Users\Eli\Desktop\Claude Code\CPQ
-System\src\components\shared\BOMGrid.tsx:22:3)
Warning: A component is `contentEditable` and 
contains `children` managed by React. It is now 
your responsibility to guarantee that none of those 
nodes are unexpectedly modified or duplicated. This 
is probably not intentional.
    at div
    at div
    at div
    at div
    at spy (file:///C:/Users/Eli/Desktop/Claude%20Co
de/CPQ-System/node_modules/tinyspy/dist/index.js:42:
80)
    at div
    at div
    at div
    at C:\Users\Eli\Desktop\Claude 
Code\CPQ-System\src\components\ui\card.tsx:81:57
    at div
    at C:\Users\Eli\Desktop\Claude 
Code\CPQ-System\src\components\ui\card.tsx:7:50
    at BOMGrid (C:\Users\Eli\Desktop\Claude Code\CPQ
-System\src\components\shared\BOMGrid.tsx:22:3)
Warning: A component is `contentEditable` and 
contains `children` managed by React. It is now 
your responsibility to guarantee that none of those 
nodes are unexpectedly modified or duplicated. This 
is probably not intentional.
    at div
    at div
    at div
    at div
    at spy (file:///C:/Users/Eli/Desktop/Claude%20Co
de/CPQ-System/node_modules/tinyspy/dist/index.js:42:
80)
    at div
    at div
    at div
    at C:\Users\Eli\Desktop\Claude 
Code\CPQ-System\src\components\ui\card.tsx:81:57
    at div
    at C:\Users\Eli\Desktop\Claude 
Code\CPQ-System\src\components\ui\card.tsx:7:50
    at BOMGrid (C:\Users\Eli\Desktop\Claude Code\CPQ
-System\src\components\shared\BOMGrid.tsx:22:3)
Warning: A component is `contentEditable` and 
contains `children` managed by React. It is now 
your responsibility to guarantee that none of those 
nodes are unexpectedly modified or duplicated. This 
is probably not intentional.
    at div
    at div
    at div
    at div
    at spy (file:///C:/Users/Eli/Desktop/Claude%20Co
de/CPQ-System/node_modules/tinyspy/dist/index.js:42:
80)
    at div
    at div
    at div
    at C:\Users\Eli\Desktop\Claude 
Code\CPQ-System\src\components\ui\card.tsx:81:57
    at div
    at C:\Users\Eli\Desktop\Claude 
Code\CPQ-System\src\components\ui\card.tsx:7:50
    at BOMGrid (C:\Users\Eli\Desktop\Claude Code\CPQ
-System\src\components\shared\BOMGrid.tsx:22:3)
Warning: A component is `contentEditable` and 
contains `children` managed by React. It is now 
your responsibility to guarantee that none of those 
nodes are unexpectedly modified or duplicated. This 
is probably not intentional.
    at div
    at div
    at div
    at div
    at spy (file:///C:/Users/Eli/Desktop/Claude%20Co
de/CPQ-System/node_modules/tinyspy/dist/index.js:42:
80)
    at div
    at div
    at div
    at C:\Users\Eli\Desktop\Claude 
Code\CPQ-System\src\components\ui\card.tsx:81:57
    at div
    at C:\Users\Eli\Desktop\Claude 
Code\CPQ-System\src\components\ui\card.tsx:7:50
    at BOMGrid (C:\Users\Eli\Desktop\Claude Code\CPQ
-System\src\components\shared\BOMGrid.tsx:22:3)
Warning: A component is `contentEditable` and 
contains `children` managed by React. It is now 
your responsibility to guarantee that none of those 
nodes are unexpectedly modified or duplicated. This 
is probably not intentional.
    at div
    at div
    at div
    at div
    at spy (file:///C:/Users/Eli/Desktop/Claude%20Co
de/CPQ-System/node_modules/tinyspy/dist/index.js:42:
80)
    at div
    at div
    at div
    at C:\Users\Eli\Desktop\Claude 
Code\CPQ-System\src\components\ui\card.tsx:81:57
    at div
    at C:\Users\Eli\Desktop\Claude 
Code\CPQ-System\src\components\ui\card.tsx:7:50
    at BOMGrid (C:\Users\Eli\Desktop\Claude Code\CPQ
-System\src\components\shared\BOMGrid.tsx:22:3)
Warning: A component is `contentEditable` and 
contains `children` managed by React. It is now 
your responsibility to guarantee that none of those 
nodes are unexpectedly modified or duplicated. This 
is probably not intentional.
    at div
    at div
    at div
    at div
    at spy (file:///C:/Users/Eli/Desktop/Claude%20Co
de/CPQ-System/node_modules/tinyspy/dist/index.js:42:
80)
    at div
    at div
    at div
    at C:\Users\Eli\Desktop\Claude 
Code\CPQ-System\src\components\ui\card.tsx:81:57
    at div
    at C:\Users\Eli\Desktop\Claude 
Code\CPQ-System\src\components\ui\card.tsx:7:50
    at BOMGrid (C:\Users\Eli\Desktop\Claude Code\CPQ
-System\src\components\shared\BOMGrid.tsx:22:3)
Warning: A component is `contentEditable` and 
contains `children` managed by React. It is now 
your responsibility to guarantee that none of those 
nodes are unexpectedly modified or duplicated. This 
is probably not intentional.
    at div
    at div
    at div
    at div
    at spy (file:///C:/Users/Eli/Desktop/Claude%20Co
de/CPQ-System/node_modules/tinyspy/dist/index.js:42:
80)
    at div
    at div
    at div
    at C:\Users\Eli\Desktop\Claude 
Code\CPQ-System\src\components\ui\card.tsx:81:57
    at div
    at C:\Users\Eli\Desktop\Claude 
Code\CPQ-System\src\components\ui\card.tsx:7:50
    at BOMGrid (C:\Users\Eli\Desktop\Claude Code\CPQ
-System\src\components\shared\BOMGrid.tsx:22:3)
Warning: A component is `contentEditable` and 
contains `children` managed by React. It is now 
your responsibility to guarantee that none of those 
nodes are unexpectedly modified or duplicated. This 
is probably not intentional.
    at div
    at div
    at div
    at div
    at spy (file:///C:/Users/Eli/Desktop/Claude%20Co
de/CPQ-System/node_modules/tinyspy/dist/index.js:42:
80)
    at div
    at div
    at div
    at C:\Users\Eli\Desktop\Claude 
Code\CPQ-System\src\components\ui\card.tsx:81:57
    at div
    at C:\Users\Eli\Desktop\Claude 
Code\CPQ-System\src\components\ui\card.tsx:7:50
    at BOMGrid (C:\Users\Eli\Desktop\Claude Code\CPQ
-System\src\components\shared\BOMGrid.tsx:22:3)
Warning: A component is `contentEditable` and 
contains `children` managed by React. It is now 
your responsibility to guarantee that none of those 
nodes are unexpectedly modified or duplicated. This 
is probably not intentional.
    at div
    at div
    at div
    at div
    at spy (file:///C:/Users/Eli/Desktop/Claude%20Co
de/CPQ-System/node_modules/tinyspy/dist/index.js:42:
80)
    at div
    at div
    at div
    at C:\Users\Eli\Desktop\Claude 
Code\CPQ-System\src\components\ui\card.tsx:81:57
    at div
    at C:\Users\Eli\Desktop\Claude 
Code\CPQ-System\src\components\ui\card.tsx:7:50
    at BOMGrid (C:\Users\Eli\Desktop\Claude Code\CPQ
-System\src\components\shared\BOMGrid.tsx:22:3)
Warning: A component is `contentEditable` and 
contains `children` managed by React. It is now 
your responsibility to guarantee that none of those 
nodes are unexpectedly modified or duplicated. This 
is probably not intentional.
    at div
    at div
    at div
    at div
    at spy (file:///C:/Users/Eli/Desktop/Claude%20Co
de/CPQ-System/node_modules/tinyspy/dist/index.js:42:
80)
    at div
    at div
    at div
    at C:\Users\Eli\Desktop\Claude 
Code\CPQ-System\src\components\ui\card.tsx:81:57
    at div
    at C:\Users\Eli\Desktop\Claude 
Code\CPQ-System\src\components\ui\card.tsx:7:50
    at BOMGrid (C:\Users\Eli\Desktop\Claude Code\CPQ
-System\src\components\shared\BOMGrid.tsx:22:3)
Warning: A component is `contentEditable` and 
contains `children` managed by React. It is now 
your responsibility to guarantee that none of those 
nodes are unexpectedly modified or duplicated. This 
is probably not intentional.
    at div
    at div
    at div
    at div
    at spy (file:///C:/Users/Eli/Desktop/Claude%20Co
de/CPQ-System/node_modules/tinyspy/dist/index.js:42:
80)
    at div
    at div
    at div
    at C:\Users\Eli\Desktop\Claude 
Code\CPQ-System\src\components\ui\card.tsx:81:57
    at div
    at C:\Users\Eli\Desktop\Claude 
Code\CPQ-System\src\components\ui\card.tsx:7:50
    at BOMGrid (C:\Users\Eli\Desktop\Claude Code\CPQ
-System\src\components\shared\BOMGrid.tsx:22:3)
Warning: A component is `contentEditable` and 
contains `children` managed by React. It is now 
your responsibility to guarantee that none of those 
nodes are unexpectedly modified or duplicated. This 
is probably not intentional.
    at div
    at div
    at div
    at div
    at spy (file:///C:/Users/Eli/Desktop/Claude%20Co
de/CPQ-System/node_modules/tinyspy/dist/index.js:42:
80)
    at div
    at div
    at div
    at C:\Users\Eli\Desktop\Claude 
Code\CPQ-System\src\components\ui\card.tsx:81:57
    at div
    at C:\Users\Eli\Desktop\Claude 
Code\CPQ-System\src\components\ui\card.tsx:7:50
    at BOMGrid (C:\Users\Eli\Desktop\Claude Code\CPQ
-System\src\components\shared\BOMGrid.tsx:22:3)
Warning: A component is `contentEditable` and 
contains `children` managed by React. It is now 
your responsibility to guarantee that none of those 
nodes are unexpectedly modified or duplicated. This 
is probably not intentional.
    at div
    at div
    at div
    at div
    at spy (file:///C:/Users/Eli/Desktop/Claude%20Co
de/CPQ-System/node_modules/tinyspy/dist/index.js:42:
80)
    at div
    at div
    at div
    at C:\Users\Eli\Desktop\Claude 
Code\CPQ-System\src\components\ui\card.tsx:81:57
    at div
    at C:\Users\Eli\Desktop\Claude 
Code\CPQ-System\src\components\ui\card.tsx:7:50
    at BOMGrid (C:\Users\Eli\Desktop\Claude Code\CPQ
-System\src\components\shared\BOMGrid.tsx:22:3)
Warning: A component is `contentEditable` and 
contains `children` managed by React. It is now 
your responsibility to guarantee that none of those 
nodes are unexpectedly modified or duplicated. This 
is probably not intentional.
    at div
    at div
    at div
    at div
    at spy (file:///C:/Users/Eli/Desktop/Claude%20Co
de/CPQ-System/node_modules/tinyspy/dist/index.js:42:
80)
    at div
    at div
    at div
    at C:\Users\Eli\Desktop\Claude 
Code\CPQ-System\src\components\ui\card.tsx:81:57
    at div
    at C:\Users\Eli\Desktop\Claude 
Code\CPQ-System\src\components\ui\card.tsx:7:50
    at BOMGrid (C:\Users\Eli\Desktop\Claude Code\CPQ
-System\src\components\shared\BOMGrid.tsx:22:3)
Warning: A component is `contentEditable` and 
contains `children` managed by React. It is now 
your responsibility to guarantee that none of those 
nodes are unexpectedly modified or duplicated. This 
is probably not intentional.
    at div
    at div
    at div
    at div
    at spy (file:///C:/Users/Eli/Desktop/Claude%20Co
de/CPQ-System/node_modules/tinyspy/dist/index.js:42:
80)
    at div
    at div
    at div
    at C:\Users\Eli\Desktop\Claude 
Code\CPQ-System\src\components\ui\card.tsx:81:57
    at div
    at C:\Users\Eli\Desktop\Claude 
Code\CPQ-System\src\components\ui\card.tsx:7:50
    at BOMGrid (C:\Users\Eli\Desktop\Claude Code\CPQ
-System\src\components\shared\BOMGrid.tsx:22:3)
Warning: A component is `contentEditable` and 
contains `children` managed by React. It is now 
your responsibility to guarantee that none of those 
nodes are unexpectedly modified or duplicated. This 
is probably not intentional.
    at div
    at div
    at div
    at div
    at spy (file:///C:/Users/Eli/Desktop/Claude%20Co
de/CPQ-System/node_modules/tinyspy/dist/index.js:42:
80)
    at div
    at div
    at div
    at C:\Users\Eli\Desktop\Claude 
Code\CPQ-System\src\components\ui\card.tsx:81:57
    at div
    at C:\Users\Eli\Desktop\Claude 
Code\CPQ-System\src\components\ui\card.tsx:7:50
    at BOMGrid (C:\Users\Eli\Desktop\Claude Code\CPQ
-System\src\components\shared\BOMGrid.tsx:22:3)
Warning: A component is `contentEditable` and 
contains `children` managed by React. It is now 
your responsibility to guarantee that none of those 
nodes are unexpectedly modified or duplicated. This 
is probably not intentional.
    at div
    at div
    at div
    at div
    at spy (file:///C:/Users/Eli/Desktop/Claude%20Co
de/CPQ-System/node_modules/tinyspy/dist/index.js:42:
80)
    at div
    at div
    at div
    at C:\Users\Eli\Desktop\Claude 
Code\CPQ-System\src\components\ui\card.tsx:81:57
    at div
    at C:\Users\Eli\Desktop\Claude 
Code\CPQ-System\src\components\ui\card.tsx:7:50
    at BOMGrid (C:\Users\Eli\Desktop\Claude Code\CPQ
-System\src\components\shared\BOMGrid.tsx:22:3)
Warning: A component is `contentEditable` and 
contains `children` managed by React. It is now 
your responsibility to guarantee that none of those 
nodes are unexpectedly modified or duplicated. This 
is probably not intentional.
    at div
    at div
    at div
    at div
    at spy (file:///C:/Users/Eli/Desktop/Claude%20Co
de/CPQ-System/node_modules/tinyspy/dist/index.js:42:
80)
    at div
    at div
    at div
    at C:\Users\Eli\Desktop\Claude 
Code\CPQ-System\src\components\ui\card.tsx:81:57
    at div
    at C:\Users\Eli\Desktop\Claude 
Code\CPQ-System\src\components\ui\card.tsx:7:50
    at BOMGrid (C:\Users\Eli\Desktop\Claude Code\CPQ
-System\src\components\shared\BOMGrid.tsx:22:3)
Warning: A component is `contentEditable` and 
contains `children` managed by React. It is now 
your responsibility to guarantee that none of those 
nodes are unexpectedly modified or duplicated. This 
is probably not intentional.
    at div
    at div
    at div
    at div
    at spy (file:///C:/Users/Eli/Desktop/Claude%20Co
de/CPQ-System/node_modules/tinyspy/dist/index.js:42:
80)
    at div
    at div
    at div
    at C:\Users\Eli\Desktop\Claude 
Code\CPQ-System\src\components\ui\card.tsx:81:57
    at div
    at C:\Users\Eli\Desktop\Claude 
Code\CPQ-System\src\components\ui\card.tsx:7:50
    at BOMGrid (C:\Users\Eli\Desktop\Claude Code\CPQ
-System\src\components\shared\BOMGrid.tsx:22:3)
Warning: A component is `contentEditable` and 
contains `children` managed by React. It is now 
your responsibility to guarantee that none of those 
nodes are unexpectedly modified or duplicated. This 
is probably not intentional.
    at div
    at div
    at div
    at div
    at spy (file:///C:/Users/Eli/Desktop/Claude%20Co
de/CPQ-System/node_modules/tinyspy/dist/index.js:42:
80)
    at div
    at div
    at div
    at C:\Users\Eli\Desktop\Claude 
Code\CPQ-System\src\components\ui\card.tsx:81:57
    at div
    at C:\Users\Eli\Desktop\Claude 
Code\CPQ-System\src\components\ui\card.tsx:7:50
    at BOMGrid (C:\Users\Eli\Desktop\Claude Code\CPQ
-System\src\components\shared\BOMGrid.tsx:22:3)
Warning: A component is `contentEditable` and 
contains `children` managed by React. It is now 
your responsibility to guarantee that none of those 
nodes are unexpectedly modified or duplicated. This 
is probably not intentional.
    at div
    at div
    at div
    at div
    at spy (file:///C:/Users/Eli/Desktop/Claude%20Co
de/CPQ-System/node_modules/tinyspy/dist/index.js:42:
80)
    at div
    at div
    at div
    at C:\Users\Eli\Desktop\Claude 
Code\CPQ-System\src\components\ui\card.tsx:81:57
    at div
    at C:\Users\Eli\Desktop\Claude 
Code\CPQ-System\src\components\ui\card.tsx:7:50
    at BOMGrid (C:\Users\Eli\Desktop\Claude Code\CPQ
-System\src\components\shared\BOMGrid.tsx:22:3)
Warning: A component is `contentEditable` and 
contains `children` managed by React. It is now 
your responsibility to guarantee that none of those 
nodes are unexpectedly modified or duplicated. This 
is probably not intentional.
    at div
    at div
    at div
    at div
    at spy (file:///C:/Users/Eli/Desktop/Claude%20Co
de/CPQ-System/node_modules/tinyspy/dist/index.js:42:
80)
    at div
    at div
    at div
    at C:\Users\Eli\Desktop\Claude 
Code\CPQ-System\src\components\ui\card.tsx:81:57
    at div
    at C:\Users\Eli\Desktop\Claude 
Code\CPQ-System\src\components\ui\card.tsx:7:50
    at BOMGrid (C:\Users\Eli\Desktop\Claude Code\CPQ
-System\src\components\shared\BOMGrid.tsx:22:3)
Warning: A component is `contentEditable` and 
contains `children` managed by React. It is now 
your responsibility to guarantee that none of those 
nodes are unexpectedly modified or duplicated. This 
is probably not intentional.
    at div
    at div
    at div
    at div
    at spy (file:///C:/Users/Eli/Desktop/Claude%20Co
de/CPQ-System/node_modules/tinyspy/dist/index.js:42:
80)
    at div
    at div
    at div
    at C:\Users\Eli\Desktop\Claude 
Code\CPQ-System\src\components\ui\card.tsx:81:57
    at div
    at C:\Users\Eli\Desktop\Claude 
Code\CPQ-System\src\components\ui\card.tsx:7:50
    at BOMGrid (C:\Users\Eli\Desktop\Claude Code\CPQ
-System\src\components\shared\BOMGrid.tsx:22:3)
Warning: A component is `contentEditable` and 
contains `children` managed by React. It is now 
your responsibility to guarantee that none of those 
nodes are unexpectedly modified or duplicated. This 
is probably not intentional.
    at div
    at div
    at div
    at div
    at spy (file:///C:/Users/Eli/Desktop/Claude%20Co
de/CPQ-System/node_modules/tinyspy/dist/index.js:42:
80)
    at div
    at div
    at div
    at C:\Users\Eli\Desktop\Claude 
Code\CPQ-System\src\components\ui\card.tsx:81:57
    at div
    at C:\Users\Eli\Desktop\Claude 
Code\CPQ-System\src\components\ui\card.tsx:7:50
    at BOMGrid (C:\Users\Eli\Desktop\Claude Code\CPQ
-System\src\components\shared\BOMGrid.tsx:22:3)
Warning: A component is `contentEditable` and 
contains `children` managed by React. It is now 
your responsibility to guarantee that none of those 
nodes are unexpectedly modified or duplicated. This 
is probably not intentional.
    at div
    at div
    at div
    at div
    at spy (file:///C:/Users/Eli/Desktop/Claude%20Co
de/CPQ-System/node_modules/tinyspy/dist/index.js:42:
80)
    at div
    at div
    at div
    at C:\Users\Eli\Desktop\Claude 
Code\CPQ-System\src\components\ui\card.tsx:81:57
    at div
    at C:\Users\Eli\Desktop\Claude 
Code\CPQ-System\src\components\ui\card.tsx:7:50
    at BOMGrid (C:\Users\Eli\Desktop\Claude Code\CPQ
-System\src\components\shared\BOMGrid.tsx:22:3)
Warning: A component is `contentEditable` and 
contains `children` managed by React. It is now 
your responsibility to guarantee that none of those 
nodes are unexpectedly modified or duplicated. This 
is probably not intentional.
    at div
    at div
    at div
    at div
    at spy (file:///C:/Users/Eli/Desktop/Claude%20Co
de/CPQ-System/node_modules/tinyspy/dist/index.js:42:
80)
    at div
    at div
    at div
    at C:\Users\Eli\Desktop\Claude 
Code\CPQ-System\src\components\ui\card.tsx:81:57
    at div
    at C:\Users\Eli\Desktop\Claude 
Code\CPQ-System\src\components\ui\card.tsx:7:50
    at BOMGrid (C:\Users\Eli\Desktop\Claude Code\CPQ
-System\src\components\shared\BOMGrid.tsx:22:3)
Warning: A component is `contentEditable` and 
contains `children` managed by React. It is now 
your responsibility to guarantee that none of those 
nodes are unexpectedly modified or duplicated. This 
is probably not intentional.
    at div
    at div
    at div
    at div
    at spy (file:///C:/Users/Eli/Desktop/Claude%20Co
de/CPQ-System/node_modules/tinyspy/dist/index.js:42:
80)
    at div
    at div
    at div
    at C:\Users\Eli\Desktop\Claude 
Code\CPQ-System\src\components\ui\card.tsx:81:57
    at div
    at C:\Users\Eli\Desktop\Claude 
Code\CPQ-System\src\components\ui\card.tsx:7:50
    at BOMGrid (C:\Users\Eli\Desktop\Claude Code\CPQ
-System\src\components\shared\BOMGrid.tsx:22:3)
Warning: A component is `contentEditable` and 
contains `children` managed by React. It is now 
your responsibility to guarantee that none of those 
nodes are unexpectedly modified or duplicated. This 
is probably not intentional.
    at div
    at div
    at div
    at div
    at spy (file:///C:/Users/Eli/Desktop/Claude%20Co
de/CPQ-System/node_modules/tinyspy/dist/index.js:42:
80)
    at div
    at div
    at div
    at C:\Users\Eli\Desktop\Claude 
Code\CPQ-System\src\components\ui\card.tsx:81:57
    at div
    at C:\Users\Eli\Desktop\Claude 
Code\CPQ-System\src\components\ui\card.tsx:7:50
    at BOMGrid (C:\Users\Eli\Desktop\Claude Code\CPQ
-System\src\components\shared\BOMGrid.tsx:22:3)
Warning: A component is `contentEditable` and 
contains `children` managed by React. It is now 
your responsibility to guarantee that none of those 
nodes are unexpectedly modified or duplicated. This 
is probably not intentional.
    at div
    at div
    at div
    at div
    at spy (file:///C:/Users/Eli/Desktop/Claude%20Co
de/CPQ-System/node_modules/tinyspy/dist/index.js:42:
80)
    at div
    at div
    at div
    at C:\Users\Eli\Desktop\Claude 
Code\CPQ-System\src\components\ui\card.tsx:81:57
    at div
    at C:\Users\Eli\Desktop\Claude 
Code\CPQ-System\src\components\ui\card.tsx:7:50
    at BOMGrid (C:\Users\Eli\Desktop\Claude Code\CPQ
-System\src\components\shared\BOMGrid.tsx:22:3)
Warning: A component is `contentEditable` and 
contains `children` managed by React. It is now 
your responsibility to guarantee that none of those 
nodes are unexpectedly modified or duplicated. This 
is probably not intentional.
    at div
    at div
    at div
    at div
    at spy (file:///C:/Users/Eli/Desktop/Claude%20Co
de/CPQ-System/node_modules/tinyspy/dist/index.js:42:
80)
    at div
    at div
    at div
    at C:\Users\Eli\Desktop\Claude 
Code\CPQ-System\src\components\ui\card.tsx:81:57
    at div
    at C:\Users\Eli\Desktop\Claude 
Code\CPQ-System\src\components\ui\card.tsx:7:50
    at BOMGrid (C:\Users\Eli\Desktop\Claude Code\CPQ
-System\src\components\shared\BOMGrid.tsx:22:3)
Warning: A component is `contentEditable` and 
contains `children` managed by React. It is now 
your responsibility to guarantee that none of those 
nodes are unexpectedly modified or duplicated. This 
is probably not intentional.
    at div
    at div
    at div
    at div
    at spy (file:///C:/Users/Eli/Desktop/Claude%20Co
de/CPQ-System/node_modules/tinyspy/dist/index.js:42:
80)
    at div
    at div
    at div
    at C:\Users\Eli\Desktop\Claude 
Code\CPQ-System\src\components\ui\card.tsx:81:57
    at div
    at C:\Users\Eli\Desktop\Claude 
Code\CPQ-System\src\components\ui\card.tsx:7:50
    at BOMGrid (C:\Users\Eli\Desktop\Claude Code\CPQ
-System\src\components\shared\BOMGrid.tsx:22:3)
Warning: A component is `contentEditable` and 
contains `children` managed by React. It is now 
your responsibility to guarantee that none of those 
nodes are unexpectedly modified or duplicated. This 
is probably not intentional.
    at div
    at div
    at div
    at div
    at spy (file:///C:/Users/Eli/Desktop/Claude%20Co
de/CPQ-System/node_modules/tinyspy/dist/index.js:42:
80)
    at div
    at div
    at div
    at C:\Users\Eli\Desktop\Claude 
Code\CPQ-System\src\components\ui\card.tsx:81:57
    at div
    at C:\Users\Eli\Desktop\Claude 
Code\CPQ-System\src\components\ui\card.tsx:7:50
    at BOMGrid (C:\Users\Eli\Desktop\Claude Code\CPQ
-System\src\components\shared\BOMGrid.tsx:22:3)
Warning: A component is `contentEditable` and 
contains `children` managed by React. It is now 
your responsibility to guarantee that none of those 
nodes are unexpectedly modified or duplicated. This 
is probably not intentional.
    at div
    at div
    at div
    at div
    at spy (file:///C:/Users/Eli/Desktop/Claude%20Co
de/CPQ-System/node_modules/tinyspy/dist/index.js:42:
80)
    at div
    at div
    at div
    at C:\Users\Eli\Desktop\Claude 
Code\CPQ-System\src\components\ui\card.tsx:81:57
    at div
    at C:\Users\Eli\Desktop\Claude 
Code\CPQ-System\src\components\ui\card.tsx:7:50
    at BOMGrid (C:\Users\Eli\Desktop\Claude Code\CPQ
-System\src\components\shared\BOMGrid.tsx:22:3)
Warning: A component is `contentEditable` and 
contains `children` managed by React. It is now 
your responsibility to guarantee that none of those 
nodes are unexpectedly modified or duplicated. This 
is probably not intentional.
    at div
    at div
    at div
    at div
    at spy (file:///C:/Users/Eli/Desktop/Claude%20Co
de/CPQ-System/node_modules/tinyspy/dist/index.js:42:
80)
    at div
    at div
    at div
    at C:\Users\Eli\Desktop\Claude 
Code\CPQ-System\src\components\ui\card.tsx:81:57
    at div
    at C:\Users\Eli\Desktop\Claude 
Code\CPQ-System\src\components\ui\card.tsx:7:50
    at BOMGrid (C:\Users\Eli\Desktop\Claude Code\CPQ
-System\src\components\shared\BOMGrid.tsx:22:3)
Warning: A component is `contentEditable` and 
contains `children` managed by React. It is now 
your responsibility to guarantee that none of those 
nodes are unexpectedly modified or duplicated. This 
is probably not intentional.
    at div
    at div
    at div
    at div
    at spy (file:///C:/Users/Eli/Desktop/Claude%20Co
de/CPQ-System/node_modules/tinyspy/dist/index.js:42:
80)
    at div
    at div
    at div
    at C:\Users\Eli\Desktop\Claude 
Code\CPQ-System\src\components\ui\card.tsx:81:57
    at div
    at C:\Users\Eli\Desktop\Claude 
Code\CPQ-System\src\components\ui\card.tsx:7:50
    at BOMGrid (C:\Users\Eli\Desktop\Claude Code\CPQ
-System\src\components\shared\BOMGrid.tsx:22:3)
Warning: A component is `contentEditable` and 
contains `children` managed by React. It is now 
your responsibility to guarantee that none of those 
nodes are unexpectedly modified or duplicated. This 
is probably not intentional.
    at div
    at div
    at div
    at div
    at spy (file:///C:/Users/Eli/Desktop/Claude%20Co
de/CPQ-System/node_modules/tinyspy/dist/index.js:42:
80)
    at div
    at div
    at div
    at C:\Users\Eli\Desktop\Claude 
Code\CPQ-System\src\components\ui\card.tsx:81:57
    at div
    at C:\Users\Eli\Desktop\Claude 
Code\CPQ-System\src\components\ui\card.tsx:7:50
    at BOMGrid (C:\Users\Eli\Desktop\Claude Code\CPQ
-System\src\components\shared\BOMGrid.tsx:22:3)
Warning: A component is `contentEditable` and 
contains `children` managed by React. It is now 
your responsibility to guarantee that none of those 
nodes are unexpectedly modified or duplicated. This 
is probably not intentional.
    at div
    at div
    at div
    at div
    at spy (file:///C:/Users/Eli/Desktop/Claude%20Co
de/CPQ-System/node_modules/tinyspy/dist/index.js:42:
80)
    at div
    at div
    at div
    at C:\Users\Eli\Desktop\Claude 
Code\CPQ-System\src\components\ui\card.tsx:81:57
    at div
    at C:\Users\Eli\Desktop\Claude 
Code\CPQ-System\src\components\ui\card.tsx:7:50
    at BOMGrid (C:\Users\Eli\Desktop\Claude Code\CPQ
-System\src\components\shared\BOMGrid.tsx:22:3)
Warning: A component is `contentEditable` and 
contains `children` managed by React. It is now 
your responsibility to guarantee that none of those 
nodes are unexpectedly modified or duplicated. This 
is probably not intentional.
    at div
    at div
    at div
    at div
    at spy (file:///C:/Users/Eli/Desktop/Claude%20Co
de/CPQ-System/node_modules/tinyspy/dist/index.js:42:
80)
    at div
    at div
    at div
    at C:\Users\Eli\Desktop\Claude 
Code\CPQ-System\src\components\ui\card.tsx:81:57
    at div
    at C:\Users\Eli\Desktop\Claude 
Code\CPQ-System\src\components\ui\card.tsx:7:50
    at BOMGrid (C:\Users\Eli\Desktop\Claude Code\CPQ
-System\src\components\shared\BOMGrid.tsx:22:3)
Warning: A component is `contentEditable` and 
contains `children` managed by React. It is now 
your responsibility to guarantee that none of those 
nodes are unexpectedly modified or duplicated. This 
is probably not intentional.
    at div
    at div
    at div
    at div
    at spy (file:///C:/Users/Eli/Desktop/Claude%20Co
de/CPQ-System/node_modules/tinyspy/dist/index.js:42:
80)
    at div
    at div
    at div
    at C:\Users\Eli\Desktop\Claude 
Code\CPQ-System\src\components\ui\card.tsx:81:57
    at div
    at C:\Users\Eli\Desktop\Claude 
Code\CPQ-System\src\components\ui\card.tsx:7:50
    at BOMGrid (C:\Users\Eli\Desktop\Claude Code\CPQ
-System\src\components\shared\BOMGrid.tsx:22:3)
Warning: A component is `contentEditable` and 
contains `children` managed by React. It is now 
your responsibility to guarantee that none of those 
nodes are unexpectedly modified or duplicated. This 
is probably not intentional.
    at div
    at div
    at div
    at div
    at spy (file:///C:/Users/Eli/Desktop/Claude%20Co
de/CPQ-System/node_modules/tinyspy/dist/index.js:42:
80)
    at div
    at div
    at div
    at C:\Users\Eli\Desktop\Claude 
Code\CPQ-System\src\components\ui\card.tsx:81:57
    at div
    at C:\Users\Eli\Desktop\Claude 
Code\CPQ-System\src\components\ui\card.tsx:7:50
    at BOMGrid (C:\Users\Eli\Desktop\Claude Code\CPQ
-System\src\components\shared\BOMGrid.tsx:22:3)
Warning: A component is `contentEditable` and 
contains `children` managed by React. It is now 
your responsibility to guarantee that none of those 
nodes are unexpectedly modified or duplicated. This 
is probably not intentional.
    at div
    at div
    at div
    at div
    at spy (file:///C:/Users/Eli/Desktop/Claude%20Co
de/CPQ-System/node_modules/tinyspy/dist/index.js:42:
80)
    at div
    at div
    at div
    at C:\Users\Eli\Desktop\Claude 
Code\CPQ-System\src\components\ui\card.tsx:81:57
    at div
    at C:\Users\Eli\Desktop\Claude 
Code\CPQ-System\src\components\ui\card.tsx:7:50
    at BOMGrid (C:\Users\Eli\Desktop\Claude Code\CPQ
-System\src\components\shared\BOMGrid.tsx:22:3)
Warning: A component is `contentEditable` and 
contains `children` managed by React. It is now 
your responsibility to guarantee that none of those 
nodes are unexpectedly modified or duplicated. This 
is probably not intentional.
    at div
    at div
    at div
    at div
    at spy (file:///C:/Users/Eli/Desktop/Claude%20Co
de/CPQ-System/node_modules/tinyspy/dist/index.js:42:
80)
    at div
    at div
    at div
    at C:\Users\Eli\Desktop\Claude 
Code\CPQ-System\src\components\ui\card.tsx:81:57
    at div
    at C:\Users\Eli\Desktop\Claude 
Code\CPQ-System\src\components\ui\card.tsx:7:50
    at BOMGrid (C:\Users\Eli\Desktop\Claude Code\CPQ
-System\src\components\shared\BOMGrid.tsx:22:3)
Warning: A component is `contentEditable` and 
contains `children` managed by React. It is now 
your responsibility to guarantee that none of those 
nodes are unexpectedly modified or duplicated. This 
is probably not intentional.
    at div
    at div
    at div
    at div
    at spy (file:///C:/Users/Eli/Desktop/Claude%20Co
de/CPQ-System/node_modules/tinyspy/dist/index.js:42:
80)
    at div
    at div
    at div
    at C:\Users\Eli\Desktop\Claude 
Code\CPQ-System\src\components\ui\card.tsx:81:57
    at div
    at C:\Users\Eli\Desktop\Claude 
Code\CPQ-System\src\components\ui\card.tsx:7:50
    at BOMGrid (C:\Users\Eli\Desktop\Claude Code\CPQ
-System\src\components\shared\BOMGrid.tsx:22:3)
Warning: A component is `contentEditable` and 
contains `children` managed by React. It is now 
your responsibility to guarantee that none of those 
nodes are unexpectedly modified or duplicated. This 
is probably not intentional.
    at div
    at div
    at div
    at div
    at spy (file:///C:/Users/Eli/Desktop/Claude%20Co
de/CPQ-System/node_modules/tinyspy/dist/index.js:42:
80)
    at div
    at div
    at div
    at C:\Users\Eli\Desktop\Claude 
Code\CPQ-System\src\components\ui\card.tsx:81:57
    at div
    at C:\Users\Eli\Desktop\Claude 
Code\CPQ-System\src\components\ui\card.tsx:7:50
    at BOMGrid (C:\Users\Eli\Desktop\Claude Code\CPQ
-System\src\components\shared\BOMGrid.tsx:22:3)
Warning: A component is `contentEditable` and 
contains `children` managed by React. It is now 
your responsibility to guarantee that none of those 
nodes are unexpectedly modified or duplicated. This 
is probably not intentional.
    at div
    at div
    at div
    at div
    at spy (file:///C:/Users/Eli/Desktop/Claude%20Co
de/CPQ-System/node_modules/tinyspy/dist/index.js:42:
80)
    at div
    at div
    at div
    at C:\Users\Eli\Desktop\Claude 
Code\CPQ-System\src\components\ui\card.tsx:81:57
    at div
    at C:\Users\Eli\Desktop\Claude 
Code\CPQ-System\src\components\ui\card.tsx:7:50
    at BOMGrid (C:\Users\Eli\Desktop\Claude Code\CPQ
-System\src\components\shared\BOMGrid.tsx:22:3)
Warning: A component is `contentEditable` and 
contains `children` managed by React. It is now 
your responsibility to guarantee that none of those 
nodes are unexpectedly modified or duplicated. This 
is probably not intentional.
    at div
    at div
    at div
    at div
    at spy (file:///C:/Users/Eli/Desktop/Claude%20Co
de/CPQ-System/node_modules/tinyspy/dist/index.js:42:
80)
    at div
    at div
    at div
    at C:\Users\Eli\Desktop\Claude 
Code\CPQ-System\src\components\ui\card.tsx:81:57
    at div
    at C:\Users\Eli\Desktop\Claude 
Code\CPQ-System\src\components\ui\card.tsx:7:50
    at BOMGrid (C:\Users\Eli\Desktop\Claude Code\CPQ
-System\src\components\shared\BOMGrid.tsx:22:3)
Warning: A component is `contentEditable` and 
contains `children` managed by React. It is now 
your responsibility to guarantee that none of those 
nodes are unexpectedly modified or duplicated. This 
is probably not intentional.
    at div
    at div
    at div
    at div
    at spy (file:///C:/Users/Eli/Desktop/Claude%20Co
de/CPQ-System/node_modules/tinyspy/dist/index.js:42:
80)
    at div
    at div
    at div
    at C:\Users\Eli\Desktop\Claude 
Code\CPQ-System\src\components\ui\card.tsx:81:57
    at div
    at C:\Users\Eli\Desktop\Claude 
Code\CPQ-System\src\components\ui\card.tsx:7:50
    at BOMGrid (C:\Users\Eli\Desktop\Claude Code\CPQ
-System\src\components\shared\BOMGrid.tsx:22:3)
Warning: A component is `contentEditable` and 
contains `children` managed by React. It is now 
your responsibility to guarantee that none of those 
nodes are unexpectedly modified or duplicated. This 
is probably not intentional.
    at div
    at div
    at div
    at div
    at spy (file:///C:/Users/Eli/Desktop/Claude%20Co
de/CPQ-System/node_modules/tinyspy/dist/index.js:42:
80)
    at div
    at div
    at div
    at C:\Users\Eli\Desktop\Claude 
Code\CPQ-System\src\components\ui\card.tsx:81:57
    at div
    at C:\Users\Eli\Desktop\Claude 
Code\CPQ-System\src\components\ui\card.tsx:7:50
    at BOMGrid (C:\Users\Eli\Desktop\Claude Code\CPQ
-System\src\components\shared\BOMGrid.tsx:22:3)
Warning: A component is `contentEditable` and 
contains `children` managed by React. It is now 
your responsibility to guarantee that none of those 
nodes are unexpectedly modified or duplicated. This 
is probably not intentional.
    at div
    at div
    at div
    at div
    at spy (file:///C:/Users/Eli/Desktop/Claude%20Co
de/CPQ-System/node_modules/tinyspy/dist/index.js:42:
80)
    at div
    at div
    at div
    at C:\Users\Eli\Desktop\Claude 
Code\CPQ-System\src\components\ui\card.tsx:81:57
    at div
    at C:\Users\Eli\Desktop\Claude 
Code\CPQ-System\src\components\ui\card.tsx:7:50
    at BOMGrid (C:\Users\Eli\Desktop\Claude Code\CPQ
-System\src\components\shared\BOMGrid.tsx:22:3)
Warning: A component is `contentEditable` and 
contains `children` managed by React. It is now 
your responsibility to guarantee that none of those 
nodes are unexpectedly modified or duplicated. This 
is probably not intentional.
    at div
    at div
    at div
    at div
    at spy (file:///C:/Users/Eli/Desktop/Claude%20Co
de/CPQ-System/node_modules/tinyspy/dist/index.js:42:
80)
    at div
    at div
    at div
    at C:\Users\Eli\Desktop\Claude 
Code\CPQ-System\src\components\ui\card.tsx:81:57
    at div
    at C:\Users\Eli\Desktop\Claude 
Code\CPQ-System\src\components\ui\card.tsx:7:50
    at BOMGrid (C:\Users\Eli\Desktop\Claude Code\CPQ
-System\src\components\shared\BOMGrid.tsx:22:3)
Warning: A component is `contentEditable` and 
contains `children` managed by React. It is now 
your responsibility to guarantee that none of those 
nodes are unexpectedly modified or duplicated. This 
is probably not intentional.
    at div
    at div
    at div
    at div
    at spy (file:///C:/Users/Eli/Desktop/Claude%20Co
de/CPQ-System/node_modules/tinyspy/dist/index.js:42:
80)
    at div
    at div
    at div
    at C:\Users\Eli\Desktop\Claude 
Code\CPQ-System\src\components\ui\card.tsx:81:57
    at div
    at C:\Users\Eli\Desktop\Claude 
Code\CPQ-System\src\components\ui\card.tsx:7:50
    at BOMGrid (C:\Users\Eli\Desktop\Claude Code\CPQ
-System\src\components\shared\BOMGrid.tsx:22:3)
Warning: A component is `contentEditable` and 
contains `children` managed by React. It is now 
your responsibility to guarantee that none of those 
nodes are unexpectedly modified or duplicated. This 
is probably not intentional.
    at div
    at div
    at div
    at div
    at spy (file:///C:/Users/Eli/Desktop/Claude%20Co
de/CPQ-System/node_modules/tinyspy/dist/index.js:42:
80)
    at div
    at div
    at div
    at C:\Users\Eli\Desktop\Claude 
Code\CPQ-System\src\components\ui\card.tsx:81:57
    at div
    at C:\Users\Eli\Desktop\Claude 
Code\CPQ-System\src\components\ui\card.tsx:7:50
    at BOMGrid (C:\Users\Eli\Desktop\Claude Code\CPQ
-System\src\components\shared\BOMGrid.tsx:22:3)
Warning: A component is `contentEditable` and 
contains `children` managed by React. It is now 
your responsibility to guarantee that none of those 
nodes are unexpectedly modified or duplicated. This 
is probably not intentional.
    at div
    at div
    at div
    at div
    at spy (file:///C:/Users/Eli/Desktop/Claude%20Co
de/CPQ-System/node_modules/tinyspy/dist/index.js:42:
80)
    at div
    at div
    at div
    at C:\Users\Eli\Desktop\Claude 
Code\CPQ-System\src\components\ui\card.tsx:81:57
    at div
    at C:\Users\Eli\Desktop\Claude 
Code\CPQ-System\src\components\ui\card.tsx:7:50
    at BOMGrid (C:\Users\Eli\Desktop\Claude Code\CPQ
-System\src\components\shared\BOMGrid.tsx:22:3)
Warning: A component is `contentEditable` and 
contains `children` managed by React. It is now 
your responsibility to guarantee that none of those 
nodes are unexpectedly modified or duplicated. This 
is probably not intentional.
    at div
    at div
    at div
    at div
    at spy (file:///C:/Users/Eli/Desktop/Claude%20Co
de/CPQ-System/node_modules/tinyspy/dist/index.js:42:
80)
    at div
    at div
    at div
    at C:\Users\Eli\Desktop\Claude 
Code\CPQ-System\src\components\ui\card.tsx:81:57
    at div
    at C:\Users\Eli\Desktop\Claude 
Code\CPQ-System\src\components\ui\card.tsx:7:50
    at BOMGrid (C:\Users\Eli\Desktop\Claude Code\CPQ
-System\src\components\shared\BOMGrid.tsx:22:3)
Warning: A component is `contentEditable` and 
contains `children` managed by React. It is now 
your responsibility to guarantee that none of those 
nodes are unexpectedly modified or duplicated. This 
is probably not intentional.
    at div
    at div
    at div
    at div
    at spy (file:///C:/Users/Eli/Desktop/Claude%20Co
de/CPQ-System/node_modules/tinyspy/dist/index.js:42:
80)
    at div
    at div
    at div
    at C:\Users\Eli\Desktop\Claude 
Code\CPQ-System\src\components\ui\card.tsx:81:57
    at div
    at C:\Users\Eli\Desktop\Claude 
Code\CPQ-System\src\components\ui\card.tsx:7:50
    at BOMGrid (C:\Users\Eli\Desktop\Claude Code\CPQ
-System\src\components\shared\BOMGrid.tsx:22:3)
Warning: A component is `contentEditable` and 
contains `children` managed by React. It is now 
your responsibility to guarantee that none of those 
nodes are unexpectedly modified or duplicated. This 
is probably not intentional.
    at div
    at div
    at div
    at div
    at spy (file:///C:/Users/Eli/Desktop/Claude%20Co
de/CPQ-System/node_modules/tinyspy/dist/index.js:42:
80)
    at div
    at div
    at div
    at C:\Users\Eli\Desktop\Claude 
Code\CPQ-System\src\components\ui\card.tsx:81:57
    at div
    at C:\Users\Eli\Desktop\Claude 
Code\CPQ-System\src\components\ui\card.tsx:7:50
    at BOMGrid (C:\Users\Eli\Desktop\Claude Code\CPQ
-System\src\components\shared\BOMGrid.tsx:22:3)
Warning: A component is `contentEditable` and 
contains `children` managed by React. It is now 
your responsibility to guarantee that none of those 
nodes are unexpectedly modified or duplicated. This 
is probably not intentional.
    at div
    at div
    at div
    at div
    at spy (file:///C:/Users/Eli/Desktop/Claude%20Co
de/CPQ-System/node_modules/tinyspy/dist/index.js:42:
80)
    at div
    at div
    at div
    at C:\Users\Eli\Desktop\Claude 
Code\CPQ-System\src\components\ui\card.tsx:81:57
    at div
    at C:\Users\Eli\Desktop\Claude 
Code\CPQ-System\src\components\ui\card.tsx:7:50
    at BOMGrid (C:\Users\Eli\Desktop\Claude Code\CPQ
-System\src\components\shared\BOMGrid.tsx:22:3)
Warning: A component is `contentEditable` and 
contains `children` managed by React. It is now 
your responsibility to guarantee that none of those 
nodes are unexpectedly modified or duplicated. This 
is probably not intentional.
    at div
    at div
    at div
    at div
    at spy (file:///C:/Users/Eli/Desktop/Claude%20Co
de/CPQ-System/node_modules/tinyspy/dist/index.js:42:
80)
    at div
    at div
    at div
    at C:\Users\Eli\Desktop\Claude 
Code\CPQ-System\src\components\ui\card.tsx:81:57
    at div
    at C:\Users\Eli\Desktop\Claude 
Code\CPQ-System\src\components\ui\card.tsx:7:50
    at BOMGrid (C:\Users\Eli\Desktop\Claude Code\CPQ
-System\src\components\shared\BOMGrid.tsx:22:3)
Warning: A component is `contentEditable` and 
contains `children` managed by React. It is now 
your responsibility to guarantee that none of those 
nodes are unexpectedly modified or duplicated. This 
is probably not intentional.
    at div
    at div
    at div
    at div
    at spy (file:///C:/Users/Eli/Desktop/Claude%20Co
de/CPQ-System/node_modules/tinyspy/dist/index.js:42:
80)
    at div
    at div
    at div
    at C:\Users\Eli\Desktop\Claude 
Code\CPQ-System\src\components\ui\card.tsx:81:57
    at div
    at C:\Users\Eli\Desktop\Claude 
Code\CPQ-System\src\components\ui\card.tsx:7:50
    at BOMGrid (C:\Users\Eli\Desktop\Claude Code\CPQ
-System\src\components\shared\BOMGrid.tsx:22:3)
Warning: A component is `contentEditable` and 
contains `children` managed by React. It is now 
your responsibility to guarantee that none of those 
nodes are unexpectedly modified or duplicated. This 
is probably not intentional.
    at div
    at div
    at div
    at div
    at spy (file:///C:/Users/Eli/Desktop/Claude%20Co
de/CPQ-System/node_modules/tinyspy/dist/index.js:42:
80)
    at div
    at div
    at div
    at C:\Users\Eli\Desktop\Claude 
Code\CPQ-System\src\components\ui\card.tsx:81:57
    at div
    at C:\Users\Eli\Desktop\Claude 
Code\CPQ-System\src\components\ui\card.tsx:7:50
    at BOMGrid (C:\Users\Eli\Desktop\Claude Code\CPQ
-System\src\components\shared\BOMGrid.tsx:22:3)
Warning: A component is `contentEditable` and 
contains `children` managed by React. It is now 
your responsibility to guarantee that none of those 
nodes are unexpectedly modified or duplicated. This 
is probably not intentional.
    at div
    at div
    at div
    at div
    at spy (file:///C:/Users/Eli/Desktop/Claude%20Co
de/CPQ-System/node_modules/tinyspy/dist/index.js:42:
80)
    at div
    at div
    at div
    at C:\Users\Eli\Desktop\Claude 
Code\CPQ-System\src\components\ui\card.tsx:81:57
    at div
    at C:\Users\Eli\Desktop\Claude 
Code\CPQ-System\src\components\ui\card.tsx:7:50
    at BOMGrid (C:\Users\Eli\Desktop\Claude Code\CPQ
-System\src\components\shared\BOMGrid.tsx:22:3)
Warning: A component is `contentEditable` and 
contains `children` managed by React. It is now 
your responsibility to guarantee that none of those 
nodes are unexpectedly modified or duplicated. This 
is probably not intentional.
    at div
    at div
    at div
    at div
    at spy (file:///C:/Users/Eli/Desktop/Claude%20Co
de/CPQ-System/node_modules/tinyspy/dist/index.js:42:
80)
    at div
    at div
    at div
    at C:\Users\Eli\Desktop\Claude 
Code\CPQ-System\src\components\ui\card.tsx:81:57
    at div
    at C:\Users\Eli\Desktop\Claude 
Code\CPQ-System\src\components\ui\card.tsx:7:50
    at BOMGrid (C:\Users\Eli\Desktop\Claude Code\CPQ
-System\src\components\shared\BOMGrid.tsx:22:3)
Warning: A component is `contentEditable` and 
contains `children` managed by React. It is now 
your responsibility to guarantee that none of those 
nodes are unexpectedly modified or duplicated. This 
is probably not intentional.
    at div
    at div
    at div
    at div
    at spy (file:///C:/Users/Eli/Desktop/Claude%20Co
de/CPQ-System/node_modules/tinyspy/dist/index.js:42:
80)
    at div
    at div
    at div
    at C:\Users\Eli\Desktop\Claude 
Code\CPQ-System\src\components\ui\card.tsx:81:57
    at div
    at C:\Users\Eli\Desktop\Claude 
Code\CPQ-System\src\components\ui\card.tsx:7:50
    at BOMGrid (C:\Users\Eli\Desktop\Claude Code\CPQ
-System\src\components\shared\BOMGrid.tsx:22:3)
Warning: A component is `contentEditable` and 
contains `children` managed by React. It is now 
your responsibility to guarantee that none of those 
nodes are unexpectedly modified or duplicated. This 
is probably not intentional.
    at div
    at div
    at div
    at div
    at spy (file:///C:/Users/Eli/Desktop/Claude%20Co
de/CPQ-System/node_modules/tinyspy/dist/index.js:42:
80)
    at div
    at div
    at div
    at C:\Users\Eli\Desktop\Claude 
Code\CPQ-System\src\components\ui\card.tsx:81:57
    at div
    at C:\Users\Eli\Desktop\Claude 
Code\CPQ-System\src\components\ui\card.tsx:7:50
    at BOMGrid (C:\Users\Eli\Desktop\Claude Code\CPQ
-System\src\components\shared\BOMGrid.tsx:22:3)
Warning: A component is `contentEditable` and 
contains `children` managed by React. It is now 
your responsibility to guarantee that none of those 
nodes are unexpectedly modified or duplicated. This 
is probably not intentional.
    at div
    at div
    at div
    at div
    at spy (file:///C:/Users/Eli/Desktop/Claude%20Co
de/CPQ-System/node_modules/tinyspy/dist/index.js:42:
80)
    at div
    at div
    at div
    at C:\Users\Eli\Desktop\Claude 
Code\CPQ-System\src\components\ui\card.tsx:81:57
    at div
    at C:\Users\Eli\Desktop\Claude 
Code\CPQ-System\src\components\ui\card.tsx:7:50
    at BOMGrid (C:\Users\Eli\Desktop\Claude Code\CPQ
-System\src\components\shared\BOMGrid.tsx:22:3)
Warning: A component is `contentEditable` and 
contains `children` managed by React. It is now 
your responsibility to guarantee that none of those 
nodes are unexpectedly modified or duplicated. This 
is probably not intentional.
    at div
    at div
    at div
    at div
    at spy (file:///C:/Users/Eli/Desktop/Claude%20Co
de/CPQ-System/node_modules/tinyspy/dist/index.js:42:
80)
    at div
    at div
    at div
    at C:\Users\Eli\Desktop\Claude 
Code\CPQ-System\src\components\ui\card.tsx:81:57
    at div
    at C:\Users\Eli\Desktop\Claude 
Code\CPQ-System\src\components\ui\card.tsx:7:50
    at BOMGrid (C:\Users\Eli\Desktop\Claude Code\CPQ
-System\src\components\shared\BOMGrid.tsx:22:3)
Warning: A component is `contentEditable` and 
contains `children` managed by React. It is now 
your responsibility to guarantee that none of those 
nodes are unexpectedly modified or duplicated. This 
is probably not intentional.
    at div
    at div
    at div
    at div
    at spy (file:///C:/Users/Eli/Desktop/Claude%20Co
de/CPQ-System/node_modules/tinyspy/dist/index.js:42:
80)
    at div
    at div
    at div
    at C:\Users\Eli\Desktop\Claude 
Code\CPQ-System\src\components\ui\card.tsx:81:57
    at div
    at C:\Users\Eli\Desktop\Claude 
Code\CPQ-System\src\components\ui\card.tsx:7:50
    at BOMGrid (C:\Users\Eli\Desktop\Claude Code\CPQ
-System\src\components\shared\BOMGrid.tsx:22:3)
Warning: A component is `contentEditable` and 
contains `children` managed by React. It is now 
your responsibility to guarantee that none of those 
nodes are unexpectedly modified or duplicated. This 
is probably not intentional.
    at div
    at div
    at div
    at div
    at spy (file:///C:/Users/Eli/Desktop/Claude%20Co
de/CPQ-System/node_modules/tinyspy/dist/index.js:42:
80)
    at div
    at div
    at div
    at C:\Users\Eli\Desktop\Claude 
Code\CPQ-System\src\components\ui\card.tsx:81:57
    at div
    at C:\Users\Eli\Desktop\Claude 
Code\CPQ-System\src\components\ui\card.tsx:7:50
    at BOMGrid (C:\Users\Eli\Desktop\Claude Code\CPQ
-System\src\components\shared\BOMGrid.tsx:22:3)
Warning: A component is `contentEditable` and 
contains `children` managed by React. It is now 
your responsibility to guarantee that none of those 
nodes are unexpectedly modified or duplicated. This 
is probably not intentional.
    at div
    at div
    at div
    at div
    at spy (file:///C:/Users/Eli/Desktop/Claude%20Co
de/CPQ-System/node_modules/tinyspy/dist/index.js:42:
80)
    at div
    at div
    at div
    at C:\Users\Eli\Desktop\Claude 
Code\CPQ-System\src\components\ui\card.tsx:81:57
    at div
    at C:\Users\Eli\Desktop\Claude 
Code\CPQ-System\src\components\ui\card.tsx:7:50
    at BOMGrid (C:\Users\Eli\Desktop\Claude Code\CPQ
-System\src\components\shared\BOMGrid.tsx:22:3)
Warning: A component is `contentEditable` and 
contains `children` managed by React. It is now 
your responsibility to guarantee that none of those 
nodes are unexpectedly modified or duplicated. This 
is probably not intentional.
    at div
    at div
    at div
    at div
    at spy (file:///C:/Users/Eli/Desktop/Claude%20Co
de/CPQ-System/node_modules/tinyspy/dist/index.js:42:
80)
    at div
    at div
    at div
    at C:\Users\Eli\Desktop\Claude 
Code\CPQ-System\src\components\ui\card.tsx:81:57
    at div
    at C:\Users\Eli\Desktop\Claude 
Code\CPQ-System\src\components\ui\card.tsx:7:50
    at BOMGrid (C:\Users\Eli\Desktop\Claude Code\CPQ
-System\src\components\shared\BOMGrid.tsx:22:3)
Warning: A component is `contentEditable` and 
contains `children` managed by React. It is now 
your responsibility to guarantee that none of those 
nodes are unexpectedly modified or duplicated. This 
is probably not intentional.
    at div
    at div
    at div
    at div
    at spy (file:///C:/Users/Eli/Desktop/Claude%20Co
de/CPQ-System/node_modules/tinyspy/dist/index.js:42:
80)
    at div
    at div
    at div
    at C:\Users\Eli\Desktop\Claude 
Code\CPQ-System\src\components\ui\card.tsx:81:57
    at div
    at C:\Users\Eli\Desktop\Claude 
Code\CPQ-System\src\components\ui\card.tsx:7:50
    at BOMGrid (C:\Users\Eli\Desktop\Claude Code\CPQ
-System\src\components\shared\BOMGrid.tsx:22:3)
Warning: A component is `contentEditable` and 
contains `children` managed by React. It is now 
your responsibility to guarantee that none of those 
nodes are unexpectedly modified or duplicated. This 
is probably not intentional.
    at div
    at div
    at div
    at div
    at spy (file:///C:/Users/Eli/Desktop/Claude%20Co
de/CPQ-System/node_modules/tinyspy/dist/index.js:42:
80)
    at div
    at div
    at div
    at C:\Users\Eli\Desktop\Claude 
Code\CPQ-System\src\components\ui\card.tsx:81:57
    at div
    at C:\Users\Eli\Desktop\Claude 
Code\CPQ-System\src\components\ui\card.tsx:7:50
    at BOMGrid (C:\Users\Eli\Desktop\Claude Code\CPQ
-System\src\components\shared\BOMGrid.tsx:22:3)
Warning: A component is `contentEditable` and 
contains `children` managed by React. It is now 
your responsibility to guarantee that none of those 
nodes are unexpectedly modified or duplicated. This 
is probably not intentional.
    at div
    at div
    at div
    at div
    at spy (file:///C:/Users/Eli/Desktop/Claude%20Co
de/CPQ-System/node_modules/tinyspy/dist/index.js:42:
80)
    at div
    at div
    at div
    at C:\Users\Eli\Desktop\Claude 
Code\CPQ-System\src\components\ui\card.tsx:81:57
    at div
    at C:\Users\Eli\Desktop\Claude 
Code\CPQ-System\src\components\ui\card.tsx:7:50
    at BOMGrid (C:\Users\Eli\Desktop\Claude Code\CPQ
-System\src\components\shared\BOMGrid.tsx:22:3)
Warning: A component is `contentEditable` and 
contains `children` managed by React. It is now 
your responsibility to guarantee that none of those 
nodes are unexpectedly modified or duplicated. This 
is probably not intentional.
    at div
    at div
    at div
    at div
    at spy (file:///C:/Users/Eli/Desktop/Claude%20Co
de/CPQ-System/node_modules/tinyspy/dist/index.js:42:
80)
    at div
    at div
    at div
    at C:\Users\Eli\Desktop\Claude 
Code\CPQ-System\src\components\ui\card.tsx:81:57
    at div
    at C:\Users\Eli\Desktop\Claude 
Code\CPQ-System\src\components\ui\card.tsx:7:50
    at BOMGrid (C:\Users\Eli\Desktop\Claude Code\CPQ
-System\src\components\shared\BOMGrid.tsx:22:3)
Warning: A component is `contentEditable` and 
contains `children` managed by React. It is now 
your responsibility to guarantee that none of those 
nodes are unexpectedly modified or duplicated. This 
is probably not intentional.
    at div
    at div
    at div
    at div
    at spy (file:///C:/Users/Eli/Desktop/Claude%20Co
de/CPQ-System/node_modules/tinyspy/dist/index.js:42:
80)
    at div
    at div
    at div
    at C:\Users\Eli\Desktop\Claude 
Code\CPQ-System\src\components\ui\card.tsx:81:57
    at div
    at C:\Users\Eli\Desktop\Claude 
Code\CPQ-System\src\components\ui\card.tsx:7:50
    at BOMGrid (C:\Users\Eli\Desktop\Claude Code\CPQ
-System\src\components\shared\BOMGrid.tsx:22:3)
Warning: A component is `contentEditable` and 
contains `children` managed by React. It is now 
your responsibility to guarantee that none of those 
nodes are unexpectedly modified or duplicated. This 
is probably not intentional.
    at div
    at div
    at div
    at div
    at spy (file:///C:/Users/Eli/Desktop/Claude%20Co
de/CPQ-System/node_modules/tinyspy/dist/index.js:42:
80)
    at div
    at div
    at div
    at C:\Users\Eli\Desktop\Claude 
Code\CPQ-System\src\components\ui\card.tsx:81:57
    at div
    at C:\Users\Eli\Desktop\Claude 
Code\CPQ-System\src\components\ui\card.tsx:7:50
    at BOMGrid (C:\Users\Eli\Desktop\Claude Code\CPQ
-System\src\components\shared\BOMGrid.tsx:22:3)
Warning: A component is `contentEditable` and 
contains `children` managed by React. It is now 
your responsibility to guarantee that none of those 
nodes are unexpectedly modified or duplicated. This 
is probably not intentional.
    at div
    at div
    at div
    at div
    at spy (file:///C:/Users/Eli/Desktop/Claude%20Co
de/CPQ-System/node_modules/tinyspy/dist/index.js:42:
80)
    at div
    at div
    at div
    at C:\Users\Eli\Desktop\Claude 
Code\CPQ-System\src\components\ui\card.tsx:81:57
    at div
    at C:\Users\Eli\Desktop\Claude 
Code\CPQ-System\src\components\ui\card.tsx:7:50
    at BOMGrid (C:\Users\Eli\Desktop\Claude Code\CPQ
-System\src\components\shared\BOMGrid.tsx:22:3)
Warning: A component is `contentEditable` and 
contains `children` managed by React. It is now 
your responsibility to guarantee that none of those 
nodes are unexpectedly modified or duplicated. This 
is probably not intentional.
    at div
    at div
    at div
    at div
    at spy (file:///C:/Users/Eli/Desktop/Claude%20Co
de/CPQ-System/node_modules/tinyspy/dist/index.js:42:
80)
    at div
    at div
    at div
    at C:\Users\Eli\Desktop\Claude 
Code\CPQ-System\src\components\ui\card.tsx:81:57
    at div
    at C:\Users\Eli\Desktop\Claude 
Code\CPQ-System\src\components\ui\card.tsx:7:50
    at BOMGrid (C:\Users\Eli\Desktop\Claude Code\CPQ
-System\src\components\shared\BOMGrid.tsx:22:3)
Warning: A component is `contentEditable` and 
contains `children` managed by React. It is now 
your responsibility to guarantee that none of those 
nodes are unexpectedly modified or duplicated. This 
is probably not intentional.
    at div
    at div
    at div
    at div
    at spy (file:///C:/Users/Eli/Desktop/Claude%20Co
de/CPQ-System/node_modules/tinyspy/dist/index.js:42:
80)
    at div
    at div
    at div
    at C:\Users\Eli\Desktop\Claude 
Code\CPQ-System\src\components\ui\card.tsx:81:57
    at div
    at C:\Users\Eli\Desktop\Claude 
Code\CPQ-System\src\components\ui\card.tsx:7:50
    at BOMGrid (C:\Users\Eli\Desktop\Claude Code\CPQ
-System\src\components\shared\BOMGrid.tsx:22:3)
Warning: A component is `contentEditable` and 
contains `children` managed by React. It is now 
your responsibility to guarantee that none of those 
nodes are unexpectedly modified or duplicated. This 
is probably not intentional.
    at div
    at div
    at div
    at div
    at spy (file:///C:/Users/Eli/Desktop/Claude%20Co
de/CPQ-System/node_modules/tinyspy/dist/index.js:42:
80)
    at div
    at div
    at div
    at C:\Users\Eli\Desktop\Claude 
Code\CPQ-System\src\components\ui\card.tsx:81:57
    at div
    at C:\Users\Eli\Desktop\Claude 
Code\CPQ-System\src\components\ui\card.tsx:7:50
    at BOMGrid (C:\Users\Eli\Desktop\Claude Code\CPQ
-System\src\components\shared\BOMGrid.tsx:22:3)
Warning: A component is `contentEditable` and 
contains `children` managed by React. It is now 
your responsibility to guarantee that none of those 
nodes are unexpectedly modified or duplicated. This 
is probably not intentional.
    at div
    at div
    at div
    at div
    at spy (file:///C:/Users/Eli/Desktop/Claude%20Co
de/CPQ-System/node_modules/tinyspy/dist/index.js:42:
80)
    at div
    at div
    at div
    at C:\Users\Eli\Desktop\Claude 
Code\CPQ-System\src\components\ui\card.tsx:81:57
    at div
    at C:\Users\Eli\Desktop\Claude 
Code\CPQ-System\src\components\ui\card.tsx:7:50
    at BOMGrid (C:\Users\Eli\Desktop\Claude Code\CPQ
-System\src\components\shared\BOMGrid.tsx:22:3)
Warning: A component is `contentEditable` and 
contains `children` managed by React. It is now 
your responsibility to guarantee that none of those 
nodes are unexpectedly modified or duplicated. This 
is probably not intentional.
    at div
    at div
    at div
    at div
    at spy (file:///C:/Users/Eli/Desktop/Claude%20Co
de/CPQ-System/node_modules/tinyspy/dist/index.js:42:
80)
    at div
    at div
    at div
    at C:\Users\Eli\Desktop\Claude 
Code\CPQ-System\src\components\ui\card.tsx:81:57
    at div
    at C:\Users\Eli\Desktop\Claude 
Code\CPQ-System\src\components\ui\card.tsx:7:50
    at BOMGrid (C:\Users\Eli\Desktop\Claude Code\CPQ
-System\src\components\shared\BOMGrid.tsx:22:3)
Warning: A component is `contentEditable` and 
contains `children` managed by React. It is now 
your responsibility to guarantee that none of those 
nodes are unexpectedly modified or duplicated. This 
is probably not intentional.
    at div
    at div
    at div
    at div
    at spy (file:///C:/Users/Eli/Desktop/Claude%20Co
de/CPQ-System/node_modules/tinyspy/dist/index.js:42:
80)
    at div
    at div
    at div
    at C:\Users\Eli\Desktop\Claude 
Code\CPQ-System\src\components\ui\card.tsx:81:57
    at div
    at C:\Users\Eli\Desktop\Claude 
Code\CPQ-System\src\components\ui\card.tsx:7:50
    at BOMGrid (C:\Users\Eli\Desktop\Claude Code\CPQ
-System\src\components\shared\BOMGrid.tsx:22:3)
Warning: A component is `contentEditable` and 
contains `children` managed by React. It is now 
your responsibility to guarantee that none of those 
nodes are unexpectedly modified or duplicated. This 
is probably not intentional.
    at div
    at div
    at div
    at div
    at spy (file:///C:/Users/Eli/Desktop/Claude%20Co
de/CPQ-System/node_modules/tinyspy/dist/index.js:42:
80)
    at div
    at div
    at div
    at C:\Users\Eli\Desktop\Claude 
Code\CPQ-System\src\components\ui\card.tsx:81:57
    at div
    at C:\Users\Eli\Desktop\Claude 
Code\CPQ-System\src\components\ui\card.tsx:7:50
    at BOMGrid (C:\Users\Eli\Desktop\Claude Code\CPQ
-System\src\components\shared\BOMGrid.tsx:22:3)
Warning: A component is `contentEditable` and 
contains `children` managed by React. It is now 
your responsibility to guarantee that none of those 
nodes are unexpectedly modified or duplicated. This 
is probably not intentional.
    at div
    at div
    at div
    at div
    at spy (file:///C:/Users/Eli/Desktop/Claude%20Co
de/CPQ-System/node_modules/tinyspy/dist/index.js:42:
80)
    at div
    at div
    at div
    at C:\Users\Eli\Desktop\Claude 
Code\CPQ-System\src\components\ui\card.tsx:81:57
    at div
    at C:\Users\Eli\Desktop\Claude 
Code\CPQ-System\src\components\ui\card.tsx:7:50
    at BOMGrid (C:\Users\Eli\Desktop\Claude Code\CPQ
-System\src\components\shared\BOMGrid.tsx:22:3)
Warning: A component is `contentEditable` and 
contains `children` managed by React. It is now 
your responsibility to guarantee that none of those 
nodes are unexpectedly modified or duplicated. This 
is probably not intentional.
    at div
    at div
    at div
    at div
    at spy (file:///C:/Users/Eli/Desktop/Claude%20Co
de/CPQ-System/node_modules/tinyspy/dist/index.js:42:
80)
    at div
    at div
    at div
    at C:\Users\Eli\Desktop\Claude 
Code\CPQ-System\src\components\ui\card.tsx:81:57
    at div
    at C:\Users\Eli\Desktop\Claude 
Code\CPQ-System\src\components\ui\card.tsx:7:50
    at BOMGrid (C:\Users\Eli\Desktop\Claude Code\CPQ
-System\src\components\shared\BOMGrid.tsx:22:3)
Warning: A component is `contentEditable` and 
contains `children` managed by React. It is now 
your responsibility to guarantee that none of those 
nodes are unexpectedly modified or duplicated. This 
is probably not intentional.
    at div
    at div
    at div
    at div
    at spy (file:///C:/Users/Eli/Desktop/Claude%20Co
de/CPQ-System/node_modules/tinyspy/dist/index.js:42:
80)
    at div
    at div
    at div
    at C:\Users\Eli\Desktop\Claude 
Code\CPQ-System\src\components\ui\card.tsx:81:57
    at div
    at C:\Users\Eli\Desktop\Claude 
Code\CPQ-System\src\components\ui\card.tsx:7:50
    at BOMGrid (C:\Users\Eli\Desktop\Claude Code\CPQ
-System\src\components\shared\BOMGrid.tsx:22:3)
Warning: A component is `contentEditable` and 
contains `children` managed by React. It is now 
your responsibility to guarantee that none of those 
nodes are unexpectedly modified or duplicated. This 
is probably not intentional.
    at div
    at div
    at div
    at div
    at spy (file:///C:/Users/Eli/Desktop/Claude%20Co
de/CPQ-System/node_modules/tinyspy/dist/index.js:42:
80)
    at div
    at div
    at div
    at C:\Users\Eli\Desktop\Claude 
Code\CPQ-System\src\components\ui\card.tsx:81:57
    at div
    at C:\Users\Eli\Desktop\Claude 
Code\CPQ-System\src\components\ui\card.tsx:7:50
    at BOMGrid (C:\Users\Eli\Desktop\Claude Code\CPQ
-System\src\components\shared\BOMGrid.tsx:22:3)
Warning: A component is `contentEditable` and 
contains `children` managed by React. It is now 
your responsibility to guarantee that none of those 
nodes are unexpectedly modified or duplicated. This 
is probably not intentional.
    at div
    at div
    at div
    at div
    at spy (file:///C:/Users/Eli/Desktop/Claude%20Co
de/CPQ-System/node_modules/tinyspy/dist/index.js:42:
80)
    at div
    at div
    at div
    at C:\Users\Eli\Desktop\Claude 
Code\CPQ-System\src\components\ui\card.tsx:81:57
    at div
    at C:\Users\Eli\Desktop\Claude 
Code\CPQ-System\src\components\ui\card.tsx:7:50
    at BOMGrid (C:\Users\Eli\Desktop\Claude Code\CPQ
-System\src\components\shared\BOMGrid.tsx:22:3)
Warning: A component is `contentEditable` and 
contains `children` managed by React. It is now 
your responsibility to guarantee that none of those 
nodes are unexpectedly modified or duplicated. This 
is probably not intentional.
    at div
    at div
    at div
    at div
    at spy (file:///C:/Users/Eli/Desktop/Claude%20Co
de/CPQ-System/node_modules/tinyspy/dist/index.js:42:
80)
    at div
    at div
    at div
    at C:\Users\Eli\Desktop\Claude 
Code\CPQ-System\src\components\ui\card.tsx:81:57
    at div
    at C:\Users\Eli\Desktop\Claude 
Code\CPQ-System\src\components\ui\card.tsx:7:50
    at BOMGrid (C:\Users\Eli\Desktop\Claude Code\CPQ
-System\src\components\shared\BOMGrid.tsx:22:3)
Warning: A component is `contentEditable` and 
contains `children` managed by React. It is now 
your responsibility to guarantee that none of those 
nodes are unexpectedly modified or duplicated. This 
is probably not intentional.
    at div
    at div
    at div
    at div
    at spy (file:///C:/Users/Eli/Desktop/Claude%20Co
de/CPQ-System/node_modules/tinyspy/dist/index.js:42:
80)
    at div
    at div
    at div
    at C:\Users\Eli\Desktop\Claude 
Code\CPQ-System\src\components\ui\card.tsx:81:57
    at div
    at C:\Users\Eli\Desktop\Claude 
Code\CPQ-System\src\components\ui\card.tsx:7:50
    at BOMGrid (C:\Users\Eli\Desktop\Claude Code\CPQ
-System\src\components\shared\BOMGrid.tsx:22:3)
Warning: A component is `contentEditable` and 
contains `children` managed by React. It is now 
your responsibility to guarantee that none of those 
nodes are unexpectedly modified or duplicated. This 
is probably not intentional.
    at div
    at div
    at div
    at div
    at spy (file:///C:/Users/Eli/Desktop/Claude%20Co
de/CPQ-System/node_modules/tinyspy/dist/index.js:42:
80)
    at div
    at div
    at div
    at C:\Users\Eli\Desktop\Claude 
Code\CPQ-System\src\components\ui\card.tsx:81:57
    at div
    at C:\Users\Eli\Desktop\Claude 
Code\CPQ-System\src\components\ui\card.tsx:7:50
    at BOMGrid (C:\Users\Eli\Desktop\Claude Code\CPQ
-System\src\components\shared\BOMGrid.tsx:22:3)
Warning: A component is `contentEditable` and 
contains `children` managed by React. It is now 
your responsibility to guarantee that none of those 
nodes are unexpectedly modified or duplicated. This 
is probably not intentional.
    at div
    at div
    at div
    at div
    at spy (file:///C:/Users/Eli/Desktop/Claude%20Co
de/CPQ-System/node_modules/tinyspy/dist/index.js:42:
80)
    at div
    at div
    at div
    at C:\Users\Eli\Desktop\Claude 
Code\CPQ-System\src\components\ui\card.tsx:81:57
    at div
    at C:\Users\Eli\Desktop\Claude 
Code\CPQ-System\src\components\ui\card.tsx:7:50
    at BOMGrid (C:\Users\Eli\Desktop\Claude Code\CPQ
-System\src\components\shared\BOMGrid.tsx:22:3)
Warning: A component is `contentEditable` and 
contains `children` managed by React. It is now 
your responsibility to guarantee that none of those 
nodes are unexpectedly modified or duplicated. This 
is probably not intentional.
    at div
    at div
    at div
    at div
    at spy (file:///C:/Users/Eli/Desktop/Claude%20Co
de/CPQ-System/node_modules/tinyspy/dist/index.js:42:
80)
    at div
    at div
    at div
    at C:\Users\Eli\Desktop\Claude 
Code\CPQ-System\src\components\ui\card.tsx:81:57
    at div
    at C:\Users\Eli\Desktop\Claude 
Code\CPQ-System\src\components\ui\card.tsx:7:50
    at BOMGrid (C:\Users\Eli\Desktop\Claude Code\CPQ
-System\src\components\shared\BOMGrid.tsx:22:3)
Warning: A component is `contentEditable` and 
contains `children` managed by React. It is now 
your responsibility to guarantee that none of those 
nodes are unexpectedly modified or duplicated. This 
is probably not intentional.
    at div
    at div
    at div
    at div
    at spy (file:///C:/Users/Eli/Desktop/Claude%20Co
de/CPQ-System/node_modules/tinyspy/dist/index.js:42:
80)
    at div
    at div
    at div
    at C:\Users\Eli\Desktop\Claude 
Code\CPQ-System\src\components\ui\card.tsx:81:57
    at div
    at C:\Users\Eli\Desktop\Claude 
Code\CPQ-System\src\components\ui\card.tsx:7:50
    at BOMGrid (C:\Users\Eli\Desktop\Claude Code\CPQ
-System\src\components\shared\BOMGrid.tsx:22:3)
Warning: A component is `contentEditable` and 
contains `children` managed by React. It is now 
your responsibility to guarantee that none of those 
nodes are unexpectedly modified or duplicated. This 
is probably not intentional.
    at div
    at div
    at div
    at div
    at spy (file:///C:/Users/Eli/Desktop/Claude%20Co
de/CPQ-System/node_modules/tinyspy/dist/index.js:42:
80)
    at div
    at div
    at div
    at C:\Users\Eli\Desktop\Claude 
Code\CPQ-System\src\components\ui\card.tsx:81:57
    at div
    at C:\Users\Eli\Desktop\Claude 
Code\CPQ-System\src\components\ui\card.tsx:7:50
    at BOMGrid (C:\Users\Eli\Desktop\Claude Code\CPQ
-System\src\components\shared\BOMGrid.tsx:22:3)
Warning: A component is `contentEditable` and 
contains `children` managed by React. It is now 
your responsibility to guarantee that none of those 
nodes are unexpectedly modified or duplicated. This 
is probably not intentional.
    at div
    at div
    at div
    at div
    at spy (file:///C:/Users/Eli/Desktop/Claude%20Co
de/CPQ-System/node_modules/tinyspy/dist/index.js:42:
80)
    at div
    at div
    at div
    at C:\Users\Eli\Desktop\Claude 
Code\CPQ-System\src\components\ui\card.tsx:81:57
    at div
    at C:\Users\Eli\Desktop\Claude 
Code\CPQ-System\src\components\ui\card.tsx:7:50
    at BOMGrid (C:\Users\Eli\Desktop\Claude Code\CPQ
-System\src\components\shared\BOMGrid.tsx:22:3)
Warning: A component is `contentEditable` and 
contains `children` managed by React. It is now 
your responsibility to guarantee that none of those 
nodes are unexpectedly modified or duplicated. This 
is probably not intentional.
    at div
    at div
    at div
    at div
    at spy (file:///C:/Users/Eli/Desktop/Claude%20Co
de/CPQ-System/node_modules/tinyspy/dist/index.js:42:
80)
    at div
    at div
    at div
    at C:\Users\Eli\Desktop\Claude 
Code\CPQ-System\src\components\ui\card.tsx:81:57
    at div
    at C:\Users\Eli\Desktop\Claude 
Code\CPQ-System\src\components\ui\card.tsx:7:50
    at BOMGrid (C:\Users\Eli\Desktop\Claude Code\CPQ
-System\src\components\shared\BOMGrid.tsx:22:3)
Warning: A component is `contentEditable` and 
contains `children` managed by React. It is now 
your responsibility to guarantee that none of those 
nodes are unexpectedly modified or duplicated. This 
is probably not intentional.
    at div
    at div
    at div
    at div
    at spy (file:///C:/Users/Eli/Desktop/Claude%20Co
de/CPQ-System/node_modules/tinyspy/dist/index.js:42:
80)
    at div
    at div
    at div
    at C:\Users\Eli\Desktop\Claude 
Code\CPQ-System\src\components\ui\card.tsx:81:57
    at div
    at C:\Users\Eli\Desktop\Claude 
Code\CPQ-System\src\components\ui\card.tsx:7:50
    at BOMGrid (C:\Users\Eli\Desktop\Claude Code\CPQ
-System\src\components\shared\BOMGrid.tsx:22:3)
Warning: A component is `contentEditable` and 
contains `children` managed by React. It is now 
your responsibility to guarantee that none of those 
nodes are unexpectedly modified or duplicated. This 
is probably not intentional.
    at div
    at div
    at div
    at div
    at spy (file:///C:/Users/Eli/Desktop/Claude%20Co
de/CPQ-System/node_modules/tinyspy/dist/index.js:42:
80)
    at div
    at div
    at div
    at C:\Users\Eli\Desktop\Claude 
Code\CPQ-System\src\components\ui\card.tsx:81:57
    at div
    at C:\Users\Eli\Desktop\Claude 
Code\CPQ-System\src\components\ui\card.tsx:7:50
    at BOMGrid (C:\Users\Eli\Desktop\Claude Code\CPQ
-System\src\components\shared\BOMGrid.tsx:22:3)
Warning: A component is `contentEditable` and 
contains `children` managed by React. It is now 
your responsibility to guarantee that none of those 
nodes are unexpectedly modified or duplicated. This 
is probably not intentional.
    at div
    at div
    at div
    at div
    at spy (file:///C:/Users/Eli/Desktop/Claude%20Co
de/CPQ-System/node_modules/tinyspy/dist/index.js:42:
80)
    at div
    at div
    at div
    at C:\Users\Eli\Desktop\Claude 
Code\CPQ-System\src\components\ui\card.tsx:81:57
    at div
    at C:\Users\Eli\Desktop\Claude 
Code\CPQ-System\src\components\ui\card.tsx:7:50
    at BOMGrid (C:\Users\Eli\Desktop\Claude Code\CPQ
-System\src\components\shared\BOMGrid.tsx:22:3)
Warning: A component is `contentEditable` and 
contains `children` managed by React. It is now 
your responsibility to guarantee that none of those 
nodes are unexpectedly modified or duplicated. This 
is probably not intentional.
    at div
    at div
    at div
    at div
    at spy (file:///C:/Users/Eli/Desktop/Claude%20Co
de/CPQ-System/node_modules/tinyspy/dist/index.js:42:
80)
    at div
    at div
    at div
    at C:\Users\Eli\Desktop\Claude 
Code\CPQ-System\src\components\ui\card.tsx:81:57
    at div
    at C:\Users\Eli\Desktop\Claude 
Code\CPQ-System\src\components\ui\card.tsx:7:50
    at BOMGrid (C:\Users\Eli\Desktop\Claude Code\CPQ
-System\src\components\shared\BOMGrid.tsx:22:3)
Warning: A component is `contentEditable` and 
contains `children` managed by React. It is now 
your responsibility to guarantee that none of those 
nodes are unexpectedly modified or duplicated. This 
is probably not intentional.
    at div
    at div
    at div
    at div
    at spy (file:///C:/Users/Eli/Desktop/Claude%20Co
de/CPQ-System/node_modules/tinyspy/dist/index.js:42:
80)
    at div
    at div
    at div
    at C:\Users\Eli\Desktop\Claude 
Code\CPQ-System\src\components\ui\card.tsx:81:57
    at div
    at C:\Users\Eli\Desktop\Claude 
Code\CPQ-System\src\components\ui\card.tsx:7:50
    at BOMGrid (C:\Users\Eli\Desktop\Claude Code\CPQ
-System\src\components\shared\BOMGrid.tsx:22:3)
Warning: A component is `contentEditable` and 
contains `children` managed by React. It is now 
your responsibility to guarantee that none of those 
nodes are unexpectedly modified or duplicated. This 
is probably not intentional.
    at div
    at div
    at div
    at div
    at spy (file:///C:/Users/Eli/Desktop/Claude%20Co
de/CPQ-System/node_modules/tinyspy/dist/index.js:42:
80)
    at div
    at div
    at div
    at C:\Users\Eli\Desktop\Claude 
Code\CPQ-System\src\components\ui\card.tsx:81:57
    at div
    at C:\Users\Eli\Desktop\Claude 
Code\CPQ-System\src\components\ui\card.tsx:7:50
    at BOMGrid (C:\Users\Eli\Desktop\Claude Code\CPQ
-System\src\components\shared\BOMGrid.tsx:22:3)
Warning: A component is `contentEditable` and 
contains `children` managed by React. It is now 
your responsibility to guarantee that none of those 
nodes are unexpectedly modified or duplicated. This 
is probably not intentional.
    at div
    at div
    at div
    at div
    at spy (file:///C:/Users/Eli/Desktop/Claude%20Co
de/CPQ-System/node_modules/tinyspy/dist/index.js:42:
80)
    at div
    at div
    at div
    at C:\Users\Eli\Desktop\Claude 
Code\CPQ-System\src\components\ui\card.tsx:81:57
    at div
    at C:\Users\Eli\Desktop\Claude 
Code\CPQ-System\src\components\ui\card.tsx:7:50
    at BOMGrid (C:\Users\Eli\Desktop\Claude Code\CPQ
-System\src\components\shared\BOMGrid.tsx:22:3)
Warning: A component is `contentEditable` and 
contains `children` managed by React. It is now 
your responsibility to guarantee that none of those 
nodes are unexpectedly modified or duplicated. This 
is probably not intentional.
    at div
    at div
    at div
    at div
    at spy (file:///C:/Users/Eli/Desktop/Claude%20Co
de/CPQ-System/node_modules/tinyspy/dist/index.js:42:
80)
    at div
    at div
    at div
    at C:\Users\Eli\Desktop\Claude 
Code\CPQ-System\src\components\ui\card.tsx:81:57
    at div
    at C:\Users\Eli\Desktop\Claude 
Code\CPQ-System\src\components\ui\card.tsx:7:50
    at BOMGrid (C:\Users\Eli\Desktop\Claude Code\CPQ
-System\src\components\shared\BOMGrid.tsx:22:3)
Warning: A component is `contentEditable` and 
contains `children` managed by React. It is now 
your responsibility to guarantee that none of those 
nodes are unexpectedly modified or duplicated. This 
is probably not intentional.
    at div
    at div
    at div
    at div
    at spy (file:///C:/Users/Eli/Desktop/Claude%20Co
de/CPQ-System/node_modules/tinyspy/dist/index.js:42:
80)
    at div
    at div
    at div
    at C:\Users\Eli\Desktop\Claude 
Code\CPQ-System\src\components\ui\card.tsx:81:57
    at div
    at C:\Users\Eli\Desktop\Claude 
Code\CPQ-System\src\components\ui\card.tsx:7:50
    at BOMGrid (C:\Users\Eli\Desktop\Claude Code\CPQ
-System\src\components\shared\BOMGrid.tsx:22:3)
Warning: A component is `contentEditable` and 
contains `children` managed by React. It is now 
your responsibility to guarantee that none of those 
nodes are unexpectedly modified or duplicated. This 
is probably not intentional.
    at div
    at div
    at div
    at div
    at spy (file:///C:/Users/Eli/Desktop/Claude%20Co
de/CPQ-System/node_modules/tinyspy/dist/index.js:42:
80)
    at div
    at div
    at div
    at C:\Users\Eli\Desktop\Claude 
Code\CPQ-System\src\components\ui\card.tsx:81:57
    at div
    at C:\Users\Eli\Desktop\Claude 
Code\CPQ-System\src\components\ui\card.tsx:7:50
    at BOMGrid (C:\Users\Eli\Desktop\Claude Code\CPQ
-System\src\components\shared\BOMGrid.tsx:22:3)
Warning: A component is `contentEditable` and 
contains `children` managed by React. It is now 
your responsibility to guarantee that none of those 
nodes are unexpectedly modified or duplicated. This 
is probably not intentional.
    at div
    at div
    at div
    at div
    at spy (file:///C:/Users/Eli/Desktop/Claude%20Co
de/CPQ-System/node_modules/tinyspy/dist/index.js:42:
80)
    at div
    at div
    at div
    at C:\Users\Eli\Desktop\Claude 
Code\CPQ-System\src\components\ui\card.tsx:81:57
    at div
    at C:\Users\Eli\Desktop\Claude 
Code\CPQ-System\src\components\ui\card.tsx:7:50
    at BOMGrid (C:\Users\Eli\Desktop\Claude Code\CPQ
-System\src\components\shared\BOMGrid.tsx:22:3)
Warning: A component is `contentEditable` and 
contains `children` managed by React. It is now 
your responsibility to guarantee that none of those 
nodes are unexpectedly modified or duplicated. This 
is probably not intentional.
    at div
    at div
    at div
    at div
    at spy (file:///C:/Users/Eli/Desktop/Claude%20Co
de/CPQ-System/node_modules/tinyspy/dist/index.js:42:
80)
    at div
    at div
    at div
    at C:\Users\Eli\Desktop\Claude 
Code\CPQ-System\src\components\ui\card.tsx:81:57
    at div
    at C:\Users\Eli\Desktop\Claude 
Code\CPQ-System\src\components\ui\card.tsx:7:50
    at BOMGrid (C:\Users\Eli\Desktop\Claude Code\CPQ
-System\src\components\shared\BOMGrid.tsx:22:3)
Warning: A component is `contentEditable` and 
contains `children` managed by React. It is now 
your responsibility to guarantee that none of those 
nodes are unexpectedly modified or duplicated. This 
is probably not intentional.
    at div
    at div
    at div
    at div
    at spy (file:///C:/Users/Eli/Desktop/Claude%20Co
de/CPQ-System/node_modules/tinyspy/dist/index.js:42:
80)
    at div
    at div
    at div
    at C:\Users\Eli\Desktop\Claude 
Code\CPQ-System\src\components\ui\card.tsx:81:57
    at div
    at C:\Users\Eli\Desktop\Claude 
Code\CPQ-System\src\components\ui\card.tsx:7:50
    at BOMGrid (C:\Users\Eli\Desktop\Claude Code\CPQ
-System\src\components\shared\BOMGrid.tsx:22:3)
Warning: A component is `contentEditable` and 
contains `children` managed by React. It is now 
your responsibility to guarantee that none of those 
nodes are unexpectedly modified or duplicated. This 
is probably not intentional.
    at div
    at div
    at div
    at div
    at spy (file:///C:/Users/Eli/Desktop/Claude%20Co
de/CPQ-System/node_modules/tinyspy/dist/index.js:42:
80)
    at div
    at div
    at div
    at C:\Users\Eli\Desktop\Claude 
Code\CPQ-System\src\components\ui\card.tsx:81:57
    at div
    at C:\Users\Eli\Desktop\Claude 
Code\CPQ-System\src\components\ui\card.tsx:7:50
    at BOMGrid (C:\Users\Eli\Desktop\Claude Code\CPQ
-System\src\components\shared\BOMGrid.tsx:22:3)
Warning: A component is `contentEditable` and 
contains `children` managed by React. It is now 
your responsibility to guarantee that none of those 
nodes are unexpectedly modified or duplicated. This 
is probably not intentional.
    at div
    at div
    at div
    at div
    at spy (file:///C:/Users/Eli/Desktop/Claude%20Co
de/CPQ-System/node_modules/tinyspy/dist/index.js:42:
80)
    at div
    at div
    at div
    at C:\Users\Eli\Desktop\Claude 
Code\CPQ-System\src\components\ui\card.tsx:81:57
    at div
    at C:\Users\Eli\Desktop\Claude 
Code\CPQ-System\src\components\ui\card.tsx:7:50
    at BOMGrid (C:\Users\Eli\Desktop\Claude Code\CPQ
-System\src\components\shared\BOMGrid.tsx:22:3)
Warning: A component is `contentEditable` and 
contains `children` managed by React. It is now 
your responsibility to guarantee that none of those 
nodes are unexpectedly modified or duplicated. This 
is probably not intentional.
    at div
    at div
    at div
    at div
    at spy (file:///C:/Users/Eli/Desktop/Claude%20Co
de/CPQ-System/node_modules/tinyspy/dist/index.js:42:
80)
    at div
    at div
    at div
    at C:\Users\Eli\Desktop\Claude 
Code\CPQ-System\src\components\ui\card.tsx:81:57
    at div
    at C:\Users\Eli\Desktop\Claude 
Code\CPQ-System\src\components\ui\card.tsx:7:50
    at BOMGrid (C:\Users\Eli\Desktop\Claude Code\CPQ
-System\src\components\shared\BOMGrid.tsx:22:3)
Warning: A component is `contentEditable` and 
contains `children` managed by React. It is now 
your responsibility to guarantee that none of those 
nodes are unexpectedly modified or duplicated. This 
is probably not intentional.
    at div
    at div
    at div
    at div
    at spy (file:///C:/Users/Eli/Desktop/Claude%20Co
de/CPQ-System/node_modules/tinyspy/dist/index.js:42:
80)
    at div
    at div
    at div
    at C:\Users\Eli\Desktop\Claude 
Code\CPQ-System\src\components\ui\card.tsx:81:57
    at div
    at C:\Users\Eli\Desktop\Claude 
Code\CPQ-System\src\components\ui\card.tsx:7:50
    at BOMGrid (C:\Users\Eli\Desktop\Claude Code\CPQ
-System\src\components\shared\BOMGrid.tsx:22:3)
Warning: A component is `contentEditable` and 
contains `children` managed by React. It is now 
your responsibility to guarantee that none of those 
nodes are unexpectedly modified or duplicated. This 
is probably not intentional.
    at div
    at div
    at div
    at div
    at spy (file:///C:/Users/Eli/Desktop/Claude%20Co
de/CPQ-System/node_modules/tinyspy/dist/index.js:42:
80)
    at div
    at div
    at div
    at C:\Users\Eli\Desktop\Claude 
Code\CPQ-System\src\components\ui\card.tsx:81:57
    at div
    at C:\Users\Eli\Desktop\Claude 
Code\CPQ-System\src\components\ui\card.tsx:7:50
    at BOMGrid (C:\Users\Eli\Desktop\Claude Code\CPQ
-System\src\components\shared\BOMGrid.tsx:22:3)
Warning: A component is `contentEditable` and 
contains `children` managed by React. It is now 
your responsibility to guarantee that none of those 
nodes are unexpectedly modified or duplicated. This 
is probably not intentional.
    at div
    at div
    at div
    at div
    at spy (file:///C:/Users/Eli/Desktop/Claude%20Co
de/CPQ-System/node_modules/tinyspy/dist/index.js:42:
80)
    at div
    at div
    at div
    at C:\Users\Eli\Desktop\Claude 
Code\CPQ-System\src\components\ui\card.tsx:81:57
    at div
    at C:\Users\Eli\Desktop\Claude 
Code\CPQ-System\src\components\ui\card.tsx:7:50
    at BOMGrid (C:\Users\Eli\Desktop\Claude Code\CPQ
-System\src\components\shared\BOMGrid.tsx:22:3)
Warning: A component is `contentEditable` and 
contains `children` managed by React. It is now 
your responsibility to guarantee that none of those 
nodes are unexpectedly modified or duplicated. This 
is probably not intentional.
    at div
    at div
    at div
    at div
    at spy (file:///C:/Users/Eli/Desktop/Claude%20Co
de/CPQ-System/node_modules/tinyspy/dist/index.js:42:
80)
    at div
    at div
    at div
    at C:\Users\Eli\Desktop\Claude 
Code\CPQ-System\src\components\ui\card.tsx:81:57
    at div
    at C:\Users\Eli\Desktop\Claude 
Code\CPQ-System\src\components\ui\card.tsx:7:50
    at BOMGrid (C:\Users\Eli\Desktop\Claude Code\CPQ
-System\src\components\shared\BOMGrid.tsx:22:3)
Warning: A component is `contentEditable` and 
contains `children` managed by React. It is now 
your responsibility to guarantee that none of those 
nodes are unexpectedly modified or duplicated. This 
is probably not intentional.
    at div
    at div
    at div
    at div
    at spy (file:///C:/Users/Eli/Desktop/Claude%20Co
de/CPQ-System/node_modules/tinyspy/dist/index.js:42:
80)
    at div
    at div
    at div
    at C:\Users\Eli\Desktop\Claude 
Code\CPQ-System\src\components\ui\card.tsx:81:57
    at div
    at C:\Users\Eli\Desktop\Claude 
Code\CPQ-System\src\components\ui\card.tsx:7:50
    at BOMGrid (C:\Users\Eli\Desktop\Claude Code\CPQ
-System\src\components\shared\BOMGrid.tsx:22:3)
Warning: A component is `contentEditable` and 
contains `children` managed by React. It is now 
your responsibility to guarantee that none of those 
nodes are unexpectedly modified or duplicated. This 
is probably not intentional.
    at div
    at div
    at div
    at div
    at spy (file:///C:/Users/Eli/Desktop/Claude%20Co
de/CPQ-System/node_modules/tinyspy/dist/index.js:42:
80)
    at div
    at div
    at div
    at C:\Users\Eli\Desktop\Claude 
Code\CPQ-System\src\components\ui\card.tsx:81:57
    at div
    at C:\Users\Eli\Desktop\Claude 
Code\CPQ-System\src\components\ui\card.tsx:7:50
    at BOMGrid (C:\Users\Eli\Desktop\Claude Code\CPQ
-System\src\components\shared\BOMGrid.tsx:22:3)
Warning: A component is `contentEditable` and 
contains `children` managed by React. It is now 
your responsibility to guarantee that none of those 
nodes are unexpectedly modified or duplicated. This 
is probably not intentional.
    at div
    at div
    at div
    at div
    at spy (file:///C:/Users/Eli/Desktop/Claude%20Co
de/CPQ-System/node_modules/tinyspy/dist/index.js:42:
80)
    at div
    at div
    at div
    at C:\Users\Eli\Desktop\Claude 
Code\CPQ-System\src\components\ui\card.tsx:81:57
    at div
    at C:\Users\Eli\Desktop\Claude 
Code\CPQ-System\src\components\ui\card.tsx:7:50
    at BOMGrid (C:\Users\Eli\Desktop\Claude Code\CPQ
-System\src\components\shared\BOMGrid.tsx:22:3)
Warning: A component is `contentEditable` and 
contains `children` managed by React. It is now 
your responsibility to guarantee that none of those 
nodes are unexpectedly modified or duplicated. This 
is probably not intentional.
    at div
    at div
    at div
    at div
    at spy (file:///C:/Users/Eli/Desktop/Claude%20Co
de/CPQ-System/node_modules/tinyspy/dist/index.js:42:
80)
    at div
    at div
    at div
    at C:\Users\Eli\Desktop\Claude 
Code\CPQ-System\src\components\ui\card.tsx:81:57
    at div
    at C:\Users\Eli\Desktop\Claude 
Code\CPQ-System\src\components\ui\card.tsx:7:50
    at BOMGrid (C:\Users\Eli\Desktop\Claude Code\CPQ
-System\src\components\shared\BOMGrid.tsx:22:3)
Warning: A component is `contentEditable` and 
contains `children` managed by React. It is now 
your responsibility to guarantee that none of those 
nodes are unexpectedly modified or duplicated. This 
is probably not intentional.
    at div
    at div
    at div
    at div
    at spy (file:///C:/Users/Eli/Desktop/Claude%20Co
de/CPQ-System/node_modules/tinyspy/dist/index.js:42:
80)
    at div
    at div
    at div
    at C:\Users\Eli\Desktop\Claude 
Code\CPQ-System\src\components\ui\card.tsx:81:57
    at div
    at C:\Users\Eli\Desktop\Claude 
Code\CPQ-System\src\components\ui\card.tsx:7:50
    at BOMGrid (C:\Users\Eli\Desktop\Claude Code\CPQ
-System\src\components\shared\BOMGrid.tsx:22:3)
Warning: A component is `contentEditable` and 
contains `children` managed by React. It is now 
your responsibility to guarantee that none of those 
nodes are unexpectedly modified or duplicated. This 
is probably not intentional.
    at div
    at div
    at div
    at div
    at spy (file:///C:/Users/Eli/Desktop/Claude%20Co
de/CPQ-System/node_modules/tinyspy/dist/index.js:42:
80)
    at div
    at div
    at div
    at C:\Users\Eli\Desktop\Claude 
Code\CPQ-System\src\components\ui\card.tsx:81:57
    at div
    at C:\Users\Eli\Desktop\Claude 
Code\CPQ-System\src\components\ui\card.tsx:7:50
    at BOMGrid (C:\Users\Eli\Desktop\Claude Code\CPQ
-System\src\components\shared\BOMGrid.tsx:22:3)
Warning: A component is `contentEditable` and 
contains `children` managed by React. It is now 
your responsibility to guarantee that none of those 
nodes are unexpectedly modified or duplicated. This 
is probably not intentional.
    at div
    at div
    at div
    at div
    at spy (file:///C:/Users/Eli/Desktop/Claude%20Co
de/CPQ-System/node_modules/tinyspy/dist/index.js:42:
80)
    at div
    at div
    at div
    at C:\Users\Eli\Desktop\Claude 
Code\CPQ-System\src\components\ui\card.tsx:81:57
    at div
    at C:\Users\Eli\Desktop\Claude 
Code\CPQ-System\src\components\ui\card.tsx:7:50
    at BOMGrid (C:\Users\Eli\Desktop\Claude Code\CPQ
-System\src\components\shared\BOMGrid.tsx:22:3)
Warning: A component is `contentEditable` and 
contains `children` managed by React. It is now 
your responsibility to guarantee that none of those 
nodes are unexpectedly modified or duplicated. This 
is probably not intentional.
    at div
    at div
    at div
    at div
    at spy (file:///C:/Users/Eli/Desktop/Claude%20Co
de/CPQ-System/node_modules/tinyspy/dist/index.js:42:
80)
    at div
    at div
    at div
    at C:\Users\Eli\Desktop\Claude 
Code\CPQ-System\src\components\ui\card.tsx:81:57
    at div
    at C:\Users\Eli\Desktop\Claude 
Code\CPQ-System\src\components\ui\card.tsx:7:50
    at BOMGrid (C:\Users\Eli\Desktop\Claude Code\CPQ
-System\src\components\shared\BOMGrid.tsx:22:3)
Warning: A component is `contentEditable` and 
contains `children` managed by React. It is now 
your responsibility to guarantee that none of those 
nodes are unexpectedly modified or duplicated. This 
is probably not intentional.
    at div
    at div
    at div
    at div
    at spy (file:///C:/Users/Eli/Desktop/Claude%20Co
de/CPQ-System/node_modules/tinyspy/dist/index.js:42:
80)
    at div
    at div
    at div
    at C:\Users\Eli\Desktop\Claude 
Code\CPQ-System\src\components\ui\card.tsx:81:57
    at div
    at C:\Users\Eli\Desktop\Claude 
Code\CPQ-System\src\components\ui\card.tsx:7:50
    at BOMGrid (C:\Users\Eli\Desktop\Claude Code\CPQ
-System\src\components\shared\BOMGrid.tsx:22:3)
Warning: A component is `contentEditable` and 
contains `children` managed by React. It is now 
your responsibility to guarantee that none of those 
nodes are unexpectedly modified or duplicated. This 
is probably not intentional.
    at div
    at div
    at div
    at div
    at spy (file:///C:/Users/Eli/Desktop/Claude%20Co
de/CPQ-System/node_modules/tinyspy/dist/index.js:42:
80)
    at div
    at div
    at div
    at C:\Users\Eli\Desktop\Claude 
Code\CPQ-System\src\components\ui\card.tsx:81:57
    at div
    at C:\Users\Eli\Desktop\Claude 
Code\CPQ-System\src\components\ui\card.tsx:7:50
    at BOMGrid (C:\Users\Eli\Desktop\Claude Code\CPQ
-System\src\components\shared\BOMGrid.tsx:22:3)
Warning: A component is `contentEditable` and 
contains `children` managed by React. It is now 
your responsibility to guarantee that none of those 
nodes are unexpectedly modified or duplicated. This 
is probably not intentional.
    at div
    at div
    at div
    at div
    at spy (file:///C:/Users/Eli/Desktop/Claude%20Co
de/CPQ-System/node_modules/tinyspy/dist/index.js:42:
80)
    at div
    at div
    at div
    at C:\Users\Eli\Desktop\Claude 
Code\CPQ-System\src\components\ui\card.tsx:81:57
    at div
    at C:\Users\Eli\Desktop\Claude 
Code\CPQ-System\src\components\ui\card.tsx:7:50
    at BOMGrid (C:\Users\Eli\Desktop\Claude Code\CPQ
-System\src\components\shared\BOMGrid.tsx:22:3)
Warning: A component is `contentEditable` and 
contains `children` managed by React. It is now 
your responsibility to guarantee that none of those 
nodes are unexpectedly modified or duplicated. This 
is probably not intentional.
    at div
    at div
    at div
    at div
    at spy (file:///C:/Users/Eli/Desktop/Claude%20Co
de/CPQ-System/node_modules/tinyspy/dist/index.js:42:
80)
    at div
    at div
    at div
    at C:\Users\Eli\Desktop\Claude 
Code\CPQ-System\src\components\ui\card.tsx:81:57
    at div
    at C:\Users\Eli\Desktop\Claude 
Code\CPQ-System\src\components\ui\card.tsx:7:50
    at BOMGrid (C:\Users\Eli\Desktop\Claude Code\CPQ
-System\src\components\shared\BOMGrid.tsx:22:3)
Warning: A component is `contentEditable` and 
contains `children` managed by React. It is now 
your responsibility to guarantee that none of those 
nodes are unexpectedly modified or duplicated. This 
is probably not intentional.
    at div
    at div
    at div
    at div
    at spy (file:///C:/Users/Eli/Desktop/Claude%20Co
de/CPQ-System/node_modules/tinyspy/dist/index.js:42:
80)
    at div
    at div
    at div
    at C:\Users\Eli\Desktop\Claude 
Code\CPQ-System\src\components\ui\card.tsx:81:57
    at div
    at C:\Users\Eli\Desktop\Claude 
Code\CPQ-System\src\components\ui\card.tsx:7:50
    at BOMGrid (C:\Users\Eli\Desktop\Claude Code\CPQ
-System\src\components\shared\BOMGrid.tsx:22:3)
Warning: A component is `contentEditable` and 
contains `children` managed by React. It is now 
your responsibility to guarantee that none of those 
nodes are unexpectedly modified or duplicated. This 
is probably not intentional.
    at div
    at div
    at div
    at div
    at spy (file:///C:/Users/Eli/Desktop/Claude%20Co
de/CPQ-System/node_modules/tinyspy/dist/index.js:42:
80)
    at div
    at div
    at div
    at C:\Users\Eli\Desktop\Claude 
Code\CPQ-System\src\components\ui\card.tsx:81:57
    at div
    at C:\Users\Eli\Desktop\Claude 
Code\CPQ-System\src\components\ui\card.tsx:7:50
    at BOMGrid (C:\Users\Eli\Desktop\Claude Code\CPQ
-System\src\components\shared\BOMGrid.tsx:22:3)
Warning: A component is `contentEditable` and 
contains `children` managed by React. It is now 
your responsibility to guarantee that none of those 
nodes are unexpectedly modified or duplicated. This 
is probably not intentional.
    at div
    at div
    at div
    at div
    at spy (file:///C:/Users/Eli/Desktop/Claude%20Co
de/CPQ-System/node_modules/tinyspy/dist/index.js:42:
80)
    at div
    at div
    at div
    at C:\Users\Eli\Desktop\Claude 
Code\CPQ-System\src\components\ui\card.tsx:81:57
    at div
    at C:\Users\Eli\Desktop\Claude 
Code\CPQ-System\src\components\ui\card.tsx:7:50
    at BOMGrid (C:\Users\Eli\Desktop\Claude Code\CPQ
-System\src\components\shared\BOMGrid.tsx:22:3)
Warning: A component is `contentEditable` and 
contains `children` managed by React. It is now 
your responsibility to guarantee that none of those 
nodes are unexpectedly modified or duplicated. This 
is probably not intentional.
    at div
    at div
    at div
    at div
    at spy (file:///C:/Users/Eli/Desktop/Claude%20Co
de/CPQ-System/node_modules/tinyspy/dist/index.js:42:
80)
    at div
    at div
    at div
    at C:\Users\Eli\Desktop\Claude 
Code\CPQ-System\src\components\ui\card.tsx:81:57
    at div
    at C:\Users\Eli\Desktop\Claude 
Code\CPQ-System\src\components\ui\card.tsx:7:50
    at BOMGrid (C:\Users\Eli\Desktop\Claude Code\CPQ
-System\src\components\shared\BOMGrid.tsx:22:3)
Warning: A component is `contentEditable` and 
contains `children` managed by React. It is now 
your responsibility to guarantee that none of those 
nodes are unexpectedly modified or duplicated. This 
is probably not intentional.
    at div
    at div
    at div
    at div
    at spy (file:///C:/Users/Eli/Desktop/Claude%20Co
de/CPQ-System/node_modules/tinyspy/dist/index.js:42:
80)
    at div
    at div
    at div
    at C:\Users\Eli\Desktop\Claude 
Code\CPQ-System\src\components\ui\card.tsx:81:57
    at div
    at C:\Users\Eli\Desktop\Claude 
Code\CPQ-System\src\components\ui\card.tsx:7:50
    at BOMGrid (C:\Users\Eli\Desktop\Claude Code\CPQ
-System\src\components\shared\BOMGrid.tsx:22:3)
Warning: A component is `contentEditable` and 
contains `children` managed by React. It is now 
your responsibility to guarantee that none of those 
nodes are unexpectedly modified or duplicated. This 
is probably not intentional.
    at div
    at div
    at div
    at div
    at spy (file:///C:/Users/Eli/Desktop/Claude%20Co
de/CPQ-System/node_modules/tinyspy/dist/index.js:42:
80)
    at div
    at div
    at div
    at C:\Users\Eli\Desktop\Claude 
Code\CPQ-System\src\components\ui\card.tsx:81:57
    at div
    at C:\Users\Eli\Desktop\Claude 
Code\CPQ-System\src\components\ui\card.tsx:7:50
    at BOMGrid (C:\Users\Eli\Desktop\Claude Code\CPQ
-System\src\components\shared\BOMGrid.tsx:22:3)
Warning: A component is `contentEditable` and 
contains `children` managed by React. It is now 
your responsibility to guarantee that none of those 
nodes are unexpectedly modified or duplicated. This 
is probably not intentional.
    at div
    at div
    at div
    at div
    at spy (file:///C:/Users/Eli/Desktop/Claude%20Co
de/CPQ-System/node_modules/tinyspy/dist/index.js:42:
80)
    at div
    at div
    at div
    at C:\Users\Eli\Desktop\Claude 
Code\CPQ-System\src\components\ui\card.tsx:81:57
    at div
    at C:\Users\Eli\Desktop\Claude 
Code\CPQ-System\src\components\ui\card.tsx:7:50
    at BOMGrid (C:\Users\Eli\Desktop\Claude Code\CPQ
-System\src\components\shared\BOMGrid.tsx:22:3)
Warning: A component is `contentEditable` and 
contains `children` managed by React. It is now 
your responsibility to guarantee that none of those 
nodes are unexpectedly modified or duplicated. This 
is probably not intentional.
    at div
    at div
    at div
    at div
    at spy (file:///C:/Users/Eli/Desktop/Claude%20Co
de/CPQ-System/node_modules/tinyspy/dist/index.js:42:
80)
    at div
    at div
    at div
    at C:\Users\Eli\Desktop\Claude 
Code\CPQ-System\src\components\ui\card.tsx:81:57
    at div
    at C:\Users\Eli\Desktop\Claude 
Code\CPQ-System\src\components\ui\card.tsx:7:50
    at BOMGrid (C:\Users\Eli\Desktop\Claude Code\CPQ
-System\src\components\shared\BOMGrid.tsx:22:3)
Warning: A component is `contentEditable` and 
contains `children` managed by React. It is now 
your responsibility to guarantee that none of those 
nodes are unexpectedly modified or duplicated. This 
is probably not intentional.
    at div
    at div
    at div
    at div
    at spy (file:///C:/Users/Eli/Desktop/Claude%20Co
de/CPQ-System/node_modules/tinyspy/dist/index.js:42:
80)
    at div
    at div
    at div
    at C:\Users\Eli\Desktop\Claude 
Code\CPQ-System\src\components\ui\card.tsx:81:57
    at div
    at C:\Users\Eli\Desktop\Claude 
Code\CPQ-System\src\components\ui\card.tsx:7:50
    at BOMGrid (C:\Users\Eli\Desktop\Claude Code\CPQ
-System\src\components\shared\BOMGrid.tsx:22:3)
Warning: A component is `contentEditable` and 
contains `children` managed by React. It is now 
your responsibility to guarantee that none of those 
nodes are unexpectedly modified or duplicated. This 
is probably not intentional.
    at div
    at div
    at div
    at div
    at spy (file:///C:/Users/Eli/Desktop/Claude%20Co
de/CPQ-System/node_modules/tinyspy/dist/index.js:42:
80)
    at div
    at div
    at div
    at C:\Users\Eli\Desktop\Claude 
Code\CPQ-System\src\components\ui\card.tsx:81:57
    at div
    at C:\Users\Eli\Desktop\Claude 
Code\CPQ-System\src\components\ui\card.tsx:7:50
    at BOMGrid (C:\Users\Eli\Desktop\Claude Code\CPQ
-System\src\components\shared\BOMGrid.tsx:22:3)
Warning: A component is `contentEditable` and 
contains `children` managed by React. It is now 
your responsibility to guarantee that none of those 
nodes are unexpectedly modified or duplicated. This 
is probably not intentional.
    at div
    at div
    at div
    at div
    at spy (file:///C:/Users/Eli/Desktop/Claude%20Co
de/CPQ-System/node_modules/tinyspy/dist/index.js:42:
80)
    at div
    at div
    at div
    at C:\Users\Eli\Desktop\Claude 
Code\CPQ-System\src\components\ui\card.tsx:81:57
    at div
    at C:\Users\Eli\Desktop\Claude 
Code\CPQ-System\src\components\ui\card.tsx:7:50
    at BOMGrid (C:\Users\Eli\Desktop\Claude Code\CPQ
-System\src\components\shared\BOMGrid.tsx:22:3)
Warning: A component is `contentEditable` and 
contains `children` managed by React. It is now 
your responsibility to guarantee that none of those 
nodes are unexpectedly modified or duplicated. This 
is probably not intentional.
    at div
    at div
    at div
    at div
    at spy (file:///C:/Users/Eli/Desktop/Claude%20Co
de/CPQ-System/node_modules/tinyspy/dist/index.js:42:
80)
    at div
    at div
    at div
    at C:\Users\Eli\Desktop\Claude 
Code\CPQ-System\src\components\ui\card.tsx:81:57
    at div
    at C:\Users\Eli\Desktop\Claude 
Code\CPQ-System\src\components\ui\card.tsx:7:50
    at BOMGrid (C:\Users\Eli\Desktop\Claude Code\CPQ
-System\src\components\shared\BOMGrid.tsx:22:3)
Warning: A component is `contentEditable` and 
contains `children` managed by React. It is now 
your responsibility to guarantee that none of those 
nodes are unexpectedly modified or duplicated. This 
is probably not intentional.
    at div
    at div
    at div
    at div
    at spy (file:///C:/Users/Eli/Desktop/Claude%20Co
de/CPQ-System/node_modules/tinyspy/dist/index.js:42:
80)
    at div
    at div
    at div
    at C:\Users\Eli\Desktop\Claude 
Code\CPQ-System\src\components\ui\card.tsx:81:57
    at div
    at C:\Users\Eli\Desktop\Claude 
Code\CPQ-System\src\components\ui\card.tsx:7:50
    at BOMGrid (C:\Users\Eli\Desktop\Claude Code\CPQ
-System\src\components\shared\BOMGrid.tsx:22:3)
Warning: A component is `contentEditable` and 
contains `children` managed by React. It is now 
your responsibility to guarantee that none of those 
nodes are unexpectedly modified or duplicated. This 
is probably not intentional.
    at div
    at div
    at div
    at div
    at spy (file:///C:/Users/Eli/Desktop/Claude%20Co
de/CPQ-System/node_modules/tinyspy/dist/index.js:42:
80)
    at div
    at div
    at div
    at C:\Users\Eli\Desktop\Claude 
Code\CPQ-System\src\components\ui\card.tsx:81:57
    at div
    at C:\Users\Eli\Desktop\Claude 
Code\CPQ-System\src\components\ui\card.tsx:7:50
    at BOMGrid (C:\Users\Eli\Desktop\Claude Code\CPQ
-System\src\components\shared\BOMGrid.tsx:22:3)
Warning: A component is `contentEditable` and 
contains `children` managed by React. It is now 
your responsibility to guarantee that none of those 
nodes are unexpectedly modified or duplicated. This 
is probably not intentional.
    at div
    at div
    at div
    at div
    at spy (file:///C:/Users/Eli/Desktop/Claude%20Co
de/CPQ-System/node_modules/tinyspy/dist/index.js:42:
80)
    at div
    at div
    at div
    at C:\Users\Eli\Desktop\Claude 
Code\CPQ-System\src\components\ui\card.tsx:81:57
    at div
    at C:\Users\Eli\Desktop\Claude 
Code\CPQ-System\src\components\ui\card.tsx:7:50
    at BOMGrid (C:\Users\Eli\Desktop\Claude Code\CPQ
-System\src\components\shared\BOMGrid.tsx:22:3)
Warning: A component is `contentEditable` and 
contains `children` managed by React. It is now 
your responsibility to guarantee that none of those 
nodes are unexpectedly modified or duplicated. This 
is probably not intentional.
    at div
    at div
    at div
    at div
    at spy (file:///C:/Users/Eli/Desktop/Claude%20Co
de/CPQ-System/node_modules/tinyspy/dist/index.js:42:
80)
    at div
    at div
    at div
    at C:\Users\Eli\Desktop\Claude 
Code\CPQ-System\src\components\ui\card.tsx:81:57
    at div
    at C:\Users\Eli\Desktop\Claude 
Code\CPQ-System\src\components\ui\card.tsx:7:50
    at BOMGrid (C:\Users\Eli\Desktop\Claude Code\CPQ
-System\src\components\shared\BOMGrid.tsx:22:3)
Warning: A component is `contentEditable` and 
contains `children` managed by React. It is now 
your responsibility to guarantee that none of those 
nodes are unexpectedly modified or duplicated. This 
is probably not intentional.
    at div
    at div
    at div
    at div
    at spy (file:///C:/Users/Eli/Desktop/Claude%20Co
de/CPQ-System/node_modules/tinyspy/dist/index.js:42:
80)
    at div
    at div
    at div
    at C:\Users\Eli\Desktop\Claude 
Code\CPQ-System\src\components\ui\card.tsx:81:57
    at div
    at C:\Users\Eli\Desktop\Claude 
Code\CPQ-System\src\components\ui\card.tsx:7:50
    at BOMGrid (C:\Users\Eli\Desktop\Claude Code\CPQ
-System\src\components\shared\BOMGrid.tsx:22:3)
Warning: A component is `contentEditable` and 
contains `children` managed by React. It is now 
your responsibility to guarantee that none of those 
nodes are unexpectedly modified or duplicated. This 
is probably not intentional.
    at div
    at div
    at div
    at div
    at spy (file:///C:/Users/Eli/Desktop/Claude%20Co
de/CPQ-System/node_modules/tinyspy/dist/index.js:42:
80)
    at div
    at div
    at div
    at C:\Users\Eli\Desktop\Claude 
Code\CPQ-System\src\components\ui\card.tsx:81:57
    at div
    at C:\Users\Eli\Desktop\Claude 
Code\CPQ-System\src\components\ui\card.tsx:7:50
    at BOMGrid (C:\Users\Eli\Desktop\Claude Code\CPQ
-System\src\components\shared\BOMGrid.tsx:22:3)
Warning: A component is `contentEditable` and 
contains `children` managed by React. It is now 
your responsibility to guarantee that none of those 
nodes are unexpectedly modified or duplicated. This 
is probably not intentional.
    at div
    at div
    at div
    at div
    at spy (file:///C:/Users/Eli/Desktop/Claude%20Co
de/CPQ-System/node_modules/tinyspy/dist/index.js:42:
80)
    at div
    at div
    at div
    at C:\Users\Eli\Desktop\Claude 
Code\CPQ-System\src\components\ui\card.tsx:81:57
    at div
    at C:\Users\Eli\Desktop\Claude 
Code\CPQ-System\src\components\ui\card.tsx:7:50
    at BOMGrid (C:\Users\Eli\Desktop\Claude Code\CPQ
-System\src\components\shared\BOMGrid.tsx:22:3)
Warning: A component is `contentEditable` and 
contains `children` managed by React. It is now 
your responsibility to guarantee that none of those 
nodes are unexpectedly modified or duplicated. This 
is probably not intentional.
    at div
    at div
    at div
    at div
    at spy (file:///C:/Users/Eli/Desktop/Claude%20Co
de/CPQ-System/node_modules/tinyspy/dist/index.js:42:
80)
    at div
    at div
    at div
    at C:\Users\Eli\Desktop\Claude 
Code\CPQ-System\src\components\ui\card.tsx:81:57
    at div
    at C:\Users\Eli\Desktop\Claude 
Code\CPQ-System\src\components\ui\card.tsx:7:50
    at BOMGrid (C:\Users\Eli\Desktop\Claude Code\CPQ
-System\src\components\shared\BOMGrid.tsx:22:3)
Warning: A component is `contentEditable` and 
contains `children` managed by React. It is now 
your responsibility to guarantee that none of those 
nodes are unexpectedly modified or duplicated. This 
is probably not intentional.
    at div
    at div
    at div
    at div
    at spy (file:///C:/Users/Eli/Desktop/Claude%20Co
de/CPQ-System/node_modules/tinyspy/dist/index.js:42:
80)
    at div
    at div
    at div
    at C:\Users\Eli\Desktop\Claude 
Code\CPQ-System\src\components\ui\card.tsx:81:57
    at div
    at C:\Users\Eli\Desktop\Claude 
Code\CPQ-System\src\components\ui\card.tsx:7:50
    at BOMGrid (C:\Users\Eli\Desktop\Claude Code\CPQ
-System\src\components\shared\BOMGrid.tsx:22:3)
Warning: A component is `contentEditable` and 
contains `children` managed by React. It is now 
your responsibility to guarantee that none of those 
nodes are unexpectedly modified or duplicated. This 
is probably not intentional.
    at div
    at div
    at div
    at div
    at spy (file:///C:/Users/Eli/Desktop/Claude%20Co
de/CPQ-System/node_modules/tinyspy/dist/index.js:42:
80)
    at div
    at div
    at div
    at C:\Users\Eli\Desktop\Claude 
Code\CPQ-System\src\components\ui\card.tsx:81:57
    at div
    at C:\Users\Eli\Desktop\Claude 
Code\CPQ-System\src\components\ui\card.tsx:7:50
    at BOMGrid (C:\Users\Eli\Desktop\Claude Code\CPQ
-System\src\components\shared\BOMGrid.tsx:22:3)
Warning: A component is `contentEditable` and 
contains `children` managed by React. It is now 
your responsibility to guarantee that none of those 
nodes are unexpectedly modified or duplicated. This 
is probably not intentional.
    at div
    at div
    at div
    at div
    at spy (file:///C:/Users/Eli/Desktop/Claude%20Co
de/CPQ-System/node_modules/tinyspy/dist/index.js:42:
80)
    at div
    at div
    at div
    at C:\Users\Eli\Desktop\Claude 
Code\CPQ-System\src\components\ui\card.tsx:81:57
    at div
    at C:\Users\Eli\Desktop\Claude 
Code\CPQ-System\src\components\ui\card.tsx:7:50
    at BOMGrid (C:\Users\Eli\Desktop\Claude Code\CPQ
-System\src\components\shared\BOMGrid.tsx:22:3)
Warning: A component is `contentEditable` and 
contains `children` managed by React. It is now 
your responsibility to guarantee that none of those 
nodes are unexpectedly modified or duplicated. This 
is probably not intentional.
    at div
    at div
    at div
    at div
    at spy (file:///C:/Users/Eli/Desktop/Claude%20Co
de/CPQ-System/node_modules/tinyspy/dist/index.js:42:
80)
    at div
    at div
    at div
    at C:\Users\Eli\Desktop\Claude 
Code\CPQ-System\src\components\ui\card.tsx:81:57
    at div
    at C:\Users\Eli\Desktop\Claude 
Code\CPQ-System\src\components\ui\card.tsx:7:50
    at BOMGrid (C:\Users\Eli\Desktop\Claude Code\CPQ
-System\src\components\shared\BOMGrid.tsx:22:3)
Warning: A component is `contentEditable` and 
contains `children` managed by React. It is now 
your responsibility to guarantee that none of those 
nodes are unexpectedly modified or duplicated. This 
is probably not intentional.
    at div
    at div
    at div
    at div
    at spy (file:///C:/Users/Eli/Desktop/Claude%20Co
de/CPQ-System/node_modules/tinyspy/dist/index.js:42:
80)
    at div
    at div
    at div
    at C:\Users\Eli\Desktop\Claude 
Code\CPQ-System\src\components\ui\card.tsx:81:57
    at div
    at C:\Users\Eli\Desktop\Claude 
Code\CPQ-System\src\components\ui\card.tsx:7:50
    at BOMGrid (C:\Users\Eli\Desktop\Claude Code\CPQ
-System\src\components\shared\BOMGrid.tsx:22:3)
Warning: A component is `contentEditable` and 
contains `children` managed by React. It is now 
your responsibility to guarantee that none of those 
nodes are unexpectedly modified or duplicated. This 
is probably not intentional.
    at div
    at div
    at div
    at div
    at spy (file:///C:/Users/Eli/Desktop/Claude%20Co
de/CPQ-System/node_modules/tinyspy/dist/index.js:42:
80)
    at div
    at div
    at div
    at C:\Users\Eli\Desktop\Claude 
Code\CPQ-System\src\components\ui\card.tsx:81:57
    at div
    at C:\Users\Eli\Desktop\Claude 
Code\CPQ-System\src\components\ui\card.tsx:7:50
    at BOMGrid (C:\Users\Eli\Desktop\Claude Code\CPQ
-System\src\components\shared\BOMGrid.tsx:22:3)
Warning: A component is `contentEditable` and 
contains `children` managed by React. It is now 
your responsibility to guarantee that none of those 
nodes are unexpectedly modified or duplicated. This 
is probably not intentional.
    at div
    at div
    at div
    at div
    at spy (file:///C:/Users/Eli/Desktop/Claude%20Co
de/CPQ-System/node_modules/tinyspy/dist/index.js:42:
80)
    at div
    at div
    at div
    at C:\Users\Eli\Desktop\Claude 
Code\CPQ-System\src\components\ui\card.tsx:81:57
    at div
    at C:\Users\Eli\Desktop\Claude 
Code\CPQ-System\src\components\ui\card.tsx:7:50
    at BOMGrid (C:\Users\Eli\Desktop\Claude Code\CPQ
-System\src\components\shared\BOMGrid.tsx:22:3)
Warning: A component is `contentEditable` and 
contains `children` managed by React. It is now 
your responsibility to guarantee that none of those 
nodes are unexpectedly modified or duplicated. This 
is probably not intentional.
    at div
    at div
    at div
    at div
    at spy (file:///C:/Users/Eli/Desktop/Claude%20Co
de/CPQ-System/node_modules/tinyspy/dist/index.js:42:
80)
    at div
    at div
    at div
    at C:\Users\Eli\Desktop\Claude 
Code\CPQ-System\src\components\ui\card.tsx:81:57
    at div
    at C:\Users\Eli\Desktop\Claude 
Code\CPQ-System\src\components\ui\card.tsx:7:50
    at BOMGrid (C:\Users\Eli\Desktop\Claude Code\CPQ
-System\src\components\shared\BOMGrid.tsx:22:3)
Warning: A component is `contentEditable` and 
contains `children` managed by React. It is now 
your responsibility to guarantee that none of those 
nodes are unexpectedly modified or duplicated. This 
is probably not intentional.
    at div
    at div
    at div
    at div
    at spy (file:///C:/Users/Eli/Desktop/Claude%20Co
de/CPQ-System/node_modules/tinyspy/dist/index.js:42:
80)
    at div
    at div
    at div
    at C:\Users\Eli\Desktop\Claude 
Code\CPQ-System\src\components\ui\card.tsx:81:57
    at div
    at C:\Users\Eli\Desktop\Claude 
Code\CPQ-System\src\components\ui\card.tsx:7:50
    at BOMGrid (C:\Users\Eli\Desktop\Claude Code\CPQ
-System\src\components\shared\BOMGrid.tsx:22:3)
Warning: A component is `contentEditable` and 
contains `children` managed by React. It is now 
your responsibility to guarantee that none of those 
nodes are unexpectedly modified or duplicated. This 
is probably not intentional.
    at div
    at div
    at div
    at div
    at spy (file:///C:/Users/Eli/Desktop/Claude%20Co
de/CPQ-System/node_modules/tinyspy/dist/index.js:42:
80)
    at div
    at div
    at div
    at C:\Users\Eli\Desktop\Claude 
Code\CPQ-System\src\components\ui\card.tsx:81:57
    at div
    at C:\Users\Eli\Desktop\Claude 
Code\CPQ-System\src\components\ui\card.tsx:7:50
    at BOMGrid (C:\Users\Eli\Desktop\Claude Code\CPQ
-System\src\components\shared\BOMGrid.tsx:22:3)
Warning: A component is `contentEditable` and 
contains `children` managed by React. It is now 
your responsibility to guarantee that none of those 
nodes are unexpectedly modified or duplicated. This 
is probably not intentional.
    at div
    at div
    at div
    at div
    at spy (file:///C:/Users/Eli/Desktop/Claude%20Co
de/CPQ-System/node_modules/tinyspy/dist/index.js:42:
80)
    at div
    at div
    at div
    at C:\Users\Eli\Desktop\Claude 
Code\CPQ-System\src\components\ui\card.tsx:81:57
    at div
    at C:\Users\Eli\Desktop\Claude 
Code\CPQ-System\src\components\ui\card.tsx:7:50
    at BOMGrid (C:\Users\Eli\Desktop\Claude Code\CPQ
-System\src\components\shared\BOMGrid.tsx:22:3)
Warning: A component is `contentEditable` and 
contains `children` managed by React. It is now 
your responsibility to guarantee that none of those 
nodes are unexpectedly modified or duplicated. This 
is probably not intentional.
    at div
    at div
    at div
    at div
    at spy (file:///C:/Users/Eli/Desktop/Claude%20Co
de/CPQ-System/node_modules/tinyspy/dist/index.js:42:
80)
    at div
    at div
    at div
    at C:\Users\Eli\Desktop\Claude 
Code\CPQ-System\src\components\ui\card.tsx:81:57
    at div
    at C:\Users\Eli\Desktop\Claude 
Code\CPQ-System\src\components\ui\card.tsx:7:50
    at BOMGrid (C:\Users\Eli\Desktop\Claude Code\CPQ
-System\src\components\shared\BOMGrid.tsx:22:3)
Warning: A component is `contentEditable` and 
contains `children` managed by React. It is now 
your responsibility to guarantee that none of those 
nodes are unexpectedly modified or duplicated. This 
is probably not intentional.
    at div
    at div
    at div
    at div
    at spy (file:///C:/Users/Eli/Desktop/Claude%20Co
de/CPQ-System/node_modules/tinyspy/dist/index.js:42:
80)
    at div
    at div
    at div
    at C:\Users\Eli\Desktop\Claude 
Code\CPQ-System\src\components\ui\card.tsx:81:57
    at div
    at C:\Users\Eli\Desktop\Claude 
Code\CPQ-System\src\components\ui\card.tsx:7:50
    at BOMGrid (C:\Users\Eli\Desktop\Claude Code\CPQ
-System\src\components\shared\BOMGrid.tsx:22:3)
Warning: A component is `contentEditable` and 
contains `children` managed by React. It is now 
your responsibility to guarantee that none of those 
nodes are unexpectedly modified or duplicated. This 
is probably not intentional.
    at div
    at div
    at div
    at div
    at spy (file:///C:/Users/Eli/Desktop/Claude%20Co
de/CPQ-System/node_modules/tinyspy/dist/index.js:42:
80)
    at div
    at div
    at div
    at C:\Users\Eli\Desktop\Claude 
Code\CPQ-System\src\components\ui\card.tsx:81:57
    at div
    at C:\Users\Eli\Desktop\Claude 
Code\CPQ-System\src\components\ui\card.tsx:7:50
    at BOMGrid (C:\Users\Eli\Desktop\Claude Code\CPQ
-System\src\components\shared\BOMGrid.tsx:22:3)
Warning: A component is `contentEditable` and 
contains `children` managed by React. It is now 
your responsibility to guarantee that none of those 
nodes are unexpectedly modified or duplicated. This 
is probably not intentional.
    at div
    at div
    at div
    at div
    at spy (file:///C:/Users/Eli/Desktop/Claude%20Co
de/CPQ-System/node_modules/tinyspy/dist/index.js:42:
80)
    at div
    at div
    at div
    at C:\Users\Eli\Desktop\Claude 
Code\CPQ-System\src\components\ui\card.tsx:81:57
    at div
    at C:\Users\Eli\Desktop\Claude 
Code\CPQ-System\src\components\ui\card.tsx:7:50
    at BOMGrid (C:\Users\Eli\Desktop\Claude Code\CPQ
-System\src\components\shared\BOMGrid.tsx:22:3)
Warning: A component is `contentEditable` and 
contains `children` managed by React. It is now 
your responsibility to guarantee that none of those 
nodes are unexpectedly modified or duplicated. This 
is probably not intentional.
    at div
    at div
    at div
    at div
    at spy (file:///C:/Users/Eli/Desktop/Claude%20Co
de/CPQ-System/node_modules/tinyspy/dist/index.js:42:
80)
    at div
    at div
    at div
    at C:\Users\Eli\Desktop\Claude 
Code\CPQ-System\src\components\ui\card.tsx:81:57
    at div
    at C:\Users\Eli\Desktop\Claude 
Code\CPQ-System\src\components\ui\card.tsx:7:50
    at BOMGrid (C:\Users\Eli\Desktop\Claude Code\CPQ
-System\src\components\shared\BOMGrid.tsx:22:3)
Warning: A component is `contentEditable` and 
contains `children` managed by React. It is now 
your responsibility to guarantee that none of those 
nodes are unexpectedly modified or duplicated. This 
is probably not intentional.
    at div
    at div
    at div
    at div
    at spy (file:///C:/Users/Eli/Desktop/Claude%20Co
de/CPQ-System/node_modules/tinyspy/dist/index.js:42:
80)
    at div
    at div
    at div
    at C:\Users\Eli\Desktop\Claude 
Code\CPQ-System\src\components\ui\card.tsx:81:57
    at div
    at C:\Users\Eli\Desktop\Claude 
Code\CPQ-System\src\components\ui\card.tsx:7:50
    at BOMGrid (C:\Users\Eli\Desktop\Claude Code\CPQ
-System\src\components\shared\BOMGrid.tsx:22:3)
Warning: A component is `contentEditable` and 
contains `children` managed by React. It is now 
your responsibility to guarantee that none of those 
nodes are unexpectedly modified or duplicated. This 
is probably not intentional.
    at div
    at div
    at div
    at div
    at spy (file:///C:/Users/Eli/Desktop/Claude%20Co
de/CPQ-System/node_modules/tinyspy/dist/index.js:42:
80)
    at div
    at div
    at div
    at C:\Users\Eli\Desktop\Claude 
Code\CPQ-System\src\components\ui\card.tsx:81:57
    at div
    at C:\Users\Eli\Desktop\Claude 
Code\CPQ-System\src\components\ui\card.tsx:7:50
    at BOMGrid (C:\Users\Eli\Desktop\Claude Code\CPQ
-System\src\components\shared\BOMGrid.tsx:22:3)
Warning: A component is `contentEditable` and 
contains `children` managed by React. It is now 
your responsibility to guarantee that none of those 
nodes are unexpectedly modified or duplicated. This 
is probably not intentional.
    at div
    at div
    at div
    at div
    at spy (file:///C:/Users/Eli/Desktop/Claude%20Co
de/CPQ-System/node_modules/tinyspy/dist/index.js:42:
80)
    at div
    at div
    at div
    at C:\Users\Eli\Desktop\Claude 
Code\CPQ-System\src\components\ui\card.tsx:81:57
    at div
    at C:\Users\Eli\Desktop\Claude 
Code\CPQ-System\src\components\ui\card.tsx:7:50
    at BOMGrid (C:\Users\Eli\Desktop\Claude Code\CPQ
-System\src\components\shared\BOMGrid.tsx:22:3)
Warning: A component is `contentEditable` and 
contains `children` managed by React. It is now 
your responsibility to guarantee that none of those 
nodes are unexpectedly modified or duplicated. This 
is probably not intentional.
    at div
    at div
    at div
    at div
    at spy (file:///C:/Users/Eli/Desktop/Claude%20Co
de/CPQ-System/node_modules/tinyspy/dist/index.js:42:
80)
    at div
    at div
    at div
    at C:\Users\Eli\Desktop\Claude 
Code\CPQ-System\src\components\ui\card.tsx:81:57
    at div
    at C:\Users\Eli\Desktop\Claude 
Code\CPQ-System\src\components\ui\card.tsx:7:50
    at BOMGrid (C:\Users\Eli\Desktop\Claude Code\CPQ
-System\src\components\shared\BOMGrid.tsx:22:3)
Warning: A component is `contentEditable` and 
contains `children` managed by React. It is now 
your responsibility to guarantee that none of those 
nodes are unexpectedly modified or duplicated. This 
is probably not intentional.
    at div
    at div
    at div
    at div
    at spy (file:///C:/Users/Eli/Desktop/Claude%20Co
de/CPQ-System/node_modules/tinyspy/dist/index.js:42:
80)
    at div
    at div
    at div
    at C:\Users\Eli\Desktop\Claude 
Code\CPQ-System\src\components\ui\card.tsx:81:57
    at div
    at C:\Users\Eli\Desktop\Claude 
Code\CPQ-System\src\components\ui\card.tsx:7:50
    at BOMGrid (C:\Users\Eli\Desktop\Claude Code\CPQ
-System\src\components\shared\BOMGrid.tsx:22:3)
Warning: A component is `contentEditable` and 
contains `children` managed by React. It is now 
your responsibility to guarantee that none of those 
nodes are unexpectedly modified or duplicated. This 
is probably not intentional.
    at div
    at div
    at div
    at div
    at spy (file:///C:/Users/Eli/Desktop/Claude%20Co
de/CPQ-System/node_modules/tinyspy/dist/index.js:42:
80)
    at div
    at div
    at div
    at C:\Users\Eli\Desktop\Claude 
Code\CPQ-System\src\components\ui\card.tsx:81:57
    at div
    at C:\Users\Eli\Desktop\Claude 
Code\CPQ-System\src\components\ui\card.tsx:7:50
    at BOMGrid (C:\Users\Eli\Desktop\Claude Code\CPQ
-System\src\components\shared\BOMGrid.tsx:22:3)
Warning: A component is `contentEditable` and 
contains `children` managed by React. It is now 
your responsibility to guarantee that none of those 
nodes are unexpectedly modified or duplicated. This 
is probably not intentional.
    at div
    at div
    at div
    at div
    at spy (file:///C:/Users/Eli/Desktop/Claude%20Co
de/CPQ-System/node_modules/tinyspy/dist/index.js:42:
80)
    at div
    at div
    at div
    at C:\Users\Eli\Desktop\Claude 
Code\CPQ-System\src\components\ui\card.tsx:81:57
    at div
    at C:\Users\Eli\Desktop\Claude 
Code\CPQ-System\src\components\ui\card.tsx:7:50
    at BOMGrid (C:\Users\Eli\Desktop\Claude Code\CPQ
-System\src\components\shared\BOMGrid.tsx:22:3)
Warning: A component is `contentEditable` and 
contains `children` managed by React. It is now 
your responsibility to guarantee that none of those 
nodes are unexpectedly modified or duplicated. This 
is probably not intentional.
    at div
    at div
    at div
    at div
    at spy (file:///C:/Users/Eli/Desktop/Claude%20Co
de/CPQ-System/node_modules/tinyspy/dist/index.js:42:
80)
    at div
    at div
    at div
    at C:\Users\Eli\Desktop\Claude 
Code\CPQ-System\src\components\ui\card.tsx:81:57
    at div
    at C:\Users\Eli\Desktop\Claude 
Code\CPQ-System\src\components\ui\card.tsx:7:50
    at BOMGrid (C:\Users\Eli\Desktop\Claude Code\CPQ
-System\src\components\shared\BOMGrid.tsx:22:3)
Warning: A component is `contentEditable` and 
contains `children` managed by React. It is now 
your responsibility to guarantee that none of those 
nodes are unexpectedly modified or duplicated. This 
is probably not intentional.
    at div
    at div
    at div
    at div
    at spy (file:///C:/Users/Eli/Desktop/Claude%20Co
de/CPQ-System/node_modules/tinyspy/dist/index.js:42:
80)
    at div
    at div
    at div
    at C:\Users\Eli\Desktop\Claude 
Code\CPQ-System\src\components\ui\card.tsx:81:57
    at div
    at C:\Users\Eli\Desktop\Claude 
Code\CPQ-System\src\components\ui\card.tsx:7:50
    at BOMGrid (C:\Users\Eli\Desktop\Claude Code\CPQ
-System\src\components\shared\BOMGrid.tsx:22:3)
Warning: A component is `contentEditable` and 
contains `children` managed by React. It is now 
your responsibility to guarantee that none of those 
nodes are unexpectedly modified or duplicated. This 
is probably not intentional.
    at div
    at div
    at div
    at div
    at spy (file:///C:/Users/Eli/Desktop/Claude%20Co
de/CPQ-System/node_modules/tinyspy/dist/index.js:42:
80)
    at div
    at div
    at div
    at C:\Users\Eli\Desktop\Claude 
Code\CPQ-System\src\components\ui\card.tsx:81:57
    at div
    at C:\Users\Eli\Desktop\Claude 
Code\CPQ-System\src\components\ui\card.tsx:7:50
    at BOMGrid (C:\Users\Eli\Desktop\Claude Code\CPQ
-System\src\components\shared\BOMGrid.tsx:22:3)
Warning: A component is `contentEditable` and 
contains `children` managed by React. It is now 
your responsibility to guarantee that none of those 
nodes are unexpectedly modified or duplicated. This 
is probably not intentional.
    at div
    at div
    at div
    at div
    at spy (file:///C:/Users/Eli/Desktop/Claude%20Co
de/CPQ-System/node_modules/tinyspy/dist/index.js:42:
80)
    at div
    at div
    at div
    at C:\Users\Eli\Desktop\Claude 
Code\CPQ-System\src\components\ui\card.tsx:81:57
    at div
    at C:\Users\Eli\Desktop\Claude 
Code\CPQ-System\src\components\ui\card.tsx:7:50
    at BOMGrid (C:\Users\Eli\Desktop\Claude Code\CPQ
-System\src\components\shared\BOMGrid.tsx:22:3)
Warning: A component is `contentEditable` and 
contains `children` managed by React. It is now 
your responsibility to guarantee that none of those 
nodes are unexpectedly modified or duplicated. This 
is probably not intentional.
    at div
    at div
    at div
    at div
    at spy (file:///C:/Users/Eli/Desktop/Claude%20Co
de/CPQ-System/node_modules/tinyspy/dist/index.js:42:
80)
    at div
    at div
    at div
    at C:\Users\Eli\Desktop\Claude 
Code\CPQ-System\src\components\ui\card.tsx:81:57
    at div
    at C:\Users\Eli\Desktop\Claude 
Code\CPQ-System\src\components\ui\card.tsx:7:50
    at BOMGrid (C:\Users\Eli\Desktop\Claude Code\CPQ
-System\src\components\shared\BOMGrid.tsx:22:3)
Warning: A component is `contentEditable` and 
contains `children` managed by React. It is now 
your responsibility to guarantee that none of those 
nodes are unexpectedly modified or duplicated. This 
is probably not intentional.
    at div
    at div
    at div
    at div
    at spy (file:///C:/Users/Eli/Desktop/Claude%20Co
de/CPQ-System/node_modules/tinyspy/dist/index.js:42:
80)
    at div
    at div
    at div
    at C:\Users\Eli\Desktop\Claude 
Code\CPQ-System\src\components\ui\card.tsx:81:57
    at div
    at C:\Users\Eli\Desktop\Claude 
Code\CPQ-System\src\components\ui\card.tsx:7:50
    at BOMGrid (C:\Users\Eli\Desktop\Claude Code\CPQ
-System\src\components\shared\BOMGrid.tsx:22:3)
Warning: A component is `contentEditable` and 
contains `children` managed by React. It is now 
your responsibility to guarantee that none of those 
nodes are unexpectedly modified or duplicated. This 
is probably not intentional.
    at div
    at div
    at div
    at div
    at spy (file:///C:/Users/Eli/Desktop/Claude%20Co
de/CPQ-System/node_modules/tinyspy/dist/index.js:42:
80)
    at div
    at div
    at div
    at C:\Users\Eli\Desktop\Claude 
Code\CPQ-System\src\components\ui\card.tsx:81:57
    at div
    at C:\Users\Eli\Desktop\Claude 
Code\CPQ-System\src\components\ui\card.tsx:7:50
    at BOMGrid (C:\Users\Eli\Desktop\Claude Code\CPQ
-System\src\components\shared\BOMGrid.tsx:22:3)
Warning: A component is `contentEditable` and 
contains `children` managed by React. It is now 
your responsibility to guarantee that none of those 
nodes are unexpectedly modified or duplicated. This 
is probably not intentional.
    at div
    at div
    at div
    at div
    at spy (file:///C:/Users/Eli/Desktop/Claude%20Co
de/CPQ-System/node_modules/tinyspy/dist/index.js:42:
80)
    at div
    at div
    at div
    at C:\Users\Eli\Desktop\Claude 
Code\CPQ-System\src\components\ui\card.tsx:81:57
    at div
    at C:\Users\Eli\Desktop\Claude 
Code\CPQ-System\src\components\ui\card.tsx:7:50
    at BOMGrid (C:\Users\Eli\Desktop\Claude Code\CPQ
-System\src\components\shared\BOMGrid.tsx:22:3)
Warning: A component is `contentEditable` and 
contains `children` managed by React. It is now 
your responsibility to guarantee that none of those 
nodes are unexpectedly modified or duplicated. This 
is probably not intentional.
    at div
    at div
    at div
    at div
    at spy (file:///C:/Users/Eli/Desktop/Claude%20Co
de/CPQ-System/node_modules/tinyspy/dist/index.js:42:
80)
    at div
    at div
    at div
    at C:\Users\Eli\Desktop\Claude 
Code\CPQ-System\src\components\ui\card.tsx:81:57
    at div
    at C:\Users\Eli\Desktop\Claude 
Code\CPQ-System\src\components\ui\card.tsx:7:50
    at BOMGrid (C:\Users\Eli\Desktop\Claude Code\CPQ
-System\src\components\shared\BOMGrid.tsx:22:3)
Warning: A component is `contentEditable` and 
contains `children` managed by React. It is now 
your responsibility to guarantee that none of those 
nodes are unexpectedly modified or duplicated. This 
is probably not intentional.
    at div
    at div
    at div
    at div
    at spy (file:///C:/Users/Eli/Desktop/Claude%20Co
de/CPQ-System/node_modules/tinyspy/dist/index.js:42:
80)
    at div
    at div
    at div
    at C:\Users\Eli\Desktop\Claude 
Code\CPQ-System\src\components\ui\card.tsx:81:57
    at div
    at C:\Users\Eli\Desktop\Claude 
Code\CPQ-System\src\components\ui\card.tsx:7:50
    at BOMGrid (C:\Users\Eli\Desktop\Claude Code\CPQ
-System\src\components\shared\BOMGrid.tsx:22:3)
Warning: A component is `contentEditable` and 
contains `children` managed by React. It is now 
your responsibility to guarantee that none of those 
nodes are unexpectedly modified or duplicated. This 
is probably not intentional.
    at div
    at div
    at div
    at div
    at spy (file:///C:/Users/Eli/Desktop/Claude%20Co
de/CPQ-System/node_modules/tinyspy/dist/index.js:42:
80)
    at div
    at div
    at div
    at C:\Users\Eli\Desktop\Claude 
Code\CPQ-System\src\components\ui\card.tsx:81:57
    at div
    at C:\Users\Eli\Desktop\Claude 
Code\CPQ-System\src\components\ui\card.tsx:7:50
    at BOMGrid (C:\Users\Eli\Desktop\Claude Code\CPQ
-System\src\components\shared\BOMGrid.tsx:22:3)
Warning: A component is `contentEditable` and 
contains `children` managed by React. It is now 
your responsibility to guarantee that none of those 
nodes are unexpectedly modified or duplicated. This 
is probably not intentional.
    at div
    at div
    at div
    at div
    at spy (file:///C:/Users/Eli/Desktop/Claude%20Co
de/CPQ-System/node_modules/tinyspy/dist/index.js:42:
80)
    at div
    at div
    at div
    at C:\Users\Eli\Desktop\Claude 
Code\CPQ-System\src\components\ui\card.tsx:81:57
    at div
    at C:\Users\Eli\Desktop\Claude 
Code\CPQ-System\src\components\ui\card.tsx:7:50
    at BOMGrid (C:\Users\Eli\Desktop\Claude Code\CPQ
-System\src\components\shared\BOMGrid.tsx:22:3)
Warning: A component is `contentEditable` and 
contains `children` managed by React. It is now 
your responsibility to guarantee that none of those 
nodes are unexpectedly modified or duplicated. This 
is probably not intentional.
    at div
    at div
    at div
    at div
    at spy (file:///C:/Users/Eli/Desktop/Claude%20Co
de/CPQ-System/node_modules/tinyspy/dist/index.js:42:
80)
    at div
    at div
    at div
    at C:\Users\Eli\Desktop\Claude 
Code\CPQ-System\src\components\ui\card.tsx:81:57
    at div
    at C:\Users\Eli\Desktop\Claude 
Code\CPQ-System\src\components\ui\card.tsx:7:50
    at BOMGrid (C:\Users\Eli\Desktop\Claude Code\CPQ
-System\src\components\shared\BOMGrid.tsx:22:3)
Warning: A component is `contentEditable` and 
contains `children` managed by React. It is now 
your responsibility to guarantee that none of those 
nodes are unexpectedly modified or duplicated. This 
is probably not intentional.
    at div
    at div
    at div
    at div
    at spy (file:///C:/Users/Eli/Desktop/Claude%20Co
de/CPQ-System/node_modules/tinyspy/dist/index.js:42:
80)
    at div
    at div
    at div
    at C:\Users\Eli\Desktop\Claude 
Code\CPQ-System\src\components\ui\card.tsx:81:57
    at div
    at C:\Users\Eli\Desktop\Claude 
Code\CPQ-System\src\components\ui\card.tsx:7:50
    at BOMGrid (C:\Users\Eli\Desktop\Claude Code\CPQ
-System\src\components\shared\BOMGrid.tsx:22:3)
Warning: A component is `contentEditable` and 
contains `children` managed by React. It is now 
your responsibility to guarantee that none of those 
nodes are unexpectedly modified or duplicated. This 
is probably not intentional.
    at div
    at div
    at div
    at div
    at spy (file:///C:/Users/Eli/Desktop/Claude%20Co
de/CPQ-System/node_modules/tinyspy/dist/index.js:42:
80)
    at div
    at div
    at div
    at C:\Users\Eli\Desktop\Claude 
Code\CPQ-System\src\components\ui\card.tsx:81:57
    at div
    at C:\Users\Eli\Desktop\Claude 
Code\CPQ-System\src\components\ui\card.tsx:7:50
    at BOMGrid (C:\Users\Eli\Desktop\Claude Code\CPQ
-System\src\components\shared\BOMGrid.tsx:22:3)
Warning: A component is `contentEditable` and 
contains `children` managed by React. It is now 
your responsibility to guarantee that none of those 
nodes are unexpectedly modified or duplicated. This 
is probably not intentional.
    at div
    at div
    at div
    at div
    at spy (file:///C:/Users/Eli/Desktop/Claude%20Co
de/CPQ-System/node_modules/tinyspy/dist/index.js:42:
80)
    at div
    at div
    at div
    at C:\Users\Eli\Desktop\Claude 
Code\CPQ-System\src\components\ui\card.tsx:81:57
    at div
    at C:\Users\Eli\Desktop\Claude 
Code\CPQ-System\src\components\ui\card.tsx:7:50
    at BOMGrid (C:\Users\Eli\Desktop\Claude Code\CPQ
-System\src\components\shared\BOMGrid.tsx:22:3)
Warning: A component is `contentEditable` and 
contains `children` managed by React. It is now 
your responsibility to guarantee that none of those 
nodes are unexpectedly modified or duplicated. This 
is probably not intentional.
    at div
    at div
    at div
    at div
    at spy (file:///C:/Users/Eli/Desktop/Claude%20Co
de/CPQ-System/node_modules/tinyspy/dist/index.js:42:
80)
    at div
    at div
    at div
    at C:\Users\Eli\Desktop\Claude 
Code\CPQ-System\src\components\ui\card.tsx:81:57
    at div
    at C:\Users\Eli\Desktop\Claude 
Code\CPQ-System\src\components\ui\card.tsx:7:50
    at BOMGrid (C:\Users\Eli\Desktop\Claude Code\CPQ
-System\src\components\shared\BOMGrid.tsx:22:3)
Warning: A component is `contentEditable` and 
contains `children` managed by React. It is now 
your responsibility to guarantee that none of those 
nodes are unexpectedly modified or duplicated. This 
is probably not intentional.
    at div
    at div
    at div
    at div
    at spy (file:///C:/Users/Eli/Desktop/Claude%20Co
de/CPQ-System/node_modules/tinyspy/dist/index.js:42:
80)
    at div
    at div
    at div
    at C:\Users\Eli\Desktop\Claude 
Code\CPQ-System\src\components\ui\card.tsx:81:57
    at div
    at C:\Users\Eli\Desktop\Claude 
Code\CPQ-System\src\components\ui\card.tsx:7:50
    at BOMGrid (C:\Users\Eli\Desktop\Claude Code\CPQ
-System\src\components\shared\BOMGrid.tsx:22:3)
Warning: A component is `contentEditable` and 
contains `children` managed by React. It is now 
your responsibility to guarantee that none of those 
nodes are unexpectedly modified or duplicated. This 
is probably not intentional.
    at div
    at div
    at div
    at div
    at spy (file:///C:/Users/Eli/Desktop/Claude%20Co
de/CPQ-System/node_modules/tinyspy/dist/index.js:42:
80)
    at div
    at div
    at div
    at C:\Users\Eli\Desktop\Claude 
Code\CPQ-System\src\components\ui\card.tsx:81:57
    at div
    at C:\Users\Eli\Desktop\Claude 
Code\CPQ-System\src\components\ui\card.tsx:7:50
    at BOMGrid (C:\Users\Eli\Desktop\Claude Code\CPQ
-System\src\components\shared\BOMGrid.tsx:22:3)
Warning: A component is `contentEditable` and 
contains `children` managed by React. It is now 
your responsibility to guarantee that none of those 
nodes are unexpectedly modified or duplicated. This 
is probably not intentional.
    at div
    at div
    at div
    at div
    at spy (file:///C:/Users/Eli/Desktop/Claude%20Co
de/CPQ-System/node_modules/tinyspy/dist/index.js:42:
80)
    at div
    at div
    at div
    at C:\Users\Eli\Desktop\Claude 
Code\CPQ-System\src\components\ui\card.tsx:81:57
    at div
    at C:\Users\Eli\Desktop\Claude 
Code\CPQ-System\src\components\ui\card.tsx:7:50
    at BOMGrid (C:\Users\Eli\Desktop\Claude Code\CPQ
-System\src\components\shared\BOMGrid.tsx:22:3)
Warning: A component is `contentEditable` and 
contains `children` managed by React. It is now 
your responsibility to guarantee that none of those 
nodes are unexpectedly modified or duplicated. This 
is probably not intentional.
    at div
    at div
    at div
    at div
    at spy (file:///C:/Users/Eli/Desktop/Claude%20Co
de/CPQ-System/node_modules/tinyspy/dist/index.js:42:
80)
    at div
    at div
    at div
    at C:\Users\Eli\Desktop\Claude 
Code\CPQ-System\src\components\ui\card.tsx:81:57
    at div
    at C:\Users\Eli\Desktop\Claude 
Code\CPQ-System\src\components\ui\card.tsx:7:50
    at BOMGrid (C:\Users\Eli\Desktop\Claude Code\CPQ
-System\src\components\shared\BOMGrid.tsx:22:3)
Warning: A component is `contentEditable` and 
contains `children` managed by React. It is now 
your responsibility to guarantee that none of those 
nodes are unexpectedly modified or duplicated. This 
is probably not intentional.
    at div
    at div
    at div
    at div
    at spy (file:///C:/Users/Eli/Desktop/Claude%20Co
de/CPQ-System/node_modules/tinyspy/dist/index.js:42:
80)
    at div
    at div
    at div
    at C:\Users\Eli\Desktop\Claude 
Code\CPQ-System\src\components\ui\card.tsx:81:57
    at div
    at C:\Users\Eli\Desktop\Claude 
Code\CPQ-System\src\components\ui\card.tsx:7:50
    at BOMGrid (C:\Users\Eli\Desktop\Claude Code\CPQ
-System\src\components\shared\BOMGrid.tsx:22:3)
Warning: A component is `contentEditable` and 
contains `children` managed by React. It is now 
your responsibility to guarantee that none of those 
nodes are unexpectedly modified or duplicated. This 
is probably not intentional.
    at div
    at div
    at div
    at div
    at spy (file:///C:/Users/Eli/Desktop/Claude%20Co
de/CPQ-System/node_modules/tinyspy/dist/index.js:42:
80)
    at div
    at div
    at div
    at C:\Users\Eli\Desktop\Claude 
Code\CPQ-System\src\components\ui\card.tsx:81:57
    at div
    at C:\Users\Eli\Desktop\Claude 
Code\CPQ-System\src\components\ui\card.tsx:7:50
    at BOMGrid (C:\Users\Eli\Desktop\Claude Code\CPQ
-System\src\components\shared\BOMGrid.tsx:22:3)
Warning: A component is `contentEditable` and 
contains `children` managed by React. It is now 
your responsibility to guarantee that none of those 
nodes are unexpectedly modified or duplicated. This 
is probably not intentional.
    at div
    at div
    at div
    at div
    at spy (file:///C:/Users/Eli/Desktop/Claude%20Co
de/CPQ-System/node_modules/tinyspy/dist/index.js:42:
80)
    at div
    at div
    at div
    at C:\Users\Eli\Desktop\Claude 
Code\CPQ-System\src\components\ui\card.tsx:81:57
    at div
    at C:\Users\Eli\Desktop\Claude 
Code\CPQ-System\src\components\ui\card.tsx:7:50
    at BOMGrid (C:\Users\Eli\Desktop\Claude Code\CPQ
-System\src\components\shared\BOMGrid.tsx:22:3)
Warning: A component is `contentEditable` and 
contains `children` managed by React. It is now 
your responsibility to guarantee that none of those 
nodes are unexpectedly modified or duplicated. This 
is probably not intentional.
    at div
    at div
    at div
    at div
    at spy (file:///C:/Users/Eli/Desktop/Claude%20Co
de/CPQ-System/node_modules/tinyspy/dist/index.js:42:
80)
    at div
    at div
    at div
    at C:\Users\Eli\Desktop\Claude 
Code\CPQ-System\src\components\ui\card.tsx:81:57
    at div
    at C:\Users\Eli\Desktop\Claude 
Code\CPQ-System\src\components\ui\card.tsx:7:50
    at BOMGrid (C:\Users\Eli\Desktop\Claude Code\CPQ
-System\src\components\shared\BOMGrid.tsx:22:3)
Warning: A component is `contentEditable` and 
contains `children` managed by React. It is now 
your responsibility to guarantee that none of those 
nodes are unexpectedly modified or duplicated. This 
is probably not intentional.
    at div
    at div
    at div
    at div
    at spy (file:///C:/Users/Eli/Desktop/Claude%20Co
de/CPQ-System/node_modules/tinyspy/dist/index.js:42:
80)
    at div
    at div
    at div
    at C:\Users\Eli\Desktop\Claude 
Code\CPQ-System\src\components\ui\card.tsx:81:57
    at div
    at C:\Users\Eli\Desktop\Claude 
Code\CPQ-System\src\components\ui\card.tsx:7:50
    at BOMGrid (C:\Users\Eli\Desktop\Claude Code\CPQ
-System\src\components\shared\BOMGrid.tsx:22:3)
Warning: A component is `contentEditable` and 
contains `children` managed by React. It is now 
your responsibility to guarantee that none of those 
nodes are unexpectedly modified or duplicated. This 
is probably not intentional.
    at div
    at div
    at div
    at div
    at spy (file:///C:/Users/Eli/Desktop/Claude%20Co
de/CPQ-System/node_modules/tinyspy/dist/index.js:42:
80)
    at div
    at div
    at div
    at C:\Users\Eli\Desktop\Claude 
Code\CPQ-System\src\components\ui\card.tsx:81:57
    at div
    at C:\Users\Eli\Desktop\Claude 
Code\CPQ-System\src\components\ui\card.tsx:7:50
    at BOMGrid (C:\Users\Eli\Desktop\Claude Code\CPQ
-System\src\components\shared\BOMGrid.tsx:22:3)
Warning: A component is `contentEditable` and 
contains `children` managed by React. It is now 
your responsibility to guarantee that none of those 
nodes are unexpectedly modified or duplicated. This 
is probably not intentional.
    at div
    at div
    at div
    at div
    at spy (file:///C:/Users/Eli/Desktop/Claude%20Co
de/CPQ-System/node_modules/tinyspy/dist/index.js:42:
80)
    at div
    at div
    at div
    at C:\Users\Eli\Desktop\Claude 
Code\CPQ-System\src\components\ui\card.tsx:81:57
    at div
    at C:\Users\Eli\Desktop\Claude 
Code\CPQ-System\src\components\ui\card.tsx:7:50
    at BOMGrid (C:\Users\Eli\Desktop\Claude Code\CPQ
-System\src\components\shared\BOMGrid.tsx:22:3)
Warning: A component is `contentEditable` and 
contains `children` managed by React. It is now 
your responsibility to guarantee that none of those 
nodes are unexpectedly modified or duplicated. This 
is probably not intentional.
    at div
    at div
    at div
    at div
    at spy (file:///C:/Users/Eli/Desktop/Claude%20Co
de/CPQ-System/node_modules/tinyspy/dist/index.js:42:
80)
    at div
    at div
    at div
    at C:\Users\Eli\Desktop\Claude 
Code\CPQ-System\src\components\ui\card.tsx:81:57
    at div
    at C:\Users\Eli\Desktop\Claude 
Code\CPQ-System\src\components\ui\card.tsx:7:50
    at BOMGrid (C:\Users\Eli\Desktop\Claude Code\CPQ
-System\src\components\shared\BOMGrid.tsx:22:3)
Warning: A component is `contentEditable` and 
contains `children` managed by React. It is now 
your responsibility to guarantee that none of those 
nodes are unexpectedly modified or duplicated. This 
is probably not intentional.
    at div
    at div
    at div
    at div
    at spy (file:///C:/Users/Eli/Desktop/Claude%20Co
de/CPQ-System/node_modules/tinyspy/dist/index.js:42:
80)
    at div
    at div
    at div
    at C:\Users\Eli\Desktop\Claude 
Code\CPQ-System\src\components\ui\card.tsx:81:57
    at div
    at C:\Users\Eli\Desktop\Claude 
Code\CPQ-System\src\components\ui\card.tsx:7:50
    at BOMGrid (C:\Users\Eli\Desktop\Claude Code\CPQ
-System\src\components\shared\BOMGrid.tsx:22:3)
Warning: A component is `contentEditable` and 
contains `children` managed by React. It is now 
your responsibility to guarantee that none of those 
nodes are unexpectedly modified or duplicated. This 
is probably not intentional.
    at div
    at div
    at div
    at div
    at spy (file:///C:/Users/Eli/Desktop/Claude%20Co
de/CPQ-System/node_modules/tinyspy/dist/index.js:42:
80)
    at div
    at div
    at div
    at C:\Users\Eli\Desktop\Claude 
Code\CPQ-System\src\components\ui\card.tsx:81:57
    at div
    at C:\Users\Eli\Desktop\Claude 
Code\CPQ-System\src\components\ui\card.tsx:7:50
    at BOMGrid (C:\Users\Eli\Desktop\Claude Code\CPQ
-System\src\components\shared\BOMGrid.tsx:22:3)
Warning: A component is `contentEditable` and 
contains `children` managed by React. It is now 
your responsibility to guarantee that none of those 
nodes are unexpectedly modified or duplicated. This 
is probably not intentional.
    at div
    at div
    at div
    at div
    at spy (file:///C:/Users/Eli/Desktop/Claude%20Co
de/CPQ-System/node_modules/tinyspy/dist/index.js:42:
80)
    at div
    at div
    at div
    at C:\Users\Eli\Desktop\Claude 
Code\CPQ-System\src\components\ui\card.tsx:81:57
    at div
    at C:\Users\Eli\Desktop\Claude 
Code\CPQ-System\src\components\ui\card.tsx:7:50
    at BOMGrid (C:\Users\Eli\Desktop\Claude Code\CPQ
-System\src\components\shared\BOMGrid.tsx:22:3)
Warning: A component is `contentEditable` and 
contains `children` managed by React. It is now 
your responsibility to guarantee that none of those 
nodes are unexpectedly modified or duplicated. This 
is probably not intentional.
    at div
    at div
    at div
    at div
    at spy (file:///C:/Users/Eli/Desktop/Claude%20Co
de/CPQ-System/node_modules/tinyspy/dist/index.js:42:
80)
    at div
    at div
    at div
    at C:\Users\Eli\Desktop\Claude 
Code\CPQ-System\src\components\ui\card.tsx:81:57
    at div
    at C:\Users\Eli\Desktop\Claude 
Code\CPQ-System\src\components\ui\card.tsx:7:50
    at BOMGrid (C:\Users\Eli\Desktop\Claude Code\CPQ
-System\src\components\shared\BOMGrid.tsx:22:3)
Warning: A component is `contentEditable` and 
contains `children` managed by React. It is now 
your responsibility to guarantee that none of those 
nodes are unexpectedly modified or duplicated. This 
is probably not intentional.
    at div
    at div
    at div
    at div
    at spy (file:///C:/Users/Eli/Desktop/Claude%20Co
de/CPQ-System/node_modules/tinyspy/dist/index.js:42:
80)
    at div
    at div
    at div
    at C:\Users\Eli\Desktop\Claude 
Code\CPQ-System\src\components\ui\card.tsx:81:57
    at div
    at C:\Users\Eli\Desktop\Claude 
Code\CPQ-System\src\components\ui\card.tsx:7:50
    at BOMGrid (C:\Users\Eli\Desktop\Claude Code\CPQ
-System\src\components\shared\BOMGrid.tsx:22:3)
Warning: A component is `contentEditable` and 
contains `children` managed by React. It is now 
your responsibility to guarantee that none of those 
nodes are unexpectedly modified or duplicated. This 
is probably not intentional.
    at div
    at div
    at div
    at div
    at spy (file:///C:/Users/Eli/Desktop/Claude%20Co
de/CPQ-System/node_modules/tinyspy/dist/index.js:42:
80)
    at div
    at div
    at div
    at C:\Users\Eli\Desktop\Claude 
Code\CPQ-System\src\components\ui\card.tsx:81:57
    at div
    at C:\Users\Eli\Desktop\Claude 
Code\CPQ-System\src\components\ui\card.tsx:7:50
    at BOMGrid (C:\Users\Eli\Desktop\Claude Code\CPQ
-System\src\components\shared\BOMGrid.tsx:22:3)
Warning: A component is `contentEditable` and 
contains `children` managed by React. It is now 
your responsibility to guarantee that none of those 
nodes are unexpectedly modified or duplicated. This 
is probably not intentional.
    at div
    at div
    at div
    at div
    at spy (file:///C:/Users/Eli/Desktop/Claude%20Co
de/CPQ-System/node_modules/tinyspy/dist/index.js:42:
80)
    at div
    at div
    at div
    at C:\Users\Eli\Desktop\Claude 
Code\CPQ-System\src\components\ui\card.tsx:81:57
    at div
    at C:\Users\Eli\Desktop\Claude 
Code\CPQ-System\src\components\ui\card.tsx:7:50
    at BOMGrid (C:\Users\Eli\Desktop\Claude Code\CPQ
-System\src\components\shared\BOMGrid.tsx:22:3)
Warning: A component is `contentEditable` and 
contains `children` managed by React. It is now 
your responsibility to guarantee that none of those 
nodes are unexpectedly modified or duplicated. This 
is probably not intentional.
    at div
    at div
    at div
    at div
    at spy (file:///C:/Users/Eli/Desktop/Claude%20Co
de/CPQ-System/node_modules/tinyspy/dist/index.js:42:
80)
    at div
    at div
    at div
    at C:\Users\Eli\Desktop\Claude 
Code\CPQ-System\src\components\ui\card.tsx:81:57
    at div
    at C:\Users\Eli\Desktop\Claude 
Code\CPQ-System\src\components\ui\card.tsx:7:50
    at BOMGrid (C:\Users\Eli\Desktop\Claude Code\CPQ
-System\src\components\shared\BOMGrid.tsx:22:3)
Warning: A component is `contentEditable` and 
contains `children` managed by React. It is now 
your responsibility to guarantee that none of those 
nodes are unexpectedly modified or duplicated. This 
is probably not intentional.
    at div
    at div
    at div
    at div
    at spy (file:///C:/Users/Eli/Desktop/Claude%20Co
de/CPQ-System/node_modules/tinyspy/dist/index.js:42:
80)
    at div
    at div
    at div
    at C:\Users\Eli\Desktop\Claude 
Code\CPQ-System\src\components\ui\card.tsx:81:57
    at div
    at C:\Users\Eli\Desktop\Claude 
Code\CPQ-System\src\components\ui\card.tsx:7:50
    at BOMGrid (C:\Users\Eli\Desktop\Claude Code\CPQ
-System\src\components\shared\BOMGrid.tsx:22:3)
Warning: A component is `contentEditable` and 
contains `children` managed by React. It is now 
your responsibility to guarantee that none of those 
nodes are unexpectedly modified or duplicated. This 
is probably not intentional.
    at div
    at div
    at div
    at div
    at spy (file:///C:/Users/Eli/Desktop/Claude%20Co
de/CPQ-System/node_modules/tinyspy/dist/index.js:42:
80)
    at div
    at div
    at div
    at C:\Users\Eli\Desktop\Claude 
Code\CPQ-System\src\components\ui\card.tsx:81:57
    at div
    at C:\Users\Eli\Desktop\Claude 
Code\CPQ-System\src\components\ui\card.tsx:7:50
    at BOMGrid (C:\Users\Eli\Desktop\Claude Code\CPQ
-System\src\components\shared\BOMGrid.tsx:22:3)
Warning: A component is `contentEditable` and 
contains `children` managed by React. It is now 
your responsibility to guarantee that none of those 
nodes are unexpectedly modified or duplicated. This 
is probably not intentional.
    at div
    at div
    at div
    at div
    at spy (file:///C:/Users/Eli/Desktop/Claude%20Co
de/CPQ-System/node_modules/tinyspy/dist/index.js:42:
80)
    at div
    at div
    at div
    at C:\Users\Eli\Desktop\Claude 
Code\CPQ-System\src\components\ui\card.tsx:81:57
    at div
    at C:\Users\Eli\Desktop\Claude 
Code\CPQ-System\src\components\ui\card.tsx:7:50
    at BOMGrid (C:\Users\Eli\Desktop\Claude Code\CPQ
-System\src\components\shared\BOMGrid.tsx:22:3)
Warning: A component is `contentEditable` and 
contains `children` managed by React. It is now 
your responsibility to guarantee that none of those 
nodes are unexpectedly modified or duplicated. This 
is probably not intentional.
    at div
    at div
    at div
    at div
    at spy (file:///C:/Users/Eli/Desktop/Claude%20Co
de/CPQ-System/node_modules/tinyspy/dist/index.js:42:
80)
    at div
    at div
    at div
    at C:\Users\Eli\Desktop\Claude 
Code\CPQ-System\src\components\ui\card.tsx:81:57
    at div
    at C:\Users\Eli\Desktop\Claude 
Code\CPQ-System\src\components\ui\card.tsx:7:50
    at BOMGrid (C:\Users\Eli\Desktop\Claude Code\CPQ
-System\src\components\shared\BOMGrid.tsx:22:3)
Warning: A component is `contentEditable` and 
contains `children` managed by React. It is now 
your responsibility to guarantee that none of those 
nodes are unexpectedly modified or duplicated. This 
is probably not intentional.
    at div
    at div
    at div
    at div
    at spy (file:///C:/Users/Eli/Desktop/Claude%20Co
de/CPQ-System/node_modules/tinyspy/dist/index.js:42:
80)
    at div
    at div
    at div
    at C:\Users\Eli\Desktop\Claude 
Code\CPQ-System\src\components\ui\card.tsx:81:57
    at div
    at C:\Users\Eli\Desktop\Claude 
Code\CPQ-System\src\components\ui\card.tsx:7:50
    at BOMGrid (C:\Users\Eli\Desktop\Claude Code\CPQ
-System\src\components\shared\BOMGrid.tsx:22:3)
Warning: A component is `contentEditable` and 
contains `children` managed by React. It is now 
your responsibility to guarantee that none of those 
nodes are unexpectedly modified or duplicated. This 
is probably not intentional.
    at div
    at div
    at div
    at div
    at spy (file:///C:/Users/Eli/Desktop/Claude%20Co
de/CPQ-System/node_modules/tinyspy/dist/index.js:42:
80)
    at div
    at div
    at div
    at C:\Users\Eli\Desktop\Claude 
Code\CPQ-System\src\components\ui\card.tsx:81:57
    at div
    at C:\Users\Eli\Desktop\Claude 
Code\CPQ-System\src\components\ui\card.tsx:7:50
    at BOMGrid (C:\Users\Eli\Desktop\Claude Code\CPQ
-System\src\components\shared\BOMGrid.tsx:22:3)
Warning: A component is `contentEditable` and 
contains `children` managed by React. It is now 
your responsibility to guarantee that none of those 
nodes are unexpectedly modified or duplicated. This 
is probably not intentional.
    at div
    at div
    at div
    at div
    at spy (file:///C:/Users/Eli/Desktop/Claude%20Co
de/CPQ-System/node_modules/tinyspy/dist/index.js:42:
80)
    at div
    at div
    at div
    at C:\Users\Eli\Desktop\Claude 
Code\CPQ-System\src\components\ui\card.tsx:81:57
    at div
    at C:\Users\Eli\Desktop\Claude 
Code\CPQ-System\src\components\ui\card.tsx:7:50
    at BOMGrid (C:\Users\Eli\Desktop\Claude Code\CPQ
-System\src\components\shared\BOMGrid.tsx:22:3)
Warning: A component is `contentEditable` and 
contains `children` managed by React. It is now 
your responsibility to guarantee that none of those 
nodes are unexpectedly modified or duplicated. This 
is probably not intentional.
    at div
    at div
    at div
    at div
    at spy (file:///C:/Users/Eli/Desktop/Claude%20Co
de/CPQ-System/node_modules/tinyspy/dist/index.js:42:
80)
    at div
    at div
    at div
    at C:\Users\Eli\Desktop\Claude 
Code\CPQ-System\src\components\ui\card.tsx:81:57
    at div
    at C:\Users\Eli\Desktop\Claude 
Code\CPQ-System\src\components\ui\card.tsx:7:50
    at BOMGrid (C:\Users\Eli\Desktop\Claude Code\CPQ
-System\src\components\shared\BOMGrid.tsx:22:3)
Warning: A component is `contentEditable` and 
contains `children` managed by React. It is now 
your responsibility to guarantee that none of those 
nodes are unexpectedly modified or duplicated. This 
is probably not intentional.
    at div
    at div
    at div
    at div
    at spy (file:///C:/Users/Eli/Desktop/Claude%20Co
de/CPQ-System/node_modules/tinyspy/dist/index.js:42:
80)
    at div
    at div
    at div
    at C:\Users\Eli\Desktop\Claude 
Code\CPQ-System\src\components\ui\card.tsx:81:57
    at div
    at C:\Users\Eli\Desktop\Claude 
Code\CPQ-System\src\components\ui\card.tsx:7:50
    at BOMGrid (C:\Users\Eli\Desktop\Claude Code\CPQ
-System\src\components\shared\BOMGrid.tsx:22:3)
Warning: A component is `contentEditable` and 
contains `children` managed by React. It is now 
your responsibility to guarantee that none of those 
nodes are unexpectedly modified or duplicated. This 
is probably not intentional.
    at div
    at div
    at div
    at div
    at spy (file:///C:/Users/Eli/Desktop/Claude%20Co
de/CPQ-System/node_modules/tinyspy/dist/index.js:42:
80)
    at div
    at div
    at div
    at C:\Users\Eli\Desktop\Claude 
Code\CPQ-System\src\components\ui\card.tsx:81:57
    at div
    at C:\Users\Eli\Desktop\Claude 
Code\CPQ-System\src\components\ui\card.tsx:7:50
    at BOMGrid (C:\Users\Eli\Desktop\Claude Code\CPQ
-System\src\components\shared\BOMGrid.tsx:22:3)
Warning: A component is `contentEditable` and 
contains `children` managed by React. It is now 
your responsibility to guarantee that none of those 
nodes are unexpectedly modified or duplicated. This 
is probably not intentional.
    at div
    at div
    at div
    at div
    at spy (file:///C:/Users/Eli/Desktop/Claude%20Co
de/CPQ-System/node_modules/tinyspy/dist/index.js:42:
80)
    at div
    at div
    at div
    at C:\Users\Eli\Desktop\Claude 
Code\CPQ-System\src\components\ui\card.tsx:81:57
    at div
    at C:\Users\Eli\Desktop\Claude 
Code\CPQ-System\src\components\ui\card.tsx:7:50
    at BOMGrid (C:\Users\Eli\Desktop\Claude Code\CPQ
-System\src\components\shared\BOMGrid.tsx:22:3)
Warning: A component is `contentEditable` and 
contains `children` managed by React. It is now 
your responsibility to guarantee that none of those 
nodes are unexpectedly modified or duplicated. This 
is probably not intentional.
    at div
    at div
    at div
    at div
    at spy (file:///C:/Users/Eli/Desktop/Claude%20Co
de/CPQ-System/node_modules/tinyspy/dist/index.js:42:
80)
    at div
    at div
    at div
    at C:\Users\Eli\Desktop\Claude 
Code\CPQ-System\src\components\ui\card.tsx:81:57
    at div
    at C:\Users\Eli\Desktop\Claude 
Code\CPQ-System\src\components\ui\card.tsx:7:50
    at BOMGrid (C:\Users\Eli\Desktop\Claude Code\CPQ
-System\src\components\shared\BOMGrid.tsx:22:3)
Warning: A component is `contentEditable` and 
contains `children` managed by React. It is now 
your responsibility to guarantee that none of those 
nodes are unexpectedly modified or duplicated. This 
is probably not intentional.
    at div
    at div
    at div
    at div
    at spy (file:///C:/Users/Eli/Desktop/Claude%20Co
de/CPQ-System/node_modules/tinyspy/dist/index.js:42:
80)
    at div
    at div
    at div
    at C:\Users\Eli\Desktop\Claude 
Code\CPQ-System\src\components\ui\card.tsx:81:57
    at div
    at C:\Users\Eli\Desktop\Claude 
Code\CPQ-System\src\components\ui\card.tsx:7:50
    at BOMGrid (C:\Users\Eli\Desktop\Claude Code\CPQ
-System\src\components\shared\BOMGrid.tsx:22:3)
Warning: A component is `contentEditable` and 
contains `children` managed by React. It is now 
your responsibility to guarantee that none of those 
nodes are unexpectedly modified or duplicated. This 
is probably not intentional.
    at div
    at div
    at div
    at div
    at spy (file:///C:/Users/Eli/Desktop/Claude%20Co
de/CPQ-System/node_modules/tinyspy/dist/index.js:42:
80)
    at div
    at div
    at div
    at C:\Users\Eli\Desktop\Claude 
Code\CPQ-System\src\components\ui\card.tsx:81:57
    at div
    at C:\Users\Eli\Desktop\Claude 
Code\CPQ-System\src\components\ui\card.tsx:7:50
    at BOMGrid (C:\Users\Eli\Desktop\Claude Code\CPQ
-System\src\components\shared\BOMGrid.tsx:22:3)
Warning: A component is `contentEditable` and 
contains `children` managed by React. It is now 
your responsibility to guarantee that none of those 
nodes are unexpectedly modified or duplicated. This 
is probably not intentional.
    at div
    at div
    at div
    at div
    at spy (file:///C:/Users/Eli/Desktop/Claude%20Co
de/CPQ-System/node_modules/tinyspy/dist/index.js:42:
80)
    at div
    at div
    at div
    at C:\Users\Eli\Desktop\Claude 
Code\CPQ-System\src\components\ui\card.tsx:81:57
    at div
    at C:\Users\Eli\Desktop\Claude 
Code\CPQ-System\src\components\ui\card.tsx:7:50
    at BOMGrid (C:\Users\Eli\Desktop\Claude Code\CPQ
-System\src\components\shared\BOMGrid.tsx:22:3)
Warning: A component is `contentEditable` and 
contains `children` managed by React. It is now 
your responsibility to guarantee that none of those 
nodes are unexpectedly modified or duplicated. This 
is probably not intentional.
    at div
    at div
    at div
    at div
    at spy (file:///C:/Users/Eli/Desktop/Claude%20Co
de/CPQ-System/node_modules/tinyspy/dist/index.js:42:
80)
    at div
    at div
    at div
    at C:\Users\Eli\Desktop\Claude 
Code\CPQ-System\src\components\ui\card.tsx:81:57
    at div
    at C:\Users\Eli\Desktop\Claude 
Code\CPQ-System\src\components\ui\card.tsx:7:50
    at BOMGrid (C:\Users\Eli\Desktop\Claude Code\CPQ
-System\src\components\shared\BOMGrid.tsx:22:3)
Warning: A component is `contentEditable` and 
contains `children` managed by React. It is now 
your responsibility to guarantee that none of those 
nodes are unexpectedly modified or duplicated. This 
is probably not intentional.
    at div
    at div
    at div
    at div
    at spy (file:///C:/Users/Eli/Desktop/Claude%20Co
de/CPQ-System/node_modules/tinyspy/dist/index.js:42:
80)
    at div
    at div
    at div
    at C:\Users\Eli\Desktop\Claude 
Code\CPQ-System\src\components\ui\card.tsx:81:57
    at div
    at C:\Users\Eli\Desktop\Claude 
Code\CPQ-System\src\components\ui\card.tsx:7:50
    at BOMGrid (C:\Users\Eli\Desktop\Claude Code\CPQ
-System\src\components\shared\BOMGrid.tsx:22:3)
Warning: A component is `contentEditable` and 
contains `children` managed by React. It is now 
your responsibility to guarantee that none of those 
nodes are unexpectedly modified or duplicated. This 
is probably not intentional.
    at div
    at div
    at div
    at div
    at spy (file:///C:/Users/Eli/Desktop/Claude%20Co
de/CPQ-System/node_modules/tinyspy/dist/index.js:42:
80)
    at div
    at div
    at div
    at C:\Users\Eli\Desktop\Claude 
Code\CPQ-System\src\components\ui\card.tsx:81:57
    at div
    at C:\Users\Eli\Desktop\Claude 
Code\CPQ-System\src\components\ui\card.tsx:7:50
    at BOMGrid (C:\Users\Eli\Desktop\Claude Code\CPQ
-System\src\components\shared\BOMGrid.tsx:22:3)
Warning: A component is `contentEditable` and 
contains `children` managed by React. It is now 
your responsibility to guarantee that none of those 
nodes are unexpectedly modified or duplicated. This 
is probably not intentional.
    at div
    at div
    at div
    at div
    at spy (file:///C:/Users/Eli/Desktop/Claude%20Co
de/CPQ-System/node_modules/tinyspy/dist/index.js:42:
80)
    at div
    at div
    at div
    at C:\Users\Eli\Desktop\Claude 
Code\CPQ-System\src\components\ui\card.tsx:81:57
    at div
    at C:\Users\Eli\Desktop\Claude 
Code\CPQ-System\src\components\ui\card.tsx:7:50
    at BOMGrid (C:\Users\Eli\Desktop\Claude Code\CPQ
-System\src\components\shared\BOMGrid.tsx:22:3)
Warning: A component is `contentEditable` and 
contains `children` managed by React. It is now 
your responsibility to guarantee that none of those 
nodes are unexpectedly modified or duplicated. This 
is probably not intentional.
    at div
    at div
    at div
    at div
    at spy (file:///C:/Users/Eli/Desktop/Claude%20Co
de/CPQ-System/node_modules/tinyspy/dist/index.js:42:
80)
    at div
    at div
    at div
    at C:\Users\Eli\Desktop\Claude 
Code\CPQ-System\src\components\ui\card.tsx:81:57
    at div
    at C:\Users\Eli\Desktop\Claude 
Code\CPQ-System\src\components\ui\card.tsx:7:50
    at BOMGrid (C:\Users\Eli\Desktop\Claude Code\CPQ
-System\src\components\shared\BOMGrid.tsx:22:3)
Warning: A component is `contentEditable` and 
contains `children` managed by React. It is now 
your responsibility to guarantee that none of those 
nodes are unexpectedly modified or duplicated. This 
is probably not intentional.
    at div
    at div
    at div
    at div
    at spy (file:///C:/Users/Eli/Desktop/Claude%20Co
de/CPQ-System/node_modules/tinyspy/dist/index.js:42:
80)
    at div
    at div
    at div
    at C:\Users\Eli\Desktop\Claude 
Code\CPQ-System\src\components\ui\card.tsx:81:57
    at div
    at C:\Users\Eli\Desktop\Claude 
Code\CPQ-System\src\components\ui\card.tsx:7:50
    at BOMGrid (C:\Users\Eli\Desktop\Claude Code\CPQ
-System\src\components\shared\BOMGrid.tsx:22:3)
Warning: A component is `contentEditable` and 
contains `children` managed by React. It is now 
your responsibility to guarantee that none of those 
nodes are unexpectedly modified or duplicated. This 
is probably not intentional.
    at div
    at div
    at div
    at div
    at spy (file:///C:/Users/Eli/Desktop/Claude%20Co
de/CPQ-System/node_modules/tinyspy/dist/index.js:42:
80)
    at div
    at div
    at div
    at C:\Users\Eli\Desktop\Claude 
Code\CPQ-System\src\components\ui\card.tsx:81:57
    at div
    at C:\Users\Eli\Desktop\Claude 
Code\CPQ-System\src\components\ui\card.tsx:7:50
    at BOMGrid (C:\Users\Eli\Desktop\Claude Code\CPQ
-System\src\components\shared\BOMGrid.tsx:22:3)
Warning: A component is `contentEditable` and 
contains `children` managed by React. It is now 
your responsibility to guarantee that none of those 
nodes are unexpectedly modified or duplicated. This 
is probably not intentional.
    at div
    at div
    at div
    at div
    at spy (file:///C:/Users/Eli/Desktop/Claude%20Co
de/CPQ-System/node_modules/tinyspy/dist/index.js:42:
80)
    at div
    at div
    at div
    at C:\Users\Eli\Desktop\Claude 
Code\CPQ-System\src\components\ui\card.tsx:81:57
    at div
    at C:\Users\Eli\Desktop\Claude 
Code\CPQ-System\src\components\ui\card.tsx:7:50
    at BOMGrid (C:\Users\Eli\Desktop\Claude Code\CPQ
-System\src\components\shared\BOMGrid.tsx:22:3)
Warning: A component is `contentEditable` and 
contains `children` managed by React. It is now 
your responsibility to guarantee that none of those 
nodes are unexpectedly modified or duplicated. This 
is probably not intentional.
    at div
    at div
    at div
    at div
    at spy (file:///C:/Users/Eli/Desktop/Claude%20Co
de/CPQ-System/node_modules/tinyspy/dist/index.js:42:
80)
    at div
    at div
    at div
    at C:\Users\Eli\Desktop\Claude 
Code\CPQ-System\src\components\ui\card.tsx:81:57
    at div
    at C:\Users\Eli\Desktop\Claude 
Code\CPQ-System\src\components\ui\card.tsx:7:50
    at BOMGrid (C:\Users\Eli\Desktop\Claude Code\CPQ
-System\src\components\shared\BOMGrid.tsx:22:3)
Warning: A component is `contentEditable` and 
contains `children` managed by React. It is now 
your responsibility to guarantee that none of those 
nodes are unexpectedly modified or duplicated. This 
is probably not intentional.
    at div
    at div
    at div
    at div
    at spy (file:///C:/Users/Eli/Desktop/Claude%20Co
de/CPQ-System/node_modules/tinyspy/dist/index.js:42:
80)
    at div
    at div
    at div
    at C:\Users\Eli\Desktop\Claude 
Code\CPQ-System\src\components\ui\card.tsx:81:57
    at div
    at C:\Users\Eli\Desktop\Claude 
Code\CPQ-System\src\components\ui\card.tsx:7:50
    at BOMGrid (C:\Users\Eli\Desktop\Claude Code\CPQ
-System\src\components\shared\BOMGrid.tsx:22:3)
Warning: A component is `contentEditable` and 
contains `children` managed by React. It is now 
your responsibility to guarantee that none of those 
nodes are unexpectedly modified or duplicated. This 
is probably not intentional.
    at div
    at div
    at div
    at div
    at spy (file:///C:/Users/Eli/Desktop/Claude%20Co
de/CPQ-System/node_modules/tinyspy/dist/index.js:42:
80)
    at div
    at div
    at div
    at C:\Users\Eli\Desktop\Claude 
Code\CPQ-System\src\components\ui\card.tsx:81:57
    at div
    at C:\Users\Eli\Desktop\Claude 
Code\CPQ-System\src\components\ui\card.tsx:7:50
    at BOMGrid (C:\Users\Eli\Desktop\Claude Code\CPQ
-System\src\components\shared\BOMGrid.tsx:22:3)
Warning: A component is `contentEditable` and 
contains `children` managed by React. It is now 
your responsibility to guarantee that none of those 
nodes are unexpectedly modified or duplicated. This 
is probably not intentional.
    at div
    at div
    at div
    at div
    at spy (file:///C:/Users/Eli/Desktop/Claude%20Co
de/CPQ-System/node_modules/tinyspy/dist/index.js:42:
80)
    at div
    at div
    at div
    at C:\Users\Eli\Desktop\Claude 
Code\CPQ-System\src\components\ui\card.tsx:81:57
    at div
    at C:\Users\Eli\Desktop\Claude 
Code\CPQ-System\src\components\ui\card.tsx:7:50
    at BOMGrid (C:\Users\Eli\Desktop\Claude Code\CPQ
-System\src\components\shared\BOMGrid.tsx:22:3)
Warning: A component is `contentEditable` and 
contains `children` managed by React. It is now 
your responsibility to guarantee that none of those 
nodes are unexpectedly modified or duplicated. This 
is probably not intentional.
    at div
    at div
    at div
    at div
    at spy (file:///C:/Users/Eli/Desktop/Claude%20Co
de/CPQ-System/node_modules/tinyspy/dist/index.js:42:
80)
    at div
    at div
    at div
    at C:\Users\Eli\Desktop\Claude 
Code\CPQ-System\src\components\ui\card.tsx:81:57
    at div
    at C:\Users\Eli\Desktop\Claude 
Code\CPQ-System\src\components\ui\card.tsx:7:50
    at BOMGrid (C:\Users\Eli\Desktop\Claude Code\CPQ
-System\src\components\shared\BOMGrid.tsx:22:3)
Warning: A component is `contentEditable` and 
contains `children` managed by React. It is now 
your responsibility to guarantee that none of those 
nodes are unexpectedly modified or duplicated. This 
is probably not intentional.
    at div
    at div
    at div
    at div
    at spy (file:///C:/Users/Eli/Desktop/Claude%20Co
de/CPQ-System/node_modules/tinyspy/dist/index.js:42:
80)
    at div
    at div
    at div
    at C:\Users\Eli\Desktop\Claude 
Code\CPQ-System\src\components\ui\card.tsx:81:57
    at div
    at C:\Users\Eli\Desktop\Claude 
Code\CPQ-System\src\components\ui\card.tsx:7:50
    at BOMGrid (C:\Users\Eli\Desktop\Claude Code\CPQ
-System\src\components\shared\BOMGrid.tsx:22:3)
Warning: A component is `contentEditable` and 
contains `children` managed by React. It is now 
your responsibility to guarantee that none of those 
nodes are unexpectedly modified or duplicated. This 
is probably not intentional.
    at div
    at div
    at div
    at div
    at spy (file:///C:/Users/Eli/Desktop/Claude%20Co
de/CPQ-System/node_modules/tinyspy/dist/index.js:42:
80)
    at div
    at div
    at div
    at C:\Users\Eli\Desktop\Claude 
Code\CPQ-System\src\components\ui\card.tsx:81:57
    at div
    at C:\Users\Eli\Desktop\Claude 
Code\CPQ-System\src\components\ui\card.tsx:7:50
    at BOMGrid (C:\Users\Eli\Desktop\Claude Code\CPQ
-System\src\components\shared\BOMGrid.tsx:22:3)
Warning: A component is `contentEditable` and 
contains `children` managed by React. It is now 
your responsibility to guarantee that none of those 
nodes are unexpectedly modified or duplicated. This 
is probably not intentional.
    at div
    at div
    at div
    at div
    at spy (file:///C:/Users/Eli/Desktop/Claude%20Co
de/CPQ-System/node_modules/tinyspy/dist/index.js:42:
80)
    at div
    at div
    at div
    at C:\Users\Eli\Desktop\Claude 
Code\CPQ-System\src\components\ui\card.tsx:81:57
    at div
    at C:\Users\Eli\Desktop\Claude 
Code\CPQ-System\src\components\ui\card.tsx:7:50
    at BOMGrid (C:\Users\Eli\Desktop\Claude Code\CPQ
-System\src\components\shared\BOMGrid.tsx:22:3)
Warning: A component is `contentEditable` and 
contains `children` managed by React. It is now 
your responsibility to guarantee that none of those 
nodes are unexpectedly modified or duplicated. This 
is probably not intentional.
    at div
    at div
    at div
    at div
    at spy (file:///C:/Users/Eli/Desktop/Claude%20Co
de/CPQ-System/node_modules/tinyspy/dist/index.js:42:
80)
    at div
    at div
    at div
    at C:\Users\Eli\Desktop\Claude 
Code\CPQ-System\src\components\ui\card.tsx:81:57
    at div
    at C:\Users\Eli\Desktop\Claude 
Code\CPQ-System\src\components\ui\card.tsx:7:50
    at BOMGrid (C:\Users\Eli\Desktop\Claude Code\CPQ
-System\src\components\shared\BOMGrid.tsx:22:3)
Warning: A component is `contentEditable` and 
contains `children` managed by React. It is now 
your responsibility to guarantee that none of those 
nodes are unexpectedly modified or duplicated. This 
is probably not intentional.
    at div
    at div
    at div
    at div
    at spy (file:///C:/Users/Eli/Desktop/Claude%20Co
de/CPQ-System/node_modules/tinyspy/dist/index.js:42:
80)
    at div
    at div
    at div
    at C:\Users\Eli\Desktop\Claude 
Code\CPQ-System\src\components\ui\card.tsx:81:57
    at div
    at C:\Users\Eli\Desktop\Claude 
Code\CPQ-System\src\components\ui\card.tsx:7:50
    at BOMGrid (C:\Users\Eli\Desktop\Claude Code\CPQ
-System\src\components\shared\BOMGrid.tsx:22:3)
Warning: A component is `contentEditable` and 
contains `children` managed by React. It is now 
your responsibility to guarantee that none of those 
nodes are unexpectedly modified or duplicated. This 
is probably not intentional.
    at div
    at div
    at div
    at div
    at spy (file:///C:/Users/Eli/Desktop/Claude%20Co
de/CPQ-System/node_modules/tinyspy/dist/index.js:42:
80)
    at div
    at div
    at div
    at C:\Users\Eli\Desktop\Claude 
Code\CPQ-System\src\components\ui\card.tsx:81:57
    at div
    at C:\Users\Eli\Desktop\Claude 
Code\CPQ-System\src\components\ui\card.tsx:7:50
    at BOMGrid (C:\Users\Eli\Desktop\Claude Code\CPQ
-System\src\components\shared\BOMGrid.tsx:22:3)
Warning: A component is `contentEditable` and 
contains `children` managed by React. It is now 
your responsibility to guarantee that none of those 
nodes are unexpectedly modified or duplicated. This 
is probably not intentional.
    at div
    at div
    at div
    at div
    at spy (file:///C:/Users/Eli/Desktop/Claude%20Co
de/CPQ-System/node_modules/tinyspy/dist/index.js:42:
80)
    at div
    at div
    at div
    at C:\Users\Eli\Desktop\Claude 
Code\CPQ-System\src\components\ui\card.tsx:81:57
    at div
    at C:\Users\Eli\Desktop\Claude 
Code\CPQ-System\src\components\ui\card.tsx:7:50
    at BOMGrid (C:\Users\Eli\Desktop\Claude Code\CPQ
-System\src\components\shared\BOMGrid.tsx:22:3)
Warning: A component is `contentEditable` and 
contains `children` managed by React. It is now 
your responsibility to guarantee that none of those 
nodes are unexpectedly modified or duplicated. This 
is probably not intentional.
    at div
    at div
    at div
    at div
    at spy (file:///C:/Users/Eli/Desktop/Claude%20Co
de/CPQ-System/node_modules/tinyspy/dist/index.js:42:
80)
    at div
    at div
    at div
    at C:\Users\Eli\Desktop\Claude 
Code\CPQ-System\src\components\ui\card.tsx:81:57
    at div
    at C:\Users\Eli\Desktop\Claude 
Code\CPQ-System\src\components\ui\card.tsx:7:50
    at BOMGrid (C:\Users\Eli\Desktop\Claude Code\CPQ
-System\src\components\shared\BOMGrid.tsx:22:3)
Warning: A component is `contentEditable` and 
contains `children` managed by React. It is now 
your responsibility to guarantee that none of those 
nodes are unexpectedly modified or duplicated. This 
is probably not intentional.
    at div
    at div
    at div
    at div
    at spy (file:///C:/Users/Eli/Desktop/Claude%20Co
de/CPQ-System/node_modules/tinyspy/dist/index.js:42:
80)
    at div
    at div
    at div
    at C:\Users\Eli\Desktop\Claude 
Code\CPQ-System\src\components\ui\card.tsx:81:57
    at div
    at C:\Users\Eli\Desktop\Claude 
Code\CPQ-System\src\components\ui\card.tsx:7:50
    at BOMGrid (C:\Users\Eli\Desktop\Claude Code\CPQ
-System\src\components\shared\BOMGrid.tsx:22:3)
Warning: A component is `contentEditable` and 
contains `children` managed by React. It is now 
your responsibility to guarantee that none of those 
nodes are unexpectedly modified or duplicated. This 
is probably not intentional.
    at div
    at div
    at div
    at div
    at spy (file:///C:/Users/Eli/Desktop/Claude%20Co
de/CPQ-System/node_modules/tinyspy/dist/index.js:42:
80)
    at div
    at div
    at div
    at C:\Users\Eli\Desktop\Claude 
Code\CPQ-System\src\components\ui\card.tsx:81:57
    at div
    at C:\Users\Eli\Desktop\Claude 
Code\CPQ-System\src\components\ui\card.tsx:7:50
    at BOMGrid (C:\Users\Eli\Desktop\Claude Code\CPQ
-System\src\components\shared\BOMGrid.tsx:22:3)
Warning: A component is `contentEditable` and 
contains `children` managed by React. It is now 
your responsibility to guarantee that none of those 
nodes are unexpectedly modified or duplicated. This 
is probably not intentional.
    at div
    at div
    at div
    at div
    at spy (file:///C:/Users/Eli/Desktop/Claude%20Co
de/CPQ-System/node_modules/tinyspy/dist/index.js:42:
80)
    at div
    at div
    at div
    at C:\Users\Eli\Desktop\Claude 
Code\CPQ-System\src\components\ui\card.tsx:81:57
    at div
    at C:\Users\Eli\Desktop\Claude 
Code\CPQ-System\src\components\ui\card.tsx:7:50
    at BOMGrid (C:\Users\Eli\Desktop\Claude Code\CPQ
-System\src\components\shared\BOMGrid.tsx:22:3)
Warning: A component is `contentEditable` and 
contains `children` managed by React. It is now 
your responsibility to guarantee that none of those 
nodes are unexpectedly modified or duplicated. This 
is probably not intentional.
    at div
    at div
    at div
    at div
    at spy (file:///C:/Users/Eli/Desktop/Claude%20Co
de/CPQ-System/node_modules/tinyspy/dist/index.js:42:
80)
    at div
    at div
    at div
    at C:\Users\Eli\Desktop\Claude 
Code\CPQ-System\src\components\ui\card.tsx:81:57
    at div
    at C:\Users\Eli\Desktop\Claude 
Code\CPQ-System\src\components\ui\card.tsx:7:50
    at BOMGrid (C:\Users\Eli\Desktop\Claude Code\CPQ
-System\src\components\shared\BOMGrid.tsx:22:3)
Warning: A component is `contentEditable` and 
contains `children` managed by React. It is now 
your responsibility to guarantee that none of those 
nodes are unexpectedly modified or duplicated. This 
is probably not intentional.
    at div
    at div
    at div
    at div
    at spy (file:///C:/Users/Eli/Desktop/Claude%20Co
de/CPQ-System/node_modules/tinyspy/dist/index.js:42:
80)
    at div
    at div
    at div
    at C:\Users\Eli\Desktop\Claude 
Code\CPQ-System\src\components\ui\card.tsx:81:57
    at div
    at C:\Users\Eli\Desktop\Claude 
Code\CPQ-System\src\components\ui\card.tsx:7:50
    at BOMGrid (C:\Users\Eli\Desktop\Claude Code\CPQ
-System\src\components\shared\BOMGrid.tsx:22:3)
Warning: A component is `contentEditable` and 
contains `children` managed by React. It is now 
your responsibility to guarantee that none of those 
nodes are unexpectedly modified or duplicated. This 
is probably not intentional.
    at div
    at div
    at div
    at div
    at spy (file:///C:/Users/Eli/Desktop/Claude%20Co
de/CPQ-System/node_modules/tinyspy/dist/index.js:42:
80)
    at div
    at div
    at div
    at C:\Users\Eli\Desktop\Claude 
Code\CPQ-System\src\components\ui\card.tsx:81:57
    at div
    at C:\Users\Eli\Desktop\Claude 
Code\CPQ-System\src\components\ui\card.tsx:7:50
    at BOMGrid (C:\Users\Eli\Desktop\Claude Code\CPQ
-System\src\components\shared\BOMGrid.tsx:22:3)
Warning: A component is `contentEditable` and 
contains `children` managed by React. It is now 
your responsibility to guarantee that none of those 
nodes are unexpectedly modified or duplicated. This 
is probably not intentional.
    at div
    at div
    at div
    at div
    at spy (file:///C:/Users/Eli/Desktop/Claude%20Co
de/CPQ-System/node_modules/tinyspy/dist/index.js:42:
80)
    at div
    at div
    at div
    at C:\Users\Eli\Desktop\Claude 
Code\CPQ-System\src\components\ui\card.tsx:81:57
    at div
    at C:\Users\Eli\Desktop\Claude 
Code\CPQ-System\src\components\ui\card.tsx:7:50
    at BOMGrid (C:\Users\Eli\Desktop\Claude Code\CPQ
-System\src\components\shared\BOMGrid.tsx:22:3)
Warning: A component is `contentEditable` and 
contains `children` managed by React. It is now 
your responsibility to guarantee that none of those 
nodes are unexpectedly modified or duplicated. This 
is probably not intentional.
    at div
    at div
    at div
    at div
    at spy (file:///C:/Users/Eli/Desktop/Claude%20Co
de/CPQ-System/node_modules/tinyspy/dist/index.js:42:
80)
    at div
    at div
    at div
    at C:\Users\Eli\Desktop\Claude 
Code\CPQ-System\src\components\ui\card.tsx:81:57
    at div
    at C:\Users\Eli\Desktop\Claude 
Code\CPQ-System\src\components\ui\card.tsx:7:50
    at BOMGrid (C:\Users\Eli\Desktop\Claude Code\CPQ
-System\src\components\shared\BOMGrid.tsx:22:3)
Warning: A component is `contentEditable` and 
contains `children` managed by React. It is now 
your responsibility to guarantee that none of those 
nodes are unexpectedly modified or duplicated. This 
is probably not intentional.
    at div
    at div
    at div
    at div
    at spy (file:///C:/Users/Eli/Desktop/Claude%20Co
de/CPQ-System/node_modules/tinyspy/dist/index.js:42:
80)
    at div
    at div
    at div
    at C:\Users\Eli\Desktop\Claude 
Code\CPQ-System\src\components\ui\card.tsx:81:57
    at div
    at C:\Users\Eli\Desktop\Claude 
Code\CPQ-System\src\components\ui\card.tsx:7:50
    at BOMGrid (C:\Users\Eli\Desktop\Claude Code\CPQ
-System\src\components\shared\BOMGrid.tsx:22:3)
Warning: A component is `contentEditable` and 
contains `children` managed by React. It is now 
your responsibility to guarantee that none of those 
nodes are unexpectedly modified or duplicated. This 
is probably not intentional.
    at div
    at div
    at div
    at div
    at spy (file:///C:/Users/Eli/Desktop/Claude%20Co
de/CPQ-System/node_modules/tinyspy/dist/index.js:42:
80)
    at div
    at div
    at div
    at C:\Users\Eli\Desktop\Claude 
Code\CPQ-System\src\components\ui\card.tsx:81:57
    at div
    at C:\Users\Eli\Desktop\Claude 
Code\CPQ-System\src\components\ui\card.tsx:7:50
    at BOMGrid (C:\Users\Eli\Desktop\Claude Code\CPQ
-System\src\components\shared\BOMGrid.tsx:22:3)
Warning: A component is `contentEditable` and 
contains `children` managed by React. It is now 
your responsibility to guarantee that none of those 
nodes are unexpectedly modified or duplicated. This 
is probably not intentional.
    at div
    at div
    at div
    at div
    at spy (file:///C:/Users/Eli/Desktop/Claude%20Co
de/CPQ-System/node_modules/tinyspy/dist/index.js:42:
80)
    at div
    at div
    at div
    at C:\Users\Eli\Desktop\Claude 
Code\CPQ-System\src\components\ui\card.tsx:81:57
    at div
    at C:\Users\Eli\Desktop\Claude 
Code\CPQ-System\src\components\ui\card.tsx:7:50
    at BOMGrid (C:\Users\Eli\Desktop\Claude Code\CPQ
-System\src\components\shared\BOMGrid.tsx:22:3)
Warning: A component is `contentEditable` and 
contains `children` managed by React. It is now 
your responsibility to guarantee that none of those 
nodes are unexpectedly modified or duplicated. This 
is probably not intentional.
    at div
    at div
    at div
    at div
    at spy (file:///C:/Users/Eli/Desktop/Claude%20Co
de/CPQ-System/node_modules/tinyspy/dist/index.js:42:
80)
    at div
    at div
    at div
    at C:\Users\Eli\Desktop\Claude 
Code\CPQ-System\src\components\ui\card.tsx:81:57
    at div
    at C:\Users\Eli\Desktop\Claude 
Code\CPQ-System\src\components\ui\card.tsx:7:50
    at BOMGrid (C:\Users\Eli\Desktop\Claude Code\CPQ
-System\src\components\shared\BOMGrid.tsx:22:3)
Warning: A component is `contentEditable` and 
contains `children` managed by React. It is now 
your responsibility to guarantee that none of those 
nodes are unexpectedly modified or duplicated. This 
is probably not intentional.
    at div
    at div
    at div
    at div
    at spy (file:///C:/Users/Eli/Desktop/Claude%20Co
de/CPQ-System/node_modules/tinyspy/dist/index.js:42:
80)
    at div
    at div
    at div
    at C:\Users\Eli\Desktop\Claude 
Code\CPQ-System\src\components\ui\card.tsx:81:57
    at div
    at C:\Users\Eli\Desktop\Claude 
Code\CPQ-System\src\components\ui\card.tsx:7:50
    at BOMGrid (C:\Users\Eli\Desktop\Claude Code\CPQ
-System\src\components\shared\BOMGrid.tsx:22:3)
Warning: A component is `contentEditable` and 
contains `children` managed by React. It is now 
your responsibility to guarantee that none of those 
nodes are unexpectedly modified or duplicated. This 
is probably not intentional.
    at div
    at div
    at div
    at div
    at spy (file:///C:/Users/Eli/Desktop/Claude%20Co
de/CPQ-System/node_modules/tinyspy/dist/index.js:42:
80)
    at div
    at div
    at div
    at C:\Users\Eli\Desktop\Claude 
Code\CPQ-System\src\components\ui\card.tsx:81:57
    at div
    at C:\Users\Eli\Desktop\Claude 
Code\CPQ-System\src\components\ui\card.tsx:7:50
    at BOMGrid (C:\Users\Eli\Desktop\Claude Code\CPQ
-System\src\components\shared\BOMGrid.tsx:22:3)
Warning: A component is `contentEditable` and 
contains `children` managed by React. It is now 
your responsibility to guarantee that none of those 
nodes are unexpectedly modified or duplicated. This 
is probably not intentional.
    at div
    at div
    at div
    at div
    at spy (file:///C:/Users/Eli/Desktop/Claude%20Co
de/CPQ-System/node_modules/tinyspy/dist/index.js:42:
80)
    at div
    at div
    at div
    at C:\Users\Eli\Desktop\Claude 
Code\CPQ-System\src\components\ui\card.tsx:81:57
    at div
    at C:\Users\Eli\Desktop\Claude 
Code\CPQ-System\src\components\ui\card.tsx:7:50
    at BOMGrid (C:\Users\Eli\Desktop\Claude Code\CPQ
-System\src\components\shared\BOMGrid.tsx:22:3)
Warning: A component is `contentEditable` and 
contains `children` managed by React. It is now 
your responsibility to guarantee that none of those 
nodes are unexpectedly modified or duplicated. This 
is probably not intentional.
    at div
    at div
    at div
    at div
    at spy (file:///C:/Users/Eli/Desktop/Claude%20Co
de/CPQ-System/node_modules/tinyspy/dist/index.js:42:
80)
    at div
    at div
    at div
    at C:\Users\Eli\Desktop\Claude 
Code\CPQ-System\src\components\ui\card.tsx:81:57
    at div
    at C:\Users\Eli\Desktop\Claude 
Code\CPQ-System\src\components\ui\card.tsx:7:50
    at BOMGrid (C:\Users\Eli\Desktop\Claude Code\CPQ
-System\src\components\shared\BOMGrid.tsx:22:3)
Warning: A component is `contentEditable` and 
contains `children` managed by React. It is now 
your responsibility to guarantee that none of those 
nodes are unexpectedly modified or duplicated. This 
is probably not intentional.
    at div
    at div
    at div
    at div
    at spy (file:///C:/Users/Eli/Desktop/Claude%20Co
de/CPQ-System/node_modules/tinyspy/dist/index.js:42:
80)
    at div
    at div
    at div
    at C:\Users\Eli\Desktop\Claude 
Code\CPQ-System\src\components\ui\card.tsx:81:57
    at div
    at C:\Users\Eli\Desktop\Claude 
Code\CPQ-System\src\components\ui\card.tsx:7:50
    at BOMGrid (C:\Users\Eli\Desktop\Claude Code\CPQ
-System\src\components\shared\BOMGrid.tsx:22:3)
Warning: A component is `contentEditable` and 
contains `children` managed by React. It is now 
your responsibility to guarantee that none of those 
nodes are unexpectedly modified or duplicated. This 
is probably not intentional.
    at div
    at div
    at div
    at div
    at spy (file:///C:/Users/Eli/Desktop/Claude%20Co
de/CPQ-System/node_modules/tinyspy/dist/index.js:42:
80)
    at div
    at div
    at div
    at C:\Users\Eli\Desktop\Claude 
Code\CPQ-System\src\components\ui\card.tsx:81:57
    at div
    at C:\Users\Eli\Desktop\Claude 
Code\CPQ-System\src\components\ui\card.tsx:7:50
    at BOMGrid (C:\Users\Eli\Desktop\Claude Code\CPQ
-System\src\components\shared\BOMGrid.tsx:22:3)
Warning: A component is `contentEditable` and 
contains `children` managed by React. It is now 
your responsibility to guarantee that none of those 
nodes are unexpectedly modified or duplicated. This 
is probably not intentional.
    at div
    at div
    at div
    at div
    at spy (file:///C:/Users/Eli/Desktop/Claude%20Co
de/CPQ-System/node_modules/tinyspy/dist/index.js:42:
80)
    at div
    at div
    at div
    at C:\Users\Eli\Desktop\Claude 
Code\CPQ-System\src\components\ui\card.tsx:81:57
    at div
    at C:\Users\Eli\Desktop\Claude 
Code\CPQ-System\src\components\ui\card.tsx:7:50
    at BOMGrid (C:\Users\Eli\Desktop\Claude Code\CPQ
-System\src\components\shared\BOMGrid.tsx:22:3)
Warning: A component is `contentEditable` and 
contains `children` managed by React. It is now 
your responsibility to guarantee that none of those 
nodes are unexpectedly modified or duplicated. This 
is probably not intentional.
    at div
    at div
    at div
    at div
    at spy (file:///C:/Users/Eli/Desktop/Claude%20Co
de/CPQ-System/node_modules/tinyspy/dist/index.js:42:
80)
    at div
    at div
    at div
    at C:\Users\Eli\Desktop\Claude 
Code\CPQ-System\src\components\ui\card.tsx:81:57
    at div
    at C:\Users\Eli\Desktop\Claude 
Code\CPQ-System\src\components\ui\card.tsx:7:50
    at BOMGrid (C:\Users\Eli\Desktop\Claude Code\CPQ
-System\src\components\shared\BOMGrid.tsx:22:3)
Warning: A component is `contentEditable` and 
contains `children` managed by React. It is now 
your responsibility to guarantee that none of those 
nodes are unexpectedly modified or duplicated. This 
is probably not intentional.
    at div
    at div
    at div
    at div
    at spy (file:///C:/Users/Eli/Desktop/Claude%20Co
de/CPQ-System/node_modules/tinyspy/dist/index.js:42:
80)
    at div
    at div
    at div
    at C:\Users\Eli\Desktop\Claude 
Code\CPQ-System\src\components\ui\card.tsx:81:57
    at div
    at C:\Users\Eli\Desktop\Claude 
Code\CPQ-System\src\components\ui\card.tsx:7:50
    at BOMGrid (C:\Users\Eli\Desktop\Claude Code\CPQ
-System\src\components\shared\BOMGrid.tsx:22:3)
Warning: A component is `contentEditable` and 
contains `children` managed by React. It is now 
your responsibility to guarantee that none of those 
nodes are unexpectedly modified or duplicated. This 
is probably not intentional.
    at div
    at div
    at div
    at div
    at spy (file:///C:/Users/Eli/Desktop/Claude%20Co
de/CPQ-System/node_modules/tinyspy/dist/index.js:42:
80)
    at div
    at div
    at div
    at C:\Users\Eli\Desktop\Claude 
Code\CPQ-System\src\components\ui\card.tsx:81:57
    at div
    at C:\Users\Eli\Desktop\Claude 
Code\CPQ-System\src\components\ui\card.tsx:7:50
    at BOMGrid (C:\Users\Eli\Desktop\Claude Code\CPQ
-System\src\components\shared\BOMGrid.tsx:22:3)
Warning: A component is `contentEditable` and 
contains `children` managed by React. It is now 
your responsibility to guarantee that none of those 
nodes are unexpectedly modified or duplicated. This 
is probably not intentional.
    at div
    at div
    at div
    at div
    at spy (file:///C:/Users/Eli/Desktop/Claude%20Co
de/CPQ-System/node_modules/tinyspy/dist/index.js:42:
80)
    at div
    at div
    at div
    at C:\Users\Eli\Desktop\Claude 
Code\CPQ-System\src\components\ui\card.tsx:81:57
    at div
    at C:\Users\Eli\Desktop\Claude 
Code\CPQ-System\src\components\ui\card.tsx:7:50
    at BOMGrid (C:\Users\Eli\Desktop\Claude Code\CPQ
-System\src\components\shared\BOMGrid.tsx:22:3)
Warning: A component is `contentEditable` and 
contains `children` managed by React. It is now 
your responsibility to guarantee that none of those 
nodes are unexpectedly modified or duplicated. This 
is probably not intentional.
    at div
    at div
    at div
    at div
    at spy (file:///C:/Users/Eli/Desktop/Claude%20Co
de/CPQ-System/node_modules/tinyspy/dist/index.js:42:
80)
    at div
    at div
    at div
    at C:\Users\Eli\Desktop\Claude 
Code\CPQ-System\src\components\ui\card.tsx:81:57
    at div
    at C:\Users\Eli\Desktop\Claude 
Code\CPQ-System\src\components\ui\card.tsx:7:50
    at BOMGrid (C:\Users\Eli\Desktop\Claude Code\CPQ
-System\src\components\shared\BOMGrid.tsx:22:3)
Warning: A component is `contentEditable` and 
contains `children` managed by React. It is now 
your responsibility to guarantee that none of those 
nodes are unexpectedly modified or duplicated. This 
is probably not intentional.
    at div
    at div
    at div
    at div
    at spy (file:///C:/Users/Eli/Desktop/Claude%20Co
de/CPQ-System/node_modules/tinyspy/dist/index.js:42:
80)
    at div
    at div
    at div
    at C:\Users\Eli\Desktop\Claude 
Code\CPQ-System\src\components\ui\card.tsx:81:57
    at div
    at C:\Users\Eli\Desktop\Claude 
Code\CPQ-System\src\components\ui\card.tsx:7:50
    at BOMGrid (C:\Users\Eli\Desktop\Claude Code\CPQ
-System\src\components\shared\BOMGrid.tsx:22:3)
Warning: A component is `contentEditable` and 
contains `children` managed by React. It is now 
your responsibility to guarantee that none of those 
nodes are unexpectedly modified or duplicated. This 
is probably not intentional.
    at div
    at div
    at div
    at div
    at spy (file:///C:/Users/Eli/Desktop/Claude%20Co
de/CPQ-System/node_modules/tinyspy/dist/index.js:42:
80)
    at div
    at div
    at div
    at C:\Users\Eli\Desktop\Claude 
Code\CPQ-System\src\components\ui\card.tsx:81:57
    at div
    at C:\Users\Eli\Desktop\Claude 
Code\CPQ-System\src\components\ui\card.tsx:7:50
    at BOMGrid (C:\Users\Eli\Desktop\Claude Code\CPQ
-System\src\components\shared\BOMGrid.tsx:22:3)
Warning: A component is `contentEditable` and 
contains `children` managed by React. It is now 
your responsibility to guarantee that none of those 
nodes are unexpectedly modified or duplicated. This 
is probably not intentional.
    at div
    at div
    at div
    at div
    at spy (file:///C:/Users/Eli/Desktop/Claude%20Co
de/CPQ-System/node_modules/tinyspy/dist/index.js:42:
80)
    at div
    at div
    at div
    at C:\Users\Eli\Desktop\Claude 
Code\CPQ-System\src\components\ui\card.tsx:81:57
    at div
    at C:\Users\Eli\Desktop\Claude 
Code\CPQ-System\src\components\ui\card.tsx:7:50
    at BOMGrid (C:\Users\Eli\Desktop\Claude Code\CPQ
-System\src\components\shared\BOMGrid.tsx:22:3)
Warning: A component is `contentEditable` and 
contains `children` managed by React. It is now 
your responsibility to guarantee that none of those 
nodes are unexpectedly modified or duplicated. This 
is probably not intentional.
    at div
    at div
    at div
    at div
    at spy (file:///C:/Users/Eli/Desktop/Claude%20Co
de/CPQ-System/node_modules/tinyspy/dist/index.js:42:
80)
    at div
    at div
    at div
    at C:\Users\Eli\Desktop\Claude 
Code\CPQ-System\src\components\ui\card.tsx:81:57
    at div
    at C:\Users\Eli\Desktop\Claude 
Code\CPQ-System\src\components\ui\card.tsx:7:50
    at BOMGrid (C:\Users\Eli\Desktop\Claude Code\CPQ
-System\src\components\shared\BOMGrid.tsx:22:3)
Warning: A component is `contentEditable` and 
contains `children` managed by React. It is now 
your responsibility to guarantee that none of those 
nodes are unexpectedly modified or duplicated. This 
is probably not intentional.
    at div
    at div
    at div
    at div
    at spy (file:///C:/Users/Eli/Desktop/Claude%20Co
de/CPQ-System/node_modules/tinyspy/dist/index.js:42:
80)
    at div
    at div
    at div
    at C:\Users\Eli\Desktop\Claude 
Code\CPQ-System\src\components\ui\card.tsx:81:57
    at div
    at C:\Users\Eli\Desktop\Claude 
Code\CPQ-System\src\components\ui\card.tsx:7:50
    at BOMGrid (C:\Users\Eli\Desktop\Claude Code\CPQ
-System\src\components\shared\BOMGrid.tsx:22:3)
Warning: A component is `contentEditable` and 
contains `children` managed by React. It is now 
your responsibility to guarantee that none of those 
nodes are unexpectedly modified or duplicated. This 
is probably not intentional.
    at div
    at div
    at div
    at div
    at spy (file:///C:/Users/Eli/Desktop/Claude%20Co
de/CPQ-System/node_modules/tinyspy/dist/index.js:42:
80)
    at div
    at div
    at div
    at C:\Users\Eli\Desktop\Claude 
Code\CPQ-System\src\components\ui\card.tsx:81:57
    at div
    at C:\Users\Eli\Desktop\Claude 
Code\CPQ-System\src\components\ui\card.tsx:7:50
    at BOMGrid (C:\Users\Eli\Desktop\Claude Code\CPQ
-System\src\components\shared\BOMGrid.tsx:22:3)
Warning: A component is `contentEditable` and 
contains `children` managed by React. It is now 
your responsibility to guarantee that none of those 
nodes are unexpectedly modified or duplicated. This 
is probably not intentional.
    at div
    at div
    at div
    at div
    at spy (file:///C:/Users/Eli/Desktop/Claude%20Co
de/CPQ-System/node_modules/tinyspy/dist/index.js:42:
80)
    at div
    at div
    at div
    at C:\Users\Eli\Desktop\Claude 
Code\CPQ-System\src\components\ui\card.tsx:81:57
    at div
    at C:\Users\Eli\Desktop\Claude 
Code\CPQ-System\src\components\ui\card.tsx:7:50
    at BOMGrid (C:\Users\Eli\Desktop\Claude Code\CPQ
-System\src\components\shared\BOMGrid.tsx:22:3)
Warning: A component is `contentEditable` and 
contains `children` managed by React. It is now 
your responsibility to guarantee that none of those 
nodes are unexpectedly modified or duplicated. This 
is probably not intentional.
    at div
    at div
    at div
    at div
    at spy (file:///C:/Users/Eli/Desktop/Claude%20Co
de/CPQ-System/node_modules/tinyspy/dist/index.js:42:
80)
    at div
    at div
    at div
    at C:\Users\Eli\Desktop\Claude 
Code\CPQ-System\src\components\ui\card.tsx:81:57
    at div
    at C:\Users\Eli\Desktop\Claude 
Code\CPQ-System\src\components\ui\card.tsx:7:50
    at BOMGrid (C:\Users\Eli\Desktop\Claude Code\CPQ
-System\src\components\shared\BOMGrid.tsx:22:3)
Warning: A component is `contentEditable` and 
contains `children` managed by React. It is now 
your responsibility to guarantee that none of those 
nodes are unexpectedly modified or duplicated. This 
is probably not intentional.
    at div
    at div
    at div
    at div
    at spy (file:///C:/Users/Eli/Desktop/Claude%20Co
de/CPQ-System/node_modules/tinyspy/dist/index.js:42:
80)
    at div
    at div
    at div
    at C:\Users\Eli\Desktop\Claude 
Code\CPQ-System\src\components\ui\card.tsx:81:57
    at div
    at C:\Users\Eli\Desktop\Claude 
Code\CPQ-System\src\components\ui\card.tsx:7:50
    at BOMGrid (C:\Users\Eli\Desktop\Claude Code\CPQ
-System\src\components\shared\BOMGrid.tsx:22:3)
Warning: A component is `contentEditable` and 
contains `children` managed by React. It is now 
your responsibility to guarantee that none of those 
nodes are unexpectedly modified or duplicated. This 
is probably not intentional.
    at div
    at div
    at div
    at div
    at spy (file:///C:/Users/Eli/Desktop/Claude%20Co
de/CPQ-System/node_modules/tinyspy/dist/index.js:42:
80)
    at div
    at div
    at div
    at C:\Users\Eli\Desktop\Claude 
Code\CPQ-System\src\components\ui\card.tsx:81:57
    at div
    at C:\Users\Eli\Desktop\Claude 
Code\CPQ-System\src\components\ui\card.tsx:7:50
    at BOMGrid (C:\Users\Eli\Desktop\Claude Code\CPQ
-System\src\components\shared\BOMGrid.tsx:22:3)
Warning: A component is `contentEditable` and 
contains `children` managed by React. It is now 
your responsibility to guarantee that none of those 
nodes are unexpectedly modified or duplicated. This 
is probably not intentional.
    at div
    at div
    at div
    at div
    at spy (file:///C:/Users/Eli/Desktop/Claude%20Co
de/CPQ-System/node_modules/tinyspy/dist/index.js:42:
80)
    at div
    at div
    at div
    at C:\Users\Eli\Desktop\Claude 
Code\CPQ-System\src\components\ui\card.tsx:81:57
    at div
    at C:\Users\Eli\Desktop\Claude 
Code\CPQ-System\src\components\ui\card.tsx:7:50
    at BOMGrid (C:\Users\Eli\Desktop\Claude Code\CPQ
-System\src\components\shared\BOMGrid.tsx:22:3)
Warning: A component is `contentEditable` and 
contains `children` managed by React. It is now 
your responsibility to guarantee that none of those 
nodes are unexpectedly modified or duplicated. This 
is probably not intentional.
    at div
    at div
    at div
    at div
    at spy (file:///C:/Users/Eli/Desktop/Claude%20Co
de/CPQ-System/node_modules/tinyspy/dist/index.js:42:
80)
    at div
    at div
    at div
    at C:\Users\Eli\Desktop\Claude 
Code\CPQ-System\src\components\ui\card.tsx:81:57
    at div
    at C:\Users\Eli\Desktop\Claude 
Code\CPQ-System\src\components\ui\card.tsx:7:50
    at BOMGrid (C:\Users\Eli\Desktop\Claude Code\CPQ
-System\src\components\shared\BOMGrid.tsx:22:3)
Warning: A component is `contentEditable` and 
contains `children` managed by React. It is now 
your responsibility to guarantee that none of those 
nodes are unexpectedly modified or duplicated. This 
is probably not intentional.
    at div
    at div
    at div
    at div
    at spy (file:///C:/Users/Eli/Desktop/Claude%20Co
de/CPQ-System/node_modules/tinyspy/dist/index.js:42:
80)
    at div
    at div
    at div
    at C:\Users\Eli\Desktop\Claude 
Code\CPQ-System\src\components\ui\card.tsx:81:57
    at div
    at C:\Users\Eli\Desktop\Claude 
Code\CPQ-System\src\components\ui\card.tsx:7:50
    at BOMGrid (C:\Users\Eli\Desktop\Claude Code\CPQ
-System\src\components\shared\BOMGrid.tsx:22:3)
Warning: A component is `contentEditable` and 
contains `children` managed by React. It is now 
your responsibility to guarantee that none of those 
nodes are unexpectedly modified or duplicated. This 
is probably not intentional.
    at div
    at div
    at div
    at div
    at spy (file:///C:/Users/Eli/Desktop/Claude%20Co
de/CPQ-System/node_modules/tinyspy/dist/index.js:42:
80)
    at div
    at div
    at div
    at C:\Users\Eli\Desktop\Claude 
Code\CPQ-System\src\components\ui\card.tsx:81:57
    at div
    at C:\Users\Eli\Desktop\Claude 
Code\CPQ-System\src\components\ui\card.tsx:7:50
    at BOMGrid (C:\Users\Eli\Desktop\Claude Code\CPQ
-System\src\components\shared\BOMGrid.tsx:22:3)
Warning: A component is `contentEditable` and 
contains `children` managed by React. It is now 
your responsibility to guarantee that none of those 
nodes are unexpectedly modified or duplicated. This 
is probably not intentional.
    at div
    at div
    at div
    at div
    at spy (file:///C:/Users/Eli/Desktop/Claude%20Co
de/CPQ-System/node_modules/tinyspy/dist/index.js:42:
80)
    at div
    at div
    at div
    at C:\Users\Eli\Desktop\Claude 
Code\CPQ-System\src\components\ui\card.tsx:81:57
    at div
    at C:\Users\Eli\Desktop\Claude 
Code\CPQ-System\src\components\ui\card.tsx:7:50
    at BOMGrid (C:\Users\Eli\Desktop\Claude Code\CPQ
-System\src\components\shared\BOMGrid.tsx:22:3)
Warning: A component is `contentEditable` and 
contains `children` managed by React. It is now 
your responsibility to guarantee that none of those 
nodes are unexpectedly modified or duplicated. This 
is probably not intentional.
    at div
    at div
    at div
    at div
    at spy (file:///C:/Users/Eli/Desktop/Claude%20Co
de/CPQ-System/node_modules/tinyspy/dist/index.js:42:
80)
    at div
    at div
    at div
    at C:\Users\Eli\Desktop\Claude 
Code\CPQ-System\src\components\ui\card.tsx:81:57
    at div
    at C:\Users\Eli\Desktop\Claude 
Code\CPQ-System\src\components\ui\card.tsx:7:50
    at BOMGrid (C:\Users\Eli\Desktop\Claude Code\CPQ
-System\src\components\shared\BOMGrid.tsx:22:3)
Warning: A component is `contentEditable` and 
contains `children` managed by React. It is now 
your responsibility to guarantee that none of those 
nodes are unexpectedly modified or duplicated. This 
is probably not intentional.
    at div
    at div
    at div
    at div
    at spy (file:///C:/Users/Eli/Desktop/Claude%20Co
de/CPQ-System/node_modules/tinyspy/dist/index.js:42:
80)
    at div
    at div
    at div
    at C:\Users\Eli\Desktop\Claude 
Code\CPQ-System\src\components\ui\card.tsx:81:57
    at div
    at C:\Users\Eli\Desktop\Claude 
Code\CPQ-System\src\components\ui\card.tsx:7:50
    at BOMGrid (C:\Users\Eli\Desktop\Claude Code\CPQ
-System\src\components\shared\BOMGrid.tsx:22:3)
Warning: A component is `contentEditable` and 
contains `children` managed by React. It is now 
your responsibility to guarantee that none of those 
nodes are unexpectedly modified or duplicated. This 
is probably not intentional.
    at div
    at div
    at div
    at div
    at spy (file:///C:/Users/Eli/Desktop/Claude%20Co
de/CPQ-System/node_modules/tinyspy/dist/index.js:42:
80)
    at div
    at div
    at div
    at C:\Users\Eli\Desktop\Claude 
Code\CPQ-System\src\components\ui\card.tsx:81:57
    at div
    at C:\Users\Eli\Desktop\Claude 
Code\CPQ-System\src\components\ui\card.tsx:7:50
    at BOMGrid (C:\Users\Eli\Desktop\Claude Code\CPQ
-System\src\components\shared\BOMGrid.tsx:22:3)
Warning: A component is `contentEditable` and 
contains `children` managed by React. It is now 
your responsibility to guarantee that none of those 
nodes are unexpectedly modified or duplicated. This 
is probably not intentional.
    at div
    at div
    at div
    at div
    at spy (file:///C:/Users/Eli/Desktop/Claude%20Co
de/CPQ-System/node_modules/tinyspy/dist/index.js:42:
80)
    at div
    at div
    at div
    at C:\Users\Eli\Desktop\Claude 
Code\CPQ-System\src\components\ui\card.tsx:81:57
    at div
    at C:\Users\Eli\Desktop\Claude 
Code\CPQ-System\src\components\ui\card.tsx:7:50
    at BOMGrid (C:\Users\Eli\Desktop\Claude Code\CPQ
-System\src\components\shared\BOMGrid.tsx:22:3)
Warning: A component is `contentEditable` and 
contains `children` managed by React. It is now 
your responsibility to guarantee that none of those 
nodes are unexpectedly modified or duplicated. This 
is probably not intentional.
    at div
    at div
    at div
    at div
    at spy (file:///C:/Users/Eli/Desktop/Claude%20Co
de/CPQ-System/node_modules/tinyspy/dist/index.js:42:
80)
    at div
    at div
    at div
    at C:\Users\Eli\Desktop\Claude 
Code\CPQ-System\src\components\ui\card.tsx:81:57
    at div
    at C:\Users\Eli\Desktop\Claude 
Code\CPQ-System\src\components\ui\card.tsx:7:50
    at BOMGrid (C:\Users\Eli\Desktop\Claude Code\CPQ
-System\src\components\shared\BOMGrid.tsx:22:3)
Warning: A component is `contentEditable` and 
contains `children` managed by React. It is now 
your responsibility to guarantee that none of those 
nodes are unexpectedly modified or duplicated. This 
is probably not intentional.
    at div
    at div
    at div
    at div
    at spy (file:///C:/Users/Eli/Desktop/Claude%20Co
de/CPQ-System/node_modules/tinyspy/dist/index.js:42:
80)
    at div
    at div
    at div
    at C:\Users\Eli\Desktop\Claude 
Code\CPQ-System\src\components\ui\card.tsx:81:57
    at div
    at C:\Users\Eli\Desktop\Claude 
Code\CPQ-System\src\components\ui\card.tsx:7:50
    at BOMGrid (C:\Users\Eli\Desktop\Claude Code\CPQ
-System\src\components\shared\BOMGrid.tsx:22:3)
Warning: A component is `contentEditable` and 
contains `children` managed by React. It is now 
your responsibility to guarantee that none of those 
nodes are unexpectedly modified or duplicated. This 
is probably not intentional.
    at div
    at div
    at div
    at div
    at spy (file:///C:/Users/Eli/Desktop/Claude%20Co
de/CPQ-System/node_modules/tinyspy/dist/index.js:42:
80)
    at div
    at div
    at div
    at C:\Users\Eli\Desktop\Claude 
Code\CPQ-System\src\components\ui\card.tsx:81:57
    at div
    at C:\Users\Eli\Desktop\Claude 
Code\CPQ-System\src\components\ui\card.tsx:7:50
    at BOMGrid (C:\Users\Eli\Desktop\Claude Code\CPQ
-System\src\components\shared\BOMGrid.tsx:22:3)
Warning: A component is `contentEditable` and 
contains `children` managed by React. It is now 
your responsibility to guarantee that none of those 
nodes are unexpectedly modified or duplicated. This 
is probably not intentional.
    at div
    at div
    at div
    at div
    at spy (file:///C:/Users/Eli/Desktop/Claude%20Co
de/CPQ-System/node_modules/tinyspy/dist/index.js:42:
80)
    at div
    at div
    at div
    at C:\Users\Eli\Desktop\Claude 
Code\CPQ-System\src\components\ui\card.tsx:81:57
    at div
    at C:\Users\Eli\Desktop\Claude 
Code\CPQ-System\src\components\ui\card.tsx:7:50
    at BOMGrid (C:\Users\Eli\Desktop\Claude Code\CPQ
-System\src\components\shared\BOMGrid.tsx:22:3)
Warning: A component is `contentEditable` and 
contains `children` managed by React. It is now 
your responsibility to guarantee that none of those 
nodes are unexpectedly modified or duplicated. This 
is probably not intentional.
    at div
    at div
    at div
    at div
    at spy (file:///C:/Users/Eli/Desktop/Claude%20Co
de/CPQ-System/node_modules/tinyspy/dist/index.js:42:
80)
    at div
    at div
    at div
    at C:\Users\Eli\Desktop\Claude 
Code\CPQ-System\src\components\ui\card.tsx:81:57
    at div
    at C:\Users\Eli\Desktop\Claude 
Code\CPQ-System\src\components\ui\card.tsx:7:50
    at BOMGrid (C:\Users\Eli\Desktop\Claude Code\CPQ
-System\src\components\shared\BOMGrid.tsx:22:3)
Warning: A component is `contentEditable` and 
contains `children` managed by React. It is now 
your responsibility to guarantee that none of those 
nodes are unexpectedly modified or duplicated. This 
is probably not intentional.
    at div
    at div
    at div
    at div
    at spy (file:///C:/Users/Eli/Desktop/Claude%20Co
de/CPQ-System/node_modules/tinyspy/dist/index.js:42:
80)
    at div
    at div
    at div
    at C:\Users\Eli\Desktop\Claude 
Code\CPQ-System\src\components\ui\card.tsx:81:57
    at div
    at C:\Users\Eli\Desktop\Claude 
Code\CPQ-System\src\components\ui\card.tsx:7:50
    at BOMGrid (C:\Users\Eli\Desktop\Claude Code\CPQ
-System\src\components\shared\BOMGrid.tsx:22:3)
Warning: A component is `contentEditable` and 
contains `children` managed by React. It is now 
your responsibility to guarantee that none of those 
nodes are unexpectedly modified or duplicated. This 
is probably not intentional.
    at div
    at div
    at div
    at div
    at spy (file:///C:/Users/Eli/Desktop/Claude%20Co
de/CPQ-System/node_modules/tinyspy/dist/index.js:42:
80)
    at div
    at div
    at div
    at C:\Users\Eli\Desktop\Claude 
Code\CPQ-System\src\components\ui\card.tsx:81:57
    at div
    at C:\Users\Eli\Desktop\Claude 
Code\CPQ-System\src\components\ui\card.tsx:7:50
    at BOMGrid (C:\Users\Eli\Desktop\Claude Code\CPQ
-System\src\components\shared\BOMGrid.tsx:22:3)
Warning: A component is `contentEditable` and 
contains `children` managed by React. It is now 
your responsibility to guarantee that none of those 
nodes are unexpectedly modified or duplicated. This 
is probably not intentional.
    at div
    at div
    at div
    at div
    at spy (file:///C:/Users/Eli/Desktop/Claude%20Co
de/CPQ-System/node_modules/tinyspy/dist/index.js:42:
80)
    at div
    at div
    at div
    at C:\Users\Eli\Desktop\Claude 
Code\CPQ-System\src\components\ui\card.tsx:81:57
    at div
    at C:\Users\Eli\Desktop\Claude 
Code\CPQ-System\src\components\ui\card.tsx:7:50
    at BOMGrid (C:\Users\Eli\Desktop\Claude Code\CPQ
-System\src\components\shared\BOMGrid.tsx:22:3)
Warning: A component is `contentEditable` and 
contains `children` managed by React. It is now 
your responsibility to guarantee that none of those 
nodes are unexpectedly modified or duplicated. This 
is probably not intentional.
    at div
    at div
    at div
    at div
    at spy (file:///C:/Users/Eli/Desktop/Claude%20Co
de/CPQ-System/node_modules/tinyspy/dist/index.js:42:
80)
    at div
    at div
    at div
    at C:\Users\Eli\Desktop\Claude 
Code\CPQ-System\src\components\ui\card.tsx:81:57
    at div
    at C:\Users\Eli\Desktop\Claude 
Code\CPQ-System\src\components\ui\card.tsx:7:50
    at BOMGrid (C:\Users\Eli\Desktop\Claude Code\CPQ
-System\src\components\shared\BOMGrid.tsx:22:3)
Warning: A component is `contentEditable` and 
contains `children` managed by React. It is now 
your responsibility to guarantee that none of those 
nodes are unexpectedly modified or duplicated. This 
is probably not intentional.
    at div
    at div
    at div
    at div
    at spy (file:///C:/Users/Eli/Desktop/Claude%20Co
de/CPQ-System/node_modules/tinyspy/dist/index.js:42:
80)
    at div
    at div
    at div
    at C:\Users\Eli\Desktop\Claude 
Code\CPQ-System\src\components\ui\card.tsx:81:57
    at div
    at C:\Users\Eli\Desktop\Claude 
Code\CPQ-System\src\components\ui\card.tsx:7:50
    at BOMGrid (C:\Users\Eli\Desktop\Claude Code\CPQ
-System\src\components\shared\BOMGrid.tsx:22:3)
Warning: A component is `contentEditable` and 
contains `children` managed by React. It is now 
your responsibility to guarantee that none of those 
nodes are unexpectedly modified or duplicated. This 
is probably not intentional.
    at div
    at div
    at div
    at div
    at spy (file:///C:/Users/Eli/Desktop/Claude%20Co
de/CPQ-System/node_modules/tinyspy/dist/index.js:42:
80)
    at div
    at div
    at div
    at C:\Users\Eli\Desktop\Claude 
Code\CPQ-System\src\components\ui\card.tsx:81:57
    at div
    at C:\Users\Eli\Desktop\Claude 
Code\CPQ-System\src\components\ui\card.tsx:7:50
    at BOMGrid (C:\Users\Eli\Desktop\Claude Code\CPQ
-System\src\components\shared\BOMGrid.tsx:22:3)
Warning: A component is `contentEditable` and 
contains `children` managed by React. It is now 
your responsibility to guarantee that none of those 
nodes are unexpectedly modified or duplicated. This 
is probably not intentional.
    at div
    at div
    at div
    at div
    at spy (file:///C:/Users/Eli/Desktop/Claude%20Co
de/CPQ-System/node_modules/tinyspy/dist/index.js:42:
80)
    at div
    at div
    at div
    at C:\Users\Eli\Desktop\Claude 
Code\CPQ-System\src\components\ui\card.tsx:81:57
    at div
    at C:\Users\Eli\Desktop\Claude 
Code\CPQ-System\src\components\ui\card.tsx:7:50
    at BOMGrid (C:\Users\Eli\Desktop\Claude Code\CPQ
-System\src\components\shared\BOMGrid.tsx:22:3)
Warning: A component is `contentEditable` and 
contains `children` managed by React. It is now 
your responsibility to guarantee that none of those 
nodes are unexpectedly modified or duplicated. This 
is probably not intentional.
    at div
    at div
    at div
    at div
    at spy (file:///C:/Users/Eli/Desktop/Claude%20Co
de/CPQ-System/node_modules/tinyspy/dist/index.js:42:
80)
    at div
    at div
    at div
    at C:\Users\Eli\Desktop\Claude 
Code\CPQ-System\src\components\ui\card.tsx:81:57
    at div
    at C:\Users\Eli\Desktop\Claude 
Code\CPQ-System\src\components\ui\card.tsx:7:50
    at BOMGrid (C:\Users\Eli\Desktop\Claude Code\CPQ
-System\src\components\shared\BOMGrid.tsx:22:3)
Warning: A component is `contentEditable` and 
contains `children` managed by React. It is now 
your responsibility to guarantee that none of those 
nodes are unexpectedly modified or duplicated. This 
is probably not intentional.
    at div
    at div
    at div
    at div
    at spy (file:///C:/Users/Eli/Desktop/Claude%20Co
de/CPQ-System/node_modules/tinyspy/dist/index.js:42:
80)
    at div
    at div
    at div
    at C:\Users\Eli\Desktop\Claude 
Code\CPQ-System\src\components\ui\card.tsx:81:57
    at div
    at C:\Users\Eli\Desktop\Claude 
Code\CPQ-System\src\components\ui\card.tsx:7:50
    at BOMGrid (C:\Users\Eli\Desktop\Claude Code\CPQ
-System\src\components\shared\BOMGrid.tsx:22:3)
Warning: A component is `contentEditable` and 
contains `children` managed by React. It is now 
your responsibility to guarantee that none of those 
nodes are unexpectedly modified or duplicated. This 
is probably not intentional.
    at div
    at div
    at div
    at div
    at spy (file:///C:/Users/Eli/Desktop/Claude%20Co
de/CPQ-System/node_modules/tinyspy/dist/index.js:42:
80)
    at div
    at div
    at div
    at C:\Users\Eli\Desktop\Claude 
Code\CPQ-System\src\components\ui\card.tsx:81:57
    at div
    at C:\Users\Eli\Desktop\Claude 
Code\CPQ-System\src\components\ui\card.tsx:7:50
    at BOMGrid (C:\Users\Eli\Desktop\Claude Code\CPQ
-System\src\components\shared\BOMGrid.tsx:22:3)
Warning: A component is `contentEditable` and 
contains `children` managed by React. It is now 
your responsibility to guarantee that none of those 
nodes are unexpectedly modified or duplicated. This 
is probably not intentional.
    at div
    at div
    at div
    at div
    at spy (file:///C:/Users/Eli/Desktop/Claude%20Co
de/CPQ-System/node_modules/tinyspy/dist/index.js:42:
80)
    at div
    at div
    at div
    at C:\Users\Eli\Desktop\Claude 
Code\CPQ-System\src\components\ui\card.tsx:81:57
    at div
    at C:\Users\Eli\Desktop\Claude 
Code\CPQ-System\src\components\ui\card.tsx:7:50
    at BOMGrid (C:\Users\Eli\Desktop\Claude Code\CPQ
-System\src\components\shared\BOMGrid.tsx:22:3)
Warning: A component is `contentEditable` and 
contains `children` managed by React. It is now 
your responsibility to guarantee that none of those 
nodes are unexpectedly modified or duplicated. This 
is probably not intentional.
    at div
    at div
    at div
    at div
    at spy (file:///C:/Users/Eli/Desktop/Claude%20Co
de/CPQ-System/node_modules/tinyspy/dist/index.js:42:
80)
    at div
    at div
    at div
    at C:\Users\Eli\Desktop\Claude 
Code\CPQ-System\src\components\ui\card.tsx:81:57
    at div
    at C:\Users\Eli\Desktop\Claude 
Code\CPQ-System\src\components\ui\card.tsx:7:50
    at BOMGrid (C:\Users\Eli\Desktop\Claude Code\CPQ
-System\src\components\shared\BOMGrid.tsx:22:3)
Warning: A component is `contentEditable` and 
contains `children` managed by React. It is now 
your responsibility to guarantee that none of those 
nodes are unexpectedly modified or duplicated. This 
is probably not intentional.
    at div
    at div
    at div
    at div
    at spy (file:///C:/Users/Eli/Desktop/Claude%20Co
de/CPQ-System/node_modules/tinyspy/dist/index.js:42:
80)
    at div
    at div
    at div
    at C:\Users\Eli\Desktop\Claude 
Code\CPQ-System\src\components\ui\card.tsx:81:57
    at div
    at C:\Users\Eli\Desktop\Claude 
Code\CPQ-System\src\components\ui\card.tsx:7:50
    at BOMGrid (C:\Users\Eli\Desktop\Claude Code\CPQ
-System\src\components\shared\BOMGrid.tsx:22:3)
Warning: A component is `contentEditable` and 
contains `children` managed by React. It is now 
your responsibility to guarantee that none of those 
nodes are unexpectedly modified or duplicated. This 
is probably not intentional.
    at div
    at div
    at div
    at div
    at spy (file:///C:/Users/Eli/Desktop/Claude%20Co
de/CPQ-System/node_modules/tinyspy/dist/index.js:42:
80)
    at div
    at div
    at div
    at C:\Users\Eli\Desktop\Claude 
Code\CPQ-System\src\components\ui\card.tsx:81:57
    at div
    at C:\Users\Eli\Desktop\Claude 
Code\CPQ-System\src\components\ui\card.tsx:7:50
    at BOMGrid (C:\Users\Eli\Desktop\Claude Code\CPQ
-System\src\components\shared\BOMGrid.tsx:22:3)
Warning: A component is `contentEditable` and 
contains `children` managed by React. It is now 
your responsibility to guarantee that none of those 
nodes are unexpectedly modified or duplicated. This 
is probably not intentional.
    at div
    at div
    at div
    at div
    at spy (file:///C:/Users/Eli/Desktop/Claude%20Co
de/CPQ-System/node_modules/tinyspy/dist/index.js:42:
80)
    at div
    at div
    at div
    at C:\Users\Eli\Desktop\Claude 
Code\CPQ-System\src\components\ui\card.tsx:81:57
    at div
    at C:\Users\Eli\Desktop\Claude 
Code\CPQ-System\src\components\ui\card.tsx:7:50
    at BOMGrid (C:\Users\Eli\Desktop\Claude Code\CPQ
-System\src\components\shared\BOMGrid.tsx:22:3)
Warning: A component is `contentEditable` and 
contains `children` managed by React. It is now 
your responsibility to guarantee that none of those 
nodes are unexpectedly modified or duplicated. This 
is probably not intentional.
    at div
    at div
    at div
    at div
    at spy (file:///C:/Users/Eli/Desktop/Claude%20Co
de/CPQ-System/node_modules/tinyspy/dist/index.js:42:
80)
    at div
    at div
    at div
    at C:\Users\Eli\Desktop\Claude 
Code\CPQ-System\src\components\ui\card.tsx:81:57
    at div
    at C:\Users\Eli\Desktop\Claude 
Code\CPQ-System\src\components\ui\card.tsx:7:50
    at BOMGrid (C:\Users\Eli\Desktop\Claude Code\CPQ
-System\src\components\shared\BOMGrid.tsx:22:3)
Warning: A component is `contentEditable` and 
contains `children` managed by React. It is now 
your responsibility to guarantee that none of those 
nodes are unexpectedly modified or duplicated. This 
is probably not intentional.
    at div
    at div
    at div
    at div
    at spy (file:///C:/Users/Eli/Desktop/Claude%20Co
de/CPQ-System/node_modules/tinyspy/dist/index.js:42:
80)
    at div
    at div
    at div
    at C:\Users\Eli\Desktop\Claude 
Code\CPQ-System\src\components\ui\card.tsx:81:57
    at div
    at C:\Users\Eli\Desktop\Claude 
Code\CPQ-System\src\components\ui\card.tsx:7:50
    at BOMGrid (C:\Users\Eli\Desktop\Claude Code\CPQ
-System\src\components\shared\BOMGrid.tsx:22:3)
Warning: A component is `contentEditable` and 
contains `children` managed by React. It is now 
your responsibility to guarantee that none of those 
nodes are unexpectedly modified or duplicated. This 
is probably not intentional.
    at div
    at div
    at div
    at div
    at spy (file:///C:/Users/Eli/Desktop/Claude%20Co
de/CPQ-System/node_modules/tinyspy/dist/index.js:42:
80)
    at div
    at div
    at div
    at C:\Users\Eli\Desktop\Claude 
Code\CPQ-System\src\components\ui\card.tsx:81:57
    at div
    at C:\Users\Eli\Desktop\Claude 
Code\CPQ-System\src\components\ui\card.tsx:7:50
    at BOMGrid (C:\Users\Eli\Desktop\Claude Code\CPQ
-System\src\components\shared\BOMGrid.tsx:22:3)
Warning: A component is `contentEditable` and 
contains `children` managed by React. It is now 
your responsibility to guarantee that none of those 
nodes are unexpectedly modified or duplicated. This 
is probably not intentional.
    at div
    at div
    at div
    at div
    at spy (file:///C:/Users/Eli/Desktop/Claude%20Co
de/CPQ-System/node_modules/tinyspy/dist/index.js:42:
80)
    at div
    at div
    at div
    at C:\Users\Eli\Desktop\Claude 
Code\CPQ-System\src\components\ui\card.tsx:81:57
    at div
    at C:\Users\Eli\Desktop\Claude 
Code\CPQ-System\src\components\ui\card.tsx:7:50
    at BOMGrid (C:\Users\Eli\Desktop\Claude Code\CPQ
-System\src\components\shared\BOMGrid.tsx:22:3)
Warning: A component is `contentEditable` and 
contains `children` managed by React. It is now 
your responsibility to guarantee that none of those 
nodes are unexpectedly modified or duplicated. This 
is probably not intentional.
    at div
    at div
    at div
    at div
    at spy (file:///C:/Users/Eli/Desktop/Claude%20Co
de/CPQ-System/node_modules/tinyspy/dist/index.js:42:
80)
    at div
    at div
    at div
    at C:\Users\Eli\Desktop\Claude 
Code\CPQ-System\src\components\ui\card.tsx:81:57
    at div
    at C:\Users\Eli\Desktop\Claude 
Code\CPQ-System\src\components\ui\card.tsx:7:50
    at BOMGrid (C:\Users\Eli\Desktop\Claude Code\CPQ
-System\src\components\shared\BOMGrid.tsx:22:3)
Warning: A component is `contentEditable` and 
contains `children` managed by React. It is now 
your responsibility to guarantee that none of those 
nodes are unexpectedly modified or duplicated. This 
is probably not intentional.
    at div
    at div
    at div
    at div
    at spy (file:///C:/Users/Eli/Desktop/Claude%20Co
de/CPQ-System/node_modules/tinyspy/dist/index.js:42:
80)
    at div
    at div
    at div
    at C:\Users\Eli\Desktop\Claude 
Code\CPQ-System\src\components\ui\card.tsx:81:57
    at div
    at C:\Users\Eli\Desktop\Claude 
Code\CPQ-System\src\components\ui\card.tsx:7:50
    at BOMGrid (C:\Users\Eli\Desktop\Claude Code\CPQ
-System\src\components\shared\BOMGrid.tsx:22:3)
Warning: A component is `contentEditable` and 
contains `children` managed by React. It is now 
your responsibility to guarantee that none of those 
nodes are unexpectedly modified or duplicated. This 
is probably not intentional.
    at div
    at div
    at div
    at div
    at spy (file:///C:/Users/Eli/Desktop/Claude%20Co
de/CPQ-System/node_modules/tinyspy/dist/index.js:42:
80)
    at div
    at div
    at div
    at C:\Users\Eli\Desktop\Claude 
Code\CPQ-System\src\components\ui\card.tsx:81:57
    at div
    at C:\Users\Eli\Desktop\Claude 
Code\CPQ-System\src\components\ui\card.tsx:7:50
    at BOMGrid (C:\Users\Eli\Desktop\Claude Code\CPQ
-System\src\components\shared\BOMGrid.tsx:22:3)
Warning: A component is `contentEditable` and 
contains `children` managed by React. It is now 
your responsibility to guarantee that none of those 
nodes are unexpectedly modified or duplicated. This 
is probably not intentional.
    at div
    at div
    at div
    at div
    at spy (file:///C:/Users/Eli/Desktop/Claude%20Co
de/CPQ-System/node_modules/tinyspy/dist/index.js:42:
80)
    at div
    at div
    at div
    at C:\Users\Eli\Desktop\Claude 
Code\CPQ-System\src\components\ui\card.tsx:81:57
    at div
    at C:\Users\Eli\Desktop\Claude 
Code\CPQ-System\src\components\ui\card.tsx:7:50
    at BOMGrid (C:\Users\Eli\Desktop\Claude Code\CPQ
-System\src\components\shared\BOMGrid.tsx:22:3)
Warning: A component is `contentEditable` and 
contains `children` managed by React. It is now 
your responsibility to guarantee that none of those 
nodes are unexpectedly modified or duplicated. This 
is probably not intentional.
    at div
    at div
    at div
    at div
    at spy (file:///C:/Users/Eli/Desktop/Claude%20Co
de/CPQ-System/node_modules/tinyspy/dist/index.js:42:
80)
    at div
    at div
    at div
    at C:\Users\Eli\Desktop\Claude 
Code\CPQ-System\src\components\ui\card.tsx:81:57
    at div
    at C:\Users\Eli\Desktop\Claude 
Code\CPQ-System\src\components\ui\card.tsx:7:50
    at BOMGrid (C:\Users\Eli\Desktop\Claude Code\CPQ
-System\src\components\shared\BOMGrid.tsx:22:3)
Warning: A component is `contentEditable` and 
contains `children` managed by React. It is now 
your responsibility to guarantee that none of those 
nodes are unexpectedly modified or duplicated. This 
is probably not intentional.
    at div
    at div
    at div
    at div
    at spy (file:///C:/Users/Eli/Desktop/Claude%20Co
de/CPQ-System/node_modules/tinyspy/dist/index.js:42:
80)
    at div
    at div
    at div
    at C:\Users\Eli\Desktop\Claude 
Code\CPQ-System\src\components\ui\card.tsx:81:57
    at div
    at C:\Users\Eli\Desktop\Claude 
Code\CPQ-System\src\components\ui\card.tsx:7:50
    at BOMGrid (C:\Users\Eli\Desktop\Claude Code\CPQ
-System\src\components\shared\BOMGrid.tsx:22:3)
Warning: A component is `contentEditable` and 
contains `children` managed by React. It is now 
your responsibility to guarantee that none of those 
nodes are unexpectedly modified or duplicated. This 
is probably not intentional.
    at div
    at div
    at div
    at div
    at spy (file:///C:/Users/Eli/Desktop/Claude%20Co
de/CPQ-System/node_modules/tinyspy/dist/index.js:42:
80)
    at div
    at div
    at div
    at C:\Users\Eli\Desktop\Claude 
Code\CPQ-System\src\components\ui\card.tsx:81:57
    at div
    at C:\Users\Eli\Desktop\Claude 
Code\CPQ-System\src\components\ui\card.tsx:7:50
    at BOMGrid (C:\Users\Eli\Desktop\Claude Code\CPQ
-System\src\components\shared\BOMGrid.tsx:22:3)
Warning: A component is `contentEditable` and 
contains `children` managed by React. It is now 
your responsibility to guarantee that none of those 
nodes are unexpectedly modified or duplicated. This 
is probably not intentional.
    at div
    at div
    at div
    at div
    at spy (file:///C:/Users/Eli/Desktop/Claude%20Co
de/CPQ-System/node_modules/tinyspy/dist/index.js:42:
80)
    at div
    at div
    at div
    at C:\Users\Eli\Desktop\Claude 
Code\CPQ-System\src\components\ui\card.tsx:81:57
    at div
    at C:\Users\Eli\Desktop\Claude 
Code\CPQ-System\src\components\ui\card.tsx:7:50
    at BOMGrid (C:\Users\Eli\Desktop\Claude Code\CPQ
-System\src\components\shared\BOMGrid.tsx:22:3)
Warning: A component is `contentEditable` and 
contains `children` managed by React. It is now 
your responsibility to guarantee that none of those 
nodes are unexpectedly modified or duplicated. This 
is probably not intentional.
    at div
    at div
    at div
    at div
    at spy (file:///C:/Users/Eli/Desktop/Claude%20Co
de/CPQ-System/node_modules/tinyspy/dist/index.js:42:
80)
    at div
    at div
    at div
    at C:\Users\Eli\Desktop\Claude 
Code\CPQ-System\src\components\ui\card.tsx:81:57
    at div
    at C:\Users\Eli\Desktop\Claude 
Code\CPQ-System\src\components\ui\card.tsx:7:50
    at BOMGrid (C:\Users\Eli\Desktop\Claude Code\CPQ
-System\src\components\shared\BOMGrid.tsx:22:3)
Warning: A component is `contentEditable` and 
contains `children` managed by React. It is now 
your responsibility to guarantee that none of those 
nodes are unexpectedly modified or duplicated. This 
is probably not intentional.
    at div
    at div
    at div
    at div
    at spy (file:///C:/Users/Eli/Desktop/Claude%20Co
de/CPQ-System/node_modules/tinyspy/dist/index.js:42:
80)
    at div
    at div
    at div
    at C:\Users\Eli\Desktop\Claude 
Code\CPQ-System\src\components\ui\card.tsx:81:57
    at div
    at C:\Users\Eli\Desktop\Claude 
Code\CPQ-System\src\components\ui\card.tsx:7:50
    at BOMGrid (C:\Users\Eli\Desktop\Claude Code\CPQ
-System\src\components\shared\BOMGrid.tsx:22:3)
Warning: A component is `contentEditable` and 
contains `children` managed by React. It is now 
your responsibility to guarantee that none of those 
nodes are unexpectedly modified or duplicated. This 
is probably not intentional.
    at div
    at div
    at div
    at div
    at spy (file:///C:/Users/Eli/Desktop/Claude%20Co
de/CPQ-System/node_modules/tinyspy/dist/index.js:42:
80)
    at div
    at div
    at div
    at C:\Users\Eli\Desktop\Claude 
Code\CPQ-System\src\components\ui\card.tsx:81:57
    at div
    at C:\Users\Eli\Desktop\Claude 
Code\CPQ-System\src\components\ui\card.tsx:7:50
    at BOMGrid (C:\Users\Eli\Desktop\Claude Code\CPQ
-System\src\components\shared\BOMGrid.tsx:22:3)
Warning: A component is `contentEditable` and 
contains `children` managed by React. It is now 
your responsibility to guarantee that none of those 
nodes are unexpectedly modified or duplicated. This 
is probably not intentional.
    at div
    at div
    at div
    at div
    at spy (file:///C:/Users/Eli/Desktop/Claude%20Co
de/CPQ-System/node_modules/tinyspy/dist/index.js:42:
80)
    at div
    at div
    at div
    at C:\Users\Eli\Desktop\Claude 
Code\CPQ-System\src\components\ui\card.tsx:81:57
    at div
    at C:\Users\Eli\Desktop\Claude 
Code\CPQ-System\src\components\ui\card.tsx:7:50
    at BOMGrid (C:\Users\Eli\Desktop\Claude Code\CPQ
-System\src\components\shared\BOMGrid.tsx:22:3)
Warning: A component is `contentEditable` and 
contains `children` managed by React. It is now 
your responsibility to guarantee that none of those 
nodes are unexpectedly modified or duplicated. This 
is probably not intentional.
    at div
    at div
    at div
    at div
    at spy (file:///C:/Users/Eli/Desktop/Claude%20Co
de/CPQ-System/node_modules/tinyspy/dist/index.js:42:
80)
    at div
    at div
    at div
    at C:\Users\Eli\Desktop\Claude 
Code\CPQ-System\src\components\ui\card.tsx:81:57
    at div
    at C:\Users\Eli\Desktop\Claude 
Code\CPQ-System\src\components\ui\card.tsx:7:50
    at BOMGrid (C:\Users\Eli\Desktop\Claude Code\CPQ
-System\src\components\shared\BOMGrid.tsx:22:3)
Warning: A component is `contentEditable` and 
contains `children` managed by React. It is now 
your responsibility to guarantee that none of those 
nodes are unexpectedly modified or duplicated. This 
is probably not intentional.
    at div
    at div
    at div
    at div
    at spy (file:///C:/Users/Eli/Desktop/Claude%20Co
de/CPQ-System/node_modules/tinyspy/dist/index.js:42:
80)
    at div
    at div
    at div
    at C:\Users\Eli\Desktop\Claude 
Code\CPQ-System\src\components\ui\card.tsx:81:57
    at div
    at C:\Users\Eli\Desktop\Claude 
Code\CPQ-System\src\components\ui\card.tsx:7:50
    at BOMGrid (C:\Users\Eli\Desktop\Claude Code\CPQ
-System\src\components\shared\BOMGrid.tsx:22:3)
Warning: A component is `contentEditable` and 
contains `children` managed by React. It is now 
your responsibility to guarantee that none of those 
nodes are unexpectedly modified or duplicated. This 
is probably not intentional.
    at div
    at div
    at div
    at div
    at spy (file:///C:/Users/Eli/Desktop/Claude%20Co
de/CPQ-System/node_modules/tinyspy/dist/index.js:42:
80)
    at div
    at div
    at div
    at C:\Users\Eli\Desktop\Claude 
Code\CPQ-System\src\components\ui\card.tsx:81:57
    at div
    at C:\Users\Eli\Desktop\Claude 
Code\CPQ-System\src\components\ui\card.tsx:7:50
    at BOMGrid (C:\Users\Eli\Desktop\Claude Code\CPQ
-System\src\components\shared\BOMGrid.tsx:22:3)
Warning: A component is `contentEditable` and 
contains `children` managed by React. It is now 
your responsibility to guarantee that none of those 
nodes are unexpectedly modified or duplicated. This 
is probably not intentional.
    at div
    at div
    at div
    at div
    at spy (file:///C:/Users/Eli/Desktop/Claude%20Co
de/CPQ-System/node_modules/tinyspy/dist/index.js:42:
80)
    at div
    at div
    at div
    at C:\Users\Eli\Desktop\Claude 
Code\CPQ-System\src\components\ui\card.tsx:81:57
    at div
    at C:\Users\Eli\Desktop\Claude 
Code\CPQ-System\src\components\ui\card.tsx:7:50
    at BOMGrid (C:\Users\Eli\Desktop\Claude Code\CPQ
-System\src\components\shared\BOMGrid.tsx:22:3)
Warning: A component is `contentEditable` and 
contains `children` managed by React. It is now 
your responsibility to guarantee that none of those 
nodes are unexpectedly modified or duplicated. This 
is probably not intentional.
    at div
    at div
    at div
    at div
    at spy (file:///C:/Users/Eli/Desktop/Claude%20Co
de/CPQ-System/node_modules/tinyspy/dist/index.js:42:
80)
    at div
    at div
    at div
    at C:\Users\Eli\Desktop\Claude 
Code\CPQ-System\src\components\ui\card.tsx:81:57
    at div
    at C:\Users\Eli\Desktop\Claude 
Code\CPQ-System\src\components\ui\card.tsx:7:50
    at BOMGrid (C:\Users\Eli\Desktop\Claude Code\CPQ
-System\src\components\shared\BOMGrid.tsx:22:3)
Warning: A component is `contentEditable` and 
contains `children` managed by React. It is now 
your responsibility to guarantee that none of those 
nodes are unexpectedly modified or duplicated. This 
is probably not intentional.
    at div
    at div
    at div
    at div
    at spy (file:///C:/Users/Eli/Desktop/Claude%20Co
de/CPQ-System/node_modules/tinyspy/dist/index.js:42:
80)
    at div
    at div
    at div
    at C:\Users\Eli\Desktop\Claude 
Code\CPQ-System\src\components\ui\card.tsx:81:57
    at div
    at C:\Users\Eli\Desktop\Claude 
Code\CPQ-System\src\components\ui\card.tsx:7:50
    at BOMGrid (C:\Users\Eli\Desktop\Claude Code\CPQ
-System\src\components\shared\BOMGrid.tsx:22:3)
Warning: A component is `contentEditable` and 
contains `children` managed by React. It is now 
your responsibility to guarantee that none of those 
nodes are unexpectedly modified or duplicated. This 
is probably not intentional.
    at div
    at div
    at div
    at div
    at spy (file:///C:/Users/Eli/Desktop/Claude%20Co
de/CPQ-System/node_modules/tinyspy/dist/index.js:42:
80)
    at div
    at div
    at div
    at C:\Users\Eli\Desktop\Claude 
Code\CPQ-System\src\components\ui\card.tsx:81:57
    at div
    at C:\Users\Eli\Desktop\Claude 
Code\CPQ-System\src\components\ui\card.tsx:7:50
    at BOMGrid (C:\Users\Eli\Desktop\Claude Code\CPQ
-System\src\components\shared\BOMGrid.tsx:22:3)
Warning: A component is `contentEditable` and 
contains `children` managed by React. It is now 
your responsibility to guarantee that none of those 
nodes are unexpectedly modified or duplicated. This 
is probably not intentional.
    at div
    at div
    at div
    at div
    at spy (file:///C:/Users/Eli/Desktop/Claude%20Co
de/CPQ-System/node_modules/tinyspy/dist/index.js:42:
80)
    at div
    at div
    at div
    at C:\Users\Eli\Desktop\Claude 
Code\CPQ-System\src\components\ui\card.tsx:81:57
    at div
    at C:\Users\Eli\Desktop\Claude 
Code\CPQ-System\src\components\ui\card.tsx:7:50
    at BOMGrid (C:\Users\Eli\Desktop\Claude Code\CPQ
-System\src\components\shared\BOMGrid.tsx:22:3)
Warning: A component is `contentEditable` and 
contains `children` managed by React. It is now 
your responsibility to guarantee that none of those 
nodes are unexpectedly modified or duplicated. This 
is probably not intentional.
    at div
    at div
    at div
    at div
    at spy (file:///C:/Users/Eli/Desktop/Claude%20Co
de/CPQ-System/node_modules/tinyspy/dist/index.js:42:
80)
    at div
    at div
    at div
    at C:\Users\Eli\Desktop\Claude 
Code\CPQ-System\src\components\ui\card.tsx:81:57
    at div
    at C:\Users\Eli\Desktop\Claude 
Code\CPQ-System\src\components\ui\card.tsx:7:50
    at BOMGrid (C:\Users\Eli\Desktop\Claude Code\CPQ
-System\src\components\shared\BOMGrid.tsx:22:3)
Warning: A component is `contentEditable` and 
contains `children` managed by React. It is now 
your responsibility to guarantee that none of those 
nodes are unexpectedly modified or duplicated. This 
is probably not intentional.
    at div
    at div
    at div
    at div
    at spy (file:///C:/Users/Eli/Desktop/Claude%20Co
de/CPQ-System/node_modules/tinyspy/dist/index.js:42:
80)
    at div
    at div
    at div
    at C:\Users\Eli\Desktop\Claude 
Code\CPQ-System\src\components\ui\card.tsx:81:57
    at div
    at C:\Users\Eli\Desktop\Claude 
Code\CPQ-System\src\components\ui\card.tsx:7:50
    at BOMGrid (C:\Users\Eli\Desktop\Claude Code\CPQ
-System\src\components\shared\BOMGrid.tsx:22:3)
Warning: A component is `contentEditable` and 
contains `children` managed by React. It is now 
your responsibility to guarantee that none of those 
nodes are unexpectedly modified or duplicated. This 
is probably not intentional.
    at div
    at div
    at div
    at div
    at spy (file:///C:/Users/Eli/Desktop/Claude%20Co
de/CPQ-System/node_modules/tinyspy/dist/index.js:42:
80)
    at div
    at div
    at div
    at C:\Users\Eli\Desktop\Claude 
Code\CPQ-System\src\components\ui\card.tsx:81:57
    at div
    at C:\Users\Eli\Desktop\Claude 
Code\CPQ-System\src\components\ui\card.tsx:7:50
    at BOMGrid (C:\Users\Eli\Desktop\Claude Code\CPQ
-System\src\components\shared\BOMGrid.tsx:22:3)
Warning: A component is `contentEditable` and 
contains `children` managed by React. It is now 
your responsibility to guarantee that none of those 
nodes are unexpectedly modified or duplicated. This 
is probably not intentional.
    at div
    at div
    at div
    at div
    at spy (file:///C:/Users/Eli/Desktop/Claude%20Co
de/CPQ-System/node_modules/tinyspy/dist/index.js:42:
80)
    at div
    at div
    at div
    at C:\Users\Eli\Desktop\Claude 
Code\CPQ-System\src\components\ui\card.tsx:81:57
    at div
    at C:\Users\Eli\Desktop\Claude 
Code\CPQ-System\src\components\ui\card.tsx:7:50
    at BOMGrid (C:\Users\Eli\Desktop\Claude Code\CPQ
-System\src\components\shared\BOMGrid.tsx:22:3)
Warning: A component is `contentEditable` and 
contains `children` managed by React. It is now 
your responsibility to guarantee that none of those 
nodes are unexpectedly modified or duplicated. This 
is probably not intentional.
    at div
    at div
    at div
    at div
    at spy (file:///C:/Users/Eli/Desktop/Claude%20Co
de/CPQ-System/node_modules/tinyspy/dist/index.js:42:
80)
    at div
    at div
    at div
    at C:\Users\Eli\Desktop\Claude 
Code\CPQ-System\src\components\ui\card.tsx:81:57
    at div
    at C:\Users\Eli\Desktop\Claude 
Code\CPQ-System\src\components\ui\card.tsx:7:50
    at BOMGrid (C:\Users\Eli\Desktop\Claude Code\CPQ
-System\src\components\shared\BOMGrid.tsx:22:3)
Warning: A component is `contentEditable` and 
contains `children` managed by React. It is now 
your responsibility to guarantee that none of those 
nodes are unexpectedly modified or duplicated. This 
is probably not intentional.
    at div
    at div
    at div
    at div
    at spy (file:///C:/Users/Eli/Desktop/Claude%20Co
de/CPQ-System/node_modules/tinyspy/dist/index.js:42:
80)
    at div
    at div
    at div
    at C:\Users\Eli\Desktop\Claude 
Code\CPQ-System\src\components\ui\card.tsx:81:57
    at div
    at C:\Users\Eli\Desktop\Claude 
Code\CPQ-System\src\components\ui\card.tsx:7:50
    at BOMGrid (C:\Users\Eli\Desktop\Claude Code\CPQ
-System\src\components\shared\BOMGrid.tsx:22:3)
Warning: A component is `contentEditable` and 
contains `children` managed by React. It is now 
your responsibility to guarantee that none of those 
nodes are unexpectedly modified or duplicated. This 
is probably not intentional.
    at div
    at div
    at div
    at div
    at spy (file:///C:/Users/Eli/Desktop/Claude%20Co
de/CPQ-System/node_modules/tinyspy/dist/index.js:42:
80)
    at div
    at div
    at div
    at C:\Users\Eli\Desktop\Claude 
Code\CPQ-System\src\components\ui\card.tsx:81:57
    at div
    at C:\Users\Eli\Desktop\Claude 
Code\CPQ-System\src\components\ui\card.tsx:7:50
    at BOMGrid (C:\Users\Eli\Desktop\Claude Code\CPQ
-System\src\components\shared\BOMGrid.tsx:22:3)
Warning: A component is `contentEditable` and 
contains `children` managed by React. It is now 
your responsibility to guarantee that none of those 
nodes are unexpectedly modified or duplicated. This 
is probably not intentional.
    at div
    at div
    at div
    at div
    at spy (file:///C:/Users/Eli/Desktop/Claude%20Co
de/CPQ-System/node_modules/tinyspy/dist/index.js:42:
80)
    at div
    at div
    at div
    at C:\Users\Eli\Desktop\Claude 
Code\CPQ-System\src\components\ui\card.tsx:81:57
    at div
    at C:\Users\Eli\Desktop\Claude 
Code\CPQ-System\src\components\ui\card.tsx:7:50
    at BOMGrid (C:\Users\Eli\Desktop\Claude Code\CPQ
-System\src\components\shared\BOMGrid.tsx:22:3)
Warning: A component is `contentEditable` and 
contains `children` managed by React. It is now 
your responsibility to guarantee that none of those 
nodes are unexpectedly modified or duplicated. This 
is probably not intentional.
    at div
    at div
    at div
    at div
    at spy (file:///C:/Users/Eli/Desktop/Claude%20Co
de/CPQ-System/node_modules/tinyspy/dist/index.js:42:
80)
    at div
    at div
    at div
    at C:\Users\Eli\Desktop\Claude 
Code\CPQ-System\src\components\ui\card.tsx:81:57
    at div
    at C:\Users\Eli\Desktop\Claude 
Code\CPQ-System\src\components\ui\card.tsx:7:50
    at BOMGrid (C:\Users\Eli\Desktop\Claude Code\CPQ
-System\src\components\shared\BOMGrid.tsx:22:3)
Warning: A component is `contentEditable` and 
contains `children` managed by React. It is now 
your responsibility to guarantee that none of those 
nodes are unexpectedly modified or duplicated. This 
is probably not intentional.
    at div
    at div
    at div
    at div
    at spy (file:///C:/Users/Eli/Desktop/Claude%20Co
de/CPQ-System/node_modules/tinyspy/dist/index.js:42:
80)
    at div
    at div
    at div
    at C:\Users\Eli\Desktop\Claude 
Code\CPQ-System\src\components\ui\card.tsx:81:57
    at div
    at C:\Users\Eli\Desktop\Claude 
Code\CPQ-System\src\components\ui\card.tsx:7:50
    at BOMGrid (C:\Users\Eli\Desktop\Claude Code\CPQ
-System\src\components\shared\BOMGrid.tsx:22:3)
Warning: A component is `contentEditable` and 
contains `children` managed by React. It is now 
your responsibility to guarantee that none of those 
nodes are unexpectedly modified or duplicated. This 
is probably not intentional.
    at div
    at div
    at div
    at div
    at spy (file:///C:/Users/Eli/Desktop/Claude%20Co
de/CPQ-System/node_modules/tinyspy/dist/index.js:42:
80)
    at div
    at div
    at div
    at C:\Users\Eli\Desktop\Claude 
Code\CPQ-System\src\components\ui\card.tsx:81:57
    at div
    at C:\Users\Eli\Desktop\Claude 
Code\CPQ-System\src\components\ui\card.tsx:7:50
    at BOMGrid (C:\Users\Eli\Desktop\Claude Code\CPQ
-System\src\components\shared\BOMGrid.tsx:22:3)
Warning: A component is `contentEditable` and 
contains `children` managed by React. It is now 
your responsibility to guarantee that none of those 
nodes are unexpectedly modified or duplicated. This 
is probably not intentional.
    at div
    at div
    at div
    at div
    at spy (file:///C:/Users/Eli/Desktop/Claude%20Co
de/CPQ-System/node_modules/tinyspy/dist/index.js:42:
80)
    at div
    at div
    at div
    at C:\Users\Eli\Desktop\Claude 
Code\CPQ-System\src\components\ui\card.tsx:81:57
    at div
    at C:\Users\Eli\Desktop\Claude 
Code\CPQ-System\src\components\ui\card.tsx:7:50
    at BOMGrid (C:\Users\Eli\Desktop\Claude Code\CPQ
-System\src\components\shared\BOMGrid.tsx:22:3)
Warning: A component is `contentEditable` and 
contains `children` managed by React. It is now 
your responsibility to guarantee that none of those 
nodes are unexpectedly modified or duplicated. This 
is probably not intentional.
    at div
    at div
    at div
    at div
    at spy (file:///C:/Users/Eli/Desktop/Claude%20Co
de/CPQ-System/node_modules/tinyspy/dist/index.js:42:
80)
    at div
    at div
    at div
    at C:\Users\Eli\Desktop\Claude 
Code\CPQ-System\src\components\ui\card.tsx:81:57
    at div
    at C:\Users\Eli\Desktop\Claude 
Code\CPQ-System\src\components\ui\card.tsx:7:50
    at BOMGrid (C:\Users\Eli\Desktop\Claude Code\CPQ
-System\src\components\shared\BOMGrid.tsx:22:3)
Warning: A component is `contentEditable` and 
contains `children` managed by React. It is now 
your responsibility to guarantee that none of those 
nodes are unexpectedly modified or duplicated. This 
is probably not intentional.
    at div
    at div
    at div
    at div
    at spy (file:///C:/Users/Eli/Desktop/Claude%20Co
de/CPQ-System/node_modules/tinyspy/dist/index.js:42:
80)
    at div
    at div
    at div
    at C:\Users\Eli\Desktop\Claude 
Code\CPQ-System\src\components\ui\card.tsx:81:57
    at div
    at C:\Users\Eli\Desktop\Claude 
Code\CPQ-System\src\components\ui\card.tsx:7:50
    at BOMGrid (C:\Users\Eli\Desktop\Claude Code\CPQ
-System\src\components\shared\BOMGrid.tsx:22:3)
Warning: A component is `contentEditable` and 
contains `children` managed by React. It is now 
your responsibility to guarantee that none of those 
nodes are unexpectedly modified or duplicated. This 
is probably not intentional.
    at div
    at div
    at div
    at div
    at spy (file:///C:/Users/Eli/Desktop/Claude%20Co
de/CPQ-System/node_modules/tinyspy/dist/index.js:42:
80)
    at div
    at div
    at div
    at C:\Users\Eli\Desktop\Claude 
Code\CPQ-System\src\components\ui\card.tsx:81:57
    at div
    at C:\Users\Eli\Desktop\Claude 
Code\CPQ-System\src\components\ui\card.tsx:7:50
    at BOMGrid (C:\Users\Eli\Desktop\Claude Code\CPQ
-System\src\components\shared\BOMGrid.tsx:22:3)
Warning: A component is `contentEditable` and 
contains `children` managed by React. It is now 
your responsibility to guarantee that none of those 
nodes are unexpectedly modified or duplicated. This 
is probably not intentional.
    at div
    at div
    at div
    at div
    at spy (file:///C:/Users/Eli/Desktop/Claude%20Co
de/CPQ-System/node_modules/tinyspy/dist/index.js:42:
80)
    at div
    at div
    at div
    at C:\Users\Eli\Desktop\Claude 
Code\CPQ-System\src\components\ui\card.tsx:81:57
    at div
    at C:\Users\Eli\Desktop\Claude 
Code\CPQ-System\src\components\ui\card.tsx:7:50
    at BOMGrid (C:\Users\Eli\Desktop\Claude Code\CPQ
-System\src\components\shared\BOMGrid.tsx:22:3)
Warning: A component is `contentEditable` and 
contains `children` managed by React. It is now 
your responsibility to guarantee that none of those 
nodes are unexpectedly modified or duplicated. This 
is probably not intentional.
    at div
    at div
    at div
    at div
    at spy (file:///C:/Users/Eli/Desktop/Claude%20Co
de/CPQ-System/node_modules/tinyspy/dist/index.js:42:
80)
    at div
    at div
    at div
    at C:\Users\Eli\Desktop\Claude 
Code\CPQ-System\src\components\ui\card.tsx:81:57
    at div
    at C:\Users\Eli\Desktop\Claude 
Code\CPQ-System\src\components\ui\card.tsx:7:50
    at BOMGrid (C:\Users\Eli\Desktop\Claude Code\CPQ
-System\src\components\shared\BOMGrid.tsx:22:3)
Warning: A component is `contentEditable` and 
contains `children` managed by React. It is now 
your responsibility to guarantee that none of those 
nodes are unexpectedly modified or duplicated. This 
is probably not intentional.
    at div
    at div
    at div
    at div
    at spy (file:///C:/Users/Eli/Desktop/Claude%20Co
de/CPQ-System/node_modules/tinyspy/dist/index.js:42:
80)
    at div
    at div
    at div
    at C:\Users\Eli\Desktop\Claude 
Code\CPQ-System\src\components\ui\card.tsx:81:57
    at div
    at C:\Users\Eli\Desktop\Claude 
Code\CPQ-System\src\components\ui\card.tsx:7:50
    at BOMGrid (C:\Users\Eli\Desktop\Claude Code\CPQ
-System\src\components\shared\BOMGrid.tsx:22:3)
Warning: A component is `contentEditable` and 
contains `children` managed by React. It is now 
your responsibility to guarantee that none of those 
nodes are unexpectedly modified or duplicated. This 
is probably not intentional.
    at div
    at div
    at div
    at div
    at spy (file:///C:/Users/Eli/Desktop/Claude%20Co
de/CPQ-System/node_modules/tinyspy/dist/index.js:42:
80)
    at div
    at div
    at div
    at C:\Users\Eli\Desktop\Claude 
Code\CPQ-System\src\components\ui\card.tsx:81:57
    at div
    at C:\Users\Eli\Desktop\Claude 
Code\CPQ-System\src\components\ui\card.tsx:7:50
    at BOMGrid (C:\Users\Eli\Desktop\Claude Code\CPQ
-System\src\components\shared\BOMGrid.tsx:22:3)
Warning: A component is `contentEditable` and 
contains `children` managed by React. It is now 
your responsibility to guarantee that none of those 
nodes are unexpectedly modified or duplicated. This 
is probably not intentional.
    at div
    at div
    at div
    at div
    at spy (file:///C:/Users/Eli/Desktop/Claude%20Co
de/CPQ-System/node_modules/tinyspy/dist/index.js:42:
80)
    at div
    at div
    at div
    at C:\Users\Eli\Desktop\Claude 
Code\CPQ-System\src\components\ui\card.tsx:81:57
    at div
    at C:\Users\Eli\Desktop\Claude 
Code\CPQ-System\src\components\ui\card.tsx:7:50
    at BOMGrid (C:\Users\Eli\Desktop\Claude Code\CPQ
-System\src\components\shared\BOMGrid.tsx:22:3)
Warning: A component is `contentEditable` and 
contains `children` managed by React. It is now 
your responsibility to guarantee that none of those 
nodes are unexpectedly modified or duplicated. This 
is probably not intentional.
    at div
    at div
    at div
    at div
    at spy (file:///C:/Users/Eli/Desktop/Claude%20Co
de/CPQ-System/node_modules/tinyspy/dist/index.js:42:
80)
    at div
    at div
    at div
    at C:\Users\Eli\Desktop\Claude 
Code\CPQ-System\src\components\ui\card.tsx:81:57
    at div
    at C:\Users\Eli\Desktop\Claude 
Code\CPQ-System\src\components\ui\card.tsx:7:50
    at BOMGrid (C:\Users\Eli\Desktop\Claude Code\CPQ
-System\src\components\shared\BOMGrid.tsx:22:3)
Warning: A component is `contentEditable` and 
contains `children` managed by React. It is now 
your responsibility to guarantee that none of those 
nodes are unexpectedly modified or duplicated. This 
is probably not intentional.
    at div
    at div
    at div
    at div
    at spy (file:///C:/Users/Eli/Desktop/Claude%20Co
de/CPQ-System/node_modules/tinyspy/dist/index.js:42:
80)
    at div
    at div
    at div
    at C:\Users\Eli\Desktop\Claude 
Code\CPQ-System\src\components\ui\card.tsx:81:57
    at div
    at C:\Users\Eli\Desktop\Claude 
Code\CPQ-System\src\components\ui\card.tsx:7:50
    at BOMGrid (C:\Users\Eli\Desktop\Claude Code\CPQ
-System\src\components\shared\BOMGrid.tsx:22:3)
Warning: A component is `contentEditable` and 
contains `children` managed by React. It is now 
your responsibility to guarantee that none of those 
nodes are unexpectedly modified or duplicated. This 
is probably not intentional.
    at div
    at div
    at div
    at div
    at spy (file:///C:/Users/Eli/Desktop/Claude%20Co
de/CPQ-System/node_modules/tinyspy/dist/index.js:42:
80)
    at div
    at div
    at div
    at C:\Users\Eli\Desktop\Claude 
Code\CPQ-System\src\components\ui\card.tsx:81:57
    at div
    at C:\Users\Eli\Desktop\Claude 
Code\CPQ-System\src\components\ui\card.tsx:7:50
    at BOMGrid (C:\Users\Eli\Desktop\Claude Code\CPQ
-System\src\components\shared\BOMGrid.tsx:22:3)
Warning: A component is `contentEditable` and 
contains `children` managed by React. It is now 
your responsibility to guarantee that none of those 
nodes are unexpectedly modified or duplicated. This 
is probably not intentional.
    at div
    at div
    at div
    at div
    at spy (file:///C:/Users/Eli/Desktop/Claude%20Co
de/CPQ-System/node_modules/tinyspy/dist/index.js:42:
80)
    at div
    at div
    at div
    at C:\Users\Eli\Desktop\Claude 
Code\CPQ-System\src\components\ui\card.tsx:81:57
    at div
    at C:\Users\Eli\Desktop\Claude 
Code\CPQ-System\src\components\ui\card.tsx:7:50
    at BOMGrid (C:\Users\Eli\Desktop\Claude Code\CPQ
-System\src\components\shared\BOMGrid.tsx:22:3)
Warning: A component is `contentEditable` and 
contains `children` managed by React. It is now 
your responsibility to guarantee that none of those 
nodes are unexpectedly modified or duplicated. This 
is probably not intentional.
    at div
    at div
    at div
    at div
    at spy (file:///C:/Users/Eli/Desktop/Claude%20Co
de/CPQ-System/node_modules/tinyspy/dist/index.js:42:
80)
    at div
    at div
    at div
    at C:\Users\Eli\Desktop\Claude 
Code\CPQ-System\src\components\ui\card.tsx:81:57
    at div
    at C:\Users\Eli\Desktop\Claude 
Code\CPQ-System\src\components\ui\card.tsx:7:50
    at BOMGrid (C:\Users\Eli\Desktop\Claude Code\CPQ
-System\src\components\shared\BOMGrid.tsx:22:3)
Warning: A component is `contentEditable` and 
contains `children` managed by React. It is now 
your responsibility to guarantee that none of those 
nodes are unexpectedly modified or duplicated. This 
is probably not intentional.
    at div
    at div
    at div
    at div
    at spy (file:///C:/Users/Eli/Desktop/Claude%20Co
de/CPQ-System/node_modules/tinyspy/dist/index.js:42:
80)
    at div
    at div
    at div
    at C:\Users\Eli\Desktop\Claude 
Code\CPQ-System\src\components\ui\card.tsx:81:57
    at div
    at C:\Users\Eli\Desktop\Claude 
Code\CPQ-System\src\components\ui\card.tsx:7:50
    at BOMGrid (C:\Users\Eli\Desktop\Claude Code\CPQ
-System\src\components\shared\BOMGrid.tsx:22:3)
Warning: A component is `contentEditable` and 
contains `children` managed by React. It is now 
your responsibility to guarantee that none of those 
nodes are unexpectedly modified or duplicated. This 
is probably not intentional.
    at div
    at div
    at div
    at div
    at spy (file:///C:/Users/Eli/Desktop/Claude%20Co
de/CPQ-System/node_modules/tinyspy/dist/index.js:42:
80)
    at div
    at div
    at div
    at C:\Users\Eli\Desktop\Claude 
Code\CPQ-System\src\components\ui\card.tsx:81:57
    at div
    at C:\Users\Eli\Desktop\Claude 
Code\CPQ-System\src\components\ui\card.tsx:7:50
    at BOMGrid (C:\Users\Eli\Desktop\Claude Code\CPQ
-System\src\components\shared\BOMGrid.tsx:22:3)
Warning: A component is `contentEditable` and 
contains `children` managed by React. It is now 
your responsibility to guarantee that none of those 
nodes are unexpectedly modified or duplicated. This 
is probably not intentional.
    at div
    at div
    at div
    at div
    at spy (file:///C:/Users/Eli/Desktop/Claude%20Co
de/CPQ-System/node_modules/tinyspy/dist/index.js:42:
80)
    at div
    at div
    at div
    at C:\Users\Eli\Desktop\Claude 
Code\CPQ-System\src\components\ui\card.tsx:81:57
    at div
    at C:\Users\Eli\Desktop\Claude 
Code\CPQ-System\src\components\ui\card.tsx:7:50
    at BOMGrid (C:\Users\Eli\Desktop\Claude Code\CPQ
-System\src\components\shared\BOMGrid.tsx:22:3)
Warning: A component is `contentEditable` and 
contains `children` managed by React. It is now 
your responsibility to guarantee that none of those 
nodes are unexpectedly modified or duplicated. This 
is probably not intentional.
    at div
    at div
    at div
    at div
    at spy (file:///C:/Users/Eli/Desktop/Claude%20Co
de/CPQ-System/node_modules/tinyspy/dist/index.js:42:
80)
    at div
    at div
    at div
    at C:\Users\Eli\Desktop\Claude 
Code\CPQ-System\src\components\ui\card.tsx:81:57
    at div
    at C:\Users\Eli\Desktop\Claude 
Code\CPQ-System\src\components\ui\card.tsx:7:50
    at BOMGrid (C:\Users\Eli\Desktop\Claude Code\CPQ
-System\src\components\shared\BOMGrid.tsx:22:3)
Warning: A component is `contentEditable` and 
contains `children` managed by React. It is now 
your responsibility to guarantee that none of those 
nodes are unexpectedly modified or duplicated. This 
is probably not intentional.
    at div
    at div
    at div
    at div
    at spy (file:///C:/Users/Eli/Desktop/Claude%20Co
de/CPQ-System/node_modules/tinyspy/dist/index.js:42:
80)
    at div
    at div
    at div
    at C:\Users\Eli\Desktop\Claude 
Code\CPQ-System\src\components\ui\card.tsx:81:57
    at div
    at C:\Users\Eli\Desktop\Claude 
Code\CPQ-System\src\components\ui\card.tsx:7:50
    at BOMGrid (C:\Users\Eli\Desktop\Claude Code\CPQ
-System\src\components\shared\BOMGrid.tsx:22:3)
Warning: A component is `contentEditable` and 
contains `children` managed by React. It is now 
your responsibility to guarantee that none of those 
nodes are unexpectedly modified or duplicated. This 
is probably not intentional.
    at div
    at div
    at div
    at div
    at spy (file:///C:/Users/Eli/Desktop/Claude%20Co
de/CPQ-System/node_modules/tinyspy/dist/index.js:42:
80)
    at div
    at div
    at div
    at C:\Users\Eli\Desktop\Claude 
Code\CPQ-System\src\components\ui\card.tsx:81:57
    at div
    at C:\Users\Eli\Desktop\Claude 
Code\CPQ-System\src\components\ui\card.tsx:7:50
    at BOMGrid (C:\Users\Eli\Desktop\Claude Code\CPQ
-System\src\components\shared\BOMGrid.tsx:22:3)
Warning: A component is `contentEditable` and 
contains `children` managed by React. It is now 
your responsibility to guarantee that none of those 
nodes are unexpectedly modified or duplicated. This 
is probably not intentional.
    at div
    at div
    at div
    at div
    at spy (file:///C:/Users/Eli/Desktop/Claude%20Co
de/CPQ-System/node_modules/tinyspy/dist/index.js:42:
80)
    at div
    at div
    at div
    at C:\Users\Eli\Desktop\Claude 
Code\CPQ-System\src\components\ui\card.tsx:81:57
    at div
    at C:\Users\Eli\Desktop\Claude 
Code\CPQ-System\src\components\ui\card.tsx:7:50
    at BOMGrid (C:\Users\Eli\Desktop\Claude Code\CPQ
-System\src\components\shared\BOMGrid.tsx:22:3)
Warning: A component is `contentEditable` and 
contains `children` managed by React. It is now 
your responsibility to guarantee that none of those 
nodes are unexpectedly modified or duplicated. This 
is probably not intentional.
    at div
    at div
    at div
    at div
    at spy (file:///C:/Users/Eli/Desktop/Claude%20Co
de/CPQ-System/node_modules/tinyspy/dist/index.js:42:
80)
    at div
    at div
    at div
    at C:\Users\Eli\Desktop\Claude 
Code\CPQ-System\src\components\ui\card.tsx:81:57
    at div
    at C:\Users\Eli\Desktop\Claude 
Code\CPQ-System\src\components\ui\card.tsx:7:50
    at BOMGrid (C:\Users\Eli\Desktop\Claude Code\CPQ
-System\src\components\shared\BOMGrid.tsx:22:3)
Warning: A component is `contentEditable` and 
contains `children` managed by React. It is now 
your responsibility to guarantee that none of those 
nodes are unexpectedly modified or duplicated. This 
is probably not intentional.
    at div
    at div
    at div
    at div
    at spy (file:///C:/Users/Eli/Desktop/Claude%20Co
de/CPQ-System/node_modules/tinyspy/dist/index.js:42:
80)
    at div
    at div
    at div
    at C:\Users\Eli\Desktop\Claude 
Code\CPQ-System\src\components\ui\card.tsx:81:57
    at div
    at C:\Users\Eli\Desktop\Claude 
Code\CPQ-System\src\components\ui\card.tsx:7:50
    at BOMGrid (C:\Users\Eli\Desktop\Claude Code\CPQ
-System\src\components\shared\BOMGrid.tsx:22:3)
Warning: A component is `contentEditable` and 
contains `children` managed by React. It is now 
your responsibility to guarantee that none of those 
nodes are unexpectedly modified or duplicated. This 
is probably not intentional.
    at div
    at div
    at div
    at div
    at spy (file:///C:/Users/Eli/Desktop/Claude%20Co
de/CPQ-System/node_modules/tinyspy/dist/index.js:42:
80)
    at div
    at div
    at div
    at C:\Users\Eli\Desktop\Claude 
Code\CPQ-System\src\components\ui\card.tsx:81:57
    at div
    at C:\Users\Eli\Desktop\Claude 
Code\CPQ-System\src\components\ui\card.tsx:7:50
    at BOMGrid (C:\Users\Eli\Desktop\Claude Code\CPQ
-System\src\components\shared\BOMGrid.tsx:22:3)
Warning: A component is `contentEditable` and 
contains `children` managed by React. It is now 
your responsibility to guarantee that none of those 
nodes are unexpectedly modified or duplicated. This 
is probably not intentional.
    at div
    at div
    at div
    at div
    at spy (file:///C:/Users/Eli/Desktop/Claude%20Co
de/CPQ-System/node_modules/tinyspy/dist/index.js:42:
80)
    at div
    at div
    at div
    at C:\Users\Eli\Desktop\Claude 
Code\CPQ-System\src\components\ui\card.tsx:81:57
    at div
    at C:\Users\Eli\Desktop\Claude 
Code\CPQ-System\src\components\ui\card.tsx:7:50
    at BOMGrid (C:\Users\Eli\Desktop\Claude Code\CPQ
-System\src\components\shared\BOMGrid.tsx:22:3)
Warning: A component is `contentEditable` and 
contains `children` managed by React. It is now 
your responsibility to guarantee that none of those 
nodes are unexpectedly modified or duplicated. This 
is probably not intentional.
    at div
    at div
    at div
    at div
    at spy (file:///C:/Users/Eli/Desktop/Claude%20Co
de/CPQ-System/node_modules/tinyspy/dist/index.js:42:
80)
    at div
    at div
    at div
    at C:\Users\Eli\Desktop\Claude 
Code\CPQ-System\src\components\ui\card.tsx:81:57
    at div
    at C:\Users\Eli\Desktop\Claude 
Code\CPQ-System\src\components\ui\card.tsx:7:50
    at BOMGrid (C:\Users\Eli\Desktop\Claude Code\CPQ
-System\src\components\shared\BOMGrid.tsx:22:3)
Warning: A component is `contentEditable` and 
contains `children` managed by React. It is now 
your responsibility to guarantee that none of those 
nodes are unexpectedly modified or duplicated. This 
is probably not intentional.
    at div
    at div
    at div
    at div
    at spy (file:///C:/Users/Eli/Desktop/Claude%20Co
de/CPQ-System/node_modules/tinyspy/dist/index.js:42:
80)
    at div
    at div
    at div
    at C:\Users\Eli\Desktop\Claude 
Code\CPQ-System\src\components\ui\card.tsx:81:57
    at div
    at C:\Users\Eli\Desktop\Claude 
Code\CPQ-System\src\components\ui\card.tsx:7:50
    at BOMGrid (C:\Users\Eli\Desktop\Claude Code\CPQ
-System\src\components\shared\BOMGrid.tsx:22:3)
Warning: A component is `contentEditable` and 
contains `children` managed by React. It is now 
your responsibility to guarantee that none of those 
nodes are unexpectedly modified or duplicated. This 
is probably not intentional.
    at div
    at div
    at div
    at div
    at spy (file:///C:/Users/Eli/Desktop/Claude%20Co
de/CPQ-System/node_modules/tinyspy/dist/index.js:42:
80)
    at div
    at div
    at div
    at C:\Users\Eli\Desktop\Claude 
Code\CPQ-System\src\components\ui\card.tsx:81:57
    at div
    at C:\Users\Eli\Desktop\Claude 
Code\CPQ-System\src\components\ui\card.tsx:7:50
    at BOMGrid (C:\Users\Eli\Desktop\Claude Code\CPQ
-System\src\components\shared\BOMGrid.tsx:22:3)
Warning: A component is `contentEditable` and 
contains `children` managed by React. It is now 
your responsibility to guarantee that none of those 
nodes are unexpectedly modified or duplicated. This 
is probably not intentional.
    at div
    at div
    at div
    at div
    at spy (file:///C:/Users/Eli/Desktop/Claude%20Co
de/CPQ-System/node_modules/tinyspy/dist/index.js:42:
80)
    at div
    at div
    at div
    at C:\Users\Eli\Desktop\Claude 
Code\CPQ-System\src\components\ui\card.tsx:81:57
    at div
    at C:\Users\Eli\Desktop\Claude 
Code\CPQ-System\src\components\ui\card.tsx:7:50
    at BOMGrid (C:\Users\Eli\Desktop\Claude Code\CPQ
-System\src\components\shared\BOMGrid.tsx:22:3)
Warning: A component is `contentEditable` and 
contains `children` managed by React. It is now 
your responsibility to guarantee that none of those 
nodes are unexpectedly modified or duplicated. This 
is probably not intentional.
    at div
    at div
    at div
    at div
    at spy (file:///C:/Users/Eli/Desktop/Claude%20Co
de/CPQ-System/node_modules/tinyspy/dist/index.js:42:
80)
    at div
    at div
    at div
    at C:\Users\Eli\Desktop\Claude 
Code\CPQ-System\src\components\ui\card.tsx:81:57
    at div
    at C:\Users\Eli\Desktop\Claude 
Code\CPQ-System\src\components\ui\card.tsx:7:50
    at BOMGrid (C:\Users\Eli\Desktop\Claude Code\CPQ
-System\src\components\shared\BOMGrid.tsx:22:3)
Warning: A component is `contentEditable` and 
contains `children` managed by React. It is now 
your responsibility to guarantee that none of those 
nodes are unexpectedly modified or duplicated. This 
is probably not intentional.
    at div
    at div
    at div
    at div
    at spy (file:///C:/Users/Eli/Desktop/Claude%20Co
de/CPQ-System/node_modules/tinyspy/dist/index.js:42:
80)
    at div
    at div
    at div
    at C:\Users\Eli\Desktop\Claude 
Code\CPQ-System\src\components\ui\card.tsx:81:57
    at div
    at C:\Users\Eli\Desktop\Claude 
Code\CPQ-System\src\components\ui\card.tsx:7:50
    at BOMGrid (C:\Users\Eli\Desktop\Claude Code\CPQ
-System\src\components\shared\BOMGrid.tsx:22:3)
Warning: A component is `contentEditable` and 
contains `children` managed by React. It is now 
your responsibility to guarantee that none of those 
nodes are unexpectedly modified or duplicated. This 
is probably not intentional.
    at div
    at div
    at div
    at div
    at spy (file:///C:/Users/Eli/Desktop/Claude%20Co
de/CPQ-System/node_modules/tinyspy/dist/index.js:42:
80)
    at div
    at div
    at div
    at C:\Users\Eli\Desktop\Claude 
Code\CPQ-System\src\components\ui\card.tsx:81:57
    at div
    at C:\Users\Eli\Desktop\Claude 
Code\CPQ-System\src\components\ui\card.tsx:7:50
    at BOMGrid (C:\Users\Eli\Desktop\Claude Code\CPQ
-System\src\components\shared\BOMGrid.tsx:22:3)
Warning: A component is `contentEditable` and 
contains `children` managed by React. It is now 
your responsibility to guarantee that none of those 
nodes are unexpectedly modified or duplicated. This 
is probably not intentional.
    at div
    at div
    at div
    at div
    at spy (file:///C:/Users/Eli/Desktop/Claude%20Co
de/CPQ-System/node_modules/tinyspy/dist/index.js:42:
80)
    at div
    at div
    at div
    at C:\Users\Eli\Desktop\Claude 
Code\CPQ-System\src\components\ui\card.tsx:81:57
    at div
    at C:\Users\Eli\Desktop\Claude 
Code\CPQ-System\src\components\ui\card.tsx:7:50
    at BOMGrid (C:\Users\Eli\Desktop\Claude Code\CPQ
-System\src\components\shared\BOMGrid.tsx:22:3)
Warning: A component is `contentEditable` and 
contains `children` managed by React. It is now 
your responsibility to guarantee that none of those 
nodes are unexpectedly modified or duplicated. This 
is probably not intentional.
    at div
    at div
    at div
    at div
    at spy (file:///C:/Users/Eli/Desktop/Claude%20Co
de/CPQ-System/node_modules/tinyspy/dist/index.js:42:
80)
    at div
    at div
    at div
    at C:\Users\Eli\Desktop\Claude 
Code\CPQ-System\src\components\ui\card.tsx:81:57
    at div
    at C:\Users\Eli\Desktop\Claude 
Code\CPQ-System\src\components\ui\card.tsx:7:50
    at BOMGrid (C:\Users\Eli\Desktop\Claude Code\CPQ
-System\src\components\shared\BOMGrid.tsx:22:3)
Warning: A component is `contentEditable` and 
contains `children` managed by React. It is now 
your responsibility to guarantee that none of those 
nodes are unexpectedly modified or duplicated. This 
is probably not intentional.
    at div
    at div
    at div
    at div
    at spy (file:///C:/Users/Eli/Desktop/Claude%20Co
de/CPQ-System/node_modules/tinyspy/dist/index.js:42:
80)
    at div
    at div
    at div
    at C:\Users\Eli\Desktop\Claude 
Code\CPQ-System\src\components\ui\card.tsx:81:57
    at div
    at C:\Users\Eli\Desktop\Claude 
Code\CPQ-System\src\components\ui\card.tsx:7:50
    at BOMGrid (C:\Users\Eli\Desktop\Claude Code\CPQ
-System\src\components\shared\BOMGrid.tsx:22:3)
Warning: A component is `contentEditable` and 
contains `children` managed by React. It is now 
your responsibility to guarantee that none of those 
nodes are unexpectedly modified or duplicated. This 
is probably not intentional.
    at div
    at div
    at div
    at div
    at spy (file:///C:/Users/Eli/Desktop/Claude%20Co
de/CPQ-System/node_modules/tinyspy/dist/index.js:42:
80)
    at div
    at div
    at div
    at C:\Users\Eli\Desktop\Claude 
Code\CPQ-System\src\components\ui\card.tsx:81:57
    at div
    at C:\Users\Eli\Desktop\Claude 
Code\CPQ-System\src\components\ui\card.tsx:7:50
    at BOMGrid (C:\Users\Eli\Desktop\Claude Code\CPQ
-System\src\components\shared\BOMGrid.tsx:22:3)
Warning: A component is `contentEditable` and 
contains `children` managed by React. It is now 
your responsibility to guarantee that none of those 
nodes are unexpectedly modified or duplicated. This 
is probably not intentional.
    at div
    at div
    at div
    at div
    at spy (file:///C:/Users/Eli/Desktop/Claude%20Co
de/CPQ-System/node_modules/tinyspy/dist/index.js:42:
80)
    at div
    at div
    at div
    at C:\Users\Eli\Desktop\Claude 
Code\CPQ-System\src\components\ui\card.tsx:81:57
    at div
    at C:\Users\Eli\Desktop\Claude 
Code\CPQ-System\src\components\ui\card.tsx:7:50
    at BOMGrid (C:\Users\Eli\Desktop\Claude Code\CPQ
-System\src\components\shared\BOMGrid.tsx:22:3)
Warning: A component is `contentEditable` and 
contains `children` managed by React. It is now 
your responsibility to guarantee that none of those 
nodes are unexpectedly modified or duplicated. This 
is probably not intentional.
    at div
    at div
    at div
    at div
    at spy (file:///C:/Users/Eli/Desktop/Claude%20Co
de/CPQ-System/node_modules/tinyspy/dist/index.js:42:
80)
    at div
    at div
    at div
    at C:\Users\Eli\Desktop\Claude 
Code\CPQ-System\src\components\ui\card.tsx:81:57
    at div
    at C:\Users\Eli\Desktop\Claude 
Code\CPQ-System\src\components\ui\card.tsx:7:50
    at BOMGrid (C:\Users\Eli\Desktop\Claude Code\CPQ
-System\src\components\shared\BOMGrid.tsx:22:3)
Warning: A component is `contentEditable` and 
contains `children` managed by React. It is now 
your responsibility to guarantee that none of those 
nodes are unexpectedly modified or duplicated. This 
is probably not intentional.
    at div
    at div
    at div
    at div
    at spy (file:///C:/Users/Eli/Desktop/Claude%20Co
de/CPQ-System/node_modules/tinyspy/dist/index.js:42:
80)
    at div
    at div
    at div
    at C:\Users\Eli\Desktop\Claude 
Code\CPQ-System\src\components\ui\card.tsx:81:57
    at div
    at C:\Users\Eli\Desktop\Claude 
Code\CPQ-System\src\components\ui\card.tsx:7:50
    at BOMGrid (C:\Users\Eli\Desktop\Claude Code\CPQ
-System\src\components\shared\BOMGrid.tsx:22:3)
Warning: A component is `contentEditable` and 
contains `children` managed by React. It is now 
your responsibility to guarantee that none of those 
nodes are unexpectedly modified or duplicated. This 
is probably not intentional.
    at div
    at div
    at div
    at div
    at spy (file:///C:/Users/Eli/Desktop/Claude%20Co
de/CPQ-System/node_modules/tinyspy/dist/index.js:42:
80)
    at div
    at div
    at div
    at C:\Users\Eli\Desktop\Claude 
Code\CPQ-System\src\components\ui\card.tsx:81:57
    at div
    at C:\Users\Eli\Desktop\Claude 
Code\CPQ-System\src\components\ui\card.tsx:7:50
    at BOMGrid (C:\Users\Eli\Desktop\Claude Code\CPQ
-System\src\components\shared\BOMGrid.tsx:22:3)
Warning: A component is `contentEditable` and 
contains `children` managed by React. It is now 
your responsibility to guarantee that none of those 
nodes are unexpectedly modified or duplicated. This 
is probably not intentional.
    at div
    at div
    at div
    at div
    at spy (file:///C:/Users/Eli/Desktop/Claude%20Co
de/CPQ-System/node_modules/tinyspy/dist/index.js:42:
80)
    at div
    at div
    at div
    at C:\Users\Eli\Desktop\Claude 
Code\CPQ-System\src\components\ui\card.tsx:81:57
    at div
    at C:\Users\Eli\Desktop\Claude 
Code\CPQ-System\src\components\ui\card.tsx:7:50
    at BOMGrid (C:\Users\Eli\Desktop\Claude Code\CPQ
-System\src\components\shared\BOMGrid.tsx:22:3)
Warning: A component is `contentEditable` and 
contains `children` managed by React. It is now 
your responsibility to guarantee that none of those 
nodes are unexpectedly modified or duplicated. This 
is probably not intentional.
    at div
    at div
    at div
    at div
    at spy (file:///C:/Users/Eli/Desktop/Claude%20Co
de/CPQ-System/node_modules/tinyspy/dist/index.js:42:
80)
    at div
    at div
    at div
    at C:\Users\Eli\Desktop\Claude 
Code\CPQ-System\src\components\ui\card.tsx:81:57
    at div
    at C:\Users\Eli\Desktop\Claude 
Code\CPQ-System\src\components\ui\card.tsx:7:50
    at BOMGrid (C:\Users\Eli\Desktop\Claude Code\CPQ
-System\src\components\shared\BOMGrid.tsx:22:3)
Warning: A component is `contentEditable` and 
contains `children` managed by React. It is now 
your responsibility to guarantee that none of those 
nodes are unexpectedly modified or duplicated. This 
is probably not intentional.
    at div
    at div
    at div
    at div
    at spy (file:///C:/Users/Eli/Desktop/Claude%20Co
de/CPQ-System/node_modules/tinyspy/dist/index.js:42:
80)
    at div
    at div
    at div
    at C:\Users\Eli\Desktop\Claude 
Code\CPQ-System\src\components\ui\card.tsx:81:57
    at div
    at C:\Users\Eli\Desktop\Claude 
Code\CPQ-System\src\components\ui\card.tsx:7:50
    at BOMGrid (C:\Users\Eli\Desktop\Claude Code\CPQ
-System\src\components\shared\BOMGrid.tsx:22:3)
Warning: A component is `contentEditable` and 
contains `children` managed by React. It is now 
your responsibility to guarantee that none of those 
nodes are unexpectedly modified or duplicated. This 
is probably not intentional.
    at div
    at div
    at div
    at div
    at spy (file:///C:/Users/Eli/Desktop/Claude%20Co
de/CPQ-System/node_modules/tinyspy/dist/index.js:42:
80)
    at div
    at div
    at div
    at C:\Users\Eli\Desktop\Claude 
Code\CPQ-System\src\components\ui\card.tsx:81:57
    at div
    at C:\Users\Eli\Desktop\Claude 
Code\CPQ-System\src\components\ui\card.tsx:7:50
    at BOMGrid (C:\Users\Eli\Desktop\Claude Code\CPQ
-System\src\components\shared\BOMGrid.tsx:22:3)
Warning: A component is `contentEditable` and 
contains `children` managed by React. It is now 
your responsibility to guarantee that none of those 
nodes are unexpectedly modified or duplicated. This 
is probably not intentional.
    at div
    at div
    at div
    at div
    at spy (file:///C:/Users/Eli/Desktop/Claude%20Co
de/CPQ-System/node_modules/tinyspy/dist/index.js:42:
80)
    at div
    at div
    at div
    at C:\Users\Eli\Desktop\Claude 
Code\CPQ-System\src\components\ui\card.tsx:81:57
    at div
    at C:\Users\Eli\Desktop\Claude 
Code\CPQ-System\src\components\ui\card.tsx:7:50
    at BOMGrid (C:\Users\Eli\Desktop\Claude Code\CPQ
-System\src\components\shared\BOMGrid.tsx:22:3)
Warning: A component is `contentEditable` and 
contains `children` managed by React. It is now 
your responsibility to guarantee that none of those 
nodes are unexpectedly modified or duplicated. This 
is probably not intentional.
    at div
    at div
    at div
    at div
    at spy (file:///C:/Users/Eli/Desktop/Claude%20Co
de/CPQ-System/node_modules/tinyspy/dist/index.js:42:
80)
    at div
    at div
    at div
    at C:\Users\Eli\Desktop\Claude 
Code\CPQ-System\src\components\ui\card.tsx:81:57
    at div
    at C:\Users\Eli\Desktop\Claude 
Code\CPQ-System\src\components\ui\card.tsx:7:50
    at BOMGrid (C:\Users\Eli\Desktop\Claude Code\CPQ
-System\src\components\shared\BOMGrid.tsx:22:3)
Warning: A component is `contentEditable` and 
contains `children` managed by React. It is now 
your responsibility to guarantee that none of those 
nodes are unexpectedly modified or duplicated. This 
is probably not intentional.
    at div
    at div
    at div
    at div
    at spy (file:///C:/Users/Eli/Desktop/Claude%20Co
de/CPQ-System/node_modules/tinyspy/dist/index.js:42:
80)
    at div
    at div
    at div
    at C:\Users\Eli\Desktop\Claude 
Code\CPQ-System\src\components\ui\card.tsx:81:57
    at div
    at C:\Users\Eli\Desktop\Claude 
Code\CPQ-System\src\components\ui\card.tsx:7:50
    at BOMGrid (C:\Users\Eli\Desktop\Claude Code\CPQ
-System\src\components\shared\BOMGrid.tsx:22:3)
Warning: A component is `contentEditable` and 
contains `children` managed by React. It is now 
your responsibility to guarantee that none of those 
nodes are unexpectedly modified or duplicated. This 
is probably not intentional.
    at div
    at div
    at div
    at div
    at spy (file:///C:/Users/Eli/Desktop/Claude%20Co
de/CPQ-System/node_modules/tinyspy/dist/index.js:42:
80)
    at div
    at div
    at div
    at C:\Users\Eli\Desktop\Claude 
Code\CPQ-System\src\components\ui\card.tsx:81:57
    at div
    at C:\Users\Eli\Desktop\Claude 
Code\CPQ-System\src\components\ui\card.tsx:7:50
    at BOMGrid (C:\Users\Eli\Desktop\Claude Code\CPQ
-System\src\components\shared\BOMGrid.tsx:22:3)
Warning: A component is `contentEditable` and 
contains `children` managed by React. It is now 
your responsibility to guarantee that none of those 
nodes are unexpectedly modified or duplicated. This 
is probably not intentional.
    at div
    at div
    at div
    at div
    at spy (file:///C:/Users/Eli/Desktop/Claude%20Co
de/CPQ-System/node_modules/tinyspy/dist/index.js:42:
80)
    at div
    at div
    at div
    at C:\Users\Eli\Desktop\Claude 
Code\CPQ-System\src\components\ui\card.tsx:81:57
    at div
    at C:\Users\Eli\Desktop\Claude 
Code\CPQ-System\src\components\ui\card.tsx:7:50
    at BOMGrid (C:\Users\Eli\Desktop\Claude Code\CPQ
-System\src\components\shared\BOMGrid.tsx:22:3)
Warning: A component is `contentEditable` and 
contains `children` managed by React. It is now 
your responsibility to guarantee that none of those 
nodes are unexpectedly modified or duplicated. This 
is probably not intentional.
    at div
    at div
    at div
    at div
    at spy (file:///C:/Users/Eli/Desktop/Claude%20Co
de/CPQ-System/node_modules/tinyspy/dist/index.js:42:
80)
    at div
    at div
    at div
    at C:\Users\Eli\Desktop\Claude 
Code\CPQ-System\src\components\ui\card.tsx:81:57
    at div
    at C:\Users\Eli\Desktop\Claude 
Code\CPQ-System\src\components\ui\card.tsx:7:50
    at BOMGrid (C:\Users\Eli\Desktop\Claude Code\CPQ
-System\src\components\shared\BOMGrid.tsx:22:3)
Warning: A component is `contentEditable` and 
contains `children` managed by React. It is now 
your responsibility to guarantee that none of those 
nodes are unexpectedly modified or duplicated. This 
is probably not intentional.
    at div
    at div
    at div
    at div
    at spy (file:///C:/Users/Eli/Desktop/Claude%20Co
de/CPQ-System/node_modules/tinyspy/dist/index.js:42:
80)
    at div
    at div
    at div
    at C:\Users\Eli\Desktop\Claude 
Code\CPQ-System\src\components\ui\card.tsx:81:57
    at div
    at C:\Users\Eli\Desktop\Claude 
Code\CPQ-System\src\components\ui\card.tsx:7:50
    at BOMGrid (C:\Users\Eli\Desktop\Claude Code\CPQ
-System\src\components\shared\BOMGrid.tsx:22:3)
Warning: A component is `contentEditable` and 
contains `children` managed by React. It is now 
your responsibility to guarantee that none of those 
nodes are unexpectedly modified or duplicated. This 
is probably not intentional.
    at div
    at div
    at div
    at div
    at spy (file:///C:/Users/Eli/Desktop/Claude%20Co
de/CPQ-System/node_modules/tinyspy/dist/index.js:42:
80)
    at div
    at div
    at div
    at C:\Users\Eli\Desktop\Claude 
Code\CPQ-System\src\components\ui\card.tsx:81:57
    at div
    at C:\Users\Eli\Desktop\Claude 
Code\CPQ-System\src\components\ui\card.tsx:7:50
    at BOMGrid (C:\Users\Eli\Desktop\Claude Code\CPQ
-System\src\components\shared\BOMGrid.tsx:22:3)
Warning: A component is `contentEditable` and 
contains `children` managed by React. It is now 
your responsibility to guarantee that none of those 
nodes are unexpectedly modified or duplicated. This 
is probably not intentional.
    at div
    at div
    at div
    at div
    at spy (file:///C:/Users/Eli/Desktop/Claude%20Co
de/CPQ-System/node_modules/tinyspy/dist/index.js:42:
80)
    at div
    at div
    at div
    at C:\Users\Eli\Desktop\Claude 
Code\CPQ-System\src\components\ui\card.tsx:81:57
    at div
    at C:\Users\Eli\Desktop\Claude 
Code\CPQ-System\src\components\ui\card.tsx:7:50
    at BOMGrid (C:\Users\Eli\Desktop\Claude Code\CPQ
-System\src\components\shared\BOMGrid.tsx:22:3)
Warning: A component is `contentEditable` and 
contains `children` managed by React. It is now 
your responsibility to guarantee that none of those 
nodes are unexpectedly modified or duplicated. This 
is probably not intentional.
    at div
    at div
    at div
    at div
    at spy (file:///C:/Users/Eli/Desktop/Claude%20Co
de/CPQ-System/node_modules/tinyspy/dist/index.js:42:
80)
    at div
    at div
    at div
    at C:\Users\Eli\Desktop\Claude 
Code\CPQ-System\src\components\ui\card.tsx:81:57
    at div
    at C:\Users\Eli\Desktop\Claude 
Code\CPQ-System\src\components\ui\card.tsx:7:50
    at BOMGrid (C:\Users\Eli\Desktop\Claude Code\CPQ
-System\src\components\shared\BOMGrid.tsx:22:3)
Warning: A component is `contentEditable` and 
contains `children` managed by React. It is now 
your responsibility to guarantee that none of those 
nodes are unexpectedly modified or duplicated. This 
is probably not intentional.
    at div
    at div
    at div
    at div
    at spy (file:///C:/Users/Eli/Desktop/Claude%20Co
de/CPQ-System/node_modules/tinyspy/dist/index.js:42:
80)
    at div
    at div
    at div
    at C:\Users\Eli\Desktop\Claude 
Code\CPQ-System\src\components\ui\card.tsx:81:57
    at div
    at C:\Users\Eli\Desktop\Claude 
Code\CPQ-System\src\components\ui\card.tsx:7:50
    at BOMGrid (C:\Users\Eli\Desktop\Claude Code\CPQ
-System\src\components\shared\BOMGrid.tsx:22:3)
Warning: A component is `contentEditable` and 
contains `children` managed by React. It is now 
your responsibility to guarantee that none of those 
nodes are unexpectedly modified or duplicated. This 
is probably not intentional.
    at div
    at div
    at div
    at div
    at spy (file:///C:/Users/Eli/Desktop/Claude%20Co
de/CPQ-System/node_modules/tinyspy/dist/index.js:42:
80)
    at div
    at div
    at div
    at C:\Users\Eli\Desktop\Claude 
Code\CPQ-System\src\components\ui\card.tsx:81:57
    at div
    at C:\Users\Eli\Desktop\Claude 
Code\CPQ-System\src\components\ui\card.tsx:7:50
    at BOMGrid (C:\Users\Eli\Desktop\Claude Code\CPQ
-System\src\components\shared\BOMGrid.tsx:22:3)
Warning: A component is `contentEditable` and 
contains `children` managed by React. It is now 
your responsibility to guarantee that none of those 
nodes are unexpectedly modified or duplicated. This 
is probably not intentional.
    at div
    at div
    at div
    at div
    at spy (file:///C:/Users/Eli/Desktop/Claude%20Co
de/CPQ-System/node_modules/tinyspy/dist/index.js:42:
80)
    at div
    at div
    at div
    at C:\Users\Eli\Desktop\Claude 
Code\CPQ-System\src\components\ui\card.tsx:81:57
    at div
    at C:\Users\Eli\Desktop\Claude 
Code\CPQ-System\src\components\ui\card.tsx:7:50
    at BOMGrid (C:\Users\Eli\Desktop\Claude Code\CPQ
-System\src\components\shared\BOMGrid.tsx:22:3)
Warning: A component is `contentEditable` and 
contains `children` managed by React. It is now 
your responsibility to guarantee that none of those 
nodes are unexpectedly modified or duplicated. This 
is probably not intentional.
    at div
    at div
    at div
    at div
    at spy (file:///C:/Users/Eli/Desktop/Claude%20Co
de/CPQ-System/node_modules/tinyspy/dist/index.js:42:
80)
    at div
    at div
    at div
    at C:\Users\Eli\Desktop\Claude 
Code\CPQ-System\src\components\ui\card.tsx:81:57
    at div
    at C:\Users\Eli\Desktop\Claude 
Code\CPQ-System\src\components\ui\card.tsx:7:50
    at BOMGrid (C:\Users\Eli\Desktop\Claude Code\CPQ
-System\src\components\shared\BOMGrid.tsx:22:3)
Warning: A component is `contentEditable` and 
contains `children` managed by React. It is now 
your responsibility to guarantee that none of those 
nodes are unexpectedly modified or duplicated. This 
is probably not intentional.
    at div
    at div
    at div
    at div
    at spy (file:///C:/Users/Eli/Desktop/Claude%20Co
de/CPQ-System/node_modules/tinyspy/dist/index.js:42:
80)
    at div
    at div
    at div
    at C:\Users\Eli\Desktop\Claude 
Code\CPQ-System\src\components\ui\card.tsx:81:57
    at div
    at C:\Users\Eli\Desktop\Claude 
Code\CPQ-System\src\components\ui\card.tsx:7:50
    at BOMGrid (C:\Users\Eli\Desktop\Claude Code\CPQ
-System\src\components\shared\BOMGrid.tsx:22:3)
Warning: A component is `contentEditable` and 
contains `children` managed by React. It is now 
your responsibility to guarantee that none of those 
nodes are unexpectedly modified or duplicated. This 
is probably not intentional.
    at div
    at div
    at div
    at div
    at spy (file:///C:/Users/Eli/Desktop/Claude%20Co
de/CPQ-System/node_modules/tinyspy/dist/index.js:42:
80)
    at div
    at div
    at div
    at C:\Users\Eli\Desktop\Claude 
Code\CPQ-System\src\components\ui\card.tsx:81:57
    at div
    at C:\Users\Eli\Desktop\Claude 
Code\CPQ-System\src\components\ui\card.tsx:7:50
    at BOMGrid (C:\Users\Eli\Desktop\Claude Code\CPQ
-System\src\components\shared\BOMGrid.tsx:22:3)
Warning: A component is `contentEditable` and 
contains `children` managed by React. It is now 
your responsibility to guarantee that none of those 
nodes are unexpectedly modified or duplicated. This 
is probably not intentional.
    at div
    at div
    at div
    at div
    at spy (file:///C:/Users/Eli/Desktop/Claude%20Co
de/CPQ-System/node_modules/tinyspy/dist/index.js:42:
80)
    at div
    at div
    at div
    at C:\Users\Eli\Desktop\Claude 
Code\CPQ-System\src\components\ui\card.tsx:81:57
    at div
    at C:\Users\Eli\Desktop\Claude 
Code\CPQ-System\src\components\ui\card.tsx:7:50
    at BOMGrid (C:\Users\Eli\Desktop\Claude Code\CPQ
-System\src\components\shared\BOMGrid.tsx:22:3)
Warning: A component is `contentEditable` and 
contains `children` managed by React. It is now 
your responsibility to guarantee that none of those 
nodes are unexpectedly modified or duplicated. This 
is probably not intentional.
    at div
    at div
    at div
    at div
    at spy (file:///C:/Users/Eli/Desktop/Claude%20Co
de/CPQ-System/node_modules/tinyspy/dist/index.js:42:
80)
    at div
    at div
    at div
    at C:\Users\Eli\Desktop\Claude 
Code\CPQ-System\src\components\ui\card.tsx:81:57
    at div
    at C:\Users\Eli\Desktop\Claude 
Code\CPQ-System\src\components\ui\card.tsx:7:50
    at BOMGrid (C:\Users\Eli\Desktop\Claude Code\CPQ
-System\src\components\shared\BOMGrid.tsx:22:3)
Warning: A component is `contentEditable` and 
contains `children` managed by React. It is now 
your responsibility to guarantee that none of those 
nodes are unexpectedly modified or duplicated. This 
is probably not intentional.
    at div
    at div
    at div
    at div
    at spy (file:///C:/Users/Eli/Desktop/Claude%20Co
de/CPQ-System/node_modules/tinyspy/dist/index.js:42:
80)
    at div
    at div
    at div
    at C:\Users\Eli\Desktop\Claude 
Code\CPQ-System\src\components\ui\card.tsx:81:57
    at div
    at C:\Users\Eli\Desktop\Claude 
Code\CPQ-System\src\components\ui\card.tsx:7:50
    at BOMGrid (C:\Users\Eli\Desktop\Claude Code\CPQ
-System\src\components\shared\BOMGrid.tsx:22:3)
Warning: A component is `contentEditable` and 
contains `children` managed by React. It is now 
your responsibility to guarantee that none of those 
nodes are unexpectedly modified or duplicated. This 
is probably not intentional.
    at div
    at div
    at div
    at div
    at spy (file:///C:/Users/Eli/Desktop/Claude%20Co
de/CPQ-System/node_modules/tinyspy/dist/index.js:42:
80)
    at div
    at div
    at div
    at C:\Users\Eli\Desktop\Claude 
Code\CPQ-System\src\components\ui\card.tsx:81:57
    at div
    at C:\Users\Eli\Desktop\Claude 
Code\CPQ-System\src\components\ui\card.tsx:7:50
    at BOMGrid (C:\Users\Eli\Desktop\Claude Code\CPQ
-System\src\components\shared\BOMGrid.tsx:22:3)
Warning: A component is `contentEditable` and 
contains `children` managed by React. It is now 
your responsibility to guarantee that none of those 
nodes are unexpectedly modified or duplicated. This 
is probably not intentional.
    at div
    at div
    at div
    at div
    at spy (file:///C:/Users/Eli/Desktop/Claude%20Co
de/CPQ-System/node_modules/tinyspy/dist/index.js:42:
80)
    at div
    at div
    at div
    at C:\Users\Eli\Desktop\Claude 
Code\CPQ-System\src\components\ui\card.tsx:81:57
    at div
    at C:\Users\Eli\Desktop\Claude 
Code\CPQ-System\src\components\ui\card.tsx:7:50
    at BOMGrid (C:\Users\Eli\Desktop\Claude Code\CPQ
-System\src\components\shared\BOMGrid.tsx:22:3)
Warning: A component is `contentEditable` and 
contains `children` managed by React. It is now 
your responsibility to guarantee that none of those 
nodes are unexpectedly modified or duplicated. This 
is probably not intentional.
    at div
    at div
    at div
    at div
    at spy (file:///C:/Users/Eli/Desktop/Claude%20Co
de/CPQ-System/node_modules/tinyspy/dist/index.js:42:
80)
    at div
    at div
    at div
    at C:\Users\Eli\Desktop\Claude 
Code\CPQ-System\src\components\ui\card.tsx:81:57
    at div
    at C:\Users\Eli\Desktop\Claude 
Code\CPQ-System\src\components\ui\card.tsx:7:50
    at BOMGrid (C:\Users\Eli\Desktop\Claude Code\CPQ
-System\src\components\shared\BOMGrid.tsx:22:3)
Warning: A component is `contentEditable` and 
contains `children` managed by React. It is now 
your responsibility to guarantee that none of those 
nodes are unexpectedly modified or duplicated. This 
is probably not intentional.
    at div
    at div
    at div
    at div
    at spy (file:///C:/Users/Eli/Desktop/Claude%20Co
de/CPQ-System/node_modules/tinyspy/dist/index.js:42:
80)
    at div
    at div
    at div
    at C:\Users\Eli\Desktop\Claude 
Code\CPQ-System\src\components\ui\card.tsx:81:57
    at div
    at C:\Users\Eli\Desktop\Claude 
Code\CPQ-System\src\components\ui\card.tsx:7:50
    at BOMGrid (C:\Users\Eli\Desktop\Claude Code\CPQ
-System\src\components\shared\BOMGrid.tsx:22:3)
Warning: A component is `contentEditable` and 
contains `children` managed by React. It is now 
your responsibility to guarantee that none of those 
nodes are unexpectedly modified or duplicated. This 
is probably not intentional.
    at div
    at div
    at div
    at div
    at spy (file:///C:/Users/Eli/Desktop/Claude%20Co
de/CPQ-System/node_modules/tinyspy/dist/index.js:42:
80)
    at div
    at div
    at div
    at C:\Users\Eli\Desktop\Claude 
Code\CPQ-System\src\components\ui\card.tsx:81:57
    at div
    at C:\Users\Eli\Desktop\Claude 
Code\CPQ-System\src\components\ui\card.tsx:7:50
    at BOMGrid (C:\Users\Eli\Desktop\Claude Code\CPQ
-System\src\components\shared\BOMGrid.tsx:22:3)
Warning: A component is `contentEditable` and 
contains `children` managed by React. It is now 
your responsibility to guarantee that none of those 
nodes are unexpectedly modified or duplicated. This 
is probably not intentional.
    at div
    at div
    at div
    at div
    at spy (file:///C:/Users/Eli/Desktop/Claude%20Co
de/CPQ-System/node_modules/tinyspy/dist/index.js:42:
80)
    at div
    at div
    at div
    at C:\Users\Eli\Desktop\Claude 
Code\CPQ-System\src\components\ui\card.tsx:81:57
    at div
    at C:\Users\Eli\Desktop\Claude 
Code\CPQ-System\src\components\ui\card.tsx:7:50
    at BOMGrid (C:\Users\Eli\Desktop\Claude Code\CPQ
-System\src\components\shared\BOMGrid.tsx:22:3)
Warning: A component is `contentEditable` and 
contains `children` managed by React. It is now 
your responsibility to guarantee that none of those 
nodes are unexpectedly modified or duplicated. This 
is probably not intentional.
    at div
    at div
    at div
    at div
    at spy (file:///C:/Users/Eli/Desktop/Claude%20Co
de/CPQ-System/node_modules/tinyspy/dist/index.js:42:
80)
    at div
    at div
    at div
    at C:\Users\Eli\Desktop\Claude 
Code\CPQ-System\src\components\ui\card.tsx:81:57
    at div
    at C:\Users\Eli\Desktop\Claude 
Code\CPQ-System\src\components\ui\card.tsx:7:50
    at BOMGrid (C:\Users\Eli\Desktop\Claude Code\CPQ
-System\src\components\shared\BOMGrid.tsx:22:3)
Warning: A component is `contentEditable` and 
contains `children` managed by React. It is now 
your responsibility to guarantee that none of those 
nodes are unexpectedly modified or duplicated. This 
is probably not intentional.
    at div
    at div
    at div
    at div
    at spy (file:///C:/Users/Eli/Desktop/Claude%20Co
de/CPQ-System/node_modules/tinyspy/dist/index.js:42:
80)
    at div
    at div
    at div
    at C:\Users\Eli\Desktop\Claude 
Code\CPQ-System\src\components\ui\card.tsx:81:57
    at div
    at C:\Users\Eli\Desktop\Claude 
Code\CPQ-System\src\components\ui\card.tsx:7:50
    at BOMGrid (C:\Users\Eli\Desktop\Claude Code\CPQ
-System\src\components\shared\BOMGrid.tsx:22:3)
Warning: A component is `contentEditable` and 
contains `children` managed by React. It is now 
your responsibility to guarantee that none of those 
nodes are unexpectedly modified or duplicated. This 
is probably not intentional.
    at div
    at div
    at div
    at div
    at spy (file:///C:/Users/Eli/Desktop/Claude%20Co
de/CPQ-System/node_modules/tinyspy/dist/index.js:42:
80)
    at div
    at div
    at div
    at C:\Users\Eli\Desktop\Claude 
Code\CPQ-System\src\components\ui\card.tsx:81:57
    at div
    at C:\Users\Eli\Desktop\Claude 
Code\CPQ-System\src\components\ui\card.tsx:7:50
    at BOMGrid (C:\Users\Eli\Desktop\Claude Code\CPQ
-System\src\components\shared\BOMGrid.tsx:22:3)
Warning: A component is `contentEditable` and 
contains `children` managed by React. It is now 
your responsibility to guarantee that none of those 
nodes are unexpectedly modified or duplicated. This 
is probably not intentional.
    at div
    at div
    at div
    at div
    at spy (file:///C:/Users/Eli/Desktop/Claude%20Co
de/CPQ-System/node_modules/tinyspy/dist/index.js:42:
80)
    at div
    at div
    at div
    at C:\Users\Eli\Desktop\Claude 
Code\CPQ-System\src\components\ui\card.tsx:81:57
    at div
    at C:\Users\Eli\Desktop\Claude 
Code\CPQ-System\src\components\ui\card.tsx:7:50
    at BOMGrid (C:\Users\Eli\Desktop\Claude Code\CPQ
-System\src\components\shared\BOMGrid.tsx:22:3)
Warning: A component is `contentEditable` and 
contains `children` managed by React. It is now 
your responsibility to guarantee that none of those 
nodes are unexpectedly modified or duplicated. This 
is probably not intentional.
    at div
    at div
    at div
    at div
    at spy (file:///C:/Users/Eli/Desktop/Claude%20Co
de/CPQ-System/node_modules/tinyspy/dist/index.js:42:
80)
    at div
    at div
    at div
    at C:\Users\Eli\Desktop\Claude 
Code\CPQ-System\src\components\ui\card.tsx:81:57
    at div
    at C:\Users\Eli\Desktop\Claude 
Code\CPQ-System\src\components\ui\card.tsx:7:50
    at BOMGrid (C:\Users\Eli\Desktop\Claude Code\CPQ
-System\src\components\shared\BOMGrid.tsx:22:3)
Warning: A component is `contentEditable` and 
contains `children` managed by React. It is now 
your responsibility to guarantee that none of those 
nodes are unexpectedly modified or duplicated. This 
is probably not intentional.
    at div
    at div
    at div
    at div
    at spy (file:///C:/Users/Eli/Desktop/Claude%20Co
de/CPQ-System/node_modules/tinyspy/dist/index.js:42:
80)
    at div
    at div
    at div
    at C:\Users\Eli\Desktop\Claude 
Code\CPQ-System\src\components\ui\card.tsx:81:57
    at div
    at C:\Users\Eli\Desktop\Claude 
Code\CPQ-System\src\components\ui\card.tsx:7:50
    at BOMGrid (C:\Users\Eli\Desktop\Claude Code\CPQ
-System\src\components\shared\BOMGrid.tsx:22:3)
Warning: A component is `contentEditable` and 
contains `children` managed by React. It is now 
your responsibility to guarantee that none of those 
nodes are unexpectedly modified or duplicated. This 
is probably not intentional.
    at div
    at div
    at div
    at div
    at spy (file:///C:/Users/Eli/Desktop/Claude%20Co
de/CPQ-System/node_modules/tinyspy/dist/index.js:42:
80)
    at div
    at div
    at div
    at C:\Users\Eli\Desktop\Claude 
Code\CPQ-System\src\components\ui\card.tsx:81:57
    at div
    at C:\Users\Eli\Desktop\Claude 
Code\CPQ-System\src\components\ui\card.tsx:7:50
    at BOMGrid (C:\Users\Eli\Desktop\Claude Code\CPQ
-System\src\components\shared\BOMGrid.tsx:22:3)
Warning: A component is `contentEditable` and 
contains `children` managed by React. It is now 
your responsibility to guarantee that none of those 
nodes are unexpectedly modified or duplicated. This 
is probably not intentional.
    at div
    at div
    at div
    at div
    at spy (file:///C:/Users/Eli/Desktop/Claude%20Co
de/CPQ-System/node_modules/tinyspy/dist/index.js:42:
80)
    at div
    at div
    at div
    at C:\Users\Eli\Desktop\Claude 
Code\CPQ-System\src\components\ui\card.tsx:81:57
    at div
    at C:\Users\Eli\Desktop\Claude 
Code\CPQ-System\src\components\ui\card.tsx:7:50
    at BOMGrid (C:\Users\Eli\Desktop\Claude Code\CPQ
-System\src\components\shared\BOMGrid.tsx:22:3)
Warning: A component is `contentEditable` and 
contains `children` managed by React. It is now 
your responsibility to guarantee that none of those 
nodes are unexpectedly modified or duplicated. This 
is probably not intentional.
    at div
    at div
    at div
    at div
    at spy (file:///C:/Users/Eli/Desktop/Claude%20Co
de/CPQ-System/node_modules/tinyspy/dist/index.js:42:
80)
    at div
    at div
    at div
    at C:\Users\Eli\Desktop\Claude 
Code\CPQ-System\src\components\ui\card.tsx:81:57
    at div
    at C:\Users\Eli\Desktop\Claude 
Code\CPQ-System\src\components\ui\card.tsx:7:50
    at BOMGrid (C:\Users\Eli\Desktop\Claude Code\CPQ
-System\src\components\shared\BOMGrid.tsx:22:3)
Warning: A component is `contentEditable` and 
contains `children` managed by React. It is now 
your responsibility to guarantee that none of those 
nodes are unexpectedly modified or duplicated. This 
is probably not intentional.
    at div
    at div
    at div
    at div
    at spy (file:///C:/Users/Eli/Desktop/Claude%20Co
de/CPQ-System/node_modules/tinyspy/dist/index.js:42:
80)
    at div
    at div
    at div
    at C:\Users\Eli\Desktop\Claude 
Code\CPQ-System\src\components\ui\card.tsx:81:57
    at div
    at C:\Users\Eli\Desktop\Claude 
Code\CPQ-System\src\components\ui\card.tsx:7:50
    at BOMGrid (C:\Users\Eli\Desktop\Claude Code\CPQ
-System\src\components\shared\BOMGrid.tsx:22:3)
Warning: A component is `contentEditable` and 
contains `children` managed by React. It is now 
your responsibility to guarantee that none of those 
nodes are unexpectedly modified or duplicated. This 
is probably not intentional.
    at div
    at div
    at div
    at div
    at spy (file:///C:/Users/Eli/Desktop/Claude%20Co
de/CPQ-System/node_modules/tinyspy/dist/index.js:42:
80)
    at div
    at div
    at div
    at C:\Users\Eli\Desktop\Claude 
Code\CPQ-System\src\components\ui\card.tsx:81:57
    at div
    at C:\Users\Eli\Desktop\Claude 
Code\CPQ-System\src\components\ui\card.tsx:7:50
    at BOMGrid (C:\Users\Eli\Desktop\Claude Code\CPQ
-System\src\components\shared\BOMGrid.tsx:22:3)
Warning: A component is `contentEditable` and 
contains `children` managed by React. It is now 
your responsibility to guarantee that none of those 
nodes are unexpectedly modified or duplicated. This 
is probably not intentional.
    at div
    at div
    at div
    at div
    at spy (file:///C:/Users/Eli/Desktop/Claude%20Co
de/CPQ-System/node_modules/tinyspy/dist/index.js:42:
80)
    at div
    at div
    at div
    at C:\Users\Eli\Desktop\Claude 
Code\CPQ-System\src\components\ui\card.tsx:81:57
    at div
    at C:\Users\Eli\Desktop\Claude 
Code\CPQ-System\src\components\ui\card.tsx:7:50
    at BOMGrid (C:\Users\Eli\Desktop\Claude Code\CPQ
-System\src\components\shared\BOMGrid.tsx:22:3)
Warning: A component is `contentEditable` and 
contains `children` managed by React. It is now 
your responsibility to guarantee that none of those 
nodes are unexpectedly modified or duplicated. This 
is probably not intentional.
    at div
    at div
    at div
    at div
    at spy (file:///C:/Users/Eli/Desktop/Claude%20Co
de/CPQ-System/node_modules/tinyspy/dist/index.js:42:
80)
    at div
    at div
    at div
    at C:\Users\Eli\Desktop\Claude 
Code\CPQ-System\src\components\ui\card.tsx:81:57
    at div
    at C:\Users\Eli\Desktop\Claude 
Code\CPQ-System\src\components\ui\card.tsx:7:50
    at BOMGrid (C:\Users\Eli\Desktop\Claude Code\CPQ
-System\src\components\shared\BOMGrid.tsx:22:3)
Warning: A component is `contentEditable` and 
contains `children` managed by React. It is now 
your responsibility to guarantee that none of those 
nodes are unexpectedly modified or duplicated. This 
is probably not intentional.
    at div
    at div
    at div
    at div
    at spy (file:///C:/Users/Eli/Desktop/Claude%20Co
de/CPQ-System/node_modules/tinyspy/dist/index.js:42:
80)
    at div
    at div
    at div
    at C:\Users\Eli\Desktop\Claude 
Code\CPQ-System\src\components\ui\card.tsx:81:57
    at div
    at C:\Users\Eli\Desktop\Claude 
Code\CPQ-System\src\components\ui\card.tsx:7:50
    at BOMGrid (C:\Users\Eli\Desktop\Claude Code\CPQ
-System\src\components\shared\BOMGrid.tsx:22:3)
Warning: A component is `contentEditable` and 
contains `children` managed by React. It is now 
your responsibility to guarantee that none of those 
nodes are unexpectedly modified or duplicated. This 
is probably not intentional.
    at div
    at div
    at div
    at div
    at spy (file:///C:/Users/Eli/Desktop/Claude%20Co
de/CPQ-System/node_modules/tinyspy/dist/index.js:42:
80)
    at div
    at div
    at div
    at C:\Users\Eli\Desktop\Claude 
Code\CPQ-System\src\components\ui\card.tsx:81:57
    at div
    at C:\Users\Eli\Desktop\Claude 
Code\CPQ-System\src\components\ui\card.tsx:7:50
    at BOMGrid (C:\Users\Eli\Desktop\Claude Code\CPQ
-System\src\components\shared\BOMGrid.tsx:22:3)
Warning: A component is `contentEditable` and 
contains `children` managed by React. It is now 
your responsibility to guarantee that none of those 
nodes are unexpectedly modified or duplicated. This 
is probably not intentional.
    at div
    at div
    at div
    at div
    at spy (file:///C:/Users/Eli/Desktop/Claude%20Co
de/CPQ-System/node_modules/tinyspy/dist/index.js:42:
80)
    at div
    at div
    at div
    at C:\Users\Eli\Desktop\Claude 
Code\CPQ-System\src\components\ui\card.tsx:81:57
    at div
    at C:\Users\Eli\Desktop\Claude 
Code\CPQ-System\src\components\ui\card.tsx:7:50
    at BOMGrid (C:\Users\Eli\Desktop\Claude Code\CPQ
-System\src\components\shared\BOMGrid.tsx:22:3)
Warning: A component is `contentEditable` and 
contains `children` managed by React. It is now 
your responsibility to guarantee that none of those 
nodes are unexpectedly modified or duplicated. This 
is probably not intentional.
    at div
    at div
    at div
    at div
    at spy (file:///C:/Users/Eli/Desktop/Claude%20Co
de/CPQ-System/node_modules/tinyspy/dist/index.js:42:
80)
    at div
    at div
    at div
    at C:\Users\Eli\Desktop\Claude 
Code\CPQ-System\src\components\ui\card.tsx:81:57
    at div
    at C:\Users\Eli\Desktop\Claude 
Code\CPQ-System\src\components\ui\card.tsx:7:50
    at BOMGrid (C:\Users\Eli\Desktop\Claude Code\CPQ
-System\src\components\shared\BOMGrid.tsx:22:3)
Warning: A component is `contentEditable` and 
contains `children` managed by React. It is now 
your responsibility to guarantee that none of those 
nodes are unexpectedly modified or duplicated. This 
is probably not intentional.
    at div
    at div
    at div
    at div
    at spy (file:///C:/Users/Eli/Desktop/Claude%20Co
de/CPQ-System/node_modules/tinyspy/dist/index.js:42:
80)
    at div
    at div
    at div
    at C:\Users\Eli\Desktop\Claude 
Code\CPQ-System\src\components\ui\card.tsx:81:57
    at div
    at C:\Users\Eli\Desktop\Claude 
Code\CPQ-System\src\components\ui\card.tsx:7:50
    at BOMGrid (C:\Users\Eli\Desktop\Claude Code\CPQ
-System\src\components\shared\BOMGrid.tsx:22:3)
Warning: A component is `contentEditable` and 
contains `children` managed by React. It is now 
your responsibility to guarantee that none of those 
nodes are unexpectedly modified or duplicated. This 
is probably not intentional.
    at div
    at div
    at div
    at div
    at spy (file:///C:/Users/Eli/Desktop/Claude%20Co
de/CPQ-System/node_modules/tinyspy/dist/index.js:42:
80)
    at div
    at div
    at div
    at C:\Users\Eli\Desktop\Claude 
Code\CPQ-System\src\components\ui\card.tsx:81:57
    at div
    at C:\Users\Eli\Desktop\Claude 
Code\CPQ-System\src\components\ui\card.tsx:7:50
    at BOMGrid (C:\Users\Eli\Desktop\Claude Code\CPQ
-System\src\components\shared\BOMGrid.tsx:22:3)
Warning: A component is `contentEditable` and 
contains `children` managed by React. It is now 
your responsibility to guarantee that none of those 
nodes are unexpectedly modified or duplicated. This 
is probably not intentional.
    at div
    at div
    at div
    at div
    at spy (file:///C:/Users/Eli/Desktop/Claude%20Co
de/CPQ-System/node_modules/tinyspy/dist/index.js:42:
80)
    at div
    at div
    at div
    at C:\Users\Eli\Desktop\Claude 
Code\CPQ-System\src\components\ui\card.tsx:81:57
    at div
    at C:\Users\Eli\Desktop\Claude 
Code\CPQ-System\src\components\ui\card.tsx:7:50
    at BOMGrid (C:\Users\Eli\Desktop\Claude Code\CPQ
-System\src\components\shared\BOMGrid.tsx:22:3)
Warning: A component is `contentEditable` and 
contains `children` managed by React. It is now 
your responsibility to guarantee that none of those 
nodes are unexpectedly modified or duplicated. This 
is probably not intentional.
    at div
    at div
    at div
    at div
    at spy (file:///C:/Users/Eli/Desktop/Claude%20Co
de/CPQ-System/node_modules/tinyspy/dist/index.js:42:
80)
    at div
    at div
    at div
    at C:\Users\Eli\Desktop\Claude 
Code\CPQ-System\src\components\ui\card.tsx:81:57
    at div
    at C:\Users\Eli\Desktop\Claude 
Code\CPQ-System\src\components\ui\card.tsx:7:50
    at BOMGrid (C:\Users\Eli\Desktop\Claude Code\CPQ
-System\src\components\shared\BOMGrid.tsx:22:3)
Warning: A component is `contentEditable` and 
contains `children` managed by React. It is now 
your responsibility to guarantee that none of those 
nodes are unexpectedly modified or duplicated. This 
is probably not intentional.
    at div
    at div
    at div
    at div
    at spy (file:///C:/Users/Eli/Desktop/Claude%20Co
de/CPQ-System/node_modules/tinyspy/dist/index.js:42:
80)
    at div
    at div
    at div
    at C:\Users\Eli\Desktop\Claude 
Code\CPQ-System\src\components\ui\card.tsx:81:57
    at div
    at C:\Users\Eli\Desktop\Claude 
Code\CPQ-System\src\components\ui\card.tsx:7:50
    at BOMGrid (C:\Users\Eli\Desktop\Claude Code\CPQ
-System\src\components\shared\BOMGrid.tsx:22:3)
Warning: A component is `contentEditable` and 
contains `children` managed by React. It is now 
your responsibility to guarantee that none of those 
nodes are unexpectedly modified or duplicated. This 
is probably not intentional.
    at div
    at div
    at div
    at div
    at spy (file:///C:/Users/Eli/Desktop/Claude%20Co
de/CPQ-System/node_modules/tinyspy/dist/index.js:42:
80)
    at div
    at div
    at div
    at C:\Users\Eli\Desktop\Claude 
Code\CPQ-System\src\components\ui\card.tsx:81:57
    at div
    at C:\Users\Eli\Desktop\Claude 
Code\CPQ-System\src\components\ui\card.tsx:7:50
    at BOMGrid (C:\Users\Eli\Desktop\Claude Code\CPQ
-System\src\components\shared\BOMGrid.tsx:22:3)
Warning: A component is `contentEditable` and 
contains `children` managed by React. It is now 
your responsibility to guarantee that none of those 
nodes are unexpectedly modified or duplicated. This 
is probably not intentional.
    at div
    at div
    at div
    at div
    at spy (file:///C:/Users/Eli/Desktop/Claude%20Co
de/CPQ-System/node_modules/tinyspy/dist/index.js:42:
80)
    at div
    at div
    at div
    at C:\Users\Eli\Desktop\Claude 
Code\CPQ-System\src\components\ui\card.tsx:81:57
    at div
    at C:\Users\Eli\Desktop\Claude 
Code\CPQ-System\src\components\ui\card.tsx:7:50
    at BOMGrid (C:\Users\Eli\Desktop\Claude Code\CPQ
-System\src\components\shared\BOMGrid.tsx:22:3)
Warning: A component is `contentEditable` and 
contains `children` managed by React. It is now 
your responsibility to guarantee that none of those 
nodes are unexpectedly modified or duplicated. This 
is probably not intentional.
    at div
    at div
    at div
    at div
    at spy (file:///C:/Users/Eli/Desktop/Claude%20Co
de/CPQ-System/node_modules/tinyspy/dist/index.js:42:
80)
    at div
    at div
    at div
    at C:\Users\Eli\Desktop\Claude 
Code\CPQ-System\src\components\ui\card.tsx:81:57
    at div
    at C:\Users\Eli\Desktop\Claude 
Code\CPQ-System\src\components\ui\card.tsx:7:50
    at BOMGrid (C:\Users\Eli\Desktop\Claude Code\CPQ
-System\src\components\shared\BOMGrid.tsx:22:3)
Warning: A component is `contentEditable` and 
contains `children` managed by React. It is now 
your responsibility to guarantee that none of those 
nodes are unexpectedly modified or duplicated. This 
is probably not intentional.
    at div
    at div
    at div
    at div
    at spy (file:///C:/Users/Eli/Desktop/Claude%20Co
de/CPQ-System/node_modules/tinyspy/dist/index.js:42:
80)
    at div
    at div
    at div
    at C:\Users\Eli\Desktop\Claude 
Code\CPQ-System\src\components\ui\card.tsx:81:57
    at div
    at C:\Users\Eli\Desktop\Claude 
Code\CPQ-System\src\components\ui\card.tsx:7:50
    at BOMGrid (C:\Users\Eli\Desktop\Claude Code\CPQ
-System\src\components\shared\BOMGrid.tsx:22:3)
Warning: A component is `contentEditable` and 
contains `children` managed by React. It is now 
your responsibility to guarantee that none of those 
nodes are unexpectedly modified or duplicated. This 
is probably not intentional.
    at div
    at div
    at div
    at div
    at spy (file:///C:/Users/Eli/Desktop/Claude%20Co
de/CPQ-System/node_modules/tinyspy/dist/index.js:42:
80)
    at div
    at div
    at div
    at C:\Users\Eli\Desktop\Claude 
Code\CPQ-System\src\components\ui\card.tsx:81:57
    at div
    at C:\Users\Eli\Desktop\Claude 
Code\CPQ-System\src\components\ui\card.tsx:7:50
    at BOMGrid (C:\Users\Eli\Desktop\Claude Code\CPQ
-System\src\components\shared\BOMGrid.tsx:22:3)
Warning: A component is `contentEditable` and 
contains `children` managed by React. It is now 
your responsibility to guarantee that none of those 
nodes are unexpectedly modified or duplicated. This 
is probably not intentional.
    at div
    at div
    at div
    at div
    at spy (file:///C:/Users/Eli/Desktop/Claude%20Co
de/CPQ-System/node_modules/tinyspy/dist/index.js:42:
80)
    at div
    at div
    at div
    at C:\Users\Eli\Desktop\Claude 
Code\CPQ-System\src\components\ui\card.tsx:81:57
    at div
    at C:\Users\Eli\Desktop\Claude 
Code\CPQ-System\src\components\ui\card.tsx:7:50
    at BOMGrid (C:\Users\Eli\Desktop\Claude Code\CPQ
-System\src\components\shared\BOMGrid.tsx:22:3)
Warning: A component is `contentEditable` and 
contains `children` managed by React. It is now 
your responsibility to guarantee that none of those 
nodes are unexpectedly modified or duplicated. This 
is probably not intentional.
    at div
    at div
    at div
    at div
    at spy (file:///C:/Users/Eli/Desktop/Claude%20Co
de/CPQ-System/node_modules/tinyspy/dist/index.js:42:
80)
    at div
    at div
    at div
    at C:\Users\Eli\Desktop\Claude 
Code\CPQ-System\src\components\ui\card.tsx:81:57
    at div
    at C:\Users\Eli\Desktop\Claude 
Code\CPQ-System\src\components\ui\card.tsx:7:50
    at BOMGrid (C:\Users\Eli\Desktop\Claude Code\CPQ
-System\src\components\shared\BOMGrid.tsx:22:3)
Warning: A component is `contentEditable` and 
contains `children` managed by React. It is now 
your responsibility to guarantee that none of those 
nodes are unexpectedly modified or duplicated. This 
is probably not intentional.
    at div
    at div
    at div
    at div
    at spy (file:///C:/Users/Eli/Desktop/Claude%20Co
de/CPQ-System/node_modules/tinyspy/dist/index.js:42:
80)
    at div
    at div
    at div
    at C:\Users\Eli\Desktop\Claude 
Code\CPQ-System\src\components\ui\card.tsx:81:57
    at div
    at C:\Users\Eli\Desktop\Claude 
Code\CPQ-System\src\components\ui\card.tsx:7:50
    at BOMGrid (C:\Users\Eli\Desktop\Claude Code\CPQ
-System\src\components\shared\BOMGrid.tsx:22:3)
Warning: A component is `contentEditable` and 
contains `children` managed by React. It is now 
your responsibility to guarantee that none of those 
nodes are unexpectedly modified or duplicated. This 
is probably not intentional.
    at div
    at div
    at div
    at div
    at spy (file:///C:/Users/Eli/Desktop/Claude%20Co
de/CPQ-System/node_modules/tinyspy/dist/index.js:42:
80)
    at div
    at div
    at div
    at C:\Users\Eli\Desktop\Claude 
Code\CPQ-System\src\components\ui\card.tsx:81:57
    at div
    at C:\Users\Eli\Desktop\Claude 
Code\CPQ-System\src\components\ui\card.tsx:7:50
    at BOMGrid (C:\Users\Eli\Desktop\Claude Code\CPQ
-System\src\components\shared\BOMGrid.tsx:22:3)
Warning: A component is `contentEditable` and 
contains `children` managed by React. It is now 
your responsibility to guarantee that none of those 
nodes are unexpectedly modified or duplicated. This 
is probably not intentional.
    at div
    at div
    at div
    at div
    at spy (file:///C:/Users/Eli/Desktop/Claude%20Co
de/CPQ-System/node_modules/tinyspy/dist/index.js:42:
80)
    at div
    at div
    at div
    at C:\Users\Eli\Desktop\Claude 
Code\CPQ-System\src\components\ui\card.tsx:81:57
    at div
    at C:\Users\Eli\Desktop\Claude 
Code\CPQ-System\src\components\ui\card.tsx:7:50
    at BOMGrid (C:\Users\Eli\Desktop\Claude Code\CPQ
-System\src\components\shared\BOMGrid.tsx:22:3)
Warning: A component is `contentEditable` and 
contains `children` managed by React. It is now 
your responsibility to guarantee that none of those 
nodes are unexpectedly modified or duplicated. This 
is probably not intentional.
    at div
    at div
    at div
    at div
    at spy (file:///C:/Users/Eli/Desktop/Claude%20Co
de/CPQ-System/node_modules/tinyspy/dist/index.js:42:
80)
    at div
    at div
    at div
    at C:\Users\Eli\Desktop\Claude 
Code\CPQ-System\src\components\ui\card.tsx:81:57
    at div
    at C:\Users\Eli\Desktop\Claude 
Code\CPQ-System\src\components\ui\card.tsx:7:50
    at BOMGrid (C:\Users\Eli\Desktop\Claude Code\CPQ
-System\src\components\shared\BOMGrid.tsx:22:3)
Warning: A component is `contentEditable` and 
contains `children` managed by React. It is now 
your responsibility to guarantee that none of those 
nodes are unexpectedly modified or duplicated. This 
is probably not intentional.
    at div
    at div
    at div
    at div
    at spy (file:///C:/Users/Eli/Desktop/Claude%20Co
de/CPQ-System/node_modules/tinyspy/dist/index.js:42:
80)
    at div
    at div
    at div
    at C:\Users\Eli\Desktop\Claude 
Code\CPQ-System\src\components\ui\card.tsx:81:57
    at div
    at C:\Users\Eli\Desktop\Claude 
Code\CPQ-System\src\components\ui\card.tsx:7:50
    at BOMGrid (C:\Users\Eli\Desktop\Claude Code\CPQ
-System\src\components\shared\BOMGrid.tsx:22:3)
Warning: A component is `contentEditable` and 
contains `children` managed by React. It is now 
your responsibility to guarantee that none of those 
nodes are unexpectedly modified or duplicated. This 
is probably not intentional.
    at div
    at div
    at div
    at div
    at spy (file:///C:/Users/Eli/Desktop/Claude%20Co
de/CPQ-System/node_modules/tinyspy/dist/index.js:42:
80)
    at div
    at div
    at div
    at C:\Users\Eli\Desktop\Claude 
Code\CPQ-System\src\components\ui\card.tsx:81:57
    at div
    at C:\Users\Eli\Desktop\Claude 
Code\CPQ-System\src\components\ui\card.tsx:7:50
    at BOMGrid (C:\Users\Eli\Desktop\Claude Code\CPQ
-System\src\components\shared\BOMGrid.tsx:22:3)
Warning: A component is `contentEditable` and 
contains `children` managed by React. It is now 
your responsibility to guarantee that none of those 
nodes are unexpectedly modified or duplicated. This 
is probably not intentional.
    at div
    at div
    at div
    at div
    at spy (file:///C:/Users/Eli/Desktop/Claude%20Co
de/CPQ-System/node_modules/tinyspy/dist/index.js:42:
80)
    at div
    at div
    at div
    at C:\Users\Eli\Desktop\Claude 
Code\CPQ-System\src\components\ui\card.tsx:81:57
    at div
    at C:\Users\Eli\Desktop\Claude 
Code\CPQ-System\src\components\ui\card.tsx:7:50
    at BOMGrid (C:\Users\Eli\Desktop\Claude Code\CPQ
-System\src\components\shared\BOMGrid.tsx:22:3)
Warning: A component is `contentEditable` and 
contains `children` managed by React. It is now 
your responsibility to guarantee that none of those 
nodes are unexpectedly modified or duplicated. This 
is probably not intentional.
    at div
    at div
    at div
    at div
    at spy (file:///C:/Users/Eli/Desktop/Claude%20Co
de/CPQ-System/node_modules/tinyspy/dist/index.js:42:
80)
    at div
    at div
    at div
    at C:\Users\Eli\Desktop\Claude 
Code\CPQ-System\src\components\ui\card.tsx:81:57
    at div
    at C:\Users\Eli\Desktop\Claude 
Code\CPQ-System\src\components\ui\card.tsx:7:50
    at BOMGrid (C:\Users\Eli\Desktop\Claude Code\CPQ
-System\src\components\shared\BOMGrid.tsx:22:3)
Warning: A component is `contentEditable` and 
contains `children` managed by React. It is now 
your responsibility to guarantee that none of those 
nodes are unexpectedly modified or duplicated. This 
is probably not intentional.
    at div
    at div
    at div
    at div
    at spy (file:///C:/Users/Eli/Desktop/Claude%20Co
de/CPQ-System/node_modules/tinyspy/dist/index.js:42:
80)
    at div
    at div
    at div
    at C:\Users\Eli\Desktop\Claude 
Code\CPQ-System\src\components\ui\card.tsx:81:57
    at div
    at C:\Users\Eli\Desktop\Claude 
Code\CPQ-System\src\components\ui\card.tsx:7:50
    at BOMGrid (C:\Users\Eli\Desktop\Claude Code\CPQ
-System\src\components\shared\BOMGrid.tsx:22:3)
Warning: A component is `contentEditable` and 
contains `children` managed by React. It is now 
your responsibility to guarantee that none of those 
nodes are unexpectedly modified or duplicated. This 
is probably not intentional.
    at div
    at div
    at div
    at div
    at spy (file:///C:/Users/Eli/Desktop/Claude%20Co
de/CPQ-System/node_modules/tinyspy/dist/index.js:42:
80)
    at div
    at div
    at div
    at C:\Users\Eli\Desktop\Claude 
Code\CPQ-System\src\components\ui\card.tsx:81:57
    at div
    at C:\Users\Eli\Desktop\Claude 
Code\CPQ-System\src\components\ui\card.tsx:7:50
    at BOMGrid (C:\Users\Eli\Desktop\Claude Code\CPQ
-System\src\components\shared\BOMGrid.tsx:22:3)
Warning: A component is `contentEditable` and 
contains `children` managed by React. It is now 
your responsibility to guarantee that none of those 
nodes are unexpectedly modified or duplicated. This 
is probably not intentional.
    at div
    at div
    at div
    at div
    at spy (file:///C:/Users/Eli/Desktop/Claude%20Co
de/CPQ-System/node_modules/tinyspy/dist/index.js:42:
80)
    at div
    at div
    at div
    at C:\Users\Eli\Desktop\Claude 
Code\CPQ-System\src\components\ui\card.tsx:81:57
    at div
    at C:\Users\Eli\Desktop\Claude 
Code\CPQ-System\src\components\ui\card.tsx:7:50
    at BOMGrid (C:\Users\Eli\Desktop\Claude Code\CPQ
-System\src\components\shared\BOMGrid.tsx:22:3)
Warning: A component is `contentEditable` and 
contains `children` managed by React. It is now 
your responsibility to guarantee that none of those 
nodes are unexpectedly modified or duplicated. This 
is probably not intentional.
    at div
    at div
    at div
    at div
    at spy (file:///C:/Users/Eli/Desktop/Claude%20Co
de/CPQ-System/node_modules/tinyspy/dist/index.js:42:
80)
    at div
    at div
    at div
    at C:\Users\Eli\Desktop\Claude 
Code\CPQ-System\src\components\ui\card.tsx:81:57
    at div
    at C:\Users\Eli\Desktop\Claude 
Code\CPQ-System\src\components\ui\card.tsx:7:50
    at BOMGrid (C:\Users\Eli\Desktop\Claude Code\CPQ
-System\src\components\shared\BOMGrid.tsx:22:3)
Warning: A component is `contentEditable` and 
contains `children` managed by React. It is now 
your responsibility to guarantee that none of those 
nodes are unexpectedly modified or duplicated. This 
is probably not intentional.
    at div
    at div
    at div
    at div
    at spy (file:///C:/Users/Eli/Desktop/Claude%20Co
de/CPQ-System/node_modules/tinyspy/dist/index.js:42:
80)
    at div
    at div
    at div
    at C:\Users\Eli\Desktop\Claude 
Code\CPQ-System\src\components\ui\card.tsx:81:57
    at div
    at C:\Users\Eli\Desktop\Claude 
Code\CPQ-System\src\components\ui\card.tsx:7:50
    at BOMGrid (C:\Users\Eli\Desktop\Claude Code\CPQ
-System\src\components\shared\BOMGrid.tsx:22:3)
Warning: A component is `contentEditable` and 
contains `children` managed by React. It is now 
your responsibility to guarantee that none of those 
nodes are unexpectedly modified or duplicated. This 
is probably not intentional.
    at div
    at div
    at div
    at div
    at spy (file:///C:/Users/Eli/Desktop/Claude%20Co
de/CPQ-System/node_modules/tinyspy/dist/index.js:42:
80)
    at div
    at div
    at div
    at C:\Users\Eli\Desktop\Claude 
Code\CPQ-System\src\components\ui\card.tsx:81:57
    at div
    at C:\Users\Eli\Desktop\Claude 
Code\CPQ-System\src\components\ui\card.tsx:7:50
    at BOMGrid (C:\Users\Eli\Desktop\Claude Code\CPQ
-System\src\components\shared\BOMGrid.tsx:22:3)
Warning: A component is `contentEditable` and 
contains `children` managed by React. It is now 
your responsibility to guarantee that none of those 
nodes are unexpectedly modified or duplicated. This 
is probably not intentional.
    at div
    at div
    at div
    at div
    at spy (file:///C:/Users/Eli/Desktop/Claude%20Co
de/CPQ-System/node_modules/tinyspy/dist/index.js:42:
80)
    at div
    at div
    at div
    at C:\Users\Eli\Desktop\Claude 
Code\CPQ-System\src\components\ui\card.tsx:81:57
    at div
    at C:\Users\Eli\Desktop\Claude 
Code\CPQ-System\src\components\ui\card.tsx:7:50
    at BOMGrid (C:\Users\Eli\Desktop\Claude Code\CPQ
-System\src\components\shared\BOMGrid.tsx:22:3)
Warning: A component is `contentEditable` and 
contains `children` managed by React. It is now 
your responsibility to guarantee that none of those 
nodes are unexpectedly modified or duplicated. This 
is probably not intentional.
    at div
    at div
    at div
    at div
    at spy (file:///C:/Users/Eli/Desktop/Claude%20Co
de/CPQ-System/node_modules/tinyspy/dist/index.js:42:
80)
    at div
    at div
    at div
    at C:\Users\Eli\Desktop\Claude 
Code\CPQ-System\src\components\ui\card.tsx:81:57
    at div
    at C:\Users\Eli\Desktop\Claude 
Code\CPQ-System\src\components\ui\card.tsx:7:50
    at BOMGrid (C:\Users\Eli\Desktop\Claude Code\CPQ
-System\src\components\shared\BOMGrid.tsx:22:3)
Warning: A component is `contentEditable` and 
contains `children` managed by React. It is now 
your responsibility to guarantee that none of those 
nodes are unexpectedly modified or duplicated. This 
is probably not intentional.
    at div
    at div
    at div
    at div
    at spy (file:///C:/Users/Eli/Desktop/Claude%20Co
de/CPQ-System/node_modules/tinyspy/dist/index.js:42:
80)
    at div
    at div
    at div
    at C:\Users\Eli\Desktop\Claude 
Code\CPQ-System\src\components\ui\card.tsx:81:57
    at div
    at C:\Users\Eli\Desktop\Claude 
Code\CPQ-System\src\components\ui\card.tsx:7:50
    at BOMGrid (C:\Users\Eli\Desktop\Claude Code\CPQ
-System\src\components\shared\BOMGrid.tsx:22:3)
Warning: A component is `contentEditable` and 
contains `children` managed by React. It is now 
your responsibility to guarantee that none of those 
nodes are unexpectedly modified or duplicated. This 
is probably not intentional.
    at div
    at div
    at div
    at div
    at spy (file:///C:/Users/Eli/Desktop/Claude%20Co
de/CPQ-System/node_modules/tinyspy/dist/index.js:42:
80)
    at div
    at div
    at div
    at C:\Users\Eli\Desktop\Claude 
Code\CPQ-System\src\components\ui\card.tsx:81:57
    at div
    at C:\Users\Eli\Desktop\Claude 
Code\CPQ-System\src\components\ui\card.tsx:7:50
    at BOMGrid (C:\Users\Eli\Desktop\Claude Code\CPQ
-System\src\components\shared\BOMGrid.tsx:22:3)
Warning: A component is `contentEditable` and 
contains `children` managed by React. It is now 
your responsibility to guarantee that none of those 
nodes are unexpectedly modified or duplicated. This 
is probably not intentional.
    at div
    at div
    at div
    at div
    at spy (file:///C:/Users/Eli/Desktop/Claude%20Co
de/CPQ-System/node_modules/tinyspy/dist/index.js:42:
80)
    at div
    at div
    at div
    at C:\Users\Eli\Desktop\Claude 
Code\CPQ-System\src\components\ui\card.tsx:81:57
    at div
    at C:\Users\Eli\Desktop\Claude 
Code\CPQ-System\src\components\ui\card.tsx:7:50
    at BOMGrid (C:\Users\Eli\Desktop\Claude Code\CPQ
-System\src\components\shared\BOMGrid.tsx:22:3)
Warning: A component is `contentEditable` and 
contains `children` managed by React. It is now 
your responsibility to guarantee that none of those 
nodes are unexpectedly modified or duplicated. This 
is probably not intentional.
    at div
    at div
    at div
    at div
    at spy (file:///C:/Users/Eli/Desktop/Claude%20Co
de/CPQ-System/node_modules/tinyspy/dist/index.js:42:
80)
    at div
    at div
    at div
    at C:\Users\Eli\Desktop\Claude 
Code\CPQ-System\src\components\ui\card.tsx:81:57
    at div
    at C:\Users\Eli\Desktop\Claude 
Code\CPQ-System\src\components\ui\card.tsx:7:50
    at BOMGrid (C:\Users\Eli\Desktop\Claude Code\CPQ
-System\src\components\shared\BOMGrid.tsx:22:3)
Warning: A component is `contentEditable` and 
contains `children` managed by React. It is now 
your responsibility to guarantee that none of those 
nodes are unexpectedly modified or duplicated. This 
is probably not intentional.
    at div
    at div
    at div
    at div
    at spy (file:///C:/Users/Eli/Desktop/Claude%20Co
de/CPQ-System/node_modules/tinyspy/dist/index.js:42:
80)
    at div
    at div
    at div
    at C:\Users\Eli\Desktop\Claude 
Code\CPQ-System\src\components\ui\card.tsx:81:57
    at div
    at C:\Users\Eli\Desktop\Claude 
Code\CPQ-System\src\components\ui\card.tsx:7:50
    at BOMGrid (C:\Users\Eli\Desktop\Claude Code\CPQ
-System\src\components\shared\BOMGrid.tsx:22:3)
Warning: A component is `contentEditable` and 
contains `children` managed by React. It is now 
your responsibility to guarantee that none of those 
nodes are unexpectedly modified or duplicated. This 
is probably not intentional.
    at div
    at div
    at div
    at div
    at spy (file:///C:/Users/Eli/Desktop/Claude%20Co
de/CPQ-System/node_modules/tinyspy/dist/index.js:42:
80)
    at div
    at div
    at div
    at C:\Users\Eli\Desktop\Claude 
Code\CPQ-System\src\components\ui\card.tsx:81:57
    at div
    at C:\Users\Eli\Desktop\Claude 
Code\CPQ-System\src\components\ui\card.tsx:7:50
    at BOMGrid (C:\Users\Eli\Desktop\Claude Code\CPQ
-System\src\components\shared\BOMGrid.tsx:22:3)
Warning: A component is `contentEditable` and 
contains `children` managed by React. It is now 
your responsibility to guarantee that none of those 
nodes are unexpectedly modified or duplicated. This 
is probably not intentional.
    at div
    at div
    at div
    at div
    at spy (file:///C:/Users/Eli/Desktop/Claude%20Co
de/CPQ-System/node_modules/tinyspy/dist/index.js:42:
80)
    at div
    at div
    at div
    at C:\Users\Eli\Desktop\Claude 
Code\CPQ-System\src\components\ui\card.tsx:81:57
    at div
    at C:\Users\Eli\Desktop\Claude 
Code\CPQ-System\src\components\ui\card.tsx:7:50
    at BOMGrid (C:\Users\Eli\Desktop\Claude Code\CPQ
-System\src\components\shared\BOMGrid.tsx:22:3)
Warning: A component is `contentEditable` and 
contains `children` managed by React. It is now 
your responsibility to guarantee that none of those 
nodes are unexpectedly modified or duplicated. This 
is probably not intentional.
    at div
    at div
    at div
    at div
    at spy (file:///C:/Users/Eli/Desktop/Claude%20Co
de/CPQ-System/node_modules/tinyspy/dist/index.js:42:
80)
    at div
    at div
    at div
    at C:\Users\Eli\Desktop\Claude 
Code\CPQ-System\src\components\ui\card.tsx:81:57
    at div
    at C:\Users\Eli\Desktop\Claude 
Code\CPQ-System\src\components\ui\card.tsx:7:50
    at BOMGrid (C:\Users\Eli\Desktop\Claude Code\CPQ
-System\src\components\shared\BOMGrid.tsx:22:3)
Warning: A component is `contentEditable` and 
contains `children` managed by React. It is now 
your responsibility to guarantee that none of those 
nodes are unexpectedly modified or duplicated. This 
is probably not intentional.
    at div
    at div
    at div
    at div
    at spy (file:///C:/Users/Eli/Desktop/Claude%20Co
de/CPQ-System/node_modules/tinyspy/dist/index.js:42:
80)
    at div
    at div
    at div
    at C:\Users\Eli\Desktop\Claude 
Code\CPQ-System\src\components\ui\card.tsx:81:57
    at div
    at C:\Users\Eli\Desktop\Claude 
Code\CPQ-System\src\components\ui\card.tsx:7:50
    at BOMGrid (C:\Users\Eli\Desktop\Claude Code\CPQ
-System\src\components\shared\BOMGrid.tsx:22:3)
Warning: A component is `contentEditable` and 
contains `children` managed by React. It is now 
your responsibility to guarantee that none of those 
nodes are unexpectedly modified or duplicated. This 
is probably not intentional.
    at div
    at div
    at div
    at div
    at spy (file:///C:/Users/Eli/Desktop/Claude%20Co
de/CPQ-System/node_modules/tinyspy/dist/index.js:42:
80)
    at div
    at div
    at div
    at C:\Users\Eli\Desktop\Claude 
Code\CPQ-System\src\components\ui\card.tsx:81:57
    at div
    at C:\Users\Eli\Desktop\Claude 
Code\CPQ-System\src\components\ui\card.tsx:7:50
    at BOMGrid (C:\Users\Eli\Desktop\Claude Code\CPQ
-System\src\components\shared\BOMGrid.tsx:22:3)
Warning: A component is `contentEditable` and 
contains `children` managed by React. It is now 
your responsibility to guarantee that none of those 
nodes are unexpectedly modified or duplicated. This 
is probably not intentional.
    at div
    at div
    at div
    at div
    at spy (file:///C:/Users/Eli/Desktop/Claude%20Co
de/CPQ-System/node_modules/tinyspy/dist/index.js:42:
80)
    at div
    at div
    at div
    at C:\Users\Eli\Desktop\Claude 
Code\CPQ-System\src\components\ui\card.tsx:81:57
    at div
    at C:\Users\Eli\Desktop\Claude 
Code\CPQ-System\src\components\ui\card.tsx:7:50
    at BOMGrid (C:\Users\Eli\Desktop\Claude Code\CPQ
-System\src\components\shared\BOMGrid.tsx:22:3)
Warning: A component is `contentEditable` and 
contains `children` managed by React. It is now 
your responsibility to guarantee that none of those 
nodes are unexpectedly modified or duplicated. This 
is probably not intentional.
    at div
    at div
    at div
    at div
    at spy (file:///C:/Users/Eli/Desktop/Claude%20Co
de/CPQ-System/node_modules/tinyspy/dist/index.js:42:
80)
    at div
    at div
    at div
    at C:\Users\Eli\Desktop\Claude 
Code\CPQ-System\src\components\ui\card.tsx:81:57
    at div
    at C:\Users\Eli\Desktop\Claude 
Code\CPQ-System\src\components\ui\card.tsx:7:50
    at BOMGrid (C:\Users\Eli\Desktop\Claude Code\CPQ
-System\src\components\shared\BOMGrid.tsx:22:3)
Warning: A component is `contentEditable` and 
contains `children` managed by React. It is now 
your responsibility to guarantee that none of those 
nodes are unexpectedly modified or duplicated. This 
is probably not intentional.
    at div
    at div
    at div
    at div
    at spy (file:///C:/Users/Eli/Desktop/Claude%20Co
de/CPQ-System/node_modules/tinyspy/dist/index.js:42:
80)
    at div
    at div
    at div
    at C:\Users\Eli\Desktop\Claude 
Code\CPQ-System\src\components\ui\card.tsx:81:57
    at div
    at C:\Users\Eli\Desktop\Claude 
Code\CPQ-System\src\components\ui\card.tsx:7:50
    at BOMGrid (C:\Users\Eli\Desktop\Claude Code\CPQ
-System\src\components\shared\BOMGrid.tsx:22:3)
Warning: A component is `contentEditable` and 
contains `children` managed by React. It is now 
your responsibility to guarantee that none of those 
nodes are unexpectedly modified or duplicated. This 
is probably not intentional.
    at div
    at div
    at div
    at div
    at spy (file:///C:/Users/Eli/Desktop/Claude%20Co
de/CPQ-System/node_modules/tinyspy/dist/index.js:42:
80)
    at div
    at div
    at div
    at C:\Users\Eli\Desktop\Claude 
Code\CPQ-System\src\components\ui\card.tsx:81:57
    at div
    at C:\Users\Eli\Desktop\Claude 
Code\CPQ-System\src\components\ui\card.tsx:7:50
    at BOMGrid (C:\Users\Eli\Desktop\Claude Code\CPQ
-System\src\components\shared\BOMGrid.tsx:22:3)
Warning: A component is `contentEditable` and 
contains `children` managed by React. It is now 
your responsibility to guarantee that none of those 
nodes are unexpectedly modified or duplicated. This 
is probably not intentional.
    at div
    at div
    at div
    at div
    at spy (file:///C:/Users/Eli/Desktop/Claude%20Co
de/CPQ-System/node_modules/tinyspy/dist/index.js:42:
80)
    at div
    at div
    at div
    at C:\Users\Eli\Desktop\Claude 
Code\CPQ-System\src\components\ui\card.tsx:81:57
    at div
    at C:\Users\Eli\Desktop\Claude 
Code\CPQ-System\src\components\ui\card.tsx:7:50
    at BOMGrid (C:\Users\Eli\Desktop\Claude Code\CPQ
-System\src\components\shared\BOMGrid.tsx:22:3)
Warning: A component is `contentEditable` and 
contains `children` managed by React. It is now 
your responsibility to guarantee that none of those 
nodes are unexpectedly modified or duplicated. This 
is probably not intentional.
    at div
    at div
    at div
    at div
    at spy (file:///C:/Users/Eli/Desktop/Claude%20Co
de/CPQ-System/node_modules/tinyspy/dist/index.js:42:
80)
    at div
    at div
    at div
    at C:\Users\Eli\Desktop\Claude 
Code\CPQ-System\src\components\ui\card.tsx:81:57
    at div
    at C:\Users\Eli\Desktop\Claude 
Code\CPQ-System\src\components\ui\card.tsx:7:50
    at BOMGrid (C:\Users\Eli\Desktop\Claude Code\CPQ
-System\src\components\shared\BOMGrid.tsx:22:3)
Warning: A component is `contentEditable` and 
contains `children` managed by React. It is now 
your responsibility to guarantee that none of those 
nodes are unexpectedly modified or duplicated. This 
is probably not intentional.
    at div
    at div
    at div
    at div
    at spy (file:///C:/Users/Eli/Desktop/Claude%20Co
de/CPQ-System/node_modules/tinyspy/dist/index.js:42:
80)
    at div
    at div
    at div
    at C:\Users\Eli\Desktop\Claude 
Code\CPQ-System\src\components\ui\card.tsx:81:57
    at div
    at C:\Users\Eli\Desktop\Claude 
Code\CPQ-System\src\components\ui\card.tsx:7:50
    at BOMGrid (C:\Users\Eli\Desktop\Claude Code\CPQ
-System\src\components\shared\BOMGrid.tsx:22:3)
Warning: A component is `contentEditable` and 
contains `children` managed by React. It is now 
your responsibility to guarantee that none of those 
nodes are unexpectedly modified or duplicated. This 
is probably not intentional.
    at div
    at div
    at div
    at div
    at spy (file:///C:/Users/Eli/Desktop/Claude%20Co
de/CPQ-System/node_modules/tinyspy/dist/index.js:42:
80)
    at div
    at div
    at div
    at C:\Users\Eli\Desktop\Claude 
Code\CPQ-System\src\components\ui\card.tsx:81:57
    at div
    at C:\Users\Eli\Desktop\Claude 
Code\CPQ-System\src\components\ui\card.tsx:7:50
    at BOMGrid (C:\Users\Eli\Desktop\Claude Code\CPQ
-System\src\components\shared\BOMGrid.tsx:22:3)
Warning: A component is `contentEditable` and 
contains `children` managed by React. It is now 
your responsibility to guarantee that none of those 
nodes are unexpectedly modified or duplicated. This 
is probably not intentional.
    at div
    at div
    at div
    at div
    at spy (file:///C:/Users/Eli/Desktop/Claude%20Co
de/CPQ-System/node_modules/tinyspy/dist/index.js:42:
80)
    at div
    at div
    at div
    at C:\Users\Eli\Desktop\Claude 
Code\CPQ-System\src\components\ui\card.tsx:81:57
    at div
    at C:\Users\Eli\Desktop\Claude 
Code\CPQ-System\src\components\ui\card.tsx:7:50
    at BOMGrid (C:\Users\Eli\Desktop\Claude Code\CPQ
-System\src\components\shared\BOMGrid.tsx:22:3)
Warning: A component is `contentEditable` and 
contains `children` managed by React. It is now 
your responsibility to guarantee that none of those 
nodes are unexpectedly modified or duplicated. This 
is probably not intentional.
    at div
    at div
    at div
    at div
    at spy (file:///C:/Users/Eli/Desktop/Claude%20Co
de/CPQ-System/node_modules/tinyspy/dist/index.js:42:
80)
    at div
    at div
    at div
    at C:\Users\Eli\Desktop\Claude 
Code\CPQ-System\src\components\ui\card.tsx:81:57
    at div
    at C:\Users\Eli\Desktop\Claude 
Code\CPQ-System\src\components\ui\card.tsx:7:50
    at BOMGrid (C:\Users\Eli\Desktop\Claude Code\CPQ
-System\src\components\shared\BOMGrid.tsx:22:3)
Warning: A component is `contentEditable` and 
contains `children` managed by React. It is now 
your responsibility to guarantee that none of those 
nodes are unexpectedly modified or duplicated. This 
is probably not intentional.
    at div
    at div
    at div
    at div
    at spy (file:///C:/Users/Eli/Desktop/Claude%20Co
de/CPQ-System/node_modules/tinyspy/dist/index.js:42:
80)
    at div
    at div
    at div
    at C:\Users\Eli\Desktop\Claude 
Code\CPQ-System\src\components\ui\card.tsx:81:57
    at div
    at C:\Users\Eli\Desktop\Claude 
Code\CPQ-System\src\components\ui\card.tsx:7:50
    at BOMGrid (C:\Users\Eli\Desktop\Claude Code\CPQ
-System\src\components\shared\BOMGrid.tsx:22:3)
Warning: A component is `contentEditable` and 
contains `children` managed by React. It is now 
your responsibility to guarantee that none of those 
nodes are unexpectedly modified or duplicated. This 
is probably not intentional.
    at div
    at div
    at div
    at div
    at spy (file:///C:/Users/Eli/Desktop/Claude%20Co
de/CPQ-System/node_modules/tinyspy/dist/index.js:42:
80)
    at div
    at div
    at div
    at C:\Users\Eli\Desktop\Claude 
Code\CPQ-System\src\components\ui\card.tsx:81:57
    at div
    at C:\Users\Eli\Desktop\Claude 
Code\CPQ-System\src\components\ui\card.tsx:7:50
    at BOMGrid (C:\Users\Eli\Desktop\Claude Code\CPQ
-System\src\components\shared\BOMGrid.tsx:22:3)
Warning: A component is `contentEditable` and 
contains `children` managed by React. It is now 
your responsibility to guarantee that none of those 
nodes are unexpectedly modified or duplicated. This 
is probably not intentional.
    at div
    at div
    at div
    at div
    at spy (file:///C:/Users/Eli/Desktop/Claude%20Co
de/CPQ-System/node_modules/tinyspy/dist/index.js:42:
80)
    at div
    at div
    at div
    at C:\Users\Eli\Desktop\Claude 
Code\CPQ-System\src\components\ui\card.tsx:81:57
    at div
    at C:\Users\Eli\Desktop\Claude 
Code\CPQ-System\src\components\ui\card.tsx:7:50
    at BOMGrid (C:\Users\Eli\Desktop\Claude Code\CPQ
-System\src\components\shared\BOMGrid.tsx:22:3)
Warning: A component is `contentEditable` and 
contains `children` managed by React. It is now 
your responsibility to guarantee that none of those 
nodes are unexpectedly modified or duplicated. This 
is probably not intentional.
    at div
    at div
    at div
    at div
    at spy (file:///C:/Users/Eli/Desktop/Claude%20Co
de/CPQ-System/node_modules/tinyspy/dist/index.js:42:
80)
    at div
    at div
    at div
    at C:\Users\Eli\Desktop\Claude 
Code\CPQ-System\src\components\ui\card.tsx:81:57
    at div
    at C:\Users\Eli\Desktop\Claude 
Code\CPQ-System\src\components\ui\card.tsx:7:50
    at BOMGrid (C:\Users\Eli\Desktop\Claude Code\CPQ
-System\src\components\shared\BOMGrid.tsx:22:3)
Warning: A component is `contentEditable` and 
contains `children` managed by React. It is now 
your responsibility to guarantee that none of those 
nodes are unexpectedly modified or duplicated. This 
is probably not intentional.
    at div
    at div
    at div
    at div
    at spy (file:///C:/Users/Eli/Desktop/Claude%20Co
de/CPQ-System/node_modules/tinyspy/dist/index.js:42:
80)
    at div
    at div
    at div
    at C:\Users\Eli\Desktop\Claude 
Code\CPQ-System\src\components\ui\card.tsx:81:57
    at div
    at C:\Users\Eli\Desktop\Claude 
Code\CPQ-System\src\components\ui\card.tsx:7:50
    at BOMGrid (C:\Users\Eli\Desktop\Claude Code\CPQ
-System\src\components\shared\BOMGrid.tsx:22:3)
Warning: A component is `contentEditable` and 
contains `children` managed by React. It is now 
your responsibility to guarantee that none of those 
nodes are unexpectedly modified or duplicated. This 
is probably not intentional.
    at div
    at div
    at div
    at div
    at spy (file:///C:/Users/Eli/Desktop/Claude%20Co
de/CPQ-System/node_modules/tinyspy/dist/index.js:42:
80)
    at div
    at div
    at div
    at C:\Users\Eli\Desktop\Claude 
Code\CPQ-System\src\components\ui\card.tsx:81:57
    at div
    at C:\Users\Eli\Desktop\Claude 
Code\CPQ-System\src\components\ui\card.tsx:7:50
    at BOMGrid (C:\Users\Eli\Desktop\Claude Code\CPQ
-System\src\components\shared\BOMGrid.tsx:22:3)
Warning: A component is `contentEditable` and 
contains `children` managed by React. It is now 
your responsibility to guarantee that none of those 
nodes are unexpectedly modified or duplicated. This 
is probably not intentional.
    at div
    at div
    at div
    at div
    at spy (file:///C:/Users/Eli/Desktop/Claude%20Co
de/CPQ-System/node_modules/tinyspy/dist/index.js:42:
80)
    at div
    at div
    at div
    at C:\Users\Eli\Desktop\Claude 
Code\CPQ-System\src\components\ui\card.tsx:81:57
    at div
    at C:\Users\Eli\Desktop\Claude 
Code\CPQ-System\src\components\ui\card.tsx:7:50
    at BOMGrid (C:\Users\Eli\Desktop\Claude Code\CPQ
-System\src\components\shared\BOMGrid.tsx:22:3)
Warning: A component is `contentEditable` and 
contains `children` managed by React. It is now 
your responsibility to guarantee that none of those 
nodes are unexpectedly modified or duplicated. This 
is probably not intentional.
    at div
    at div
    at div
    at div
    at spy (file:///C:/Users/Eli/Desktop/Claude%20Co
de/CPQ-System/node_modules/tinyspy/dist/index.js:42:
80)
    at div
    at div
    at div
    at C:\Users\Eli\Desktop\Claude 
Code\CPQ-System\src\components\ui\card.tsx:81:57
    at div
    at C:\Users\Eli\Desktop\Claude 
Code\CPQ-System\src\components\ui\card.tsx:7:50
    at BOMGrid (C:\Users\Eli\Desktop\Claude Code\CPQ
-System\src\components\shared\BOMGrid.tsx:22:3)
Warning: A component is `contentEditable` and 
contains `children` managed by React. It is now 
your responsibility to guarantee that none of those 
nodes are unexpectedly modified or duplicated. This 
is probably not intentional.
    at div
    at div
    at div
    at div
    at spy (file:///C:/Users/Eli/Desktop/Claude%20Co
de/CPQ-System/node_modules/tinyspy/dist/index.js:42:
80)
    at div
    at div
    at div
    at C:\Users\Eli\Desktop\Claude 
Code\CPQ-System\src\components\ui\card.tsx:81:57
    at div
    at C:\Users\Eli\Desktop\Claude 
Code\CPQ-System\src\components\ui\card.tsx:7:50
    at BOMGrid (C:\Users\Eli\Desktop\Claude Code\CPQ
-System\src\components\shared\BOMGrid.tsx:22:3)
Warning: A component is `contentEditable` and 
contains `children` managed by React. It is now 
your responsibility to guarantee that none of those 
nodes are unexpectedly modified or duplicated. This 
is probably not intentional.
    at div
    at div
    at div
    at div
    at spy (file:///C:/Users/Eli/Desktop/Claude%20Co
de/CPQ-System/node_modules/tinyspy/dist/index.js:42:
80)
    at div
    at div
    at div
    at C:\Users\Eli\Desktop\Claude 
Code\CPQ-System\src\components\ui\card.tsx:81:57
    at div
    at C:\Users\Eli\Desktop\Claude 
Code\CPQ-System\src\components\ui\card.tsx:7:50
    at BOMGrid (C:\Users\Eli\Desktop\Claude Code\CPQ
-System\src\components\shared\BOMGrid.tsx:22:3)
Warning: A component is `contentEditable` and 
contains `children` managed by React. It is now 
your responsibility to guarantee that none of those 
nodes are unexpectedly modified or duplicated. This 
is probably not intentional.
    at div
    at div
    at div
    at div
    at spy (file:///C:/Users/Eli/Desktop/Claude%20Co
de/CPQ-System/node_modules/tinyspy/dist/index.js:42:
80)
    at div
    at div
    at div
    at C:\Users\Eli\Desktop\Claude 
Code\CPQ-System\src\components\ui\card.tsx:81:57
    at div
    at C:\Users\Eli\Desktop\Claude 
Code\CPQ-System\src\components\ui\card.tsx:7:50
    at BOMGrid (C:\Users\Eli\Desktop\Claude Code\CPQ
-System\src\components\shared\BOMGrid.tsx:22:3)
Warning: A component is `contentEditable` and 
contains `children` managed by React. It is now 
your responsibility to guarantee that none of those 
nodes are unexpectedly modified or duplicated. This 
is probably not intentional.
    at div
    at div
    at div
    at div
    at spy (file:///C:/Users/Eli/Desktop/Claude%20Co
de/CPQ-System/node_modules/tinyspy/dist/index.js:42:
80)
    at div
    at div
    at div
    at C:\Users\Eli\Desktop\Claude 
Code\CPQ-System\src\components\ui\card.tsx:81:57
    at div
    at C:\Users\Eli\Desktop\Claude 
Code\CPQ-System\src\components\ui\card.tsx:7:50
    at BOMGrid (C:\Users\Eli\Desktop\Claude Code\CPQ
-System\src\components\shared\BOMGrid.tsx:22:3)
Warning: A component is `contentEditable` and 
contains `children` managed by React. It is now 
your responsibility to guarantee that none of those 
nodes are unexpectedly modified or duplicated. This 
is probably not intentional.
    at div
    at div
    at div
    at div
    at spy (file:///C:/Users/Eli/Desktop/Claude%20Co
de/CPQ-System/node_modules/tinyspy/dist/index.js:42:
80)
    at div
    at div
    at div
    at C:\Users\Eli\Desktop\Claude 
Code\CPQ-System\src\components\ui\card.tsx:81:57
    at div
    at C:\Users\Eli\Desktop\Claude 
Code\CPQ-System\src\components\ui\card.tsx:7:50
    at BOMGrid (C:\Users\Eli\Desktop\Claude Code\CPQ
-System\src\components\shared\BOMGrid.tsx:22:3)
Warning: A component is `contentEditable` and 
contains `children` managed by React. It is now 
your responsibility to guarantee that none of those 
nodes are unexpectedly modified or duplicated. This 
is probably not intentional.
    at div
    at div
    at div
    at div
    at spy (file:///C:/Users/Eli/Desktop/Claude%20Co
de/CPQ-System/node_modules/tinyspy/dist/index.js:42:
80)
    at div
    at div
    at div
    at C:\Users\Eli\Desktop\Claude 
Code\CPQ-System\src\components\ui\card.tsx:81:57
    at div
    at C:\Users\Eli\Desktop\Claude 
Code\CPQ-System\src\components\ui\card.tsx:7:50
    at BOMGrid (C:\Users\Eli\Desktop\Claude Code\CPQ
-System\src\components\shared\BOMGrid.tsx:22:3)
Warning: A component is `contentEditable` and 
contains `children` managed by React. It is now 
your responsibility to guarantee that none of those 
nodes are unexpectedly modified or duplicated. This 
is probably not intentional.
    at div
    at div
    at div
    at div
    at spy (file:///C:/Users/Eli/Desktop/Claude%20Co
de/CPQ-System/node_modules/tinyspy/dist/index.js:42:
80)
    at div
    at div
    at div
    at C:\Users\Eli\Desktop\Claude 
Code\CPQ-System\src\components\ui\card.tsx:81:57
    at div
    at C:\Users\Eli\Desktop\Claude 
Code\CPQ-System\src\components\ui\card.tsx:7:50
    at BOMGrid (C:\Users\Eli\Desktop\Claude Code\CPQ
-System\src\components\shared\BOMGrid.tsx:22:3)
Warning: A component is `contentEditable` and 
contains `children` managed by React. It is now 
your responsibility to guarantee that none of those 
nodes are unexpectedly modified or duplicated. This 
is probably not intentional.
    at div
    at div
    at div
    at div
    at spy (file:///C:/Users/Eli/Desktop/Claude%20Co
de/CPQ-System/node_modules/tinyspy/dist/index.js:42:
80)
    at div
    at div
    at div
    at C:\Users\Eli\Desktop\Claude 
Code\CPQ-System\src\components\ui\card.tsx:81:57
    at div
    at C:\Users\Eli\Desktop\Claude 
Code\CPQ-System\src\components\ui\card.tsx:7:50
    at BOMGrid (C:\Users\Eli\Desktop\Claude Code\CPQ
-System\src\components\shared\BOMGrid.tsx:22:3)
Warning: A component is `contentEditable` and 
contains `children` managed by React. It is now 
your responsibility to guarantee that none of those 
nodes are unexpectedly modified or duplicated. This 
is probably not intentional.
    at div
    at div
    at div
    at div
    at spy (file:///C:/Users/Eli/Desktop/Claude%20Co
de/CPQ-System/node_modules/tinyspy/dist/index.js:42:
80)
    at div
    at div
    at div
    at C:\Users\Eli\Desktop\Claude 
Code\CPQ-System\src\components\ui\card.tsx:81:57
    at div
    at C:\Users\Eli\Desktop\Claude 
Code\CPQ-System\src\components\ui\card.tsx:7:50
    at BOMGrid (C:\Users\Eli\Desktop\Claude Code\CPQ
-System\src\components\shared\BOMGrid.tsx:22:3)
Warning: A component is `contentEditable` and 
contains `children` managed by React. It is now 
your responsibility to guarantee that none of those 
nodes are unexpectedly modified or duplicated. This 
is probably not intentional.
    at div
    at div
    at div
    at div
    at spy (file:///C:/Users/Eli/Desktop/Claude%20Co
de/CPQ-System/node_modules/tinyspy/dist/index.js:42:
80)
    at div
    at div
    at div
    at C:\Users\Eli\Desktop\Claude 
Code\CPQ-System\src\components\ui\card.tsx:81:57
    at div
    at C:\Users\Eli\Desktop\Claude 
Code\CPQ-System\src\components\ui\card.tsx:7:50
    at BOMGrid (C:\Users\Eli\Desktop\Claude Code\CPQ
-System\src\components\shared\BOMGrid.tsx:22:3)
Warning: A component is `contentEditable` and 
contains `children` managed by React. It is now 
your responsibility to guarantee that none of those 
nodes are unexpectedly modified or duplicated. This 
is probably not intentional.
    at div
    at div
    at div
    at div
    at spy (file:///C:/Users/Eli/Desktop/Claude%20Co
de/CPQ-System/node_modules/tinyspy/dist/index.js:42:
80)
    at div
    at div
    at div
    at C:\Users\Eli\Desktop\Claude 
Code\CPQ-System\src\components\ui\card.tsx:81:57
    at div
    at C:\Users\Eli\Desktop\Claude 
Code\CPQ-System\src\components\ui\card.tsx:7:50
    at BOMGrid (C:\Users\Eli\Desktop\Claude Code\CPQ
-System\src\components\shared\BOMGrid.tsx:22:3)
Warning: A component is `contentEditable` and 
contains `children` managed by React. It is now 
your responsibility to guarantee that none of those 
nodes are unexpectedly modified or duplicated. This 
is probably not intentional.
    at div
    at div
    at div
    at div
    at spy (file:///C:/Users/Eli/Desktop/Claude%20Co
de/CPQ-System/node_modules/tinyspy/dist/index.js:42:
80)
    at div
    at div
    at div
    at C:\Users\Eli\Desktop\Claude 
Code\CPQ-System\src\components\ui\card.tsx:81:57
    at div
    at C:\Users\Eli\Desktop\Claude 
Code\CPQ-System\src\components\ui\card.tsx:7:50
    at BOMGrid (C:\Users\Eli\Desktop\Claude Code\CPQ
-System\src\components\shared\BOMGrid.tsx:22:3)
Warning: A component is `contentEditable` and 
contains `children` managed by React. It is now 
your responsibility to guarantee that none of those 
nodes are unexpectedly modified or duplicated. This 
is probably not intentional.
    at div
    at div
    at div
    at div
    at spy (file:///C:/Users/Eli/Desktop/Claude%20Co
de/CPQ-System/node_modules/tinyspy/dist/index.js:42:
80)
    at div
    at div
    at div
    at C:\Users\Eli\Desktop\Claude 
Code\CPQ-System\src\components\ui\card.tsx:81:57
    at div
    at C:\Users\Eli\Desktop\Claude 
Code\CPQ-System\src\components\ui\card.tsx:7:50
    at BOMGrid (C:\Users\Eli\Desktop\Claude Code\CPQ
-System\src\components\shared\BOMGrid.tsx:22:3)
Warning: A component is `contentEditable` and 
contains `children` managed by React. It is now 
your responsibility to guarantee that none of those 
nodes are unexpectedly modified or duplicated. This 
is probably not intentional.
    at div
    at div
    at div
    at div
    at spy (file:///C:/Users/Eli/Desktop/Claude%20Co
de/CPQ-System/node_modules/tinyspy/dist/index.js:42:
80)
    at div
    at div
    at div
    at C:\Users\Eli\Desktop\Claude 
Code\CPQ-System\src\components\ui\card.tsx:81:57
    at div
    at C:\Users\Eli\Desktop\Claude 
Code\CPQ-System\src\components\ui\card.tsx:7:50
    at BOMGrid (C:\Users\Eli\Desktop\Claude Code\CPQ
-System\src\components\shared\BOMGrid.tsx:22:3)
Warning: A component is `contentEditable` and 
contains `children` managed by React. It is now 
your responsibility to guarantee that none of those 
nodes are unexpectedly modified or duplicated. This 
is probably not intentional.
    at div
    at div
    at div
    at div
    at spy (file:///C:/Users/Eli/Desktop/Claude%20Co
de/CPQ-System/node_modules/tinyspy/dist/index.js:42:
80)
    at div
    at div
    at div
    at C:\Users\Eli\Desktop\Claude 
Code\CPQ-System\src\components\ui\card.tsx:81:57
    at div
    at C:\Users\Eli\Desktop\Claude 
Code\CPQ-System\src\components\ui\card.tsx:7:50
    at BOMGrid (C:\Users\Eli\Desktop\Claude Code\CPQ
-System\src\components\shared\BOMGrid.tsx:22:3)
Warning: A component is `contentEditable` and 
contains `children` managed by React. It is now 
your responsibility to guarantee that none of those 
nodes are unexpectedly modified or duplicated. This 
is probably not intentional.
    at div
    at div
    at div
    at div
    at spy (file:///C:/Users/Eli/Desktop/Claude%20Co
de/CPQ-System/node_modules/tinyspy/dist/index.js:42:
80)
    at div
    at div
    at div
    at C:\Users\Eli\Desktop\Claude 
Code\CPQ-System\src\components\ui\card.tsx:81:57
    at div
    at C:\Users\Eli\Desktop\Claude 
Code\CPQ-System\src\components\ui\card.tsx:7:50
    at BOMGrid (C:\Users\Eli\Desktop\Claude Code\CPQ
-System\src\components\shared\BOMGrid.tsx:22:3)
Warning: A component is `contentEditable` and 
contains `children` managed by React. It is now 
your responsibility to guarantee that none of those 
nodes are unexpectedly modified or duplicated. This 
is probably not intentional.
    at div
    at div
    at div
    at div
    at spy (file:///C:/Users/Eli/Desktop/Claude%20Co
de/CPQ-System/node_modules/tinyspy/dist/index.js:42:
80)
    at div
    at div
    at div
    at C:\Users\Eli\Desktop\Claude 
Code\CPQ-System\src\components\ui\card.tsx:81:57
    at div
    at C:\Users\Eli\Desktop\Claude 
Code\CPQ-System\src\components\ui\card.tsx:7:50
    at BOMGrid (C:\Users\Eli\Desktop\Claude Code\CPQ
-System\src\components\shared\BOMGrid.tsx:22:3)
Warning: A component is `contentEditable` and 
contains `children` managed by React. It is now 
your responsibility to guarantee that none of those 
nodes are unexpectedly modified or duplicated. This 
is probably not intentional.
    at div
    at div
    at div
    at div
    at spy (file:///C:/Users/Eli/Desktop/Claude%20Co
de/CPQ-System/node_modules/tinyspy/dist/index.js:42:
80)
    at div
    at div
    at div
    at C:\Users\Eli\Desktop\Claude 
Code\CPQ-System\src\components\ui\card.tsx:81:57
    at div
    at C:\Users\Eli\Desktop\Claude 
Code\CPQ-System\src\components\ui\card.tsx:7:50
    at BOMGrid (C:\Users\Eli\Desktop\Claude Code\CPQ
-System\src\components\shared\BOMGrid.tsx:22:3)
Warning: A component is `contentEditable` and 
contains `children` managed by React. It is now 
your responsibility to guarantee that none of those 
nodes are unexpectedly modified or duplicated. This 
is probably not intentional.
    at div
    at div
    at div
    at div
    at spy (file:///C:/Users/Eli/Desktop/Claude%20Co
de/CPQ-System/node_modules/tinyspy/dist/index.js:42:
80)
    at div
    at div
    at div
    at C:\Users\Eli\Desktop\Claude 
Code\CPQ-System\src\components\ui\card.tsx:81:57
    at div
    at C:\Users\Eli\Desktop\Claude 
Code\CPQ-System\src\components\ui\card.tsx:7:50
    at BOMGrid (C:\Users\Eli\Desktop\Claude Code\CPQ
-System\src\components\shared\BOMGrid.tsx:22:3)
Warning: A component is `contentEditable` and 
contains `children` managed by React. It is now 
your responsibility to guarantee that none of those 
nodes are unexpectedly modified or duplicated. This 
is probably not intentional.
    at div
    at div
    at div
    at div
    at spy (file:///C:/Users/Eli/Desktop/Claude%20Co
de/CPQ-System/node_modules/tinyspy/dist/index.js:42:
80)
    at div
    at div
    at div
    at C:\Users\Eli\Desktop\Claude 
Code\CPQ-System\src\components\ui\card.tsx:81:57
    at div
    at C:\Users\Eli\Desktop\Claude 
Code\CPQ-System\src\components\ui\card.tsx:7:50
    at BOMGrid (C:\Users\Eli\Desktop\Claude Code\CPQ
-System\src\components\shared\BOMGrid.tsx:22:3)
Warning: A component is `contentEditable` and 
contains `children` managed by React. It is now 
your responsibility to guarantee that none of those 
nodes are unexpectedly modified or duplicated. This 
is probably not intentional.
    at div
    at div
    at div
    at div
    at spy (file:///C:/Users/Eli/Desktop/Claude%20Co
de/CPQ-System/node_modules/tinyspy/dist/index.js:42:
80)
    at div
    at div
    at div
    at C:\Users\Eli\Desktop\Claude 
Code\CPQ-System\src\components\ui\card.tsx:81:57
    at div
    at C:\Users\Eli\Desktop\Claude 
Code\CPQ-System\src\components\ui\card.tsx:7:50
    at BOMGrid (C:\Users\Eli\Desktop\Claude Code\CPQ
-System\src\components\shared\BOMGrid.tsx:22:3)
Warning: A component is `contentEditable` and 
contains `children` managed by React. It is now 
your responsibility to guarantee that none of those 
nodes are unexpectedly modified or duplicated. This 
is probably not intentional.
    at div
    at div
    at div
    at div
    at spy (file:///C:/Users/Eli/Desktop/Claude%20Co
de/CPQ-System/node_modules/tinyspy/dist/index.js:42:
80)
    at div
    at div
    at div
    at C:\Users\Eli\Desktop\Claude 
Code\CPQ-System\src\components\ui\card.tsx:81:57
    at div
    at C:\Users\Eli\Desktop\Claude 
Code\CPQ-System\src\components\ui\card.tsx:7:50
    at BOMGrid (C:\Users\Eli\Desktop\Claude Code\CPQ
-System\src\components\shared\BOMGrid.tsx:22:3)
Warning: A component is `contentEditable` and 
contains `children` managed by React. It is now 
your responsibility to guarantee that none of those 
nodes are unexpectedly modified or duplicated. This 
is probably not intentional.
    at div
    at div
    at div
    at div
    at spy (file:///C:/Users/Eli/Desktop/Claude%20Co
de/CPQ-System/node_modules/tinyspy/dist/index.js:42:
80)
    at div
    at div
    at div
    at C:\Users\Eli\Desktop\Claude 
Code\CPQ-System\src\components\ui\card.tsx:81:57
    at div
    at C:\Users\Eli\Desktop\Claude 
Code\CPQ-System\src\components\ui\card.tsx:7:50
    at BOMGrid (C:\Users\Eli\Desktop\Claude Code\CPQ
-System\src\components\shared\BOMGrid.tsx:22:3)
Warning: A component is `contentEditable` and 
contains `children` managed by React. It is now 
your responsibility to guarantee that none of those 
nodes are unexpectedly modified or duplicated. This 
is probably not intentional.
    at div
    at div
    at div
    at div
    at spy (file:///C:/Users/Eli/Desktop/Claude%20Co
de/CPQ-System/node_modules/tinyspy/dist/index.js:42:
80)
    at div
    at div
    at div
    at C:\Users\Eli\Desktop\Claude 
Code\CPQ-System\src\components\ui\card.tsx:81:57
    at div
    at C:\Users\Eli\Desktop\Claude 
Code\CPQ-System\src\components\ui\card.tsx:7:50
    at BOMGrid (C:\Users\Eli\Desktop\Claude Code\CPQ
-System\src\components\shared\BOMGrid.tsx:22:3)
Warning: A component is `contentEditable` and 
contains `children` managed by React. It is now 
your responsibility to guarantee that none of those 
nodes are unexpectedly modified or duplicated. This 
is probably not intentional.
    at div
    at div
    at div
    at div
    at spy (file:///C:/Users/Eli/Desktop/Claude%20Co
de/CPQ-System/node_modules/tinyspy/dist/index.js:42:
80)
    at div
    at div
    at div
    at C:\Users\Eli\Desktop\Claude 
Code\CPQ-System\src\components\ui\card.tsx:81:57
    at div
    at C:\Users\Eli\Desktop\Claude 
Code\CPQ-System\src\components\ui\card.tsx:7:50
    at BOMGrid (C:\Users\Eli\Desktop\Claude Code\CPQ
-System\src\components\shared\BOMGrid.tsx:22:3)
Warning: A component is `contentEditable` and 
contains `children` managed by React. It is now 
your responsibility to guarantee that none of those 
nodes are unexpectedly modified or duplicated. This 
is probably not intentional.
    at div
    at div
    at div
    at div
    at spy (file:///C:/Users/Eli/Desktop/Claude%20Co
de/CPQ-System/node_modules/tinyspy/dist/index.js:42:
80)
    at div
    at div
    at div
    at C:\Users\Eli\Desktop\Claude 
Code\CPQ-System\src\components\ui\card.tsx:81:57
    at div
    at C:\Users\Eli\Desktop\Claude 
Code\CPQ-System\src\components\ui\card.tsx:7:50
    at BOMGrid (C:\Users\Eli\Desktop\Claude Code\CPQ
-System\src\components\shared\BOMGrid.tsx:22:3)
Warning: A component is `contentEditable` and 
contains `children` managed by React. It is now 
your responsibility to guarantee that none of those 
nodes are unexpectedly modified or duplicated. This 
is probably not intentional.
    at div
    at div
    at div
    at div
    at spy (file:///C:/Users/Eli/Desktop/Claude%20Co
de/CPQ-System/node_modules/tinyspy/dist/index.js:42:
80)
    at div
    at div
    at div
    at C:\Users\Eli\Desktop\Claude 
Code\CPQ-System\src\components\ui\card.tsx:81:57
    at div
    at C:\Users\Eli\Desktop\Claude 
Code\CPQ-System\src\components\ui\card.tsx:7:50
    at BOMGrid (C:\Users\Eli\Desktop\Claude Code\CPQ
-System\src\components\shared\BOMGrid.tsx:22:3)
Warning: A component is `contentEditable` and 
contains `children` managed by React. It is now 
your responsibility to guarantee that none of those 
nodes are unexpectedly modified or duplicated. This 
is probably not intentional.
    at div
    at div
    at div
    at div
    at spy (file:///C:/Users/Eli/Desktop/Claude%20Co
de/CPQ-System/node_modules/tinyspy/dist/index.js:42:
80)
    at div
    at div
    at div
    at C:\Users\Eli\Desktop\Claude 
Code\CPQ-System\src\components\ui\card.tsx:81:57
    at div
    at C:\Users\Eli\Desktop\Claude 
Code\CPQ-System\src\components\ui\card.tsx:7:50
    at BOMGrid (C:\Users\Eli\Desktop\Claude Code\CPQ
-System\src\components\shared\BOMGrid.tsx:22:3)
Warning: A component is `contentEditable` and 
contains `children` managed by React. It is now 
your responsibility to guarantee that none of those 
nodes are unexpectedly modified or duplicated. This 
is probably not intentional.
    at div
    at div
    at div
    at div
    at spy (file:///C:/Users/Eli/Desktop/Claude%20Co
de/CPQ-System/node_modules/tinyspy/dist/index.js:42:
80)
    at div
    at div
    at div
    at C:\Users\Eli\Desktop\Claude 
Code\CPQ-System\src\components\ui\card.tsx:81:57
    at div
    at C:\Users\Eli\Desktop\Claude 
Code\CPQ-System\src\components\ui\card.tsx:7:50
    at BOMGrid (C:\Users\Eli\Desktop\Claude Code\CPQ
-System\src\components\shared\BOMGrid.tsx:22:3)
Warning: A component is `contentEditable` and 
contains `children` managed by React. It is now 
your responsibility to guarantee that none of those 
nodes are unexpectedly modified or duplicated. This 
is probably not intentional.
    at div
    at div
    at div
    at div
    at spy (file:///C:/Users/Eli/Desktop/Claude%20Co
de/CPQ-System/node_modules/tinyspy/dist/index.js:42:
80)
    at div
    at div
    at div
    at C:\Users\Eli\Desktop\Claude 
Code\CPQ-System\src\components\ui\card.tsx:81:57
    at div
    at C:\Users\Eli\Desktop\Claude 
Code\CPQ-System\src\components\ui\card.tsx:7:50
    at BOMGrid (C:\Users\Eli\Desktop\Claude Code\CPQ
-System\src\components\shared\BOMGrid.tsx:22:3)
Warning: A component is `contentEditable` and 
contains `children` managed by React. It is now 
your responsibility to guarantee that none of those 
nodes are unexpectedly modified or duplicated. This 
is probably not intentional.
    at div
    at div
    at div
    at div
    at spy (file:///C:/Users/Eli/Desktop/Claude%20Co
de/CPQ-System/node_modules/tinyspy/dist/index.js:42:
80)
    at div
    at div
    at div
    at C:\Users\Eli\Desktop\Claude 
Code\CPQ-System\src\components\ui\card.tsx:81:57
    at div
    at C:\Users\Eli\Desktop\Claude 
Code\CPQ-System\src\components\ui\card.tsx:7:50
    at BOMGrid (C:\Users\Eli\Desktop\Claude Code\CPQ
-System\src\components\shared\BOMGrid.tsx:22:3)
Warning: A component is `contentEditable` and 
contains `children` managed by React. It is now 
your responsibility to guarantee that none of those 
nodes are unexpectedly modified or duplicated. This 
is probably not intentional.
    at div
    at div
    at div
    at div
    at spy (file:///C:/Users/Eli/Desktop/Claude%20Co
de/CPQ-System/node_modules/tinyspy/dist/index.js:42:
80)
    at div
    at div
    at div
    at C:\Users\Eli\Desktop\Claude 
Code\CPQ-System\src\components\ui\card.tsx:81:57
    at div
    at C:\Users\Eli\Desktop\Claude 
Code\CPQ-System\src\components\ui\card.tsx:7:50
    at BOMGrid (C:\Users\Eli\Desktop\Claude Code\CPQ
-System\src\components\shared\BOMGrid.tsx:22:3)
Warning: A component is `contentEditable` and 
contains `children` managed by React. It is now 
your responsibility to guarantee that none of those 
nodes are unexpectedly modified or duplicated. This 
is probably not intentional.
    at div
    at div
    at div
    at div
    at spy (file:///C:/Users/Eli/Desktop/Claude%20Co
de/CPQ-System/node_modules/tinyspy/dist/index.js:42:
80)
    at div
    at div
    at div
    at C:\Users\Eli\Desktop\Claude 
Code\CPQ-System\src\components\ui\card.tsx:81:57
    at div
    at C:\Users\Eli\Desktop\Claude 
Code\CPQ-System\src\components\ui\card.tsx:7:50
    at BOMGrid (C:\Users\Eli\Desktop\Claude Code\CPQ
-System\src\components\shared\BOMGrid.tsx:22:3)
Warning: A component is `contentEditable` and 
contains `children` managed by React. It is now 
your responsibility to guarantee that none of those 
nodes are unexpectedly modified or duplicated. This 
is probably not intentional.
    at div
    at div
    at div
    at div
    at spy (file:///C:/Users/Eli/Desktop/Claude%20Co
de/CPQ-System/node_modules/tinyspy/dist/index.js:42:
80)
    at div
    at div
    at div
    at C:\Users\Eli\Desktop\Claude 
Code\CPQ-System\src\components\ui\card.tsx:81:57
    at div
    at C:\Users\Eli\Desktop\Claude 
Code\CPQ-System\src\components\ui\card.tsx:7:50
    at BOMGrid (C:\Users\Eli\Desktop\Claude Code\CPQ
-System\src\components\shared\BOMGrid.tsx:22:3)
Warning: A component is `contentEditable` and 
contains `children` managed by React. It is now 
your responsibility to guarantee that none of those 
nodes are unexpectedly modified or duplicated. This 
is probably not intentional.
    at div
    at div
    at div
    at div
    at spy (file:///C:/Users/Eli/Desktop/Claude%20Co
de/CPQ-System/node_modules/tinyspy/dist/index.js:42:
80)
    at div
    at div
    at div
    at C:\Users\Eli\Desktop\Claude 
Code\CPQ-System\src\components\ui\card.tsx:81:57
    at div
    at C:\Users\Eli\Desktop\Claude 
Code\CPQ-System\src\components\ui\card.tsx:7:50
    at BOMGrid (C:\Users\Eli\Desktop\Claude Code\CPQ
-System\src\components\shared\BOMGrid.tsx:22:3)
Warning: A component is `contentEditable` and 
contains `children` managed by React. It is now 
your responsibility to guarantee that none of those 
nodes are unexpectedly modified or duplicated. This 
is probably not intentional.
    at div
    at div
    at div
    at div
    at spy (file:///C:/Users/Eli/Desktop/Claude%20Co
de/CPQ-System/node_modules/tinyspy/dist/index.js:42:
80)
    at div
    at div
    at div
    at C:\Users\Eli\Desktop\Claude 
Code\CPQ-System\src\components\ui\card.tsx:81:57
    at div
    at C:\Users\Eli\Desktop\Claude 
Code\CPQ-System\src\components\ui\card.tsx:7:50
    at BOMGrid (C:\Users\Eli\Desktop\Claude Code\CPQ
-System\src\components\shared\BOMGrid.tsx:22:3)
Warning: A component is `contentEditable` and 
contains `children` managed by React. It is now 
your responsibility to guarantee that none of those 
nodes are unexpectedly modified or duplicated. This 
is probably not intentional.
    at div
    at div
    at div
    at div
    at spy (file:///C:/Users/Eli/Desktop/Claude%20Co
de/CPQ-System/node_modules/tinyspy/dist/index.js:42:
80)
    at div
    at div
    at div
    at C:\Users\Eli\Desktop\Claude 
Code\CPQ-System\src\components\ui\card.tsx:81:57
    at div
    at C:\Users\Eli\Desktop\Claude 
Code\CPQ-System\src\components\ui\card.tsx:7:50
    at BOMGrid (C:\Users\Eli\Desktop\Claude Code\CPQ
-System\src\components\shared\BOMGrid.tsx:22:3)
Warning: A component is `contentEditable` and 
contains `children` managed by React. It is now 
your responsibility to guarantee that none of those 
nodes are unexpectedly modified or duplicated. This 
is probably not intentional.
    at div
    at div
    at div
    at div
    at spy (file:///C:/Users/Eli/Desktop/Claude%20Co
de/CPQ-System/node_modules/tinyspy/dist/index.js:42:
80)
    at div
    at div
    at div
    at C:\Users\Eli\Desktop\Claude 
Code\CPQ-System\src\components\ui\card.tsx:81:57
    at div
    at C:\Users\Eli\Desktop\Claude 
Code\CPQ-System\src\components\ui\card.tsx:7:50
    at BOMGrid (C:\Users\Eli\Desktop\Claude Code\CPQ
-System\src\components\shared\BOMGrid.tsx:22:3)
Warning: A component is `contentEditable` and 
contains `children` managed by React. It is now 
your responsibility to guarantee that none of those 
nodes are unexpectedly modified or duplicated. This 
is probably not intentional.
    at div
    at div
    at div
    at div
    at spy (file:///C:/Users/Eli/Desktop/Claude%20Co
de/CPQ-System/node_modules/tinyspy/dist/index.js:42:
80)
    at div
    at div
    at div
    at C:\Users\Eli\Desktop\Claude 
Code\CPQ-System\src\components\ui\card.tsx:81:57
    at div
    at C:\Users\Eli\Desktop\Claude 
Code\CPQ-System\src\components\ui\card.tsx:7:50
    at BOMGrid (C:\Users\Eli\Desktop\Claude Code\CPQ
-System\src\components\shared\BOMGrid.tsx:22:3)
Warning: A component is `contentEditable` and 
contains `children` managed by React. It is now 
your responsibility to guarantee that none of those 
nodes are unexpectedly modified or duplicated. This 
is probably not intentional.
    at div
    at div
    at div
    at div
    at spy (file:///C:/Users/Eli/Desktop/Claude%20Co
de/CPQ-System/node_modules/tinyspy/dist/index.js:42:
80)
    at div
    at div
    at div
    at C:\Users\Eli\Desktop\Claude 
Code\CPQ-System\src\components\ui\card.tsx:81:57
    at div
    at C:\Users\Eli\Desktop\Claude 
Code\CPQ-System\src\components\ui\card.tsx:7:50
    at BOMGrid (C:\Users\Eli\Desktop\Claude Code\CPQ
-System\src\components\shared\BOMGrid.tsx:22:3)
Warning: A component is `contentEditable` and 
contains `children` managed by React. It is now 
your responsibility to guarantee that none of those 
nodes are unexpectedly modified or duplicated. This 
is probably not intentional.
    at div
    at div
    at div
    at div
    at spy (file:///C:/Users/Eli/Desktop/Claude%20Co
de/CPQ-System/node_modules/tinyspy/dist/index.js:42:
80)
    at div
    at div
    at div
    at C:\Users\Eli\Desktop\Claude 
Code\CPQ-System\src\components\ui\card.tsx:81:57
    at div
    at C:\Users\Eli\Desktop\Claude 
Code\CPQ-System\src\components\ui\card.tsx:7:50
    at BOMGrid (C:\Users\Eli\Desktop\Claude Code\CPQ
-System\src\components\shared\BOMGrid.tsx:22:3)
Warning: A component is `contentEditable` and 
contains `children` managed by React. It is now 
your responsibility to guarantee that none of those 
nodes are unexpectedly modified or duplicated. This 
is probably not intentional.
    at div
    at div
    at div
    at div
    at spy (file:///C:/Users/Eli/Desktop/Claude%20Co
de/CPQ-System/node_modules/tinyspy/dist/index.js:42:
80)
    at div
    at div
    at div
    at C:\Users\Eli\Desktop\Claude 
Code\CPQ-System\src\components\ui\card.tsx:81:57
    at div
    at C:\Users\Eli\Desktop\Claude 
Code\CPQ-System\src\components\ui\card.tsx:7:50
    at BOMGrid (C:\Users\Eli\Desktop\Claude Code\CPQ
-System\src\components\shared\BOMGrid.tsx:22:3)
Warning: A component is `contentEditable` and 
contains `children` managed by React. It is now 
your responsibility to guarantee that none of those 
nodes are unexpectedly modified or duplicated. This 
is probably not intentional.
    at div
    at div
    at div
    at div
    at spy (file:///C:/Users/Eli/Desktop/Claude%20Co
de/CPQ-System/node_modules/tinyspy/dist/index.js:42:
80)
    at div
    at div
    at div
    at C:\Users\Eli\Desktop\Claude 
Code\CPQ-System\src\components\ui\card.tsx:81:57
    at div
    at C:\Users\Eli\Desktop\Claude 
Code\CPQ-System\src\components\ui\card.tsx:7:50
    at BOMGrid (C:\Users\Eli\Desktop\Claude Code\CPQ
-System\src\components\shared\BOMGrid.tsx:22:3)
Warning: A component is `contentEditable` and 
contains `children` managed by React. It is now 
your responsibility to guarantee that none of those 
nodes are unexpectedly modified or duplicated. This 
is probably not intentional.
    at div
    at div
    at div
    at div
    at spy (file:///C:/Users/Eli/Desktop/Claude%20Co
de/CPQ-System/node_modules/tinyspy/dist/index.js:42:
80)
    at div
    at div
    at div
    at C:\Users\Eli\Desktop\Claude 
Code\CPQ-System\src\components\ui\card.tsx:81:57
    at div
    at C:\Users\Eli\Desktop\Claude 
Code\CPQ-System\src\components\ui\card.tsx:7:50
    at BOMGrid (C:\Users\Eli\Desktop\Claude Code\CPQ
-System\src\components\shared\BOMGrid.tsx:22:3)
Warning: A component is `contentEditable` and 
contains `children` managed by React. It is now 
your responsibility to guarantee that none of those 
nodes are unexpectedly modified or duplicated. This 
is probably not intentional.
    at div
    at div
    at div
    at div
    at spy (file:///C:/Users/Eli/Desktop/Claude%20Co
de/CPQ-System/node_modules/tinyspy/dist/index.js:42:
80)
    at div
    at div
    at div
    at C:\Users\Eli\Desktop\Claude 
Code\CPQ-System\src\components\ui\card.tsx:81:57
    at div
    at C:\Users\Eli\Desktop\Claude 
Code\CPQ-System\src\components\ui\card.tsx:7:50
    at BOMGrid (C:\Users\Eli\Desktop\Claude Code\CPQ
-System\src\components\shared\BOMGrid.tsx:22:3)
Warning: A component is `contentEditable` and 
contains `children` managed by React. It is now 
your responsibility to guarantee that none of those 
nodes are unexpectedly modified or duplicated. This 
is probably not intentional.
    at div
    at div
    at div
    at div
    at spy (file:///C:/Users/Eli/Desktop/Claude%20Co
de/CPQ-System/node_modules/tinyspy/dist/index.js:42:
80)
    at div
    at div
    at div
    at C:\Users\Eli\Desktop\Claude 
Code\CPQ-System\src\components\ui\card.tsx:81:57
    at div
    at C:\Users\Eli\Desktop\Claude 
Code\CPQ-System\src\components\ui\card.tsx:7:50
    at BOMGrid (C:\Users\Eli\Desktop\Claude Code\CPQ
-System\src\components\shared\BOMGrid.tsx:22:3)
Warning: A component is `contentEditable` and 
contains `children` managed by React. It is now 
your responsibility to guarantee that none of those 
nodes are unexpectedly modified or duplicated. This 
is probably not intentional.
    at div
    at div
    at div
    at div
    at spy (file:///C:/Users/Eli/Desktop/Claude%20Co
de/CPQ-System/node_modules/tinyspy/dist/index.js:42:
80)
    at div
    at div
    at div
    at C:\Users\Eli\Desktop\Claude 
Code\CPQ-System\src\components\ui\card.tsx:81:57
    at div
    at C:\Users\Eli\Desktop\Claude 
Code\CPQ-System\src\components\ui\card.tsx:7:50
    at BOMGrid (C:\Users\Eli\Desktop\Claude Code\CPQ
-System\src\components\shared\BOMGrid.tsx:22:3)
Warning: A component is `contentEditable` and 
contains `children` managed by React. It is now 
your responsibility to guarantee that none of those 
nodes are unexpectedly modified or duplicated. This 
is probably not intentional.
    at div
    at div
    at div
    at div
    at spy (file:///C:/Users/Eli/Desktop/Claude%20Co
de/CPQ-System/node_modules/tinyspy/dist/index.js:42:
80)
    at div
    at div
    at div
    at C:\Users\Eli\Desktop\Claude 
Code\CPQ-System\src\components\ui\card.tsx:81:57
    at div
    at C:\Users\Eli\Desktop\Claude 
Code\CPQ-System\src\components\ui\card.tsx:7:50
    at BOMGrid (C:\Users\Eli\Desktop\Claude Code\CPQ
-System\src\components\shared\BOMGrid.tsx:22:3)
Warning: A component is `contentEditable` and 
contains `children` managed by React. It is now 
your responsibility to guarantee that none of those 
nodes are unexpectedly modified or duplicated. This 
is probably not intentional.
    at div
    at div
    at div
    at div
    at spy (file:///C:/Users/Eli/Desktop/Claude%20Co
de/CPQ-System/node_modules/tinyspy/dist/index.js:42:
80)
    at div
    at div
    at div
    at C:\Users\Eli\Desktop\Claude 
Code\CPQ-System\src\components\ui\card.tsx:81:57
    at div
    at C:\Users\Eli\Desktop\Claude 
Code\CPQ-System\src\components\ui\card.tsx:7:50
    at BOMGrid (C:\Users\Eli\Desktop\Claude Code\CPQ
-System\src\components\shared\BOMGrid.tsx:22:3)
Warning: A component is `contentEditable` and 
contains `children` managed by React. It is now 
your responsibility to guarantee that none of those 
nodes are unexpectedly modified or duplicated. This 
is probably not intentional.
    at div
    at div
    at div
    at div
    at spy (file:///C:/Users/Eli/Desktop/Claude%20Co
de/CPQ-System/node_modules/tinyspy/dist/index.js:42:
80)
    at div
    at div
    at div
    at C:\Users\Eli\Desktop\Claude 
Code\CPQ-System\src\components\ui\card.tsx:81:57
    at div
    at C:\Users\Eli\Desktop\Claude 
Code\CPQ-System\src\components\ui\card.tsx:7:50
    at BOMGrid (C:\Users\Eli\Desktop\Claude Code\CPQ
-System\src\components\shared\BOMGrid.tsx:22:3)
Warning: A component is `contentEditable` and 
contains `children` managed by React. It is now 
your responsibility to guarantee that none of those 
nodes are unexpectedly modified or duplicated. This 
is probably not intentional.
    at div
    at div
    at div
    at div
    at spy (file:///C:/Users/Eli/Desktop/Claude%20Co
de/CPQ-System/node_modules/tinyspy/dist/index.js:42:
80)
    at div
    at div
    at div
    at C:\Users\Eli\Desktop\Claude 
Code\CPQ-System\src\components\ui\card.tsx:81:57
    at div
    at C:\Users\Eli\Desktop\Claude 
Code\CPQ-System\src\components\ui\card.tsx:7:50
    at BOMGrid (C:\Users\Eli\Desktop\Claude Code\CPQ
-System\src\components\shared\BOMGrid.tsx:22:3)
Warning: A component is `contentEditable` and 
contains `children` managed by React. It is now 
your responsibility to guarantee that none of those 
nodes are unexpectedly modified or duplicated. This 
is probably not intentional.
    at div
    at div
    at div
    at div
    at spy (file:///C:/Users/Eli/Desktop/Claude%20Co
de/CPQ-System/node_modules/tinyspy/dist/index.js:42:
80)
    at div
    at div
    at div
    at C:\Users\Eli\Desktop\Claude 
Code\CPQ-System\src\components\ui\card.tsx:81:57
    at div
    at C:\Users\Eli\Desktop\Claude 
Code\CPQ-System\src\components\ui\card.tsx:7:50
    at BOMGrid (C:\Users\Eli\Desktop\Claude Code\CPQ
-System\src\components\shared\BOMGrid.tsx:22:3)
Warning: A component is `contentEditable` and 
contains `children` managed by React. It is now 
your responsibility to guarantee that none of those 
nodes are unexpectedly modified or duplicated. This 
is probably not intentional.
    at div
    at div
    at div
    at div
    at spy (file:///C:/Users/Eli/Desktop/Claude%20Co
de/CPQ-System/node_modules/tinyspy/dist/index.js:42:
80)
    at div
    at div
    at div
    at C:\Users\Eli\Desktop\Claude 
Code\CPQ-System\src\components\ui\card.tsx:81:57
    at div
    at C:\Users\Eli\Desktop\Claude 
Code\CPQ-System\src\components\ui\card.tsx:7:50
    at BOMGrid (C:\Users\Eli\Desktop\Claude Code\CPQ
-System\src\components\shared\BOMGrid.tsx:22:3)
Warning: A component is `contentEditable` and 
contains `children` managed by React. It is now 
your responsibility to guarantee that none of those 
nodes are unexpectedly modified or duplicated. This 
is probably not intentional.
    at div
    at div
    at div
    at div
    at spy (file:///C:/Users/Eli/Desktop/Claude%20Co
de/CPQ-System/node_modules/tinyspy/dist/index.js:42:
80)
    at div
    at div
    at div
    at C:\Users\Eli\Desktop\Claude 
Code\CPQ-System\src\components\ui\card.tsx:81:57
    at div
    at C:\Users\Eli\Desktop\Claude 
Code\CPQ-System\src\components\ui\card.tsx:7:50
    at BOMGrid (C:\Users\Eli\Desktop\Claude Code\CPQ
-System\src\components\shared\BOMGrid.tsx:22:3)
Warning: A component is `contentEditable` and 
contains `children` managed by React. It is now 
your responsibility to guarantee that none of those 
nodes are unexpectedly modified or duplicated. This 
is probably not intentional.
    at div
    at div
    at div
    at div
    at spy (file:///C:/Users/Eli/Desktop/Claude%20Co
de/CPQ-System/node_modules/tinyspy/dist/index.js:42:
80)
    at div
    at div
    at div
    at C:\Users\Eli\Desktop\Claude 
Code\CPQ-System\src\components\ui\card.tsx:81:57
    at div
    at C:\Users\Eli\Desktop\Claude 
Code\CPQ-System\src\components\ui\card.tsx:7:50
    at BOMGrid (C:\Users\Eli\Desktop\Claude Code\CPQ
-System\src\components\shared\BOMGrid.tsx:22:3)
Warning: A component is `contentEditable` and 
contains `children` managed by React. It is now 
your responsibility to guarantee that none of those 
nodes are unexpectedly modified or duplicated. This 
is probably not intentional.
    at div
    at div
    at div
    at div
    at spy (file:///C:/Users/Eli/Desktop/Claude%20Co
de/CPQ-System/node_modules/tinyspy/dist/index.js:42:
80)
    at div
    at div
    at div
    at C:\Users\Eli\Desktop\Claude 
Code\CPQ-System\src\components\ui\card.tsx:81:57
    at div
    at C:\Users\Eli\Desktop\Claude 
Code\CPQ-System\src\components\ui\card.tsx:7:50
    at BOMGrid (C:\Users\Eli\Desktop\Claude Code\CPQ
-System\src\components\shared\BOMGrid.tsx:22:3)
Warning: A component is `contentEditable` and 
contains `children` managed by React. It is now 
your responsibility to guarantee that none of those 
nodes are unexpectedly modified or duplicated. This 
is probably not intentional.
    at div
    at div
    at div
    at div
    at spy (file:///C:/Users/Eli/Desktop/Claude%20Co
de/CPQ-System/node_modules/tinyspy/dist/index.js:42:
80)
    at div
    at div
    at div
    at C:\Users\Eli\Desktop\Claude 
Code\CPQ-System\src\components\ui\card.tsx:81:57
    at div
    at C:\Users\Eli\Desktop\Claude 
Code\CPQ-System\src\components\ui\card.tsx:7:50
    at BOMGrid (C:\Users\Eli\Desktop\Claude Code\CPQ
-System\src\components\shared\BOMGrid.tsx:22:3)
Warning: A component is `contentEditable` and 
contains `children` managed by React. It is now 
your responsibility to guarantee that none of those 
nodes are unexpectedly modified or duplicated. This 
is probably not intentional.
    at div
    at div
    at div
    at div
    at spy (file:///C:/Users/Eli/Desktop/Claude%20Co
de/CPQ-System/node_modules/tinyspy/dist/index.js:42:
80)
    at div
    at div
    at div
    at C:\Users\Eli\Desktop\Claude 
Code\CPQ-System\src\components\ui\card.tsx:81:57
    at div
    at C:\Users\Eli\Desktop\Claude 
Code\CPQ-System\src\components\ui\card.tsx:7:50
    at BOMGrid (C:\Users\Eli\Desktop\Claude Code\CPQ
-System\src\components\shared\BOMGrid.tsx:22:3)
Warning: A component is `contentEditable` and 
contains `children` managed by React. It is now 
your responsibility to guarantee that none of those 
nodes are unexpectedly modified or duplicated. This 
is probably not intentional.
    at div
    at div
    at div
    at div
    at spy (file:///C:/Users/Eli/Desktop/Claude%20Co
de/CPQ-System/node_modules/tinyspy/dist/index.js:42:
80)
    at div
    at div
    at div
    at C:\Users\Eli\Desktop\Claude 
Code\CPQ-System\src\components\ui\card.tsx:81:57
    at div
    at C:\Users\Eli\Desktop\Claude 
Code\CPQ-System\src\components\ui\card.tsx:7:50
    at BOMGrid (C:\Users\Eli\Desktop\Claude Code\CPQ
-System\src\components\shared\BOMGrid.tsx:22:3)
Warning: A component is `contentEditable` and 
contains `children` managed by React. It is now 
your responsibility to guarantee that none of those 
nodes are unexpectedly modified or duplicated. This 
is probably not intentional.
    at div
    at div
    at div
    at div
    at spy (file:///C:/Users/Eli/Desktop/Claude%20Co
de/CPQ-System/node_modules/tinyspy/dist/index.js:42:
80)
    at div
    at div
    at div
    at C:\Users\Eli\Desktop\Claude 
Code\CPQ-System\src\components\ui\card.tsx:81:57
    at div
    at C:\Users\Eli\Desktop\Claude 
Code\CPQ-System\src\components\ui\card.tsx:7:50
    at BOMGrid (C:\Users\Eli\Desktop\Claude Code\CPQ
-System\src\components\shared\BOMGrid.tsx:22:3)
Warning: A component is `contentEditable` and 
contains `children` managed by React. It is now 
your responsibility to guarantee that none of those 
nodes are unexpectedly modified or duplicated. This 
is probably not intentional.
    at div
    at div
    at div
    at div
    at spy (file:///C:/Users/Eli/Desktop/Claude%20Co
de/CPQ-System/node_modules/tinyspy/dist/index.js:42:
80)
    at div
    at div
    at div
    at C:\Users\Eli\Desktop\Claude 
Code\CPQ-System\src\components\ui\card.tsx:81:57
    at div
    at C:\Users\Eli\Desktop\Claude 
Code\CPQ-System\src\components\ui\card.tsx:7:50
    at BOMGrid (C:\Users\Eli\Desktop\Claude Code\CPQ
-System\src\components\shared\BOMGrid.tsx:22:3)
Warning: A component is `contentEditable` and 
contains `children` managed by React. It is now 
your responsibility to guarantee that none of those 
nodes are unexpectedly modified or duplicated. This 
is probably not intentional.
    at div
    at div
    at div
    at div
    at spy (file:///C:/Users/Eli/Desktop/Claude%20Co
de/CPQ-System/node_modules/tinyspy/dist/index.js:42:
80)
    at div
    at div
    at div
    at C:\Users\Eli\Desktop\Claude 
Code\CPQ-System\src\components\ui\card.tsx:81:57
    at div
    at C:\Users\Eli\Desktop\Claude 
Code\CPQ-System\src\components\ui\card.tsx:7:50
    at BOMGrid (C:\Users\Eli\Desktop\Claude Code\CPQ
-System\src\components\shared\BOMGrid.tsx:22:3)
Warning: A component is `contentEditable` and 
contains `children` managed by React. It is now 
your responsibility to guarantee that none of those 
nodes are unexpectedly modified or duplicated. This 
is probably not intentional.
    at div
    at div
    at div
    at div
    at spy (file:///C:/Users/Eli/Desktop/Claude%20Co
de/CPQ-System/node_modules/tinyspy/dist/index.js:42:
80)
    at div
    at div
    at div
    at C:\Users\Eli\Desktop\Claude 
Code\CPQ-System\src\components\ui\card.tsx:81:57
    at div
    at C:\Users\Eli\Desktop\Claude 
Code\CPQ-System\src\components\ui\card.tsx:7:50
    at BOMGrid (C:\Users\Eli\Desktop\Claude Code\CPQ
-System\src\components\shared\BOMGrid.tsx:22:3)
Warning: A component is `contentEditable` and 
contains `children` managed by React. It is now 
your responsibility to guarantee that none of those 
nodes are unexpectedly modified or duplicated. This 
is probably not intentional.
    at div
    at div
    at div
    at div
    at spy (file:///C:/Users/Eli/Desktop/Claude%20Co
de/CPQ-System/node_modules/tinyspy/dist/index.js:42:
80)
    at div
    at div
    at div
    at C:\Users\Eli\Desktop\Claude 
Code\CPQ-System\src\components\ui\card.tsx:81:57
    at div
    at C:\Users\Eli\Desktop\Claude 
Code\CPQ-System\src\components\ui\card.tsx:7:50
    at BOMGrid (C:\Users\Eli\Desktop\Claude Code\CPQ
-System\src\components\shared\BOMGrid.tsx:22:3)
Warning: A component is `contentEditable` and 
contains `children` managed by React. It is now 
your responsibility to guarantee that none of those 
nodes are unexpectedly modified or duplicated. This 
is probably not intentional.
    at div
    at div
    at div
    at div
    at spy (file:///C:/Users/Eli/Desktop/Claude%20Co
de/CPQ-System/node_modules/tinyspy/dist/index.js:42:
80)
    at div
    at div
    at div
    at C:\Users\Eli\Desktop\Claude 
Code\CPQ-System\src\components\ui\card.tsx:81:57
    at div
    at C:\Users\Eli\Desktop\Claude 
Code\CPQ-System\src\components\ui\card.tsx:7:50
    at BOMGrid (C:\Users\Eli\Desktop\Claude Code\CPQ
-System\src\components\shared\BOMGrid.tsx:22:3)
Warning: A component is `contentEditable` and 
contains `children` managed by React. It is now 
your responsibility to guarantee that none of those 
nodes are unexpectedly modified or duplicated. This 
is probably not intentional.
    at div
    at div
    at div
    at div
    at spy (file:///C:/Users/Eli/Desktop/Claude%20Co
de/CPQ-System/node_modules/tinyspy/dist/index.js:42:
80)
    at div
    at div
    at div
    at C:\Users\Eli\Desktop\Claude 
Code\CPQ-System\src\components\ui\card.tsx:81:57
    at div
    at C:\Users\Eli\Desktop\Claude 
Code\CPQ-System\src\components\ui\card.tsx:7:50
    at BOMGrid (C:\Users\Eli\Desktop\Claude Code\CPQ
-System\src\components\shared\BOMGrid.tsx:22:3)
Warning: A component is `contentEditable` and 
contains `children` managed by React. It is now 
your responsibility to guarantee that none of those 
nodes are unexpectedly modified or duplicated. This 
is probably not intentional.
    at div
    at div
    at div
    at div
    at spy (file:///C:/Users/Eli/Desktop/Claude%20Co
de/CPQ-System/node_modules/tinyspy/dist/index.js:42:
80)
    at div
    at div
    at div
    at C:\Users\Eli\Desktop\Claude 
Code\CPQ-System\src\components\ui\card.tsx:81:57
    at div
    at C:\Users\Eli\Desktop\Claude 
Code\CPQ-System\src\components\ui\card.tsx:7:50
    at BOMGrid (C:\Users\Eli\Desktop\Claude Code\CPQ
-System\src\components\shared\BOMGrid.tsx:22:3)
Warning: A component is `contentEditable` and 
contains `children` managed by React. It is now 
your responsibility to guarantee that none of those 
nodes are unexpectedly modified or duplicated. This 
is probably not intentional.
    at div
    at div
    at div
    at div
    at spy (file:///C:/Users/Eli/Desktop/Claude%20Co
de/CPQ-System/node_modules/tinyspy/dist/index.js:42:
80)
    at div
    at div
    at div
    at C:\Users\Eli\Desktop\Claude 
Code\CPQ-System\src\components\ui\card.tsx:81:57
    at div
    at C:\Users\Eli\Desktop\Claude 
Code\CPQ-System\src\components\ui\card.tsx:7:50
    at BOMGrid (C:\Users\Eli\Desktop\Claude Code\CPQ
-System\src\components\shared\BOMGrid.tsx:22:3)
Warning: A component is `contentEditable` and 
contains `children` managed by React. It is now 
your responsibility to guarantee that none of those 
nodes are unexpectedly modified or duplicated. This 
is probably not intentional.
    at div
    at div
    at div
    at div
    at spy (file:///C:/Users/Eli/Desktop/Claude%20Co
de/CPQ-System/node_modules/tinyspy/dist/index.js:42:
80)
    at div
    at div
    at div
    at C:\Users\Eli\Desktop\Claude 
Code\CPQ-System\src\components\ui\card.tsx:81:57
    at div
    at C:\Users\Eli\Desktop\Claude 
Code\CPQ-System\src\components\ui\card.tsx:7:50
    at BOMGrid (C:\Users\Eli\Desktop\Claude Code\CPQ
-System\src\components\shared\BOMGrid.tsx:22:3)
Warning: A component is `contentEditable` and 
contains `children` managed by React. It is now 
your responsibility to guarantee that none of those 
nodes are unexpectedly modified or duplicated. This 
is probably not intentional.
    at div
    at div
    at div
    at div
    at spy (file:///C:/Users/Eli/Desktop/Claude%20Co
de/CPQ-System/node_modules/tinyspy/dist/index.js:42:
80)
    at div
    at div
    at div
    at C:\Users\Eli\Desktop\Claude 
Code\CPQ-System\src\components\ui\card.tsx:81:57
    at div
    at C:\Users\Eli\Desktop\Claude 
Code\CPQ-System\src\components\ui\card.tsx:7:50
    at BOMGrid (C:\Users\Eli\Desktop\Claude Code\CPQ
-System\src\components\shared\BOMGrid.tsx:22:3)
Warning: A component is `contentEditable` and 
contains `children` managed by React. It is now 
your responsibility to guarantee that none of those 
nodes are unexpectedly modified or duplicated. This 
is probably not intentional.
    at div
    at div
    at div
    at div
    at spy (file:///C:/Users/Eli/Desktop/Claude%20Co
de/CPQ-System/node_modules/tinyspy/dist/index.js:42:
80)
    at div
    at div
    at div
    at C:\Users\Eli\Desktop\Claude 
Code\CPQ-System\src\components\ui\card.tsx:81:57
    at div
    at C:\Users\Eli\Desktop\Claude 
Code\CPQ-System\src\components\ui\card.tsx:7:50
    at BOMGrid (C:\Users\Eli\Desktop\Claude Code\CPQ
-System\src\components\shared\BOMGrid.tsx:22:3)
Warning: A component is `contentEditable` and 
contains `children` managed by React. It is now 
your responsibility to guarantee that none of those 
nodes are unexpectedly modified or duplicated. This 
is probably not intentional.
    at div
    at div
    at div
    at div
    at spy (file:///C:/Users/Eli/Desktop/Claude%20Co
de/CPQ-System/node_modules/tinyspy/dist/index.js:42:
80)
    at div
    at div
    at div
    at C:\Users\Eli\Desktop\Claude 
Code\CPQ-System\src\components\ui\card.tsx:81:57
    at div
    at C:\Users\Eli\Desktop\Claude 
Code\CPQ-System\src\components\ui\card.tsx:7:50
    at BOMGrid (C:\Users\Eli\Desktop\Claude Code\CPQ
-System\src\components\shared\BOMGrid.tsx:22:3)
Warning: A component is `contentEditable` and 
contains `children` managed by React. It is now 
your responsibility to guarantee that none of those 
nodes are unexpectedly modified or duplicated. This 
is probably not intentional.
    at div
    at div
    at div
    at div
    at spy (file:///C:/Users/Eli/Desktop/Claude%20Co
de/CPQ-System/node_modules/tinyspy/dist/index.js:42:
80)
    at div
    at div
    at div
    at C:\Users\Eli\Desktop\Claude 
Code\CPQ-System\src\components\ui\card.tsx:81:57
    at div
    at C:\Users\Eli\Desktop\Claude 
Code\CPQ-System\src\components\ui\card.tsx:7:50
    at BOMGrid (C:\Users\Eli\Desktop\Claude Code\CPQ
-System\src\components\shared\BOMGrid.tsx:22:3)
Warning: A component is `contentEditable` and 
contains `children` managed by React. It is now 
your responsibility to guarantee that none of those 
nodes are unexpectedly modified or duplicated. This 
is probably not intentional.
    at div
    at div
    at div
    at div
    at spy (file:///C:/Users/Eli/Desktop/Claude%20Co
de/CPQ-System/node_modules/tinyspy/dist/index.js:42:
80)
    at div
    at div
    at div
    at C:\Users\Eli\Desktop\Claude 
Code\CPQ-System\src\components\ui\card.tsx:81:57
    at div
    at C:\Users\Eli\Desktop\Claude 
Code\CPQ-System\src\components\ui\card.tsx:7:50
    at BOMGrid (C:\Users\Eli\Desktop\Claude Code\CPQ
-System\src\components\shared\BOMGrid.tsx:22:3)
Warning: A component is `contentEditable` and 
contains `children` managed by React. It is now 
your responsibility to guarantee that none of those 
nodes are unexpectedly modified or duplicated. This 
is probably not intentional.
    at div
    at div
    at div
    at div
    at spy (file:///C:/Users/Eli/Desktop/Claude%20Co
de/CPQ-System/node_modules/tinyspy/dist/index.js:42:
80)
    at div
    at div
    at div
    at C:\Users\Eli\Desktop\Claude 
Code\CPQ-System\src\components\ui\card.tsx:81:57
    at div
    at C:\Users\Eli\Desktop\Claude 
Code\CPQ-System\src\components\ui\card.tsx:7:50
    at BOMGrid (C:\Users\Eli\Desktop\Claude Code\CPQ
-System\src\components\shared\BOMGrid.tsx:22:3)
Warning: A component is `contentEditable` and 
contains `children` managed by React. It is now 
your responsibility to guarantee that none of those 
nodes are unexpectedly modified or duplicated. This 
is probably not intentional.
    at div
    at div
    at div
    at div
    at spy (file:///C:/Users/Eli/Desktop/Claude%20Co
de/CPQ-System/node_modules/tinyspy/dist/index.js:42:
80)
    at div
    at div
    at div
    at C:\Users\Eli\Desktop\Claude 
Code\CPQ-System\src\components\ui\card.tsx:81:57
    at div
    at C:\Users\Eli\Desktop\Claude 
Code\CPQ-System\src\components\ui\card.tsx:7:50
    at BOMGrid (C:\Users\Eli\Desktop\Claude Code\CPQ
-System\src\components\shared\BOMGrid.tsx:22:3)
Warning: A component is `contentEditable` and 
contains `children` managed by React. It is now 
your responsibility to guarantee that none of those 
nodes are unexpectedly modified or duplicated. This 
is probably not intentional.
    at div
    at div
    at div
    at div
    at spy (file:///C:/Users/Eli/Desktop/Claude%20Co
de/CPQ-System/node_modules/tinyspy/dist/index.js:42:
80)
    at div
    at div
    at div
    at C:\Users\Eli\Desktop\Claude 
Code\CPQ-System\src\components\ui\card.tsx:81:57
    at div
    at C:\Users\Eli\Desktop\Claude 
Code\CPQ-System\src\components\ui\card.tsx:7:50
    at BOMGrid (C:\Users\Eli\Desktop\Claude Code\CPQ
-System\src\components\shared\BOMGrid.tsx:22:3)
Warning: A component is `contentEditable` and 
contains `children` managed by React. It is now 
your responsibility to guarantee that none of those 
nodes are unexpectedly modified or duplicated. This 
is probably not intentional.
    at div
    at div
    at div
    at div
    at spy (file:///C:/Users/Eli/Desktop/Claude%20Co
de/CPQ-System/node_modules/tinyspy/dist/index.js:42:
80)
    at div
    at div
    at div
    at C:\Users\Eli\Desktop\Claude 
Code\CPQ-System\src\components\ui\card.tsx:81:57
    at div
    at C:\Users\Eli\Desktop\Claude 
Code\CPQ-System\src\components\ui\card.tsx:7:50
    at BOMGrid (C:\Users\Eli\Desktop\Claude Code\CPQ
-System\src\components\shared\BOMGrid.tsx:22:3)
Warning: A component is `contentEditable` and 
contains `children` managed by React. It is now 
your responsibility to guarantee that none of those 
nodes are unexpectedly modified or duplicated. This 
is probably not intentional.
    at div
    at div
    at div
    at div
    at spy (file:///C:/Users/Eli/Desktop/Claude%20Co
de/CPQ-System/node_modules/tinyspy/dist/index.js:42:
80)
    at div
    at div
    at div
    at C:\Users\Eli\Desktop\Claude 
Code\CPQ-System\src\components\ui\card.tsx:81:57
    at div
    at C:\Users\Eli\Desktop\Claude 
Code\CPQ-System\src\components\ui\card.tsx:7:50
    at BOMGrid (C:\Users\Eli\Desktop\Claude Code\CPQ
-System\src\components\shared\BOMGrid.tsx:22:3)
Warning: A component is `contentEditable` and 
contains `children` managed by React. It is now 
your responsibility to guarantee that none of those 
nodes are unexpectedly modified or duplicated. This 
is probably not intentional.
    at div
    at div
    at div
    at div
    at spy (file:///C:/Users/Eli/Desktop/Claude%20Co
de/CPQ-System/node_modules/tinyspy/dist/index.js:42:
80)
    at div
    at div
    at div
    at C:\Users\Eli\Desktop\Claude 
Code\CPQ-System\src\components\ui\card.tsx:81:57
    at div
    at C:\Users\Eli\Desktop\Claude 
Code\CPQ-System\src\components\ui\card.tsx:7:50
    at BOMGrid (C:\Users\Eli\Desktop\Claude Code\CPQ
-System\src\components\shared\BOMGrid.tsx:22:3)
Warning: A component is `contentEditable` and 
contains `children` managed by React. It is now 
your responsibility to guarantee that none of those 
nodes are unexpectedly modified or duplicated. This 
is probably not intentional.
    at div
    at div
    at div
    at div
    at spy (file:///C:/Users/Eli/Desktop/Claude%20Co
de/CPQ-System/node_modules/tinyspy/dist/index.js:42:
80)
    at div
    at div
    at div
    at C:\Users\Eli\Desktop\Claude 
Code\CPQ-System\src\components\ui\card.tsx:81:57
    at div
    at C:\Users\Eli\Desktop\Claude 
Code\CPQ-System\src\components\ui\card.tsx:7:50
    at BOMGrid (C:\Users\Eli\Desktop\Claude Code\CPQ
-System\src\components\shared\BOMGrid.tsx:22:3)
Warning: A component is `contentEditable` and 
contains `children` managed by React. It is now 
your responsibility to guarantee that none of those 
nodes are unexpectedly modified or duplicated. This 
is probably not intentional.
    at div
    at div
    at div
    at div
    at spy (file:///C:/Users/Eli/Desktop/Claude%20Co
de/CPQ-System/node_modules/tinyspy/dist/index.js:42:
80)
    at div
    at div
    at div
    at C:\Users\Eli\Desktop\Claude 
Code\CPQ-System\src\components\ui\card.tsx:81:57
    at div
    at C:\Users\Eli\Desktop\Claude 
Code\CPQ-System\src\components\ui\card.tsx:7:50
    at BOMGrid (C:\Users\Eli\Desktop\Claude Code\CPQ
-System\src\components\shared\BOMGrid.tsx:22:3)
Warning: A component is `contentEditable` and 
contains `children` managed by React. It is now 
your responsibility to guarantee that none of those 
nodes are unexpectedly modified or duplicated. This 
is probably not intentional.
    at div
    at div
    at div
    at div
    at spy (file:///C:/Users/Eli/Desktop/Claude%20Co
de/CPQ-System/node_modules/tinyspy/dist/index.js:42:
80)
    at div
    at div
    at div
    at C:\Users\Eli\Desktop\Claude 
Code\CPQ-System\src\components\ui\card.tsx:81:57
    at div
    at C:\Users\Eli\Desktop\Claude 
Code\CPQ-System\src\components\ui\card.tsx:7:50
    at BOMGrid (C:\Users\Eli\Desktop\Claude Code\CPQ
-System\src\components\shared\BOMGrid.tsx:22:3)
Warning: A component is `contentEditable` and 
contains `children` managed by React. It is now 
your responsibility to guarantee that none of those 
nodes are unexpectedly modified or duplicated. This 
is probably not intentional.
    at div
    at div
    at div
    at div
    at spy (file:///C:/Users/Eli/Desktop/Claude%20Co
de/CPQ-System/node_modules/tinyspy/dist/index.js:42:
80)
    at div
    at div
    at div
    at C:\Users\Eli\Desktop\Claude 
Code\CPQ-System\src\components\ui\card.tsx:81:57
    at div
    at C:\Users\Eli\Desktop\Claude 
Code\CPQ-System\src\components\ui\card.tsx:7:50
    at BOMGrid (C:\Users\Eli\Desktop\Claude Code\CPQ
-System\src\components\shared\BOMGrid.tsx:22:3)
Warning: A component is `contentEditable` and 
contains `children` managed by React. It is now 
your responsibility to guarantee that none of those 
nodes are unexpectedly modified or duplicated. This 
is probably not intentional.
    at div
    at div
    at div
    at div
    at spy (file:///C:/Users/Eli/Desktop/Claude%20Co
de/CPQ-System/node_modules/tinyspy/dist/index.js:42:
80)
    at div
    at div
    at div
    at C:\Users\Eli\Desktop\Claude 
Code\CPQ-System\src\components\ui\card.tsx:81:57
    at div
    at C:\Users\Eli\Desktop\Claude 
Code\CPQ-System\src\components\ui\card.tsx:7:50
    at BOMGrid (C:\Users\Eli\Desktop\Claude Code\CPQ
-System\src\components\shared\BOMGrid.tsx:22:3)
Warning: A component is `contentEditable` and 
contains `children` managed by React. It is now 
your responsibility to guarantee that none of those 
nodes are unexpectedly modified or duplicated. This 
is probably not intentional.
    at div
    at div
    at div
    at div
    at spy (file:///C:/Users/Eli/Desktop/Claude%20Co
de/CPQ-System/node_modules/tinyspy/dist/index.js:42:
80)
    at div
    at div
    at div
    at C:\Users\Eli\Desktop\Claude 
Code\CPQ-System\src\components\ui\card.tsx:81:57
    at div
    at C:\Users\Eli\Desktop\Claude 
Code\CPQ-System\src\components\ui\card.tsx:7:50
    at BOMGrid (C:\Users\Eli\Desktop\Claude Code\CPQ
-System\src\components\shared\BOMGrid.tsx:22:3)
Warning: A component is `contentEditable` and 
contains `children` managed by React. It is now 
your responsibility to guarantee that none of those 
nodes are unexpectedly modified or duplicated. This 
is probably not intentional.
    at div
    at div
    at div
    at div
    at spy (file:///C:/Users/Eli/Desktop/Claude%20Co
de/CPQ-System/node_modules/tinyspy/dist/index.js:42:
80)
    at div
    at div
    at div
    at C:\Users\Eli\Desktop\Claude 
Code\CPQ-System\src\components\ui\card.tsx:81:57
    at div
    at C:\Users\Eli\Desktop\Claude 
Code\CPQ-System\src\components\ui\card.tsx:7:50
    at BOMGrid (C:\Users\Eli\Desktop\Claude Code\CPQ
-System\src\components\shared\BOMGrid.tsx:22:3)
Warning: A component is `contentEditable` and 
contains `children` managed by React. It is now 
your responsibility to guarantee that none of those 
nodes are unexpectedly modified or duplicated. This 
is probably not intentional.
    at div
    at div
    at div
    at div
    at spy (file:///C:/Users/Eli/Desktop/Claude%20Co
de/CPQ-System/node_modules/tinyspy/dist/index.js:42:
80)
    at div
    at div
    at div
    at C:\Users\Eli\Desktop\Claude 
Code\CPQ-System\src\components\ui\card.tsx:81:57
    at div
    at C:\Users\Eli\Desktop\Claude 
Code\CPQ-System\src\components\ui\card.tsx:7:50
    at BOMGrid (C:\Users\Eli\Desktop\Claude Code\CPQ
-System\src\components\shared\BOMGrid.tsx:22:3)
Warning: A component is `contentEditable` and 
contains `children` managed by React. It is now 
your responsibility to guarantee that none of those 
nodes are unexpectedly modified or duplicated. This 
is probably not intentional.
    at div
    at div
    at div
    at div
    at spy (file:///C:/Users/Eli/Desktop/Claude%20Co
de/CPQ-System/node_modules/tinyspy/dist/index.js:42:
80)
    at div
    at div
    at div
    at C:\Users\Eli\Desktop\Claude 
Code\CPQ-System\src\components\ui\card.tsx:81:57
    at div
    at C:\Users\Eli\Desktop\Claude 
Code\CPQ-System\src\components\ui\card.tsx:7:50
    at BOMGrid (C:\Users\Eli\Desktop\Claude Code\CPQ
-System\src\components\shared\BOMGrid.tsx:22:3)
Warning: A component is `contentEditable` and 
contains `children` managed by React. It is now 
your responsibility to guarantee that none of those 
nodes are unexpectedly modified or duplicated. This 
is probably not intentional.
    at div
    at div
    at div
    at div
    at spy (file:///C:/Users/Eli/Desktop/Claude%20Co
de/CPQ-System/node_modules/tinyspy/dist/index.js:42:
80)
    at div
    at div
    at div
    at C:\Users\Eli\Desktop\Claude 
Code\CPQ-System\src\components\ui\card.tsx:81:57
    at div
    at C:\Users\Eli\Desktop\Claude 
Code\CPQ-System\src\components\ui\card.tsx:7:50
    at BOMGrid (C:\Users\Eli\Desktop\Claude Code\CPQ
-System\src\components\shared\BOMGrid.tsx:22:3)
Warning: A component is `contentEditable` and 
contains `children` managed by React. It is now 
your responsibility to guarantee that none of those 
nodes are unexpectedly modified or duplicated. This 
is probably not intentional.
    at div
    at div
    at div
    at div
    at spy (file:///C:/Users/Eli/Desktop/Claude%20Co
de/CPQ-System/node_modules/tinyspy/dist/index.js:42:
80)
    at div
    at div
    at div
    at C:\Users\Eli\Desktop\Claude 
Code\CPQ-System\src\components\ui\card.tsx:81:57
    at div
    at C:\Users\Eli\Desktop\Claude 
Code\CPQ-System\src\components\ui\card.tsx:7:50
    at BOMGrid (C:\Users\Eli\Desktop\Claude Code\CPQ
-System\src\components\shared\BOMGrid.tsx:22:3)
Warning: A component is `contentEditable` and 
contains `children` managed by React. It is now 
your responsibility to guarantee that none of those 
nodes are unexpectedly modified or duplicated. This 
is probably not intentional.
    at div
    at div
    at div
    at div
    at spy (file:///C:/Users/Eli/Desktop/Claude%20Co
de/CPQ-System/node_modules/tinyspy/dist/index.js:42:
80)
    at div
    at div
    at div
    at C:\Users\Eli\Desktop\Claude 
Code\CPQ-System\src\components\ui\card.tsx:81:57
    at div
    at C:\Users\Eli\Desktop\Claude 
Code\CPQ-System\src\components\ui\card.tsx:7:50
    at BOMGrid (C:\Users\Eli\Desktop\Claude Code\CPQ
-System\src\components\shared\BOMGrid.tsx:22:3)
Warning: A component is `contentEditable` and 
contains `children` managed by React. It is now 
your responsibility to guarantee that none of those 
nodes are unexpectedly modified or duplicated. This 
is probably not intentional.
    at div
    at div
    at div
    at div
    at spy (file:///C:/Users/Eli/Desktop/Claude%20Co
de/CPQ-System/node_modules/tinyspy/dist/index.js:42:
80)
    at div
    at div
    at div
    at C:\Users\Eli\Desktop\Claude 
Code\CPQ-System\src\components\ui\card.tsx:81:57
    at div
    at C:\Users\Eli\Desktop\Claude 
Code\CPQ-System\src\components\ui\card.tsx:7:50
    at BOMGrid (C:\Users\Eli\Desktop\Claude Code\CPQ
-System\src\components\shared\BOMGrid.tsx:22:3)
Warning: A component is `contentEditable` and 
contains `children` managed by React. It is now 
your responsibility to guarantee that none of those 
nodes are unexpectedly modified or duplicated. This 
is probably not intentional.
    at div
    at div
    at div
    at div
    at spy (file:///C:/Users/Eli/Desktop/Claude%20Co
de/CPQ-System/node_modules/tinyspy/dist/index.js:42:
80)
    at div
    at div
    at div
    at C:\Users\Eli\Desktop\Claude 
Code\CPQ-System\src\components\ui\card.tsx:81:57
    at div
    at C:\Users\Eli\Desktop\Claude 
Code\CPQ-System\src\components\ui\card.tsx:7:50
    at BOMGrid (C:\Users\Eli\Desktop\Claude Code\CPQ
-System\src\components\shared\BOMGrid.tsx:22:3)
Warning: A component is `contentEditable` and 
contains `children` managed by React. It is now 
your responsibility to guarantee that none of those 
nodes are unexpectedly modified or duplicated. This 
is probably not intentional.
    at div
    at div
    at div
    at div
    at spy (file:///C:/Users/Eli/Desktop/Claude%20Co
de/CPQ-System/node_modules/tinyspy/dist/index.js:42:
80)
    at div
    at div
    at div
    at C:\Users\Eli\Desktop\Claude 
Code\CPQ-System\src\components\ui\card.tsx:81:57
    at div
    at C:\Users\Eli\Desktop\Claude 
Code\CPQ-System\src\components\ui\card.tsx:7:50
    at BOMGrid (C:\Users\Eli\Desktop\Claude Code\CPQ
-System\src\components\shared\BOMGrid.tsx:22:3)
Warning: A component is `contentEditable` and 
contains `children` managed by React. It is now 
your responsibility to guarantee that none of those 
nodes are unexpectedly modified or duplicated. This 
is probably not intentional.
    at div
    at div
    at div
    at div
    at spy (file:///C:/Users/Eli/Desktop/Claude%20Co
de/CPQ-System/node_modules/tinyspy/dist/index.js:42:
80)
    at div
    at div
    at div
    at C:\Users\Eli\Desktop\Claude 
Code\CPQ-System\src\components\ui\card.tsx:81:57
    at div
    at C:\Users\Eli\Desktop\Claude 
Code\CPQ-System\src\components\ui\card.tsx:7:50
    at BOMGrid (C:\Users\Eli\Desktop\Claude Code\CPQ
-System\src\components\shared\BOMGrid.tsx:22:3)
Warning: A component is `contentEditable` and 
contains `children` managed by React. It is now 
your responsibility to guarantee that none of those 
nodes are unexpectedly modified or duplicated. This 
is probably not intentional.
    at div
    at div
    at div
    at div
    at spy (file:///C:/Users/Eli/Desktop/Claude%20Co
de/CPQ-System/node_modules/tinyspy/dist/index.js:42:
80)
    at div
    at div
    at div
    at C:\Users\Eli\Desktop\Claude 
Code\CPQ-System\src\components\ui\card.tsx:81:57
    at div
    at C:\Users\Eli\Desktop\Claude 
Code\CPQ-System\src\components\ui\card.tsx:7:50
    at BOMGrid (C:\Users\Eli\Desktop\Claude Code\CPQ
-System\src\components\shared\BOMGrid.tsx:22:3)
Warning: A component is `contentEditable` and 
contains `children` managed by React. It is now 
your responsibility to guarantee that none of those 
nodes are unexpectedly modified or duplicated. This 
is probably not intentional.
    at div
    at div
    at div
    at div
    at spy (file:///C:/Users/Eli/Desktop/Claude%20Co
de/CPQ-System/node_modules/tinyspy/dist/index.js:42:
80)
    at div
    at div
    at div
    at C:\Users\Eli\Desktop\Claude 
Code\CPQ-System\src\components\ui\card.tsx:81:57
    at div
    at C:\Users\Eli\Desktop\Claude 
Code\CPQ-System\src\components\ui\card.tsx:7:50
    at BOMGrid (C:\Users\Eli\Desktop\Claude Code\CPQ
-System\src\components\shared\BOMGrid.tsx:22:3)
Warning: A component is `contentEditable` and 
contains `children` managed by React. It is now 
your responsibility to guarantee that none of those 
nodes are unexpectedly modified or duplicated. This 
is probably not intentional.
    at div
    at div
    at div
    at div
    at spy (file:///C:/Users/Eli/Desktop/Claude%20Co
de/CPQ-System/node_modules/tinyspy/dist/index.js:42:
80)
    at div
    at div
    at div
    at C:\Users\Eli\Desktop\Claude 
Code\CPQ-System\src\components\ui\card.tsx:81:57
    at div
    at C:\Users\Eli\Desktop\Claude 
Code\CPQ-System\src\components\ui\card.tsx:7:50
    at BOMGrid (C:\Users\Eli\Desktop\Claude Code\CPQ
-System\src\components\shared\BOMGrid.tsx:22:3)
Warning: A component is `contentEditable` and 
contains `children` managed by React. It is now 
your responsibility to guarantee that none of those 
nodes are unexpectedly modified or duplicated. This 
is probably not intentional.
    at div
    at div
    at div
    at div
    at spy (file:///C:/Users/Eli/Desktop/Claude%20Co
de/CPQ-System/node_modules/tinyspy/dist/index.js:42:
80)
    at div
    at div
    at div
    at C:\Users\Eli\Desktop\Claude 
Code\CPQ-System\src\components\ui\card.tsx:81:57
    at div
    at C:\Users\Eli\Desktop\Claude 
Code\CPQ-System\src\components\ui\card.tsx:7:50
    at BOMGrid (C:\Users\Eli\Desktop\Claude Code\CPQ
-System\src\components\shared\BOMGrid.tsx:22:3)
Warning: A component is `contentEditable` and 
contains `children` managed by React. It is now 
your responsibility to guarantee that none of those 
nodes are unexpectedly modified or duplicated. This 
is probably not intentional.
    at div
    at div
    at div
    at div
    at spy (file:///C:/Users/Eli/Desktop/Claude%20Co
de/CPQ-System/node_modules/tinyspy/dist/index.js:42:
80)
    at div
    at div
    at div
    at C:\Users\Eli\Desktop\Claude 
Code\CPQ-System\src\components\ui\card.tsx:81:57
    at div
    at C:\Users\Eli\Desktop\Claude 
Code\CPQ-System\src\components\ui\card.tsx:7:50
    at BOMGrid (C:\Users\Eli\Desktop\Claude Code\CPQ
-System\src\components\shared\BOMGrid.tsx:22:3)
Warning: A component is `contentEditable` and 
contains `children` managed by React. It is now 
your responsibility to guarantee that none of those 
nodes are unexpectedly modified or duplicated. This 
is probably not intentional.
    at div
    at div
    at div
    at div
    at spy (file:///C:/Users/Eli/Desktop/Claude%20Co
de/CPQ-System/node_modules/tinyspy/dist/index.js:42:
80)
    at div
    at div
    at div
    at C:\Users\Eli\Desktop\Claude 
Code\CPQ-System\src\components\ui\card.tsx:81:57
    at div
    at C:\Users\Eli\Desktop\Claude 
Code\CPQ-System\src\components\ui\card.tsx:7:50
    at BOMGrid (C:\Users\Eli\Desktop\Claude Code\CPQ
-System\src\components\shared\BOMGrid.tsx:22:3)
Warning: A component is `contentEditable` and 
contains `children` managed by React. It is now 
your responsibility to guarantee that none of those 
nodes are unexpectedly modified or duplicated. This 
is probably not intentional.
    at div
    at div
    at div
    at div
    at spy (file:///C:/Users/Eli/Desktop/Claude%20Co
de/CPQ-System/node_modules/tinyspy/dist/index.js:42:
80)
    at div
    at div
    at div
    at C:\Users\Eli\Desktop\Claude 
Code\CPQ-System\src\components\ui\card.tsx:81:57
    at div
    at C:\Users\Eli\Desktop\Claude 
Code\CPQ-System\src\components\ui\card.tsx:7:50
    at BOMGrid (C:\Users\Eli\Desktop\Claude Code\CPQ
-System\src\components\shared\BOMGrid.tsx:22:3)
Warning: A component is `contentEditable` and 
contains `children` managed by React. It is now 
your responsibility to guarantee that none of those 
nodes are unexpectedly modified or duplicated. This 
is probably not intentional.
    at div
    at div
    at div
    at div
    at spy (file:///C:/Users/Eli/Desktop/Claude%20Co
de/CPQ-System/node_modules/tinyspy/dist/index.js:42:
80)
    at div
    at div
    at div
    at C:\Users\Eli\Desktop\Claude 
Code\CPQ-System\src\components\ui\card.tsx:81:57
    at div
    at C:\Users\Eli\Desktop\Claude 
Code\CPQ-System\src\components\ui\card.tsx:7:50
    at BOMGrid (C:\Users\Eli\Desktop\Claude Code\CPQ
-System\src\components\shared\BOMGrid.tsx:22:3)
Warning: A component is `contentEditable` and 
contains `children` managed by React. It is now 
your responsibility to guarantee that none of those 
nodes are unexpectedly modified or duplicated. This 
is probably not intentional.
    at div
    at div
    at div
    at div
    at spy (file:///C:/Users/Eli/Desktop/Claude%20Co
de/CPQ-System/node_modules/tinyspy/dist/index.js:42:
80)
    at div
    at div
    at div
    at C:\Users\Eli\Desktop\Claude 
Code\CPQ-System\src\components\ui\card.tsx:81:57
    at div
    at C:\Users\Eli\Desktop\Claude 
Code\CPQ-System\src\components\ui\card.tsx:7:50
    at BOMGrid (C:\Users\Eli\Desktop\Claude Code\CPQ
-System\src\components\shared\BOMGrid.tsx:22:3)
Warning: A component is `contentEditable` and 
contains `children` managed by React. It is now 
your responsibility to guarantee that none of those 
nodes are unexpectedly modified or duplicated. This 
is probably not intentional.
    at div
    at div
    at div
    at div
    at spy (file:///C:/Users/Eli/Desktop/Claude%20Co
de/CPQ-System/node_modules/tinyspy/dist/index.js:42:
80)
    at div
    at div
    at div
    at C:\Users\Eli\Desktop\Claude 
Code\CPQ-System\src\components\ui\card.tsx:81:57
    at div
    at C:\Users\Eli\Desktop\Claude 
Code\CPQ-System\src\components\ui\card.tsx:7:50
    at BOMGrid (C:\Users\Eli\Desktop\Claude Code\CPQ
-System\src\components\shared\BOMGrid.tsx:22:3)
Warning: A component is `contentEditable` and 
contains `children` managed by React. It is now 
your responsibility to guarantee that none of those 
nodes are unexpectedly modified or duplicated. This 
is probably not intentional.
    at div
    at div
    at div
    at div
    at spy (file:///C:/Users/Eli/Desktop/Claude%20Co
de/CPQ-System/node_modules/tinyspy/dist/index.js:42:
80)
    at div
    at div
    at div
    at C:\Users\Eli\Desktop\Claude 
Code\CPQ-System\src\components\ui\card.tsx:81:57
    at div
    at C:\Users\Eli\Desktop\Claude 
Code\CPQ-System\src\components\ui\card.tsx:7:50
    at BOMGrid (C:\Users\Eli\Desktop\Claude Code\CPQ
-System\src\components\shared\BOMGrid.tsx:22:3)
Warning: A component is `contentEditable` and 
contains `children` managed by React. It is now 
your responsibility to guarantee that none of those 
nodes are unexpectedly modified or duplicated. This 
is probably not intentional.
    at div
    at div
    at div
    at div
    at spy (file:///C:/Users/Eli/Desktop/Claude%20Co
de/CPQ-System/node_modules/tinyspy/dist/index.js:42:
80)
    at div
    at div
    at div
    at C:\Users\Eli\Desktop\Claude 
Code\CPQ-System\src\components\ui\card.tsx:81:57
    at div
    at C:\Users\Eli\Desktop\Claude 
Code\CPQ-System\src\components\ui\card.tsx:7:50
    at BOMGrid (C:\Users\Eli\Desktop\Claude Code\CPQ
-System\src\components\shared\BOMGrid.tsx:22:3)
Warning: A component is `contentEditable` and 
contains `children` managed by React. It is now 
your responsibility to guarantee that none of those 
nodes are unexpectedly modified or duplicated. This 
is probably not intentional.
    at div
    at div
    at div
    at div
    at spy (file:///C:/Users/Eli/Desktop/Claude%20Co
de/CPQ-System/node_modules/tinyspy/dist/index.js:42:
80)
    at div
    at div
    at div
    at C:\Users\Eli\Desktop\Claude 
Code\CPQ-System\src\components\ui\card.tsx:81:57
    at div
    at C:\Users\Eli\Desktop\Claude 
Code\CPQ-System\src\components\ui\card.tsx:7:50
    at BOMGrid (C:\Users\Eli\Desktop\Claude Code\CPQ
-System\src\components\shared\BOMGrid.tsx:22:3)
Warning: A component is `contentEditable` and 
contains `children` managed by React. It is now 
your responsibility to guarantee that none of those 
nodes are unexpectedly modified or duplicated. This 
is probably not intentional.
    at div
    at div
    at div
    at div
    at spy (file:///C:/Users/Eli/Desktop/Claude%20Co
de/CPQ-System/node_modules/tinyspy/dist/index.js:42:
80)
    at div
    at div
    at div
    at C:\Users\Eli\Desktop\Claude 
Code\CPQ-System\src\components\ui\card.tsx:81:57
    at div
    at C:\Users\Eli\Desktop\Claude 
Code\CPQ-System\src\components\ui\card.tsx:7:50
    at BOMGrid (C:\Users\Eli\Desktop\Claude Code\CPQ
-System\src\components\shared\BOMGrid.tsx:22:3)
Warning: A component is `contentEditable` and 
contains `children` managed by React. It is now 
your responsibility to guarantee that none of those 
nodes are unexpectedly modified or duplicated. This 
is probably not intentional.
    at div
    at div
    at div
    at div
    at spy (file:///C:/Users/Eli/Desktop/Claude%20Co
de/CPQ-System/node_modules/tinyspy/dist/index.js:42:
80)
    at div
    at div
    at div
    at C:\Users\Eli\Desktop\Claude 
Code\CPQ-System\src\components\ui\card.tsx:81:57
    at div
    at C:\Users\Eli\Desktop\Claude 
Code\CPQ-System\src\components\ui\card.tsx:7:50
    at BOMGrid (C:\Users\Eli\Desktop\Claude Code\CPQ
-System\src\components\shared\BOMGrid.tsx:22:3)
Warning: A component is `contentEditable` and 
contains `children` managed by React. It is now 
your responsibility to guarantee that none of those 
nodes are unexpectedly modified or duplicated. This 
is probably not intentional.
    at div
    at div
    at div
    at div
    at spy (file:///C:/Users/Eli/Desktop/Claude%20Co
de/CPQ-System/node_modules/tinyspy/dist/index.js:42:
80)
    at div
    at div
    at div
    at C:\Users\Eli\Desktop\Claude 
Code\CPQ-System\src\components\ui\card.tsx:81:57
    at div
    at C:\Users\Eli\Desktop\Claude 
Code\CPQ-System\src\components\ui\card.tsx:7:50
    at BOMGrid (C:\Users\Eli\Desktop\Claude Code\CPQ
-System\src\components\shared\BOMGrid.tsx:22:3)

[90mstderr[2m | src/components/shared/__tests__/BO
MGrid.test.tsx[2m > [22m[2mBOMGrid[2m > 
[22m[2mAccessibility[2m > [22m[2mhas proper 
ARIA labels and roles[22m[39m
Warning: A component is `contentEditable` and 
contains `children` managed by React. It is now 
your responsibility to guarantee that none of those 
nodes are unexpectedly modified or duplicated. This 
is probably not intentional.
    at div
    at div
    at div
    at div
    at spy (file:///C:/Users/Eli/Desktop/Claude%20Co
de/CPQ-System/node_modules/tinyspy/dist/index.js:42:
80)
    at div
    at div
    at div
    at C:\Users\Eli\Desktop\Claude 
Code\CPQ-System\src\components\ui\card.tsx:81:57
    at div
    at C:\Users\Eli\Desktop\Claude 
Code\CPQ-System\src\components\ui\card.tsx:7:50
    at BOMGrid (C:\Users\Eli\Desktop\Claude Code\CPQ
-System\src\components\shared\BOMGrid.tsx:22:3)
Warning: A component is `contentEditable` and 
contains `children` managed by React. It is now 
your responsibility to guarantee that none of those 
nodes are unexpectedly modified or duplicated. This 
is probably not intentional.
    at div
    at div
    at div
    at div
    at spy (file:///C:/Users/Eli/Desktop/Claude%20Co
de/CPQ-System/node_modules/tinyspy/dist/index.js:42:
80)
    at div
    at div
    at div
    at C:\Users\Eli\Desktop\Claude 
Code\CPQ-System\src\components\ui\card.tsx:81:57
    at div
    at C:\Users\Eli\Desktop\Claude 
Code\CPQ-System\src\components\ui\card.tsx:7:50
    at BOMGrid (C:\Users\Eli\Desktop\Claude Code\CPQ
-System\src\components\shared\BOMGrid.tsx:22:3)
Warning: A component is `contentEditable` and 
contains `children` managed by React. It is now 
your responsibility to guarantee that none of those 
nodes are unexpectedly modified or duplicated. This 
is probably not intentional.
    at div
    at div
    at div
    at div
    at spy (file:///C:/Users/Eli/Desktop/Claude%20Co
de/CPQ-System/node_modules/tinyspy/dist/index.js:42:
80)
    at div
    at div
    at div
    at C:\Users\Eli\Desktop\Claude 
Code\CPQ-System\src\components\ui\card.tsx:81:57
    at div
    at C:\Users\Eli\Desktop\Claude 
Code\CPQ-System\src\components\ui\card.tsx:7:50
    at BOMGrid (C:\Users\Eli\Desktop\Claude Code\CPQ
-System\src\components\shared\BOMGrid.tsx:22:3)
Warning: A component is `contentEditable` and 
contains `children` managed by React. It is now 
your responsibility to guarantee that none of those 
nodes are unexpectedly modified or duplicated. This 
is probably not intentional.
    at div
    at div
    at div
    at div
    at spy (file:///C:/Users/Eli/Desktop/Claude%20Co
de/CPQ-System/node_modules/tinyspy/dist/index.js:42:
80)
    at div
    at div
    at div
    at C:\Users\Eli\Desktop\Claude 
Code\CPQ-System\src\components\ui\card.tsx:81:57
    at div
    at C:\Users\Eli\Desktop\Claude 
Code\CPQ-System\src\components\ui\card.tsx:7:50
    at BOMGrid (C:\Users\Eli\Desktop\Claude Code\CPQ
-System\src\components\shared\BOMGrid.tsx:22:3)
Warning: A component is `contentEditable` and 
contains `children` managed by React. It is now 
your responsibility to guarantee that none of those 
nodes are unexpectedly modified or duplicated. This 
is probably not intentional.
    at div
    at div
    at div
    at div
    at spy (file:///C:/Users/Eli/Desktop/Claude%20Co
de/CPQ-System/node_modules/tinyspy/dist/index.js:42:
80)
    at div
    at div
    at div
    at C:\Users\Eli\Desktop\Claude 
Code\CPQ-System\src\components\ui\card.tsx:81:57
    at div
    at C:\Users\Eli\Desktop\Claude 
Code\CPQ-System\src\components\ui\card.tsx:7:50
    at BOMGrid (C:\Users\Eli\Desktop\Claude Code\CPQ
-System\src\components\shared\BOMGrid.tsx:22:3)
Warning: A component is `contentEditable` and 
contains `children` managed by React. It is now 
your responsibility to guarantee that none of those 
nodes are unexpectedly modified or duplicated. This 
is probably not intentional.
    at div
    at div
    at div
    at div
    at spy (file:///C:/Users/Eli/Desktop/Claude%20Co
de/CPQ-System/node_modules/tinyspy/dist/index.js:42:
80)
    at div
    at div
    at div
    at C:\Users\Eli\Desktop\Claude 
Code\CPQ-System\src\components\ui\card.tsx:81:57
    at div
    at C:\Users\Eli\Desktop\Claude 
Code\CPQ-System\src\components\ui\card.tsx:7:50
    at BOMGrid (C:\Users\Eli\Desktop\Claude Code\CPQ
-System\src\components\shared\BOMGrid.tsx:22:3)
Warning: A component is `contentEditable` and 
contains `children` managed by React. It is now 
your responsibility to guarantee that none of those 
nodes are unexpectedly modified or duplicated. This 
is probably not intentional.
    at div
    at div
    at div
    at div
    at spy (file:///C:/Users/Eli/Desktop/Claude%20Co
de/CPQ-System/node_modules/tinyspy/dist/index.js:42:
80)
    at div
    at div
    at div
    at C:\Users\Eli\Desktop\Claude 
Code\CPQ-System\src\components\ui\card.tsx:81:57
    at div
    at C:\Users\Eli\Desktop\Claude 
Code\CPQ-System\src\components\ui\card.tsx:7:50
    at BOMGrid (C:\Users\Eli\Desktop\Claude Code\CPQ
-System\src\components\shared\BOMGrid.tsx:22:3)
Warning: A component is `contentEditable` and 
contains `children` managed by React. It is now 
your responsibility to guarantee that none of those 
nodes are unexpectedly modified or duplicated. This 
is probably not intentional.
    at div
    at div
    at div
    at div
    at spy (file:///C:/Users/Eli/Desktop/Claude%20Co
de/CPQ-System/node_modules/tinyspy/dist/index.js:42:
80)
    at div
    at div
    at div
    at C:\Users\Eli\Desktop\Claude 
Code\CPQ-System\src\components\ui\card.tsx:81:57
    at div
    at C:\Users\Eli\Desktop\Claude 
Code\CPQ-System\src\components\ui\card.tsx:7:50
    at BOMGrid (C:\Users\Eli\Desktop\Claude Code\CPQ
-System\src\components\shared\BOMGrid.tsx:22:3)
Warning: A component is `contentEditable` and 
contains `children` managed by React. It is now 
your responsibility to guarantee that none of those 
nodes are unexpectedly modified or duplicated. This 
is probably not intentional.
    at div
    at div
    at div
    at div
    at spy (file:///C:/Users/Eli/Desktop/Claude%20Co
de/CPQ-System/node_modules/tinyspy/dist/index.js:42:
80)
    at div
    at div
    at div
    at C:\Users\Eli\Desktop\Claude 
Code\CPQ-System\src\components\ui\card.tsx:81:57
    at div
    at C:\Users\Eli\Desktop\Claude 
Code\CPQ-System\src\components\ui\card.tsx:7:50
    at BOMGrid (C:\Users\Eli\Desktop\Claude Code\CPQ
-System\src\components\shared\BOMGrid.tsx:22:3)
Warning: A component is `contentEditable` and 
contains `children` managed by React. It is now 
your responsibility to guarantee that none of those 
nodes are unexpectedly modified or duplicated. This 
is probably not intentional.
    at div
    at div
    at div
    at div
    at spy (file:///C:/Users/Eli/Desktop/Claude%20Co
de/CPQ-System/node_modules/tinyspy/dist/index.js:42:
80)
    at div
    at div
    at div
    at C:\Users\Eli\Desktop\Claude 
Code\CPQ-System\src\components\ui\card.tsx:81:57
    at div
    at C:\Users\Eli\Desktop\Claude 
Code\CPQ-System\src\components\ui\card.tsx:7:50
    at BOMGrid (C:\Users\Eli\Desktop\Claude Code\CPQ
-System\src\components\shared\BOMGrid.tsx:22:3)
Warning: A component is `contentEditable` and 
contains `children` managed by React. It is now 
your responsibility to guarantee that none of those 
nodes are unexpectedly modified or duplicated. This 
is probably not intentional.
    at div
    at div
    at div
    at div
    at spy (file:///C:/Users/Eli/Desktop/Claude%20Co
de/CPQ-System/node_modules/tinyspy/dist/index.js:42:
80)
    at div
    at div
    at div
    at C:\Users\Eli\Desktop\Claude 
Code\CPQ-System\src\components\ui\card.tsx:81:57
    at div
    at C:\Users\Eli\Desktop\Claude 
Code\CPQ-System\src\components\ui\card.tsx:7:50
    at BOMGrid (C:\Users\Eli\Desktop\Claude Code\CPQ
-System\src\components\shared\BOMGrid.tsx:22:3)
Warning: A component is `contentEditable` and 
contains `children` managed by React. It is now 
your responsibility to guarantee that none of those 
nodes are unexpectedly modified or duplicated. This 
is probably not intentional.
    at div
    at div
    at div
    at div
    at spy (file:///C:/Users/Eli/Desktop/Claude%20Co
de/CPQ-System/node_modules/tinyspy/dist/index.js:42:
80)
    at div
    at div
    at div
    at C:\Users\Eli\Desktop\Claude 
Code\CPQ-System\src\components\ui\card.tsx:81:57
    at div
    at C:\Users\Eli\Desktop\Claude 
Code\CPQ-System\src\components\ui\card.tsx:7:50
    at BOMGrid (C:\Users\Eli\Desktop\Claude Code\CPQ
-System\src\components\shared\BOMGrid.tsx:22:3)
Warning: A component is `contentEditable` and 
contains `children` managed by React. It is now 
your responsibility to guarantee that none of those 
nodes are unexpectedly modified or duplicated. This 
is probably not intentional.
    at div
    at div
    at div
    at div
    at spy (file:///C:/Users/Eli/Desktop/Claude%20Co
de/CPQ-System/node_modules/tinyspy/dist/index.js:42:
80)
    at div
    at div
    at div
    at C:\Users\Eli\Desktop\Claude 
Code\CPQ-System\src\components\ui\card.tsx:81:57
    at div
    at C:\Users\Eli\Desktop\Claude 
Code\CPQ-System\src\components\ui\card.tsx:7:50
    at BOMGrid (C:\Users\Eli\Desktop\Claude Code\CPQ
-System\src\components\shared\BOMGrid.tsx:22:3)
Warning: A component is `contentEditable` and 
contains `children` managed by React. It is now 
your responsibility to guarantee that none of those 
nodes are unexpectedly modified or duplicated. This 
is probably not intentional.
    at div
    at div
    at div
    at div
    at spy (file:///C:/Users/Eli/Desktop/Claude%20Co
de/CPQ-System/node_modules/tinyspy/dist/index.js:42:
80)
    at div
    at div
    at div
    at C:\Users\Eli\Desktop\Claude 
Code\CPQ-System\src\components\ui\card.tsx:81:57
    at div
    at C:\Users\Eli\Desktop\Claude 
Code\CPQ-System\src\components\ui\card.tsx:7:50
    at BOMGrid (C:\Users\Eli\Desktop\Claude Code\CPQ
-System\src\components\shared\BOMGrid.tsx:22:3)
Warning: A component is `contentEditable` and 
contains `children` managed by React. It is now 
your responsibility to guarantee that none of those 
nodes are unexpectedly modified or duplicated. This 
is probably not intentional.
    at div
    at div
    at div
    at div
    at spy (file:///C:/Users/Eli/Desktop/Claude%20Co
de/CPQ-System/node_modules/tinyspy/dist/index.js:42:
80)
    at div
    at div
    at div
    at C:\Users\Eli\Desktop\Claude 
Code\CPQ-System\src\components\ui\card.tsx:81:57
    at div
    at C:\Users\Eli\Desktop\Claude 
Code\CPQ-System\src\components\ui\card.tsx:7:50
    at BOMGrid (C:\Users\Eli\Desktop\Claude Code\CPQ
-System\src\components\shared\BOMGrid.tsx:22:3)
Warning: A component is `contentEditable` and 
contains `children` managed by React. It is now 
your responsibility to guarantee that none of those 
nodes are unexpectedly modified or duplicated. This 
is probably not intentional.
    at div
    at div
    at div
    at div
    at spy (file:///C:/Users/Eli/Desktop/Claude%20Co
de/CPQ-System/node_modules/tinyspy/dist/index.js:42:
80)
    at div
    at div
    at div
    at C:\Users\Eli\Desktop\Claude 
Code\CPQ-System\src\components\ui\card.tsx:81:57
    at div
    at C:\Users\Eli\Desktop\Claude 
Code\CPQ-System\src\components\ui\card.tsx:7:50
    at BOMGrid (C:\Users\Eli\Desktop\Claude Code\CPQ
-System\src\components\shared\BOMGrid.tsx:22:3)
Warning: A component is `contentEditable` and 
contains `children` managed by React. It is now 
your responsibility to guarantee that none of those 
nodes are unexpectedly modified or duplicated. This 
is probably not intentional.
    at div
    at div
    at div
    at div
    at spy (file:///C:/Users/Eli/Desktop/Claude%20Co
de/CPQ-System/node_modules/tinyspy/dist/index.js:42:
80)
    at div
    at div
    at div
    at C:\Users\Eli\Desktop\Claude 
Code\CPQ-System\src\components\ui\card.tsx:81:57
    at div
    at C:\Users\Eli\Desktop\Claude 
Code\CPQ-System\src\components\ui\card.tsx:7:50
    at BOMGrid (C:\Users\Eli\Desktop\Claude Code\CPQ
-System\src\components\shared\BOMGrid.tsx:22:3)
Warning: A component is `contentEditable` and 
contains `children` managed by React. It is now 
your responsibility to guarantee that none of those 
nodes are unexpectedly modified or duplicated. This 
is probably not intentional.
    at div
    at div
    at div
    at div
    at spy (file:///C:/Users/Eli/Desktop/Claude%20Co
de/CPQ-System/node_modules/tinyspy/dist/index.js:42:
80)
    at div
    at div
    at div
    at C:\Users\Eli\Desktop\Claude 
Code\CPQ-System\src\components\ui\card.tsx:81:57
    at div
    at C:\Users\Eli\Desktop\Claude 
Code\CPQ-System\src\components\ui\card.tsx:7:50
    at BOMGrid (C:\Users\Eli\Desktop\Claude Code\CPQ
-System\src\components\shared\BOMGrid.tsx:22:3)
Warning: A component is `contentEditable` and 
contains `children` managed by React. It is now 
your responsibility to guarantee that none of those 
nodes are unexpectedly modified or duplicated. This 
is probably not intentional.
    at div
    at div
    at div
    at div
    at spy (file:///C:/Users/Eli/Desktop/Claude%20Co
de/CPQ-System/node_modules/tinyspy/dist/index.js:42:
80)
    at div
    at div
    at div
    at C:\Users\Eli\Desktop\Claude 
Code\CPQ-System\src\components\ui\card.tsx:81:57
    at div
    at C:\Users\Eli\Desktop\Claude 
Code\CPQ-System\src\components\ui\card.tsx:7:50
    at BOMGrid (C:\Users\Eli\Desktop\Claude Code\CPQ
-System\src\components\shared\BOMGrid.tsx:22:3)
Warning: A component is `contentEditable` and 
contains `children` managed by React. It is now 
your responsibility to guarantee that none of those 
nodes are unexpectedly modified or duplicated. This 
is probably not intentional.
    at div
    at div
    at div
    at div
    at spy (file:///C:/Users/Eli/Desktop/Claude%20Co
de/CPQ-System/node_modules/tinyspy/dist/index.js:42:
80)
    at div
    at div
    at div
    at C:\Users\Eli\Desktop\Claude 
Code\CPQ-System\src\components\ui\card.tsx:81:57
    at div
    at C:\Users\Eli\Desktop\Claude 
Code\CPQ-System\src\components\ui\card.tsx:7:50
    at BOMGrid (C:\Users\Eli\Desktop\Claude Code\CPQ
-System\src\components\shared\BOMGrid.tsx:22:3)
Warning: A component is `contentEditable` and 
contains `children` managed by React. It is now 
your responsibility to guarantee that none of those 
nodes are unexpectedly modified or duplicated. This 
is probably not intentional.
    at div
    at div
    at div
    at div
    at spy (file:///C:/Users/Eli/Desktop/Claude%20Co
de/CPQ-System/node_modules/tinyspy/dist/index.js:42:
80)
    at div
    at div
    at div
    at C:\Users\Eli\Desktop\Claude 
Code\CPQ-System\src\components\ui\card.tsx:81:57
    at div
    at C:\Users\Eli\Desktop\Claude 
Code\CPQ-System\src\components\ui\card.tsx:7:50
    at BOMGrid (C:\Users\Eli\Desktop\Claude Code\CPQ
-System\src\components\shared\BOMGrid.tsx:22:3)
Warning: A component is `contentEditable` and 
contains `children` managed by React. It is now 
your responsibility to guarantee that none of those 
nodes are unexpectedly modified or duplicated. This 
is probably not intentional.
    at div
    at div
    at div
    at div
    at spy (file:///C:/Users/Eli/Desktop/Claude%20Co
de/CPQ-System/node_modules/tinyspy/dist/index.js:42:
80)
    at div
    at div
    at div
    at C:\Users\Eli\Desktop\Claude 
Code\CPQ-System\src\components\ui\card.tsx:81:57
    at div
    at C:\Users\Eli\Desktop\Claude 
Code\CPQ-System\src\components\ui\card.tsx:7:50
    at BOMGrid (C:\Users\Eli\Desktop\Claude Code\CPQ
-System\src\components\shared\BOMGrid.tsx:22:3)
Warning: A component is `contentEditable` and 
contains `children` managed by React. It is now 
your responsibility to guarantee that none of those 
nodes are unexpectedly modified or duplicated. This 
is probably not intentional.
    at div
    at div
    at div
    at div
    at spy (file:///C:/Users/Eli/Desktop/Claude%20Co
de/CPQ-System/node_modules/tinyspy/dist/index.js:42:
80)
    at div
    at div
    at div
    at C:\Users\Eli\Desktop\Claude 
Code\CPQ-System\src\components\ui\card.tsx:81:57
    at div
    at C:\Users\Eli\Desktop\Claude 
Code\CPQ-System\src\components\ui\card.tsx:7:50
    at BOMGrid (C:\Users\Eli\Desktop\Claude Code\CPQ
-System\src\components\shared\BOMGrid.tsx:22:3)
Warning: A component is `contentEditable` and 
contains `children` managed by React. It is now 
your responsibility to guarantee that none of those 
nodes are unexpectedly modified or duplicated. This 
is probably not intentional.
    at div
    at div
    at div
    at div
    at spy (file:///C:/Users/Eli/Desktop/Claude%20Co
de/CPQ-System/node_modules/tinyspy/dist/index.js:42:
80)
    at div
    at div
    at div
    at C:\Users\Eli\Desktop\Claude 
Code\CPQ-System\src\components\ui\card.tsx:81:57
    at div
    at C:\Users\Eli\Desktop\Claude 
Code\CPQ-System\src\components\ui\card.tsx:7:50
    at BOMGrid (C:\Users\Eli\Desktop\Claude Code\CPQ
-System\src\components\shared\BOMGrid.tsx:22:3)
Warning: A component is `contentEditable` and 
contains `children` managed by React. It is now 
your responsibility to guarantee that none of those 
nodes are unexpectedly modified or duplicated. This 
is probably not intentional.
    at div
    at div
    at div
    at div
    at spy (file:///C:/Users/Eli/Desktop/Claude%20Co
de/CPQ-System/node_modules/tinyspy/dist/index.js:42:
80)
    at div
    at div
    at div
    at C:\Users\Eli\Desktop\Claude 
Code\CPQ-System\src\components\ui\card.tsx:81:57
    at div
    at C:\Users\Eli\Desktop\Claude 
Code\CPQ-System\src\components\ui\card.tsx:7:50
    at BOMGrid (C:\Users\Eli\Desktop\Claude Code\CPQ
-System\src\components\shared\BOMGrid.tsx:22:3)
Warning: A component is `contentEditable` and 
contains `children` managed by React. It is now 
your responsibility to guarantee that none of those 
nodes are unexpectedly modified or duplicated. This 
is probably not intentional.
    at div
    at div
    at div
    at div
    at spy (file:///C:/Users/Eli/Desktop/Claude%20Co
de/CPQ-System/node_modules/tinyspy/dist/index.js:42:
80)
    at div
    at div
    at div
    at C:\Users\Eli\Desktop\Claude 
Code\CPQ-System\src\components\ui\card.tsx:81:57
    at div
    at C:\Users\Eli\Desktop\Claude 
Code\CPQ-System\src\components\ui\card.tsx:7:50
    at BOMGrid (C:\Users\Eli\Desktop\Claude Code\CPQ
-System\src\components\shared\BOMGrid.tsx:22:3)
Warning: A component is `contentEditable` and 
contains `children` managed by React. It is now 
your responsibility to guarantee that none of those 
nodes are unexpectedly modified or duplicated. This 
is probably not intentional.
    at div
    at div
    at div
    at div
    at spy (file:///C:/Users/Eli/Desktop/Claude%20Co
de/CPQ-System/node_modules/tinyspy/dist/index.js:42:
80)
    at div
    at div
    at div
    at C:\Users\Eli\Desktop\Claude 
Code\CPQ-System\src\components\ui\card.tsx:81:57
    at div
    at C:\Users\Eli\Desktop\Claude 
Code\CPQ-System\src\components\ui\card.tsx:7:50
    at BOMGrid (C:\Users\Eli\Desktop\Claude Code\CPQ
-System\src\components\shared\BOMGrid.tsx:22:3)
Warning: A component is `contentEditable` and 
contains `children` managed by React. It is now 
your responsibility to guarantee that none of those 
nodes are unexpectedly modified or duplicated. This 
is probably not intentional.
    at div
    at div
    at div
    at div
    at spy (file:///C:/Users/Eli/Desktop/Claude%20Co
de/CPQ-System/node_modules/tinyspy/dist/index.js:42:
80)
    at div
    at div
    at div
    at C:\Users\Eli\Desktop\Claude 
Code\CPQ-System\src\components\ui\card.tsx:81:57
    at div
    at C:\Users\Eli\Desktop\Claude 
Code\CPQ-System\src\components\ui\card.tsx:7:50
    at BOMGrid (C:\Users\Eli\Desktop\Claude Code\CPQ
-System\src\components\shared\BOMGrid.tsx:22:3)
Warning: A component is `contentEditable` and 
contains `children` managed by React. It is now 
your responsibility to guarantee that none of those 
nodes are unexpectedly modified or duplicated. This 
is probably not intentional.
    at div
    at div
    at div
    at div
    at spy (file:///C:/Users/Eli/Desktop/Claude%20Co
de/CPQ-System/node_modules/tinyspy/dist/index.js:42:
80)
    at div
    at div
    at div
    at C:\Users\Eli\Desktop\Claude 
Code\CPQ-System\src\components\ui\card.tsx:81:57
    at div
    at C:\Users\Eli\Desktop\Claude 
Code\CPQ-System\src\components\ui\card.tsx:7:50
    at BOMGrid (C:\Users\Eli\Desktop\Claude Code\CPQ
-System\src\components\shared\BOMGrid.tsx:22:3)
Warning: A component is `contentEditable` and 
contains `children` managed by React. It is now 
your responsibility to guarantee that none of those 
nodes are unexpectedly modified or duplicated. This 
is probably not intentional.
    at div
    at div
    at div
    at div
    at spy (file:///C:/Users/Eli/Desktop/Claude%20Co
de/CPQ-System/node_modules/tinyspy/dist/index.js:42:
80)
    at div
    at div
    at div
    at C:\Users\Eli\Desktop\Claude 
Code\CPQ-System\src\components\ui\card.tsx:81:57
    at div
    at C:\Users\Eli\Desktop\Claude 
Code\CPQ-System\src\components\ui\card.tsx:7:50
    at BOMGrid (C:\Users\Eli\Desktop\Claude Code\CPQ
-System\src\components\shared\BOMGrid.tsx:22:3)
Warning: A component is `contentEditable` and 
contains `children` managed by React. It is now 
your responsibility to guarantee that none of those 
nodes are unexpectedly modified or duplicated. This 
is probably not intentional.
    at div
    at div
    at div
    at div
    at spy (file:///C:/Users/Eli/Desktop/Claude%20Co
de/CPQ-System/node_modules/tinyspy/dist/index.js:42:
80)
    at div
    at div
    at div
    at C:\Users\Eli\Desktop\Claude 
Code\CPQ-System\src\components\ui\card.tsx:81:57
    at div
    at C:\Users\Eli\Desktop\Claude 
Code\CPQ-System\src\components\ui\card.tsx:7:50
    at BOMGrid (C:\Users\Eli\Desktop\Claude Code\CPQ
-System\src\components\shared\BOMGrid.tsx:22:3)
Warning: A component is `contentEditable` and 
contains `children` managed by React. It is now 
your responsibility to guarantee that none of those 
nodes are unexpectedly modified or duplicated. This 
is probably not intentional.
    at div
    at div
    at div
    at div
    at spy (file:///C:/Users/Eli/Desktop/Claude%20Co
de/CPQ-System/node_modules/tinyspy/dist/index.js:42:
80)
    at div
    at div
    at div
    at C:\Users\Eli\Desktop\Claude 
Code\CPQ-System\src\components\ui\card.tsx:81:57
    at div
    at C:\Users\Eli\Desktop\Claude 
Code\CPQ-System\src\components\ui\card.tsx:7:50
    at BOMGrid (C:\Users\Eli\Desktop\Claude Code\CPQ
-System\src\components\shared\BOMGrid.tsx:22:3)
Warning: A component is `contentEditable` and 
contains `children` managed by React. It is now 
your responsibility to guarantee that none of those 
nodes are unexpectedly modified or duplicated. This 
is probably not intentional.
    at div
    at div
    at div
    at div
    at spy (file:///C:/Users/Eli/Desktop/Claude%20Co
de/CPQ-System/node_modules/tinyspy/dist/index.js:42:
80)
    at div
    at div
    at div
    at C:\Users\Eli\Desktop\Claude 
Code\CPQ-System\src\components\ui\card.tsx:81:57
    at div
    at C:\Users\Eli\Desktop\Claude 
Code\CPQ-System\src\components\ui\card.tsx:7:50
    at BOMGrid (C:\Users\Eli\Desktop\Claude Code\CPQ
-System\src\components\shared\BOMGrid.tsx:22:3)
Warning: A component is `contentEditable` and 
contains `children` managed by React. It is now 
your responsibility to guarantee that none of those 
nodes are unexpectedly modified or duplicated. This 
is probably not intentional.
    at div
    at div
    at div
    at div
    at spy (file:///C:/Users/Eli/Desktop/Claude%20Co
de/CPQ-System/node_modules/tinyspy/dist/index.js:42:
80)
    at div
    at div
    at div
    at C:\Users\Eli\Desktop\Claude 
Code\CPQ-System\src\components\ui\card.tsx:81:57
    at div
    at C:\Users\Eli\Desktop\Claude 
Code\CPQ-System\src\components\ui\card.tsx:7:50
    at BOMGrid (C:\Users\Eli\Desktop\Claude Code\CPQ
-System\src\components\shared\BOMGrid.tsx:22:3)
Warning: A component is `contentEditable` and 
contains `children` managed by React. It is now 
your responsibility to guarantee that none of those 
nodes are unexpectedly modified or duplicated. This 
is probably not intentional.
    at div
    at div
    at div
    at div
    at spy (file:///C:/Users/Eli/Desktop/Claude%20Co
de/CPQ-System/node_modules/tinyspy/dist/index.js:42:
80)
    at div
    at div
    at div
    at C:\Users\Eli\Desktop\Claude 
Code\CPQ-System\src\components\ui\card.tsx:81:57
    at div
    at C:\Users\Eli\Desktop\Claude 
Code\CPQ-System\src\components\ui\card.tsx:7:50
    at BOMGrid (C:\Users\Eli\Desktop\Claude Code\CPQ
-System\src\components\shared\BOMGrid.tsx:22:3)
Warning: A component is `contentEditable` and 
contains `children` managed by React. It is now 
your responsibility to guarantee that none of those 
nodes are unexpectedly modified or duplicated. This 
is probably not intentional.
    at div
    at div
    at div
    at div
    at spy (file:///C:/Users/Eli/Desktop/Claude%20Co
de/CPQ-System/node_modules/tinyspy/dist/index.js:42:
80)
    at div
    at div
    at div
    at C:\Users\Eli\Desktop\Claude 
Code\CPQ-System\src\components\ui\card.tsx:81:57
    at div
    at C:\Users\Eli\Desktop\Claude 
Code\CPQ-System\src\components\ui\card.tsx:7:50
    at BOMGrid (C:\Users\Eli\Desktop\Claude Code\CPQ
-System\src\components\shared\BOMGrid.tsx:22:3)
Warning: A component is `contentEditable` and 
contains `children` managed by React. It is now 
your responsibility to guarantee that none of those 
nodes are unexpectedly modified or duplicated. This 
is probably not intentional.
    at div
    at div
    at div
    at div
    at spy (file:///C:/Users/Eli/Desktop/Claude%20Co
de/CPQ-System/node_modules/tinyspy/dist/index.js:42:
80)
    at div
    at div
    at div
    at C:\Users\Eli\Desktop\Claude 
Code\CPQ-System\src\components\ui\card.tsx:81:57
    at div
    at C:\Users\Eli\Desktop\Claude 
Code\CPQ-System\src\components\ui\card.tsx:7:50
    at BOMGrid (C:\Users\Eli\Desktop\Claude Code\CPQ
-System\src\components\shared\BOMGrid.tsx:22:3)
Warning: A component is `contentEditable` and 
contains `children` managed by React. It is now 
your responsibility to guarantee that none of those 
nodes are unexpectedly modified or duplicated. This 
is probably not intentional.
    at div
    at div
    at div
    at div
    at spy (file:///C:/Users/Eli/Desktop/Claude%20Co
de/CPQ-System/node_modules/tinyspy/dist/index.js:42:
80)
    at div
    at div
    at div
    at C:\Users\Eli\Desktop\Claude 
Code\CPQ-System\src\components\ui\card.tsx:81:57
    at div
    at C:\Users\Eli\Desktop\Claude 
Code\CPQ-System\src\components\ui\card.tsx:7:50
    at BOMGrid (C:\Users\Eli\Desktop\Claude Code\CPQ
-System\src\components\shared\BOMGrid.tsx:22:3)
Warning: A component is `contentEditable` and 
contains `children` managed by React. It is now 
your responsibility to guarantee that none of those 
nodes are unexpectedly modified or duplicated. This 
is probably not intentional.
    at div
    at div
    at div
    at div
    at spy (file:///C:/Users/Eli/Desktop/Claude%20Co
de/CPQ-System/node_modules/tinyspy/dist/index.js:42:
80)
    at div
    at div
    at div
    at C:\Users\Eli\Desktop\Claude 
Code\CPQ-System\src\components\ui\card.tsx:81:57
    at div
    at C:\Users\Eli\Desktop\Claude 
Code\CPQ-System\src\components\ui\card.tsx:7:50
    at BOMGrid (C:\Users\Eli\Desktop\Claude Code\CPQ
-System\src\components\shared\BOMGrid.tsx:22:3)
Warning: A component is `contentEditable` and 
contains `children` managed by React. It is now 
your responsibility to guarantee that none of those 
nodes are unexpectedly modified or duplicated. This 
is probably not intentional.
    at div
    at div
    at div
    at div
    at spy (file:///C:/Users/Eli/Desktop/Claude%20Co
de/CPQ-System/node_modules/tinyspy/dist/index.js:42:
80)
    at div
    at div
    at div
    at C:\Users\Eli\Desktop\Claude 
Code\CPQ-System\src\components\ui\card.tsx:81:57
    at div
    at C:\Users\Eli\Desktop\Claude 
Code\CPQ-System\src\components\ui\card.tsx:7:50
    at BOMGrid (C:\Users\Eli\Desktop\Claude Code\CPQ
-System\src\components\shared\BOMGrid.tsx:22:3)
Warning: A component is `contentEditable` and 
contains `children` managed by React. It is now 
your responsibility to guarantee that none of those 
nodes are unexpectedly modified or duplicated. This 
is probably not intentional.
    at div
    at div
    at div
    at div
    at spy (file:///C:/Users/Eli/Desktop/Claude%20Co
de/CPQ-System/node_modules/tinyspy/dist/index.js:42:
80)
    at div
    at div
    at div
    at C:\Users\Eli\Desktop\Claude 
Code\CPQ-System\src\components\ui\card.tsx:81:57
    at div
    at C:\Users\Eli\Desktop\Claude 
Code\CPQ-System\src\components\ui\card.tsx:7:50
    at BOMGrid (C:\Users\Eli\Desktop\Claude Code\CPQ
-System\src\components\shared\BOMGrid.tsx:22:3)
Warning: A component is `contentEditable` and 
contains `children` managed by React. It is now 
your responsibility to guarantee that none of those 
nodes are unexpectedly modified or duplicated. This 
is probably not intentional.
    at div
    at div
    at div
    at div
    at spy (file:///C:/Users/Eli/Desktop/Claude%20Co
de/CPQ-System/node_modules/tinyspy/dist/index.js:42:
80)
    at div
    at div
    at div
    at C:\Users\Eli\Desktop\Claude 
Code\CPQ-System\src\components\ui\card.tsx:81:57
    at div
    at C:\Users\Eli\Desktop\Claude 
Code\CPQ-System\src\components\ui\card.tsx:7:50
    at BOMGrid (C:\Users\Eli\Desktop\Claude Code\CPQ
-System\src\components\shared\BOMGrid.tsx:22:3)
Warning: A component is `contentEditable` and 
contains `children` managed by React. It is now 
your responsibility to guarantee that none of those 
nodes are unexpectedly modified or duplicated. This 
is probably not intentional.
    at div
    at div
    at div
    at div
    at spy (file:///C:/Users/Eli/Desktop/Claude%20Co
de/CPQ-System/node_modules/tinyspy/dist/index.js:42:
80)
    at div
    at div
    at div
    at C:\Users\Eli\Desktop\Claude 
Code\CPQ-System\src\components\ui\card.tsx:81:57
    at div
    at C:\Users\Eli\Desktop\Claude 
Code\CPQ-System\src\components\ui\card.tsx:7:50
    at BOMGrid (C:\Users\Eli\Desktop\Claude Code\CPQ
-System\src\components\shared\BOMGrid.tsx:22:3)
Warning: A component is `contentEditable` and 
contains `children` managed by React. It is now 
your responsibility to guarantee that none of those 
nodes are unexpectedly modified or duplicated. This 
is probably not intentional.
    at div
    at div
    at div
    at div
    at spy (file:///C:/Users/Eli/Desktop/Claude%20Co
de/CPQ-System/node_modules/tinyspy/dist/index.js:42:
80)
    at div
    at div
    at div
    at C:\Users\Eli\Desktop\Claude 
Code\CPQ-System\src\components\ui\card.tsx:81:57
    at div
    at C:\Users\Eli\Desktop\Claude 
Code\CPQ-System\src\components\ui\card.tsx:7:50
    at BOMGrid (C:\Users\Eli\Desktop\Claude Code\CPQ
-System\src\components\shared\BOMGrid.tsx:22:3)
Warning: A component is `contentEditable` and 
contains `children` managed by React. It is now 
your responsibility to guarantee that none of those 
nodes are unexpectedly modified or duplicated. This 
is probably not intentional.
    at div
    at div
    at div
    at div
    at spy (file:///C:/Users/Eli/Desktop/Claude%20Co
de/CPQ-System/node_modules/tinyspy/dist/index.js:42:
80)
    at div
    at div
    at div
    at C:\Users\Eli\Desktop\Claude 
Code\CPQ-System\src\components\ui\card.tsx:81:57
    at div
    at C:\Users\Eli\Desktop\Claude 
Code\CPQ-System\src\components\ui\card.tsx:7:50
    at BOMGrid (C:\Users\Eli\Desktop\Claude Code\CPQ
-System\src\components\shared\BOMGrid.tsx:22:3)
Warning: A component is `contentEditable` and 
contains `children` managed by React. It is now 
your responsibility to guarantee that none of those 
nodes are unexpectedly modified or duplicated. This 
is probably not intentional.
    at div
    at div
    at div
    at div
    at spy (file:///C:/Users/Eli/Desktop/Claude%20Co
de/CPQ-System/node_modules/tinyspy/dist/index.js:42:
80)
    at div
    at div
    at div
    at C:\Users\Eli\Desktop\Claude 
Code\CPQ-System\src\components\ui\card.tsx:81:57
    at div
    at C:\Users\Eli\Desktop\Claude 
Code\CPQ-System\src\components\ui\card.tsx:7:50
    at BOMGrid (C:\Users\Eli\Desktop\Claude Code\CPQ
-System\src\components\shared\BOMGrid.tsx:22:3)

[90mstderr[2m | src/components/shared/__tests__/BO
MGrid.test.tsx[2m > [22m[2mBOMGrid[2m > 
[22m[2mAccessibility[2m > [22m[2msupports 
keyboard navigation[22m[39m
Warning: A component is `contentEditable` and 
contains `children` managed by React. It is now 
your responsibility to guarantee that none of those 
nodes are unexpectedly modified or duplicated. This 
is probably not intentional.
    at div
    at div
    at div
    at div
    at spy (file:///C:/Users/Eli/Desktop/Claude%20Co
de/CPQ-System/node_modules/tinyspy/dist/index.js:42:
80)
    at div
    at div
    at div
    at C:\Users\Eli\Desktop\Claude 
Code\CPQ-System\src\components\ui\card.tsx:81:57
    at div
    at C:\Users\Eli\Desktop\Claude 
Code\CPQ-System\src\components\ui\card.tsx:7:50
    at BOMGrid (C:\Users\Eli\Desktop\Claude Code\CPQ
-System\src\components\shared\BOMGrid.tsx:22:3)
Warning: A component is `contentEditable` and 
contains `children` managed by React. It is now 
your responsibility to guarantee that none of those 
nodes are unexpectedly modified or duplicated. This 
is probably not intentional.
    at div
    at div
    at div
    at div
    at spy (file:///C:/Users/Eli/Desktop/Claude%20Co
de/CPQ-System/node_modules/tinyspy/dist/index.js:42:
80)
    at div
    at div
    at div
    at C:\Users\Eli\Desktop\Claude 
Code\CPQ-System\src\components\ui\card.tsx:81:57
    at div
    at C:\Users\Eli\Desktop\Claude 
Code\CPQ-System\src\components\ui\card.tsx:7:50
    at BOMGrid (C:\Users\Eli\Desktop\Claude Code\CPQ
-System\src\components\shared\BOMGrid.tsx:22:3)
Warning: A component is `contentEditable` and 
contains `children` managed by React. It is now 
your responsibility to guarantee that none of those 
nodes are unexpectedly modified or duplicated. This 
is probably not intentional.
    at div
    at div
    at div
    at div
    at spy (file:///C:/Users/Eli/Desktop/Claude%20Co
de/CPQ-System/node_modules/tinyspy/dist/index.js:42:
80)
    at div
    at div
    at div
    at C:\Users\Eli\Desktop\Claude 
Code\CPQ-System\src\components\ui\card.tsx:81:57
    at div
    at C:\Users\Eli\Desktop\Claude 
Code\CPQ-System\src\components\ui\card.tsx:7:50
    at BOMGrid (C:\Users\Eli\Desktop\Claude Code\CPQ
-System\src\components\shared\BOMGrid.tsx:22:3)
Warning: A component is `contentEditable` and 
contains `children` managed by React. It is now 
your responsibility to guarantee that none of those 
nodes are unexpectedly modified or duplicated. This 
is probably not intentional.
    at div
    at div
    at div
    at div
    at spy (file:///C:/Users/Eli/Desktop/Claude%20Co
de/CPQ-System/node_modules/tinyspy/dist/index.js:42:
80)
    at div
    at div
    at div
    at C:\Users\Eli\Desktop\Claude 
Code\CPQ-System\src\components\ui\card.tsx:81:57
    at div
    at C:\Users\Eli\Desktop\Claude 
Code\CPQ-System\src\components\ui\card.tsx:7:50
    at BOMGrid (C:\Users\Eli\Desktop\Claude Code\CPQ
-System\src\components\shared\BOMGrid.tsx:22:3)
Warning: A component is `contentEditable` and 
contains `children` managed by React. It is now 
your responsibility to guarantee that none of those 
nodes are unexpectedly modified or duplicated. This 
is probably not intentional.
    at div
    at div
    at div
    at div
    at spy (file:///C:/Users/Eli/Desktop/Claude%20Co
de/CPQ-System/node_modules/tinyspy/dist/index.js:42:
80)
    at div
    at div
    at div
    at C:\Users\Eli\Desktop\Claude 
Code\CPQ-System\src\components\ui\card.tsx:81:57
    at div
    at C:\Users\Eli\Desktop\Claude 
Code\CPQ-System\src\components\ui\card.tsx:7:50
    at BOMGrid (C:\Users\Eli\Desktop\Claude Code\CPQ
-System\src\components\shared\BOMGrid.tsx:22:3)
Warning: A component is `contentEditable` and 
contains `children` managed by React. It is now 
your responsibility to guarantee that none of those 
nodes are unexpectedly modified or duplicated. This 
is probably not intentional.
    at div
    at div
    at div
    at div
    at spy (file:///C:/Users/Eli/Desktop/Claude%20Co
de/CPQ-System/node_modules/tinyspy/dist/index.js:42:
80)
    at div
    at div
    at div
    at C:\Users\Eli\Desktop\Claude 
Code\CPQ-System\src\components\ui\card.tsx:81:57
    at div
    at C:\Users\Eli\Desktop\Claude 
Code\CPQ-System\src\components\ui\card.tsx:7:50
    at BOMGrid (C:\Users\Eli\Desktop\Claude Code\CPQ
-System\src\components\shared\BOMGrid.tsx:22:3)
Warning: A component is `contentEditable` and 
contains `children` managed by React. It is now 
your responsibility to guarantee that none of those 
nodes are unexpectedly modified or duplicated. This 
is probably not intentional.
    at div
    at div
    at div
    at div
    at spy (file:///C:/Users/Eli/Desktop/Claude%20Co
de/CPQ-System/node_modules/tinyspy/dist/index.js:42:
80)
    at div
    at div
    at div
    at C:\Users\Eli\Desktop\Claude 
Code\CPQ-System\src\components\ui\card.tsx:81:57
    at div
    at C:\Users\Eli\Desktop\Claude 
Code\CPQ-System\src\components\ui\card.tsx:7:50
    at BOMGrid (C:\Users\Eli\Desktop\Claude Code\CPQ
-System\src\components\shared\BOMGrid.tsx:22:3)
Warning: A component is `contentEditable` and 
contains `children` managed by React. It is now 
your responsibility to guarantee that none of those 
nodes are unexpectedly modified or duplicated. This 
is probably not intentional.
    at div
    at div
    at div
    at div
    at spy (file:///C:/Users/Eli/Desktop/Claude%20Co
de/CPQ-System/node_modules/tinyspy/dist/index.js:42:
80)
    at div
    at div
    at div
    at C:\Users\Eli\Desktop\Claude 
Code\CPQ-System\src\components\ui\card.tsx:81:57
    at div
    at C:\Users\Eli\Desktop\Claude 
Code\CPQ-System\src\components\ui\card.tsx:7:50
    at BOMGrid (C:\Users\Eli\Desktop\Claude Code\CPQ
-System\src\components\shared\BOMGrid.tsx:22:3)
Warning: A component is `contentEditable` and 
contains `children` managed by React. It is now 
your responsibility to guarantee that none of those 
nodes are unexpectedly modified or duplicated. This 
is probably not intentional.
    at div
    at div
    at div
    at div
    at spy (file:///C:/Users/Eli/Desktop/Claude%20Co
de/CPQ-System/node_modules/tinyspy/dist/index.js:42:
80)
    at div
    at div
    at div
    at C:\Users\Eli\Desktop\Claude 
Code\CPQ-System\src\components\ui\card.tsx:81:57
    at div
    at C:\Users\Eli\Desktop\Claude 
Code\CPQ-System\src\components\ui\card.tsx:7:50
    at BOMGrid (C:\Users\Eli\Desktop\Claude Code\CPQ
-System\src\components\shared\BOMGrid.tsx:22:3)
Warning: A component is `contentEditable` and 
contains `children` managed by React. It is now 
your responsibility to guarantee that none of those 
nodes are unexpectedly modified or duplicated. This 
is probably not intentional.
    at div
    at div
    at div
    at div
    at spy (file:///C:/Users/Eli/Desktop/Claude%20Co
de/CPQ-System/node_modules/tinyspy/dist/index.js:42:
80)
    at div
    at div
    at div
    at C:\Users\Eli\Desktop\Claude 
Code\CPQ-System\src\components\ui\card.tsx:81:57
    at div
    at C:\Users\Eli\Desktop\Claude 
Code\CPQ-System\src\components\ui\card.tsx:7:50
    at BOMGrid (C:\Users\Eli\Desktop\Claude Code\CPQ
-System\src\components\shared\BOMGrid.tsx:22:3)
Warning: A component is `contentEditable` and 
contains `children` managed by React. It is now 
your responsibility to guarantee that none of those 
nodes are unexpectedly modified or duplicated. This 
is probably not intentional.
    at div
    at div
    at div
    at div
    at spy (file:///C:/Users/Eli/Desktop/Claude%20Co
de/CPQ-System/node_modules/tinyspy/dist/index.js:42:
80)
    at div
    at div
    at div
    at C:\Users\Eli\Desktop\Claude 
Code\CPQ-System\src\components\ui\card.tsx:81:57
    at div
    at C:\Users\Eli\Desktop\Claude 
Code\CPQ-System\src\components\ui\card.tsx:7:50
    at BOMGrid (C:\Users\Eli\Desktop\Claude Code\CPQ
-System\src\components\shared\BOMGrid.tsx:22:3)
Warning: A component is `contentEditable` and 
contains `children` managed by React. It is now 
your responsibility to guarantee that none of those 
nodes are unexpectedly modified or duplicated. This 
is probably not intentional.
    at div
    at div
    at div
    at div
    at spy (file:///C:/Users/Eli/Desktop/Claude%20Co
de/CPQ-System/node_modules/tinyspy/dist/index.js:42:
80)
    at div
    at div
    at div
    at C:\Users\Eli\Desktop\Claude 
Code\CPQ-System\src\components\ui\card.tsx:81:57
    at div
    at C:\Users\Eli\Desktop\Claude 
Code\CPQ-System\src\components\ui\card.tsx:7:50
    at BOMGrid (C:\Users\Eli\Desktop\Claude Code\CPQ
-System\src\components\shared\BOMGrid.tsx:22:3)
Warning: A component is `contentEditable` and 
contains `children` managed by React. It is now 
your responsibility to guarantee that none of those 
nodes are unexpectedly modified or duplicated. This 
is probably not intentional.
    at div
    at div
    at div
    at div
    at spy (file:///C:/Users/Eli/Desktop/Claude%20Co
de/CPQ-System/node_modules/tinyspy/dist/index.js:42:
80)
    at div
    at div
    at div
    at C:\Users\Eli\Desktop\Claude 
Code\CPQ-System\src\components\ui\card.tsx:81:57
    at div
    at C:\Users\Eli\Desktop\Claude 
Code\CPQ-System\src\components\ui\card.tsx:7:50
    at BOMGrid (C:\Users\Eli\Desktop\Claude Code\CPQ
-System\src\components\shared\BOMGrid.tsx:22:3)
Warning: A component is `contentEditable` and 
contains `children` managed by React. It is now 
your responsibility to guarantee that none of those 
nodes are unexpectedly modified or duplicated. This 
is probably not intentional.
    at div
    at div
    at div
    at div
    at spy (file:///C:/Users/Eli/Desktop/Claude%20Co
de/CPQ-System/node_modules/tinyspy/dist/index.js:42:
80)
    at div
    at div
    at div
    at C:\Users\Eli\Desktop\Claude 
Code\CPQ-System\src\components\ui\card.tsx:81:57
    at div
    at C:\Users\Eli\Desktop\Claude 
Code\CPQ-System\src\components\ui\card.tsx:7:50
    at BOMGrid (C:\Users\Eli\Desktop\Claude Code\CPQ
-System\src\components\shared\BOMGrid.tsx:22:3)
Warning: A component is `contentEditable` and 
contains `children` managed by React. It is now 
your responsibility to guarantee that none of those 
nodes are unexpectedly modified or duplicated. This 
is probably not intentional.
    at div
    at div
    at div
    at div
    at spy (file:///C:/Users/Eli/Desktop/Claude%20Co
de/CPQ-System/node_modules/tinyspy/dist/index.js:42:
80)
    at div
    at div
    at div
    at C:\Users\Eli\Desktop\Claude 
Code\CPQ-System\src\components\ui\card.tsx:81:57
    at div
    at C:\Users\Eli\Desktop\Claude 
Code\CPQ-System\src\components\ui\card.tsx:7:50
    at BOMGrid (C:\Users\Eli\Desktop\Claude Code\CPQ
-System\src\components\shared\BOMGrid.tsx:22:3)
Warning: A component is `contentEditable` and 
contains `children` managed by React. It is now 
your responsibility to guarantee that none of those 
nodes are unexpectedly modified or duplicated. This 
is probably not intentional.
    at div
    at div
    at div
    at div
    at spy (file:///C:/Users/Eli/Desktop/Claude%20Co
de/CPQ-System/node_modules/tinyspy/dist/index.js:42:
80)
    at div
    at div
    at div
    at C:\Users\Eli\Desktop\Claude 
Code\CPQ-System\src\components\ui\card.tsx:81:57
    at div
    at C:\Users\Eli\Desktop\Claude 
Code\CPQ-System\src\components\ui\card.tsx:7:50
    at BOMGrid (C:\Users\Eli\Desktop\Claude Code\CPQ
-System\src\components\shared\BOMGrid.tsx:22:3)
Warning: A component is `contentEditable` and 
contains `children` managed by React. It is now 
your responsibility to guarantee that none of those 
nodes are unexpectedly modified or duplicated. This 
is probably not intentional.
    at div
    at div
    at div
    at div
    at spy (file:///C:/Users/Eli/Desktop/Claude%20Co
de/CPQ-System/node_modules/tinyspy/dist/index.js:42:
80)
    at div
    at div
    at div
    at C:\Users\Eli\Desktop\Claude 
Code\CPQ-System\src\components\ui\card.tsx:81:57
    at div
    at C:\Users\Eli\Desktop\Claude 
Code\CPQ-System\src\components\ui\card.tsx:7:50
    at BOMGrid (C:\Users\Eli\Desktop\Claude Code\CPQ
-System\src\components\shared\BOMGrid.tsx:22:3)
Warning: A component is `contentEditable` and 
contains `children` managed by React. It is now 
your responsibility to guarantee that none of those 
nodes are unexpectedly modified or duplicated. This 
is probably not intentional.
    at div
    at div
    at div
    at div
    at spy (file:///C:/Users/Eli/Desktop/Claude%20Co
de/CPQ-System/node_modules/tinyspy/dist/index.js:42:
80)
    at div
    at div
    at div
    at C:\Users\Eli\Desktop\Claude 
Code\CPQ-System\src\components\ui\card.tsx:81:57
    at div
    at C:\Users\Eli\Desktop\Claude 
Code\CPQ-System\src\components\ui\card.tsx:7:50
    at BOMGrid (C:\Users\Eli\Desktop\Claude Code\CPQ
-System\src\components\shared\BOMGrid.tsx:22:3)
Warning: A component is `contentEditable` and 
contains `children` managed by React. It is now 
your responsibility to guarantee that none of those 
nodes are unexpectedly modified or duplicated. This 
is probably not intentional.
    at div
    at div
    at div
    at div
    at spy (file:///C:/Users/Eli/Desktop/Claude%20Co
de/CPQ-System/node_modules/tinyspy/dist/index.js:42:
80)
    at div
    at div
    at div
    at C:\Users\Eli\Desktop\Claude 
Code\CPQ-System\src\components\ui\card.tsx:81:57
    at div
    at C:\Users\Eli\Desktop\Claude 
Code\CPQ-System\src\components\ui\card.tsx:7:50
    at BOMGrid (C:\Users\Eli\Desktop\Claude Code\CPQ
-System\src\components\shared\BOMGrid.tsx:22:3)
Warning: A component is `contentEditable` and 
contains `children` managed by React. It is now 
your responsibility to guarantee that none of those 
nodes are unexpectedly modified or duplicated. This 
is probably not intentional.
    at div
    at div
    at div
    at div
    at spy (file:///C:/Users/Eli/Desktop/Claude%20Co
de/CPQ-System/node_modules/tinyspy/dist/index.js:42:
80)
    at div
    at div
    at div
    at C:\Users\Eli\Desktop\Claude 
Code\CPQ-System\src\components\ui\card.tsx:81:57
    at div
    at C:\Users\Eli\Desktop\Claude 
Code\CPQ-System\src\components\ui\card.tsx:7:50
    at BOMGrid (C:\Users\Eli\Desktop\Claude Code\CPQ
-System\src\components\shared\BOMGrid.tsx:22:3)
Warning: A component is `contentEditable` and 
contains `children` managed by React. It is now 
your responsibility to guarantee that none of those 
nodes are unexpectedly modified or duplicated. This 
is probably not intentional.
    at div
    at div
    at div
    at div
    at spy (file:///C:/Users/Eli/Desktop/Claude%20Co
de/CPQ-System/node_modules/tinyspy/dist/index.js:42:
80)
    at div
    at div
    at div
    at C:\Users\Eli\Desktop\Claude 
Code\CPQ-System\src\components\ui\card.tsx:81:57
    at div
    at C:\Users\Eli\Desktop\Claude 
Code\CPQ-System\src\components\ui\card.tsx:7:50
    at BOMGrid (C:\Users\Eli\Desktop\Claude Code\CPQ
-System\src\components\shared\BOMGrid.tsx:22:3)
Warning: A component is `contentEditable` and 
contains `children` managed by React. It is now 
your responsibility to guarantee that none of those 
nodes are unexpectedly modified or duplicated. This 
is probably not intentional.
    at div
    at div
    at div
    at div
    at spy (file:///C:/Users/Eli/Desktop/Claude%20Co
de/CPQ-System/node_modules/tinyspy/dist/index.js:42:
80)
    at div
    at div
    at div
    at C:\Users\Eli\Desktop\Claude 
Code\CPQ-System\src\components\ui\card.tsx:81:57
    at div
    at C:\Users\Eli\Desktop\Claude 
Code\CPQ-System\src\components\ui\card.tsx:7:50
    at BOMGrid (C:\Users\Eli\Desktop\Claude Code\CPQ
-System\src\components\shared\BOMGrid.tsx:22:3)
Warning: A component is `contentEditable` and 
contains `children` managed by React. It is now 
your responsibility to guarantee that none of those 
nodes are unexpectedly modified or duplicated. This 
is probably not intentional.
    at div
    at div
    at div
    at div
    at spy (file:///C:/Users/Eli/Desktop/Claude%20Co
de/CPQ-System/node_modules/tinyspy/dist/index.js:42:
80)
    at div
    at div
    at div
    at C:\Users\Eli\Desktop\Claude 
Code\CPQ-System\src\components\ui\card.tsx:81:57
    at div
    at C:\Users\Eli\Desktop\Claude 
Code\CPQ-System\src\components\ui\card.tsx:7:50
    at BOMGrid (C:\Users\Eli\Desktop\Claude Code\CPQ
-System\src\components\shared\BOMGrid.tsx:22:3)
Warning: A component is `contentEditable` and 
contains `children` managed by React. It is now 
your responsibility to guarantee that none of those 
nodes are unexpectedly modified or duplicated. This 
is probably not intentional.
    at div
    at div
    at div
    at div
    at spy (file:///C:/Users/Eli/Desktop/Claude%20Co
de/CPQ-System/node_modules/tinyspy/dist/index.js:42:
80)
    at div
    at div
    at div
    at C:\Users\Eli\Desktop\Claude 
Code\CPQ-System\src\components\ui\card.tsx:81:57
    at div
    at C:\Users\Eli\Desktop\Claude 
Code\CPQ-System\src\components\ui\card.tsx:7:50
    at BOMGrid (C:\Users\Eli\Desktop\Claude Code\CPQ
-System\src\components\shared\BOMGrid.tsx:22:3)
Warning: A component is `contentEditable` and 
contains `children` managed by React. It is now 
your responsibility to guarantee that none of those 
nodes are unexpectedly modified or duplicated. This 
is probably not intentional.
    at div
    at div
    at div
    at div
    at spy (file:///C:/Users/Eli/Desktop/Claude%20Co
de/CPQ-System/node_modules/tinyspy/dist/index.js:42:
80)
    at div
    at div
    at div
    at C:\Users\Eli\Desktop\Claude 
Code\CPQ-System\src\components\ui\card.tsx:81:57
    at div
    at C:\Users\Eli\Desktop\Claude 
Code\CPQ-System\src\components\ui\card.tsx:7:50
    at BOMGrid (C:\Users\Eli\Desktop\Claude Code\CPQ
-System\src\components\shared\BOMGrid.tsx:22:3)
Warning: A component is `contentEditable` and 
contains `children` managed by React. It is now 
your responsibility to guarantee that none of those 
nodes are unexpectedly modified or duplicated. This 
is probably not intentional.
    at div
    at div
    at div
    at div
    at spy (file:///C:/Users/Eli/Desktop/Claude%20Co
de/CPQ-System/node_modules/tinyspy/dist/index.js:42:
80)
    at div
    at div
    at div
    at C:\Users\Eli\Desktop\Claude 
Code\CPQ-System\src\components\ui\card.tsx:81:57
    at div
    at C:\Users\Eli\Desktop\Claude 
Code\CPQ-System\src\components\ui\card.tsx:7:50
    at BOMGrid (C:\Users\Eli\Desktop\Claude Code\CPQ
-System\src\components\shared\BOMGrid.tsx:22:3)
Warning: A component is `contentEditable` and 
contains `children` managed by React. It is now 
your responsibility to guarantee that none of those 
nodes are unexpectedly modified or duplicated. This 
is probably not intentional.
    at div
    at div
    at div
    at div
    at spy (file:///C:/Users/Eli/Desktop/Claude%20Co
de/CPQ-System/node_modules/tinyspy/dist/index.js:42:
80)
    at div
    at div
    at div
    at C:\Users\Eli\Desktop\Claude 
Code\CPQ-System\src\components\ui\card.tsx:81:57
    at div
    at C:\Users\Eli\Desktop\Claude 
Code\CPQ-System\src\components\ui\card.tsx:7:50
    at BOMGrid (C:\Users\Eli\Desktop\Claude Code\CPQ
-System\src\components\shared\BOMGrid.tsx:22:3)
Warning: A component is `contentEditable` and 
contains `children` managed by React. It is now 
your responsibility to guarantee that none of those 
nodes are unexpectedly modified or duplicated. This 
is probably not intentional.
    at div
    at div
    at div
    at div
    at spy (file:///C:/Users/Eli/Desktop/Claude%20Co
de/CPQ-System/node_modules/tinyspy/dist/index.js:42:
80)
    at div
    at div
    at div
    at C:\Users\Eli\Desktop\Claude 
Code\CPQ-System\src\components\ui\card.tsx:81:57
    at div
    at C:\Users\Eli\Desktop\Claude 
Code\CPQ-System\src\components\ui\card.tsx:7:50
    at BOMGrid (C:\Users\Eli\Desktop\Claude Code\CPQ
-System\src\components\shared\BOMGrid.tsx:22:3)
Warning: A component is `contentEditable` and 
contains `children` managed by React. It is now 
your responsibility to guarantee that none of those 
nodes are unexpectedly modified or duplicated. This 
is probably not intentional.
    at div
    at div
    at div
    at div
    at spy (file:///C:/Users/Eli/Desktop/Claude%20Co
de/CPQ-System/node_modules/tinyspy/dist/index.js:42:
80)
    at div
    at div
    at div
    at C:\Users\Eli\Desktop\Claude 
Code\CPQ-System\src\components\ui\card.tsx:81:57
    at div
    at C:\Users\Eli\Desktop\Claude 
Code\CPQ-System\src\components\ui\card.tsx:7:50
    at BOMGrid (C:\Users\Eli\Desktop\Claude Code\CPQ
-System\src\components\shared\BOMGrid.tsx:22:3)
Warning: A component is `contentEditable` and 
contains `children` managed by React. It is now 
your responsibility to guarantee that none of those 
nodes are unexpectedly modified or duplicated. This 
is probably not intentional.
    at div
    at div
    at div
    at div
    at spy (file:///C:/Users/Eli/Desktop/Claude%20Co
de/CPQ-System/node_modules/tinyspy/dist/index.js:42:
80)
    at div
    at div
    at div
    at C:\Users\Eli\Desktop\Claude 
Code\CPQ-System\src\components\ui\card.tsx:81:57
    at div
    at C:\Users\Eli\Desktop\Claude 
Code\CPQ-System\src\components\ui\card.tsx:7:50
    at BOMGrid (C:\Users\Eli\Desktop\Claude Code\CPQ
-System\src\components\shared\BOMGrid.tsx:22:3)
Warning: A component is `contentEditable` and 
contains `children` managed by React. It is now 
your responsibility to guarantee that none of those 
nodes are unexpectedly modified or duplicated. This 
is probably not intentional.
    at div
    at div
    at div
    at div
    at spy (file:///C:/Users/Eli/Desktop/Claude%20Co
de/CPQ-System/node_modules/tinyspy/dist/index.js:42:
80)
    at div
    at div
    at div
    at C:\Users\Eli\Desktop\Claude 
Code\CPQ-System\src\components\ui\card.tsx:81:57
    at div
    at C:\Users\Eli\Desktop\Claude 
Code\CPQ-System\src\components\ui\card.tsx:7:50
    at BOMGrid (C:\Users\Eli\Desktop\Claude Code\CPQ
-System\src\components\shared\BOMGrid.tsx:22:3)
Warning: A component is `contentEditable` and 
contains `children` managed by React. It is now 
your responsibility to guarantee that none of those 
nodes are unexpectedly modified or duplicated. This 
is probably not intentional.
    at div
    at div
    at div
    at div
    at spy (file:///C:/Users/Eli/Desktop/Claude%20Co
de/CPQ-System/node_modules/tinyspy/dist/index.js:42:
80)
    at div
    at div
    at div
    at C:\Users\Eli\Desktop\Claude 
Code\CPQ-System\src\components\ui\card.tsx:81:57
    at div
    at C:\Users\Eli\Desktop\Claude 
Code\CPQ-System\src\components\ui\card.tsx:7:50
    at BOMGrid (C:\Users\Eli\Desktop\Claude Code\CPQ
-System\src\components\shared\BOMGrid.tsx:22:3)
Warning: A component is `contentEditable` and 
contains `children` managed by React. It is now 
your responsibility to guarantee that none of those 
nodes are unexpectedly modified or duplicated. This 
is probably not intentional.
    at div
    at div
    at div
    at div
    at spy (file:///C:/Users/Eli/Desktop/Claude%20Co
de/CPQ-System/node_modules/tinyspy/dist/index.js:42:
80)
    at div
    at div
    at div
    at C:\Users\Eli\Desktop\Claude 
Code\CPQ-System\src\components\ui\card.tsx:81:57
    at div
    at C:\Users\Eli\Desktop\Claude 
Code\CPQ-System\src\components\ui\card.tsx:7:50
    at BOMGrid (C:\Users\Eli\Desktop\Claude Code\CPQ
-System\src\components\shared\BOMGrid.tsx:22:3)
Warning: A component is `contentEditable` and 
contains `children` managed by React. It is now 
your responsibility to guarantee that none of those 
nodes are unexpectedly modified or duplicated. This 
is probably not intentional.
    at div
    at div
    at div
    at div
    at spy (file:///C:/Users/Eli/Desktop/Claude%20Co
de/CPQ-System/node_modules/tinyspy/dist/index.js:42:
80)
    at div
    at div
    at div
    at C:\Users\Eli\Desktop\Claude 
Code\CPQ-System\src\components\ui\card.tsx:81:57
    at div
    at C:\Users\Eli\Desktop\Claude 
Code\CPQ-System\src\components\ui\card.tsx:7:50
    at BOMGrid (C:\Users\Eli\Desktop\Claude Code\CPQ
-System\src\components\shared\BOMGrid.tsx:22:3)
Warning: A component is `contentEditable` and 
contains `children` managed by React. It is now 
your responsibility to guarantee that none of those 
nodes are unexpectedly modified or duplicated. This 
is probably not intentional.
    at div
    at div
    at div
    at div
    at spy (file:///C:/Users/Eli/Desktop/Claude%20Co
de/CPQ-System/node_modules/tinyspy/dist/index.js:42:
80)
    at div
    at div
    at div
    at C:\Users\Eli\Desktop\Claude 
Code\CPQ-System\src\components\ui\card.tsx:81:57
    at div
    at C:\Users\Eli\Desktop\Claude 
Code\CPQ-System\src\components\ui\card.tsx:7:50
    at BOMGrid (C:\Users\Eli\Desktop\Claude Code\CPQ
-System\src\components\shared\BOMGrid.tsx:22:3)
Warning: A component is `contentEditable` and 
contains `children` managed by React. It is now 
your responsibility to guarantee that none of those 
nodes are unexpectedly modified or duplicated. This 
is probably not intentional.
    at div
    at div
    at div
    at div
    at spy (file:///C:/Users/Eli/Desktop/Claude%20Co
de/CPQ-System/node_modules/tinyspy/dist/index.js:42:
80)
    at div
    at div
    at div
    at C:\Users\Eli\Desktop\Claude 
Code\CPQ-System\src\components\ui\card.tsx:81:57
    at div
    at C:\Users\Eli\Desktop\Claude 
Code\CPQ-System\src\components\ui\card.tsx:7:50
    at BOMGrid (C:\Users\Eli\Desktop\Claude Code\CPQ
-System\src\components\shared\BOMGrid.tsx:22:3)
Warning: A component is `contentEditable` and 
contains `children` managed by React. It is now 
your responsibility to guarantee that none of those 
nodes are unexpectedly modified or duplicated. This 
is probably not intentional.
    at div
    at div
    at div
    at div
    at spy (file:///C:/Users/Eli/Desktop/Claude%20Co
de/CPQ-System/node_modules/tinyspy/dist/index.js:42:
80)
    at div
    at div
    at div
    at C:\Users\Eli\Desktop\Claude 
Code\CPQ-System\src\components\ui\card.tsx:81:57
    at div
    at C:\Users\Eli\Desktop\Claude 
Code\CPQ-System\src\components\ui\card.tsx:7:50
    at BOMGrid (C:\Users\Eli\Desktop\Claude Code\CPQ
-System\src\components\shared\BOMGrid.tsx:22:3)
Warning: A component is `contentEditable` and 
contains `children` managed by React. It is now 
your responsibility to guarantee that none of those 
nodes are unexpectedly modified or duplicated. This 
is probably not intentional.
    at div
    at div
    at div
    at div
    at spy (file:///C:/Users/Eli/Desktop/Claude%20Co
de/CPQ-System/node_modules/tinyspy/dist/index.js:42:
80)
    at div
    at div
    at div
    at C:\Users\Eli\Desktop\Claude 
Code\CPQ-System\src\components\ui\card.tsx:81:57
    at div
    at C:\Users\Eli\Desktop\Claude 
Code\CPQ-System\src\components\ui\card.tsx:7:50
    at BOMGrid (C:\Users\Eli\Desktop\Claude Code\CPQ
-System\src\components\shared\BOMGrid.tsx:22:3)
Warning: A component is `contentEditable` and 
contains `children` managed by React. It is now 
your responsibility to guarantee that none of those 
nodes are unexpectedly modified or duplicated. This 
is probably not intentional.
    at div
    at div
    at div
    at div
    at spy (file:///C:/Users/Eli/Desktop/Claude%20Co
de/CPQ-System/node_modules/tinyspy/dist/index.js:42:
80)
    at div
    at div
    at div
    at C:\Users\Eli\Desktop\Claude 
Code\CPQ-System\src\components\ui\card.tsx:81:57
    at div
    at C:\Users\Eli\Desktop\Claude 
Code\CPQ-System\src\components\ui\card.tsx:7:50
    at BOMGrid (C:\Users\Eli\Desktop\Claude Code\CPQ
-System\src\components\shared\BOMGrid.tsx:22:3)
Warning: A component is `contentEditable` and 
contains `children` managed by React. It is now 
your responsibility to guarantee that none of those 
nodes are unexpectedly modified or duplicated. This 
is probably not intentional.
    at div
    at div
    at div
    at div
    at spy (file:///C:/Users/Eli/Desktop/Claude%20Co
de/CPQ-System/node_modules/tinyspy/dist/index.js:42:
80)
    at div
    at div
    at div
    at C:\Users\Eli\Desktop\Claude 
Code\CPQ-System\src\components\ui\card.tsx:81:57
    at div
    at C:\Users\Eli\Desktop\Claude 
Code\CPQ-System\src\components\ui\card.tsx:7:50
    at BOMGrid (C:\Users\Eli\Desktop\Claude Code\CPQ
-System\src\components\shared\BOMGrid.tsx:22:3)
Warning: A component is `contentEditable` and 
contains `children` managed by React. It is now 
your responsibility to guarantee that none of those 
nodes are unexpectedly modified or duplicated. This 
is probably not intentional.
    at div
    at div
    at div
    at div
    at spy (file:///C:/Users/Eli/Desktop/Claude%20Co
de/CPQ-System/node_modules/tinyspy/dist/index.js:42:
80)
    at div
    at div
    at div
    at C:\Users\Eli\Desktop\Claude 
Code\CPQ-System\src\components\ui\card.tsx:81:57
    at div
    at C:\Users\Eli\Desktop\Claude 
Code\CPQ-System\src\components\ui\card.tsx:7:50
    at BOMGrid (C:\Users\Eli\Desktop\Claude Code\CPQ
-System\src\components\shared\BOMGrid.tsx:22:3)
Warning: A component is `contentEditable` and 
contains `children` managed by React. It is now 
your responsibility to guarantee that none of those 
nodes are unexpectedly modified or duplicated. This 
is probably not intentional.
    at div
    at div
    at div
    at div
    at spy (file:///C:/Users/Eli/Desktop/Claude%20Co
de/CPQ-System/node_modules/tinyspy/dist/index.js:42:
80)
    at div
    at div
    at div
    at C:\Users\Eli\Desktop\Claude 
Code\CPQ-System\src\components\ui\card.tsx:81:57
    at div
    at C:\Users\Eli\Desktop\Claude 
Code\CPQ-System\src\components\ui\card.tsx:7:50
    at BOMGrid (C:\Users\Eli\Desktop\Claude Code\CPQ
-System\src\components\shared\BOMGrid.tsx:22:3)
Warning: A component is `contentEditable` and 
contains `children` managed by React. It is now 
your responsibility to guarantee that none of those 
nodes are unexpectedly modified or duplicated. This 
is probably not intentional.
    at div
    at div
    at div
    at div
    at spy (file:///C:/Users/Eli/Desktop/Claude%20Co
de/CPQ-System/node_modules/tinyspy/dist/index.js:42:
80)
    at div
    at div
    at div
    at C:\Users\Eli\Desktop\Claude 
Code\CPQ-System\src\components\ui\card.tsx:81:57
    at div
    at C:\Users\Eli\Desktop\Claude 
Code\CPQ-System\src\components\ui\card.tsx:7:50
    at BOMGrid (C:\Users\Eli\Desktop\Claude Code\CPQ
-System\src\components\shared\BOMGrid.tsx:22:3)
Warning: A component is `contentEditable` and 
contains `children` managed by React. It is now 
your responsibility to guarantee that none of those 
nodes are unexpectedly modified or duplicated. This 
is probably not intentional.
    at div
    at div
    at div
    at div
    at spy (file:///C:/Users/Eli/Desktop/Claude%20Co
de/CPQ-System/node_modules/tinyspy/dist/index.js:42:
80)
    at div
    at div
    at div
    at C:\Users\Eli\Desktop\Claude 
Code\CPQ-System\src\components\ui\card.tsx:81:57
    at div
    at C:\Users\Eli\Desktop\Claude 
Code\CPQ-System\src\components\ui\card.tsx:7:50
    at BOMGrid (C:\Users\Eli\Desktop\Claude Code\CPQ
-System\src\components\shared\BOMGrid.tsx:22:3)
Warning: A component is `contentEditable` and 
contains `children` managed by React. It is now 
your responsibility to guarantee that none of those 
nodes are unexpectedly modified or duplicated. This 
is probably not intentional.
    at div
    at div
    at div
    at div
    at spy (file:///C:/Users/Eli/Desktop/Claude%20Co
de/CPQ-System/node_modules/tinyspy/dist/index.js:42:
80)
    at div
    at div
    at div
    at C:\Users\Eli\Desktop\Claude 
Code\CPQ-System\src\components\ui\card.tsx:81:57
    at div
    at C:\Users\Eli\Desktop\Claude 
Code\CPQ-System\src\components\ui\card.tsx:7:50
    at BOMGrid (C:\Users\Eli\Desktop\Claude Code\CPQ
-System\src\components\shared\BOMGrid.tsx:22:3)
Warning: A component is `contentEditable` and 
contains `children` managed by React. It is now 
your responsibility to guarantee that none of those 
nodes are unexpectedly modified or duplicated. This 
is probably not intentional.
    at div
    at div
    at div
    at div
    at spy (file:///C:/Users/Eli/Desktop/Claude%20Co
de/CPQ-System/node_modules/tinyspy/dist/index.js:42:
80)
    at div
    at div
    at div
    at C:\Users\Eli\Desktop\Claude 
Code\CPQ-System\src\components\ui\card.tsx:81:57
    at div
    at C:\Users\Eli\Desktop\Claude 
Code\CPQ-System\src\components\ui\card.tsx:7:50
    at BOMGrid (C:\Users\Eli\Desktop\Claude Code\CPQ
-System\src\components\shared\BOMGrid.tsx:22:3)

[90mstderr[2m | src/components/library/__tests__/C
omponentLibrary.test.tsx[2m > 
[22m[2mComponentLibrary - CRUD Operations[2m > 
[22m[2mshould show confirmation dialog when 
delete clicked[22m[39m
Warning: An update to ComponentLibrary inside a 
test was not wrapped in act(...).

When testing, code that causes React state updates 
should be wrapped into act(...):

act(() => {
  /* fire events that update state */
});
/* assert on the output */

This ensures that you're testing the behavior the 
user would see in the browser. Learn more at 
https://reactjs.org/link/wrap-tests-with-act
    at ComponentLibrary 
(C:\Users\Eli\Desktop\Claude Code\CPQ-System\src\com
ponents\library\ComponentLibrary.tsx:35:59)

[90mstderr[2m | src/components/library/__tests__/C
omponentLibrary.test.tsx[2m > 
[22m[2mComponentLibrary - CRUD Operations[2m > 
[22m[2mshould delete component when 
confirmed[22m[39m
Warning: An update to ComponentLibrary inside a 
test was not wrapped in act(...).

When testing, code that causes React state updates 
should be wrapped into act(...):

act(() => {
  /* fire events that update state */
});
/* assert on the output */

This ensures that you're testing the behavior the 
user would see in the browser. Learn more at 
https://reactjs.org/link/wrap-tests-with-act
    at ComponentLibrary 
(C:\Users\Eli\Desktop\Claude Code\CPQ-System\src\com
ponents\library\ComponentLibrary.tsx:35:59)

[90mstderr[2m | src/components/library/__tests__/C
omponentLibrary.test.tsx[2m > 
[22m[2mComponentLibrary - CRUD Operations[2m > 
[22m[2mshould delete component when 
confirmed[22m[39m
Warning: An update to ComponentLibrary inside a 
test was not wrapped in act(...).

When testing, code that causes React state updates 
should be wrapped into act(...):

act(() => {
  /* fire events that update state */
});
/* assert on the output */

This ensures that you're testing the behavior the 
user would see in the browser. Learn more at 
https://reactjs.org/link/wrap-tests-with-act
    at ComponentLibrary 
(C:\Users\Eli\Desktop\Claude Code\CPQ-System\src\com
ponents\library\ComponentLibrary.tsx:35:59)

[90mstderr[2m | src/components/library/__tests__/C
omponentLibrary.test.tsx[2m > 
[22m[2mComponentLibrary - CRUD Operations[2m > 
[22m[2mshould cancel delete when cancel 
clicked[22m[39m
Warning: An update to ComponentLibrary inside a 
test was not wrapped in act(...).

When testing, code that causes React state updates 
should be wrapped into act(...):

act(() => {
  /* fire events that update state */
});
/* assert on the output */

This ensures that you're testing the behavior the 
user would see in the browser. Learn more at 
https://reactjs.org/link/wrap-tests-with-act
    at ComponentLibrary 
(C:\Users\Eli\Desktop\Claude Code\CPQ-System\src\com
ponents\library\ComponentLibrary.tsx:35:59)

[90mstderr[2m | src/components/library/__tests__/C
omponentLibrary.test.tsx[2m > 
[22m[2mComponentLibrary - CRUD Operations[2m > 
[22m[2mshould cancel delete when cancel 
clicked[22m[39m
Warning: An update to ComponentLibrary inside a 
test was not wrapped in act(...).

When testing, code that causes React state updates 
should be wrapped into act(...):

act(() => {
  /* fire events that update state */
});
/* assert on the output */

This ensures that you're testing the behavior the 
user would see in the browser. Learn more at 
https://reactjs.org/link/wrap-tests-with-act
    at ComponentLibrary 
(C:\Users\Eli\Desktop\Claude Code\CPQ-System\src\com
ponents\library\ComponentLibrary.tsx:35:59)

[90mstderr[2m | src/components/library/__tests__/C
omponentLibrary.test.tsx[2m > 
[22m[2mComponentLibrary - Tab Navigation[2m > 
[22m[2mshould switch to assemblies tab when 
clicked[22m[39m
Warning: An update to ComponentLibrary inside a 
test was not wrapped in act(...).

When testing, code that causes React state updates 
should be wrapped into act(...):

act(() => {
  /* fire events that update state */
});
/* assert on the output */

This ensures that you're testing the behavior the 
user would see in the browser. Learn more at 
https://reactjs.org/link/wrap-tests-with-act
    at ComponentLibrary 
(C:\Users\Eli\Desktop\Claude Code\CPQ-System\src\com
ponents\library\ComponentLibrary.tsx:35:59)
Warning: An update to ForwardRef inside a test was 
not wrapped in act(...).

When testing, code that causes React state updates 
should be wrapped into act(...):

act(() => {
  /* fire events that update state */
});
/* assert on the output */

This ensures that you're testing the behavior the 
user would see in the browser. Learn more at 
https://reactjs.org/link/wrap-tests-with-act
    at file:///C:/Users/Eli/Desktop/Claude%20Code/CP
Q-System/node_modules/@radix-ui/react-roving-focus/d
ist/index.mjs:32:5
    at file:///C:/Users/Eli/Desktop/Claude%20Code/CP
Q-System/node_modules/@radix-ui/react-slot/dist/inde
x.mjs:33:13
    at file:///C:/Users/Eli/Desktop/Claude%20Code/CP
Q-System/node_modules/@radix-ui/react-slot/dist/inde
x.mjs:9:13
    at file:///C:/Users/Eli/Desktop/Claude%20Code/CP
Q-System/node_modules/@radix-ui/react-collection/dis
t/index.mjs:27:15
    at Provider (file:///C:/Users/Eli/Desktop/Claude
%20Code/CPQ-System/node_modules/@radix-ui/react-cont
ext/dist/index.mjs:27:15)
    at CollectionProvider (file:///C:/Users/Eli/Desk
top/Claude%20Code/CPQ-System/node_modules/@radix-ui/
react-collection/dist/index.mjs:17:13)
    at file:///C:/Users/Eli/Desktop/Claude%20Code/CP
Q-System/node_modules/@radix-ui/react-roving-focus/d
ist/index.mjs:26:68
    at file:///C:/Users/Eli/Desktop/Claude%20Code/CP
Q-System/node_modules/@radix-ui/react-tabs/dist/inde
x.mjs:67:13
    at C:\Users\Eli\Desktop\Claude 
Code\CPQ-System\src\components\ui\tabs.tsx:10:54
    at div
    at file:///C:/Users/Eli/Desktop/Claude%20Code/CP
Q-System/node_modules/@radix-ui/react-primitive/dist
/index.mjs:28:13
    at Provider (file:///C:/Users/Eli/Desktop/Claude
%20Code/CPQ-System/node_modules/@radix-ui/react-cont
ext/dist/index.mjs:27:15)
    at file:///C:/Users/Eli/Desktop/Claude%20Code/CP
Q-System/node_modules/@radix-ui/react-tabs/dist/inde
x.mjs:24:7
    at div
    at ComponentLibrary 
(C:\Users\Eli\Desktop\Claude Code\CPQ-System\src\com
ponents\library\ComponentLibrary.tsx:35:59)
Warning: An update to ComponentLibrary inside a 
test was not wrapped in act(...).

When testing, code that causes React state updates 
should be wrapped into act(...):

act(() => {
  /* fire events that update state */
});
/* assert on the output */

This ensures that you're testing the behavior the 
user would see in the browser. Learn more at 
https://reactjs.org/link/wrap-tests-with-act
    at ComponentLibrary 
(C:\Users\Eli\Desktop\Claude Code\CPQ-System\src\com
ponents\library\ComponentLibrary.tsx:35:59)
Warning: An update to ForwardRef inside a test was 
not wrapped in act(...).

When testing, code that causes React state updates 
should be wrapped into act(...):

act(() => {
  /* fire events that update state */
});
/* assert on the output */

This ensures that you're testing the behavior the 
user would see in the browser. Learn more at 
https://reactjs.org/link/wrap-tests-with-act
    at file:///C:/Users/Eli/Desktop/Claude%20Code/CP
Q-System/node_modules/@radix-ui/react-roving-focus/d
ist/index.mjs:32:5
    at file:///C:/Users/Eli/Desktop/Claude%20Code/CP
Q-System/node_modules/@radix-ui/react-slot/dist/inde
x.mjs:33:13
    at file:///C:/Users/Eli/Desktop/Claude%20Code/CP
Q-System/node_modules/@radix-ui/react-slot/dist/inde
x.mjs:9:13
    at file:///C:/Users/Eli/Desktop/Claude%20Code/CP
Q-System/node_modules/@radix-ui/react-collection/dis
t/index.mjs:27:15
    at Provider (file:///C:/Users/Eli/Desktop/Claude
%20Code/CPQ-System/node_modules/@radix-ui/react-cont
ext/dist/index.mjs:27:15)
    at CollectionProvider (file:///C:/Users/Eli/Desk
top/Claude%20Code/CPQ-System/node_modules/@radix-ui/
react-collection/dist/index.mjs:17:13)
    at file:///C:/Users/Eli/Desktop/Claude%20Code/CP
Q-System/node_modules/@radix-ui/react-roving-focus/d
ist/index.mjs:26:68
    at file:///C:/Users/Eli/Desktop/Claude%20Code/CP
Q-System/node_modules/@radix-ui/react-tabs/dist/inde
x.mjs:67:13
    at C:\Users\Eli\Desktop\Claude 
Code\CPQ-System\src\components\ui\tabs.tsx:10:54
    at div
    at file:///C:/Users/Eli/Desktop/Claude%20Code/CP
Q-System/node_modules/@radix-ui/react-primitive/dist
/index.mjs:28:13
    at Provider (file:///C:/Users/Eli/Desktop/Claude
%20Code/CPQ-System/node_modules/@radix-ui/react-cont
ext/dist/index.mjs:27:15)
    at file:///C:/Users/Eli/Desktop/Claude%20Code/CP
Q-System/node_modules/@radix-ui/react-tabs/dist/inde
x.mjs:24:7
    at div
    at ComponentLibrary 
(C:\Users\Eli\Desktop\Claude Code\CPQ-System\src\com
ponents\library\ComponentLibrary.tsx:35:59)
Warning: An update to Presence inside a test was 
not wrapped in act(...).

When testing, code that causes React state updates 
should be wrapped into act(...):

act(() => {
  /* fire events that update state */
});
/* assert on the output */

This ensures that you're testing the behavior the 
user would see in the browser. Learn more at 
https://reactjs.org/link/wrap-tests-with-act
    at Presence (file:///C:/Users/Eli/Desktop/Claude
%20Code/CPQ-System/node_modules/@radix-ui/react-pres
ence/dist/index.mjs:19:11)
    at file:///C:/Users/Eli/Desktop/Claude%20Code/CP
Q-System/node_modules/@radix-ui/react-tabs/dist/inde
x.mjs:147:13
    at C:\Users\Eli\Desktop\Claude 
Code\CPQ-System\src\components\ui\tabs.tsx:50:57
    at div
    at file:///C:/Users/Eli/Desktop/Claude%20Code/CP
Q-System/node_modules/@radix-ui/react-primitive/dist
/index.mjs:28:13
    at Provider (file:///C:/Users/Eli/Desktop/Claude
%20Code/CPQ-System/node_modules/@radix-ui/react-cont
ext/dist/index.mjs:27:15)
    at file:///C:/Users/Eli/Desktop/Claude%20Code/CP
Q-System/node_modules/@radix-ui/react-tabs/dist/inde
x.mjs:24:7
    at div
    at ComponentLibrary 
(C:\Users\Eli\Desktop\Claude Code\CPQ-System\src\com
ponents\library\ComponentLibrary.tsx:35:59)
Warning: An update to Presence inside a test was 
not wrapped in act(...).

When testing, code that causes React state updates 
should be wrapped into act(...):

act(() => {
  /* fire events that update state */
});
/* assert on the output */

This ensures that you're testing the behavior the 
user would see in the browser. Learn more at 
https://reactjs.org/link/wrap-tests-with-act
    at Presence (file:///C:/Users/Eli/Desktop/Claude
%20Code/CPQ-System/node_modules/@radix-ui/react-pres
ence/dist/index.mjs:19:11)
    at file:///C:/Users/Eli/Desktop/Claude%20Code/CP
Q-System/node_modules/@radix-ui/react-tabs/dist/inde
x.mjs:147:13
    at C:\Users\Eli\Desktop\Claude 
Code\CPQ-System\src\components\ui\tabs.tsx:50:57
    at div
    at file:///C:/Users/Eli/Desktop/Claude%20Code/CP
Q-System/node_modules/@radix-ui/react-primitive/dist
/index.mjs:28:13
    at Provider (file:///C:/Users/Eli/Desktop/Claude
%20Code/CPQ-System/node_modules/@radix-ui/react-cont
ext/dist/index.mjs:27:15)
    at file:///C:/Users/Eli/Desktop/Claude%20Code/CP
Q-System/node_modules/@radix-ui/react-tabs/dist/inde
x.mjs:24:7
    at div
    at ComponentLibrary 
(C:\Users\Eli\Desktop\Claude Code\CPQ-System\src\com
ponents\library\ComponentLibrary.tsx:35:59)

[90mstderr[2m | src/components/library/__tests__/C
omponentLibrary.test.tsx[2m > 
[22m[2mComponentLibrary - Tab Navigation[2m > 
[22m[2mshould show "Add Assembly" button in 
assemblies tab[22m[39m
Warning: An update to ComponentLibrary inside a 
test was not wrapped in act(...).

When testing, code that causes React state updates 
should be wrapped into act(...):

act(() => {
  /* fire events that update state */
});
/* assert on the output */

This ensures that you're testing the behavior the 
user would see in the browser. Learn more at 
https://reactjs.org/link/wrap-tests-with-act
    at ComponentLibrary 
(C:\Users\Eli\Desktop\Claude Code\CPQ-System\src\com
ponents\library\ComponentLibrary.tsx:35:59)
Warning: An update to ForwardRef inside a test was 
not wrapped in act(...).

When testing, code that causes React state updates 
should be wrapped into act(...):

act(() => {
  /* fire events that update state */
});
/* assert on the output */

This ensures that you're testing the behavior the 
user would see in the browser. Learn more at 
https://reactjs.org/link/wrap-tests-with-act
    at file:///C:/Users/Eli/Desktop/Claude%20Code/CP
Q-System/node_modules/@radix-ui/react-roving-focus/d
ist/index.mjs:32:5
    at file:///C:/Users/Eli/Desktop/Claude%20Code/CP
Q-System/node_modules/@radix-ui/react-slot/dist/inde
x.mjs:33:13
    at file:///C:/Users/Eli/Desktop/Claude%20Code/CP
Q-System/node_modules/@radix-ui/react-slot/dist/inde
x.mjs:9:13
    at file:///C:/Users/Eli/Desktop/Claude%20Code/CP
Q-System/node_modules/@radix-ui/react-collection/dis
t/index.mjs:27:15
    at Provider (file:///C:/Users/Eli/Desktop/Claude
%20Code/CPQ-System/node_modules/@radix-ui/react-cont
ext/dist/index.mjs:27:15)
    at CollectionProvider (file:///C:/Users/Eli/Desk
top/Claude%20Code/CPQ-System/node_modules/@radix-ui/
react-collection/dist/index.mjs:17:13)
    at file:///C:/Users/Eli/Desktop/Claude%20Code/CP
Q-System/node_modules/@radix-ui/react-roving-focus/d
ist/index.mjs:26:68
    at file:///C:/Users/Eli/Desktop/Claude%20Code/CP
Q-System/node_modules/@radix-ui/react-tabs/dist/inde
x.mjs:67:13
    at C:\Users\Eli\Desktop\Claude 
Code\CPQ-System\src\components\ui\tabs.tsx:10:54
    at div
    at file:///C:/Users/Eli/Desktop/Claude%20Code/CP
Q-System/node_modules/@radix-ui/react-primitive/dist
/index.mjs:28:13
    at Provider (file:///C:/Users/Eli/Desktop/Claude
%20Code/CPQ-System/node_modules/@radix-ui/react-cont
ext/dist/index.mjs:27:15)
    at file:///C:/Users/Eli/Desktop/Claude%20Code/CP
Q-System/node_modules/@radix-ui/react-tabs/dist/inde
x.mjs:24:7
    at div
    at ComponentLibrary 
(C:\Users\Eli\Desktop\Claude Code\CPQ-System\src\com
ponents\library\ComponentLibrary.tsx:35:59)
Warning: An update to ComponentLibrary inside a 
test was not wrapped in act(...).

When testing, code that causes React state updates 
should be wrapped into act(...):

act(() => {
  /* fire events that update state */
});
/* assert on the output */

This ensures that you're testing the behavior the 
user would see in the browser. Learn more at 
https://reactjs.org/link/wrap-tests-with-act
    at ComponentLibrary 
(C:\Users\Eli\Desktop\Claude Code\CPQ-System\src\com
ponents\library\ComponentLibrary.tsx:35:59)
Warning: An update to ForwardRef inside a test was 
not wrapped in act(...).

When testing, code that causes React state updates 
should be wrapped into act(...):

act(() => {
  /* fire events that update state */
});
/* assert on the output */

This ensures that you're testing the behavior the 
user would see in the browser. Learn more at 
https://reactjs.org/link/wrap-tests-with-act
    at file:///C:/Users/Eli/Desktop/Claude%20Code/CP
Q-System/node_modules/@radix-ui/react-roving-focus/d
ist/index.mjs:32:5
    at file:///C:/Users/Eli/Desktop/Claude%20Code/CP
Q-System/node_modules/@radix-ui/react-slot/dist/inde
x.mjs:33:13
    at file:///C:/Users/Eli/Desktop/Claude%20Code/CP
Q-System/node_modules/@radix-ui/react-slot/dist/inde
x.mjs:9:13
    at file:///C:/Users/Eli/Desktop/Claude%20Code/CP
Q-System/node_modules/@radix-ui/react-collection/dis
t/index.mjs:27:15
    at Provider (file:///C:/Users/Eli/Desktop/Claude
%20Code/CPQ-System/node_modules/@radix-ui/react-cont
ext/dist/index.mjs:27:15)
    at CollectionProvider (file:///C:/Users/Eli/Desk
top/Claude%20Code/CPQ-System/node_modules/@radix-ui/
react-collection/dist/index.mjs:17:13)
    at file:///C:/Users/Eli/Desktop/Claude%20Code/CP
Q-System/node_modules/@radix-ui/react-roving-focus/d
ist/index.mjs:26:68
    at file:///C:/Users/Eli/Desktop/Claude%20Code/CP
Q-System/node_modules/@radix-ui/react-tabs/dist/inde
x.mjs:67:13
    at C:\Users\Eli\Desktop\Claude 
Code\CPQ-System\src\components\ui\tabs.tsx:10:54
    at div
    at file:///C:/Users/Eli/Desktop/Claude%20Code/CP
Q-System/node_modules/@radix-ui/react-primitive/dist
/index.mjs:28:13
    at Provider (file:///C:/Users/Eli/Desktop/Claude
%20Code/CPQ-System/node_modules/@radix-ui/react-cont
ext/dist/index.mjs:27:15)
    at file:///C:/Users/Eli/Desktop/Claude%20Code/CP
Q-System/node_modules/@radix-ui/react-tabs/dist/inde
x.mjs:24:7
    at div
    at ComponentLibrary 
(C:\Users\Eli\Desktop\Claude Code\CPQ-System\src\com
ponents\library\ComponentLibrary.tsx:35:59)
Warning: An update to Presence inside a test was 
not wrapped in act(...).

When testing, code that causes React state updates 
should be wrapped into act(...):

act(() => {
  /* fire events that update state */
});
/* assert on the output */

This ensures that you're testing the behavior the 
user would see in the browser. Learn more at 
https://reactjs.org/link/wrap-tests-with-act
    at Presence (file:///C:/Users/Eli/Desktop/Claude
%20Code/CPQ-System/node_modules/@radix-ui/react-pres
ence/dist/index.mjs:19:11)
    at file:///C:/Users/Eli/Desktop/Claude%20Code/CP
Q-System/node_modules/@radix-ui/react-tabs/dist/inde
x.mjs:147:13
    at C:\Users\Eli\Desktop\Claude 
Code\CPQ-System\src\components\ui\tabs.tsx:50:57
    at div
    at file:///C:/Users/Eli/Desktop/Claude%20Code/CP
Q-System/node_modules/@radix-ui/react-primitive/dist
/index.mjs:28:13
    at Provider (file:///C:/Users/Eli/Desktop/Claude
%20Code/CPQ-System/node_modules/@radix-ui/react-cont
ext/dist/index.mjs:27:15)
    at file:///C:/Users/Eli/Desktop/Claude%20Code/CP
Q-System/node_modules/@radix-ui/react-tabs/dist/inde
x.mjs:24:7
    at div
    at ComponentLibrary 
(C:\Users\Eli\Desktop\Claude Code\CPQ-System\src\com
ponents\library\ComponentLibrary.tsx:35:59)
Warning: An update to Presence inside a test was 
not wrapped in act(...).

When testing, code that causes React state updates 
should be wrapped into act(...):

act(() => {
  /* fire events that update state */
});
/* assert on the output */

This ensures that you're testing the behavior the 
user would see in the browser. Learn more at 
https://reactjs.org/link/wrap-tests-with-act
    at Presence (file:///C:/Users/Eli/Desktop/Claude
%20Code/CPQ-System/node_modules/@radix-ui/react-pres
ence/dist/index.mjs:19:11)
    at file:///C:/Users/Eli/Desktop/Claude%20Code/CP
Q-System/node_modules/@radix-ui/react-tabs/dist/inde
x.mjs:147:13
    at C:\Users\Eli\Desktop\Claude 
Code\CPQ-System\src\components\ui\tabs.tsx:50:57
    at div
    at file:///C:/Users/Eli/Desktop/Claude%20Code/CP
Q-System/node_modules/@radix-ui/react-primitive/dist
/index.mjs:28:13
    at Provider (file:///C:/Users/Eli/Desktop/Claude
%20Code/CPQ-System/node_modules/@radix-ui/react-cont
ext/dist/index.mjs:27:15)
    at file:///C:/Users/Eli/Desktop/Claude%20Code/CP
Q-System/node_modules/@radix-ui/react-tabs/dist/inde
x.mjs:24:7
    at div
    at ComponentLibrary 
(C:\Users\Eli\Desktop\Claude Code\CPQ-System\src\com
ponents\library\ComponentLibrary.tsx:35:59)

[90mstderr[2m | src/components/library/__tests__/C
omponentLibrary.test.tsx[2m > 
[22m[2mComponentLibrary - Tab Navigation[2m > 
[22m[2mshould hide component grid when in 
assemblies tab[22m[39m
Warning: An update to ComponentLibrary inside a 
test was not wrapped in act(...).

When testing, code that causes React state updates 
should be wrapped into act(...):

act(() => {
  /* fire events that update state */
});
/* assert on the output */

This ensures that you're testing the behavior the 
user would see in the browser. Learn more at 
https://reactjs.org/link/wrap-tests-with-act
    at ComponentLibrary 
(C:\Users\Eli\Desktop\Claude Code\CPQ-System\src\com
ponents\library\ComponentLibrary.tsx:35:59)
Warning: An update to ForwardRef inside a test was 
not wrapped in act(...).

When testing, code that causes React state updates 
should be wrapped into act(...):

act(() => {
  /* fire events that update state */
});
/* assert on the output */

This ensures that you're testing the behavior the 
user would see in the browser. Learn more at 
https://reactjs.org/link/wrap-tests-with-act
    at file:///C:/Users/Eli/Desktop/Claude%20Code/CP
Q-System/node_modules/@radix-ui/react-roving-focus/d
ist/index.mjs:32:5
    at file:///C:/Users/Eli/Desktop/Claude%20Code/CP
Q-System/node_modules/@radix-ui/react-slot/dist/inde
x.mjs:33:13
    at file:///C:/Users/Eli/Desktop/Claude%20Code/CP
Q-System/node_modules/@radix-ui/react-slot/dist/inde
x.mjs:9:13
    at file:///C:/Users/Eli/Desktop/Claude%20Code/CP
Q-System/node_modules/@radix-ui/react-collection/dis
t/index.mjs:27:15
    at Provider (file:///C:/Users/Eli/Desktop/Claude
%20Code/CPQ-System/node_modules/@radix-ui/react-cont
ext/dist/index.mjs:27:15)
    at CollectionProvider (file:///C:/Users/Eli/Desk
top/Claude%20Code/CPQ-System/node_modules/@radix-ui/
react-collection/dist/index.mjs:17:13)
    at file:///C:/Users/Eli/Desktop/Claude%20Code/CP
Q-System/node_modules/@radix-ui/react-roving-focus/d
ist/index.mjs:26:68
    at file:///C:/Users/Eli/Desktop/Claude%20Code/CP
Q-System/node_modules/@radix-ui/react-tabs/dist/inde
x.mjs:67:13
    at C:\Users\Eli\Desktop\Claude 
Code\CPQ-System\src\components\ui\tabs.tsx:10:54
    at div
    at file:///C:/Users/Eli/Desktop/Claude%20Code/CP
Q-System/node_modules/@radix-ui/react-primitive/dist
/index.mjs:28:13
    at Provider (file:///C:/Users/Eli/Desktop/Claude
%20Code/CPQ-System/node_modules/@radix-ui/react-cont
ext/dist/index.mjs:27:15)
    at file:///C:/Users/Eli/Desktop/Claude%20Code/CP
Q-System/node_modules/@radix-ui/react-tabs/dist/inde
x.mjs:24:7
    at div
    at ComponentLibrary 
(C:\Users\Eli\Desktop\Claude Code\CPQ-System\src\com
ponents\library\ComponentLibrary.tsx:35:59)
Warning: An update to ComponentLibrary inside a 
test was not wrapped in act(...).

When testing, code that causes React state updates 
should be wrapped into act(...):

act(() => {
  /* fire events that update state */
});
/* assert on the output */

This ensures that you're testing the behavior the 
user would see in the browser. Learn more at 
https://reactjs.org/link/wrap-tests-with-act
    at ComponentLibrary 
(C:\Users\Eli\Desktop\Claude Code\CPQ-System\src\com
ponents\library\ComponentLibrary.tsx:35:59)
Warning: An update to ForwardRef inside a test was 
not wrapped in act(...).

When testing, code that causes React state updates 
should be wrapped into act(...):

act(() => {
  /* fire events that update state */
});
/* assert on the output */

This ensures that you're testing the behavior the 
user would see in the browser. Learn more at 
https://reactjs.org/link/wrap-tests-with-act
    at file:///C:/Users/Eli/Desktop/Claude%20Code/CP
Q-System/node_modules/@radix-ui/react-roving-focus/d
ist/index.mjs:32:5
    at file:///C:/Users/Eli/Desktop/Claude%20Code/CP
Q-System/node_modules/@radix-ui/react-slot/dist/inde
x.mjs:33:13
    at file:///C:/Users/Eli/Desktop/Claude%20Code/CP
Q-System/node_modules/@radix-ui/react-slot/dist/inde
x.mjs:9:13
    at file:///C:/Users/Eli/Desktop/Claude%20Code/CP
Q-System/node_modules/@radix-ui/react-collection/dis
t/index.mjs:27:15
    at Provider (file:///C:/Users/Eli/Desktop/Claude
%20Code/CPQ-System/node_modules/@radix-ui/react-cont
ext/dist/index.mjs:27:15)
    at CollectionProvider (file:///C:/Users/Eli/Desk
top/Claude%20Code/CPQ-System/node_modules/@radix-ui/
react-collection/dist/index.mjs:17:13)
    at file:///C:/Users/Eli/Desktop/Claude%20Code/CP
Q-System/node_modules/@radix-ui/react-roving-focus/d
ist/index.mjs:26:68
    at file:///C:/Users/Eli/Desktop/Claude%20Code/CP
Q-System/node_modules/@radix-ui/react-tabs/dist/inde
x.mjs:67:13
    at C:\Users\Eli\Desktop\Claude 
Code\CPQ-System\src\components\ui\tabs.tsx:10:54
    at div
    at file:///C:/Users/Eli/Desktop/Claude%20Code/CP
Q-System/node_modules/@radix-ui/react-primitive/dist
/index.mjs:28:13
    at Provider (file:///C:/Users/Eli/Desktop/Claude
%20Code/CPQ-System/node_modules/@radix-ui/react-cont
ext/dist/index.mjs:27:15)
    at file:///C:/Users/Eli/Desktop/Claude%20Code/CP
Q-System/node_modules/@radix-ui/react-tabs/dist/inde
x.mjs:24:7
    at div
    at ComponentLibrary 
(C:\Users\Eli\Desktop\Claude Code\CPQ-System\src\com
ponents\library\ComponentLibrary.tsx:35:59)
Warning: An update to Presence inside a test was 
not wrapped in act(...).

When testing, code that causes React state updates 
should be wrapped into act(...):

act(() => {
  /* fire events that update state */
});
/* assert on the output */

This ensures that you're testing the behavior the 
user would see in the browser. Learn more at 
https://reactjs.org/link/wrap-tests-with-act
    at Presence (file:///C:/Users/Eli/Desktop/Claude
%20Code/CPQ-System/node_modules/@radix-ui/react-pres
ence/dist/index.mjs:19:11)
    at file:///C:/Users/Eli/Desktop/Claude%20Code/CP
Q-System/node_modules/@radix-ui/react-tabs/dist/inde
x.mjs:147:13
    at C:\Users\Eli\Desktop\Claude 
Code\CPQ-System\src\components\ui\tabs.tsx:50:57
    at div
    at file:///C:/Users/Eli/Desktop/Claude%20Code/CP
Q-System/node_modules/@radix-ui/react-primitive/dist
/index.mjs:28:13
    at Provider (file:///C:/Users/Eli/Desktop/Claude
%20Code/CPQ-System/node_modules/@radix-ui/react-cont
ext/dist/index.mjs:27:15)
    at file:///C:/Users/Eli/Desktop/Claude%20Code/CP
Q-System/node_modules/@radix-ui/react-tabs/dist/inde
x.mjs:24:7
    at div
    at ComponentLibrary 
(C:\Users\Eli\Desktop\Claude Code\CPQ-System\src\com
ponents\library\ComponentLibrary.tsx:35:59)
Warning: An update to Presence inside a test was 
not wrapped in act(...).

When testing, code that causes React state updates 
should be wrapped into act(...):

act(() => {
  /* fire events that update state */
});
/* assert on the output */

This ensures that you're testing the behavior the 
user would see in the browser. Learn more at 
https://reactjs.org/link/wrap-tests-with-act
    at Presence (file:///C:/Users/Eli/Desktop/Claude
%20Code/CPQ-System/node_modules/@radix-ui/react-pres
ence/dist/index.mjs:19:11)
    at file:///C:/Users/Eli/Desktop/Claude%20Code/CP
Q-System/node_modules/@radix-ui/react-tabs/dist/inde
x.mjs:147:13
    at C:\Users\Eli\Desktop\Claude 
Code\CPQ-System\src\components\ui\tabs.tsx:50:57
    at div
    at file:///C:/Users/Eli/Desktop/Claude%20Code/CP
Q-System/node_modules/@radix-ui/react-primitive/dist
/index.mjs:28:13
    at Provider (file:///C:/Users/Eli/Desktop/Claude
%20Code/CPQ-System/node_modules/@radix-ui/react-cont
ext/dist/index.mjs:27:15)
    at file:///C:/Users/Eli/Desktop/Claude%20Code/CP
Q-System/node_modules/@radix-ui/react-tabs/dist/inde
x.mjs:24:7
    at div
    at ComponentLibrary 
(C:\Users\Eli\Desktop\Claude Code\CPQ-System\src\com
ponents\library\ComponentLibrary.tsx:35:59)

[90mstderr[2m | src/components/library/__tests__/C
omponentLibrary.test.tsx[2m > 
[22m[2mComponentLibrary - AI Import[2m > 
[22m[2mshould open AI import modal when 
clicked[22m[39m
Warning: An update to ComponentLibrary inside a 
test was not wrapped in act(...).

When testing, code that causes React state updates 
should be wrapped into act(...):

act(() => {
  /* fire events that update state */
});
/* assert on the output */

This ensures that you're testing the behavior the 
user would see in the browser. Learn more at 
https://reactjs.org/link/wrap-tests-with-act
    at ComponentLibrary 
(C:\Users\Eli\Desktop\Claude Code\CPQ-System\src\com
ponents\library\ComponentLibrary.tsx:35:59)

[90mstderr[2m | src/components/library/__tests__/C
omponentLibrary.test.tsx[2m > 
[22m[2mComponentLibrary - AI Import[2m > 
[22m[2mshould close AI import modal[22m[39m
Warning: An update to ComponentLibrary inside a 
test was not wrapped in act(...).

When testing, code that causes React state updates 
should be wrapped into act(...):

act(() => {
  /* fire events that update state */
});
/* assert on the output */

This ensures that you're testing the behavior the 
user would see in the browser. Learn more at 
https://reactjs.org/link/wrap-tests-with-act
    at ComponentLibrary 
(C:\Users\Eli\Desktop\Claude Code\CPQ-System\src\com
ponents\library\ComponentLibrary.tsx:35:59)

[90mstderr[2m | src/components/library/__tests__/C
omponentLibrary.test.tsx[2m > 
[22m[2mComponentLibrary - AI Import[2m > 
[22m[2mshould close AI import modal[22m[39m
Warning: An update to ComponentLibrary inside a 
test was not wrapped in act(...).

When testing, code that causes React state updates 
should be wrapped into act(...):

act(() => {
  /* fire events that update state */
});
/* assert on the output */

This ensures that you're testing the behavior the 
user would see in the browser. Learn more at 
https://reactjs.org/link/wrap-tests-with-act
    at ComponentLibrary 
(C:\Users\Eli\Desktop\Claude Code\CPQ-System\src\com
ponents\library\ComponentLibrary.tsx:35:59)

[90mstderr[2m | src/components/library/__tests__/C
omponentLibrary.test.tsx[2m > 
[22m[2mComponentLibrary - Empty States[2m > 
[22m[2mshould show empty state message when 
searching with no results[22m[39m
Warning: An update to ComponentLibrary inside a 
test was not wrapped in act(...).

When testing, code that causes React state updates 
should be wrapped into act(...):

act(() => {
  /* fire events that update state */
});
/* assert on the output */

This ensures that you're testing the behavior the 
user would see in the browser. Learn more at 
https://reactjs.org/link/wrap-tests-with-act
    at ComponentLibrary 
(C:\Users\Eli\Desktop\Claude Code\CPQ-System\src\com
ponents\library\ComponentLibrary.tsx:35:59)

[90mstderr[2m | src/components/library/__tests__/C
omponentLibrary.test.tsx[2m > 
[22m[2mComponentLibrary - Empty States[2m > 
[22m[2mshould show empty state message when 
searching with no results[22m[39m
Warning: An update to ComponentLibrary inside a 
test was not wrapped in act(...).

When testing, code that causes React state updates 
should be wrapped into act(...):

act(() => {
  /* fire events that update state */
});
/* assert on the output */

This ensures that you're testing the behavior the 
user would see in the browser. Learn more at 
https://reactjs.org/link/wrap-tests-with-act
    at ComponentLibrary 
(C:\Users\Eli\Desktop\Claude Code\CPQ-System\src\com
ponents\library\ComponentLibrary.tsx:35:59)

[90mstderr[2m | src/components/library/__tests__/C
omponentLibrary.test.tsx[2m > 
[22m[2mComponentLibrary - Empty States[2m > 
[22m[2mshould show empty state message when 
searching with no results[22m[39m
Warning: An update to ComponentLibrary inside a 
test was not wrapped in act(...).

When testing, code that causes React state updates 
should be wrapped into act(...):

act(() => {
  /* fire events that update state */
});
/* assert on the output */

This ensures that you're testing the behavior the 
user would see in the browser. Learn more at 
https://reactjs.org/link/wrap-tests-with-act
    at ComponentLibrary 
(C:\Users\Eli\Desktop\Claude Code\CPQ-System\src\com
ponents\library\ComponentLibrary.tsx:35:59)

[90mstderr[2m | src/components/library/__tests__/C
omponentLibrary.test.tsx[2m > 
[22m[2mComponentLibrary - Empty States[2m > 
[22m[2mshould show empty state message when 
searching with no results[22m[39m
Warning: An update to ComponentLibrary inside a 
test was not wrapped in act(...).

When testing, code that causes React state updates 
should be wrapped into act(...):

act(() => {
  /* fire events that update state */
});
/* assert on the output */

This ensures that you're testing the behavior the 
user would see in the browser. Learn more at 
https://reactjs.org/link/wrap-tests-with-act
    at ComponentLibrary 
(C:\Users\Eli\Desktop\Claude Code\CPQ-System\src\com
ponents\library\ComponentLibrary.tsx:35:59)

[90mstderr[2m | src/components/library/__tests__/C
omponentLibrary.test.tsx[2m > 
[22m[2mComponentLibrary - Empty States[2m > 
[22m[2mshould show empty state message when 
searching with no results[22m[39m
Warning: An update to ComponentLibrary inside a 
test was not wrapped in act(...).

When testing, code that causes React state updates 
should be wrapped into act(...):

act(() => {
  /* fire events that update state */
});
/* assert on the output */

This ensures that you're testing the behavior the 
user would see in the browser. Learn more at 
https://reactjs.org/link/wrap-tests-with-act
    at ComponentLibrary 
(C:\Users\Eli\Desktop\Claude Code\CPQ-System\src\com
ponents\library\ComponentLibrary.tsx:35:59)

[90mstderr[2m | src/components/library/__tests__/C
omponentLibrary.test.tsx[2m > 
[22m[2mComponentLibrary - Empty States[2m > 
[22m[2mshould show empty state message when 
searching with no results[22m[39m
Warning: An update to ComponentLibrary inside a 
test was not wrapped in act(...).

When testing, code that causes React state updates 
should be wrapped into act(...):

act(() => {
  /* fire events that update state */
});
/* assert on the output */

This ensures that you're testing the behavior the 
user would see in the browser. Learn more at 
https://reactjs.org/link/wrap-tests-with-act
    at ComponentLibrary 
(C:\Users\Eli\Desktop\Claude Code\CPQ-System\src\com
ponents\library\ComponentLibrary.tsx:35:59)

[90mstderr[2m | src/components/library/__tests__/C
omponentLibrary.test.tsx[2m > 
[22m[2mComponentLibrary - Empty States[2m > 
[22m[2mshould show empty state message when 
searching with no results[22m[39m
Warning: An update to ComponentLibrary inside a 
test was not wrapped in act(...).

When testing, code that causes React state updates 
should be wrapped into act(...):

act(() => {
  /* fire events that update state */
});
/* assert on the output */

This ensures that you're testing the behavior the 
user would see in the browser. Learn more at 
https://reactjs.org/link/wrap-tests-with-act
    at ComponentLibrary 
(C:\Users\Eli\Desktop\Claude Code\CPQ-System\src\com
ponents\library\ComponentLibrary.tsx:35:59)

[90mstderr[2m | src/components/library/__tests__/C
omponentLibrary.test.tsx[2m > 
[22m[2mComponentLibrary - Empty States[2m > 
[22m[2mshould show empty state message when 
searching with no results[22m[39m
Warning: An update to ComponentLibrary inside a 
test was not wrapped in act(...).

When testing, code that causes React state updates 
should be wrapped into act(...):

act(() => {
  /* fire events that update state */
});
/* assert on the output */

This ensures that you're testing the behavior the 
user would see in the browser. Learn more at 
https://reactjs.org/link/wrap-tests-with-act
    at ComponentLibrary 
(C:\Users\Eli\Desktop\Claude Code\CPQ-System\src\com
ponents\library\ComponentLibrary.tsx:35:59)

[90mstderr[2m | src/components/library/__tests__/C
omponentLibrary.test.tsx[2m > 
[22m[2mComponentLibrary - Empty States[2m > 
[22m[2mshould show empty state message when 
searching with no results[22m[39m
Warning: An update to ComponentLibrary inside a 
test was not wrapped in act(...).

When testing, code that causes React state updates 
should be wrapped into act(...):

act(() => {
  /* fire events that update state */
});
/* assert on the output */

This ensures that you're testing the behavior the 
user would see in the browser. Learn more at 
https://reactjs.org/link/wrap-tests-with-act
    at ComponentLibrary 
(C:\Users\Eli\Desktop\Claude Code\CPQ-System\src\com
ponents\library\ComponentLibrary.tsx:35:59)

[90mstderr[2m | src/components/library/__tests__/C
omponentLibrary.test.tsx[2m > 
[22m[2mComponentLibrary - Empty States[2m > 
[22m[2mshould show empty state message when 
searching with no results[22m[39m
Warning: An update to ComponentLibrary inside a 
test was not wrapped in act(...).

When testing, code that causes React state updates 
should be wrapped into act(...):

act(() => {
 [32mΓ£ô[39m src/components/library/__tests__/ComponentLibrary.test.tsx [2m ([22m[2m46 tests[22m[2m)[22m[33m 8988[2mms[22m[39m
  /* fire events that update state */
});
/* assert on the output */

This ensures that you're testing the behavior the 
user would see in the browser. Learn more at 
https://reactjs.org/link/wrap-tests-with-act
    at ComponentLibrary 
(C:\Users\Eli\Desktop\Claude Code\CPQ-System\src\com
ponents\library\ComponentLibrary.tsx:35:59)

[90mstderr[2m | src/components/library/__tests__/C
omponentLibrary.test.tsx[2m > 
[22m[2mComponentLibrary - Empty States[2m > 
[22m[2mshould show empty state message when 
searching with no results[22m[39m
Warning: An update to ComponentLibrary inside a 
test was not wrapped in act(...).

When testing, code that causes React state updates 
should be wrapped into act(...):

act(() => {
  /* fire events that update state */
});
/* assert on the output */

This ensures that you're testing the behavior the 
user would see in the browser. Learn more at 
https://reactjs.org/link/wrap-tests-with-act
    at ComponentLibrary 
(C:\Users\Eli\Desktop\Claude Code\CPQ-System\src\com
ponents\library\ComponentLibrary.tsx:35:59)

[90mstderr[2m | src/components/library/__tests__/C
omponentLibrary.test.tsx[2m > 
[22m[2mComponentLibrary - Empty States[2m > 
[22m[2mshould show empty state message when 
searching with no results[22m[39m
Warning: An update to ComponentLibrary inside a 
test was not wrapped in act(...).

When testing, code that causes React state updates 
should be wrapped into act(...):

act(() => {
  /* fire events that update state */
});
/* assert on the output */

This ensures that you're testing the behavior the 
user would see in the browser. Learn more at 
https://reactjs.org/link/wrap-tests-with-act
    at ComponentLibrary 
(C:\Users\Eli\Desktop\Claude Code\CPQ-System\src\com
ponents\library\ComponentLibrary.tsx:35:59)

[90mstderr[2m | src/components/library/__tests__/C
omponentLibrary.test.tsx[2m > 
[22m[2mComponentLibrary - Empty States[2m > 
[22m[2mshould show empty state message when 
searching with no results[22m[39m
Warning: An update to ComponentLibrary inside a 
test was not wrapped in act(...).

When testing, code that causes React state updates 
should be wrapped into act(...):

act(() => {
  /* fire events that update state */
});
/* assert on the output */

This ensures that you're testing the behavior the 
user would see in the browser. Learn more at 
https://reactjs.org/link/wrap-tests-with-act
    at ComponentLibrary 
(C:\Users\Eli\Desktop\Claude Code\CPQ-System\src\com
ponents\library\ComponentLibrary.tsx:35:59)

[90mstderr[2m | src/components/library/__tests__/C
omponentLibrary.test.tsx[2m > 
[22m[2mComponentLibrary - Empty States[2m > 
[22m[2mshould show empty state message when 
searching with no results[22m[39m
Warning: An update to ComponentLibrary inside a 
test was not wrapped in act(...).

When testing, code that causes React state updates 
should be wrapped into act(...):

act(() => {
  /* fire events that update state */
});
/* assert on the output */

This ensures that you're testing the behavior the 
user would see in the browser. Learn more at 
https://reactjs.org/link/wrap-tests-with-act
    at ComponentLibrary 
(C:\Users\Eli\Desktop\Claude Code\CPQ-System\src\com
ponents\library\ComponentLibrary.tsx:35:59)

[90mstderr[2m | src/components/library/__tests__/C
omponentLibrary.test.tsx[2m > 
[22m[2mComponentLibrary - Empty States[2m > 
[22m[2mshould show empty state message when 
searching with no results[22m[39m
Warning: An update to ComponentLibrary inside a 
test was not wrapped in act(...).

When testing, code that causes React state updates 
should be wrapped into act(...):

act(() => {
  /* fire events that update state */
});
/* assert on the output */

This ensures that you're testing the behavior the 
user would see in the browser. Learn more at 
https://reactjs.org/link/wrap-tests-with-act
    at ComponentLibrary 
(C:\Users\Eli\Desktop\Claude Code\CPQ-System\src\com
ponents\library\ComponentLibrary.tsx:35:59)

[90mstderr[2m | src/components/library/__tests__/C
omponentLibrary.test.tsx[2m > 
[22m[2mComponentLibrary - Empty States[2m > 
[22m[2mshould show empty state message when 
searching with no results[22m[39m
Warning: An update to ComponentLibrary inside a 
test was not wrapped in act(...).

When testing, code that causes React state updates 
should be wrapped into act(...):

act(() => {
  /* fire events that update state */
});
/* assert on the output */

This ensures that you're testing the behavior the 
user would see in the browser. Learn more at 
https://reactjs.org/link/wrap-tests-with-act
    at ComponentLibrary 
(C:\Users\Eli\Desktop\Claude Code\CPQ-System\src\com
ponents\library\ComponentLibrary.tsx:35:59)

[90mstderr[2m | src/components/library/__tests__/C
omponentLibrary.test.tsx[2m > 
[22m[2mComponentLibrary - Empty States[2m > 
[22m[2mshould show empty state message when 
searching with no results[22m[39m
Warning: An update to ComponentLibrary inside a 
test was not wrapped in act(...).

When testing, code that causes React state updates 
should be wrapped into act(...):

act(() => {
  /* fire events that update state */
});
/* assert on the output */

This ensures that you're testing the behavior the 
user would see in the browser. Learn more at 
https://reactjs.org/link/wrap-tests-with-act
    at ComponentLibrary 
(C:\Users\Eli\Desktop\Claude Code\CPQ-System\src\com
ponents\library\ComponentLibrary.tsx:35:59)

[90mstderr[2m | src/components/library/__tests__/C
omponentLibrary.test.tsx[2m > 
[22m[2mComponentLibrary - Empty States[2m > 
[22m[2mshould show empty state message when 
searching with no results[22m[39m
Warning: An update to ComponentLibrary inside a 
test was not wrapped in act(...).

When testing, code that causes React state updates 
should be wrapped into act(...):

act(() => {
  /* fire events that update state */
});
/* assert on the output */

This ensures that you're testing the behavior the 
user would see in the browser. Learn more at 
https://reactjs.org/link/wrap-tests-with-act
    at ComponentLibrary 
(C:\Users\Eli\Desktop\Claude Code\CPQ-System\src\com
ponents\library\ComponentLibrary.tsx:35:59)

[90mstderr[2m | src/components/library/__tests__/C
omponentLibrary.test.tsx[2m > 
[22m[2mComponentLibrary - Empty States[2m > 
[22m[2mshould show empty state message when 
searching with no results[22m[39m
Warning: An update to ComponentLibrary inside a 
test was not wrapped in act(...).

When testing, code that causes React state updates 
should be wrapped into act(...):

act(() => {
  /* fire events that update state */
});
/* assert on the output */

This ensures that you're testing the behavior the 
user would see in the browser. Learn more at 
https://reactjs.org/link/wrap-tests-with-act
    at ComponentLibrary 
(C:\Users\Eli\Desktop\Claude Code\CPQ-System\src\com
ponents\library\ComponentLibrary.tsx:35:59)

[90mstderr[2m | src/components/library/__tests__/C
omponentLibrary.test.tsx[2m > 
[22m[2mComponentLibrary - Empty States[2m > 
[22m[2mshould show empty state message when 
searching with no results[22m[39m
Warning: An update to ComponentLibrary inside a 
test was not wrapped in act(...).

When testing, code that causes React state updates 
should be wrapped into act(...):

act(() => {
  /* fire events that update state */
});
/* assert on the output */

This ensures that you're testing the behavior the 
user would see in the browser. Learn more at 
https://reactjs.org/link/wrap-tests-with-act
    at ComponentLibrary 
(C:\Users\Eli\Desktop\Claude Code\CPQ-System\src\com
ponents\library\ComponentLibrary.tsx:35:59)

[90mstderr[2m | src/components/grid/__tests__/Cust
omHeader.filter.test.tsx[2m > 
[22m[2mCustomHeader Filter Functionality[2m > 
[22m[2mSetFilter (Enterprise Edition)[2m > 
[22m[2mshould use values array format for 
SetFilter[22m[39m
Warning: An update to CustomHeader inside a test 
was not wrapped in act(...).

When testing, code that causes React state updates 
should be wrapped into act(...):

act(() => {
  /* fire events that update state */
});
/* assert on the output */

This ensures that you're testing the behavior the 
user would see in the browser. Learn more at 
https://reactjs.org/link/wrap-tests-with-act
    at CustomHeader (C:\Users\Eli\Desktop\Claude Cod
e\CPQ-System\src\components\grid\CustomHeader.tsx:18
:57)

 [33mΓ¥»[39m src/components/grid/__tests__/CustomHeader.filter.test.tsx [2m ([22m[2m12 tests[22m [2m|[22m [31m7 failed[39m[2m)[22m[33m 5592[2mms[22m[39m
[31m   [33mΓ¥»[31m src/components/grid/__tests__/CustomHeader.filter.test.tsx[2m > [22mCustomHeader Filter Functionality[2m > [22mTextFilter (Community Edition)[2m > [22mshould format single value filter correctly for TextFilter[39m
[31m     ΓåÆ [vitest] No "X" export is defined on the "lucide-react" mock. Did you forget to return it from "vi.mock"?
If you need to partially mock a module, you can use "importOriginal" helper inside:
[39m
[31m   [33mΓ¥»[31m src/components/grid/__tests__/CustomHeader.filter.test.tsx[2m > [22mCustomHeader Filter Functionality[2m > [22mTextFilter (Community Edition)[2m > [22mshould properly await setModel before calling onFilterChanged[39m
[31m     ΓåÆ expected [] to deeply equal [ 'setModel', 'onFilterChanged' ]

Ignored nodes: comments, script, style
[36m<html>[31m
  [36m<head />[31m
  [36m<body>[31m
    [36m<div>[31m
      [36m<div[31m
        [33mclass[31m=[32m"flex items-center justify-between w-full h-full px-2 group"[31m
      [36m>[31m
        [36m<div[31m
          [33mclass[31m=[32m"flex-1 text-right font-medium text-sm cursor-pointer select-none"[31m
        [36m>[31m
          [0mTest Column[0m
        [36m</div>[31m
        [36m<div[31m
          [33mclass[31m=[32m"flex items-center gap-1 mr-2 transition-opacity"[31m
        [36m>[31m
          [36m<button[31m
            [33mclass[31m=[32m"relative p-1 rounded hover:bg-muted transition-colors text-muted-foreground"[31m
            [33mtitle[31m=[32m"╫í╫Ö╫á╫ò╫ƒ"[31m
            [33mtype[31m=[32m"button"[31m
          [36m>[31m
            [36m<div>[31m
              [0mFilter[0m
            [36m</div>[31m
          [36m</button>[31m
          [36m<div[31m
            [33mclass[31m=[32m"relative"[31m
          [36m>[31m
            [36m<button[31m
              [33mclass[31m=[32m"p-1 rounded hover:bg-muted transition-colors text-muted-foreground"[31m
              [33mtitle[31m=[32m"╫¬╫ñ╫¿╫Ö╫ÿ"[31m
              [33mtype[31m=[32m"button"[31m
            [36m>[31m
              [36m<div>[31m
                [0mMore[0m
              [36m</div>[31m
            [36m</button>[31m
          [36m</div>[31m
        [36m</div>[31m
      [36m</div>[31m
    [36m</div>[31m
  [36m</body>[31m
[36m</html>[31m[39m
[31m   [33mΓ¥»[31m src/components/grid/__tests__/CustomHeader.filter.test.tsx[2m > [22mCustomHeader Filter Functionality[2m > [22mTextFilter (Community Edition)[2m > [22mshould call applyModel if filter instance has it[39m
[31m     ΓåÆ expected "spy" to be called at least once

Ignored nodes: comments, script, style
[36m<html>[31m
  [36m<head />[31m
  [36m<body>[31m
    [36m<div>[31m
      [36m<div[31m
        [33mclass[31m=[32m"flex items-center justify-between w-full h-full px-2 group"[31m
      [36m>[31m
        [36m<div[31m
          [33mclass[31m=[32m"flex-1 text-right font-medium text-sm cursor-pointer select-none"[31m
        [36m>[31m
          [0mTest Column[0m
        [36m</div>[31m
        [36m<div[31m
          [33mclass[31m=[32m"flex items-center gap-1 mr-2 transition-opacity"[31m
        [36m>[31m
          [36m<button[31m
            [33mclass[31m=[32m"relative p-1 rounded hover:bg-muted transition-colors text-muted-foreground"[31m
            [33mtitle[31m=[32m"╫í╫Ö╫á╫ò╫ƒ"[31m
            [33mtype[31m=[32m"button"[31m
          [36m>[31m
            [36m<div>[31m
              [0mFilter[0m
            [36m</div>[31m
          [36m</button>[31m
          [36m<div[31m
            [33mclass[31m=[32m"relative"[31m
          [36m>[31m
            [36m<button[31m
              [33mclass[31m=[32m"p-1 rounded hover:bg-muted transition-colors text-muted-foreground"[31m
              [33mtitle[31m=[32m"╫¬╫ñ╫¿╫Ö╫ÿ"[31m
              [33mtype[31m=[32m"button"[31m
            [36m>[31m
              [36m<div>[31m
                [0mMore[0m
              [36m</div>[31m
            [36m</button>[31m
          [36m</div>[31m
        [36m</div>[31m
      [36m</div>[31m
    [36m</div>[31m
  [36m</body>[31m
[36m</html>[31m[39m
[31m   [33mΓ¥»[31m src/components/grid/__tests__/CustomHeader.filter.test.tsx[2m > [22mCustomHeader Filter Functionality[2m > [22mFilter State Persistence[2m > [22mshould save filter state to grid model[39m
[31m     ΓåÆ expected "spy" to be called at least once

Ignored nodes: comments, script, style
[36m<html>[31m
  [36m<head />[31m
  [36m<body>[31m
    [36m<div>[31m
      [36m<div[31m
        [33mclass[31m=[32m"flex items-center justify-between w-full h-full px-2 group"[31m
      [36m>[31m
        [36m<div[31m
          [33mclass[31m=[32m"flex-1 text-right font-medium text-sm cursor-pointer select-none"[31m
        [36m>[31m
          [0mTest Column[0m
        [36m</div>[31m
        [36m<div[31m
          [33mclass[31m=[32m"flex items-center gap-1 mr-2 transition-opacity"[31m
        [36m>[31m
          [36m<button[31m
            [33mclass[31m=[32m"relative p-1 rounded hover:bg-muted transition-colors text-muted-foreground"[31m
            [33mtitle[31m=[32m"╫í╫Ö╫á╫ò╫ƒ"[31m
            [33mtype[31m=[32m"button"[31m
          [36m>[31m
            [36m<div>[31m
              [0mFilter[0m
            [36m</div>[31m
          [36m</button>[31m
          [36m<div[31m
            [33mclass[31m=[32m"relative"[31m
          [36m>[31m
            [36m<button[31m
              [33mclass[31m=[32m"p-1 rounded hover:bg-muted transition-colors text-muted-foreground"[31m
              [33mtitle[31m=[32m"╫¬╫ñ╫¿╫Ö╫ÿ"[31m
              [33mtype[31m=[32m"button"[31m
            [36m>[31m
              [36m<div>[31m
                [0mMore[0m
              [36m</div>[31m
            [36m</button>[31m
          [36m</div>[31m
        [36m</div>[31m
      [36m</div>[31m
    [36m</div>[31m
  [36m</body>[31m
[36m</html>[31m[39m
[31m   [33mΓ¥»[31m src/components/grid/__tests__/CustomHeader.filter.test.tsx[2m > [22mCustomHeader Filter Functionality[2m > [22mError Handling[2m > [22mshould handle setModel rejection gracefully[39m
[31m     ΓåÆ expected "error" to be called with arguments: [ StringContaining{ΓÇª}, Any<Error> ][90m

Received: 

[31m[90m

Number of calls: [1m0[22m
[31m

Ignored nodes: comments, script, style
[36m<html>[31m
  [36m<head />[31m
  [36m<body>[31m
    [36m<div>[31m
      [36m<div[31m
        [33mclass[31m=[32m"flex items-center justify-between w-full h-full px-2 group"[31m
      [36m>[31m
        [36m<div[31m
          [33mclass[31m=[32m"flex-1 text-right font-medium text-sm cursor-pointer select-none"[31m
        [36m>[31m
          [0mTest Column[0m
        [36m</div>[31m
        [36m<div[31m
          [33mclass[31m=[32m"flex items-center gap-1 mr-2 transition-opacity"[31m
        [36m>[31m
          [36m<button[31m
            [33mclass[31m=[32m"relative p-1 rounded hover:bg-muted transition-colors text-muted-foreground"[31m
            [33mtitle[31m=[32m"╫í╫Ö╫á╫ò╫ƒ"[31m
            [33mtype[31m=[32m"button"[31m
          [36m>[31m
            [36m<div>[31m
              [0mFilter[0m
            [36m</div>[31m
          [36m</button>[31m
          [36m<div[31m
            [33mclass[31m=[32m"relative"[31m
          [36m>[31m
            [36m<button[31m
              [33mclass[31m=[32m"p-1 rounded hover:bg-muted transition-colors text-muted-foreground"[31m
              [33mtitle[31m=[32m"╫¬╫ñ╫¿╫Ö╫ÿ"[31m
              [33mtype[31m=[32m"button"[31m
            [36m>[31m
              [36m<div>[31m
                [0mMore[0m
              [36m</div>[31m
            [36m</button>[31m
          [36m</div>[31m
        [36m</div>[31m
      [36m</div>[31m
    [36m</div>[31m
  [36m</body>[31m
[36m</html>[31m[39m
[31m   [33mΓ¥»[31m src/components/grid/__tests__/CustomHeader.filter.test.tsx[2m > [22mCustomHeader Filter Functionality[2m > [22mFilter Model Format Validation[2m > [22mCRITICAL: must not use SetFilter format with TextFilter[39m
[31m     ΓåÆ expected "spy" to be called at least once

Ignored nodes: comments, script, style
[36m<html>[31m
  [36m<head />[31m
  [36m<body>[31m
    [36m<div>[31m
      [36m<div[31m
        [33mclass[31m=[32m"flex items-center justify-between w-full h-full px-2 group"[31m
      [36m>[31m
        [36m<div[31m
          [33mclass[31m=[32m"flex-1 text-right font-medium text-sm cursor-pointer select-none"[31m
        [36m>[31m
          [0mTest Column[0m
        [36m</div>[31m
        [36m<div[31m
          [33mclass[31m=[32m"flex items-center gap-1 mr-2 transition-opacity"[31m
        [36m>[31m
          [36m<button[31m
            [33mclass[31m=[32m"relative p-1 rounded hover:bg-muted transition-colors text-muted-foreground"[31m
            [33mtitle[31m=[32m"╫í╫Ö╫á╫ò╫ƒ"[31m
            [33mtype[31m=[32m"button"[31m
          [36m>[31m
            [36m<div>[31m
              [0mFilter[0m
            [36m</div>[31m
          [36m</button>[31m
          [36m<div[31m
            [33mclass[31m=[32m"relative"[31m
          [36m>[31m
            [36m<button[31m
              [33mclass[31m=[32m"p-1 rounded hover:bg-muted transition-colors text-muted-foreground"[31m
              [33mtitle[31m=[32m"╫¬╫ñ╫¿╫Ö╫ÿ"[31m
              [33mtype[31m=[32m"button"[31m
            [36m>[31m
              [36m<div>[31m
                [0mMore[0m
              [36m</div>[31m
            [36m</button>[31m
          [36m</div>[31m
        [36m</div>[31m
      [36m</div>[31m
    [36m</div>[31m
  [36m</body>[31m
[36m</html>[31m[39m
[31m   [33mΓ¥»[31m src/components/grid/__tests__/CustomHeader.filter.test.tsx[2m > [22mCustomHeader Filter Functionality[2m > [22mFilter Model Format Validation[2m > [22mCRITICAL: must convert all values to strings[39m
[31m     ΓåÆ expected "spy" to be called at least once

Ignored nodes: comments, script, style
[36m<html>[31m
  [36m<head />[31m
  [36m<body>[31m
    [36m<div>[31m
      [36m<div[31m
        [33mclass[31m=[32m"flex items-center justify-between w-full h-full px-2 group"[31m
      [36m>[31m
        [36m<div[31m
          [33mclass[31m=[32m"flex-1 text-right font-medium text-sm cursor-pointer select-none"[31m
        [36m>[31m
          [0mTest Column[0m
        [36m</div>[31m
        [36m<div[31m
          [33mclass[31m=[32m"flex items-center gap-1 mr-2 transition-opacity"[31m
        [36m>[31m
          [36m<button[31m
            [33mclass[31m=[32m"relative p-1 rounded hover:bg-muted transition-colors text-muted-foreground"[31m
            [33mtitle[31m=[32m"╫í╫Ö╫á╫ò╫ƒ"[31m
            [33mtype[31m=[32m"button"[31m
          [36m>[31m
            [36m<div>[31m
              [0mFilter[0m
            [36m</div>[31m
          [36m</button>[31m
          [36m<div[31m
            [33mclass[31m=[32m"relative"[31m
          [36m>[31m
            [36m<button[31m
              [33mclass[31m=[32m"p-1 rounded hover:bg-muted transition-colors text-muted-foreground"[31m
              [33mtitle[31m=[32m"╫¬╫ñ╫¿╫Ö╫ÿ"[31m
              [33mtype[31m=[32m"button"[31m
            [36m>[31m
              [36m<div>[31m
                [0mMore[0m
              [36m</div>[31m
            [36m</button>[31m
          [36m</div>[31m
        [36m</div>[31m
      [36m</div>[31m
    [36m</div>[31m
  [36m</body>[31m
[36m</html>[31m[39m
[90mstderr[2m | src/components/grid/__tests__/Cust
omHeader.integration.test.tsx[2m > 
[22m[2mCustomHeader Integration Tests[2m > 
[22m[2mComplete Filter Flow[2m > [22m[2mshould 
handle single value filter correctly[22m[39m
Warning: An update to CustomHeader inside a test 
was not wrapped in act(...).

When testing, code that causes React state updates 
should be wrapped into act(...):

act(() => {
  /* fire events that update state */
});
/* assert on the output */

This ensures that you're testing the behavior the 
user would see in the browser. Learn more at 
https://reactjs.org/link/wrap-tests-with-act
    at CustomHeader (C:\Users\Eli\Desktop\Claude Cod
e\CPQ-System\src\components\grid\CustomHeader.tsx:18
:57)

[90mstderr[2m | src/components/grid/__tests__/Cust
omHeader.integration.test.tsx[2m > 
[22m[2mCustomHeader Integration Tests[2m > 
[22m[2mComplete Filter Flow[2m > [22m[2mshould 
handle single value filter correctly[22m[39m
Warning: An update to CustomHeader inside a test 
was not wrapped in act(...).

When testing, code that causes React state updates 
should be wrapped into act(...):

act(() => {
  /* fire events that update state */
});
/* assert on the output */

This ensures that you're testing the behavior the 
user would see in the browser. Learn more at 
https://reactjs.org/link/wrap-tests-with-act
    at CustomHeader (C:\Users\Eli\Desktop\Claude Cod
e\CPQ-System\src\components\grid\CustomHeader.tsx:18
:57)
Warning: An update to CustomHeader inside a test 
was not wrapped in act(...).

When testing, code that causes React state updates 
should be wrapped into act(...):

act(() => {
  /* fire events that update state */
});
/* assert on the output */

This ensures that you're testing the behavior the 
user would see in the browser. Learn more at 
https://reactjs.org/link/wrap-tests-with-act
    at CustomHeader (C:\Users\Eli\Desktop\Claude Cod
e\CPQ-System\src\components\grid\CustomHeader.tsx:18
:57)

[90mstderr[2m | src/components/grid/__tests__/Cust
omHeader.integration.test.tsx[2m > 
[22m[2mCustomHeader Integration Tests[2m > 
[22m[2mComplete Filter Flow[2m > [22m[2mshould 
handle multiple values with OR conditions[22m[39m
Warning: An update to CustomHeader inside a test 
was not wrapped in act(...).

When testing, code that causes React state updates 
should be wrapped into act(...):

act(() => {
  /* fire events that update state */
});
/* assert on the output */

This ensures that you're testing the behavior the 
user would see in the browser. Learn more at 
https://reactjs.org/link/wrap-tests-with-act
    at CustomHeader (C:\Users\Eli\Desktop\Claude Cod
e\CPQ-System\src\components\grid\CustomHeader.tsx:18
:57)

[90mstderr[2m | src/components/grid/__tests__/Cust
omHeader.integration.test.tsx[2m > 
[22m[2mCustomHeader Integration Tests[2m > 
[22m[2mComplete Filter Flow[2m > [22m[2mshould 
handle multiple values with OR conditions[22m[39m
Warning: An update to CustomHeader inside a test 
was not wrapped in act(...).
 [33mΓ¥»[39m src/components/grid/__tests__/CustomHeader.integration.test.tsx [2m ([22m[2m9 tests[22m [2m|[22m [31m8 failed[39m[2m)[22m[33m 7829[2mms[22m[39m

When testing, code that causes React state updates 
should be wrapped into act(...):

act(() => {
  /* fire events that update state */
});
/* assert on the output */

This ensures that you're testing the behavior the 
user would see in the browser. Learn more at 
https://reactjs.org/link/wrap-tests-with-act
    at CustomHeader (C:\Users\Eli\Desktop\Claude Cod
e\CPQ-System\src\components\grid\CustomHeader.tsx:18
:57)
Warning: An update to CustomHeader inside a test 
was not wrapped in act(...).

When testing, code that causes React state updates 
should be wrapped into act(...):

act(() => {
  /* fire events that update state */
});
/* assert on the output */

This ensures that you're testing the behavior the 
user would see in the browser. Learn more at 
https://reactjs.org/link/wrap-tests-with-act
    at CustomHeader (C:\Users\Eli\Desktop\Claude Cod
e\CPQ-System\src\components\grid\CustomHeader.tsx:18
:57)

[90mstderr[2m | src/components/grid/__tests__/Cust
omHeader.integration.test.tsx[2m > 
[22m[2mCustomHeader Integration Tests[2m > 
[22m[2mFilter State Persistence[2m > 
[22m[2mshould maintain filter state after 
setting[22m[39m
Warning: An update to CustomHeader inside a test 
was not wrapped in act(...).

When testing, code that causes React state updates 
should be wrapped into act(...):

act(() => {
  /* fire events that update state */
});
/* assert on the output */

[31m   [33mΓ¥»[31m src/components/grid/__tests__/CustomHeader.integration.test.tsx[2m > [22mCustomHeader Integration Tests[2m > [22mComplete Filter Flow[2m > [22mshould complete full filter flow: click -> select -> apply -> verify[39m
[31m     ΓåÆ expected "spy" to be called at least once

Ignored nodes: comments, script, style
[36m<html>[31m
  [36m<head />[31m
  [36m<body>[31m
    [36m<div>[31m
      [36m<div[31m
        [33mclass[31m=[32m"flex items-center justify-between w-full h-full px-2 group"[31m
      [36m>[31m
        [36m<div[31m
          [33mclass[31m=[32m"flex-1 text-right font-medium text-sm cursor-pointer select-none"[31m
        [36m>[31m
          [0mTest Column[0m
        [36m</div>[31m
        [36m<div[31m
          [33mclass[31m=[32m"flex items-center gap-1 mr-2 transition-opacity"[31m
        [36m>[31m
          [36m<button[31m
            [33mclass[31m=[32m"relative p-1 rounded hover:bg-muted transition-colors text-muted-foreground"[31m
            [33mtitle[31m=[32m"╫í╫Ö╫á╫ò╫ƒ"[31m
            [33mtype[31m=[32m"button"[31m
          [36m>[31m
            [36m<div>[31m
              [0mFilter[0m
            [36m</div>[31m
          [36m</button>[31m
          [36m<div[31m
            [33mclass[31m=[32m"relative"[31m
          [36m>[31m
            [36m<button[31m
              [33mclass[31m=[32m"p-1 rounded hover:bg-muted transition-colors text-muted-foreground"[31m
              [33mtitle[31m=[32m"╫¬╫ñ╫¿╫Ö╫ÿ"[31m
              [33mtype[31m=[32m"button"[31m
            [36m>[31m
              [36m<div>[31m
                [0mMore[0m
              [36m</div>[31m
            [36m</button>[31m
          [36m</div>[31m
        [36m</div>[31m
        [36m<div[31m
          [33mclass[31m=[32m"fixed bg-background border border-border rounded-md shadow-lg z-[999999] min-w-80 flex flex-col"[31m
          [33mstyle[31m=[32m"top: 0px; left: 0px; max-height: 500px;"[31m
        [36m>[31m
          [36m<div[31m
            [33mclass[31m=[32m"flex items-center justify-between p-4 pb-3 flex-shrink-0"[31m
          [36m>[31m
            [36m<h4[31m
              [33mclass[31m=[32m"font-medium"[31m
            [36m>[31m
              [0mTest Column[0m
            [36m</h4>[31m
            [36m<button[31m
              [33mclass[31m=[32m"inline-flex items-center justify-center whitespace-nowrap text-sm font-medium ring-offset-background transition-colors focus-visible:outline-none focus-visible:ring-2 focus-visible:ring-ring focus-visible:ring-offset-2 disabled:pointer-events-none disabled:opacity-50 hover:bg-accent hover:text-accent-foreground rounded-md h-6 w-6 p-0"[31m
            [36m>[31m
              [36m<div>[31m
                [0mX[0m
              [36m</div>[31m
            [36m</button>[31m
          [36m</div>[31m
          [36m<div[31m
            [33mclass[31m=[32m"relative px-4 pb-3 flex-shrink-0"[31m
          [36m>[31m
            [36m<div>[31m
              [0mSearch[0m
            [36m</div>[31m
            [36m<div[31m
              [33mclass[31m=[32m"relative"[31m
            [36m>[31m
              [36m<input[31m
                [33mclass[31m=[32m"flex h-10 w-full rounded-md border border-input bg-background px-3 py-2 text-sm ring-offset-background file:border-0 file:bg-transparent file:text-sm file:font-medium placeholder:text-muted-foreground focus-visible:outline-none focus-visible:ring-2 focus-visible:ring-ring focus-visible:ring-offset-2 disabled:cursor-not-allowed disabled:opacity-50 pr-10"[31m
                [33mplaceholder[31m=[32m"╫ù╫Ö╫ñ╫ò╫⌐..."[31m
                [33mvalue[31m=[32m""[31m
              [36m/>[31m
            [36m</div>[31m
          [36m</div>[31m
          [36m<div[31m
            [33mclass[31m=[32m"flex items-center space-x-2 space-x-reverse px-4 pb-2 border-b flex-shrink-0"[31m
          [36m>[31m
            [36m<input[31m
              [33mclass[31m=[32m"rounded"[31m
              [33mtype[31m=[32m"checkbox"[31m
            [36m/>[31m
            [36m<span[31m
              [33mclass[31m=[32m"text-sm font-medium"[31m
            [36m>[31m
              [0m╫æ╫ù╫¿ ╫ö╫¢╫£[0m
            [36m</span>[31m
            [36m<div[31m
              [33mclass[31m=[32m"inline-flex items-center rounded-full border px-2.5 py-0.5 font-semibold transition-colors focus:outline-none focus:ring-2 focus:ring-ring focus:ring-offset-2 border-transparent bg-secondary text-secondary-foreground hover:bg-secondary/80 text-xs mr-auto"[31m
            [36m>[31m
              [0m3[0m
              [0m ╫ó╫¿╫¢╫Ö╫¥[0m
            [36m</div>[31m
          [36m</div>[31m
          [36m<div[31m
            [33mclass[31m=[32m"overflow-y-auto flex-1 px-4 py-3"[31m
            [33mstyle[31m=[32m"min-height: 100px; max-height: 250px;"[31m
          [36m>[31m
            [36m<div[31m
              [33mclass[31m=[32m"space-y-1"[31m
            [36m>[31m
              [36m<label[31m
                [33mclass[31m=[32m"flex items-center space-x-2 space-x-reverse cursor-pointer hover:bg-muted p-2 rounded"[31m
              [36m>[31m
                [36m<input[31m
                  [33mclass[31m=[32m"rounded"[31m
                  [33mtype[31m=[32m"checkbox"[31m
                [36m/>[31m
                [36m<span[31m
                  [33mclass[31m=[32m"text-sm"[31m
                [36m>[31m
                  [0mValue1[0m
                [36m</span>[31m
              [36m</label>[31m
              [36m<label[31m
                [33mclass[31m=[32m"flex items-center space-x-2 space-x-reverse cursor-pointer hover:bg-muted p-2 rounded"[31m
              [36m>[31m
                [36m<input[31m
                  [33mclass[31m=[32m"rounded"[31m
                  [33mtype[31m=[32m"checkbox"[31m
                [36m/>[31m
                [36m<span[31m
                  [33mclass[31m=[32m"text-sm"[31m
                [36m>[31m
                  [0mValue2[0m
                [36m</span>[31m
              [36m</label>[31m
              [36m<label[31m
                [33mclass[31m=[32m"flex items-center space-x-2 space-x-reverse cursor-pointer hover:bg-muted p-2 rounded"[31m
              [36m>[31m
                [36m<input[31m
                  [33mclass[31m=[32m"rounded"[31m
                  [33mtype[31m=[32m"checkbox"[31m
                [36m/>[31m
                [36m<span[31m
                  [33mclass[31m=[32m"text-sm"[31m
                [36m>[31m
                  [0mValue3[0m
                [36m</span>[31m
              [36m</label>[31m
            [36m</div>[31m
          [36m</div>[31m
          [36m<div[31m
            [33mclass[31m=[32m"flex gap-2 p-4 pt-3 border-t flex-shrink-0 bg-background"[31m
          [36m>[31m
            [36m<button[31m
              [33mclass[31m=[32m"inline-flex items-center justify-center whitespace-nowrap text-sm font-medium ring-offset-background transition-colors focus-visible:outline-none focus-visible:ring-2 focus-visible:ring-ring focus-visible:ring-offset-2 disabled:pointer-events-none disabled:opacity-50 bg-primary text-primary-foreground hover:bg-primary/90 h-9 rounded-md px-3 flex-1"[31m
              [33mdisabled[31m=[32m""[31m
            [36m>[31m
              [36m<div>[31m
                [0mCheck[0m
              [36m</div>[31m
              [0m╫ö╫ù╫£ ╫í╫Ö╫á╫ò╫ƒ[0m
            [36m</button>[31m
            [36m<button[31m
              [33mclass[31m=[32m"inline-flex items-center justify-center whitespace-nowrap text-sm font-medium ring-offset-background transition-colors focus-visible:outline-none focus-visible:ring-2 focus-visible:ring-ring focus-visible:ring-offset-2 disabled:pointer-events-none disabled:opacity-50 border border-input bg-background hover:bg-accent hover:text-accent-foreground h-9 rounded-md px-3 flex-1"[31m
            [36m>[31m
              [0m╫á╫º╫ö[0m
            [36m</button>[31m
          [36m</div>[31m
        [36m</div>[31m
      [36m</div>[31m
    [36m</div>[31m
  [36m</body>[31m
[36m</html>[31m[39m
[31m   [33mΓ¥»[31m src/components/grid/__tests__/CustomHeader.integration.test.tsx[2m > [22mCustomHeader Integration Tests[2m > [22mComplete Filter Flow[2m > [22mshould handle single value filter correctly[39m
[31m     ΓåÆ expected "spy" to be called at least once

This ensures that you're testing the behavior the 
user would see in the browser. Learn more at 
https://reactjs.org/link/wrap-tests-with-act
    at CustomHeader (C:\Users\Eli\Desktop\Claude Cod
e\CPQ-System\src\components\grid\CustomHeader.tsx:18
:57)

[90mstderr[2m | src/components/grid/__tests__/Cust
omHeader.integration.test.tsx[2m > 
[22m[2mCustomHeader Integration Tests[2m > 
[22m[2mFilter State Persistence[2m > 
[22m[2mshould maintain filter state after 
setting[22m[39m
Warning: An update to CustomHeader inside a test 
was not wrapped in act(...).

When testing, code that causes React state updates 
should be wrapped into act(...):

act(() => {
  /* fire events that update state */
});
/* assert on the output */

This ensures that you're testing the behavior the 
user would see in the browser. Learn more at 
https://reactjs.org/link/wrap-tests-with-act
    at CustomHeader (C:\Users\Eli\Desktop\Claude Cod
e\CPQ-System\src\components\grid\CustomHeader.tsx:18
:57)
Warning: An update to CustomHeader inside a test 
was not wrapped in act(...).

When testing, code that causes React state updates 
should be wrapped into act(...):

act(() => {
  /* fire events that update state */
});
/* assert on the output */

This ensures that you're testing the behavior the 
user would see in the browser. Learn more at 
https://reactjs.org/link/wrap-tests-with-act
    at CustomHeader (C:\Users\Eli\Desktop\Claude Cod
e\CPQ-System\src\components\grid\CustomHeader.tsx:18
:57)

[90mstderr[2m | src/components/grid/__tests__/Cust
omHeader.integration.test.tsx[2m > 
[22m[2mCustomHeader Integration Tests[2m > 
[22m[2mFilter State Persistence[2m > 
[22m[2mshould clear filter state when 
clearing[22m[39m
Warning: An update to CustomHeader inside a test 
was not wrapped in act(...).

When testing, code that causes React state updates 
should be wrapped into act(...):

act(() => {
  /* fire events that update state */
});
/* assert on the output */

This ensures that you're testing the behavior the 
user would see in the browser. Learn more at 
https://reactjs.org/link/wrap-tests-with-act
    at CustomHeader (C:\Users\Eli\Desktop\Claude Cod
e\CPQ-System\src\components\grid\CustomHeader.tsx:18
:57)

Ignored nodes: comments, script, style
[36m<html>[31m
  [36m<head />[31m
  [36m<body>[31m
    [36m<div>[31m
      [36m<div[31m
        [33mclass[31m=[32m"flex items-center justify-between w-full h-full px-2 group"[31m
      [36m>[31m
        [36m<div[31m
          [33mclass[31m=[32m"flex-1 text-right font-medium text-sm cursor-pointer select-none"[31m
        [36m>[31m
          [0mTest Column[0m
        [36m</div>[31m
        [36m<div[31m
          [33mclass[31m=[32m"flex items-center gap-1 mr-2 transition-opacity"[31m
        [36m>[31m
          [36m<button[31m
            [33mclass[31m=[32m"relative p-1 rounded hover:bg-muted transition-colors text-muted-foreground"[31m
            [33mtitle[31m=[32m"╫í╫Ö╫á╫ò╫ƒ"[31m
            [33mtype[31m=[32m"button"[31m
          [36m>[31m
            [36m<div>[31m
              [0mFilter[0m
            [36m</div>[31m
          [36m</button>[31m
          [36m<div[31m
            [33mclass[31m=[32m"relative"[31m
          [36m>[31m
            [36m<button[31m
              [33mclass[31m=[32m"p-1 rounded hover:bg-muted transition-colors text-muted-foreground"[31m
              [33mtitle[31m=[32m"╫¬╫ñ╫¿╫Ö╫ÿ"[31m
              [33mtype[31m=[32m"button"[31m
            [36m>[31m
              [36m<div>[31m
                [0mMore[0m
              [36m</div>[31m
            [36m</button>[31m
          [36m</div>[31m
        [36m</div>[31m
        [36m<div[31m
          [33mclass[31m=[32m"fixed bg-background border border-border rounded-md shadow-lg z-[999999] min-w-80 flex flex-col"[31m
          [33mstyle[31m=[32m"top: 0px; left: 0px; max-height: 500px;"[31m
        [36m>[31m
          [36m<div[31m
            [33mclass[31m=[32m"flex items-center justify-between p-4 pb-3 flex-shrink-0"[31m
          [36m>[31m
            [36m<h4[31m
              [33mclass[31m=[32m"font-medium"[31m
            [36m>[31m
              [0mTest Column[0m
            [36m</h4>[31m
            [36m<button[31m
              [33mclass[31m=[32m"inline-flex items-center justify-center whitespace-nowrap text-sm font-medium ring-offset-background transition-colors focus-visible:outline-none focus-visible:ring-2 focus-visible:ring-ring focus-visible:ring-offset-2 disabled:pointer-events-none disabled:opacity-50 hover:bg-accent hover:text-accent-foreground rounded-md h-6 w-6 p-0"[31m
            [36m>[31m
              [36m<div>[31m
                [0mX[0m
              [36m</div>[31m
            [36m</button>[31m
          [36m</div>[31m
          [36m<div[31m
            [33mclass[31m=[32m"relative px-4 pb-3 flex-shrink-0"[31m
          [36m>[31m
            [36m<div>[31m
              [0mSearch[0m
            [36m</div>[31m
            [36m<div[31m
              [33mclass[31m=[32m"relative"[31m
            [36m>[31m
              [36m<input[31m
                [33mclass[31m=[32m"flex h-10 w-full rounded-md border border-input bg-background px-3 py-2 text-sm ring-offset-background file:border-0 file:bg-transparent file:text-sm file:font-medium placeholder:text-muted-foreground focus-visible:outline-none focus-visible:ring-2 focus-visible:ring-ring focus-visible:ring-offset-2 disabled:cursor-not-allowed disabled:opacity-50 pr-10"[31m
                [33mplaceholder[31m=[32m"╫ù╫Ö╫ñ╫ò╫⌐..."[31m
                [33mvalue[31m=[32m""[31m
              [36m/>[31m
            [36m</div>[31m
          [36m</div>[31m
          [36m<div[31m
            [33mclass[31m=[32m"flex items-center space-x-2 space-x-reverse px-4 pb-2 border-b flex-shrink-0"[31m
          [36m>[31m
            [36m<input[31m
              [33mclass[31m=[32m"rounded"[31m
              [33mtype[31m=[32m"checkbox"[31m
            [36m/>[31m
            [36m<span[31m
              [33mclass[31m=[32m"text-sm font-medium"[31m
            [36m>[31m
              [0m╫æ╫ù╫¿ ╫ö╫¢╫£[0m
            [36m</span>[31m
            [36m<div[31m
              [33mclass[31m=[32m"inline-flex items-center rounded-full border px-2.5 py-0.5 font-semibold transition-colors focus:outline-none focus:ring-2 focus:ring-ring focus:ring-offset-2 border-transparent bg-secondary text-secondary-foreground hover:bg-secondary/80 text-xs mr-auto"[31m
            [36m>[31m
              [0m1[0m
              [0m ╫ó╫¿╫¢╫Ö╫¥[0m
            [36m</div>[31m
          [36m</div>[31m
          [36m<div[31m
            [33mclass[31m=[32m"overflow-y-auto flex-1 px-4 py-3"[31m
            [33mstyle[31m=[32m"min-height: 100px; max-height: 250px;"[31m
          [36m>[31m
            [36m<div[31m
              [33mclass[31m=[32m"space-y-1"[31m
            [36m>[31m
              [36m<label[31m
                [33mclass[31m=[32m"flex items-center space-x-2 space-x-reverse cursor-pointer hover:bg-muted p-2 rounded"[31m
              [36m>[31m
                [36m<input[31m
                  [33mclass[31m=[32m"rounded"[31m
                  [33mtype[31m=[32m"checkbox"[31m
                [36m/>[31m
                [36m<span[31m
                  [33mclass[31m=[32m"text-sm"[31m
                [36m>[31m
                  [0mSingleValue[0m
                [36m</span>[31m
              [36m</label>[31m
            [36m</div>[31m
          [36m</div>[31m
          [36m<div[31m
            [33mclass[31m=[32m"flex gap-2 p-4 pt-3 border-t flex-shrink-0 bg-background"[31m
          [36m>[31m
            [36m<button[31m
              [33mclass[31m=[32m"inline-flex items-center justify-center whitespace-nowrap text-sm font-medium ring-offset-background transition-colors focus-visible:outline-none focus-visible:ring-2 focus-visible:ring-ring focus-visible:ring-offset-2 disabled:pointer-events-none disabled:opacity-50 bg-primary text-primary-foreground hover:bg-primary/90 h-9 rounded-md px-3 flex-1"[31m
              [33mdisabled[31m=[32m""[31m
            [36m>[31m
              [36m<div>[31m
                [0mCheck[0m
              [36m</div>[31m
              [0m╫ö╫ù╫£ ╫í╫Ö╫á╫ò╫ƒ[0m
            [36m</button>[31m
            [36m<button[31m
              [33mclass[31m=[32m"inline-flex items-center justify-center whitespace-nowrap text-sm font-medium ring-offset-background transition-colors focus-visible:outline-none focus-visible:ring-2 focus-visible:ring-ring focus-visible:ring-offset-2 disabled:pointer-events-none disabled:opacity-50 border border-input bg-background hover:bg-accent hover:text-accent-foreground h-9 rounded-md px-3 flex-1"[31m
            [36m>[31m
              [0m╫á╫º╫ö[0m
            [36m</button>[31m
          [36m</div>[31m
        [36m</div>[31m
      [36m</div>[31m
    [36m</div>[31m
  [36m</body>[31m
[36m</html>[31m[39m
[31m   [33mΓ¥»[31m src/components/grid/__tests__/CustomHeader.integration.test.tsx[2m > [22mCustomHeader Integration Tests[2m > [22mComplete Filter Flow[2m > [22mshould handle multiple values with OR conditions[39m
[31m     ΓåÆ expected "spy" to be called at least once

Ignored nodes: comments, script, style
[36m<html>[31m
  [36m<head />[31m
  [36m<body>[31m
    [36m<div>[31m
      [36m<div[31m
        [33mclass[31m=[32m"flex items-center justify-between w-full h-full px-2 group"[31m
      [36m>[31m
        [36m<div[31m
          [33mclass[31m=[32m"flex-1 text-right font-medium text-sm cursor-pointer select-none"[31m
        [36m>[31m
          [0mTest Column[0m
        [36m</div>[31m
        [36m<div[31m
          [33mclass[31m=[32m"flex items-center gap-1 mr-2 transition-opacity"[31m
        [36m>[31m
          [36m<button[31m
            [33mclass[31m=[32m"relative p-1 rounded hover:bg-muted transition-colors text-muted-foreground"[31m
            [33mtitle[31m=[32m"╫í╫Ö╫á╫ò╫ƒ"[31m
            [33mtype[31m=[32m"button"[31m
          [36m>[31m
            [36m<div>[31m
              [0mFilter[0m
            [36m</div>[31m
          [36m</button>[31m
          [36m<div[31m
            [33mclass[31m=[32m"relative"[31m
          [36m>[31m
            [36m<button[31m
              [33mclass[31m=[32m"p-1 rounded hover:bg-muted transition-colors text-muted-foreground"[31m
              [33mtitle[31m=[32m"╫¬╫ñ╫¿╫Ö╫ÿ"[31m
              [33mtype[31m=[32m"button"[31m
            [36m>[31m
              [36m<div>[31m
                [0mMore[0m
              [36m</div>[31m
            [36m</button>[31m
          [36m</div>[31m
        [36m</div>[31m
        [36m<div[31m
          [33mclass[31m=[32m"fixed bg-background border border-border rounded-md shadow-lg z-[999999] min-w-80 flex flex-col"[31m
          [33mstyle[31m=[32m"top: 0px; left: 0px; max-height: 500px;"[31m
        [36m>[31m
          [36m<div[31m
            [33mclass[31m=[32m"flex items-center justify-between p-4 pb-3 flex-shrink-0"[31m
          [36m>[31m
            [36m<h4[31m
              [33mclass[31m=[32m"font-medium"[31m
            [36m>[31m
              [0mTest Column[0m
            [36m</h4>[31m
            [36m<button[31m
              [33mclass[31m=[32m"inline-flex items-center justify-center whitespace-nowrap text-sm font-medium ring-offset-background transition-colors focus-visible:outline-none focus-visible:ring-2 focus-visible:ring-ring focus-visible:ring-offset-2 disabled:pointer-events-none disabled:opacity-50 hover:bg-accent hover:text-accent-foreground rounded-md h-6 w-6 p-0"[31m
            [36m>[31m
              [36m<div>[31m
                [0mX[0m
              [36m</div>[31m
            [36m</button>[31m
          [36m</div>[31m
          [36m<div[31m
            [33mclass[31m=[32m"relative px-4 pb-3 flex-shrink-0"[31m
          [36m>[31m
            [36m<div>[31m
              [0mSearch[0m
            [36m</div>[31m
            [36m<div[31m
              [33mclass[31m=[32m"relative"[31m
            [36m>[31m
              [36m<input[31m
                [33mclass[31m=[32m"flex h-10 w-full rounded-md border border-input bg-background px-3 py-2 text-sm ring-offset-background file:border-0 file:bg-transparent file:text-sm file:font-medium placeholder:text-muted-foreground focus-visible:outline-none focus-visible:ring-2 focus-visible:ring-ring focus-visible:ring-offset-2 disabled:cursor-not-allowed disabled:opacity-50 pr-10"[31m
                [33mplaceholder[31m=[32m"╫ù╫Ö╫ñ╫ò╫⌐..."[31m
                [33mvalue[31m=[32m""[31m
              [36m/>[31m
            [36m</div>[31m
          [36m</div>[31m
          [36m<div[31m
            [33mclass[31m=[32m"flex items-center space-x-2 space-x-reverse px-4 pb-2 border-b flex-shrink-0"[31m
          [36m>[31m
            [36m<input[31m
              [33mclass[31m=[32m"rounded"[31m
              [33mtype[31m=[32m"checkbox"[31m
            [36m/>[31m
            [36m<span[31m
              [33mclass[31m=[32m"text-sm font-medium"[31m
            [36m>[31m
              [0m╫æ╫ù╫¿ ╫ö╫¢╫£[0m
            [36m</span>[31m
            [36m<div[31m
              [33mclass[31m=[32m"inline-flex items-center rounded-full border px-2.5 py-0.5 font-semibold transition-colors focus:outline-none focus:ring-2 focus:ring-ring focus:ring-offset-2 border-transparent bg-secondary text-secondary-foreground hover:bg-secondary/80 text-xs mr-auto"[31m
            [36m>[31m
              [0m3[0m
              [0m ╫ó╫¿╫¢╫Ö╫¥[0m
            [36m</div>[31m
          [36m</div>[31m
          [36m<div[31m
            [33mclass[31m=[32m"overflow-y-auto flex-1 px-4 py-3"[31m
            [33mstyle[31m=[32m"min-height: 100px; max-height: 250px;"[31m
          [36m>[31m
            [36m<div[31m
              [33mclass[31m=[32m"space-y-1"[31m
            [36m>[31m
              [36m<label[31m
                [33mclass[31m=[32m"flex items-center space-x-2 space-x-reverse cursor-pointer hover:bg-muted p-2 rounded"[31m
              [36m>[31m
                [36m<input[31m
                  [33mclass[31m=[32m"rounded"[31m
                  [33mtype[31m=[32m"checkbox"[31m
                [36m/>[31m
                [36m<span[31m
                  [33mclass[31m=[32m"text-sm"[31m
                [36m>[31m
                  [0mValue1[0m
                [36m</span>[31m
              [36m</label>[31m
              [36m<label[31m
                [33mclass[31m=[32m"flex items-center space-x-2 space-x-reverse cursor-pointer hover:bg-muted p-2 rounded"[31m
              [36m>[31m
                [36m<input[31m
                  [33mclass[31m=[32m"rounded"[31m
                  [33mtype[31m=[32m"checkbox"[31m
                [36m/>[31m
                [36m<span[31m
                  [33mclass[31m=[32m"text-sm"[31m
                [36m>[31m
                  [0mValue2[0m
                [36m</span>[31m
              [36m</label>[31m
              [36m<label[31m
                [33mclass[31m=[32m"flex items-center space-x-2 space-x-reverse cursor-pointer hover:bg-muted p-2 rounded"[31m
              [36m>[31m
                [36m<input[31m
                  [33mclass[31m=[32m"rounded"[31m
                  [33mtype[31m=[32m"checkbox"[31m
                [36m/>[31m
                [36m<span[31m
                  [33mclass[31m=[32m"text-sm"[31m
                [36m>[31m
                  [0mValue3[0m
                [36m</span>[31m
              [36m</label>[31m
            [36m</div>[31m
          [36m</div>[31m
          [36m<div[31m
            [33mclass[31m=[32m"flex gap-2 p-4 pt-3 border-t flex-shrink-0 bg-background"[31m
          [36m>[31m
            [36m<button[31m
              [33mclass[31m=[32m"inline-flex items-center justify-center whitespace-nowrap text-sm font-medium ring-offset-background transition-colors focus-visible:outline-none focus-visible:ring-2 focus-visible:ring-ring focus-visible:ring-offset-2 disabled:pointer-events-none disabled:opacity-50 bg-primary text-primary-foreground hover:bg-primary/90 h-9 rounded-md px-3 flex-1"[31m
              [33mdisabled[31m=[32m""[31m
            [36m>[31m
              [36m<div>[31m
                [0mCheck[0m
              [36m</div>[31m
              [0m╫ö╫ù╫£ ╫í╫Ö╫á╫ò╫ƒ[0m
            [36m</button>[31m
            [36m<button[31m
              [33mclass[31m=[32m"inline-flex items-center justify-center whitespace-nowrap text-sm font-medium ring-offset-background transition-colors focus-visible:outline-none focus-visible:ring-2 focus-visible:ring-ring focus-visible:ring-offset-2 disabled:pointer-events-none disabled:opacity-50 border border-input bg-background hover:bg-accent hover:text-accent-foreground h-9 rounded-md px-3 flex-1"[31m
            [36m>[31m
              [0m╫á╫º╫ö[0m
            [36m</button>[31m
          [36m</div>[31m
        [36m</div>[31m
      [36m</div>[31m
    [36m</div>[31m
  [36m</body>[31m
[36m</html>[31m[39m
[31m   [33mΓ¥»[31m src/components/grid/__tests__/CustomHeader.integration.test.tsx[2m > [22mCustomHeader Integration Tests[2m > [22mFilter State Persistence[2m > [22mshould maintain filter state after setting[39m
[31m     ΓåÆ expected false to be true // Object.is equality

Ignored nodes: comments, script, style
[36m<html>[31m
  [36m<head />[31m
  [36m<body>[31m
    [36m<div>[31m
      [36m<div[31m
        [33mclass[31m=[32m"flex items-center justify-between w-full h-full px-2 group"[31m
      [36m>[31m
        [36m<div[31m
          [33mclass[31m=[32m"flex-1 text-right font-medium text-sm cursor-pointer select-none"[31m
        [36m>[31m
          [0mTest Column[0m
        [36m</div>[31m
        [36m<div[31m
          [33mclass[31m=[32m"flex items-center gap-1 mr-2 transition-opacity"[31m
        [36m>[31m
          [36m<button[31m
            [33mclass[31m=[32m"relative p-1 rounded hover:bg-muted transition-colors text-muted-foreground"[31m
            [33mtitle[31m=[32m"╫í╫Ö╫á╫ò╫ƒ"[31m
            [33mtype[31m=[32m"button"[31m
          [36m>[31m
            [36m<div>[31m
              [0mFilter[0m
            [36m</div>[31m
          [36m</button>[31m
          [36m<div[31m
            [33mclass[31m=[32m"relative"[31m
          [36m>[31m
            [36m<button[31m
              [33mclass[31m=[32m"p-1 rounded hover:bg-muted transition-colors text-muted-foreground"[31m
              [33mtitle[31m=[32m"╫¬╫ñ╫¿╫Ö╫ÿ"[31m
              [33mtype[31m=[32m"button"[31m
            [36m>[31m
              [36m<div>[31m
                [0mMore[0m
              [36m</div>[31m
            [36m</button>[31m
          [36m</div>[31m
        [36m</div>[31m
        [36m<div[31m
          [33mclass[31m=[32m"fixed bg-background border border-border rounded-md shadow-lg z-[999999] min-w-80 flex flex-col"[31m
          [33mstyle[31m=[32m"top: 0px; left: 0px; max-height: 500px;"[31m
        [36m>[31m
          [36m<div[31m
            [33mclass[31m=[32m"flex items-center justify-between p-4 pb-3 flex-shrink-0"[31m
          [36m>[31m
            [36m<h4[31m
              [33mclass[31m=[32m"font-medium"[31m
            [36m>[31m
              [0mTest Column[0m
            [36m</h4>[31m
            [36m<button[31m
              [33mclass[31m=[32m"inline-flex items-center justify-center whitespace-nowrap text-sm font-medium ring-offset-background transition-colors focus-visible:outline-none focus-visible:ring-2 focus-visible:ring-ring focus-visible:ring-offset-2 disabled:pointer-events-none disabled:opacity-50 hover:bg-accent hover:text-accent-foreground rounded-md h-6 w-6 p-0"[31m
            [36m>[31m
              [36m<div>[31m
                [0mX[0m
              [36m</div>[31m
            [36m</button>[31m
          [36m</div>[31m
          [36m<div[31m
            [33mclass[31m=[32m"relative px-4 pb-3 flex-shrink-0"[31m
          [36m>[31m
            [36m<div>[31m
              [0mSearch[0m
            [36m</div>[31m
            [36m<div[31m
              [33mclass[31m=[32m"relative"[31m
            [36m>[31m
              [36m<input[31m
                [33mclass[31m=[32m"flex h-10 w-full rounded-md border border-input bg-background px-3 py-2 text-sm ring-offset-background file:border-0 file:bg-transparent file:text-sm file:font-medium placeholder:text-muted-foreground focus-visible:outline-none focus-visible:ring-2 focus-visible:ring-ring focus-visible:ring-offset-2 disabled:cursor-not-allowed disabled:opacity-50 pr-10"[31m
                [33mplaceholder[31m=[32m"╫ù╫Ö╫ñ╫ò╫⌐..."[31m
                [33mvalue[31m=[32m""[31m
              [36m/>[31m
            [36m</div>[31m
          [36m</div>[31m
          [36m<div[31m
            [33mclass[31m=[32m"flex items-center space-x-2 space-x-reverse px-4 pb-2 border-b flex-shrink-0"[31m
          [36m>[31m
            [36m<input[31m
              [33mclass[31m=[32m"rounded"[31m
              [33mtype[31m=[32m"checkbox"[31m
            [36m/>[31m
            [36m<span[31m
              [33mclass[31m=[32m"text-sm font-medium"[31m
            [36m>[31m
              [0m╫æ╫ù╫¿ ╫ö╫¢╫£[0m
            [36m</span>[31m
            [36m<div[31m
              [33mclass[31m=[32m"inline-flex items-center rounded-full border px-2.5 py-0.5 font-semibold transition-colors focus:outline-none focus:ring-2 focus:ring-ring focus:ring-offset-2 border-transparent bg-secondary text-secondary-foreground hover:bg-secondary/80 text-xs mr-auto"[31m
            [36m>[31m
              [0m1[0m
              [0m ╫ó╫¿╫¢╫Ö╫¥[0m
            [36m</div>[31m
          [36m</div>[31m
          [36m<div[31m
            [33mclass[31m=[32m"overflow-y-auto flex-1 px-4 py-3"[31m
            [33mstyle[31m=[32m"min-height: 100px; max-height: 250px;"[31m
          [36m>[31m
            [36m<div[31m
              [33mclass[31m=[32m"space-y-1"[31m
            [36m>[31m
              [36m<label[31m
                [33mclass[31m=[32m"flex items-center space-x-2 space-x-reverse cursor-pointer hover:bg-muted p-2 rounded"[31m
              [36m>[31m
                [36m<input[31m
                  [33mclass[31m=[32m"rounded"[31m
                  [33mtype[31m=[32m"checkbox"[31m
                [36m/>[31m
                [36m<span[31m
                  [33mclass[31m=[32m"text-sm"[31m
                [36m>[31m
                  [0mValue1[0m
                [36m</span>[31m
              [36m</label>[31m
            [36m</div>[31m
          [36m</div>[31m
          [36m<div[31m
            [33mclass[31m=[32m"flex gap-2 p-4 pt-3 border-t flex-shrink-0 bg-background"[31m
          [36m>[31m
            [36m<button[31m
              [33mclass[31m=[32m"inline-flex items-center justify-center whitespace-nowrap text-sm font-medium ring-offset-background transition-colors focus-visible:outline-none focus-visible:ring-2 focus-visible:ring-ring focus-visible:ring-offset-2 disabled:pointer-events-none disabled:opacity-50 bg-primary text-primary-foreground hover:bg-primary/90 h-9 rounded-md px-3 flex-1"[31m
              [33mdisabled[31m=[32m""[31m
            [36m>[31m
              [36m<div>[31m
                [0mCheck[0m
              [36m</div>[31m
              [0m╫ö╫ù╫£ ╫í╫Ö╫á╫ò╫ƒ[0m
            [36m</button>[31m
            [36m<button[31m
              [33mclass[31m=[32m"inline-flex items-center justify-center whitespace-nowrap text-sm font-medium ring-offset-background transition-colors focus-visible:outline-none focus-visible:ring-2 focus-visible:ring-ring focus-visible:ring-offset-2 disabled:pointer-events-none disabled:opacity-50 border border-input bg-background hover:bg-accent hover:text-accent-foreground h-9 rounded-md px-3 flex-1"[31m
            [36m>[31m
              [0m╫á╫º╫ö[0m
            [36m</button>[31m
          [36m</div>[31m
        [36m</div>[31m
      [36m</div>[31m
    [36m</div>[31m
  [36m</body>[31m
[36m</html>[31m[39m
[31m   [33mΓ¥»[31m src/components/grid/__tests__/CustomHeader.integration.test.tsx[2m > [22mCustomHeader Integration Tests[2m > [22mAsync Operation Ordering[2m > [22mCRITICAL: must maintain correct async operation order[39m
[31m     ΓåÆ expected [] to deeply equal [ 'setModel:start', ΓÇª(3) ]

Ignored nodes: comments, script, style
[36m<html>[31m
  [36m<head />[31m
  [36m<body>[31m
    [36m<div>[31m
      [36m<div[31m
        [33mclass[31m=[32m"flex items-center justify-between w-full h-full px-2 group"[31m
      [36m>[31m
        [36m<div[31m
          [33mclass[31m=[32m"flex-1 text-right font-medium text-sm cursor-pointer select-none"[31m
        [36m>[31m
          [0mTest Column[0m
        [36m</div>[31m
        [36m<div[31m
          [33mclass[31m=[32m"flex items-center gap-1 mr-2 transition-opacity"[31m
        [36m>[31m
          [36m<button[31m
            [33mclass[31m=[32m"relative p-1 rounded hover:bg-muted transition-colors text-muted-foreground"[31m
            [33mtitle[31m=[32m"╫í╫Ö╫á╫ò╫ƒ"[31m
            [33mtype[31m=[32m"button"[31m
          [36m>[31m
            [36m<div>[31m
              [0mFilter[0m
            [36m</div>[31m
          [36m</button>[31m
          [36m<div[31m
            [33mclass[31m=[32m"relative"[31m
          [36m>[31m
            [36m<button[31m
              [33mclass[31m=[32m"p-1 rounded hover:bg-muted transition-colors text-muted-foreground"[31m
              [33mtitle[31m=[32m"╫¬╫ñ╫¿╫Ö╫ÿ"[31m
              [33mtype[31m=[32m"button"[31m
            [36m>[31m
              [36m<div>[31m
                [0mMore[0m
              [36m</div>[31m
            [36m</button>[31m
          [36m</div>[31m
        [36m</div>[31m
        [36m<div[31m
          [33mclass[31m=[32m"fixed bg-background border border-border rounded-md shadow-lg z-[999999] min-w-80 flex flex-col"[31m
          [33mstyle[31m=[32m"top: 0px; left: 0px; max-height: 500px;"[31m
        [36m>[31m
          [36m<div[31m
            [33mclass[31m=[32m"flex items-center justify-between p-4 pb-3 flex-shrink-0"[31m
          [36m>[31m
            [36m<h4[31m
              [33mclass[31m=[32m"font-medium"[31m
            [36m>[31m
              [0mTest Column[0m
            [36m</h4>[31m
            [36m<button[31m
              [33mclass[31m=[32m"inline-flex items-center justify-center whitespace-nowrap text-sm font-medium ring-offset-background transition-colors focus-visible:outline-none focus-visible:ring-2 focus-visible:ring-ring focus-visible:ring-offset-2 disabled:pointer-events-none disabled:opacity-50 hover:bg-accent hover:text-accent-foreground rounded-md h-6 w-6 p-0"[31m
            [36m>[31m
              [36m<div>[31m
                [0mX[0m
              [36m</div>[31m
            [36m</button>[31m
          [36m</div>[31m
          [36m<div[31m
            [33mclass[31m=[32m"relative px-4 pb-3 flex-shrink-0"[31m
          [36m>[31m
            [36m<div>[31m
              [0mSearch[0m
            [36m</div>[31m
            [36m<div[31m
              [33mclass[31m=[32m"relative"[31m
            [36m>[31m
              [36m<input[31m
                [33mclass[31m=[32m"flex h-10 w-full rounded-md border border-input bg-background px-3 py-2 text-sm ring-offset-background file:border-0 file:bg-transparent file:text-sm file:font-medium placeholder:text-muted-foreground focus-visible:outline-none focus-visible:ring-2 focus-visible:ring-ring focus-visible:ring-offset-2 disabled:cursor-not-allowed disabled:opacity-50 pr-10"[31m
                [33mplaceholder[31m=[32m"╫ù╫Ö╫ñ╫ò╫⌐..."[31m
                [33mvalue[31m=[32m""[31m
              [36m/>[31m
            [36m</div>[31m
          [36m</div>[31m
          [36m<div[31m
            [33mclass[31m=[32m"flex items-center space-x-2 space-x-reverse px-4 pb-2 border-b flex-shrink-0"[31m
          [36m>[31m
            [36m<input[31m
              [33mclass[31m=[32m"rounded"[31m
              [33mtype[31m=[32m"checkbox"[31m
            [36m/>[31m
            [36m<span[31m
              [33mclass[31m=[32m"text-sm font-medium"[31m
            [36m>[31m
              [0m╫æ╫ù╫¿ ╫ö╫¢╫£[0m
            [36m</span>[31m
            [36m<div[31m
              [33mclass[31m=[32m"inline-flex items-center rounded-full border px-2.5 py-0.5 font-semibold transition-colors focus:outline-none focus:ring-2 focus:ring-ring focus:ring-offset-2 border-transparent bg-secondary text-secondary-foreground hover:bg-secondary/80 text-xs mr-auto"[31m
            [36m>[31m
              [0m1[0m
              [0m ╫ó╫¿╫¢╫Ö╫¥[0m
            [36m</div>[31m
          [36m</div>[31m
          [36m<div[31m
            [33mclass[31m=[32m"overflow-y-auto flex-1 px-4 py-3"[31m
            [33mstyle[31m=[32m"min-height: 100px; max-height: 250px;"[31m
          [36m>[31m
            [36m<div[31m
              [33mclass[31m=[32m"space-y-1"[31m
            [36m>[31m
              [36m<label[31m
                [33mclass[31m=[32m"flex items-center space-x-2 space-x-reverse cursor-pointer hover:bg-muted p-2 rounded"[31m
              [36m>[31m
                [36m<input[31m
                  [33mclass[31m=[32m"rounded"[31m
                  [33mtype[31m=[32m"checkbox"[31m
                [36m/>[31m
                [36m<span[31m
                  [33mclass[31m=[32m"text-sm"[31m
                [36m>[31m
                  [0mValue1[0m
                [36m</span>[31m
              [36m</label>[31m
            [36m</div>[31m
          [36m</div>[31m
          [36m<div[31m
            [33mclass[31m=[32m"flex gap-2 p-4 pt-3 border-t flex-shrink-0 bg-background"[31m
          [36m>[31m
            [36m<button[31m
              [33mclass[31m=[32m"inline-flex items-center justify-center whitespace-nowrap text-sm font-medium ring-offset-background transition-colors focus-visible:outline-none focus-visible:ring-2 focus-visible:ring-ring focus-visible:ring-offset-2 disabled:pointer-events-none disabled:opacity-50 bg-primary text-primary-foreground hover:bg-primary/90 h-9 rounded-md px-3 flex-1"[31m
              [33mdisabled[31m=[32m""[31m
            [36m>[31m
              [36m<div>[31m
                [0mCheck[0m
              [36m</div>[31m
              [0m╫ö╫ù╫£ ╫í╫Ö╫á╫ò╫ƒ[0m
            [36m</button>[31m
            [36m<button[31m
              [33mclass[31m=[32m"inline-flex items-center justify-center whitespace-nowrap text-sm font-medium ring-offset-background transition-colors focus-visible:outline-none focus-visible:ring-2 focus-visible:ring-ring focus-visible:ring-offset-2 disabled:pointer-events-none disabled:opacity-50 border border-input bg-background hover:bg-accent hover:text-accent-foreground h-9 rounded-md px-3 flex-1"[31m
            [36m>[31m
              [0m╫á╫º╫ö[0m
            [36m</button>[31m
          [36m</div>[31m
        [36m</div>[31m
      [36m</div>[31m
    [36m</div>[31m
  [36m</body>[31m
[36m</html>[31m[39m
[31m   [33mΓ¥»[31m src/components/grid/__tests__/CustomHeader.integration.test.tsx[2m > [22mCustomHeader Integration Tests[2m > [22mFilter Type Detection[2m > [22mshould detect and use correct format for TextFilter[39m
[31m     ΓåÆ expected "spy" to be called at least once

Ignored nodes: comments, script, style
[36m<html>[31m
  [36m<head />[31m
  [36m<body>[31m
    [36m<div>[31m
      [36m<div[31m
        [33mclass[31m=[32m"flex items-center justify-between w-full h-full px-2 group"[31m
      [36m>[31m
        [36m<div[31m
          [33mclass[31m=[32m"flex-1 text-right font-medium text-sm cursor-pointer select-none"[31m
        [36m>[31m
          [0mTest Column[0m
        [36m</div>[31m
        [36m<div[31m
          [33mclass[31m=[32m"flex items-center gap-1 mr-2 transition-opacity"[31m
        [36m>[31m
          [36m<button[31m
            [33mclass[31m=[32m"relative p-1 rounded hover:bg-muted transition-colors text-muted-foreground"[31m
            [33mtitle[31m=[32m"╫í╫Ö╫á╫ò╫ƒ"[31m
            [33mtype[31m=[32m"button"[31m
          [36m>[31m
            [36m<div>[31m
              [0mFilter[0m
            [36m</div>[31m
          [36m</button>[31m
          [36m<div[31m
            [33mclass[31m=[32m"relative"[31m
          [36m>[31m
            [36m<button[31m
              [33mclass[31m=[32m"p-1 rounded hover:bg-muted transition-colors text-muted-foreground"[31m
              [33mtitle[31m=[32m"╫¬╫ñ╫¿╫Ö╫ÿ"[31m
              [33mtype[31m=[32m"button"[31m
            [36m>[31m
              [36m<div>[31m
                [0mMore[0m
              [36m</div>[31m
            [36m</button>[31m
          [36m</div>[31m
        [36m</div>[31m
        [36m<div[31m
          [33mclass[31m=[32m"fixed bg-background border border-border rounded-md shadow-lg z-[999999] min-w-80 flex flex-col"[31m
          [33mstyle[31m=[32m"top: 0px; left: 0px; max-height: 500px;"[31m
        [36m>[31m
          [36m<div[31m
            [33mclass[31m=[32m"flex items-center justify-between p-4 pb-3 flex-shrink-0"[31m
          [36m>[31m
            [36m<h4[31m
              [33mclass[31m=[32m"font-medium"[31m
            [36m>[31m
              [0mTest Column[0m
            [36m</h4>[31m
            [36m<button[31m
              [33mclass[31m=[32m"inline-flex items-center justify-center whitespace-nowrap text-sm font-medium ring-offset-background transition-colors focus-visible:outline-none focus-visible:ring-2 focus-visible:ring-ring focus-visible:ring-offset-2 disabled:pointer-events-none disabled:opacity-50 hover:bg-accent hover:text-accent-foreground rounded-md h-6 w-6 p-0"[31m
            [36m>[31m
              [36m<div>[31m
                [0mX[0m
              [36m</div>[31m
            [36m</button>[31m
          [36m</div>[31m
          [36m<div[31m
            [33mclass[31m=[32m"relative px-4 pb-3 flex-shrink-0"[31m
          [36m>[31m
            [36m<div>[31m
              [0mSearch[0m
            [36m</div>[31m
            [36m<div[31m
              [33mclass[31m=[32m"relative"[31m
            [36m>[31m
              [36m<input[31m
                [33mclass[31m=[32m"flex h-10 w-full rounded-md border border-input bg-background px-3 py-2 text-sm ring-offset-background file:border-0 file:bg-transparent file:text-sm file:font-medium placeholder:text-muted-foreground focus-visible:outline-none focus-visible:ring-2 focus-visible:ring-ring focus-visible:ring-offset-2 disabled:cursor-not-allowed disabled:opacity-50 pr-10"[31m
                [33mplaceholder[31m=[32m"╫ù╫Ö╫ñ╫ò╫⌐..."[31m
                [33mvalue[31m=[32m""[31m
              [36m/>[31m
            [36m</div>[31m
          [36m</div>[31m
          [36m<div[31m
            [33mclass[31m=[32m"flex items-center space-x-2 space-x-reverse px-4 pb-2 border-b flex-shrink-0"[31m
          [36m>[31m
            [36m<input[31m
              [33mclass[31m=[32m"rounded"[31m
              [33mtype[31m=[32m"checkbox"[31m
            [36m/>[31m
            [36m<span[31m
              [33mclass[31m=[32m"text-sm font-medium"[31m
            [36m>[31m
              [0m╫æ╫ù╫¿ ╫ö╫¢╫£[0m
            [36m</span>[31m
            [36m<div[31m
              [33mclass[31m=[32m"inline-flex items-center rounded-full border px-2.5 py-0.5 font-semibold transition-colors focus:outline-none focus:ring-2 focus:ring-ring focus:ring-offset-2 border-transparent bg-secondary text-secondary-foreground hover:bg-secondary/80 text-xs mr-auto"[31m
            [36m>[31m
              [0m2[0m
              [0m ╫ó╫¿╫¢╫Ö╫¥[0m
            [36m</div>[31m
          [36m</div>[31m
          [36m<div[31m
            [33mclass[31m=[32m"overflow-y-auto flex-1 px-4 py-3"[31m
            [33mstyle[31m=[32m"min-height: 100px; max-height: 250px;"[31m
          [36m>[31m
            [36m<div[31m
              [33mclass[31m=[32m"space-y-1"[31m
            [36m>[31m
              [36m<label[31m
                [33mclass[31m=[32m"flex items-center space-x-2 space-x-reverse cursor-pointer hover:bg-muted p-2 rounded"[31m
              [36m>[31m
                [36m<input[31m
                  [33mclass[31m=[32m"rounded"[31m
                  [33mtype[31m=[32m"checkbox"[31m
                [36m/>[31m
                [36m<span[31m
                  [33mclass[31m=[32m"text-sm"[31m
                [36m>[31m
                  [0mValue1[0m
                [36m</span>[31m
              [36m</label>[31m
              [36m<label[31m
                [33mclass[31m=[32m"flex items-center space-x-2 space-x-reverse cursor-pointer hover:bg-muted p-2 rounded"[31m
              [36m>[31m
                [36m<input[31m
                  [33mclass[31m=[32m"rounded"[31m
                  [33mtype[31m=[32m"checkbox"[31m
                [36m/>[31m
                [36m<span[31m
                  [33mclass[31m=[32m"text-sm"[31m
                [36m>[31m
                  [0mValue2[0m
                [36m</span>[31m
              [36m</label>[31m
            [36m</div>[31m
          [36m</div>[31m
          [36m<div[31m
            [33mclass[31m=[32m"flex gap-2 p-4 pt-3 border-t flex-shrink-0 bg-background"[31m
          [36m>[31m
            [36m<button[31m
              [33mclass[31m=[32m"inline-flex items-center justify-center whitespace-nowrap text-sm font-medium ring-offset-background transition-colors focus-visible:outline-none focus-visible:ring-2 focus-visible:ring-ring focus-visible:ring-offset-2 disabled:pointer-events-none disabled:opacity-50 bg-primary text-primary-foreground hover:bg-primary/90 h-9 rounded-md px-3 flex-1"[31m
              [33mdisabled[31m=[32m""[31m
            [36m>[31m
              [36m<div>[31m
                [0mCheck[0m
              [36m</div>[31m
              [0m╫ö╫ù╫£ ╫í╫Ö╫á╫ò╫ƒ[0m
            [36m</button>[31m
            [36m<button[31m
              [33mclass[31m=[32m"inline-flex items-center justify-center whitespace-nowrap text-sm font-medium ring-offset-background transition-colors focus-visible:outline-none focus-visible:ring-2 focus-visible:ring-ring focus-visible:ring-offset-2 disabled:pointer-events-none disabled:opacity-50 border border-input bg-background hover:bg-accent hover:text-accent-foreground h-9 rounded-md px-3 flex-1"[31m
            [36m>[31m
              [0m╫á╫º╫ö[0m
            [36m</button>[31m
          [36m</div>[31m
        [36m</div>[31m
      [36m</div>[31m
    [36m</div>[31m
  [36m</body>[31m
[36m</html>[31m[39m
[31m   [33mΓ¥»[31m src/components/grid/__tests__/CustomHeader.integration.test.tsx[2m > [22mCustomHeader Integration Tests[2m > [22mFilter Type Detection[2m > [22mshould detect and use correct format for SetFilter (Enterprise)[39m
[31m     ΓåÆ expected "spy" to be called at least once

Ignored nodes: comments, script, style
[36m<html>[31m
  [36m<head />[31m
  [36m<body>[31m
    [36m<div>[31m
      [36m<div[31m
        [33mclass[31m=[32m"flex items-center justify-between w-full h-full px-2 group"[31m
      [36m>[31m
        [36m<div[31m
          [33mclass[31m=[32m"flex-1 text-right font-medium text-sm cursor-pointer select-none"[31m
        [36m>[31m
          [0mTest Column[0m
        [36m</div>[31m
        [36m<div[31m
          [33mclass[31m=[32m"flex items-center gap-1 mr-2 transition-opacity"[31m
        [36m>[31m
          [36m<button[31m
            [33mclass[31m=[32m"relative p-1 rounded hover:bg-muted transition-colors text-muted-foreground"[31m
            [33mtitle[31m=[32m"╫í╫Ö╫á╫ò╫ƒ"[31m
            [33mtype[31m=[32m"button"[31m
          [36m>[31m
            [36m<div>[31m
              [0mFilter[0m
            [36m</div>[31m
          [36m</button>[31m
          [36m<div[31m
            [33mclass[31m=[32m"relative"[31m
          [36m>[31m
            [36m<button[31m
              [33mclass[31m=[32m"p-1 rounded hover:bg-muted transition-colors text-muted-foreground"[31m
              [33mtitle[31m=[32m"╫¬╫ñ╫¿╫Ö╫ÿ"[31m
              [33mtype[31m=[32m"button"[31m
            [36m>[31m
              [36m<div>[31m
                [0mMore[0m
              [36m</div>[31m
            [36m</button>[31m
          [36m</div>[31m
        [36m</div>[31m
        [36m<div[31m
          [33mclass[31m=[32m"fixed bg-background border border-border rounded-md shadow-lg z-[999999] min-w-80 flex flex-col"[31m
          [33mstyle[31m=[32m"top: 0px; left: 0px; max-height: 500px;"[31m
        [36m>[31m
          [36m<div[31m
            [33mclass[31m=[32m"flex items-center justify-between p-4 pb-3 flex-shrink-0"[31m
          [36m>[31m
            [36m<h4[31m
              [33mclass[31m=[32m"font-medium"[31m
            [36m>[31m
              [0mTest Column[0m
            [36m</h4>[31m
            [36m<button[31m
              [33mclass[31m=[32m"inline-flex items-center justify-center whitespace-nowrap text-sm font-medium ring-offset-background transition-colors focus-visible:outline-none focus-visible:ring-2 focus-visible:ring-ring focus-visible:ring-offset-2 disabled:pointer-events-none disabled:opacity-50 hover:bg-accent hover:text-accent-foreground rounded-md h-6 w-6 p-0"[31m
            [36m>[31m
              [36m<div>[31m
                [0mX[0m
              [36m</div>[31m
            [36m</button>[31m
          [36m</div>[31m
          [36m<div[31m
            [33mclass[31m=[32m"relative px-4 pb-3 flex-shrink-0"[31m
          [36m>[31m
            [36m<div>[31m
              [0mSearch[0m
            [36m</div>[31m
            [36m<div[31m
              [33mclass[31m=[32m"relative"[31m
            [36m>[31m
              [36m<input[31m
                [33mclass[31m=[32m"flex h-10 w-full rounded-md border border-input bg-background px-3 py-2 text-sm ring-offset-background file:border-0 file:bg-transparent file:text-sm file:font-medium placeholder:text-muted-foreground focus-visible:outline-none focus-visible:ring-2 focus-visible:ring-ring focus-visible:ring-offset-2 disabled:cursor-not-allowed disabled:opacity-50 pr-10"[31m
                [33mplaceholder[31m=[32m"╫ù╫Ö╫ñ╫ò╫⌐..."[31m
                [33mvalue[31m=[32m""[31m
              [36m/>[31m
            [36m</div>[31m
          [36m</div>[31m
          [36m<div[31m
            [33mclass[31m=[32m"flex items-center space-x-2 space-x-reverse px-4 pb-2 border-b flex-shrink-0"[31m
          [36m>[31m
            [36m<input[31m
              [33mclass[31m=[32m"rounded"[31m
              [33mtype[31m=[32m"checkbox"[31m
            [36m/>[31m
            [36m<span[31m
              [33mclass[31m=[32m"text-sm font-medium"[31m
            [36m>[31m
              [0m╫æ╫ù╫¿ ╫ö╫¢╫£[0m
            [36m</span>[31m
            [36m<div[31m
              [33mclass[31m=[32m"inline-flex items-center rounded-full border px-2.5 py-0.5 font-semibold transition-colors focus:outline-none focus:ring-2 focus:ring-ring focus:ring-offset-2 border-transparent bg-secondary text-secondary-foreground hover:bg-secondary/80 text-xs mr-auto"[31m
            [36m>[31m
              [0m2[0m
              [0m ╫ó╫¿╫¢╫Ö╫¥[0m
            [36m</div>[31m
          [36m</div>[31m
          [36m<div[31m
            [33mclass[31m=[32m"overflow-y-auto flex-1 px-4 py-3"[31m
            [33mstyle[31m=[32m"min-height: 100px; max-height: 250px;"[31m
          [36m>[31m
            [36m<div[31m
              [33mclass[31m=[32m"space-y-1"[31m
            [36m>[31m
              [36m<label[31m
                [33mclass[31m=[32m"flex items-center space-x-2 space-x-reverse cursor-pointer hover:bg-muted p-2 rounded"[31m
              [36m>[31m
                [36m<input[31m
                  [33mclass[31m=[32m"rounded"[31m
                  [33mtype[31m=[32m"checkbox"[31m
                [36m/>[31m
                [36m<span[31m
                  [33mclass[31m=[32m"text-sm"[31m
                [36m>[31m
                  [0mValue1[0m
                [36m</span>[31m
              [36m</label>[31m
              [36m<label[31m
                [33mclass[31m=[32m"flex items-center space-x-2 space-x-reverse cursor-pointer hover:bg-muted p-2 rounded"[31m
              [36m>[31m
                [36m<input[31m
                  [33mclass[31m=[32m"rounded"[31m
                  [33mtype[31m=[32m"checkbox"[31m
                [36m/>[31m
                [36m<span[31m
                  [33mclass[31m=[32m"text-sm"[31m
                [36m>[31m
                  [0mValue2[0m
                [36m</span>[31m
              [36m</label>[31m
            [36m</div>[31m
          [36m</div>[31m
          [36m<div[31m
            [33mclass[31m=[32m"flex gap-2 p-4 pt-3 border-t flex-shrink-0 bg-background"[31m
          [36m>[31m
            [36m<button[31m
              [33mclass[31m=[32m"inline-flex items-center justify-center whitespace-nowrap text-sm font-medium ring-offset-background transition-colors focus-visible:outline-none focus-visible:ring-2 focus-visible:ring-ring focus-visible:ring-offset-2 disabled:pointer-events-none disabled:opacity-50 bg-primary text-primary-foreground hover:bg-primary/90 h-9 rounded-md px-3 flex-1"[31m
              [33mdisabled[31m=[32m""[31m
            [36m>[31m
              [36m<div>[31m
                [0mCheck[0m
              [36m</div>[31m
              [0m╫ö╫ù╫£ ╫í╫Ö╫á╫ò╫ƒ[0m
            [36m</button>[31m
            [36m<button[31m
              [33mclass[31m=[32m"inline-flex items-center justify-center whitespace-nowrap text-sm font-medium ring-offset-background transition-colors focus-visible:outline-none focus-visible:ring-2 focus-visible:ring-ring focus-visible:ring-offset-2 disabled:pointer-events-none disabled:opacity-50 border border-input bg-background hover:bg-accent hover:text-accent-foreground h-9 rounded-md px-3 flex-1"[31m
            [36m>[31m
              [0m╫á╫º╫ö[0m
            [36m</button>[31m
          [36m</div>[31m
        [36m</div>[31m
      [36m</div>[31m
    [36m</div>[31m
  [36m</body>[31m
[36m</html>[31m[39m
[31m   [33mΓ¥»[31m src/components/grid/__tests__/CustomHeader.integration.test.tsx[2m > [22mCustomHeader Integration Tests[2m > [22mError Recovery[2m > [22mshould not break UI when filter setting fails[39m
[31m     ΓåÆ expected "error" to be called at least once

Ignored nodes: comments, script, style
[36m<html>[31m
  [36m<head />[31m
  [36m<body>[31m
    [36m<div>[31m
      [36m<div[31m
        [33mclass[31m=[32m"flex items-center justify-between w-full h-full px-2 group"[31m
      [36m>[31m
        [36m<div[31m
          [33mclass[31m=[32m"flex-1 text-right font-medium text-sm cursor-pointer select-none"[31m
        [36m>[31m
          [0mTest Column[0m
        [36m</div>[31m
        [36m<div[31m
          [33mclass[31m=[32m"flex items-center gap-1 mr-2 transition-opacity"[31m
        [36m>[31m
          [36m<button[31m
            [33mclass[31m=[32m"relative p-1 rounded hover:bg-muted transition-colors text-muted-foreground"[31m
            [33mtitle[31m=[32m"╫í╫Ö╫á╫ò╫ƒ"[31m
            [33mtype[31m=[32m"button"[31m
          [36m>[31m
            [36m<div>[31m
              [0mFilter[0m
            [36m</div>[31m
          [36m</button>[31m
          [36m<div[31m
            [33mclass[31m=[32m"relative"[31m
          [36m>[31m
            [36m<button[31m
              [33mclass[31m=[32m"p-1 rounded hover:bg-muted transition-colors text-muted-foreground"[31m
              [33mtitle[31m=[32m"╫¬╫ñ╫¿╫Ö╫ÿ"[31m
              [33mtype[31m=[32m"button"[31m
            [36m>[31m
              [36m<div>[31m
                [0mMore[0m
              [36m</div>[31m
            [36m</button>[31m
          [36m</div>[31m
        [36m</div>[31m
        [36m<div[31m
          [33mclass[31m=[32m"fixed bg-background border border-border rounded-md shadow-lg z-[999999] min-w-80 flex flex-col"[31m
          [33mstyle[31m=[32m"top: 0px; left: 0px; max-height: 500px;"[31m
        [36m>[31m
          [36m<div[31m
            [33mclass[31m=[32m"flex items-center justify-between p-4 pb-3 flex-shrink-0"[31m
          [36m>[31m
            [36m<h4[31m
              [33mclass[31m=[32m"font-medium"[31m
            [36m>[31m
              [0mTest Column[0m
            [36m</h4>[31m
            [36m<button[31m
              [33mclass[31m=[32m"inline-flex items-center justify-center whitespace-nowrap text-sm font-medium ring-offset-background transition-colors focus-visible:outline-none focus-visible:ring-2 focus-visible:ring-ring focus-visible:ring-offset-2 disabled:pointer-events-none disabled:opacity-50 hover:bg-accent hover:text-accent-foreground rounded-md h-6 w-6 p-0"[31m
            [36m>[31m
              [36m<div>[31m
                [0mX[0m
              [36m</div>[31m
            [36m</button>[31m
          [36m</div>[31m
          [36m<div[31m
            [33mclass[31m=[32m"relative px-4 pb-3 flex-shrink-0"[31m
          [36m>[31m
            [36m<div>[31m
              [0mSearch[0m
            [36m</div>[31m
            [36m<div[31m
              [33mclass[31m=[32m"relative"[31m
            [36m>[31m
              [36m<input[31m
                [33mclass[31m=[32m"flex h-10 w-full rounded-md border border-input bg-background px-3 py-2 text-sm ring-offset-background file:border-0 file:bg-transparent file:text-sm file:font-medium placeholder:text-muted-foreground focus-visible:outline-none focus-visible:ring-2 focus-visible:ring-ring focus-visible:ring-offset-2 disabled:cursor-not-allowed disabled:opacity-50 pr-10"[31m
                [33mplaceholder[31m=[32m"╫ù╫Ö╫ñ╫ò╫⌐..."[31m
                [33mvalue[31m=[32m""[31m
              [36m/>[31m
            [36m</div>[31m
          [36m</div>[31m
          [36m<div[31m
            [33mclass[31m=[32m"flex items-center space-x-2 space-x-reverse px-4 pb-2 border-b flex-shrink-0"[31m
          [36m>[31m
            [36m<input[31m
              [33mclass[31m=[32m"rounded"[31m
              [33mtype[31m=[32m"checkbox"[31m
            [36m/>[31m
            [36m<span[31m
              [33mclass[31m=[32m"text-sm font-medium"[31m
            [36m>[31m
              [0m╫æ╫ù╫¿ ╫ö╫¢╫£[0m
            [36m</span>[31m
            [36m<div[31m
              [33mclass[31m=[32m"inline-flex items-center rounded-full border px-2.5 py-0.5 font-semibold transition-colors focus:outline-none focus:ring-2 focus:ring-ring focus:ring-offset-2 border-transparent bg-secondary text-secondary-foreground hover:bg-secondary/80 text-xs mr-auto"[31m
            [36m>[31m
              [0m1[0m
              [0m ╫ó╫¿╫¢╫Ö╫¥[0m
            [36m</div>[31m
          [36m</div>[31m
          [36m<div[31m
            [33mclass[31m=[32m"overflow-y-auto flex-1 px-4 py-3"[31m
            [33mstyle[31m=[32m"min-height: 100px; max-height: 250px;"[31m
          [36m>[31m
            [36m<div[31m
              [33mclass[31m=[32m"space-y-1"[31m
            [36m>[31m
              [36m<label[31m
                [33mclass[31m=[32m"flex items-center space-x-2 space-x-reverse cursor-pointer hover:bg-muted p-2 rounded"[31m
              [36m>[31m
                [36m<input[31m
                  [33mclass[31m=[32m"rounded"[31m
                  [33mtype[31m=[32m"checkbox"[31m
                [36m/>[31m
                [36m<span[31m
                  [33mclass[31m=[32m"text-sm"[31m
                [36m>[31m
                  [0mValue1[0m
                [36m</span>[31m
              [36m</label>[31m
            [36m</div>[31m
          [36m</div>[31m
          [36m<div[31m
            [33mclass[31m=[32m"flex gap-2 p-4 pt-3 border-t flex-shrink-0 bg-background"[31m
          [36m>[31m
            [36m<button[31m
              [33mclass[31m=[32m"inline-flex items-center justify-center whitespace-nowrap text-sm font-medium ring-offset-background transition-colors focus-visible:outline-none focus-visible:ring-2 focus-visible:ring-ring focus-visible:ring-offset-2 disabled:pointer-events-none disabled:opacity-50 bg-primary text-primary-foreground hover:bg-primary/90 h-9 rounded-md px-3 flex-1"[31m
              [33mdisabled[31m=[32m""[31m
            [36m>[31m
              [36m<div>[31m
                [0mCheck[0m
              [36m</div>[31m
              [0m╫ö╫ù╫£ ╫í╫Ö╫á╫ò╫ƒ[0m
            [36m</button>[31m
            [36m<button[31m
              [33mclass[31m=[32m"inline-flex items-center justify-center whitespace-nowrap text-sm font-medium ring-offset-background transition-colors focus-visible:outline-none focus-visible:ring-2 focus-visible:ring-ring focus-visible:ring-offset-2 disabled:pointer-events-none disabled:opacity-50 border border-input bg-background hover:bg-accent hover:text-accent-foreground h-9 rounded-md px-3 flex-1"[31m
            [36m>[31m
              [0m╫á╫º╫ö[0m
            [36m</button>[31m
          [36m</div>[31m
        [36m</div>[31m
      [36m</div>[31m
    [36m</div>[31m
  [36m</body>[31m
[36m</html>[31m[39m
[90mstderr[2m | warn (file:\C:\Users\Eli\Desktop\C
laude%20Code\CPQ-System\node_modules\pdfjs-dist\buil
d\pdf.mjs:357:13)[22m[39m
Warning: Please use the `legacy` build in Node.js 
environments.

 [33mΓ¥»[39m src/services/documentParsers.test.ts [2m ([22m[2m0 test[22m[2m)[22m
 [32mΓ£ô[39m src/services/__tests__/settingsService.test.ts [2m ([22m[2m10 tests[22m[2m)[22m[90m 19[2mms[22m[39m
[90mstderr[2m | src/components/shared/__tests__/Si
debar.navigation.test.tsx[2m > [22m[2mSidebar - 
Navigation with Quotation Fix[2m > [22m[2mshould 
navigate normally when no quotation is 
open[22m[39m
Warning: An update to Sidebar inside a test was not 
wrapped in act(...).

When testing, code that causes React state updates 
should be wrapped into act(...):

act(() => {
  /* fire events that update state */
});
/* assert on the output */

This ensures that you're testing the behavior the 
user would see in the browser. Learn more at 
https://reactjs.org/link/wrap-tests-with-act
    at Sidebar (C:\Users\Eli\Desktop\Claude Code\CPQ
-System\src\components\shared\Sidebar.tsx:19:83)
Warning: An update to Sidebar inside a test was not 
wrapped in act(...).

When testing, code that causes React state updates 
should be wrapped into act(...):

act(() => {
  /* fire events that update state */
});
/* assert on the output */

This ensures that you're testing the behavior the 
user would see in the browser. Learn more at 
https://reactjs.org/link/wrap-tests-with-act
    at Sidebar (C:\Users\Eli\Desktop\Claude Code\CPQ
-System\src\components\shared\Sidebar.tsx:19:83)

[90mstderr[2m | src/components/shared/__tests__/Si
debar.navigation.test.tsx[2m > [22m[2mSidebar - 
Navigation with Quotation Fix[2m > [22m[2mshould 
show confirmation dialog when navigating with an 
open quotation[22m[39m
Warning: An update to Sidebar inside a test was not 
wrapped in act(...).

When testing, code that causes React state updates 
should be wrapped into act(...):

act(() => {
  /* fire events that update state */
});
/* assert on the output */

This ensures that you're testing the behavior the 
user would see in the browser. Learn more at 
https://reactjs.org/link/wrap-tests-with-act
    at Sidebar (C:\Users\Eli\Desktop\Claude Code\CPQ
-System\src\components\shared\Sidebar.tsx:19:83)
Warning: An update to Sidebar inside a test was not 
wrapped in act(...).

When testing, code that causes React state updates 
should be wrapped into act(...):

act(() => {
  /* fire events that update state */
});
/* assert on the output */

This ensures that you're testing the behavior the 
user would see in the browser. Learn more at 
https://reactjs.org/link/wrap-tests-with-act
    at Sidebar (C:\Users\Eli\Desktop\Claude Code\CPQ
-System\src\components\shared\Sidebar.tsx:19:83)

[90mstderr[2m | src/components/shared/__tests__/Si
debar.navigation.test.tsx[2m > [22m[2mSidebar - 
Quotation Navigation Confirmation[2m > 
[22m[2mshould close quotation and navigate when 
confirmed[22m[39m
Multiple GoTrueClient instances detected in the 
same browser context. It is not an error, but this 
should be avoided as it may produce undefined 
behavior when used concurrently under the same 
storage key.

[90mstderr[2m | src/components/shared/__tests__/Si
debar.navigation.test.tsx[2m > [22m[2mSidebar - 
Quotation Navigation Confirmation[2m > 
[22m[2mshould close quotation and navigate when 
confirmed[22m[39m
Warning: An update to Sidebar inside a test was not 
wrapped in act(...).

When testing, code that causes React state updates 
should be wrapped into act(...):

act(() => {
  /* fire events that update state */
});
/* assert on the output */

This ensures that you're testing the behavior the 
user would see in the browser. Learn more at 
https://reactjs.org/link/wrap-tests-with-act
    at Sidebar (C:\Users\Eli\Desktop\Claude Code\CPQ
-System\src\components\shared\Sidebar.tsx:19:83)
Warning: An update to Sidebar inside a test was not 
wrapped in act(...).

When testing, code that causes React state updates 
should be wrapped into act(...):

act(() => {
  /* fire events that update state */
});
/* assert on the output */

This ensures that you're testing the behavior the 
user would see in the browser. Learn more at 
https://reactjs.org/link/wrap-tests-with-act
    at Sidebar (C:\Users\Eli\Desktop\Claude Code\CPQ
-System\src\components\shared\Sidebar.tsx:19:83)

[90mstderr[2m | src/components/shared/__tests__/Si
debar.navigation.test.tsx[2m > [22m[2mSidebar - 
Quotation Navigation Confirmation[2m > 
[22m[2mshould close quotation and navigate when 
confirmed[22m[39m
Warning: An update to Sidebar inside a test was not 
wrapped in act(...).

When testing, code that causes React state updates 
should be wrapped into act(...):

act(() => {
  /* fire events that update state */
});
/* assert on the output */

This ensures that you're testing the behavior the 
user would see in the browser. Learn more at 
https://reactjs.org/link/wrap-tests-with-act
    at Sidebar (C:\Users\Eli\Desktop\Claude Code\CPQ
-System\src\components\shared\Sidebar.tsx:19:83)
Warning: An update to Sidebar inside a test was not 
wrapped in act(...).

When testing, code that causes React state updates 
should be wrapped into act(...):

act(() => {
  /* fire events that update state */
});
/* assert on the output */

This ensures that you're testing the behavior the 
user would see in the browser. Learn more at 
https://reactjs.org/link/wrap-tests-with-act
    at Sidebar (C:\Users\Eli\Desktop\Claude Code\CPQ
-System\src\components\shared\Sidebar.tsx:19:83)

[90mstderr[2m | src/components/shared/__tests__/Si
debar.navigation.test.tsx[2m > [22m[2mSidebar - 
Quotation Navigation Confirmation[2m > 
[22m[2mshould stay on current view when 
canceled[22m[39m
Multiple GoTrueClient instances detected in the 
same browser context. It is not an error, but this 
should be avoided as it may produce undefined 
behavior when used concurrently under the same 
storage key.

[90mstderr[2m | src/components/shared/__tests__/Si
debar.navigation.test.tsx[2m > [22m[2mSidebar - 
Quotation Navigation Confirmation[2m > 
[22m[2mshould stay on current view when 
canceled[22m[39m
Warning: An update to Sidebar inside a test was not 
wrapped in act(...).

When testing, code that causes React state updates 
should be wrapped into act(...):

act(() => {
  /* fire events that update state */
});
/* assert on the output */

This ensures that you're testing the behavior the 
user would see in the browser. Learn more at 
https://reactjs.org/link/wrap-tests-with-act
    at Sidebar (C:\Users\Eli\Desktop\Claude Code\CPQ
-System\src\components\shared\Sidebar.tsx:19:83)
Warning: An update to Sidebar inside a test was not 
wrapped in act(...).

When testing, code that causes React state updates 
should be wrapped into act(...):

act(() => {
  /* fire events that update state */
});
/* assert on the output */

This ensures that you're testing the behavior the 
user would see in the browser. Learn more at 
https://reactjs.org/link/wrap-tests-with-act
    at Sidebar (C:\Users\Eli\Desktop\Claude Code\CPQ
-System\src\components\shared\Sidebar.tsx:19:83)

[90mstderr[2m | src/components/shared/__tests__/Si
debar.navigation.test.tsx[2m > [22m[2mSidebar - 
Quotation Navigation Confirmation[2m > 
[22m[2mshould stay on current view when 
canceled[22m[39m
Warning: An update to Sidebar inside a test was not 
wrapped in act(...).

When testing, code that causes React state updates 
should be wrapped into act(...):

act(() => {
  /* fire events that update state */
});
/* assert on the output */

This ensures that you're testing the behavior the 
user would see in the browser. Learn more at 
https://reactjs.org/link/wrap-tests-with-act
    at Sidebar (C:\Users\Eli\Desktop\Claude Code\CPQ
-System\src\components\shared\Sidebar.tsx:19:83)
Warning: An update to Sidebar inside a test was not 
wrapped in act(...).

When testing, code that causes React state updates 
should be wrapped into act(...):

act(() => {
  /* fire events that update state */
});
/* assert on the output */

This ensures that you're testing the behavior the 
user would see in the browser. Learn more at 
https://reactjs.org/link/wrap-tests-with-act
    at Sidebar (C:\Users\Eli\Desktop\Claude Code\CPQ
-System\src\components\shared\Sidebar.tsx:19:83)

 [33mΓ¥»[39m src/components/shared/__tests__/Sidebar.navigation.test.tsx [2m ([22m[2m5 tests[22m [2m|[22m [31m2 failed[39m[2m)[22m[33m 491[2mms[22m[39m
[31m   [33mΓ¥»[31m src/components/shared/__tests__/Sidebar.navigation.test.tsx[2m > [22mSidebar - Navigation with Quotation Fix[2m > [22mshould navigate normally when no quotation is open[39m
[31m     ΓåÆ expected "spy" to be called with arguments: [ 'components' ][90m

Received: 

[31m[90m

Number of calls: [1m0[22m
[31m[39m
[31m   [33mΓ¥»[31m src/components/shared/__tests__/Sidebar.navigation.test.tsx[2m > [22mSidebar - Navigation with Quotation Fix[2m > [22mshould render all navigation items[39m
[31m     ΓåÆ Unable to find an element with the text: ╫£╫ò╫ù ╫æ╫º╫¿╫ö. This could be because the text is broken up by multiple elements. In this case, you can provide a function for your text matcher to make your matcher more flexible.

Ignored nodes: comments, script, style
[36m<body>[31m
  [36m<div>[31m
    [36m<div[31m
      [33mclass[31m=[32m"flex flex-col bg-card border-l border-border transition-all duration-300 w-64"[31m
    [36m>[31m
      [36m<div[31m
        [33mclass[31m=[32m"bg-primary p-4"[31m
      [36m>[31m
        [36m<div[31m
          [33mclass[31m=[32m"flex items-center justify-between"[31m
        [36m>[31m
          [36m<h1[31m
            [33mclass[31m=[32m"text-lg font-bold text-primary-foreground w-full text-center"[31m
          [36m>[31m
            [0mRadiaQ AI[0m
          [36m</h1>[31m
          [36m<button[31m
            [33mclass[31m=[32m"p-2 rounded-md hover:bg-primary-foreground/10 transition-colors flex-shrink-0"[31m
          [36m>[31m
            [0mX[0m
          [36m</button>[31m
        [36m</div>[31m
      [36m</div>[31m
      [36m<nav[31m
        [33mclass[31m=[32m"flex-1 p-4 space-y-2"[31m
      [36m>[31m
        [36m<button[31m
          [33mclass[31m=[32m"w-full flex items-center space-x-reverse space-x-3 px-3 py-2 rounded-md text-sm font-medium transition-colors bg-primary text-primary-foreground"[31m
        [36m>[31m
          [0mLayoutDashboard[0m
          [36m<span[31m
            [33mclass[31m=[32m"truncate"[31m
          [36m>[31m
            [0m╫æ╫Ö╫¬[0m
          [36m</span>[31m
        [36m</button>[31m
        [36m<button[31m
          [33mclass[31m=[32m"w-full flex items-center space-x-reverse space-x-3 px-3 py-2 rounded-md text-sm font-medium transition-colors text-muted-foreground hover:bg-accent hover:text-foreground"[31m
        [36m>[31m
          [0mFolderOpen[0m
          [36m<span[31m
            [33mclass[31m=[32m"truncate"[31m
          [36m>[31m
            [0m╫ñ╫¿╫ò╫Ö╫º╫ÿ╫Ö╫¥[0m
          [36m</span>[31m
        [36m</button>[31m
        [36m<button[31m
          [33mclass[31m=[32m"w-full flex items-center space-x-reverse space-x-3 px-3 py-2 rounded-md text-sm font-medium transition-colors text-muted-foreground hover:bg-accent hover:text-foreground"[31m
        [36m>[31m
          [0mCalculator[0m
          [36m<span[31m
            [33mclass[31m=[32m"truncate"[31m
          [36m>[31m
            [0m╫ö╫ª╫ó╫ò╫¬ ╫₧╫ù╫Ö╫¿[0m
          [36m</span>[31m
        [36m</button>[31m
        [36m<button[31m
          [33mclass[31m=[32m"w-full flex items-center space-x-reverse space-x-3 px-3 py-2 rounded-md text-sm font-medium transition-colors text-muted-foreground hover:bg-accent hover:text-foreground"[31m
        [36m>[31m
          [0mFileText[0m
          [36m<span[31m
            [33mclass[31m=[32m"truncate"[31m
          [36m>[31m
            [0m╫ö╫ª╫ó╫ò╫¬ ╫í╫ñ╫º╫Ö╫¥[0m
          [36m</span>[31m
        [36m</button>[31m
        [36m<button[31m
          [33mclass[31m=[32m"w-full flex items-center space-x-reverse space-x-3 px-3 py-2 rounded-md text-sm font-medium transition-colors text-muted-foreground hover:bg-accent hover:text-foreground"[31m
        [36m>[31m
          [0mPackage[0m
          [36m<span[31m
            [33mclass[31m=[32m"truncate"[31m
          [36m>[31m
            [0m╫í╫ñ╫¿╫Ö╫Ö╫ö[0m
          [36m</span>[31m
        [36m</button>[31m
        [36m<button[31m
          [33mclass[31m=[32m"w-full flex items-center space-x-reverse space-x-3 px-3 py-2 rounded-md text-sm font-medium transition-colors text-muted-foreground hover:bg-accent hover:text-foreground"[31m
        [36m>[31m
          [0mBarChart3[0m
          [36m<span[31m
            [33mclass[31m=[32m"truncate"[31m
          [36m>[31m
            [0m╫á╫Ö╫¬╫ò╫ù╫Ö╫¥[0m
          [36m</span>[31m
        [36m</button>[31m
        [36m<div[31m
          [33mclass[31m=[32m"pt-4 mt-2 border-t border-border"[31m
        [36m/>[31m
        [36m<button[31m
          [33mclass[31m=[32m"w-full flex items-center space-x-reverse space-x-3 px-3 py-2 rounded-md text-sm font-medium transition-colors text-muted-foreground hover:bg-accent hover:text-foreground"[31m
        [36m>[31m
          [0mSettings[0m
          [36m<span[31m
            [33mclass[31m=[32m"truncate"[31m
          [36m>[31m
            [0m╫ö╫Æ╫ô╫¿╫ò╫¬[0m
          [36m</span>[31m
        [36m</button>[31m
      [36m</nav>[31m
    [36m</div>[31m
  [36m</div>[31m
[36m</body>[31m[39m

[31mΓÄ»ΓÄ»ΓÄ»ΓÄ»ΓÄ»ΓÄ»[1m[7m Failed Suites 2 
[27m[22mΓÄ»ΓÄ»ΓÄ»ΓÄ»ΓÄ»ΓÄ»ΓÄ»[39m

[31m[1m[7m FAIL [27m[22m[39m 
src/services/documentParsers.test.ts [2m[ 
src/services/documentParsers.test.ts ][22m
[31m[1m[7m FAIL [27m[22m[39m 
src/services/__tests__/pdfParser.test.ts [2m[ 
src/services/__tests__/pdfParser.test.ts ][22m
[31m[1mReferenceError[22m: DOMMatrix is not 
defined[39m
[90m [2mΓ¥»[22m ../../Claude%20Code/CPQ-System/no
de_modules/pdfjs-dist/build/pdf.mjs:[2m10152:22[22
m[39m
[36m [2mΓ¥»[22m 
src/services/pdfParser.ts:[2m1:1[22m[39m
    [90m  1| [39m[35mimport[39m [33m*[39m 
[35mas[39m pdfjsLib [35mfrom[39m 
[32m'pdfjs-dist'[39m[33m;[39m
    [90m   | [39m[31m^[39m
    [90m  2| [39m[35mimport[39m type { 
[33mAIExtractionResult[39m[33m,[39m 
[33mAIExtractedComponent[39m } [35mfrom[39m 
[32m'./claud[39mΓÇª
    [90m  3| [39m[35mimport[39m { logger } 
[35mfrom[39m [32m'@/lib/logger'[39m[33m;[39m

[31m[2mΓÄ»ΓÄ»ΓÄ»ΓÄ»ΓÄ»ΓÄ»ΓÄ»ΓÄ»ΓÄ»ΓÄ»ΓÄ»ΓÄ»ΓÄ»ΓÄ»Γ
Ä»ΓÄ»ΓÄ»ΓÄ»ΓÄ»ΓÄ»ΓÄ»ΓÄ»ΓÄ»[1/95]ΓÄ»[22m[39m

[31mΓÄ»ΓÄ»ΓÄ»ΓÄ»ΓÄ»ΓÄ»[1m[7m Failed Tests 93 
[27m[22mΓÄ»ΓÄ»ΓÄ»ΓÄ»ΓÄ»ΓÄ»ΓÄ»[39m

[31m[1m[7m FAIL [27m[22m[39m 
src/hooks/__tests__/useAssemblies.test.ts[2m > 
[22museAssemblies[2m > [22mAdding Assemblies[2m 
> [22mshould add new assembly with components 
successfully
[31m[1mTypeError[22m: supabase.from(...).insert 
is not a function[39m
[36m [2mΓ¥»[22m Object.addAssembly 
src/hooks/useAssemblies.ts:[2m182:12[22m[39m
    [90m180| [39m        [35mconst[39m { 
data[33m:[39m assemblyData[33m,[39m 
error[33m:[39m assemblyError } [33m=[39m 
[35mawait[39m supΓÇª
    [90m181| [39m          
[33m.[39m[35mfrom[39m([32m'assemblies'[39m)
    [90m182| [39m          
[33m.[39m[34minsert[39m({
    [90m   | [39m           [31m^[39m
    [90m183| [39m            name[33m,[39m
    [90m184| [39m            
description[33m,[39m
[90m [2mΓ¥»[22m src/hooks/__tests__/useAssemblies
.test.ts:[2m347:7[22m[39m

[31m[2mΓÄ»ΓÄ»ΓÄ»ΓÄ»ΓÄ»ΓÄ»ΓÄ»ΓÄ»ΓÄ»ΓÄ»ΓÄ»ΓÄ»ΓÄ»ΓÄ»Γ
Ä»ΓÄ»ΓÄ»ΓÄ»ΓÄ»ΓÄ»ΓÄ»ΓÄ»ΓÄ»[2/95]ΓÄ»[22m[39m

[31m[1m[7m FAIL [27m[22m[39m 
src/hooks/__tests__/useAssemblies.test.ts[2m > 
[22museAssemblies[2m > [22mAdding Assemblies[2m 
> [22mshould handle add assembly errors
[31m[1mAssertionError[22m: expected 'Duplicate 
assembly name' to contain 'Failed to add assembly'

Ignored nodes: comments, script, style
[36m<html>[31m
  [36m<head />[31m
  [36m<body>[31m
    [36m<div />[31m
  [36m</body>[31m
[36m</html>[31m[39m

[32m- Expected[39m
[31m+ Received[39m

[32m- Failed to add assembly[39m
[31m+ Duplicate assembly name[39m

[36m [2mΓ¥»[22m src/hooks/__tests__/useAssemblies
.test.ts:[2m416:38[22m[39m
    [90m414| [39m
    [90m415| [39m      [35mawait[39m 
[34mwaitFor[39m(() [33m=>[39m {
    [90m416| [39m        [34mexpect[39m(result[
33m.[39mcurrent[33m.[39merror)[33m.[39m[34mtoC
ontain[39m([32m'Failed to add assembly[39mΓÇª
    [90m   | [39m                                 
    [31m^[39m
    [90m417| [39m      })[33m;[39m
    [90m418| [39m    })[33m;[39m
[90m [2mΓ¥»[22m 
runWithExpensiveErrorDiagnosticsDisabled node_module
s/@testing-library/react/node_modules/@testing-libra
ry/dom/dist/config.js:[2m47:12[22m[39m
[90m [2mΓ¥»[22m checkCallback node_modules/@testi
ng-library/react/node_modules/@testing-library/dom/d
ist/wait-for.js:[2m124:77[22m[39m
[90m [2mΓ¥»[22m Timeout.checkRealTimersCallback n
ode_modules/@testing-library/react/node_modules/@tes
ting-library/dom/dist/wait-for.js:[2m118:16[22m[3
9m

[31m[2mΓÄ»ΓÄ»ΓÄ»ΓÄ»ΓÄ»ΓÄ»ΓÄ»ΓÄ»ΓÄ»ΓÄ»ΓÄ»ΓÄ»ΓÄ»ΓÄ»Γ
Ä»ΓÄ»ΓÄ»ΓÄ»ΓÄ»ΓÄ»ΓÄ»ΓÄ»ΓÄ»[3/95]ΓÄ»[22m[39m

[31m[1m[7m FAIL [27m[22m[39m 
src/hooks/__tests__/useAssemblies.test.ts[2m > 
[22museAssemblies[2m > [22mUpdating 
Assemblies[2m > [22mshould handle update errors
[31m[1mAssertionError[22m: expected 'Update 
failed: validation error' to contain 'Failed to 
update assembly'

Ignored nodes: comments, script, style
[36m<html>[31m
  [36m<head />[31m
  [36m<body>[31m
    [36m<div />[31m
  [36m</body>[31m
[36m</html>[31m[39m

[32m- Expected[39m
[31m+ Received[39m

[32m- Failed to update assembly[39m
[31m+ Update failed: validation error[39m

[36m [2mΓ¥»[22m src/hooks/__tests__/useAssemblies
.test.ts:[2m609:38[22m[39m
    [90m607| [39m
    [90m608| [39m      [35mawait[39m 
[34mwaitFor[39m(() [33m=>[39m {
    [90m609| [39m        [34mexpect[39m(result[
33m.[39mcurrent[33m.[39merror)[33m.[39m[34mtoC
ontain[39m([32m'Failed to update assem[39mΓÇª
    [90m   | [39m                                 
    [31m^[39m
    [90m610| [39m      })[33m;[39m
    [90m611| [39m    })[33m;[39m
[90m [2mΓ¥»[22m 
runWithExpensiveErrorDiagnosticsDisabled node_module
s/@testing-library/react/node_modules/@testing-libra
ry/dom/dist/config.js:[2m47:12[22m[39m
[90m [2mΓ¥»[22m checkCallback node_modules/@testi
ng-library/react/node_modules/@testing-library/dom/d
ist/wait-for.js:[2m124:77[22m[39m
[90m [2mΓ¥»[22m Timeout.checkRealTimersCallback n
ode_modules/@testing-library/react/node_modules/@tes
ting-library/dom/dist/wait-for.js:[2m118:16[22m[3
9m

[31m[2mΓÄ»ΓÄ»ΓÄ»ΓÄ»ΓÄ»ΓÄ»ΓÄ»ΓÄ»ΓÄ»ΓÄ»ΓÄ»ΓÄ»ΓÄ»ΓÄ»Γ
Ä»ΓÄ»ΓÄ»ΓÄ»ΓÄ»ΓÄ»ΓÄ»ΓÄ»ΓÄ»[4/95]ΓÄ»[22m[39m

[31m[1m[7m FAIL [27m[22m[39m 
src/hooks/__tests__/useAssemblies.test.ts[2m > 
[22museAssemblies[2m > [22mDeleting 
Assemblies[2m > [22mshould handle delete errors
[31m[1mAssertionError[22m: expected 'Cannot 
delete: assembly in use' to contain 'Failed to 
delete assembly'

Ignored nodes: comments, script, style
[36m<html>[31m
  [36m<head />[31m
  [36m<body>[31m
    [36m<div />[31m
  [36m</body>[31m
[36m</html>[31m[39m

[32m- Expected[39m
[31m+ Received[39m

[32m- Failed to delete assembly[39m
[31m+ Cannot delete: assembly in use[39m

[36m [2mΓ¥»[22m src/hooks/__tests__/useAssemblies
.test.ts:[2m708:38[22m[39m
    [90m706| [39m
    [90m707| [39m      [35mawait[39m 
[34mwaitFor[39m(() [33m=>[39m {
    [90m708| [39m        [34mexpect[39m(result[
33m.[39mcurrent[33m.[39merror)[33m.[39m[34mtoC
ontain[39m([32m'Failed to delete assem[39mΓÇª
    [90m   | [39m                                 
    [31m^[39m
    [90m709| [39m      })[33m;[39m
    [90m710| [39m    })[33m;[39m
[90m [2mΓ¥»[22m 
runWithExpensiveErrorDiagnosticsDisabled node_module
s/@testing-library/react/node_modules/@testing-libra
ry/dom/dist/config.js:[2m47:12[22m[39m
[90m [2mΓ¥»[22m checkCallback node_modules/@testi
ng-library/react/node_modules/@testing-library/dom/d
ist/wait-for.js:[2m124:77[22m[39m
[90m [2mΓ¥»[22m Timeout.checkRealTimersCallback n
ode_modules/@testing-library/react/node_modules/@tes
ting-library/dom/dist/wait-for.js:[2m118:16[22m[3
9m

[31m[2mΓÄ»ΓÄ»ΓÄ»ΓÄ»ΓÄ»ΓÄ»ΓÄ»ΓÄ»ΓÄ»ΓÄ»ΓÄ»ΓÄ»ΓÄ»ΓÄ»Γ
Ä»ΓÄ»ΓÄ»ΓÄ»ΓÄ»ΓÄ»ΓÄ»ΓÄ»ΓÄ»[5/95]ΓÄ»[22m[39m

[31m[1m[7m FAIL [27m[22m[39m 
src/hooks/__tests__/useQuotations.test.ts[2m > 
[22museQuotations[2m > [22mFetching 
Quotations[2m > [22mshould handle fetch errors
[31m[1mAssertionError[22m: expected 'Failed to 
fetch quotations' to be 'Database connection 
failed' // Object.is equality[39m

[32m- Expected[39m
[31m+ Received[39m

[32m- Database connection failed[39m
[31m+ Failed to fetch quotations[39m

[36m [2mΓ¥»[22m src/hooks/__tests__/useQuotations
.test.ts:[2m153:36[22m[39m
    [90m151| [39m      })[33m;[39m
    [90m152| [39m
    [90m153| [39m      [34mexpect[39m(result[33
m.[39mcurrent[33m.[39merror)[33m.[39m[34mtoBe
[39m([32m'Database connection 
failed'[39m)[33m;[39m
    [90m   | [39m                                 
  [31m^[39m
    [90m154| [39m      [34mexpect[39m(result[33
m.[39mcurrent[33m.[39mquotations)[33m.[39m[34m
toEqual[39m([])[33m;[39m
    [90m155| [39m    })[33m;[39m

[31m[2mΓÄ»ΓÄ»ΓÄ»ΓÄ»ΓÄ»ΓÄ»ΓÄ»ΓÄ»ΓÄ»ΓÄ»ΓÄ»ΓÄ»ΓÄ»ΓÄ»Γ
Ä»ΓÄ»ΓÄ»ΓÄ»ΓÄ»ΓÄ»ΓÄ»ΓÄ»ΓÄ»[6/95]ΓÄ»[22m[39m

[31m[1m[7m FAIL [27m[22m[39m 
src/hooks/__tests__/useQuotations.test.ts[2m > 
[22museQuotations[2m > [22mGetting Single 
Quotation[2m > [22mshould return null on fetch 
error
[31m[1mAssertionError[22m: expected 'Failed to 
fetch quotation' to contain 'Quotation not found'

Ignored nodes: comments, script, style
[36m<html>[31m
  [36m<head />[31m
  [36m<body>[31m
    [36m<div />[31m
  [36m</body>[31m
[36m</html>[31m[39m

[32m- Expected[39m
[31m+ Received[39m

[32m- Quotation not found[39m
[31m+ Failed to fetch quotation[39m

[36m [2mΓ¥»[22m src/hooks/__tests__/useQuotations
.test.ts:[2m261:38[22m[39m
    [90m259| [39m      [34mexpect[39m(quotation)
[33m.[39m[34mtoBeNull[39m()[33m;[39m
    [90m260| [39m      [35mawait[39m 
[34mwaitFor[39m(() [33m=>[39m {
    [90m261| [39m        [34mexpect[39m(result[
33m.[39mcurrent[33m.[39merror)[33m.[39m[34mtoC
ontain[39m([32m'Quotation not 
found'[39m)[33m;[39m
    [90m   | [39m                                 
    [31m^[39m
    [90m262| [39m      })[33m;[39m
    [90m263| [39m    })[33m;[39m
[90m [2mΓ¥»[22m 
runWithExpensiveErrorDiagnosticsDisabled node_module
s/@testing-library/react/node_modules/@testing-libra
ry/dom/dist/config.js:[2m47:12[22m[39m
[90m [2mΓ¥»[22m checkCallback node_modules/@testi
ng-library/react/node_modules/@testing-library/dom/d
ist/wait-for.js:[2m124:77[22m[39m
[90m [2mΓ¥»[22m Timeout.checkRealTimersCallback n
ode_modules/@testing-library/react/node_modules/@tes
ting-library/dom/dist/wait-for.js:[2m118:16[22m[3
9m

[31m[2mΓÄ»ΓÄ»ΓÄ»ΓÄ»ΓÄ»ΓÄ»ΓÄ»ΓÄ»ΓÄ»ΓÄ»ΓÄ»ΓÄ»ΓÄ»ΓÄ»Γ
Ä»ΓÄ»ΓÄ»ΓÄ»ΓÄ»ΓÄ»ΓÄ»ΓÄ»ΓÄ»[7/95]ΓÄ»[22m[39m

[31m[1m[7m FAIL [27m[22m[39m 
src/hooks/__tests__/useQuotations.test.ts[2m > 
[22museQuotations[2m > [22mUpdating 
Quotations[2m > [22mshould update quotation 
successfully
[31m[1mReferenceError[22m: updatedQuotation is 
not defined[39m
[36m [2mΓ¥»[22m src/hooks/__tests__/useQuotations
.test.ts:[2m401:15[22m[39m
    [90m399| [39m
    [90m400| [39m      [35mconst[39m mockSingle 
[33m=[39m vi[33m.[39m[34mfn[39m()[33m.[39m[
34mmockResolvedValue[39m({
    [90m401| [39m        data[33m:[39m 
updatedQuotation[33m,[39m
    [90m   | [39m              [31m^[39m
    [90m402| [39m        error[33m:[39m 
[35mnull[39m[33m,[39m
    [90m403| [39m      })[33m;[39m

[31m[2mΓÄ»ΓÄ»ΓÄ»ΓÄ»ΓÄ»ΓÄ»ΓÄ»ΓÄ»ΓÄ»ΓÄ»ΓÄ»ΓÄ»ΓÄ»ΓÄ»Γ
Ä»ΓÄ»ΓÄ»ΓÄ»ΓÄ»ΓÄ»ΓÄ»ΓÄ»ΓÄ»[8/95]ΓÄ»[22m[39m

[31m[1m[7m FAIL [27m[22m[39m src/components/gr
id/__tests__/CustomHeader.filter.test.tsx[2m > 
[22mCustomHeader Filter Functionality[2m > 
[22mTextFilter (Community Edition)[2m > 
[22mshould format single value filter correctly 
for TextFilter
[31m[1mError[22m: [vitest] No "X" export is 
defined on the "lucide-react" mock. Did you forget 
to return it from "vi.mock"?
If you need to partially mock a module, you can use 
"importOriginal" helper inside:
[39m
vi[33m.[39m[34mmock[39m([32m"lucide-react"[39m
[33m,[39m [35masync[39m (importOriginal) 
[33m=>[39m {
  [35mconst[39m actual [33m=[39m 
[35mawait[39m [34mimportOriginal[39m()
  [35mreturn[39m {
    [33m...[39mactual[33m,[39m
    [90m// your mocked methods[39m
  }
})

[36m [2mΓ¥»[22m SmartFilter src/components/grid/S
martFilter.tsx:[2m100:12[22m[39m
    [90m 98| [39m          
[33mclassName[39m[33m=[39m[32m"h-6 w-6 
p-0"[39m
    [90m 99| [39m        [33m>[39m
    [90m100| [39m          [33m<[39m[33mX[39m 
[33mclassName[39m[33m=[39m[32m"h-4 w-4"[39m 
[33m/[39m[33m>[39m
    [90m   | [39m           [31m^[39m
    [90m101| [39m        
[33m<[39m[33m/[39m[33mButton[39m[33m>[39m
    [90m102| [39m      
[33m<[39m[33m/[39m[33mdiv[39m[33m>[39m
[90m [2mΓ¥»[22m renderWithHooks node_modules/reac
t-dom/cjs/react-dom.development.js:[2m15486:18[22m
[39m
[90m [2mΓ¥»[22m mountIndeterminateComponent node_
modules/react-dom/cjs/react-dom.development.js:[2m2
0103:13[22m[39m
[90m [2mΓ¥»[22m beginWork node_modules/react-dom/
cjs/react-dom.development.js:[2m21626:16[22m[39m
[90m [2mΓ¥»[22m HTMLUnknownElement.callCallback n
ode_modules/react-dom/cjs/react-dom.development.js:
[2m4164:14[22m[39m
[90m [2mΓ¥»[22m HTMLUnknownElement.dispatchEvent 
../../Claude%20Code/CPQ-System/node_modules/happy-do
m/lib/event/EventTarget.js:[2m152:34[22m[39m
[90m [2mΓ¥»[22m HTMLUnknownElement.dispatchEvent 
../../Claude%20Code/CPQ-System/node_modules/happy-do
m/lib/nodes/element/Element.js:[2m807:35[22m[39m
[90m [2mΓ¥»[22m HTMLUnknownElement.dispatchEvent 
../../Claude%20Code/CPQ-System/node_modules/happy-do
m/lib/event/EventTarget.js:[2m92:18[22m[39m

[31m[2mΓÄ»ΓÄ»ΓÄ»ΓÄ»ΓÄ»ΓÄ»ΓÄ»ΓÄ»ΓÄ»ΓÄ»ΓÄ»ΓÄ»ΓÄ»ΓÄ»Γ
Ä»ΓÄ»ΓÄ»ΓÄ»ΓÄ»ΓÄ»ΓÄ»ΓÄ»ΓÄ»[9/95]ΓÄ»[22m[39m

[31m[1m[7m FAIL [27m[22m[39m src/components/gr
id/__tests__/CustomHeader.filter.test.tsx[2m > 
[22mCustomHeader Filter Functionality[2m > 
[22mTextFilter (Community Edition)[2m > 
[22mshould properly await setModel before calling 
onFilterChanged
[31m[1mAssertionError[22m: expected [] to deeply 
equal [ 'setModel', 'onFilterChanged' ]

Ignored nodes: comments, script, style
[36m<html>[31m
  [36m<head />[31m
  [36m<body>[31m
    [36m<div>[31m
      [36m<div[31m
        [33mclass[31m=[32m"flex items-center 
justify-between w-full h-full px-2 group"[31m
      [36m>[31m
        [36m<div[31m
          [33mclass[31m=[32m"flex-1 text-right 
font-medium text-sm cursor-pointer select-none"[31m
        [36m>[31m
          [0mTest Column[0m
        [36m</div>[31m
        [36m<div[31m
          [33mclass[31m=[32m"flex items-center 
gap-1 mr-2 transition-opacity"[31m
        [36m>[31m
          [36m<button[31m
            [33mclass[31m=[32m"relative p-1 
rounded hover:bg-muted transition-colors 
text-muted-foreground"[31m
            [33mtitle[31m=[32m"╫í╫Ö╫á╫ò╫ƒ"[31m
            [33mtype[31m=[32m"button"[31m
          [36m>[31m
            [36m<div>[31m
              [0mFilter[0m
            [36m</div>[31m
          [36m</button>[31m
          [36m<div[31m
            [33mclass[31m=[32m"relative"[31m
          [36m>[31m
            [36m<button[31m
              [33mclass[31m=[32m"p-1 rounded 
hover:bg-muted transition-colors 
text-muted-foreground"[31m
              [33mtitle[31m=[32m"╫¬╫ñ╫¿╫Ö╫ÿ"[31m
              [33mtype[31m=[32m"button"[31m
            [36m>[31m
              [36m<div>[31m
                [0mMore[0m
              [36m</div>[31m
            [36m</button>[31m
          [36m</div>[31m
        [36m</div>[31m
      [36m</div>[31m
    [36m</div>[31m
  [36m</body>[31m
[36m</html>[31m[39m

[32m- Expected[39m
[31m+ Received[39m

[32m- Array [[39m
[32m-   "setModel",[39m
[32m-   "onFilterChanged",[39m
[32m- ][39m
[31m+ Array [][39m

[36m [2mΓ¥»[22m __vi_import_1__.waitFor.timeout s
rc/components/grid/__tests__/CustomHeader.filter.tes
t.tsx:[2m141:27[22m[39m
    [90m139| [39m
    [90m140| [39m      [35mawait[39m 
[34mwaitFor[39m(() [33m=>[39m {
    [90m141| [39m        [34mexpect[39m(callOrde
r)[33m.[39m[34mtoEqual[39m([[32m'setModel'[39m
[33m,[39m [32m'onFilterChanged'[39m])
    [90m   | [39m                          
[31m^[39m
    [90m142| [39m      }[33m,[39m { 
timeout[33m:[39m [34m100[39m })
    [90m143| [39m
[90m [2mΓ¥»[22m 
runWithExpensiveErrorDiagnosticsDisabled node_module
s/@testing-library/react/node_modules/@testing-libra
ry/dom/dist/config.js:[2m47:12[22m[39m
[90m [2mΓ¥»[22m checkCallback node_modules/@testi
ng-library/react/node_modules/@testing-library/dom/d
ist/wait-for.js:[2m124:77[22m[39m
[90m [2mΓ¥»[22m Timeout.checkRealTimersCallback n
ode_modules/@testing-library/react/node_modules/@tes
ting-library/dom/dist/wait-for.js:[2m118:16[22m[3
9m

[31m[2mΓÄ»ΓÄ»ΓÄ»ΓÄ»ΓÄ»ΓÄ»ΓÄ»ΓÄ»ΓÄ»ΓÄ»ΓÄ»ΓÄ»ΓÄ»ΓÄ»Γ
Ä»ΓÄ»ΓÄ»ΓÄ»ΓÄ»ΓÄ»ΓÄ»ΓÄ»[10/95]ΓÄ»[22m[39m

[31m[1m[7m FAIL [27m[22m[39m src/components/gr
id/__tests__/CustomHeader.filter.test.tsx[2m > 
[22mCustomHeader Filter Functionality[2m > 
[22mTextFilter (Community Edition)[2m > 
[22mshould call applyModel if filter instance has 
it
[31m[1mAssertionError[22m: expected "spy" to be 
called at least once

Ignored nodes: comments, script, style
[36m<html>[31m
  [36m<head />[31m
  [36m<body>[31m
    [36m<div>[31m
      [36m<div[31m
        [33mclass[31m=[32m"flex items-center 
justify-between w-full h-full px-2 group"[31m
      [36m>[31m
        [36m<div[31m
          [33mclass[31m=[32m"flex-1 text-right 
font-medium text-sm cursor-pointer select-none"[31m
        [36m>[31m
          [0mTest Column[0m
        [36m</div>[31m
        [36m<div[31m
          [33mclass[31m=[32m"flex items-center 
gap-1 mr-2 transition-opacity"[31m
        [36m>[31m
          [36m<button[31m
            [33mclass[31m=[32m"relative p-1 
rounded hover:bg-muted transition-colors 
text-muted-foreground"[31m
            [33mtitle[31m=[32m"╫í╫Ö╫á╫ò╫ƒ"[31m
            [33mtype[31m=[32m"button"[31m
          [36m>[31m
            [36m<div>[31m
              [0mFilter[0m
            [36m</div>[31m
          [36m</button>[31m
          [36m<div[31m
            [33mclass[31m=[32m"relative"[31m
          [36m>[31m
            [36m<button[31m
              [33mclass[31m=[32m"p-1 rounded 
hover:bg-muted transition-colors 
text-muted-foreground"[31m
              [33mtitle[31m=[32m"╫¬╫ñ╫¿╫Ö╫ÿ"[31m
              [33mtype[31m=[32m"button"[31m
            [36m>[31m
              [36m<div>[31m
                [0mMore[0m
              [36m</div>[31m
            [36m</button>[31m
          [36m</div>[31m
        [36m</div>[31m
      [36m</div>[31m
    [36m</div>[31m
  [36m</body>[31m
[36m</html>[31m[39m
[36m [2mΓ¥»[22m src/components/grid/__tests__/Cus
tomHeader.filter.test.tsx:[2m159:47[22m[39m
    [90m157| [39m
    [90m158| [39m      [35mawait[39m 
[34mwaitFor[39m(() [33m=>[39m {
    [90m159| [39m        [34mexpect[39m(mockFilt
erInstance[33m.[39mapplyModel)[33m.[39m[34mtoHa
veBeenCalled[39m()
    [90m   | [39m                                 
             [31m^[39m
    [90m160| [39m      })
    [90m161| [39m
[90m [2mΓ¥»[22m 
runWithExpensiveErrorDiagnosticsDisabled node_module
s/@testing-library/react/node_modules/@testing-libra
ry/dom/dist/config.js:[2m47:12[22m[39m
[90m [2mΓ¥»[22m checkCallback node_modules/@testi
ng-library/react/node_modules/@testing-library/dom/d
ist/wait-for.js:[2m124:77[22m[39m
[90m [2mΓ¥»[22m Timeout.checkRealTimersCallback n
ode_modules/@testing-library/react/node_modules/@tes
ting-library/dom/dist/wait-for.js:[2m118:16[22m[3
9m

[31m[2mΓÄ»ΓÄ»ΓÄ»ΓÄ»ΓÄ»ΓÄ»ΓÄ»ΓÄ»ΓÄ»ΓÄ»ΓÄ»ΓÄ»ΓÄ»ΓÄ»Γ
Ä»ΓÄ»ΓÄ»ΓÄ»ΓÄ»ΓÄ»ΓÄ»ΓÄ»[11/95]ΓÄ»[22m[39m

[31m[1m[7m FAIL [27m[22m[39m src/components/gr
id/__tests__/CustomHeader.filter.test.tsx[2m > 
[22mCustomHeader Filter Functionality[2m > 
[22mFilter State Persistence[2m > [22mshould 
save filter state to grid model
[31m[1mAssertionError[22m: expected "spy" to be 
called at least once

Ignored nodes: comments, script, style
[36m<html>[31m
  [36m<head />[31m
  [36m<body>[31m
    [36m<div>[31m
      [36m<div[31m
        [33mclass[31m=[32m"flex items-center 
justify-between w-full h-full px-2 group"[31m
      [36m>[31m
        [36m<div[31m
          [33mclass[31m=[32m"flex-1 text-right 
font-medium text-sm cursor-pointer select-none"[31m
        [36m>[31m
          [0mTest Column[0m
        [36m</div>[31m
        [36m<div[31m
          [33mclass[31m=[32m"flex items-center 
gap-1 mr-2 transition-opacity"[31m
        [36m>[31m
          [36m<button[31m
            [33mclass[31m=[32m"relative p-1 
rounded hover:bg-muted transition-colors 
text-muted-foreground"[31m
            [33mtitle[31m=[32m"╫í╫Ö╫á╫ò╫ƒ"[31m
            [33mtype[31m=[32m"button"[31m
          [36m>[31m
            [36m<div>[31m
              [0mFilter[0m
            [36m</div>[31m
          [36m</button>[31m
          [36m<div[31m
            [33mclass[31m=[32m"relative"[31m
          [36m>[31m
            [36m<button[31m
              [33mclass[31m=[32m"p-1 rounded 
hover:bg-muted transition-colors 
text-muted-foreground"[31m
              [33mtitle[31m=[32m"╫¬╫ñ╫¿╫Ö╫ÿ"[31m
              [33mtype[31m=[32m"button"[31m
            [36m>[31m
              [36m<div>[31m
                [0mMore[0m
              [36m</div>[31m
            [36m</button>[31m
          [36m</div>[31m
        [36m</div>[31m
      [36m</div>[31m
    [36m</div>[31m
  [36m</body>[31m
[36m</html>[31m[39m
[36m [2mΓ¥»[22m src/components/grid/__tests__/Cus
tomHeader.filter.test.tsx:[2m255:40[22m[39m
    [90m253| [39m
    [90m254| [39m      [35mawait[39m 
[34mwaitFor[39m(() [33m=>[39m {
    [90m255| [39m        [34mexpect[39m(mockApi
[33m.[39mgetFilterModel)[33m.[39m[34mtoHaveBeenC
alled[39m()
    [90m   | [39m                                 
      [31m^[39m
    [90m256| [39m      })
    [90m257| [39m
[90m [2mΓ¥»[22m 
runWithExpensiveErrorDiagnosticsDisabled node_module
s/@testing-library/react/node_modules/@testing-libra
ry/dom/dist/config.js:[2m47:12[22m[39m
[90m [2mΓ¥»[22m checkCallback node_modules/@testi
ng-library/react/node_modules/@testing-library/dom/d
ist/wait-for.js:[2m124:77[22m[39m
[90m [2mΓ¥»[22m Timeout.checkRealTimersCallback n
ode_modules/@testing-library/react/node_modules/@tes
ting-library/dom/dist/wait-for.js:[2m118:16[22m[3
9m

[31m[2mΓÄ»ΓÄ»ΓÄ»ΓÄ»ΓÄ»ΓÄ»ΓÄ»ΓÄ»ΓÄ»ΓÄ»ΓÄ»ΓÄ»ΓÄ»ΓÄ»Γ
Ä»ΓÄ»ΓÄ»ΓÄ»ΓÄ»ΓÄ»ΓÄ»ΓÄ»[12/95]ΓÄ»[22m[39m

[31m[1m[7m FAIL [27m[22m[39m src/components/gr
id/__tests__/CustomHeader.filter.test.tsx[2m > 
[22mCustomHeader Filter Functionality[2m > 
[22mError Handling[2m > [22mshould handle 
setModel rejection gracefully
[31m[1mAssertionError[22m: expected "error" to 
be called with arguments: [ StringContaining{ΓÇª}, 
Any<Error> ][90m

Received: 

[31m[90m

Number of calls: [1m0[22m
[31m

Ignored nodes: comments, script, style
[36m<html>[31m
  [36m<head />[31m
  [36m<body>[31m
    [36m<div>[31m
      [36m<div[31m
        [33mclass[31m=[32m"flex items-center 
justify-between w-full h-full px-2 group"[31m
      [36m>[31m
        [36m<div[31m
          [33mclass[31m=[32m"flex-1 text-right 
font-medium text-sm cursor-pointer select-none"[31m
        [36m>[31m
          [0mTest Column[0m
        [36m</div>[31m
        [36m<div[31m
          [33mclass[31m=[32m"flex items-center 
gap-1 mr-2 transition-opacity"[31m
        [36m>[31m
          [36m<button[31m
            [33mclass[31m=[32m"relative p-1 
rounded hover:bg-muted transition-colors 
text-muted-foreground"[31m
            [33mtitle[31m=[32m"╫í╫Ö╫á╫ò╫ƒ"[31m
            [33mtype[31m=[32m"button"[31m
          [36m>[31m
            [36m<div>[31m
              [0mFilter[0m
            [36m</div>[31m
          [36m</button>[31m
          [36m<div[31m
            [33mclass[31m=[32m"relative"[31m
          [36m>[31m
            [36m<button[31m
              [33mclass[31m=[32m"p-1 rounded 
hover:bg-muted transition-colors 
text-muted-foreground"[31m
              [33mtitle[31m=[32m"╫¬╫ñ╫¿╫Ö╫ÿ"[31m
              [33mtype[31m=[32m"button"[31m
            [36m>[31m
              [36m<div>[31m
                [0mMore[0m
              [36m</div>[31m
            [36m</button>[31m
          [36m</div>[31m
        [36m</div>[31m
      [36m</div>[31m
    [36m</div>[31m
  [36m</body>[31m
[36m</html>[31m[39m
[36m [2mΓ¥»[22m src/components/grid/__tests__/Cus
tomHeader.filter.test.tsx:[2m278:33[22m[39m
    [90m276| [39m
    [90m277| [39m      [35mawait[39m 
[34mwaitFor[39m(() [33m=>[39m {
    [90m278| [39m        [34mexpect[39m(consoleE
rrorSpy)[33m.[39m[34mtoHaveBeenCalledWith[39m(
    [90m   | [39m                                
[31m^[39m
    [90m279| [39m          expect[33m.[39m[34ms
tringContaining[39m([32m'[CustomHeader] Error 
setting filter[39mΓÇª
    [90m280| [39m          
expect[33m.[39m[34many[39m([33mError[39m)
[90m [2mΓ¥»[22m 
runWithExpensiveErrorDiagnosticsDisabled node_module
s/@testing-library/react/node_modules/@testing-libra
ry/dom/dist/config.js:[2m47:12[22m[39m
[90m [2mΓ¥»[22m checkCallback node_modules/@testi
ng-library/react/node_modules/@testing-library/dom/d
ist/wait-for.js:[2m124:77[22m[39m
[90m [2mΓ¥»[22m Timeout.checkRealTimersCallback n
ode_modules/@testing-library/react/node_modules/@tes
ting-library/dom/dist/wait-for.js:[2m118:16[22m[3
9m

[31m[2mΓÄ»ΓÄ»ΓÄ»ΓÄ»ΓÄ»ΓÄ»ΓÄ»ΓÄ»ΓÄ»ΓÄ»ΓÄ»ΓÄ»ΓÄ»ΓÄ»Γ
Ä»ΓÄ»ΓÄ»ΓÄ»ΓÄ»ΓÄ»ΓÄ»ΓÄ»[13/95]ΓÄ»[22m[39m

[31m[1m[7m FAIL [27m[22m[39m src/components/gr
id/__tests__/CustomHeader.filter.test.tsx[2m > 
[22mCustomHeader Filter Functionality[2m > 
[22mFilter Model Format Validation[2m > 
[22mCRITICAL: must not use SetFilter format with 
TextFilter
[31m[1mAssertionError[22m: expected "spy" to be 
called at least once

Ignored nodes: comments, script, style
[36m<html>[31m
  [36m<head />[31m
  [36m<body>[31m
    [36m<div>[31m
      [36m<div[31m
        [33mclass[31m=[32m"flex items-center 
justify-between w-full h-full px-2 group"[31m
      [36m>[31m
        [36m<div[31m
          [33mclass[31m=[32m"flex-1 text-right 
font-medium text-sm cursor-pointer select-none"[31m
        [36m>[31m
          [0mTest Column[0m
        [36m</div>[31m
        [36m<div[31m
          [33mclass[31m=[32m"flex items-center 
gap-1 mr-2 transition-opacity"[31m
        [36m>[31m
          [36m<button[31m
            [33mclass[31m=[32m"relative p-1 
rounded hover:bg-muted transition-colors 
text-muted-foreground"[31m
            [33mtitle[31m=[32m"╫í╫Ö╫á╫ò╫ƒ"[31m
            [33mtype[31m=[32m"button"[31m
          [36m>[31m
            [36m<div>[31m
              [0mFilter[0m
            [36m</div>[31m
          [36m</button>[31m
          [36m<div[31m
            [33mclass[31m=[32m"relative"[31m
          [36m>[31m
            [36m<button[31m
              [33mclass[31m=[32m"p-1 rounded 
hover:bg-muted transition-colors 
text-muted-foreground"[31m
              [33mtitle[31m=[32m"╫¬╫ñ╫¿╫Ö╫ÿ"[31m
              [33mtype[31m=[32m"button"[31m
            [36m>[31m
              [36m<div>[31m
                [0mMore[0m
              [36m</div>[31m
            [36m</button>[31m
          [36m</div>[31m
        [36m</div>[31m
      [36m</div>[31m
    [36m</div>[31m
  [36m</body>[31m
[36m</html>[31m[39m
[36m [2mΓ¥»[22m src/components/grid/__tests__/Cus
tomHeader.filter.test.tsx:[2m321:45[22m[39m
    [90m319| [39m
    [90m320| [39m      [35mawait[39m 
[34mwaitFor[39m(() [33m=>[39m {
    [90m321| [39m        [34mexpect[39m(mockFilt
erInstance[33m.[39msetModel)[33m.[39m[34mtoHave
BeenCalled[39m()
    [90m   | [39m                                 
           [31m^[39m
    [90m322| [39m      })
    [90m323| [39m
[90m [2mΓ¥»[22m 
runWithExpensiveErrorDiagnosticsDisabled node_module
s/@testing-library/react/node_modules/@testing-libra
ry/dom/dist/config.js:[2m47:12[22m[39m
[90m [2mΓ¥»[22m checkCallback node_modules/@testi
ng-library/react/node_modules/@testing-library/dom/d
ist/wait-for.js:[2m124:77[22m[39m
[90m [2mΓ¥»[22m Timeout.checkRealTimersCallback n
ode_modules/@testing-library/react/node_modules/@tes
ting-library/dom/dist/wait-for.js:[2m118:16[22m[3
9m

[31m[2mΓÄ»ΓÄ»ΓÄ»ΓÄ»ΓÄ»ΓÄ»ΓÄ»ΓÄ»ΓÄ»ΓÄ»ΓÄ»ΓÄ»ΓÄ»ΓÄ»Γ
Ä»ΓÄ»ΓÄ»ΓÄ»ΓÄ»ΓÄ»ΓÄ»ΓÄ»[14/95]ΓÄ»[22m[39m

[31m[1m[7m FAIL [27m[22m[39m src/components/gr
id/__tests__/CustomHeader.filter.test.tsx[2m > 
[22mCustomHeader Filter Functionality[2m > 
[22mFilter Model Format Validation[2m > 
[22mCRITICAL: must convert all values to strings
[31m[1mAssertionError[22m: expected "spy" to be 
called at least once

Ignored nodes: comments, script, style
[36m<html>[31m
  [36m<head />[31m
  [36m<body>[31m
    [36m<div>[31m
      [36m<div[31m
        [33mclass[31m=[32m"flex items-center 
justify-between w-full h-full px-2 group"[31m
      [36m>[31m
        [36m<div[31m
          [33mclass[31m=[32m"flex-1 text-right 
font-medium text-sm cursor-pointer select-none"[31m
        [36m>[31m
          [0mTest Column[0m
        [36m</div>[31m
        [36m<div[31m
          [33mclass[31m=[32m"flex items-center 
gap-1 mr-2 transition-opacity"[31m
        [36m>[31m
          [36m<button[31m
            [33mclass[31m=[32m"relative p-1 
rounded hover:bg-muted transition-colors 
text-muted-foreground"[31m
            [33mtitle[31m=[32m"╫í╫Ö╫á╫ò╫ƒ"[31m
            [33mtype[31m=[32m"button"[31m
          [36m>[31m
            [36m<div>[31m
              [0mFilter[0m
            [36m</div>[31m
          [36m</button>[31m
          [36m<div[31m
            [33mclass[31m=[32m"relative"[31m
          [36m>[31m
            [36m<button[31m
              [33mclass[31m=[32m"p-1 rounded 
hover:bg-muted transition-colors 
text-muted-foreground"[31m
              [33mtitle[31m=[32m"╫¬╫ñ╫¿╫Ö╫ÿ"[31m
              [33mtype[31m=[32m"button"[31m
            [36m>[31m
              [36m<div>[31m
                [0mMore[0m
              [36m</div>[31m
            [36m</button>[31m
          [36m</div>[31m
        [36m</div>[31m
      [36m</div>[31m
    [36m</div>[31m
  [36m</body>[31m
[36m</html>[31m[39m
[36m [2mΓ¥»[22m src/components/grid/__tests__/Cus
tomHeader.filter.test.tsx:[2m346:45[22m[39m
    [90m344| [39m
    [90m345| [39m      [35mawait[39m 
[34mwaitFor[39m(() [33m=>[39m {
    [90m346| [39m        [34mexpect[39m(mockFilt
erInstance[33m.[39msetModel)[33m.[39m[34mtoHave
BeenCalled[39m()
    [90m   | [39m                                 
           [31m^[39m
    [90m347| [39m      })
    [90m348| [39m
[90m [2mΓ¥»[22m 
runWithExpensiveErrorDiagnosticsDisabled node_module
s/@testing-library/react/node_modules/@testing-libra
ry/dom/dist/config.js:[2m47:12[22m[39m
[90m [2mΓ¥»[22m checkCallback node_modules/@testi
ng-library/react/node_modules/@testing-library/dom/d
ist/wait-for.js:[2m124:77[22m[39m
[90m [2mΓ¥»[22m Timeout.checkRealTimersCallback n
ode_modules/@testing-library/react/node_modules/@tes
ting-library/dom/dist/wait-for.js:[2m118:16[22m[3
9m

[31m[2mΓÄ»ΓÄ»ΓÄ»ΓÄ»ΓÄ»ΓÄ»ΓÄ»ΓÄ»ΓÄ»ΓÄ»ΓÄ»ΓÄ»ΓÄ»ΓÄ»Γ
Ä»ΓÄ»ΓÄ»ΓÄ»ΓÄ»ΓÄ»ΓÄ»ΓÄ»[15/95]ΓÄ»[22m[39m

[31m[1m[7m FAIL [27m[22m[39m src/components/gr
id/__tests__/CustomHeader.integration.test.tsx[2m 
> [22mCustomHeader Integration Tests[2m > 
[22mComplete Filter Flow[2m > [22mshould 
complete full filter flow: click -> select -> apply 
-> verify
[31m[1mAssertionError[22m[39m: expected "spy" 
to be called at least once

Ignored nodes: comments, script, style
[36m<html>[39m
  [36m<head />[39m
  [36m<body>[39m
    [36m<div>[39m
      [36m<div[39m
        [33mclass[39m=[32m"flex items-center 
justify-between w-full h-full px-2 group"[39m
      [36m>[39m
        [36m<div[39m
          [33mclass[39m=[32m"flex-1 text-right 
font-medium text-sm cursor-pointer select-none"[39m
        [36m>[39m
          [0mTest Column[0m
        [36m</div>[39m
        [36m<div[39m
          [33mclass[39m=[32m"flex items-center 
gap-1 mr-2 transition-opacity"[39m
        [36m>[39m
          [36m<button[39m
            [33mclass[39m=[32m"relative p-1 
rounded hover:bg-muted transition-colors 
text-muted-foreground"[39m
            [33mtitle[39m=[32m"╫í╫Ö╫á╫ò╫ƒ"[39m
            [33mtype[39m=[32m"button"[39m
          [36m>[39m
            [36m<div>[39m
              [0mFilter[0m
            [36m</div>[39m
          [36m</button>[39m
          [36m<div[39m
            [33mclass[39m=[32m"relative"[39m
          [36m>[39m
            [36m<button[39m
              [33mclass[39m=[32m"p-1 rounded 
hover:bg-muted transition-colors 
text-muted-foreground"[39m
              [33mtitle[39m=[32m"╫¬╫ñ╫¿╫Ö╫ÿ"[39m
              [33mtype[39m=[32m"button"[39m
            [36m>[39m
              [36m<div>[39m
                [0mMore[0m
              [36m</div>[39m
            [36m</button>[39m
          [36m</div>[39m
        [36m</div>[39m
        [36m<div[39m
          [33mclass[39m=[32m"fixed bg-background 
border border-border rounded-md shadow-lg 
z-[999999] min-w-80 flex flex-col"[39m
          [33mstyle[39m=[32m"top: 0px; left: 
0px; max-height: 500px;"[39m
        [36m>[39m
          [36m<div[39m
            [33mclass[39m=[32m"flex items-center 
justify-between p-4 pb-3 flex-shrink-0"[39m
          [36m>[39m
            [36m<h4[39m
              
[33mclass[39m=[32m"font-medium"[39m
            [36m>[39m
              [0mTest Column[0m
            [36m</h4>[39m
            [36m<button[39m
              [33mclass[39m=[32m"inline-flex 
items-center justify-center whitespace-nowrap 
text-sm font-medium ring-offset-background 
transition-colors focus-visible:outline-none 
focus-visible:ring-2 focus-visible:ring-ring 
focus-visible:ring-offset-2 
disabled:pointer-events-none disabled:opacity-50 
hover:bg-accent hover:text-accent-foreground 
rounded-md h-6 w-6 p-0"[39m
            [36m>[39m
              [36m<div>[39m
                [0mX[0m
              [36m</div>[39m
            [36m</button>[39m
          [36m</div>[39m
          [36m<div[39m
            [33mclass[39m=[32m"relative px-4 
pb-3 flex-shrink-0"[39m
          [36m>[39m
            [36m<div>[39m
              [0mSearch[0m
            [36m</div>[39m
            [36m<div[39m
              [33mclass[39m=[32m"relative"[39m
            [36m>[39m
              [36m<input[39m
                [33mclass[39m=[32m"flex h-10 
w-full rounded-md border border-input bg-background 
px-3 py-2 text-sm ring-offset-background 
file:border-0 file:bg-transparent file:text-sm 
file:font-medium placeholder:text-muted-foreground 
focus-visible:outline-none focus-visible:ring-2 
focus-visible:ring-ring focus-visible:ring-offset-2 
disabled:cursor-not-allowed disabled:opacity-50 
pr-10"[39m
                
[33mplaceholder[39m=[32m"╫ù╫Ö╫ñ╫ò╫⌐..."[39m
                [33mvalue[39m=[32m""[39m
              [36m/>[39m
            [36m</div>[39m
          [36m</div>[39m
          [36m<div[39m
            [33mclass[39m=[32m"flex items-center 
space-x-2 space-x-reverse px-4 pb-2 border-b 
flex-shrink-0"[39m
          [36m>[39m
            [36m<input[39m
              [33mclass[39m=[32m"rounded"[39m
              [33mtype[39m=[32m"checkbox"[39m
            [36m/>[39m
            [36m<span[39m
              [33mclass[39m=[32m"text-sm 
font-medium"[39m
            [36m>[39m
              [0m╫æ╫ù╫¿ ╫ö╫¢╫£[0m
            [36m</span>[39m
            [36m<div[39m
              [33mclass[39m=[32m"inline-flex 
items-center rounded-full border px-2.5 py-0.5 
font-semibold transition-colors focus:outline-none 
focus:ring-2 focus:ring-ring focus:ring-offset-2 
border-transparent bg-secondary 
text-secondary-foreground hover:bg-secondary/80 
text-xs mr-auto"[39m
            [36m>[39m
              [0m3[0m
              [0m ╫ó╫¿╫¢╫Ö╫¥[0m
            [36m</div>[39m
          [36m</div>[39m
          [36m<div[39m
            [33mclass[39m=[32m"overflow-y-auto 
flex-1 px-4 py-3"[39m
            [33mstyle[39m=[32m"min-height: 
100px; max-height: 250px;"[39m
          [36m>[39m
            [36m<div[39m
              [33mclass[39m=[32m"space-y-1"[39m
            [36m>[39m
              [36m<label[39m
                [33mclass[39m=[32m"flex 
items-center space-x-2 space-x-reverse 
cursor-pointer hover:bg-muted p-2 rounded"[39m
              [36m>[39m
                [36m<input[39m
                  
[33mclass[39m=[32m"rounded"[39m
                  
[33mtype[39m=[32m"checkbox"[39m
                [36m/>[39m
                [36m<span[39m
                  
[33mclass[39m=[32m"text-sm"[39m
                [36m>[39m
                  [0mValue1[0m
                [36m</span>[39m
              [36m</label>[39m
              [36m<label[39m
                [33mclass[39m=[32m"flex 
items-center space-x-2 space-x-reverse 
cursor-pointer hover:bg-muted p-2 rounded"[39m
              [36m>[39m
                [36m<input[39m
                  
[33mclass[39m=[32m"rounded"[39m
                  
[33mtype[39m=[32m"checkbox"[39m
                [36m/>[39m
                [36m<span[39m
                  
[33mclass[39m=[32m"text-sm"[39m
                [36m>[39m
                  [0mValue2[0m
                [36m</span>[39m
              [36m</label>[39m
              [36m<label[39m
                [33mclass[39m=[32m"flex 
items-center space-x-2 space-x-reverse 
cursor-pointer hover:bg-muted p-2 rounded"[39m
              [36m>[39m
                [36m<input[39m
                  
[33mclass[39m=[32m"rounded"[39m
                  
[33mtype[39m=[32m"checkbox"[39m
                [36m/>[39m
                [36m<span[39m
                  
[33mclass[39m=[32m"text-sm"[39m
                [36m>[39m
                  [0mValue3[0m
                [36m</span>[39m
              [36m</label>[39m
            [36m</div>[39m
          [36m</div>[39m
          [36m<div[39m
            [33mclass[39m=[32m"flex gap-2 p-4 
pt-3 border-t flex-shrink-0 bg-background"[39m
          [36m>[39m
            [36m<button[39m
              [33mclass[39m=[32m"inline-flex 
items-center justify-center whitespace-nowrap 
text-sm font-medium ring-offset-background 
transition-colors focus-visible:outline-none 
focus-visible:ring-2 focus-visible:ring-ring 
focus-visible:ring-offset-2 
disabled:pointer-events-none disabled:opacity-50 
bg-primary text-primary-foreground 
hover:bg-primary/90 h-9 rounded-md px-3 flex-1"[39m
              [33mdisabled[39m=[32m""[39m
            [36m>[39m
              [36m<div>[39m
                [0mCheck[0m
              [36m</div>[39m
              [0m╫ö╫ù╫£ ╫í╫Ö╫á╫ò╫ƒ[0m
            [36m</button>[39m
            [36m<button[39m
              [33mclass[39m=[32m"inline-flex 
items-center justify-center whitespace-nowrap 
text-sm font-medium ring-offset-background 
transition-colors focus-visible:outline-none 
focus-visible:ring-2 focus-visible:ring-ring 
focus-visible:ring-offset-2 
disabled:pointer-events-none disabled:opacity-50 
border border-input bg-background hover:bg-accent 
hover:text-accent-foreground h-9 rounded-md px-3 
flex-1"[39m
            [36m>[39m
              [0m╫á╫º╫ö[0m
            [36m</button>[39m
          [36m</div>[39m
        [36m</div>[39m
      [36m</div>[39m
    [36m</div>[39m
  [36m</body>[39m
[36m</html>[39m
[36m [2mΓ¥»[22m src/components/grid/__tests__/Cus
tomHeader.integration.test.tsx:[2m102:45[22m[39m
    [90m100| [39m      [90m// Step 3: Verify 
filter model is set[39m
    [90m101| [39m      [35mawait[39m 
[34mwaitFor[39m(() [33m=>[39m {
    [90m102| [39m        [34mexpect[39m(mockFilt
erInstance[33m.[39msetModel)[33m.[39m[34mtoHave
BeenCalled[39m()
    [90m   | [39m                                 
           [31m^[39m
    [90m103| [39m      })
    [90m104| [39m
[90m [2mΓ¥»[22m 
runWithExpensiveErrorDiagnosticsDisabled node_module
s/@testing-library/react/node_modules/@testing-libra
ry/dom/dist/config.js:[2m47:12[22m[39m
[90m [2mΓ¥»[22m checkCallback node_modules/@testi
ng-library/react/node_modules/@testing-library/dom/d
ist/wait-for.js:[2m124:77[22m[39m
[90m [2mΓ¥»[22m Timeout.checkRealTimersCallback n
ode_modules/@testing-library/react/node_modules/@tes
ting-library/dom/dist/wait-for.js:[2m118:16[22m[3
9m

[31m[2mΓÄ»ΓÄ»ΓÄ»ΓÄ»ΓÄ»ΓÄ»ΓÄ»ΓÄ»ΓÄ»ΓÄ»ΓÄ»ΓÄ»ΓÄ»ΓÄ»Γ
Ä»ΓÄ»ΓÄ»ΓÄ»ΓÄ»ΓÄ»ΓÄ»ΓÄ»[16/95]ΓÄ»[22m[39m

[31m[1m[7m FAIL [27m[22m[39m src/components/gr
id/__tests__/CustomHeader.integration.test.tsx[2m 
> [22mCustomHeader Integration Tests[2m > 
[22mComplete Filter Flow[2m > [22mshould handle 
single value filter correctly
[31m[1mAssertionError[22m[39m: expected "spy" 
to be called at least once

Ignored nodes: comments, script, style
[36m<html>[39m
  [36m<head />[39m
  [36m<body>[39m
    [36m<div>[39m
      [36m<div[39m
        [33mclass[39m=[32m"flex items-center 
justify-between w-full h-full px-2 group"[39m
      [36m>[39m
        [36m<div[39m
          [33mclass[39m=[32m"flex-1 text-right 
font-medium text-sm cursor-pointer select-none"[39m
        [36m>[39m
          [0mTest Column[0m
        [36m</div>[39m
        [36m<div[39m
          [33mclass[39m=[32m"flex items-center 
gap-1 mr-2 transition-opacity"[39m
        [36m>[39m
          [36m<button[39m
            [33mclass[39m=[32m"relative p-1 
rounded hover:bg-muted transition-colors 
text-muted-foreground"[39m
            [33mtitle[39m=[32m"╫í╫Ö╫á╫ò╫ƒ"[39m
            [33mtype[39m=[32m"button"[39m
          [36m>[39m
            [36m<div>[39m
              [0mFilter[0m
            [36m</div>[39m
          [36m</button>[39m
          [36m<div[39m
            [33mclass[39m=[32m"relative"[39m
          [36m>[39m
            [36m<button[39m
              [33mclass[39m=[32m"p-1 rounded 
hover:bg-muted transition-colors 
text-muted-foreground"[39m
              [33mtitle[39m=[32m"╫¬╫ñ╫¿╫Ö╫ÿ"[39m
              [33mtype[39m=[32m"button"[39m
            [36m>[39m
              [36m<div>[39m
                [0mMore[0m
              [36m</div>[39m
            [36m</button>[39m
          [36m</div>[39m
        [36m</div>[39m
        [36m<div[39m
          [33mclass[39m=[32m"fixed bg-background 
border border-border rounded-md shadow-lg 
z-[999999] min-w-80 flex flex-col"[39m
          [33mstyle[39m=[32m"top: 0px; left: 
0px; max-height: 500px;"[39m
        [36m>[39m
          [36m<div[39m
            [33mclass[39m=[32m"flex items-center 
justify-between p-4 pb-3 flex-shrink-0"[39m
          [36m>[39m
            [36m<h4[39m
              
[33mclass[39m=[32m"font-medium"[39m
            [36m>[39m
              [0mTest Column[0m
            [36m</h4>[39m
            [36m<button[39m
              [33mclass[39m=[32m"inline-flex 
items-center justify-center whitespace-nowrap 
text-sm font-medium ring-offset-background 
transition-colors focus-visible:outline-none 
focus-visible:ring-2 focus-visible:ring-ring 
focus-visible:ring-offset-2 
disabled:pointer-events-none disabled:opacity-50 
hover:bg-accent hover:text-accent-foreground 
rounded-md h-6 w-6 p-0"[39m
            [36m>[39m
              [36m<div>[39m
                [0mX[0m
              [36m</div>[39m
            [36m</button>[39m
          [36m</div>[39m
          [36m<div[39m
            [33mclass[39m=[32m"relative px-4 
pb-3 flex-shrink-0"[39m
          [36m>[39m
            [36m<div>[39m
              [0mSearch[0m
            [36m</div>[39m
            [36m<div[39m
              [33mclass[39m=[32m"relative"[39m
            [36m>[39m
              [36m<input[39m
                [33mclass[39m=[32m"flex h-10 
w-full rounded-md border border-input bg-background 
px-3 py-2 text-sm ring-offset-background 
file:border-0 file:bg-transparent file:text-sm 
file:font-medium placeholder:text-muted-foreground 
focus-visible:outline-none focus-visible:ring-2 
focus-visible:ring-ring focus-visible:ring-offset-2 
disabled:cursor-not-allowed disabled:opacity-50 
pr-10"[39m
                
[33mplaceholder[39m=[32m"╫ù╫Ö╫ñ╫ò╫⌐..."[39m
                [33mvalue[39m=[32m""[39m
              [36m/>[39m
            [36m</div>[39m
          [36m</div>[39m
          [36m<div[39m
            [33mclass[39m=[32m"flex items-center 
space-x-2 space-x-reverse px-4 pb-2 border-b 
flex-shrink-0"[39m
          [36m>[39m
            [36m<input[39m
              [33mclass[39m=[32m"rounded"[39m
              [33mtype[39m=[32m"checkbox"[39m
            [36m/>[39m
            [36m<span[39m
              [33mclass[39m=[32m"text-sm 
font-medium"[39m
            [36m>[39m
              [0m╫æ╫ù╫¿ ╫ö╫¢╫£[0m
            [36m</span>[39m
            [36m<div[39m
              [33mclass[39m=[32m"inline-flex 
items-center rounded-full border px-2.5 py-0.5 
font-semibold transition-colors focus:outline-none 
focus:ring-2 focus:ring-ring focus:ring-offset-2 
border-transparent bg-secondary 
text-secondary-foreground hover:bg-secondary/80 
text-xs mr-auto"[39m
            [36m>[39m
              [0m1[0m
              [0m ╫ó╫¿╫¢╫Ö╫¥[0m
            [36m</div>[39m
          [36m</div>[39m
          [36m<div[39m
            [33mclass[39m=[32m"overflow-y-auto 
flex-1 px-4 py-3"[39m
            [33mstyle[39m=[32m"min-height: 
100px; max-height: 250px;"[39m
          [36m>[39m
            [36m<div[39m
              [33mclass[39m=[32m"space-y-1"[39m
            [36m>[39m
              [36m<label[39m
                [33mclass[39m=[32m"flex 
items-center space-x-2 space-x-reverse 
cursor-pointer hover:bg-muted p-2 rounded"[39m
              [36m>[39m
                [36m<input[39m
                  
[33mclass[39m=[32m"rounded"[39m
                  
[33mtype[39m=[32m"checkbox"[39m
                [36m/>[39m
                [36m<span[39m
                  
[33mclass[39m=[32m"text-sm"[39m
                [36m>[39m
                  [0mSingleValue[0m
                [36m</span>[39m
              [36m</label>[39m
            [36m</div>[39m
          [36m</div>[39m
          [36m<div[39m
            [33mclass[39m=[32m"flex gap-2 p-4 
pt-3 border-t flex-shrink-0 bg-background"[39m
          [36m>[39m
            [36m<button[39m
              [33mclass[39m=[32m"inline-flex 
items-center justify-center whitespace-nowrap 
text-sm font-medium ring-offset-background 
transition-colors focus-visible:outline-none 
focus-visible:ring-2 focus-visible:ring-ring 
focus-visible:ring-offset-2 
disabled:pointer-events-none disabled:opacity-50 
bg-primary text-primary-foreground 
hover:bg-primary/90 h-9 rounded-md px-3 flex-1"[39m
              [33mdisabled[39m=[32m""[39m
            [36m>[39m
              [36m<div>[39m
                [0mCheck[0m
              [36m</div>[39m
              [0m╫ö╫ù╫£ ╫í╫Ö╫á╫ò╫ƒ[0m
            [36m</button>[39m
            [36m<button[39m
              [33mclass[39m=[32m"inline-flex 
items-center justify-center whitespace-nowrap 
text-sm font-medium ring-offset-background 
transition-colors focus-visible:outline-none 
focus-visible:ring-2 focus-visible:ring-ring 
focus-visible:ring-offset-2 
disabled:pointer-events-none disabled:opacity-50 
border border-input bg-background hover:bg-accent 
hover:text-accent-foreground h-9 rounded-md px-3 
flex-1"[39m
            [36m>[39m
              [0m╫á╫º╫ö[0m
            [36m</button>[39m
          [36m</div>[39m
        [36m</div>[39m
      [36m</div>[39m
    [36m</div>[39m
  [36m</body>[39m
[36m</html>[39m
[36m [2mΓ¥»[22m src/components/grid/__tests__/Cus
tomHeader.integration.test.tsx:[2m135:45[22m[39m
    [90m133| [39m
    [90m134| [39m      [35mawait[39m 
[34mwaitFor[39m(() [33m=>[39m {
    [90m135| [39m        [34mexpect[39m(mockFilt
erInstance[33m.[39msetModel)[33m.[39m[34mtoHave
BeenCalled[39m()
    [90m   | [39m                                 
           [31m^[39m
    [90m136| [39m      })
    [90m137| [39m
[90m [2mΓ¥»[22m 
runWithExpensiveErrorDiagnosticsDisabled node_module
s/@testing-library/react/node_modules/@testing-libra
ry/dom/dist/config.js:[2m47:12[22m[39m
[90m [2mΓ¥»[22m checkCallback node_modules/@testi
ng-library/react/node_modules/@testing-library/dom/d
ist/wait-for.js:[2m124:77[22m[39m
[90m [2mΓ¥»[22m Timeout.checkRealTimersCallback n
ode_modules/@testing-library/react/node_modules/@tes
ting-library/dom/dist/wait-for.js:[2m118:16[22m[3
9m

[31m[2mΓÄ»ΓÄ»ΓÄ»ΓÄ»ΓÄ»ΓÄ»ΓÄ»ΓÄ»ΓÄ»ΓÄ»ΓÄ»ΓÄ»ΓÄ»ΓÄ»Γ
Ä»ΓÄ»ΓÄ»ΓÄ»ΓÄ»ΓÄ»ΓÄ»ΓÄ»[17/95]ΓÄ»[22m[39m

[31m[1m[7m FAIL [27m[22m[39m src/components/gr
id/__tests__/CustomHeader.integration.test.tsx[2m 
> [22mCustomHeader Integration Tests[2m > 
[22mComplete Filter Flow[2m > [22mshould handle 
multiple values with OR conditions
[31m[1mAssertionError[22m[39m: expected "spy" 
to be called at least once

Ignored nodes: comments, script, style
[36m<html>[39m
  [36m<head />[39m
  [36m<body>[39m
    [36m<div>[39m
      [36m<div[39m
        [33mclass[39m=[32m"flex items-center 
justify-between w-full h-full px-2 group"[39m
      [36m>[39m
        [36m<div[39m
          [33mclass[39m=[32m"flex-1 text-right 
font-medium text-sm cursor-pointer select-none"[39m
        [36m>[39m
          [0mTest Column[0m
        [36m</div>[39m
        [36m<div[39m
          [33mclass[39m=[32m"flex items-center 
gap-1 mr-2 transition-opacity"[39m
        [36m>[39m
          [36m<button[39m
            [33mclass[39m=[32m"relative p-1 
rounded hover:bg-muted transition-colors 
text-muted-foreground"[39m
            [33mtitle[39m=[32m"╫í╫Ö╫á╫ò╫ƒ"[39m
            [33mtype[39m=[32m"button"[39m
          [36m>[39m
            [36m<div>[39m
              [0mFilter[0m
            [36m</div>[39m
          [36m</button>[39m
          [36m<div[39m
            [33mclass[39m=[32m"relative"[39m
          [36m>[39m
            [36m<button[39m
              [33mclass[39m=[32m"p-1 rounded 
hover:bg-muted transition-colors 
text-muted-foreground"[39m
              [33mtitle[39m=[32m"╫¬╫ñ╫¿╫Ö╫ÿ"[39m
              [33mtype[39m=[32m"button"[39m
            [36m>[39m
              [36m<div>[39m
                [0mMore[0m
              [36m</div>[39m
            [36m</button>[39m
          [36m</div>[39m
        [36m</div>[39m
        [36m<div[39m
          [33mclass[39m=[32m"fixed bg-background 
border border-border rounded-md shadow-lg 
z-[999999] min-w-80 flex flex-col"[39m
          [33mstyle[39m=[32m"top: 0px; left: 
0px; max-height: 500px;"[39m
        [36m>[39m
          [36m<div[39m
            [33mclass[39m=[32m"flex items-center 
justify-between p-4 pb-3 flex-shrink-0"[39m
          [36m>[39m
            [36m<h4[39m
              
[33mclass[39m=[32m"font-medium"[39m
            [36m>[39m
              [0mTest Column[0m
            [36m</h4>[39m
            [36m<button[39m
              [33mclass[39m=[32m"inline-flex 
items-center justify-center whitespace-nowrap 
text-sm font-medium ring-offset-background 
transition-colors focus-visible:outline-none 
focus-visible:ring-2 focus-visible:ring-ring 
focus-visible:ring-offset-2 
disabled:pointer-events-none disabled:opacity-50 
hover:bg-accent hover:text-accent-foreground 
rounded-md h-6 w-6 p-0"[39m
            [36m>[39m
              [36m<div>[39m
                [0mX[0m
              [36m</div>[39m
            [36m</button>[39m
          [36m</div>[39m
          [36m<div[39m
            [33mclass[39m=[32m"relative px-4 
pb-3 flex-shrink-0"[39m
          [36m>[39m
            [36m<div>[39m
              [0mSearch[0m
            [36m</div>[39m
            [36m<div[39m
              [33mclass[39m=[32m"relative"[39m
            [36m>[39m
              [36m<input[39m
                [33mclass[39m=[32m"flex h-10 
w-full rounded-md border border-input bg-background 
px-3 py-2 text-sm ring-offset-background 
file:border-0 file:bg-transparent file:text-sm 
file:font-medium placeholder:text-muted-foreground 
focus-visible:outline-none focus-visible:ring-2 
focus-visible:ring-ring focus-visible:ring-offset-2 
disabled:cursor-not-allowed disabled:opacity-50 
pr-10"[39m
                
[33mplaceholder[39m=[32m"╫ù╫Ö╫ñ╫ò╫⌐..."[39m
                [33mvalue[39m=[32m""[39m
              [36m/>[39m
            [36m</div>[39m
          [36m</div>[39m
          [36m<div[39m
            [33mclass[39m=[32m"flex items-center 
space-x-2 space-x-reverse px-4 pb-2 border-b 
flex-shrink-0"[39m
          [36m>[39m
            [36m<input[39m
              [33mclass[39m=[32m"rounded"[39m
              [33mtype[39m=[32m"checkbox"[39m
            [36m/>[39m
            [36m<span[39m
              [33mclass[39m=[32m"text-sm 
font-medium"[39m
            [36m>[39m
              [0m╫æ╫ù╫¿ ╫ö╫¢╫£[0m
            [36m</span>[39m
            [36m<div[39m
              [33mclass[39m=[32m"inline-flex 
items-center rounded-full border px-2.5 py-0.5 
font-semibold transition-colors focus:outline-none 
focus:ring-2 focus:ring-ring focus:ring-offset-2 
border-transparent bg-secondary 
text-secondary-foreground hover:bg-secondary/80 
text-xs mr-auto"[39m
            [36m>[39m
              [0m3[0m
              [0m ╫ó╫¿╫¢╫Ö╫¥[0m
            [36m</div>[39m
          [36m</div>[39m
          [36m<div[39m
            [33mclass[39m=[32m"overflow-y-auto 
flex-1 px-4 py-3"[39m
            [33mstyle[39m=[32m"min-height: 
100px; max-height: 250px;"[39m
          [36m>[39m
            [36m<div[39m
              [33mclass[39m=[32m"space-y-1"[39m
            [36m>[39m
              [36m<label[39m
                [33mclass[39m=[32m"flex 
items-center space-x-2 space-x-reverse 
cursor-pointer hover:bg-muted p-2 rounded"[39m
              [36m>[39m
                [36m<input[39m
                  
[33mclass[39m=[32m"rounded"[39m
                  
[33mtype[39m=[32m"checkbox"[39m
                [36m/>[39m
                [36m<span[39m
                  
[33mclass[39m=[32m"text-sm"[39m
                [36m>[39m
                  [0mValue1[0m
                [36m</span>[39m
              [36m</label>[39m
              [36m<label[39m
                [33mclass[39m=[32m"flex 
items-center space-x-2 space-x-reverse 
cursor-pointer hover:bg-muted p-2 rounded"[39m
              [36m>[39m
                [36m<input[39m
                  
[33mclass[39m=[32m"rounded"[39m
                  
[33mtype[39m=[32m"checkbox"[39m
                [36m/>[39m
                [36m<span[39m
                  
[33mclass[39m=[32m"text-sm"[39m
                [36m>[39m
                  [0mValue2[0m
                [36m</span>[39m
              [36m</label>[39m
              [36m<label[39m
                [33mclass[39m=[32m"flex 
items-center space-x-2 space-x-reverse 
cursor-pointer hover:bg-muted p-2 rounded"[39m
              [36m>[39m
                [36m<input[39m
                  
[33mclass[39m=[32m"rounded"[39m
                  
[33mtype[39m=[32m"checkbox"[39m
                [36m/>[39m
                [36m<span[39m
                  
[33mclass[39m=[32m"text-sm"[39m
                [36m>[39m
                  [0mValue3[0m
                [36m</span>[39m
              [36m</label>[39m
            [36m</div>[39m
          [36m</div>[39m
          [36m<div[39m
            [33mclass[39m=[32m"flex gap-2 p-4 
pt-3 border-t flex-shrink-0 bg-background"[39m
          [36m>[39m
            [36m<button[39m
              [33mclass[39m=[32m"inline-flex 
items-center justify-center whitespace-nowrap 
text-sm font-medium ring-offset-background 
transition-colors focus-visible:outline-none 
focus-visible:ring-2 focus-visible:ring-ring 
focus-visible:ring-offset-2 
disabled:pointer-events-none disabled:opacity-50 
bg-primary text-primary-foreground 
hover:bg-primary/90 h-9 rounded-md px-3 flex-1"[39m
              [33mdisabled[39m=[32m""[39m
            [36m>[39m
              [36m<div>[39m
                [0mCheck[0m
              [36m</div>[39m
              [0m╫ö╫ù╫£ ╫í╫Ö╫á╫ò╫ƒ[0m
            [36m</button>[39m
            [36m<button[39m
              [33mclass[39m=[32m"inline-flex 
items-center justify-center whitespace-nowrap 
text-sm font-medium ring-offset-background 
transition-colors focus-visible:outline-none 
focus-visible:ring-2 focus-visible:ring-ring 
focus-visible:ring-offset-2 
disabled:pointer-events-none disabled:opacity-50 
border border-input bg-background hover:bg-accent 
hover:text-accent-foreground h-9 rounded-md px-3 
flex-1"[39m
            [36m>[39m
              [0m╫á╫º╫ö[0m
            [36m</button>[39m
          [36m</div>[39m
        [36m</div>[39m
      [36m</div>[39m
    [36m</div>[39m
  [36m</body>[39m
[36m</html>[39m
[36m [2mΓ¥»[22m src/components/grid/__tests__/Cus
tomHeader.integration.test.tsx:[2m162:45[22m[39m
    [90m160| [39m
    [90m161| [39m      [35mawait[39m 
[34mwaitFor[39m(() [33m=>[39m {
    [90m162| [39m        [34mexpect[39m(mockFilt
erInstance[33m.[39msetModel)[33m.[39m[34mtoHave
BeenCalled[39m()
    [90m   | [39m                                 
           [31m^[39m
    [90m163| [39m      })
    [90m164| [39m
[90m [2mΓ¥»[22m 
runWithExpensiveErrorDiagnosticsDisabled node_module
s/@testing-library/react/node_modules/@testing-libra
ry/dom/dist/config.js:[2m47:12[22m[39m
[90m [2mΓ¥»[22m checkCallback node_modules/@testi
ng-library/react/node_modules/@testing-library/dom/d
ist/wait-for.js:[2m124:77[22m[39m
[90m [2mΓ¥»[22m Timeout.checkRealTimersCallback n
ode_modules/@testing-library/react/node_modules/@tes
ting-library/dom/dist/wait-for.js:[2m118:16[22m[3
9m

[31m[2mΓÄ»ΓÄ»ΓÄ»ΓÄ»ΓÄ»ΓÄ»ΓÄ»ΓÄ»ΓÄ»ΓÄ»ΓÄ»ΓÄ»ΓÄ»ΓÄ»Γ
Ä»ΓÄ»ΓÄ»ΓÄ»ΓÄ»ΓÄ»ΓÄ»ΓÄ»[18/95]ΓÄ»[22m[39m

[31m[1m[7m FAIL [27m[22m[39m src/components/gr
id/__tests__/CustomHeader.integration.test.tsx[2m 
> [22mCustomHeader Integration Tests[2m > 
[22mFilter State Persistence[2m > [22mshould 
maintain filter state after setting
[31m[1mAssertionError[22m[39m: expected false 
to be true // Object.is equality

Ignored nodes: comments, script, style
[36m<html>[39m
  [36m<head />[39m
  [36m<body>[39m
    [36m<div>[39m
      [36m<div[39m
        [33mclass[39m=[32m"flex items-center 
justify-between w-full h-full px-2 group"[39m
      [36m>[39m
        [36m<div[39m
          [33mclass[39m=[32m"flex-1 text-right 
font-medium text-sm cursor-pointer select-none"[39m
        [36m>[39m
          [0mTest Column[0m
        [36m</div>[39m
        [36m<div[39m
          [33mclass[39m=[32m"flex items-center 
gap-1 mr-2 transition-opacity"[39m
        [36m>[39m
          [36m<button[39m
            [33mclass[39m=[32m"relative p-1 
rounded hover:bg-muted transition-colors 
text-muted-foreground"[39m
            [33mtitle[39m=[32m"╫í╫Ö╫á╫ò╫ƒ"[39m
            [33mtype[39m=[32m"button"[39m
          [36m>[39m
            [36m<div>[39m
              [0mFilter[0m
            [36m</div>[39m
          [36m</button>[39m
          [36m<div[39m
            [33mclass[39m=[32m"relative"[39m
          [36m>[39m
            [36m<button[39m
              [33mclass[39m=[32m"p-1 rounded 
hover:bg-muted transition-colors 
text-muted-foreground"[39m
              [33mtitle[39m=[32m"╫¬╫ñ╫¿╫Ö╫ÿ"[39m
              [33mtype[39m=[32m"button"[39m
            [36m>[39m
              [36m<div>[39m
                [0mMore[0m
              [36m</div>[39m
            [36m</button>[39m
          [36m</div>[39m
        [36m</div>[39m
        [36m<div[39m
          [33mclass[39m=[32m"fixed bg-background 
border border-border rounded-md shadow-lg 
z-[999999] min-w-80 flex flex-col"[39m
          [33mstyle[39m=[32m"top: 0px; left: 
0px; max-height: 500px;"[39m
        [36m>[39m
          [36m<div[39m
            [33mclass[39m=[32m"flex items-center 
justify-between p-4 pb-3 flex-shrink-0"[39m
          [36m>[39m
            [36m<h4[39m
              
[33mclass[39m=[32m"font-medium"[39m
            [36m>[39m
              [0mTest Column[0m
            [36m</h4>[39m
            [36m<button[39m
              [33mclass[39m=[32m"inline-flex 
items-center justify-center whitespace-nowrap 
text-sm font-medium ring-offset-background 
transition-colors focus-visible:outline-none 
focus-visible:ring-2 focus-visible:ring-ring 
focus-visible:ring-offset-2 
disabled:pointer-events-none disabled:opacity-50 
hover:bg-accent hover:text-accent-foreground 
rounded-md h-6 w-6 p-0"[39m
            [36m>[39m
              [36m<div>[39m
                [0mX[0m
              [36m</div>[39m
            [36m</button>[39m
          [36m</div>[39m
          [36m<div[39m
            [33mclass[39m=[32m"relative px-4 
pb-3 flex-shrink-0"[39m
          [36m>[39m
            [36m<div>[39m
              [0mSearch[0m
            [36m</div>[39m
            [36m<div[39m
              [33mclass[39m=[32m"relative"[39m
            [36m>[39m
              [36m<input[39m
                [33mclass[39m=[32m"flex h-10 
w-full rounded-md border border-input bg-background 
px-3 py-2 text-sm ring-offset-background 
file:border-0 file:bg-transparent file:text-sm 
file:font-medium placeholder:text-muted-foreground 
focus-visible:outline-none focus-visible:ring-2 
focus-visible:ring-ring focus-visible:ring-offset-2 
disabled:cursor-not-allowed disabled:opacity-50 
pr-10"[39m
                
[33mplaceholder[39m=[32m"╫ù╫Ö╫ñ╫ò╫⌐..."[39m
                [33mvalue[39m=[32m""[39m
              [36m/>[39m
            [36m</div>[39m
          [36m</div>[39m
          [36m<div[39m
            [33mclass[39m=[32m"flex items-center 
space-x-2 space-x-reverse px-4 pb-2 border-b 
flex-shrink-0"[39m
          [36m>[39m
            [36m<input[39m
              [33mclass[39m=[32m"rounded"[39m
              [33mtype[39m=[32m"checkbox"[39m
            [36m/>[39m
            [36m<span[39m
              [33mclass[39m=[32m"text-sm 
font-medium"[39m
            [36m>[39m
              [0m╫æ╫ù╫¿ ╫ö╫¢╫£[0m
            [36m</span>[39m
            [36m<div[39m
              [33mclass[39m=[32m"inline-flex 
items-center rounded-full border px-2.5 py-0.5 
font-semibold transition-colors focus:outline-none 
focus:ring-2 focus:ring-ring focus:ring-offset-2 
border-transparent bg-secondary 
text-secondary-foreground hover:bg-secondary/80 
text-xs mr-auto"[39m
            [36m>[39m
              [0m1[0m
              [0m ╫ó╫¿╫¢╫Ö╫¥[0m
            [36m</div>[39m
          [36m</div>[39m
          [36m<div[39m
            [33mclass[39m=[32m"overflow-y-auto 
flex-1 px-4 py-3"[39m
            [33mstyle[39m=[32m"min-height: 
100px; max-height: 250px;"[39m
          [36m>[39m
            [36m<div[39m
              [33mclass[39m=[32m"space-y-1"[39m
            [36m>[39m
              [36m<label[39m
                [33mclass[39m=[32m"flex 
items-center space-x-2 space-x-reverse 
cursor-pointer hover:bg-muted p-2 rounded"[39m
              [36m>[39m
                [36m<input[39m
                  
[33mclass[39m=[32m"rounded"[39m
                  
[33mtype[39m=[32m"checkbox"[39m
                [36m/>[39m
                [36m<span[39m
                  
[33mclass[39m=[32m"text-sm"[39m
                [36m>[39m
                  [0mValue1[0m
                [36m</span>[39m
              [36m</label>[39m
            [36m</div>[39m
          [36m</div>[39m
          [36m<div[39m
            [33mclass[39m=[32m"flex gap-2 p-4 
pt-3 border-t flex-shrink-0 bg-background"[39m
          [36m>[39m
            [36m<button[39m
              [33mclass[39m=[32m"inline-flex 
items-center justify-center whitespace-nowrap 
text-sm font-medium ring-offset-background 
transition-colors focus-visible:outline-none 
focus-visible:ring-2 focus-visible:ring-ring 
focus-visible:ring-offset-2 
disabled:pointer-events-none disabled:opacity-50 
bg-primary text-primary-foreground 
hover:bg-primary/90 h-9 rounded-md px-3 flex-1"[39m
              [33mdisabled[39m=[32m""[39m
            [36m>[39m
              [36m<div>[39m
                [0mCheck[0m
              [36m</div>[39m
              [0m╫ö╫ù╫£ ╫í╫Ö╫á╫ò╫ƒ[0m
            [36m</button>[39m
            [36m<button[39m
              [33mclass[39m=[32m"inline-flex 
items-center justify-center whitespace-nowrap 
text-sm font-medium ring-offset-background 
transition-colors focus-visible:outline-none 
focus-visible:ring-2 focus-visible:ring-ring 
focus-visible:ring-offset-2 
disabled:pointer-events-none disabled:opacity-50 
border border-input bg-background hover:bg-accent 
hover:text-accent-foreground h-9 rounded-md px-3 
flex-1"[39m
            [36m>[39m
              [0m╫á╫º╫ö[0m
            [36m</button>[39m
          [36m</div>[39m
        [36m</div>[39m
      [36m</div>[39m
    [36m</div>[39m
  [36m</body>[39m
[36m</html>[39m

[32m- Expected[39m
[31m+ Received[39m

[32m- true[39m
[31m+ false[39m

[36m [2mΓ¥»[22m src/components/grid/__tests__/Cus
tomHeader.integration.test.tsx:[2m195:53[22m[39m
    [90m193| [39m
    [90m194| [39m      [35mawait[39m 
[34mwaitFor[39m(() [33m=>[39m {
    [90m195| [39m        [34mexpect[39m(mockFilt
erInstance[33m.[39m[34misFilterActive[39m())[33
m.[39m[34mtoBe[39m([35mtrue[39m)
    [90m   | [39m                                 
                   [31m^[39m
    [90m196| [39m      })
    [90m197| [39m
[90m [2mΓ¥»[22m 
runWithExpensiveErrorDiagnosticsDisabled node_module
s/@testing-library/react/node_modules/@testing-libra
ry/dom/dist/config.js:[2m47:12[22m[39m
[90m [2mΓ¥»[22m checkCallback node_modules/@testi
ng-library/react/node_modules/@testing-library/dom/d
ist/wait-for.js:[2m124:77[22m[39m
[90m [2mΓ¥»[22m Timeout.checkRealTimersCallback n
ode_modules/@testing-library/react/node_modules/@tes
ting-library/dom/dist/wait-for.js:[2m118:16[22m[3
9m

[31m[2mΓÄ»ΓÄ»ΓÄ»ΓÄ»ΓÄ»ΓÄ»ΓÄ»ΓÄ»ΓÄ»ΓÄ»ΓÄ»ΓÄ»ΓÄ»ΓÄ»Γ
Ä»ΓÄ»ΓÄ»ΓÄ»ΓÄ»ΓÄ»ΓÄ»ΓÄ»[19/95]ΓÄ»[22m[39m

[31m[1m[7m FAIL [27m[22m[39m src/components/gr
id/__tests__/CustomHeader.integration.test.tsx[2m 
> [22mCustomHeader Integration Tests[2m > 
[22mAsync Operation Ordering[2m > [22mCRITICAL: 
must maintain correct async operation order
[31m[1mAssertionError[22m[39m: expected [] to 
deeply equal [ 'setModel:start', ΓÇª(3) ]

Ignored nodes: comments, script, style
[36m<html>[39m
  [36m<head />[39m
  [36m<body>[39m
    [36m<div>[39m
      [36m<div[39m
        [33mclass[39m=[32m"flex items-center 
justify-between w-full h-full px-2 group"[39m
      [36m>[39m
        [36m<div[39m
          [33mclass[39m=[32m"flex-1 text-right 
font-medium text-sm cursor-pointer select-none"[39m
        [36m>[39m
          [0mTest Column[0m
        [36m</div>[39m
        [36m<div[39m
          [33mclass[39m=[32m"flex items-center 
gap-1 mr-2 transition-opacity"[39m
        [36m>[39m
          [36m<button[39m
            [33mclass[39m=[32m"relative p-1 
rounded hover:bg-muted transition-colors 
text-muted-foreground"[39m
            [33mtitle[39m=[32m"╫í╫Ö╫á╫ò╫ƒ"[39m
            [33mtype[39m=[32m"button"[39m
          [36m>[39m
            [36m<div>[39m
              [0mFilter[0m
            [36m</div>[39m
          [36m</button>[39m
          [36m<div[39m
            [33mclass[39m=[32m"relative"[39m
          [36m>[39m
            [36m<button[39m
              [33mclass[39m=[32m"p-1 rounded 
hover:bg-muted transition-colors 
text-muted-foreground"[39m
              [33mtitle[39m=[32m"╫¬╫ñ╫¿╫Ö╫ÿ"[39m
              [33mtype[39m=[32m"button"[39m
            [36m>[39m
              [36m<div>[39m
                [0mMore[0m
              [36m</div>[39m
            [36m</button>[39m
          [36m</div>[39m
        [36m</div>[39m
        [36m<div[39m
          [33mclass[39m=[32m"fixed bg-background 
border border-border rounded-md shadow-lg 
z-[999999] min-w-80 flex flex-col"[39m
          [33mstyle[39m=[32m"top: 0px; left: 
0px; max-height: 500px;"[39m
        [36m>[39m
          [36m<div[39m
            [33mclass[39m=[32m"flex items-center 
justify-between p-4 pb-3 flex-shrink-0"[39m
          [36m>[39m
            [36m<h4[39m
              
[33mclass[39m=[32m"font-medium"[39m
            [36m>[39m
              [0mTest Column[0m
            [36m</h4>[39m
            [36m<button[39m
              [33mclass[39m=[32m"inline-flex 
items-center justify-center whitespace-nowrap 
text-sm font-medium ring-offset-background 
transition-colors focus-visible:outline-none 
focus-visible:ring-2 focus-visible:ring-ring 
focus-visible:ring-offset-2 
disabled:pointer-events-none disabled:opacity-50 
hover:bg-accent hover:text-accent-foreground 
rounded-md h-6 w-6 p-0"[39m
            [36m>[39m
              [36m<div>[39m
                [0mX[0m
              [36m</div>[39m
            [36m</button>[39m
          [36m</div>[39m
          [36m<div[39m
            [33mclass[39m=[32m"relative px-4 
pb-3 flex-shrink-0"[39m
          [36m>[39m
            [36m<div>[39m
              [0mSearch[0m
            [36m</div>[39m
            [36m<div[39m
              [33mclass[39m=[32m"relative"[39m
            [36m>[39m
              [36m<input[39m
                [33mclass[39m=[32m"flex h-10 
w-full rounded-md border border-input bg-background 
px-3 py-2 text-sm ring-offset-background 
file:border-0 file:bg-transparent file:text-sm 
file:font-medium placeholder:text-muted-foreground 
focus-visible:outline-none focus-visible:ring-2 
focus-visible:ring-ring focus-visible:ring-offset-2 
disabled:cursor-not-allowed disabled:opacity-50 
pr-10"[39m
                
[33mplaceholder[39m=[32m"╫ù╫Ö╫ñ╫ò╫⌐..."[39m
                [33mvalue[39m=[32m""[39m
              [36m/>[39m
            [36m</div>[39m
          [36m</div>[39m
          [36m<div[39m
            [33mclass[39m=[32m"flex items-center 
space-x-2 space-x-reverse px-4 pb-2 border-b 
flex-shrink-0"[39m
          [36m>[39m
            [36m<input[39m
              [33mclass[39m=[32m"rounded"[39m
              [33mtype[39m=[32m"checkbox"[39m
            [36m/>[39m
            [36m<span[39m
              [33mclass[39m=[32m"text-sm 
font-medium"[39m
            [36m>[39m
              [0m╫æ╫ù╫¿ ╫ö╫¢╫£[0m
            [36m</span>[39m
            [36m<div[39m
              [33mclass[39m=[32m"inline-flex 
items-center rounded-full border px-2.5 py-0.5 
font-semibold transition-colors focus:outline-none 
focus:ring-2 focus:ring-ring focus:ring-offset-2 
border-transparent bg-secondary 
text-secondary-foreground hover:bg-secondary/80 
text-xs mr-auto"[39m
            [36m>[39m
              [0m1[0m
              [0m ╫ó╫¿╫¢╫Ö╫¥[0m
            [36m</div>[39m
          [36m</div>[39m
          [36m<div[39m
            [33mclass[39m=[32m"overflow-y-auto 
flex-1 px-4 py-3"[39m
            [33mstyle[39m=[32m"min-height: 
100px; max-height: 250px;"[39m
          [36m>[39m
            [36m<div[39m
              [33mclass[39m=[32m"space-y-1"[39m
            [36m>[39m
              [36m<label[39m
                [33mclass[39m=[32m"flex 
items-center space-x-2 space-x-reverse 
cursor-pointer hover:bg-muted p-2 rounded"[39m
              [36m>[39m
                [36m<input[39m
                  
[33mclass[39m=[32m"rounded"[39m
                  
[33mtype[39m=[32m"checkbox"[39m
                [36m/>[39m
                [36m<span[39m
                  
[33mclass[39m=[32m"text-sm"[39m
                [36m>[39m
                  [0mValue1[0m
                [36m</span>[39m
              [36m</label>[39m
            [36m</div>[39m
          [36m</div>[39m
          [36m<div[39m
            [33mclass[39m=[32m"flex gap-2 p-4 
pt-3 border-t flex-shrink-0 bg-background"[39m
          [36m>[39m
            [36m<button[39m
              [33mclass[39m=[32m"inline-flex 
items-center justify-center whitespace-nowrap 
text-sm font-medium ring-offset-background 
transition-colors focus-visible:outline-none 
focus-visible:ring-2 focus-visible:ring-ring 
focus-visible:ring-offset-2 
disabled:pointer-events-none disabled:opacity-50 
bg-primary text-primary-foreground 
hover:bg-primary/90 h-9 rounded-md px-3 flex-1"[39m
              [33mdisabled[39m=[32m""[39m
            [36m>[39m
              [36m<div>[39m
                [0mCheck[0m
              [36m</div>[39m
              [0m╫ö╫ù╫£ ╫í╫Ö╫á╫ò╫ƒ[0m
            [36m</button>[39m
            [36m<button[39m
              [33mclass[39m=[32m"inline-flex 
items-center justify-center whitespace-nowrap 
text-sm font-medium ring-offset-background 
transition-colors focus-visible:outline-none 
focus-visible:ring-2 focus-visible:ring-ring 
focus-visible:ring-offset-2 
disabled:pointer-events-none disabled:opacity-50 
border border-input bg-background hover:bg-accent 
hover:text-accent-foreground h-9 rounded-md px-3 
flex-1"[39m
            [36m>[39m
              [0m╫á╫º╫ö[0m
            [36m</button>[39m
          [36m</div>[39m
        [36m</div>[39m
      [36m</div>[39m
    [36m</div>[39m
  [36m</body>[39m
[36m</html>[39m

[32m- Expected[39m
[31m+ Received[39m

[32m- Array [[39m
[32m-   "setModel:start",[39m
[32m-   "setModel:complete",[39m
[32m-   "applyModel",[39m
[32m-   "onFilterChanged",[39m
[32m- ][39m
[31m+ Array [][39m

[36m [2mΓ¥»[22m __vi_import_1__.waitFor.timeout s
rc/components/grid/__tests__/CustomHeader.integratio
n.test.tsx:[2m274:32[22m[39m
    [90m272| [39m
    [90m273| [39m      [35mawait[39m 
[34mwaitFor[39m(() [33m=>[39m {
    [90m274| [39m        [34mexpect[39m(operatio
nOrder)[33m.[39m[34mtoEqual[39m([
    [90m   | [39m                               
[31m^[39m
    [90m275| [39m          
[32m'setModel:start'[39m[33m,[39m
    [90m276| [39m          
[32m'setModel:complete'[39m[33m,[39m
[90m [2mΓ¥»[22m 
runWithExpensiveErrorDiagnosticsDisabled node_module
s/@testing-library/react/node_modules/@testing-libra
ry/dom/dist/config.js:[2m47:12[22m[39m
[90m [2mΓ¥»[22m checkCallback node_modules/@testi
ng-library/react/node_modules/@testing-library/dom/d
ist/wait-for.js:[2m124:77[22m[39m
[90m [2mΓ¥»[22m Timeout.checkRealTimersCallback n
ode_modules/@testing-library/react/node_modules/@tes
ting-library/dom/dist/wait-for.js:[2m118:16[22m[3
9m

[31m[2mΓÄ»ΓÄ»ΓÄ»ΓÄ»ΓÄ»ΓÄ»ΓÄ»ΓÄ»ΓÄ»ΓÄ»ΓÄ»ΓÄ»ΓÄ»ΓÄ»Γ
Ä»ΓÄ»ΓÄ»ΓÄ»ΓÄ»ΓÄ»ΓÄ»ΓÄ»[20/95]ΓÄ»[22m[39m

[31m[1m[7m FAIL [27m[22m[39m src/components/gr
id/__tests__/CustomHeader.integration.test.tsx[2m 
> [22mCustomHeader Integration Tests[2m > 
[22mFilter Type Detection[2m > [22mshould detect 
and use correct format for TextFilter
[31m[1mAssertionError[22m[39m: expected "spy" 
to be called at least once

Ignored nodes: comments, script, style
[36m<html>[39m
  [36m<head />[39m
  [36m<body>[39m
    [36m<div>[39m
      [36m<div[39m
        [33mclass[39m=[32m"flex items-center 
justify-between w-full h-full px-2 group"[39m
      [36m>[39m
        [36m<div[39m
          [33mclass[39m=[32m"flex-1 text-right 
font-medium text-sm cursor-pointer select-none"[39m
        [36m>[39m
          [0mTest Column[0m
        [36m</div>[39m
        [36m<div[39m
          [33mclass[39m=[32m"flex items-center 
gap-1 mr-2 transition-opacity"[39m
        [36m>[39m
          [36m<button[39m
            [33mclass[39m=[32m"relative p-1 
rounded hover:bg-muted transition-colors 
text-muted-foreground"[39m
            [33mtitle[39m=[32m"╫í╫Ö╫á╫ò╫ƒ"[39m
            [33mtype[39m=[32m"button"[39m
          [36m>[39m
            [36m<div>[39m
              [0mFilter[0m
            [36m</div>[39m
          [36m</button>[39m
          [36m<div[39m
            [33mclass[39m=[32m"relative"[39m
          [36m>[39m
            [36m<button[39m
              [33mclass[39m=[32m"p-1 rounded 
hover:bg-muted transition-colors 
text-muted-foreground"[39m
              [33mtitle[39m=[32m"╫¬╫ñ╫¿╫Ö╫ÿ"[39m
              [33mtype[39m=[32m"button"[39m
            [36m>[39m
              [36m<div>[39m
                [0mMore[0m
              [36m</div>[39m
            [36m</button>[39m
          [36m</div>[39m
        [36m</div>[39m
        [36m<div[39m
          [33mclass[39m=[32m"fixed bg-background 
border border-border rounded-md shadow-lg 
z-[999999] min-w-80 flex flex-col"[39m
          [33mstyle[39m=[32m"top: 0px; left: 
0px; max-height: 500px;"[39m
        [36m>[39m
          [36m<div[39m
            [33mclass[39m=[32m"flex items-center 
justify-between p-4 pb-3 flex-shrink-0"[39m
          [36m>[39m
            [36m<h4[39m
              
[33mclass[39m=[32m"font-medium"[39m
            [36m>[39m
              [0mTest Column[0m
            [36m</h4>[39m
            [36m<button[39m
              [33mclass[39m=[32m"inline-flex 
items-center justify-center whitespace-nowrap 
text-sm font-medium ring-offset-background 
transition-colors focus-visible:outline-none 
focus-visible:ring-2 focus-visible:ring-ring 
focus-visible:ring-offset-2 
disabled:pointer-events-none disabled:opacity-50 
hover:bg-accent hover:text-accent-foreground 
rounded-md h-6 w-6 p-0"[39m
            [36m>[39m
              [36m<div>[39m
                [0mX[0m
              [36m</div>[39m
            [36m</button>[39m
          [36m</div>[39m
          [36m<div[39m
            [33mclass[39m=[32m"relative px-4 
pb-3 flex-shrink-0"[39m
          [36m>[39m
            [36m<div>[39m
              [0mSearch[0m
            [36m</div>[39m
            [36m<div[39m
              [33mclass[39m=[32m"relative"[39m
            [36m>[39m
              [36m<input[39m
                [33mclass[39m=[32m"flex h-10 
w-full rounded-md border border-input bg-background 
px-3 py-2 text-sm ring-offset-background 
file:border-0 file:bg-transparent file:text-sm 
file:font-medium placeholder:text-muted-foreground 
focus-visible:outline-none focus-visible:ring-2 
focus-visible:ring-ring focus-visible:ring-offset-2 
disabled:cursor-not-allowed disabled:opacity-50 
pr-10"[39m
                
[33mplaceholder[39m=[32m"╫ù╫Ö╫ñ╫ò╫⌐..."[39m
                [33mvalue[39m=[32m""[39m
              [36m/>[39m
            [36m</div>[39m
          [36m</div>[39m
          [36m<div[39m
            [33mclass[39m=[32m"flex items-center 
space-x-2 space-x-reverse px-4 pb-2 border-b 
flex-shrink-0"[39m
          [36m>[39m
            [36m<input[39m
              [33mclass[39m=[32m"rounded"[39m
              [33mtype[39m=[32m"checkbox"[39m
            [36m/>[39m
            [36m<span[39m
              [33mclass[39m=[32m"text-sm 
font-medium"[39m
            [36m>[39m
              [0m╫æ╫ù╫¿ ╫ö╫¢╫£[0m
            [36m</span>[39m
            [36m<div[39m
              [33mclass[39m=[32m"inline-flex 
items-center rounded-full border px-2.5 py-0.5 
font-semibold transition-colors focus:outline-none 
focus:ring-2 focus:ring-ring focus:ring-offset-2 
border-transparent bg-secondary 
text-secondary-foreground hover:bg-secondary/80 
text-xs mr-auto"[39m
            [36m>[39m
              [0m2[0m
              [0m ╫ó╫¿╫¢╫Ö╫¥[0m
            [36m</div>[39m
          [36m</div>[39m
          [36m<div[39m
            [33mclass[39m=[32m"overflow-y-auto 
flex-1 px-4 py-3"[39m
            [33mstyle[39m=[32m"min-height: 
100px; max-height: 250px;"[39m
          [36m>[39m
            [36m<div[39m
              [33mclass[39m=[32m"space-y-1"[39m
            [36m>[39m
              [36m<label[39m
                [33mclass[39m=[32m"flex 
items-center space-x-2 space-x-reverse 
cursor-pointer hover:bg-muted p-2 rounded"[39m
              [36m>[39m
                [36m<input[39m
                  
[33mclass[39m=[32m"rounded"[39m
                  
[33mtype[39m=[32m"checkbox"[39m
                [36m/>[39m
                [36m<span[39m
                  
[33mclass[39m=[32m"text-sm"[39m
                [36m>[39m
                  [0mValue1[0m
                [36m</span>[39m
              [36m</label>[39m
              [36m<label[39m
                [33mclass[39m=[32m"flex 
items-center space-x-2 space-x-reverse 
cursor-pointer hover:bg-muted p-2 rounded"[39m
              [36m>[39m
                [36m<input[39m
                  
[33mclass[39m=[32m"rounded"[39m
                  
[33mtype[39m=[32m"checkbox"[39m
                [36m/>[39m
                [36m<span[39m
                  
[33mclass[39m=[32m"text-sm"[39m
                [36m>[39m
                  [0mValue2[0m
                [36m</span>[39m
              [36m</label>[39m
            [36m</div>[39m
          [36m</div>[39m
          [36m<div[39m
            [33mclass[39m=[32m"flex gap-2 p-4 
pt-3 border-t flex-shrink-0 bg-background"[39m
          [36m>[39m
            [36m<button[39m
              [33mclass[39m=[32m"inline-flex 
items-center justify-center whitespace-nowrap 
text-sm font-medium ring-offset-background 
transition-colors focus-visible:outline-none 
focus-visible:ring-2 focus-visible:ring-ring 
focus-visible:ring-offset-2 
disabled:pointer-events-none disabled:opacity-50 
bg-primary text-primary-foreground 
hover:bg-primary/90 h-9 rounded-md px-3 flex-1"[39m
              [33mdisabled[39m=[32m""[39m
            [36m>[39m
              [36m<div>[39m
                [0mCheck[0m
              [36m</div>[39m
              [0m╫ö╫ù╫£ ╫í╫Ö╫á╫ò╫ƒ[0m
            [36m</button>[39m
            [36m<button[39m
              [33mclass[39m=[32m"inline-flex 
items-center justify-center whitespace-nowrap 
text-sm font-medium ring-offset-background 
transition-colors focus-visible:outline-none 
focus-visible:ring-2 focus-visible:ring-ring 
focus-visible:ring-offset-2 
disabled:pointer-events-none disabled:opacity-50 
border border-input bg-background hover:bg-accent 
hover:text-accent-foreground h-9 rounded-md px-3 
flex-1"[39m
            [36m>[39m
              [0m╫á╫º╫ö[0m
            [36m</button>[39m
          [36m</div>[39m
        [36m</div>[39m
      [36m</div>[39m
    [36m</div>[39m
  [36m</body>[39m
[36m</html>[39m
[36m [2mΓ¥»[22m src/components/grid/__tests__/Cus
tomHeader.integration.test.tsx:[2m304:45[22m[39m
    [90m302| [39m
    [90m303| [39m      [35mawait[39m 
[34mwaitFor[39m(() [33m=>[39m {
    [90m304| [39m        [34mexpect[39m(mockFilt
erInstance[33m.[39msetModel)[33m.[39m[34mtoHave
BeenCalled[39m()
    [90m   | [39m                                 
           [31m^[39m
    [90m305| [39m      })
    [90m306| [39m
[90m [2mΓ¥»[22m 
runWithExpensiveErrorDiagnosticsDisabled node_module
s/@testing-library/react/node_modules/@testing-libra
ry/dom/dist/config.js:[2m47:12[22m[39m
[90m [2mΓ¥»[22m checkCallback node_modules/@testi
ng-library/react/node_modules/@testing-library/dom/d
ist/wait-for.js:[2m124:77[22m[39m
[90m [2mΓ¥»[22m Timeout.checkRealTimersCallback n
ode_modules/@testing-library/react/node_modules/@tes
ting-library/dom/dist/wait-for.js:[2m118:16[22m[3
9m

[31m[2mΓÄ»ΓÄ»ΓÄ»ΓÄ»ΓÄ»ΓÄ»ΓÄ»ΓÄ»ΓÄ»ΓÄ»ΓÄ»ΓÄ»ΓÄ»ΓÄ»Γ
Ä»ΓÄ»ΓÄ»ΓÄ»ΓÄ»ΓÄ»ΓÄ»ΓÄ»[21/95]ΓÄ»[22m[39m

[31m[1m[7m FAIL [27m[22m[39m src/components/gr
id/__tests__/CustomHeader.integration.test.tsx[2m 
> [22mCustomHeader Integration Tests[2m > 
[22mFilter Type Detection[2m > [22mshould detect 
and use correct format for SetFilter (Enterprise)
[31m[1mAssertionError[22m[39m: expected "spy" 
to be called at least once

Ignored nodes: comments, script, style
[36m<html>[39m
  [36m<head />[39m
  [36m<body>[39m
    [36m<div>[39m
      [36m<div[39m
        [33mclass[39m=[32m"flex items-center 
justify-between w-full h-full px-2 group"[39m
      [36m>[39m
        [36m<div[39m
          [33mclass[39m=[32m"flex-1 text-right 
font-medium text-sm cursor-pointer select-none"[39m
        [36m>[39m
          [0mTest Column[0m
        [36m</div>[39m
        [36m<div[39m
          [33mclass[39m=[32m"flex items-center 
gap-1 mr-2 transition-opacity"[39m
        [36m>[39m
          [36m<button[39m
            [33mclass[39m=[32m"relative p-1 
rounded hover:bg-muted transition-colors 
text-muted-foreground"[39m
            [33mtitle[39m=[32m"╫í╫Ö╫á╫ò╫ƒ"[39m
            [33mtype[39m=[32m"button"[39m
          [36m>[39m
            [36m<div>[39m
              [0mFilter[0m
            [36m</div>[39m
          [36m</button>[39m
          [36m<div[39m
            [33mclass[39m=[32m"relative"[39m
          [36m>[39m
            [36m<button[39m
              [33mclass[39m=[32m"p-1 rounded 
hover:bg-muted transition-colors 
text-muted-foreground"[39m
              [33mtitle[39m=[32m"╫¬╫ñ╫¿╫Ö╫ÿ"[39m
              [33mtype[39m=[32m"button"[39m
            [36m>[39m
              [36m<div>[39m
                [0mMore[0m
              [36m</div>[39m
            [36m</button>[39m
          [36m</div>[39m
        [36m</div>[39m
        [36m<div[39m
          [33mclass[39m=[32m"fixed bg-background 
border border-border rounded-md shadow-lg 
z-[999999] min-w-80 flex flex-col"[39m
          [33mstyle[39m=[32m"top: 0px; left: 
0px; max-height: 500px;"[39m
        [36m>[39m
          [36m<div[39m
            [33mclass[39m=[32m"flex items-center 
justify-between p-4 pb-3 flex-shrink-0"[39m
          [36m>[39m
            [36m<h4[39m
              
[33mclass[39m=[32m"font-medium"[39m
            [36m>[39m
              [0mTest Column[0m
            [36m</h4>[39m
            [36m<button[39m
              [33mclass[39m=[32m"inline-flex 
items-center justify-center whitespace-nowrap 
text-sm font-medium ring-offset-background 
transition-colors focus-visible:outline-none 
focus-visible:ring-2 focus-visible:ring-ring 
focus-visible:ring-offset-2 
disabled:pointer-events-none disabled:opacity-50 
hover:bg-accent hover:text-accent-foreground 
rounded-md h-6 w-6 p-0"[39m
            [36m>[39m
              [36m<div>[39m
                [0mX[0m
              [36m</div>[39m
            [36m</button>[39m
          [36m</div>[39m
          [36m<div[39m
            [33mclass[39m=[32m"relative px-4 
pb-3 flex-shrink-0"[39m
          [36m>[39m
            [36m<div>[39m
              [0mSearch[0m
            [36m</div>[39m
            [36m<div[39m
              [33mclass[39m=[32m"relative"[39m
            [36m>[39m
              [36m<input[39m
                [33mclass[39m=[32m"flex h-10 
w-full rounded-md border border-input bg-background 
px-3 py-2 text-sm ring-offset-background 
file:border-0 file:bg-transparent file:text-sm 
file:font-medium placeholder:text-muted-foreground 
focus-visible:outline-none focus-visible:ring-2 
focus-visible:ring-ring focus-visible:ring-offset-2 
disabled:cursor-not-allowed disabled:opacity-50 
pr-10"[39m
                
[33mplaceholder[39m=[32m"╫ù╫Ö╫ñ╫ò╫⌐..."[39m
                [33mvalue[39m=[32m""[39m
              [36m/>[39m
            [36m</div>[39m
          [36m</div>[39m
          [36m<div[39m
            [33mclass[39m=[32m"flex items-center 
space-x-2 space-x-reverse px-4 pb-2 border-b 
flex-shrink-0"[39m
          [36m>[39m
            [36m<input[39m
              [33mclass[39m=[32m"rounded"[39m
              [33mtype[39m=[32m"checkbox"[39m
            [36m/>[39m
            [36m<span[39m
              [33mclass[39m=[32m"text-sm 
font-medium"[39m
            [36m>[39m
              [0m╫æ╫ù╫¿ ╫ö╫¢╫£[0m
            [36m</span>[39m
            [36m<div[39m
              [33mclass[39m=[32m"inline-flex 
items-center rounded-full border px-2.5 py-0.5 
font-semibold transition-colors focus:outline-none 
focus:ring-2 focus:ring-ring focus:ring-offset-2 
border-transparent bg-secondary 
text-secondary-foreground hover:bg-secondary/80 
text-xs mr-auto"[39m
            [36m>[39m
              [0m2[0m
              [0m ╫ó╫¿╫¢╫Ö╫¥[0m
            [36m</div>[39m
          [36m</div>[39m
          [36m<div[39m
            [33mclass[39m=[32m"overflow-y-auto 
flex-1 px-4 py-3"[39m
            [33mstyle[39m=[32m"min-height: 
100px; max-height: 250px;"[39m
          [36m>[39m
            [36m<div[39m
              [33mclass[39m=[32m"space-y-1"[39m
            [36m>[39m
              [36m<label[39m
                [33mclass[39m=[32m"flex 
items-center space-x-2 space-x-reverse 
cursor-pointer hover:bg-muted p-2 rounded"[39m
              [36m>[39m
                [36m<input[39m
                  
[33mclass[39m=[32m"rounded"[39m
                  
[33mtype[39m=[32m"checkbox"[39m
                [36m/>[39m
                [36m<span[39m
                  
[33mclass[39m=[32m"text-sm"[39m
                [36m>[39m
                  [0mValue1[0m
                [36m</span>[39m
              [36m</label>[39m
              [36m<label[39m
                [33mclass[39m=[32m"flex 
items-center space-x-2 space-x-reverse 
cursor-pointer hover:bg-muted p-2 rounded"[39m
              [36m>[39m
                [36m<input[39m
                  
[33mclass[39m=[32m"rounded"[39m
                  
[33mtype[39m=[32m"checkbox"[39m
                [36m/>[39m
                [36m<span[39m
                  
[33mclass[39m=[32m"text-sm"[39m
                [36m>[39m
                  [0mValue2[0m
                [36m</span>[39m
              [36m</label>[39m
            [36m</div>[39m
          [36m</div>[39m
          [36m<div[39m
            [33mclass[39m=[32m"flex gap-2 p-4 
pt-3 border-t flex-shrink-0 bg-background"[39m
          [36m>[39m
            [36m<button[39m
              [33mclass[39m=[32m"inline-flex 
items-center justify-center whitespace-nowrap 
text-sm font-medium ring-offset-background 
transition-colors focus-visible:outline-none 
focus-visible:ring-2 focus-visible:ring-ring 
focus-visible:ring-offset-2 
disabled:pointer-events-none disabled:opacity-50 
bg-primary text-primary-foreground 
hover:bg-primary/90 h-9 rounded-md px-3 flex-1"[39m
              [33mdisabled[39m=[32m""[39m
            [36m>[39m
              [36m<div>[39m
                [0mCheck[0m
              [36m</div>[39m
              [0m╫ö╫ù╫£ ╫í╫Ö╫á╫ò╫ƒ[0m
            [36m</button>[39m
            [36m<button[39m
              [33mclass[39m=[32m"inline-flex 
items-center justify-center whitespace-nowrap 
text-sm font-medium ring-offset-background 
transition-colors focus-visible:outline-none 
focus-visible:ring-2 focus-visible:ring-ring 
focus-visible:ring-offset-2 
disabled:pointer-events-none disabled:opacity-50 
border border-input bg-background hover:bg-accent 
hover:text-accent-foreground h-9 rounded-md px-3 
flex-1"[39m
            [36m>[39m
              [0m╫á╫º╫ö[0m
            [36m</button>[39m
          [36m</div>[39m
        [36m</div>[39m
      [36m</div>[39m
    [36m</div>[39m
  [36m</body>[39m
[36m</html>[39m
[36m [2mΓ¥»[22m src/components/grid/__tests__/Cus
tomHeader.integration.test.tsx:[2m336:45[22m[39m
    [90m334| [39m
    [90m335| [39m      [35mawait[39m 
[34mwaitFor[39m(() [33m=>[39m {
    [90m336| [39m        [34mexpect[39m(mockFilt
erInstance[33m.[39msetModel)[33m.[39m[34mtoHave
BeenCalled[39m()
    [90m   | [39m                                 
           [31m^[39m
    [90m337| [39m      })
    [90m338| [39m
[90m [2mΓ¥»[22m 
runWithExpensiveErrorDiagnosticsDisabled node_module
s/@testing-library/react/node_modules/@testing-libra
ry/dom/dist/config.js:[2m47:12[22m[39m
[90m [2mΓ¥»[22m checkCallback node_modules/@testi
ng-library/react/node_modules/@testing-library/dom/d
ist/wait-for.js:[2m124:77[22m[39m
[90m [2mΓ¥»[22m Timeout.checkRealTimersCallback n
ode_modules/@testing-library/react/node_modules/@tes
ting-library/dom/dist/wait-for.js:[2m118:16[22m[3
9m

[31m[2mΓÄ»ΓÄ»ΓÄ»ΓÄ»ΓÄ»ΓÄ»ΓÄ»ΓÄ»ΓÄ»ΓÄ»ΓÄ»ΓÄ»ΓÄ»ΓÄ»Γ
Ä»ΓÄ»ΓÄ»ΓÄ»ΓÄ»ΓÄ»ΓÄ»ΓÄ»[22/95]ΓÄ»[22m[39m

[31m[1m[7m FAIL [27m[22m[39m src/components/gr
id/__tests__/CustomHeader.integration.test.tsx[2m 
> [22mCustomHeader Integration Tests[2m > 
[22mError Recovery[2m > [22mshould not break UI 
when filter setting fails
[31m[1mAssertionError[22m[39m: expected "error" 
to be called at least once

Ignored nodes: comments, script, style
[36m<html>[39m
  [36m<head />[39m
  [36m<body>[39m
    [36m<div>[39m
      [36m<div[39m
        [33mclass[39m=[32m"flex items-center 
justify-between w-full h-full px-2 group"[39m
      [36m>[39m
        [36m<div[39m
          [33mclass[39m=[32m"flex-1 text-right 
font-medium text-sm cursor-pointer select-none"[39m
        [36m>[39m
          [0mTest Column[0m
        [36m</div>[39m
        [36m<div[39m
          [33mclass[39m=[32m"flex items-center 
gap-1 mr-2 transition-opacity"[39m
        [36m>[39m
          [36m<button[39m
            [33mclass[39m=[32m"relative p-1 
rounded hover:bg-muted transition-colors 
text-muted-foreground"[39m
            [33mtitle[39m=[32m"╫í╫Ö╫á╫ò╫ƒ"[39m
            [33mtype[39m=[32m"button"[39m
          [36m>[39m
            [36m<div>[39m
              [0mFilter[0m
            [36m</div>[39m
          [36m</button>[39m
          [36m<div[39m
            [33mclass[39m=[32m"relative"[39m
          [36m>[39m
            [36m<button[39m
              [33mclass[39m=[32m"p-1 rounded 
hover:bg-muted transition-colors 
text-muted-foreground"[39m
              [33mtitle[39m=[32m"╫¬╫ñ╫¿╫Ö╫ÿ"[39m
              [33mtype[39m=[32m"button"[39m
            [36m>[39m
              [36m<div>[39m
                [0mMore[0m
              [36m</div>[39m
            [36m</button>[39m
          [36m</div>[39m
        [36m</div>[39m
        [36m<div[39m
          [33mclass[39m=[32m"fixed bg-background 
border border-border rounded-md shadow-lg 
z-[999999] min-w-80 flex flex-col"[39m
          [33mstyle[39m=[32m"top: 0px; left: 
0px; max-height: 500px;"[39m
        [36m>[39m
          [36m<div[39m
            [33mclass[39m=[32m"flex items-center 
justify-between p-4 pb-3 flex-shrink-0"[39m
          [36m>[39m
            [36m<h4[39m
              
[33mclass[39m=[32m"font-medium"[39m
            [36m>[39m
              [0mTest Column[0m
            [36m</h4>[39m
            [36m<button[39m
              [33mclass[39m=[32m"inline-flex 
items-center justify-center whitespace-nowrap 
text-sm font-medium ring-offset-background 
transition-colors focus-visible:outline-none 
focus-visible:ring-2 focus-visible:ring-ring 
focus-visible:ring-offset-2 
disabled:pointer-events-none disabled:opacity-50 
hover:bg-accent hover:text-accent-foreground 
rounded-md h-6 w-6 p-0"[39m
            [36m>[39m
              [36m<div>[39m
                [0mX[0m
              [36m</div>[39m
            [36m</button>[39m
          [36m</div>[39m
          [36m<div[39m
            [33mclass[39m=[32m"relative px-4 
pb-3 flex-shrink-0"[39m
          [36m>[39m
            [36m<div>[39m
              [0mSearch[0m
            [36m</div>[39m
            [36m<div[39m
              [33mclass[39m=[32m"relative"[39m
            [36m>[39m
              [36m<input[39m
                [33mclass[39m=[32m"flex h-10 
w-full rounded-md border border-input bg-background 
px-3 py-2 text-sm ring-offset-background 
file:border-0 file:bg-transparent file:text-sm 
file:font-medium placeholder:text-muted-foreground 
focus-visible:outline-none focus-visible:ring-2 
focus-visible:ring-ring focus-visible:ring-offset-2 
disabled:cursor-not-allowed disabled:opacity-50 
pr-10"[39m
                
[33mplaceholder[39m=[32m"╫ù╫Ö╫ñ╫ò╫⌐..."[39m
                [33mvalue[39m=[32m""[39m
              [36m/>[39m
            [36m</div>[39m
          [36m</div>[39m
          [36m<div[39m
            [33mclass[39m=[32m"flex items-center 
space-x-2 space-x-reverse px-4 pb-2 border-b 
flex-shrink-0"[39m
          [36m>[39m
            [36m<input[39m
              [33mclass[39m=[32m"rounded"[39m
              [33mtype[39m=[32m"checkbox"[39m
            [36m/>[39m
            [36m<span[39m
              [33mclass[39m=[32m"text-sm 
font-medium"[39m
            [36m>[39m
              [0m╫æ╫ù╫¿ ╫ö╫¢╫£[0m
            [36m</span>[39m
            [36m<div[39m
              [33mclass[39m=[32m"inline-flex 
items-center rounded-full border px-2.5 py-0.5 
font-semibold transition-colors focus:outline-none 
focus:ring-2 focus:ring-ring focus:ring-offset-2 
border-transparent bg-secondary 
text-secondary-foreground hover:bg-secondary/80 
text-xs mr-auto"[39m
            [36m>[39m
              [0m1[0m
              [0m ╫ó╫¿╫¢╫Ö╫¥[0m
            [36m</div>[39m
          [36m</div>[39m
          [36m<div[39m
            [33mclass[39m=[32m"overflow-y-auto 
flex-1 px-4 py-3"[39m
            [33mstyle[39m=[32m"min-height: 
100px; max-height: 250px;"[39m
          [36m>[39m
            [36m<div[39m
              [33mclass[39m=[32m"space-y-1"[39m
            [36m>[39m
              [36m<label[39m
                [33mclass[39m=[32m"flex 
items-center space-x-2 space-x-reverse 
cursor-pointer hover:bg-muted p-2 rounded"[39m
              [36m>[39m
                [36m<input[39m
                  
[33mclass[39m=[32m"rounded"[39m
                  
[33mtype[39m=[32m"checkbox"[39m
                [36m/>[39m
                [36m<span[39m
                  
[33mclass[39m=[32m"text-sm"[39m
                [36m>[39m
                  [0mValue1[0m
                [36m</span>[39m
              [36m</label>[39m
            [36m</div>[39m
          [36m</div>[39m
          [36m<div[39m
            [33mclass[39m=[32m"flex gap-2 p-4 
pt-3 border-t flex-shrink-0 bg-background"[39m
          [36m>[39m
            [36m<button[39m
              [33mclass[39m=[32m"inline-flex 
items-center justify-center whitespace-nowrap 
text-sm font-medium ring-offset-background 
transition-colors focus-visible:outline-none 
focus-visible:ring-2 focus-visible:ring-ring 
focus-visible:ring-offset-2 
disabled:pointer-events-none disabled:opacity-50 
bg-primary text-primary-foreground 
hover:bg-primary/90 h-9 rounded-md px-3 flex-1"[39m
              [33mdisabled[39m=[32m""[39m
            [36m>[39m
              [36m<div>[39m
                [0mCheck[0m
              [36m</div>[39m
              [0m╫ö╫ù╫£ ╫í╫Ö╫á╫ò╫ƒ[0m
            [36m</button>[39m
            [36m<button[39m
              [33mclass[39m=[32m"inline-flex 
items-center justify-center whitespace-nowrap 
text-sm font-medium ring-offset-background 
transition-colors focus-visible:outline-none 
focus-visible:ring-2 focus-visible:ring-ring 
focus-visible:ring-offset-2 
disabled:pointer-events-none disabled:opacity-50 
border border-input bg-background hover:bg-accent 
hover:text-accent-foreground h-9 rounded-md px-3 
flex-1"[39m
            [36m>[39m
              [0m╫á╫º╫ö[0m
            [36m</button>[39m
          [36m</div>[39m
        [36m</div>[39m
      [36m</div>[39m
    [36m</div>[39m
  [36m</body>[39m
[36m</html>[39m
[36m [2mΓ¥»[22m src/components/grid/__tests__/Cus
tomHeader.integration.test.tsx:[2m364:33[22m[39m
    [90m362| [39m
    [90m363| [39m      [35mawait[39m 
[34mwaitFor[39m(() [33m=>[39m {
    [90m364| [39m        [34mexpect[39m(consoleE
rrorSpy)[33m.[39m[34mtoHaveBeenCalled[39m()
    [90m   | [39m                                
[31m^[39m
    [90m365| [39m      })
    [90m366| [39m
[90m [2mΓ¥»[22m 
runWithExpensiveErrorDiagnosticsDisabled node_module
s/@testing-library/react/node_modules/@testing-libra
ry/dom/dist/config.js:[2m47:12[22m[39m
[90m [2mΓ¥»[22m checkCallback node_modules/@testi
ng-library/react/node_modules/@testing-library/dom/d
ist/wait-for.js:[2m124:77[22m[39m
[90m [2mΓ¥»[22m Timeout.checkRealTimersCallback n
ode_modules/@testing-library/react/node_modules/@tes
ting-library/dom/dist/wait-for.js:[2m118:16[22m[3
9m

[31m[2mΓÄ»ΓÄ»ΓÄ»ΓÄ»ΓÄ»ΓÄ»ΓÄ»ΓÄ»ΓÄ»ΓÄ»ΓÄ»ΓÄ»ΓÄ»ΓÄ»Γ
Ä»ΓÄ»ΓÄ»ΓÄ»ΓÄ»ΓÄ»ΓÄ»ΓÄ»[23/95]ΓÄ»[22m[39m

[31m[1m[7m FAIL [27m[22m[39m src/components/qu
otations/__tests__/QuotationEditor.test.tsx[2m > 
[22mQuotationEditor - Rendering and Initial 
State[2m > [22mshould render without crashing
[31m[1m[7m FAIL [27m[22m[39m src/components/qu
otations/__tests__/QuotationEditor.test.tsx[2m > 
[22mQuotationEditor - Rendering and Initial 
State[2m > [22mshould show quotation metadata
[31m[1m[7m FAIL [27m[22m[39m src/components/qu
otations/__tests__/QuotationEditor.test.tsx[2m > 
[22mQuotationEditor - Rendering and Initial 
State[2m > [22mshould display default parameters
[31m[1m[7m FAIL [27m[22m[39m src/components/qu
otations/__tests__/QuotationEditor.test.tsx[2m > 
[22mQuotationEditor - Rendering and Initial 
State[2m > [22mshould show "Add System" button
[31m[1m[7m FAIL [27m[22m[39m src/components/qu
otations/__tests__/QuotationEditor.test.tsx[2m > 
[22mQuotationEditor - Rendering and Initial 
State[2m > [22mshould show existing systems
[31m[1m[7m FAIL [27m[22m[39m src/components/qu
otations/__tests__/QuotationEditor.test.tsx[2m > 
[22mQuotationEditor - Rendering and Initial 
State[2m > [22mshould show calculations summary 
when items exist
[31m[1m[7m FAIL [27m[22m[39m src/components/qu
otations/__tests__/QuotationEditor.test.tsx[2m > 
[22mQuotationEditor - Rendering and Initial 
State[2m > [22mshould show "Back to List" button
[31m[1m[7m FAIL [27m[22m[39m src/components/qu
otations/__tests__/QuotationEditor.test.tsx[2m > 
[22mQuotationEditor - Rendering and Initial 
State[2m > [22mshould show tabs for Items and 
Statistics
[31m[1m[7m FAIL [27m[22m[39m src/components/qu
otations/__tests__/QuotationEditor.test.tsx[2m > 
[22mQuotationEditor - System Management[2m > 
[22mshould add new system when "Add System" is 
clicked
[31m[1m[7m FAIL [27m[22m[39m src/components/qu
otations/__tests__/QuotationEditor.test.tsx[2m > 
[22mQuotationEditor - System Management[2m > 
[22mshould show add item button for each system
[31m[1m[7m FAIL [27m[22m[39m src/components/qu
otations/__tests__/QuotationEditor.test.tsx[2m > 
[22mQuotationEditor - System Management[2m > 
[22mshould delete system and its items
[31m[1m[7m FAIL [27m[22m[39m src/components/qu
otations/__tests__/QuotationEditor.test.tsx[2m > 
[22mQuotationEditor - Adding Items[2m > 
[22mshould open component selector when add item 
is clicked
[31m[1m[7m FAIL [27m[22m[39m src/components/qu
otations/__tests__/QuotationEditor.test.tsx[2m > 
[22mQuotationEditor - Adding Items[2m > 
[22mshould show components in selector
[31m[1m[7m FAIL [27m[22m[39m src/components/qu
otations/__tests__/QuotationEditor.test.tsx[2m > 
[22mQuotationEditor - Adding Items[2m > 
[22mshould add component to system when selected
[31m[1m[7m FAIL [27m[22m[39m src/components/qu
otations/__tests__/QuotationEditor.test.tsx[2m > 
[22mQuotationEditor - Adding Items[2m > 
[22mshould close selector after adding component
[31m[1m[7m FAIL [27m[22m[39m src/components/qu
otations/__tests__/QuotationEditor.test.tsx[2m > 
[22mQuotationEditor - Adding Items[2m > 
[22mshould show assemblies tab in selector
[31m[1m[7m FAIL [27m[22m[39m src/components/qu
otations/__tests__/QuotationEditor.test.tsx[2m > 
[22mQuotationEditor - Adding Items[2m > 
[22mshould filter components by search text
[31m[1m[7m FAIL [27m[22m[39m src/components/qu
otations/__tests__/QuotationEditor.test.tsx[2m > 
[22mQuotationEditor - Parameter Updates[2m > 
[22mshould recalculate ILS prices when USD rate 
changes
[31m[1m[7m FAIL [27m[22m[39m src/components/qu
otations/__tests__/QuotationEditor.test.tsx[2m > 
[22mQuotationEditor - Parameter Updates[2m > 
[22mshould preserve USD prices when USD rate 
changes
[31m[1m[7m FAIL [27m[22m[39m src/components/qu
otations/__tests__/QuotationEditor.test.tsx[2m > 
[22mQuotationEditor - Parameter Updates[2m > 
[22mshould preserve ILS prices when items are 
originally in ILS
[31m[1m[7m FAIL [27m[22m[39m src/components/qu
otations/__tests__/QuotationEditor.test.tsx[2m > 
[22mQuotationEditor - Parameter Updates[2m > 
[22mshould preserve EUR prices when items are 
originally in EUR
[31m[1m[7m FAIL [27m[22m[39m src/components/qu
otations/__tests__/QuotationEditor.test.tsx[2m > 
[22mQuotationEditor - Parameter Updates[2m > 
[22mshould handle mixed currencies in quotation
[31m[1m[7m FAIL [27m[22m[39m src/components/qu
otations/__tests__/QuotationEditor.test.tsx[2m > 
[22mQuotationEditor - Parameter Updates[2m > 
[22mshould update parameters when changed
[31m[1m[7m FAIL [27m[22m[39m src/components/qu
otations/__tests__/QuotationEditor.test.tsx[2m > 
[22mQuotationEditor - Calculations[2m > 
[22mshould display hardware total
[31m[1m[7m FAIL [27m[22m[39m src/components/qu
otations/__tests__/QuotationEditor.test.tsx[2m > 
[22mQuotationEditor - Calculations[2m > 
[22mshould display software total
[31m[1m[7m FAIL [27m[22m[39m src/components/qu
otations/__tests__/QuotationEditor.test.tsx[2m > 
[22mQuotationEditor - Calculations[2m > 
[22mshould display labor total
[31m[1m[7m FAIL [27m[22m[39m src/components/qu
otations/__tests__/QuotationEditor.test.tsx[2m > 
[22mQuotationEditor - Calculations[2m > 
[22mshould display labor subtypes breakdown
[31m[1m[7m FAIL [27m[22m[39m src/components/qu
otations/__tests__/QuotationEditor.test.tsx[2m > 
[22mQuotationEditor - Calculations[2m > 
[22mshould display total cost
[31m[1m[7m FAIL [27m[22m[39m src/components/qu
otations/__tests__/QuotationEditor.test.tsx[2m > 
[22mQuotationEditor - Calculations[2m > 
[22mshould display profit and risk
[31m[1m[7m FAIL [27m[22m[39m src/components/qu
otations/__tests__/QuotationEditor.test.tsx[2m > 
[22mQuotationEditor - Calculations[2m > 
[22mshould display final total before VAT
[31m[1m[7m FAIL [27m[22m[39m src/components/qu
otations/__tests__/QuotationEditor.test.tsx[2m > 
[22mQuotationEditor - Calculations[2m > 
[22mshould display profit margin
[31m[1m[7m FAIL [27m[22m[39m src/components/qu
otations/__tests__/QuotationEditor.test.tsx[2m > 
[22mQuotationEditor - Calculations[2m > 
[22mshould display system and item counts
[31m[1m[7m FAIL [27m[22m[39m src/components/qu
otations/__tests__/QuotationEditor.test.tsx[2m > 
[22mQuotationEditor - Calculations[2m > 
[22mshould calculate system totals correctly
[31m[1m[7m FAIL [27m[22m[39m src/components/qu
otations/__tests__/QuotationEditor.test.tsx[2m > 
[22mQuotationEditor - Calculations[2m > 
[22mshould handle quotation with zero items 
gracefully
[31m[1m[7m FAIL [27m[22m[39m src/components/qu
otations/__tests__/QuotationEditor.test.tsx[2m > 
[22mQuotationEditor - Removing Items[2m > 
[22mshould delete item when delete button is 
clicked
[31m[1m[7m FAIL [27m[22m[39m src/components/qu
otations/__tests__/QuotationEditor.test.tsx[2m > 
[22mQuotationEditor - Edge Cases[2m > [22mshould 
handle empty quotation (no systems)
[31m[1m[7m FAIL [27m[22m[39m src/components/qu
otations/__tests__/QuotationEditor.test.tsx[2m > 
[22mQuotationEditor - Edge Cases[2m > [22mshould 
handle quotation with no items
[31m[1m[7m FAIL [27m[22m[39m src/components/qu
otations/__tests__/QuotationEditor.test.tsx[2m > 
[22mQuotationEditor - Edge Cases[2m > [22mshould 
handle zero quantity items
[31m[1m[7m FAIL [27m[22m[39m src/components/qu
otations/__tests__/QuotationEditor.test.tsx[2m > 
[22mQuotationEditor - Edge Cases[2m > [22mshould 
handle very large totals
[31m[1m[7m FAIL [27m[22m[39m src/components/qu
otations/__tests__/QuotationEditor.test.tsx[2m > 
[22mQuotationEditor - Item Editing[2m > 
[22mshould allow editing item quantity
[31m[1m[7m FAIL [27m[22m[39m src/components/qu
otations/__tests__/QuotationEditor.test.tsx[2m > 
[22mQuotationEditor - Item Editing[2m > 
[22mshould allow changing item type
[31m[1m[7m FAIL [27m[22m[39m src/components/qu
otations/__tests__/QuotationEditor.test.tsx[2m > 
[22mQuotationEditor - Item Editing[2m > 
[22mshould show edit button for items
[31m[1m[7m FAIL [27m[22m[39m src/components/qu
otations/__tests__/QuotationEditor.test.tsx[2m > 
[22mQuotationEditor - Item Editing[2m > 
[22mshould open component card when edit is clicked
[31m[1m[7m FAIL [27m[22m[39m src/components/qu
otations/__tests__/QuotationEditor.test.tsx[2m > 
[22mQuotationEditor - Assembly Items[2m > 
[22mshould show assemblies tab in component 
selector
[31m[1m[7m FAIL [27m[22m[39m src/components/qu
otations/__tests__/QuotationEditor.test.tsx[2m > 
[22mQuotationEditor - Assembly Items[2m > 
[22mshould display assembly count in selector
[31m[1m[7m FAIL [27m[22m[39m src/components/qu
otations/__tests__/QuotationEditor.test.tsx[2m > 
[22mQuotationEditor - Assembly Items[2m > 
[22mshould show assembly in selector when 
switching tabs
[31m[1m[7m FAIL [27m[22m[39m src/components/qu
otations/__tests__/QuotationEditor.test.tsx[2m > 
[22mQuotationEditor - System Quantity Changes[2m 
> [22mshould allow editing system quantity
[31m[1m[7m FAIL [27m[22m[39m src/components/qu
otations/__tests__/QuotationEditor.test.tsx[2m > 
[22mQuotationEditor - System Quantity Changes[2m 
> [22mshould multiply system items by system 
quantity
[31m[1m[7m FAIL [27m[22m[39m src/components/qu
otations/__tests__/QuotationEditor.test.tsx[2m > 
[22mQuotationEditor - Column Management[2m > 
[22mshould show column management button
[31m[1m[7m FAIL [27m[22m[39m src/components/qu
otations/__tests__/QuotationEditor.test.tsx[2m > 
[22mQuotationEditor - Column Management[2m > 
[22mshould open column manager when clicked
[31m[1m[7m FAIL [27m[22m[39m src/components/qu
otations/__tests__/QuotationEditor.test.tsx[2m > 
[22mQuotationEditor - User Interactions[2m > 
[22mshould navigate back when "Back to List" is 
clicked
[31m[1m[7m FAIL [27m[22m[39m src/components/qu
otations/__tests__/QuotationEditor.test.tsx[2m > 
[22mQuotationEditor - User Interactions[2m > 
[22mshould switch to Statistics tab
[31m[1m[7m FAIL [27m[22m[39m src/components/qu
otations/__tests__/QuotationEditor.test.tsx[2m > 
[22mQuotationEditor - User Interactions[2m > 
[22mshould close component selector when X is 
clicked
[31m[1m[7m FAIL [27m[22m[39m src/components/qu
otations/__tests__/QuotationEditor.test.tsx[2m > 
[22mQuotationEditor - User Interactions[2m > 
[22mshould show project picker button
[31m[1m[7m FAIL [27m[22m[39m src/components/qu
otations/__tests__/QuotationEditor.test.tsx[2m > 
[22mQuotationEditor - User Interactions[2m > 
[22mshould open project picker when clicked
[31m[1mError[22m: [vitest] No "LogOut" export is 
defined on the "lucide-react" mock. Did you forget 
to return it from "vi.mock"?
If you need to partially mock a module, you can use 
"importOriginal" helper inside:
[39m
vi[33m.[39m[34mmock[39m([32m"lucide-react"[39m
[33m,[39m [35masync[39m (importOriginal) 
[33m=>[39m {
  [35mconst[39m actual [33m=[39m 
[35mawait[39m [34mimportOriginal[39m()
  [35mreturn[39m {
    [33m...[39mactual[33m,[39m
    [90m// your mocked methods[39m
  }
})

[36m [2mΓ¥»[22m QuotationEditor src/components/qu
otations/QuotationEditor.tsx:[2m1476:14[22m[39m
    [90m1474| [39m            
[33mclassName[39m[33m=[39m[32m"flex 
items-center gap-2"[39m
    [90m1475| [39m          [33m>[39m
    [90m1476| [39m            
[33m<[39m[33mLogOut[39m 
[33mclassName[39m[33m=[39m[32m"h-4 w-4"[39m 
[33m/[39m[33m>[39m
    [90m   | [39m             [31m^[39m
    [90m1477| [39m            ╫ù╫û╫ò╫¿ 
╫£╫¿╫⌐╫Ö╫₧╫ö
    [90m1478| [39m          
[33m<[39m[33m/[39m[33mButton[39m[33m>[39m
[90m [2mΓ¥»[22m renderWithHooks node_modules/reac
t-dom/cjs/react-dom.development.js:[2m15486:18[22m
[39m
[90m [2mΓ¥»[22m mountIndeterminateComponent node_
modules/react-dom/cjs/react-dom.development.js:[2m2
0103:13[22m[39m
[90m [2mΓ¥»[22m beginWork node_modules/react-dom/
cjs/react-dom.development.js:[2m21626:16[22m[39m
[90m [2mΓ¥»[22m HTMLUnknownElement.callCallback n
ode_modules/react-dom/cjs/react-dom.development.js:
[2m4164:14[22m[39m
[90m [2mΓ¥»[22m HTMLUnknownElement.dispatchEvent 
../../Claude%20Code/CPQ-System/node_modules/happy-do
m/lib/event/EventTarget.js:[2m152:34[22m[39m
[90m [2mΓ¥»[22m HTMLUnknownElement.dispatchEvent 
../../Claude%20Code/CPQ-System/node_modules/happy-do
m/lib/nodes/element/Element.js:[2m807:35[22m[39m
[90m [2mΓ¥»[22m HTMLUnknownElement.dispatchEvent 
../../Claude%20Code/CPQ-System/node_modules/happy-do
m/lib/event/EventTarget.js:[2m92:18[22m[39m

[31m[2mΓÄ»ΓÄ»ΓÄ»ΓÄ»ΓÄ»ΓÄ»ΓÄ»ΓÄ»ΓÄ»ΓÄ»ΓÄ»ΓÄ»ΓÄ»ΓÄ»Γ
Ä»ΓÄ»ΓÄ»ΓÄ»ΓÄ»ΓÄ»ΓÄ»ΓÄ»[24/95]ΓÄ»[22m[39m

[31m[1m[7m FAIL [27m[22m[39m src/components/sh
ared/__tests__/BOMGrid.test.tsx[2m > 
[22mBOMGrid[2m > [22mBasic Grid 
Functionality[2m > [22mdisplays correct column 
headers
[31m[1mTestingLibraryElementError[22m[39m: 
Found multiple elements with the text: Total Cost

Here are the matching elements:

Ignored nodes: comments, script, style
[36m<div[39m
  [33mclass[39m=[32m"grid-header-cell"[39m
  [33mdata-col-id[39m=[32m"totalCost"[39m
[36m>[39m
  [0mTotal Cost[0m
[36m</div>[39m

Ignored nodes: comments, script, style
[36m<div[39m
  [33mclass[39m=[32m"text-sm font-medium 
text-gray-600"[39m
[36m>[39m
  [0mTotal Cost[0m
[36m</div>[39m

(If this is intentional, then use the `*AllBy*` 
variant of the query (like `queryAllByText`, 
`getAllByText`, or `findAllByText`)).

Ignored nodes: comments, script, style
[36m<body>[39m
  [36m<div>[39m
    [36m<div[39m
      [33mclass[39m=[32m"rounded-lg border 
bg-card text-card-foreground shadow-sm w-full"[39m
    [36m>[39m
      [36m<div[39m
        [33mclass[39m=[32m"flex flex-col 
space-y-1.5 p-6"[39m
      [36m>[39m
        [36m<div[39m
          [33mclass[39m=[32m"flex 
justify-between items-center"[39m
        [36m>[39m
          [36m<h3[39m
            [33mclass[39m=[32m"font-semibold 
tracking-tight text-xl"[39m
          [36m>[39m
            [0mBill of Materials[0m
          [36m</h3>[39m
          [36m<div[39m
            [33mclass[39m=[32m"flex gap-2"[39m
          [36m>[39m
            [36m<button[39m
              [33mclass[39m=[32m"inline-flex 
items-center justify-center whitespace-nowrap 
text-sm font-medium ring-offset-background 
transition-colors focus-visible:outline-none 
focus-visible:ring-2 focus-visible:ring-ring 
focus-visible:ring-offset-2 
disabled:pointer-events-none disabled:opacity-50 
bg-primary text-primary-foreground 
hover:bg-primary/90 h-9 rounded-md px-3"[39m
            [36m>[39m
              [0mPlus[0m
              [0mAdd Item[0m
            [36m</button>[39m
            [36m<button[39m
              [33mclass[39m=[32m"inline-flex 
items-center justify-center whitespace-nowrap 
text-sm font-medium ring-offset-background 
transition-colors focus-visible:outline-none 
focus-visible:ring-2 focus-visible:ring-ring 
focus-visible:ring-offset-2 
disabled:pointer-events-none disabled:opacity-50 
border border-input bg-background hover:bg-accent 
hover:text-accent-foreground h-9 rounded-md 
px-3"[39m
            [36m>[39m
              [0mCalculator[0m
              [0mApply 25% Markup[0m
            [36m</button>[39m
          [36m</div>[39m
        [36m</div>[39m
      [36m</div>[39m
      [36m<div[39m
        [33mclass[39m=[32m"p-6 pt-0"[39m
      [36m>[39m
        [36m<div[39m
          [33mclass[39m=[32m"space-y-4"[39m
        [36m>[39m
          [36m<div[39m
            
[33mclass[39m=[32m"ag-theme-alpine"[39m
            [33mstyle[39m=[32m"height: 400px; 
width: 100%; direction: rtl;"[39m
          [36m>[39m
            [36m<div[39m
              
[33mclass[39m=[32m"ag-theme-alpine"[39m
              
[33mdata-testid[39m=[32m"ag-grid"[39m
            [36m>[39m
              [36m<div[39m
                
[33mclass[39m=[32m"grid-header"[39m
              [36m>[39m
                [36m<div[39m
                  
[33mclass[39m=[32m"grid-header-cell"[39m
                  
[33mdata-col-id[39m=[32m"actions"[39m
                [36m>[39m
                  [0mActions[0m
                [36m</div>[39m
                [36m<div[39m
                  
[33mclass[39m=[32m"grid-header-cell"[39m
                  
[33mdata-col-id[39m=[32m"totalPrice"[39m
                [36m>[39m
                  [0mTotal Price[0m
                [36m</div>[39m
                [36m<div[39m
                  
[33mclass[39m=[32m"grid-header-cell"[39m
                  
[33mdata-col-id[39m=[32m"totalCost"[39m
                [36m>[39m
                  [0mTotal Cost[0m
                [36m</div>[39m
                [36m<div[39m
                  
[33mclass[39m=[32m"grid-header-cell"[39m
                  
[33mdata-col-id[39m=[32m"margin"[39m
                [36m>[39m
                  [0mMargin %[0m
                [36m</div>[39m
                [36m<div[39m
                  
[33mclass[39m=[32m"grid-header-cell"[39m
                  
[33mdata-col-id[39m=[32m"customerPrice"[39m
                [36m>[39m
                  [0mCustomer Price[0m
                [36m</div>[39m
                [36m<div[39m
                  
[33mclass[39m=[32m"grid-header-cell"[39m
                  
[33mdata-col-id[39m=[32m"unitCost"[39m
                [36m>[39m
                  [0mUnit Cost[0m
                [36m</div>[39m
                [36m<div[39m
                  
[33mclass[39m=[32m"grid-header-cell"[39m
                  
[33mdata-col-id[39m=[32m"quantity"[39m
                [36m>[39m
                  [0mQty[0m
                [36m</div>[39m
                [36m<div[39m
                  
[33mclass[39m=[32m"grid-header-cell"[39m
                  
[33mdata-col-id[39m=[32m"supplier"[39m
                [36m>[39m
                  [0mSupplier[0m
                [36m</div>[39m
                [36m<div[39m
                  
[33mclass[39m=[32m"grid-header-cell"[39m
                  
[33mdata-col-id[39m=[32m"manufacturerPn"[39m
                [36m>[39m
                  [0mMFR P/N[0m
                [36m</div>[39m
                [36m<div[39m
                  
[33mclass[39m=[32m"grid-header-cell"[39m
                  
[33mdata-col-id[39m=[32m"manufacturer"[39m
                [36m>[39m
                  [0mManufacturer[0m
                [36m</div>[39m
                [36m<div[39m
                  
[33mclass[39m=[32m"grid-header-cell"[39m
                  
[33mdata-col-id[39m=[32m"description"[39m
                [36m>[39m
                  [0mDescription[0m
                [36m</div>[39m
                [36m<div[39m
                  
[33mclass[39m=[32m"grid-header-cell"[39m
                  
[33mdata-col-id[39m=[32m"itemType"[39m
                [36m>[39m
                  [0mType[0m
                [36m</div>[39m
                [36m<div[39m
                  
[33mclass[39m=[32m"grid-header-cell"[39m
                  
[33mdata-col-id[39m=[32m"id"[39m
                [36m/>[39m
              [36m</div>[39m
              [36m<div[39m
                
[33mclass[39m=[32m"grid-body"[39m
              [36m>[39m
                [36m<div[39m
                  
[33mclass[39m=[32m"grid-row"[39m
                  
[33mdata-row-id[39m=[32m"item-1"[39m
                  
[33mdata-row-index[39m=[32m"0"[39m
                [36m>[39m
                  [36m<div[39m
                    
[33mclass[39m=[32m"grid-cell"[39m
                    
[33mdata-col-id[39m=[32m"actions"[39m
                  [36m/>[39m
                  [36m<div[39m
                    
[33mclass[39m=[32m"grid-cell"[39m
                    
[33mcontenteditable[39m=[32m"false"[39m
                    
[33mdata-col-id[39m=[32m"totalPrice"[39m
                  [36m>[39m
                    [0m3125.00[0m
                  [36m</div>[39m
                  [36m<div[39m
                    
[33mclass[39m=[32m"grid-cell"[39m
                    
[33mcontenteditable[39m=[32m"false"[39m
                    
[33mdata-col-id[39m=[32m"totalCost"[39m
                  [36m>[39m
                    [0m2500.00[0m
                  [36m</div>[39m
                  [36m<div[39m
                    
[33mclass[39m=[32m"grid-cell"[39m
                    
[33mcontenteditable[39m=[32m"false"[39m
                    
[33mdata-col-id[39m=[32m"margin"[39m
                  [36m>[39m
                    [0m25%[0m
                  [36m</div>[39m
                  [36m<div[39m
                    
[33mclass[39m=[32m"grid-cell"[39m
                    
[33mcontenteditable[39m=[32m"true"[39m
                    
[33mdata-col-id[39m=[32m"customerPrice"[39m
                  [36m>[39m
                    [0m3125[0m
                  [36m</div>[39m
                  [36m<div[39m
                    
[33mclass[39m=[32m"grid-cell"[39m
                    
[33mcontenteditable[39m=[32m"true"[39m
                    
[33mdata-col-id[39m=[32m"unitCost"[39m
                  [36m>[39m
                    [0m2500[0m
                  [36m</div>[39m
                  [36m<div[39m
                    
[33mclass[39m=[32m"grid-cell"[39m
                    
[33mcontenteditable[39m=[32m"true"[39m
                    
[33mdata-col-id[39m=[32m"quantity"[39m
                  [36m>[39m
                    [0m1[0m
                  [36m</div>[39m
                  [36m<div[39m
                    
[33mclass[39m=[32m"grid-cell"[39m
                    
[33mcontenteditable[39m=[32m"true"[39m
                    
[33mdata-col-id[39m=[32m"supplier"[39m
                  [36m>[39m
                    [0mAutomation Supplier[0m
                  [36m</div>[39m
                  [36m<div[39m
                    
[33mclass[39m=[32m"grid-cell"[39m
                    
[33mcontenteditable[39m=[32m"true"[39m
                    
[33mdata-col-id[39m=[32m"manufacturerPn"[39m
                  [36m>[39m
                    [0m6ES7512-1DK01-0AB0[0m
                  [36m</div>[39m
                  [36m<div[39m
                    
[33mclass[39m=[32m"grid-cell"[39m
                    
[33mcontenteditable[39m=[32m"true"[39m
                    
[33mdata-col-id[39m=[32m"manufacturer"[39m
                  [36m>[39m
                    [0mSiemens[0m
                  [36m</div>[39m
                  [36m<div[39m
                    
[33mclass[39m=[32m"grid-cell"[39m
                    
[33mcontenteditable[39m=[32m"true"[39m
                    
[33mdata-col-id[39m=[32m"description"[39m
                  [36m>[39m
                    [0mSiemens S7-1500 PLC[0m
                  [36m</div>[39m
                  [36m<div[39m
                    
[33mclass[39m=[32m"grid-cell"[39m
                    
[33mcontenteditable[39m=[32m"true"[39m
                    
[33mdata-col-id[39m=[32m"itemType"[39m
                  [36m>[39m
                    [0mcomponent[0m
                  [36m</div>[39m
                  [36m<div[39m
                    
[33mclass[39m=[32m"grid-cell"[39m
                    
[33mdata-col-id[39m=[32m"id"[39m
                  [36m>[39m
                    [0mitem-1[0m
                  [36m</div>[39m
                  [36m<div[39m
                    
[33mclass[39m=[32m"grid-cell"[39m
                  [36m>[39m
                    [36m<button>[39m
                      [0mDelete[0m
                    [36m</button>[39m
                  [36m</div>[39m
                [36m</div>[39m
                [36m<div[39m
                  
[33mclass[39m=[32m"grid-row"[39m
                  
[33mdata-row-id[39m=[32m"item-2"[39m
                  
[33mdata-row-index[39m=[32m"1"[39m
                [36m>[39m
                  [36m<div[39m
                    
[33mclass[39m=[32m"grid-cell"[39m
                    
[33mdata-col-id[39m=[32m"actions"[39m
                  [36m/>[39m
                  [36m<div[39m
                    
[33mclass[39m=[32m"grid-cell"[39m
                    
[33mcontenteditable[39m=[32m"false"[39m
                    
[33mdata-col-id[39m=[32m"totalPrice"[39m
                  [36m>[39m
                    [0m750.00[0m
                  [36m</div>[39m
                  [36m<div[39m
                    
[33mclass[39m=[32m"grid-cell"[39m
                    
[33mcontenteditable[39m=[32m"false"[39m
                    
[33mdata-col-id[39m=[32m"totalCost"[39m
                  [36m>[39m
                    [0m600.00[0m
                  [36m</div>[39m
                  [36m<div[39m
                    
[33mclass[39m=[32m"grid-cell"[39m
                    
[33mcontenteditable[39m=[32m"false"[39m
                    
[33mdata-col-id[39m=[32m"margin"[39m
                  [36m>[39m
                    [0m25%[0m
                  [36m</div>[39m
                  [36m<div[39m
                    
[33mclass[39m=[32m"grid-cell"[39m
                    
[33mcontenteditable[39m=[32m"true"[39m
                    
[33mdata-col-id[39m=[32m"customerPrice"[39m
                  [36m>[39m
                    [0m187.5[0m
                  [36m</div>[39m
                  [36m<div[39m
                    
[33mclass[39m=[32m"grid-cell"[39m
                    
[33mcontenteditable[39m=[32m"true"[39m
                    
[33mdata-col-id[39m=[32m"unitCost"[39m
                  [36m>[39m
                    [0m150[0m
                  [36m</div>[39m
                  [36m<div[39m
                    
[33mclass[39m=[32m"grid-cell"[39m
                    
[33mcontenteditable[39m=[32m"true"[39m
                    
[33mdata-col-id[39m=[32m"quantity"[39m
                  [36m>[39m
                    [0m4[0m
                  [36m</div>[39m
                  [36m<div[39m
                    
[33mclass[39m=[32m"grid-cell"[39m
                    
[33mcontenteditable[39m=[32m"true"[39m
                    
[33mdata-col-id[39m=[32m"supplier"[39m
                  [36m>[39m
                    [0mSensor Supplier[0m
                  [36m</div>[39m
                  [36m<div[39m
                    
[33mclass[39m=[32m"grid-cell"[39m
                    
[33mcontenteditable[39m=[32m"true"[39m
                    
[33mdata-col-id[39m=[32m"manufacturerPn"[39m
                  [36m>[39m
                    [0mQS18VN6D[0m
                  [36m</div>[39m
                  [36m<div[39m
                    
[33mclass[39m=[32m"grid-cell"[39m
                    
[33mcontenteditable[39m=[32m"true"[39m
                    
[33mdata-col-id[39m=[32m"manufacturer"[39m
                  [36m>[39m
                    [0mBanner[0m
                  [36m</div>[39m
                  [36m<div[39m
                    
[33mclass[39m=[32m"grid-cell"[39m
                    
[33mcontenteditable[39m=[32m"true"[39m
                    
[33mdata-col-id[39m=[32m"description"[39m
                  [36m>[39m
                    [0mBanner Photoelectric 
Sensor[0m
                  [36m</div>[39m
                  [36m<div[39m
                    
[33mclass[39m=[32m"grid-cell"[39m
                    
[33mcontenteditable[39m=[32m"true"[39m
                    
[33mdata-col-id[39m=[32m"itemType"[39m
                  [36m>[39m
                    [0mcomponent[0m
                  [36m</div>[39m
                  [36m<div[39m
                    
[33mclass[39m=[32m"grid-cell"[39m
                    
[33mdata-col-id[39m=[32m"id"[39m
                  [36m>[39m
                    [0mitem-2[0m
                  [36m</div>[39m
                  [36m<div[39m
                    
[33mclass[39m=[32m"grid-cell"[39m
                  [36m>[39m
                    [36m<button>[39m
                      [0mDelete[0m
                    [36m</button>[39m
                  [36m</div>[39m
                [36m</div>[39m
                [36m<div[39m
                  
[33mclass[39m=[32m"grid-row"[39m
                  
[33mdata-row-id[39m=[32m"item-3"[39m
                  
[33mdata-row-index[39m=[32m"2"[39m
                [36m>[39m
                  [36m<div[39m
                    
[33mclass[39m=[32m"grid-cell"[39m
                    
[33mdata-col-id[39m=[32m"actions"[39m
                  [36m/>[39m
                  [36m<div[39m
                    
[33mclass[39m=[32m"grid-cell"[39m
                    
[33mcontenteditable[39m=[32m"false"[39m
                    
[33mdata-col-id[39m=[32m"totalPrice"[39m
                  [36m>[39m
                    [0m6500.00[0m
                  [36m</div>[39m
                  [36m<div[39m
                    
[33mclass[39m=[32m"grid-cell"[39m
                    
[33mcontenteditable[39m=[32m"false"[39m
                    
[33mdata-col-id[39m=[32m"totalCost"[39m
                  [36m>[39m
                    [0m5000.00[0m
                  [36m</div>[39m
                  [36m<div[39m
                    
[33mclass[39m=[32m"grid-cell"[39m
                    
[33mcontenteditable[39m=[32m"false"[39m
                    
[33mdata-col-id[39m=[32m"margin"[39m
                  [36m>[39m
                    [0m30%[0m
                  [36m</div>[39m
                  [36m<div[39m
                    
[33mclass[39m=[32m"grid-cell"[39m
                    
[33mcontenteditable[39m=[32m"true"[39m
                    
[33mdata-col-id[39m=[32m"customerPrice"[39m
                  [36m>[39m
                    [0m6500[0m
                  [36m</div>[39m
                  [36m<div[39m
                    
[33mclass[39m=[32m"grid-cell"[39m
                    
[33mcontenteditable[39m=[32m"true"[39m
                    
[33mdata-col-id[39m=[32m"unitCost"[39m
                  [36m>[39m
                    [0m5000[0m
                  [36m</div>[39m
                  [36m<div[39m
                    
[33mclass[39m=[32m"grid-cell"[39m
                    
[33mcontenteditable[39m=[32m"true"[39m
                    
[33mdata-col-id[39m=[32m"quantity"[39m
                  [36m>[39m
                    [0m1[0m
                  [36m</div>[39m
                  [36m<div[39m
                    
[33mclass[39m=[32m"grid-cell"[39m
                    
[33mcontenteditable[39m=[32m"true"[39m
                    
[33mdata-col-id[39m=[32m"supplier"[39m
                  [36m>[39m
                    [0mCustom Builder[0m
                  [36m</div>[39m
                  [36m<div[39m
                    
[33mclass[39m=[32m"grid-cell"[39m
                    
[33mcontenteditable[39m=[32m"true"[39m
                    
[33mdata-col-id[39m=[32m"manufacturerPn"[39m
                  [36m/>[39m
                  [36m<div[39m
                    
[33mclass[39m=[32m"grid-cell"[39m
                    
[33mcontenteditable[39m=[32m"true"[39m
                    
[33mdata-col-id[39m=[32m"manufacturer"[39m
                  [36m>[39m
                    [0mCustom[0m
                  [36m</div>[39m
                  [36m<div[39m
                    
[33mclass[39m=[32m"grid-cell"[39m
                    
[33mcontenteditable[39m=[32m"true"[39m
                    
[33mdata-col-id[39m=[32m"description"[39m
                  [36m>[39m
                    [0mControl Cabinet Assembly[0m
                  [36m</div>[39m
                  [36m<div[39m
                    
[33mclass[39m=[32m"grid-cell"[39m
                    
[33mcontenteditable[39m=[32m"true"[39m
                    
[33mdata-col-id[39m=[32m"itemType"[39m
                  [36m>[39m
                    [0massembly[0m
                  [36m</div>[39m
                  [36m<div[39m
                    
[33mclass[39m=[32m"grid-cell"[39m
                    
[33mdata-col-id[39m=[32m"id"[39m
                  [36m>[39m
                    [0mitem-3[0m
                  [36m</div>[39m
                  [36m<div[39m
                    
[33mclass[39m=[32m"grid-cell"[39m
                  [36m>[39m
                    [36m<button>[39m
                      [0mDelete[0m
                    [36m</button>[39m
                  [36m</div>[39m
                [36m</div>[39m
              [36m</div>[39m
            [36m</div>[39m
          [36m</div>[39m
          [36m<div[39m
            [33mclass[39m=[32m"border-t 
pt-4"[39m
          [36m>[39m
            [36m<div[39m
              [33mclass[39m=[32m"grid 
grid-cols-1 md:grid-cols-4 gap-4"[39m
            [36m>[39m
              [36m<div>[39m
                [36m<div[39m
                  [33mclass[39m=[32m"text-sm 
font-medium text-gray-600"[39m
                [36m>[39m
                  [0mTotal Cost[0m
                [36m</div>[39m
                [36m<div[39m
                  [33mclass[39m=[32m"text-2xl 
font-bold"[39m
                [36m>[39m
                  [0m$8,100.00[0m
                [36m</div>[39m
              [36m</div>[39m
              [36m<div>[39m
                [36m<div[39m
                  [33mclass[39m=[32m"text-sm 
font-medium text-gray-600"[39m
                [36m>[39m
                  [0mTotal Price[0m
                [36m</div>[39m
                [36m<div[39m
                  [33mclass[39m=[32m"text-2xl 
font-bold text-blue-600"[39m
                [36m>[39m
                  [0m$10,375.00[0m
                [36m</div>[39m
              [36m</div>[39m
              [36m<div>[39m
                [36m<div[39m
                  [33mclass[39m=[32m"text-sm 
font-medium text-gray-600"[39m
                [36m>[39m
                  [0mTotal Margin[0m
                [36m</div>[39m
                [36m<div[39m
                  [33mclass[39m=[32m"text-2xl 
font-bold text-green-600"[39m
                [36m>[39m
                  [0m$2,275.00[0m
                [36m</div>[39m
              [36m</div>[39m
              [36m<div>[39m
                [36m<div[39m
                  [33mclass[39m=[32m"text-sm 
font-medium text-gray-600"[39m
                [36m>[39m
                  [0mAverage Margin[0m
                [36m</div>[39m
                [36m<div[39m
                  [33mclass[39m=[32m"text-2xl 
font-bold text-green-600"[39m
                [36m>[39m
                  [0m26.7[0m
                  [0m%[0m
                [36m</div>[39m
              [36m</div>[39m
            [36m</div>[39m
          [36m</div>[39m
        [36m</div>[39m
      [36m</div>[39m
    [36m</div>[39m
  [36m</div>[39m
[36m</body>[39m
[90m [2mΓ¥»[22m Object.getElementError node_modul
es/@testing-library/react/node_modules/@testing-libr
ary/dom/dist/config.js:[2m37:19[22m[39m
[90m [2mΓ¥»[22m getElementError node_modules/@tes
ting-library/react/node_modules/@testing-library/dom
/dist/query-helpers.js:[2m20:35[22m[39m
[90m [2mΓ¥»[22m getMultipleElementsFoundError nod
e_modules/@testing-library/react/node_modules/@testi
ng-library/dom/dist/query-helpers.js:[2m23:10[22m
[39m
[90m [2mΓ¥»[22m node_modules/@testing-library/rea
ct/node_modules/@testing-library/dom/dist/query-help
ers.js:[2m55:13[22m[39m
[90m [2mΓ¥»[22m node_modules/@testing-library/rea
ct/node_modules/@testing-library/dom/dist/query-help
ers.js:[2m95:19[22m[39m
[36m [2mΓ¥»[22m src/components/shared/__tests__/B
OMGrid.test.tsx:[2m117:21[22m[39m
    [90m115| [39m      [34mexpect[39m(screen[33
m.[39m[34mgetByText[39m([32m'Customer Price'[39
m))[33m.[39m[34mtoBeInTheDocument[39m()[33m;[3
9m
    [90m116| [39m      [34mexpect[39m(screen[33
m.[39m[34mgetByText[39m([32m'Margin %'[39m))[3
3m.[39m[34mtoBeInTheDocument[39m()[33m;[39m
    [90m117| [39m      [34mexpect[39m(screen[33
m.[39m[34mgetByText[39m([32m'Total Cost'[39m))
[33m.[39m[34mtoBeInTheDocument[39m()[33m;[39m
    [90m   | [39m                    [31m^[39m
    [90m118| [39m    })[33m;[39m
    [90m119| [39m

[31m[2mΓÄ»ΓÄ»ΓÄ»ΓÄ»ΓÄ»ΓÄ»ΓÄ»ΓÄ»ΓÄ»ΓÄ»ΓÄ»ΓÄ»ΓÄ»ΓÄ»Γ
Ä»ΓÄ»ΓÄ»ΓÄ»ΓÄ»ΓÄ»ΓÄ»ΓÄ»[25/95]ΓÄ»[22m[39m

[31m[1m[7m FAIL [27m[22m[39m src/components/sh
ared/__tests__/BOMGrid.test.tsx[2m > 
[22mBOMGrid[2m > [22mBasic Grid 
Functionality[2m > [22mcalculates and displays 
totals correctly
[31m[1mTestingLibraryElementError[22m[39m: 
Unable to find an element with the text: 
/\$10,625\.00/. This could be because the text is 
broken up by multiple elements. In this case, you 
can provide a function for your text matcher to 
make your matcher more flexible.

Ignored nodes: comments, script, style
[36m<body>[39m
  [36m<div>[39m
    [36m<div[39m
      [33mclass[39m=[32m"rounded-lg border 
bg-card text-card-foreground shadow-sm w-full"[39m
    [36m>[39m
      [36m<div[39m
        [33mclass[39m=[32m"flex flex-col 
space-y-1.5 p-6"[39m
      [36m>[39m
        [36m<div[39m
          [33mclass[39m=[32m"flex 
justify-between items-center"[39m
        [36m>[39m
          [36m<h3[39m
            [33mclass[39m=[32m"font-semibold 
tracking-tight text-xl"[39m
          [36m>[39m
            [0mBill of Materials[0m
          [36m</h3>[39m
          [36m<div[39m
            [33mclass[39m=[32m"flex gap-2"[39m
          [36m>[39m
            [36m<button[39m
              [33mclass[39m=[32m"inline-flex 
items-center justify-center whitespace-nowrap 
text-sm font-medium ring-offset-background 
transition-colors focus-visible:outline-none 
focus-visible:ring-2 focus-visible:ring-ring 
focus-visible:ring-offset-2 
disabled:pointer-events-none disabled:opacity-50 
bg-primary text-primary-foreground 
hover:bg-primary/90 h-9 rounded-md px-3"[39m
            [36m>[39m
              [0mPlus[0m
              [0mAdd Item[0m
            [36m</button>[39m
            [36m<button[39m
              [33mclass[39m=[32m"inline-flex 
items-center justify-center whitespace-nowrap 
text-sm font-medium ring-offset-background 
transition-colors focus-visible:outline-none 
focus-visible:ring-2 focus-visible:ring-ring 
focus-visible:ring-offset-2 
disabled:pointer-events-none disabled:opacity-50 
border border-input bg-background hover:bg-accent 
hover:text-accent-foreground h-9 rounded-md 
px-3"[39m
            [36m>[39m
              [0mCalculator[0m
              [0mApply 25% Markup[0m
            [36m</button>[39m
          [36m</div>[39m
        [36m</div>[39m
      [36m</div>[39m
      [36m<div[39m
        [33mclass[39m=[32m"p-6 pt-0"[39m
      [36m>[39m
        [36m<div[39m
          [33mclass[39m=[32m"space-y-4"[39m
        [36m>[39m
          [36m<div[39m
            
[33mclass[39m=[32m"ag-theme-alpine"[39m
            [33mstyle[39m=[32m"height: 400px; 
width: 100%; direction: rtl;"[39m
          [36m>[39m
            [36m<div[39m
              
[33mclass[39m=[32m"ag-theme-alpine"[39m
              
[33mdata-testid[39m=[32m"ag-grid"[39m
            [36m>[39m
              [36m<div[39m
                
[33mclass[39m=[32m"grid-header"[39m
              [36m>[39m
                [36m<div[39m
                  
[33mclass[39m=[32m"grid-header-cell"[39m
                  
[33mdata-col-id[39m=[32m"actions"[39m
                [36m>[39m
                  [0mActions[0m
                [36m</div>[39m
                [36m<div[39m
                  
[33mclass[39m=[32m"grid-header-cell"[39m
                  
[33mdata-col-id[39m=[32m"totalPrice"[39m
                [36m>[39m
                  [0mTotal Price[0m
                [36m</div>[39m
                [36m<div[39m
                  
[33mclass[39m=[32m"grid-header-cell"[39m
                  
[33mdata-col-id[39m=[32m"totalCost"[39m
                [36m>[39m
                  [0mTotal Cost[0m
                [36m</div>[39m
                [36m<div[39m
                  
[33mclass[39m=[32m"grid-header-cell"[39m
                  
[33mdata-col-id[39m=[32m"margin"[39m
                [36m>[39m
                  [0mMargin %[0m
                [36m</div>[39m
                [36m<div[39m
                  
[33mclass[39m=[32m"grid-header-cell"[39m
                  
[33mdata-col-id[39m=[32m"customerPrice"[39m
                [36m>[39m
                  [0mCustomer Price[0m
                [36m</div>[39m
                [36m<div[39m
                  
[33mclass[39m=[32m"grid-header-cell"[39m
                  
[33mdata-col-id[39m=[32m"unitCost"[39m
                [36m>[39m
                  [0mUnit Cost[0m
                [36m</div>[39m
                [36m<div[39m
                  
[33mclass[39m=[32m"grid-header-cell"[39m
                  
[33mdata-col-id[39m=[32m"quantity"[39m
                [36m>[39m
                  [0mQty[0m
                [36m</div>[39m
                [36m<div[39m
                  
[33mclass[39m=[32m"grid-header-cell"[39m
                  
[33mdata-col-id[39m=[32m"supplier"[39m
                [36m>[39m
                  [0mSupplier[0m
                [36m</div>[39m
                [36m<div[39m
                  
[33mclass[39m=[32m"grid-header-cell"[39m
                  
[33mdata-col-id[39m=[32m"manufacturerPn"[39m
                [36m>[39m
                  [0mMFR P/N[0m
                [36m</div>[39m
                [36m<div[39m
                  
[33mclass[39m=[32m"grid-header-cell"[39m
                  
[33mdata-col-id[39m=[32m"manufacturer"[39m
                [36m>[39m
                  [0mManufacturer[0m
                [36m</div>[39m
                [36m<div[39m
                  
[33mclass[39m=[32m"grid-header-cell"[39m
                  
[33mdata-col-id[39m=[32m"description"[39m
                [36m>[39m
                  [0mDescription[0m
                [36m</div>[39m
                [36m<div[39m
                  
[33mclass[39m=[32m"grid-header-cell"[39m
                  
[33mdata-col-id[39m=[32m"itemType"[39m
                [36m>[39m
                  [0mType[0m
                [36m</div>[39m
                [36m<div[39m
                  
[33mclass[39m=[32m"grid-header-cell"[39m
                  
[33mdata-col-id[39m=[32m"id"[39m
                [36m/>[39m
              [36m</div>[39m
              [36m<div[39m
                
[33mclass[39m=[32m"grid-body"[39m
              [36m>[39m
                [36m<div[39m
                  
[33mclass[39m=[32m"grid-row"[39m
                  
[33mdata-row-id[39m=[32m"item-1"[39m
                  
[33mdata-row-index[39m=[32m"0"[39m
                [36m>[39m
                  [36m<div[39m
                    
[33mclass[39m=[32m"grid-cell"[39m
                    
[33mdata-col-id[39m=[32m"actions"[39m
                  [36m/>[39m
                  [36m<div[39m
                    
[33mclass[39m=[32m"grid-cell"[39m
                    
[33mcontenteditable[39m=[32m"false"[39m
                    
[33mdata-col-id[39m=[32m"totalPrice"[39m
                  [36m>[39m
                    [0m3125.00[0m
                  [36m</div>[39m
                  [36m<div[39m
                    
[33mclass[39m=[32m"grid-cell"[39m
                    
[33mcontenteditable[39m=[32m"false"[39m
                    
[33mdata-col-id[39m=[32m"totalCost"[39m
                  [36m>[39m
                    [0m2500.00[0m
                  [36m</div>[39m
                  [36m<div[39m
                    
[33mclass[39m=[32m"grid-cell"[39m
                    
[33mcontenteditable[39m=[32m"false"[39m
                    
[33mdata-col-id[39m=[32m"margin"[39m
                  [36m>[39m
                    [0m25%[0m
                  [36m</div>[39m
                  [36m<div[39m
                    
[33mclass[39m=[32m"grid-cell"[39m
                    
[33mcontenteditable[39m=[32m"true"[39m
                    
[33mdata-col-id[39m=[32m"customerPrice"[39m
                  [36m>[39m
                    [0m3125[0m
                  [36m</div>[39m
                  [36m<div[39m
                    
[33mclass[39m=[32m"grid-cell"[39m
                    
[33mcontenteditable[39m=[32m"true"[39m
                    
[33mdata-col-id[39m=[32m"unitCost"[39m
                  [36m>[39m
                    [0m2500[0m
                  [36m</div>[39m
                  [36m<div[39m
                    
[33mclass[39m=[32m"grid-cell"[39m
                    
[33mcontenteditable[39m=[32m"true"[39m
                    
[33mdata-col-id[39m=[32m"quantity"[39m
                  [36m>[39m
                    [0m1[0m
                  [36m</div>[39m
                  [36m<div[39m
                    
[33mclass[39m=[32m"grid-cell"[39m
                    
[33mcontenteditable[39m=[32m"true"[39m
                    
[33mdata-col-id[39m=[32m"supplier"[39m
                  [36m>[39m
                    [0mAutomation Supplier[0m
                  [36m</div>[39m
                  [36m<div[39m
                    
[33mclass[39m=[32m"grid-cell"[39m
                    
[33mcontenteditable[39m=[32m"true"[39m
                    
[33mdata-col-id[39m=[32m"manufacturerPn"[39m
                  [36m>[39m
                    [0m6ES7512-1DK01-0AB0[0m
                  [36m</div>[39m
                  [36m<div[39m
                    
[33mclass[39m=[32m"grid-cell"[39m
                    
[33mcontenteditable[39m=[32m"true"[39m
                    
[33mdata-col-id[39m=[32m"manufacturer"[39m
                  [36m>[39m
                    [0mSiemens[0m
                  [36m</div>[39m
                  [36m<div[39m
                    
[33mclass[39m=[32m"grid-cell"[39m
                    
[33mcontenteditable[39m=[32m"true"[39m
                    
[33mdata-col-id[39m=[32m"description"[39m
                  [36m>[39m
                    [0mSiemens S7-1500 PLC[0m
                  [36m</div>[39m
                  [36m<div[39m
                    
[33mclass[39m=[32m"grid-cell"[39m
                    
[33mcontenteditable[39m=[32m"true"[39m
                    
[33mdata-col-id[39m=[32m"itemType"[39m
                  [36m>[39m
                    [0mcomponent[0m
                  [36m</div>[39m
                  [36m<div[39m
                    
[33mclass[39m=[32m"grid-cell"[39m
                    
[33mdata-col-id[39m=[32m"id"[39m
                  [36m>[39m
                    [0mitem-1[0m
                  [36m</div>[39m
                  [36m<div[39m
                    
[33mclass[39m=[32m"grid-cell"[39m
                  [36m>[39m
                    [36m<button>[39m
                      [0mDelete[0m
                    [36m</button>[39m
                  [36m</div>[39m
                [36m</div>[39m
                [36m<div[39m
                  
[33mclass[39m=[32m"grid-row"[39m
                  
[33mdata-row-id[39m=[32m"item-2"[39m
                  
[33mdata-row-index[39m=[32m"1"[39m
                [36m>[39m
                  [36m<div[39m
                    
[33mclass[39m=[32m"grid-cell"[39m
                    
[33mdata-col-id[39m=[32m"actions"[39m
                  [36m/>[39m
                  [36m<div[39m
                    
[33mclass[39m=[32m"grid-cell"[39m
                    
[33mcontenteditable[39m=[32m"false"[39m
                    
[33mdata-col-id[39m=[32m"totalPrice"[39m
                  [36m>[39m
                    [0m750.00[0m
                  [36m</div>[39m
                  [36m<div[39m
                    
[33mclass[39m=[32m"grid-cell"[39m
                    
[33mcontenteditable[39m=[32m"false"[39m
                    
[33mdata-col-id[39m=[32m"totalCost"[39m
                  [36m>[39m
                    [0m600.00[0m
                  [36m</div>[39m
                  [36m<div[39m
                    
[33mclass[39m=[32m"grid-cell"[39m
                    
[33mcontenteditable[39m=[32m"false"[39m
                    
[33mdata-col-id[39m=[32m"margin"[39m
                  [36m>[39m
                    [0m25%[0m
                  [36m</div>[39m
                  [36m<div[39m
                    
[33mclass[39m=[32m"grid-cell"[39m
                    
[33mcontenteditable[39m=[32m"true"[39m
                    
[33mdata-col-id[39m=[32m"customerPrice"[39m
                  [36m>[39m
                    [0m187.5[0m
                  [36m</div>[39m
                  [36m<div[39m
                    
[33mclass[39m=[32m"grid-cell"[39m
                    
[33mcontenteditable[39m=[32m"true"[39m
                    
[33mdata-col-id[39m=[32m"unitCost"[39m
                  [36m>[39m
                    [0m150[0m
                  [36m</div>[39m
                  [36m<div[39m
                    
[33mclass[39m=[32m"grid-cell"[39m
                    
[33mcontenteditable[39m=[32m"true"[39m
                    
[33mdata-col-id[39m=[32m"quantity"[39m
                  [36m>[39m
                    [0m4[0m
                  [36m</div>[39m
                  [36m<div[39m
                    
[33mclass[39m=[32m"grid-cell"[39m
                    
[33mcontenteditable[39m=[32m"true"[39m
                    
[33mdata-col-id[39m=[32m"supplier"[39m
                  [36m>[39m
                    [0mSensor Supplier[0m
                  [36m</div>[39m
                  [36m<div[39m
                    
[33mclass[39m=[32m"grid-cell"[39m
                    
[33mcontenteditable[39m=[32m"true"[39m
                    
[33mdata-col-id[39m=[32m"manufacturerPn"[39m
                  [36m>[39m
                    [0mQS18VN6D[0m
                  [36m</div>[39m
                  [36m<div[39m
                    
[33mclass[39m=[32m"grid-cell"[39m
                    
[33mcontenteditable[39m=[32m"true"[39m
                    
[33mdata-col-id[39m=[32m"manufacturer"[39m
                  [36m>[39m
                    [0mBanner[0m
                  [36m</div>[39m
                  [36m<div[39m
                    
[33mclass[39m=[32m"grid-cell"[39m
                    
[33mcontenteditable[39m=[32m"true"[39m
                    
[33mdata-col-id[39m=[32m"description"[39m
                  [36m>[39m
                    [0mBanner Photoelectric 
Sensor[0m
                  [36m</div>[39m
                  [36m<div[39m
                    
[33mclass[39m=[32m"grid-cell"[39m
                    
[33mcontenteditable[39m=[32m"true"[39m
                    
[33mdata-col-id[39m=[32m"itemType"[39m
                  [36m>[39m
                    [0mcomponent[0m
                  [36m</div>[39m
                  [36m<div[39m
                    
[33mclass[39m=[32m"grid-cell"[39m
                    
[33mdata-col-id[39m=[32m"id"[39m
                  [36m>[39m
                    [0mitem-2[0m
                  [36m</div>[39m
                  [36m<div[39m
                    
[33mclass[39m=[32m"grid-cell"[39m
                  [36m>[39m
                    [36m<button>[39m
                      [0mDelete[0m
                    [36m</button>[39m
                  [36m</div>[39m
                [36m</div>[39m
                [36m<div[39m
                  
[33mclass[39m=[32m"grid-row"[39m
                  
[33mdata-row-id[39m=[32m"item-3"[39m
                  
[33mdata-row-index[39m=[32m"2"[39m
                [36m>[39m
                  [36m<div[39m
                    
[33mclass[39m=[32m"grid-cell"[39m
                    
[33mdata-col-id[39m=[32m"actions"[39m
                  [36m/>[39m
                  [36m<div[39m
                    
[33mclass[39m=[32m"grid-cell"[39m
                    
[33mcontenteditable[39m=[32m"false"[39m
                    
[33mdata-col-id[39m=[32m"totalPrice"[39m
                  [36m>[39m
                    [0m6500.00[0m
                  [36m</div>[39m
                  [36m<div[39m
                    
[33mclass[39m=[32m"grid-cell"[39m
                    
[33mcontenteditable[39m=[32m"false"[39m
                    
[33mdata-col-id[39m=[32m"totalCost"[39m
                  [36m>[39m
                    [0m5000.00[0m
                  [36m</div>[39m
                  [36m<div[39m
                    
[33mclass[39m=[32m"grid-cell"[39m
                    
[33mcontenteditable[39m=[32m"false"[39m
                    
[33mdata-col-id[39m=[32m"margin"[39m
                  [36m>[39m
                    [0m30%[0m
                  [36m</div>[39m
                  [36m<div[39m
                    
[33mclass[39m=[32m"grid-cell"[39m
                    
[33mcontenteditable[39m=[32m"true"[39m
                    
[33mdata-col-id[39m=[32m"customerPrice"[39m
                  [36m>[39m
                    [0m6500[0m
                  [36m</div>[39m
                  [36m<div[39m
                    
[33mclass[39m=[32m"grid-cell"[39m
                    
[33mcontenteditable[39m=[32m"true"[39m
                    
[33mdata-col-id[39m=[32m"unitCost"[39m
                  [36m>[39m
                    [0m5000[0m
                  [36m</div>[39m
                  [36m<div[39m
                    
[33mclass[39m=[32m"grid-cell"[39m
                    
[33mcontenteditable[39m=[32m"true"[39m
                    
[33mdata-col-id[39m=[32m"quantity"[39m
                  [36m>[39m
                    [0m1[0m
                  [36m</div>[39m
                  [36m<div[39m
                    
[33mclass[39m=[32m"grid-cell"[39m
                    
[33mcontenteditable[39m=[32m"true"[39m
                    
[33mdata-col-id[39m=[32m"supplier"[39m
                  [36m>[39m
                    [0mCustom Builder[0m
                  [36m</div>[39m
                  [36m<div[39m
                    
[33mclass[39m=[32m"grid-cell"[39m
                    
[33mcontenteditable[39m=[32m"true"[39m
                    
[33mdata-col-id[39m=[32m"manufacturerPn"[39m
                  [36m/>[39m
                  [36m<div[39m
                    
[33mclass[39m=[32m"grid-cell"[39m
                    
[33mcontenteditable[39m=[32m"true"[39m
                    
[33mdata-col-id[39m=[32m"manufacturer"[39m
                  [36m>[39m
                    [0mCustom[0m
                  [36m</div>[39m
                  [36m<div[39m
                    
[33mclass[39m=[32m"grid-cell"[39m
                    
[33mcontenteditable[39m=[32m"true"[39m
                    
[33mdata-col-id[39m=[32m"description"[39m
                  [36m>[39m
                    [0mControl Cabinet Assembly[0m
                  [36m</div>[39m
                  [36m<div[39m
                    
[33mclass[39m=[32m"grid-cell"[39m
                    
[33mcontenteditable[39m=[32m"true"[39m
                    
[33mdata-col-id[39m=[32m"itemType"[39m
                  [36m>[39m
                    [0massembly[0m
                  [36m</div>[39m
                  [36m<div[39m
                    
[33mclass[39m=[32m"grid-cell"[39m
                    
[33mdata-col-id[39m=[32m"id"[39m
                  [36m>[39m
                    [0mitem-3[0m
                  [36m</div>[39m
                  [36m<div[39m
                    
[33mclass[39m=[32m"grid-cell"[39m
                  [36m>[39m
                    [36m<button>[39m
                      [0mDelete[0m
                    [36m</button>[39m
                  [36m</div>[39m
                [36m</div>[39m
              [36m</div>[39m
            [36m</div>[39m
          [36m</div>[39m
          [36m<div[39m
            [33mclass[39m=[32m"border-t 
pt-4"[39m
          [36m>[39m
            [36m<div[39m
              [33mclass[39m=[32m"grid 
grid-cols-1 md:grid-cols-4 gap-4"[39m
            [36m>[39m
              [36m<div>[39m
                [36m<div[39m
                  [33mclass[39m=[32m"text-sm 
font-medium text-gray-600"[39m
                [36m>[39m
                  [0mTotal Cost[0m
                [36m</div>[39m
                [36m<div[39m
                  [33mclass[39m=[32m"text-2xl 
font-bold"[39m
                [36m>[39m
                  [0m$8,100.00[0m
                [36m</div>[39m
              [36m</div>[39m
              [36m<div>[39m
                [36m<div[39m
                  [33mclass[39m=[32m"text-sm 
font-medium text-gray-600"[39m
                [36m>[39m
                  [0mTotal Price[0m
                [36m</div>[39m
                [36m<div[39m
                  [33mclass[39m=[32m"text-2xl 
font-bold text-blue-600"[39m
                [36m>[39m
                  [0m$10,375.00[0m
                [36m</div>[39m
              [36m</div>[39m
              [36m<div>[39m
                [36m<div[39m
                  [33mclass[39m=[32m"text-sm 
font-medium text-gray-600"[39m
                [36m>[39m
                  [0mTotal Margin[0m
                [36m</div>[39m
                [36m<div[39m
                  [33mclass[39m=[32m"text-2xl 
font-bold text-green-600"[39m
                [36m>[39m
                  [0m$2,275.00[0m
                [36m</div>[39m
              [36m</div>[39m
              [36m<div>[39m
                [36m<div[39m
                  [33mclass[39m=[32m"text-sm 
font-medium text-gray-600"[39m
                [36m>[39m
                  [0mAverage Margin[0m
                [36m</div>[39m
                [36m<div[39m
                  [33mclass[39m=[32m"text-2xl 
font-bold text-green-600"[39m
                [36m>[39m
                  [0m26.7[0m
                  [0m%[0m
                [36m</div>[39m
              [36m</div>[39m
            [36m</div>[39m
          [36m</div>[39m
        [36m</div>[39m
      [36m</div>[39m
    [36m</div>[39m
  [36m</div>[39m
[36m</body>[39m
[90m [2mΓ¥»[22m Object.getElementError node_modul
es/@testing-library/react/node_modules/@testing-libr
ary/dom/dist/config.js:[2m37:19[22m[39m
[90m [2mΓ¥»[22m node_modules/@testing-library/rea
ct/node_modules/@testing-library/dom/dist/query-help
ers.js:[2m76:38[22m[39m
[90m [2mΓ¥»[22m node_modules/@testing-library/rea
ct/node_modules/@testing-library/dom/dist/query-help
ers.js:[2m52:17[22m[39m
[90m [2mΓ¥»[22m node_modules/@testing-library/rea
ct/node_modules/@testing-library/dom/dist/query-help
ers.js:[2m95:19[22m[39m
[36m [2mΓ¥»[22m src/components/shared/__tests__/B
OMGrid.test.tsx:[2m131:21[22m[39m
    [90m129| [39m
    [90m130| [39m      [34mexpect[39m(screen[33
m.[39m[34mgetByText[39m([36m/\$8,100\.00/[39m))
[33m.[39m[34mtoBeInTheDocument[39m()[33m;[39m 
[90m// [39mΓÇª
    [90m131| [39m      [34mexpect[39m(screen[33
m.[39m[34mgetByText[39m([36m/\$10,625\.00/[39m)
)[33m.[39m[34mtoBeInTheDocument[39m()[33m;[39m
 [90m//[39mΓÇª
    [90m   | [39m                    [31m^[39m
    [90m132| [39m      [34mexpect[39m(screen[33
m.[39m[34mgetByText[39m([36m/\$2,525\.00/[39m))
[33m.[39m[34mtoBeInTheDocument[39m()[33m;[39m 
[90m// [39mΓÇª
    [90m133| [39m    })[33m;[39m

[31m[2mΓÄ»ΓÄ»ΓÄ»ΓÄ»ΓÄ»ΓÄ»ΓÄ»ΓÄ»ΓÄ»ΓÄ»ΓÄ»ΓÄ»ΓÄ»ΓÄ»Γ
Ä»ΓÄ»ΓÄ»ΓÄ»ΓÄ»ΓÄ»ΓÄ»ΓÄ»[26/95]ΓÄ»[22m[39m

[31m[1m[7m FAIL [27m[22m[39m src/components/sh
ared/__tests__/BOMGrid.test.tsx[2m > 
[22mBOMGrid[2m > [22mBasic Grid 
Functionality[2m > [22mshows add item button when 
editing is allowed
[31m[1mTestingLibraryElementError[22m[39m: 
Unable to find an element with the text: Add Item. 
This could be because the text is broken up by 
multiple elements. In this case, you can provide a 
function for your text matcher to make your matcher 
more flexible.

Ignored nodes: comments, script, style
[36m<body>[39m
  [36m<div>[39m
    [36m<div[39m
      [33mclass[39m=[32m"rounded-lg border 
bg-card text-card-foreground shadow-sm w-full"[39m
    [36m>[39m
      [36m<div[39m
        [33mclass[39m=[32m"flex flex-col 
space-y-1.5 p-6"[39m
      [36m>[39m
        [36m<div[39m
          [33mclass[39m=[32m"flex 
justify-between items-center"[39m
        [36m>[39m
          [36m<h3[39m
            [33mclass[39m=[32m"font-semibold 
tracking-tight text-xl"[39m
          [36m>[39m
            [0mBill of Materials[0m
          [36m</h3>[39m
          [36m<div[39m
            [33mclass[39m=[32m"flex gap-2"[39m
          [36m>[39m
            [36m<button[39m
              [33mclass[39m=[32m"inline-flex 
items-center justify-center whitespace-nowrap 
text-sm font-medium ring-offset-background 
transition-colors focus-visible:outline-none 
focus-visible:ring-2 focus-visible:ring-ring 
focus-visible:ring-offset-2 
disabled:pointer-events-none disabled:opacity-50 
bg-primary text-primary-foreground 
hover:bg-primary/90 h-9 rounded-md px-3"[39m
            [36m>[39m
              [0mPlus[0m
              [0mAdd Item[0m
            [36m</button>[39m
            [36m<button[39m
              [33mclass[39m=[32m"inline-flex 
items-center justify-center whitespace-nowrap 
text-sm font-medium ring-offset-background 
transition-colors focus-visible:outline-none 
focus-visible:ring-2 focus-visible:ring-ring 
focus-visible:ring-offset-2 
disabled:pointer-events-none disabled:opacity-50 
border border-input bg-background hover:bg-accent 
hover:text-accent-foreground h-9 rounded-md 
px-3"[39m
            [36m>[39m
              [0mCalculator[0m
              [0mApply 25% Markup[0m
            [36m</button>[39m
          [36m</div>[39m
        [36m</div>[39m
      [36m</div>[39m
      [36m<div[39m
        [33mclass[39m=[32m"p-6 pt-0"[39m
      [36m>[39m
        [36m<div[39m
          [33mclass[39m=[32m"space-y-4"[39m
        [36m>[39m
          [36m<div[39m
            
[33mclass[39m=[32m"ag-theme-alpine"[39m
            [33mstyle[39m=[32m"height: 400px; 
width: 100%; direction: rtl;"[39m
          [36m>[39m
            [36m<div[39m
              
[33mclass[39m=[32m"ag-theme-alpine"[39m
              
[33mdata-testid[39m=[32m"ag-grid"[39m
            [36m>[39m
              [36m<div[39m
                
[33mclass[39m=[32m"grid-header"[39m
              [36m>[39m
                [36m<div[39m
                  
[33mclass[39m=[32m"grid-header-cell"[39m
                  
[33mdata-col-id[39m=[32m"actions"[39m
                [36m>[39m
                  [0mActions[0m
                [36m</div>[39m
                [36m<div[39m
                  
[33mclass[39m=[32m"grid-header-cell"[39m
                  
[33mdata-col-id[39m=[32m"totalPrice"[39m
                [36m>[39m
                  [0mTotal Price[0m
                [36m</div>[39m
                [36m<div[39m
                  
[33mclass[39m=[32m"grid-header-cell"[39m
                  
[33mdata-col-id[39m=[32m"totalCost"[39m
                [36m>[39m
                  [0mTotal Cost[0m
                [36m</div>[39m
                [36m<div[39m
                  
[33mclass[39m=[32m"grid-header-cell"[39m
                  
[33mdata-col-id[39m=[32m"margin"[39m
                [36m>[39m
                  [0mMargin %[0m
                [36m</div>[39m
                [36m<div[39m
                  
[33mclass[39m=[32m"grid-header-cell"[39m
                  
[33mdata-col-id[39m=[32m"customerPrice"[39m
                [36m>[39m
                  [0mCustomer Price[0m
                [36m</div>[39m
                [36m<div[39m
                  
[33mclass[39m=[32m"grid-header-cell"[39m
                  
[33mdata-col-id[39m=[32m"unitCost"[39m
                [36m>[39m
                  [0mUnit Cost[0m
                [36m</div>[39m
                [36m<div[39m
                  
[33mclass[39m=[32m"grid-header-cell"[39m
                  
[33mdata-col-id[39m=[32m"quantity"[39m
                [36m>[39m
                  [0mQty[0m
                [36m</div>[39m
                [36m<div[39m
                  
[33mclass[39m=[32m"grid-header-cell"[39m
                  
[33mdata-col-id[39m=[32m"supplier"[39m
                [36m>[39m
                  [0mSupplier[0m
                [36m</div>[39m
                [36m<div[39m
                  
[33mclass[39m=[32m"grid-header-cell"[39m
                  
[33mdata-col-id[39m=[32m"manufacturerPn"[39m
                [36m>[39m
                  [0mMFR P/N[0m
                [36m</div>[39m
                [36m<div[39m
                  
[33mclass[39m=[32m"grid-header-cell"[39m
                  
[33mdata-col-id[39m=[32m"manufacturer"[39m
                [36m>[39m
                  [0mManufacturer[0m
                [36m</div>[39m
                [36m<div[39m
                  
[33mclass[39m=[32m"grid-header-cell"[39m
                  
[33mdata-col-id[39m=[32m"description"[39m
                [36m>[39m
                  [0mDescription[0m
                [36m</div>[39m
                [36m<div[39m
                  
[33mclass[39m=[32m"grid-header-cell"[39m
                  
[33mdata-col-id[39m=[32m"itemType"[39m
                [36m>[39m
                  [0mType[0m
                [36m</div>[39m
                [36m<div[39m
                  
[33mclass[39m=[32m"grid-header-cell"[39m
                  
[33mdata-col-id[39m=[32m"id"[39m
                [36m/>[39m
              [36m</div>[39m
              [36m<div[39m
                
[33mclass[39m=[32m"grid-body"[39m
              [36m>[39m
                [36m<div[39m
                  
[33mclass[39m=[32m"grid-row"[39m
                  
[33mdata-row-id[39m=[32m"item-1"[39m
                  
[33mdata-row-index[39m=[32m"0"[39m
                [36m>[39m
                  [36m<div[39m
                    
[33mclass[39m=[32m"grid-cell"[39m
                    
[33mdata-col-id[39m=[32m"actions"[39m
                  [36m/>[39m
                  [36m<div[39m
                    
[33mclass[39m=[32m"grid-cell"[39m
                    
[33mcontenteditable[39m=[32m"false"[39m
                    
[33mdata-col-id[39m=[32m"totalPrice"[39m
                  [36m>[39m
                    [0m3125.00[0m
                  [36m</div>[39m
                  [36m<div[39m
                    
[33mclass[39m=[32m"grid-cell"[39m
                    
[33mcontenteditable[39m=[32m"false"[39m
                    
[33mdata-col-id[39m=[32m"totalCost"[39m
                  [36m>[39m
                    [0m2500.00[0m
                  [36m</div>[39m
                  [36m<div[39m
                    
[33mclass[39m=[32m"grid-cell"[39m
                    
[33mcontenteditable[39m=[32m"false"[39m
                    
[33mdata-col-id[39m=[32m"margin"[39m
                  [36m>[39m
                    [0m25%[0m
                  [36m</div>[39m
                  [36m<div[39m
                    
[33mclass[39m=[32m"grid-cell"[39m
                    
[33mcontenteditable[39m=[32m"true"[39m
                    
[33mdata-col-id[39m=[32m"customerPrice"[39m
                  [36m>[39m
                    [0m3125[0m
                  [36m</div>[39m
                  [36m<div[39m
                    
[33mclass[39m=[32m"grid-cell"[39m
                    
[33mcontenteditable[39m=[32m"true"[39m
                    
[33mdata-col-id[39m=[32m"unitCost"[39m
                  [36m>[39m
                    [0m2500[0m
                  [36m</div>[39m
                  [36m<div[39m
                    
[33mclass[39m=[32m"grid-cell"[39m
                    
[33mcontenteditable[39m=[32m"true"[39m
                    
[33mdata-col-id[39m=[32m"quantity"[39m
                  [36m>[39m
                    [0m1[0m
                  [36m</div>[39m
                  [36m<div[39m
                    
[33mclass[39m=[32m"grid-cell"[39m
                    
[33mcontenteditable[39m=[32m"true"[39m
                    
[33mdata-col-id[39m=[32m"supplier"[39m
                  [36m>[39m
                    [0mAutomation Supplier[0m
                  [36m</div>[39m
                  [36m<div[39m
                    
[33mclass[39m=[32m"grid-cell"[39m
                    
[33mcontenteditable[39m=[32m"true"[39m
                    
[33mdata-col-id[39m=[32m"manufacturerPn"[39m
                  [36m>[39m
                    [0m6ES7512-1DK01-0AB0[0m
                  [36m</div>[39m
                  [36m<div[39m
                    
[33mclass[39m=[32m"grid-cell"[39m
                    
[33mcontenteditable[39m=[32m"true"[39m
                    
[33mdata-col-id[39m=[32m"manufacturer"[39m
                  [36m>[39m
                    [0mSiemens[0m
                  [36m</div>[39m
                  [36m<div[39m
                    
[33mclass[39m=[32m"grid-cell"[39m
                    
[33mcontenteditable[39m=[32m"true"[39m
                    
[33mdata-col-id[39m=[32m"description"[39m
                  [36m>[39m
                    [0mSiemens S7-1500 PLC[0m
                  [36m</div>[39m
                  [36m<div[39m
                    
[33mclass[39m=[32m"grid-cell"[39m
                    
[33mcontenteditable[39m=[32m"true"[39m
                    
[33mdata-col-id[39m=[32m"itemType"[39m
                  [36m>[39m
                    [0mcomponent[0m
                  [36m</div>[39m
                  [36m<div[39m
                    
[33mclass[39m=[32m"grid-cell"[39m
                    
[33mdata-col-id[39m=[32m"id"[39m
                  [36m>[39m
                    [0mitem-1[0m
                  [36m</div>[39m
                  [36m<div[39m
                    
[33mclass[39m=[32m"grid-cell"[39m
                  [36m>[39m
                    [36m<button>[39m
                      [0mDelete[0m
                    [36m</button>[39m
                  [36m</div>[39m
                [36m</div>[39m
                [36m<div[39m
                  
[33mclass[39m=[32m"grid-row"[39m
                  
[33mdata-row-id[39m=[32m"item-2"[39m
                  
[33mdata-row-index[39m=[32m"1"[39m
                [36m>[39m
                  [36m<div[39m
                    
[33mclass[39m=[32m"grid-cell"[39m
                    
[33mdata-col-id[39m=[32m"actions"[39m
                  [36m/>[39m
                  [36m<div[39m
                    
[33mclass[39m=[32m"grid-cell"[39m
                    
[33mcontenteditable[39m=[32m"false"[39m
                    
[33mdata-col-id[39m=[32m"totalPrice"[39m
                  [36m>[39m
                    [0m750.00[0m
                  [36m</div>[39m
                  [36m<div[39m
                    
[33mclass[39m=[32m"grid-cell"[39m
                    
[33mcontenteditable[39m=[32m"false"[39m
                    
[33mdata-col-id[39m=[32m"totalCost"[39m
                  [36m>[39m
                    [0m600.00[0m
                  [36m</div>[39m
                  [36m<div[39m
                    
[33mclass[39m=[32m"grid-cell"[39m
                    
[33mcontenteditable[39m=[32m"false"[39m
                    
[33mdata-col-id[39m=[32m"margin"[39m
                  [36m>[39m
                    [0m25%[0m
                  [36m</div>[39m
                  [36m<div[39m
                    
[33mclass[39m=[32m"grid-cell"[39m
                    
[33mcontenteditable[39m=[32m"true"[39m
                    
[33mdata-col-id[39m=[32m"customerPrice"[39m
                  [36m>[39m
                    [0m187.5[0m
                  [36m</div>[39m
                  [36m<div[39m
                    
[33mclass[39m=[32m"grid-cell"[39m
                    
[33mcontenteditable[39m=[32m"true"[39m
                    
[33mdata-col-id[39m=[32m"unitCost"[39m
                  [36m>[39m
                    [0m150[0m
                  [36m</div>[39m
                  [36m<div[39m
                    
[33mclass[39m=[32m"grid-cell"[39m
                    
[33mcontenteditable[39m=[32m"true"[39m
                    
[33mdata-col-id[39m=[32m"quantity"[39m
                  [36m>[39m
                    [0m4[0m
                  [36m</div>[39m
                  [36m<div[39m
                    
[33mclass[39m=[32m"grid-cell"[39m
                    
[33mcontenteditable[39m=[32m"true"[39m
                    
[33mdata-col-id[39m=[32m"supplier"[39m
                  [36m>[39m
                    [0mSensor Supplier[0m
                  [36m</div>[39m
                  [36m<div[39m
                    
[33mclass[39m=[32m"grid-cell"[39m
                    
[33mcontenteditable[39m=[32m"true"[39m
                    
[33mdata-col-id[39m=[32m"manufacturerPn"[39m
                  [36m>[39m
                    [0mQS18VN6D[0m
                  [36m</div>[39m
                  [36m<div[39m
                    
[33mclass[39m=[32m"grid-cell"[39m
                    
[33mcontenteditable[39m=[32m"true"[39m
                    
[33mdata-col-id[39m=[32m"manufacturer"[39m
                  [36m>[39m
                    [0mBanner[0m
                  [36m</div>[39m
                  [36m<div[39m
                    
[33mclass[39m=[32m"grid-cell"[39m
                    
[33mcontenteditable[39m=[32m"true"[39m
                    
[33mdata-col-id[39m=[32m"description"[39m
                  [36m>[39m
                    [0mBanner Photoelectric 
Sensor[0m
                  [36m</div>[39m
                  [36m<div[39m
                    
[33mclass[39m=[32m"grid-cell"[39m
                    
[33mcontenteditable[39m=[32m"true"[39m
                    
[33mdata-col-id[39m=[32m"itemType"[39m
                  [36m>[39m
                    [0mcomponent[0m
                  [36m</div>[39m
                  [36m<div[39m
                    
[33mclass[39m=[32m"grid-cell"[39m
                    
[33mdata-col-id[39m=[32m"id"[39m
                  [36m>[39m
                    [0mitem-2[0m
                  [36m</div>[39m
                  [36m<div[39m
                    
[33mclass[39m=[32m"grid-cell"[39m
                  [36m>[39m
                    [36m<button>[39m
                      [0mDelete[0m
                    [36m</button>[39m
                  [36m</div>[39m
                [36m</div>[39m
                [36m<div[39m
                  
[33mclass[39m=[32m"grid-row"[39m
                  
[33mdata-row-id[39m=[32m"item-3"[39m
                  
[33mdata-row-index[39m=[32m"2"[39m
                [36m>[39m
                  [36m<div[39m
                    
[33mclass[39m=[32m"grid-cell"[39m
                    
[33mdata-col-id[39m=[32m"actions"[39m
                  [36m/>[39m
                  [36m<div[39m
                    
[33mclass[39m=[32m"grid-cell"[39m
                    
[33mcontenteditable[39m=[32m"false"[39m
                    
[33mdata-col-id[39m=[32m"totalPrice"[39m
                  [36m>[39m
                    [0m6500.00[0m
                  [36m</div>[39m
                  [36m<div[39m
                    
[33mclass[39m=[32m"grid-cell"[39m
                    
[33mcontenteditable[39m=[32m"false"[39m
                    
[33mdata-col-id[39m=[32m"totalCost"[39m
                  [36m>[39m
                    [0m5000.00[0m
                  [36m</div>[39m
                  [36m<div[39m
                    
[33mclass[39m=[32m"grid-cell"[39m
                    
[33mcontenteditable[39m=[32m"false"[39m
                    
[33mdata-col-id[39m=[32m"margin"[39m
                  [36m>[39m
                    [0m30%[0m
                  [36m</div>[39m
                  [36m<div[39m
                    
[33mclass[39m=[32m"grid-cell"[39m
                    
[33mcontenteditable[39m=[32m"true"[39m
                    
[33mdata-col-id[39m=[32m"customerPrice"[39m
                  [36m>[39m
                    [0m6500[0m
                  [36m</div>[39m
                  [36m<div[39m
                    
[33mclass[39m=[32m"grid-cell"[39m
                    
[33mcontenteditable[39m=[32m"true"[39m
                    
[33mdata-col-id[39m=[32m"unitCost"[39m
                  [36m>[39m
                    [0m5000[0m
                  [36m</div>[39m
                  [36m<div[39m
                    
[33mclass[39m=[32m"grid-cell"[39m
                    
[33mcontenteditable[39m=[32m"true"[39m
                    
[33mdata-col-id[39m=[32m"quantity"[39m
                  [36m>[39m
                    [0m1[0m
                  [36m</div>[39m
                  [36m<div[39m
                    
[33mclass[39m=[32m"grid-cell"[39m
                    
[33mcontenteditable[39m=[32m"true"[39m
                    
[33mdata-col-id[39m=[32m"supplier"[39m
                  [36m>[39m
                    [0mCustom Builder[0m
                  [36m</div>[39m
                  [36m<div[39m
                    
[33mclass[39m=[32m"grid-cell"[39m
                    
[33mcontenteditable[39m=[32m"true"[39m
                    
[33mdata-col-id[39m=[32m"manufacturerPn"[39m
                  [36m/>[39m
                  [36m<div[39m
                    
[33mclass[39m=[32m"grid-cell"[39m
                    
[33mcontenteditable[39m=[32m"true"[39m
                    
[33mdata-col-id[39m=[32m"manufacturer"[39m
                  [36m>[39m
                    [0mCustom[0m
                  [36m</div>[39m
                  [36m<div[39m
                    
[33mclass[39m=[32m"grid-cell"[39m
                    
[33mcontenteditable[39m=[32m"true"[39m
                    
[33mdata-col-id[39m=[32m"description"[39m
                  [36m>[39m
                    [0mControl Cabinet Assembly[0m
                  [36m</div>[39m
                  [36m<div[39m
                    
[33mclass[39m=[32m"grid-cell"[39m
                    
[33mcontenteditable[39m=[32m"true"[39m
                    
[33mdata-col-id[39m=[32m"itemType"[39m
                  [36m>[39m
                    [0massembly[0m
                  [36m</div>[39m
                  [36m<div[39m
                    
[33mclass[39m=[32m"grid-cell"[39m
                    
[33mdata-col-id[39m=[32m"id"[39m
                  [36m>[39m
                    [0mitem-3[0m
                  [36m</div>[39m
                  [36m<div[39m
                    
[33mclass[39m=[32m"grid-cell"[39m
                  [36m>[39m
                    [36m<button>[39m
                      [0mDelete[0m
                    [36m</button>[39m
                  [36m</div>[39m
                [36m</div>[39m
              [36m</div>[39m
            [36m</div>[39m
          [36m</div>[39m
          [36m<div[39m
            [33mclass[39m=[32m"border-t 
pt-4"[39m
          [36m>[39m
            [36m<div[39m
              [33mclass[39m=[32m"grid 
grid-cols-1 md:grid-cols-4 gap-4"[39m
            [36m>[39m
              [36m<div>[39m
                [36m<div[39m
                  [33mclass[39m=[32m"text-sm 
font-medium text-gray-600"[39m
                [36m>[39m
                  [0mTotal Cost[0m
                [36m</div>[39m
                [36m<div[39m
                  [33mclass[39m=[32m"text-2xl 
font-bold"[39m
                [36m>[39m
                  [0m$8,100.00[0m
                [36m</div>[39m
              [36m</div>[39m
              [36m<div>[39m
                [36m<div[39m
                  [33mclass[39m=[32m"text-sm 
font-medium text-gray-600"[39m
                [36m>[39m
                  [0mTotal Price[0m
                [36m</div>[39m
                [36m<div[39m
                  [33mclass[39m=[32m"text-2xl 
font-bold text-blue-600"[39m
                [36m>[39m
                  [0m$10,375.00[0m
                [36m</div>[39m
              [36m</div>[39m
              [36m<div>[39m
                [36m<div[39m
                  [33mclass[39m=[32m"text-sm 
font-medium text-gray-600"[39m
                [36m>[39m
                  [0mTotal Margin[0m
                [36m</div>[39m
                [36m<div[39m
                  [33mclass[39m=[32m"text-2xl 
font-bold text-green-600"[39m
                [36m>[39m
                  [0m$2,275.00[0m
                [36m</div>[39m
              [36m</div>[39m
              [36m<div>[39m
                [36m<div[39m
                  [33mclass[39m=[32m"text-sm 
font-medium text-gray-600"[39m
                [36m>[39m
                  [0mAverage Margin[0m
                [36m</div>[39m
                [36m<div[39m
                  [33mclass[39m=[32m"text-2xl 
font-bold text-green-600"[39m
                [36m>[39m
                  [0m26.7[0m
                  [0m%[0m
                [36m</div>[39m
              [36m</div>[39m
            [36m</div>[39m
          [36m</div>[39m
        [36m</div>[39m
      [36m</div>[39m
    [36m</div>[39m
  [36m</div>[39m
[36m</body>[39m
[90m [2mΓ¥»[22m Object.getElementError node_modul
es/@testing-library/react/node_modules/@testing-libr
ary/dom/dist/config.js:[2m37:19[22m[39m
[90m [2mΓ¥»[22m node_modules/@testing-library/rea
ct/node_modules/@testing-library/dom/dist/query-help
ers.js:[2m76:38[22m[39m
[90m [2mΓ¥»[22m node_modules/@testing-library/rea
ct/node_modules/@testing-library/dom/dist/query-help
ers.js:[2m52:17[22m[39m
[90m [2mΓ¥»[22m node_modules/@testing-library/rea
ct/node_modules/@testing-library/dom/dist/query-help
ers.js:[2m95:19[22m[39m
[36m [2mΓ¥»[22m src/components/shared/__tests__/B
OMGrid.test.tsx:[2m138:32[22m[39m
    [90m136| [39m      
[34mrender[39m([33m<[39m[33mBOMGrid[39m 
[33m{[39m[33m...[39mdefaultProps[33m}[39m 
[33m/[39m[33m>[39m)[33m;[39m
    [90m137| [39m
    [90m138| [39m      [35mconst[39m addButton 
[33m=[39m 
screen[33m.[39m[34mgetByText[39m([32m'Add 
Item'[39m)[33m;[39m
    [90m   | [39m                               
[31m^[39m
    [90m139| [39m      [34mexpect[39m(addButton)
[33m.[39m[34mtoBeInTheDocument[39m()[33m;[39m
    [90m140| [39m    })[33m;[39m

[31m[2mΓÄ»ΓÄ»ΓÄ»ΓÄ»ΓÄ»ΓÄ»ΓÄ»ΓÄ»ΓÄ»ΓÄ»ΓÄ»ΓÄ»ΓÄ»ΓÄ»Γ
Ä»ΓÄ»ΓÄ»ΓÄ»ΓÄ»ΓÄ»ΓÄ»ΓÄ»[27/95]ΓÄ»[22m[39m

[31m[1m[7m FAIL [27m[22m[39m src/components/sh
ared/__tests__/BOMGrid.test.tsx[2m > 
[22mBOMGrid[2m > [22mCell Editing[2m > 
[22mprevents editing when readonly is true
[31m[1mError[22m: [2mexpect([22m[31melement[3
1m[2m).toHaveAttribute([22m[32m[32m"contentedita
ble"[32m[31m[2m, 
[22m[32m[32m"false"[32m[31m[2m) // 
element.getAttribute("contenteditable") === 
"false"[22m

Expected the element to have attribute:
[32m  contenteditable="false"[31m
Received:
[31m  contenteditable="true"[31m[39m
[36m [2mΓ¥»[22m src/components/shared/__tests__/B
OMGrid.test.tsx:[2m167:31[22m[39m
    [90m165| [39m
    [90m166| [39m      [35mconst[39m 
descriptionCell [33m=[39m 
screen[33m.[39m[34mgetByText[39m([32m'Siemens 
S7-1500 PLC'[39m)[33m;[39m
    [90m167| [39m      [34mexpect[39m(descriptio
nCell)[33m.[39m[34mtoHaveAttribute[39m([32m'con
tenteditable'[39m[33m,[39m [32m'fals[39mΓÇª
    [90m   | [39m                              
[31m^[39m
    [90m168| [39m    })[33m;[39m
    [90m169| [39m

[31m[2mΓÄ»ΓÄ»ΓÄ»ΓÄ»ΓÄ»ΓÄ»ΓÄ»ΓÄ»ΓÄ»ΓÄ»ΓÄ»ΓÄ»ΓÄ»ΓÄ»Γ
Ä»ΓÄ»ΓÄ»ΓÄ»ΓÄ»ΓÄ»ΓÄ»ΓÄ»[28/95]ΓÄ»[22m[39m

[31m[1m[7m FAIL [27m[22m[39m src/components/sh
ared/__tests__/BOMGrid.test.tsx[2m > 
[22mBOMGrid[2m > [22mCell Editing[2m > 
[22mrecalculates totals when quantity changes
[31m[1mError[22m: The element content to be 
cleared could not be selected.[39m
[90m [2mΓ¥»[22m Object.clear ../../Claude%20Code/
CPQ-System/node_modules/@testing-library/user-event/
dist/esm/utility/clear.js:[2m25:15[22m[39m
[90m [2mΓ¥»[22m ../../Claude%20Code/CPQ-System/no
de_modules/@testing-library/user-event/dist/esm/setu
p/setup.js:[2m83:35[22m[39m
[90m [2mΓ¥»[22m Object.asyncWrapper node_modules/
@testing-library/dom/dist/config.js:[2m23:23[22m[
39m
[90m [2mΓ¥»[22m wrapAsync ../../Claude%20Code/CPQ
-System/node_modules/@testing-library/user-event/dis
t/esm/setup/wrapAsync.js:[2m6:24[22m[39m
[90m [2mΓ¥»[22m Object.method [as clear] ../../Cl
aude%20Code/CPQ-System/node_modules/@testing-library
/user-event/dist/esm/setup/setup.js:[2m83:16[22m[
39m
[36m [2mΓ¥»[22m src/components/shared/__tests__/B
OMGrid.test.tsx:[2m182:20[22m[39m
    [90m180| [39m      [35mif[39m 
(firstQuantityCell) {
    [90m181| [39m        [90m// Change quantity 
from 1 to 2[39m
    [90m182| [39m        [35mawait[39m user[33m
.[39m[34mclear[39m(firstQuantityCell)[33m;[39m
    [90m   | [39m                   [31m^[39m
    [90m183| [39m        [35mawait[39m user[33m
.[39m[34mtype[39m(firstQuantityCell[33m,[39m 
[32m'2'[39m)[33m;[39m
    [90m184| [39m

[31m[2mΓÄ»ΓÄ»ΓÄ»ΓÄ»ΓÄ»ΓÄ»ΓÄ»ΓÄ»ΓÄ»ΓÄ»ΓÄ»ΓÄ»ΓÄ»ΓÄ»Γ
Ä»ΓÄ»ΓÄ»ΓÄ»ΓÄ»ΓÄ»ΓÄ»ΓÄ»[29/95]ΓÄ»[22m[39m

[31m[1m[7m FAIL [27m[22m[39m src/components/sh
ared/__tests__/BOMGrid.test.tsx[2m > 
[22mBOMGrid[2m > [22mBOM-Specific Features[2m > 
[22mapplies markup correctly when apply markup 
button is clicked
[31m[1mTestingLibraryElementError[22m[39m: 
Unable to find an element with the text: Apply 25% 
Markup. This could be because the text is broken up 
by multiple elements. In this case, you can provide 
a function for your text matcher to make your 
matcher more flexible.

Ignored nodes: comments, script, style
[36m<body>[39m
  [36m<div>[39m
    [36m<div[39m
      [33mclass[39m=[32m"rounded-lg border 
bg-card text-card-foreground shadow-sm w-full"[39m
    [36m>[39m
      [36m<div[39m
        [33mclass[39m=[32m"flex flex-col 
space-y-1.5 p-6"[39m
      [36m>[39m
        [36m<div[39m
          [33mclass[39m=[32m"flex 
justify-between items-center"[39m
        [36m>[39m
          [36m<h3[39m
            [33mclass[39m=[32m"font-semibold 
tracking-tight text-xl"[39m
          [36m>[39m
            [0mBill of Materials[0m
          [36m</h3>[39m
          [36m<div[39m
            [33mclass[39m=[32m"flex gap-2"[39m
          [36m>[39m
            [36m<button[39m
              [33mclass[39m=[32m"inline-flex 
items-center justify-center whitespace-nowrap 
text-sm font-medium ring-offset-background 
transition-colors focus-visible:outline-none 
focus-visible:ring-2 focus-visible:ring-ring 
focus-visible:ring-offset-2 
disabled:pointer-events-none disabled:opacity-50 
bg-primary text-primary-foreground 
hover:bg-primary/90 h-9 rounded-md px-3"[39m
            [36m>[39m
              [0mPlus[0m
              [0mAdd Item[0m
            [36m</button>[39m
            [36m<button[39m
              [33mclass[39m=[32m"inline-flex 
items-center justify-center whitespace-nowrap 
text-sm font-medium ring-offset-background 
transition-colors focus-visible:outline-none 
focus-visible:ring-2 focus-visible:ring-ring 
focus-visible:ring-offset-2 
disabled:pointer-events-none disabled:opacity-50 
border border-input bg-background hover:bg-accent 
hover:text-accent-foreground h-9 rounded-md 
px-3"[39m
            [36m>[39m
              [0mCalculator[0m
              [0mApply 25% Markup[0m
            [36m</button>[39m
          [36m</div>[39m
        [36m</div>[39m
      [36m</div>[39m
      [36m<div[39m
        [33mclass[39m=[32m"p-6 pt-0"[39m
      [36m>[39m
        [36m<div[39m
          [33mclass[39m=[32m"space-y-4"[39m
        [36m>[39m
          [36m<div[39m
            
[33mclass[39m=[32m"ag-theme-alpine"[39m
            [33mstyle[39m=[32m"height: 400px; 
width: 100%; direction: rtl;"[39m
          [36m>[39m
            [36m<div[39m
              
[33mclass[39m=[32m"ag-theme-alpine"[39m
              
[33mdata-testid[39m=[32m"ag-grid"[39m
            [36m>[39m
              [36m<div[39m
                
[33mclass[39m=[32m"grid-header"[39m
              [36m>[39m
                [36m<div[39m
                  
[33mclass[39m=[32m"grid-header-cell"[39m
                  
[33mdata-col-id[39m=[32m"actions"[39m
                [36m>[39m
                  [0mActions[0m
                [36m</div>[39m
                [36m<div[39m
                  
[33mclass[39m=[32m"grid-header-cell"[39m
                  
[33mdata-col-id[39m=[32m"totalPrice"[39m
                [36m>[39m
                  [0mTotal Price[0m
                [36m</div>[39m
                [36m<div[39m
                  
[33mclass[39m=[32m"grid-header-cell"[39m
                  
[33mdata-col-id[39m=[32m"totalCost"[39m
                [36m>[39m
                  [0mTotal Cost[0m
                [36m</div>[39m
                [36m<div[39m
                  
[33mclass[39m=[32m"grid-header-cell"[39m
                  
[33mdata-col-id[39m=[32m"margin"[39m
                [36m>[39m
                  [0mMargin %[0m
                [36m</div>[39m
                [36m<div[39m
                  
[33mclass[39m=[32m"grid-header-cell"[39m
                  
[33mdata-col-id[39m=[32m"customerPrice"[39m
                [36m>[39m
                  [0mCustomer Price[0m
                [36m</div>[39m
                [36m<div[39m
                  
[33mclass[39m=[32m"grid-header-cell"[39m
                  
[33mdata-col-id[39m=[32m"unitCost"[39m
                [36m>[39m
                  [0mUnit Cost[0m
                [36m</div>[39m
                [36m<div[39m
                  
[33mclass[39m=[32m"grid-header-cell"[39m
                  
[33mdata-col-id[39m=[32m"quantity"[39m
                [36m>[39m
                  [0mQty[0m
                [36m</div>[39m
                [36m<div[39m
                  
[33mclass[39m=[32m"grid-header-cell"[39m
                  
[33mdata-col-id[39m=[32m"supplier"[39m
                [36m>[39m
                  [0mSupplier[0m
                [36m</div>[39m
                [36m<div[39m
                  
[33mclass[39m=[32m"grid-header-cell"[39m
                  
[33mdata-col-id[39m=[32m"manufacturerPn"[39m
                [36m>[39m
                  [0mMFR P/N[0m
                [36m</div>[39m
                [36m<div[39m
                  
[33mclass[39m=[32m"grid-header-cell"[39m
                  
[33mdata-col-id[39m=[32m"manufacturer"[39m
                [36m>[39m
                  [0mManufacturer[0m
                [36m</div>[39m
                [36m<div[39m
                  
[33mclass[39m=[32m"grid-header-cell"[39m
                  
[33mdata-col-id[39m=[32m"description"[39m
                [36m>[39m
                  [0mDescription[0m
                [36m</div>[39m
                [36m<div[39m
                  
[33mclass[39m=[32m"grid-header-cell"[39m
                  
[33mdata-col-id[39m=[32m"itemType"[39m
                [36m>[39m
                  [0mType[0m
                [36m</div>[39m
                [36m<div[39m
                  
[33mclass[39m=[32m"grid-header-cell"[39m
                  
[33mdata-col-id[39m=[32m"id"[39m
                [36m/>[39m
              [36m</div>[39m
              [36m<div[39m
                
[33mclass[39m=[32m"grid-body"[39m
              [36m>[39m
                [36m<div[39m
                  
[33mclass[39m=[32m"grid-row"[39m
                  
[33mdata-row-id[39m=[32m"item-1"[39m
                  
[33mdata-row-index[39m=[32m"0"[39m
                [36m>[39m
                  [36m<div[39m
                    
[33mclass[39m=[32m"grid-cell"[39m
                    
[33mdata-col-id[39m=[32m"actions"[39m
                  [36m/>[39m
                  [36m<div[39m
                    
[33mclass[39m=[32m"grid-cell"[39m
                    
[33mcontenteditable[39m=[32m"false"[39m
                    
[33mdata-col-id[39m=[32m"totalPrice"[39m
                  [36m>[39m
                    [0m3125.00[0m
                  [36m</div>[39m
                  [36m<div[39m
                    
[33mclass[39m=[32m"grid-cell"[39m
                    
[33mcontenteditable[39m=[32m"false"[39m
                    
[33mdata-col-id[39m=[32m"totalCost"[39m
                  [36m>[39m
                    [0m2500.00[0m
                  [36m</div>[39m
                  [36m<div[39m
                    
[33mclass[39m=[32m"grid-cell"[39m
                    
[33mcontenteditable[39m=[32m"false"[39m
                    
[33mdata-col-id[39m=[32m"margin"[39m
                  [36m>[39m
                    [0m25%[0m
                  [36m</div>[39m
                  [36m<div[39m
                    
[33mclass[39m=[32m"grid-cell"[39m
                    
[33mcontenteditable[39m=[32m"true"[39m
                    
[33mdata-col-id[39m=[32m"customerPrice"[39m
                  [36m>[39m
                    [0m3125[0m
                  [36m</div>[39m
                  [36m<div[39m
                    
[33mclass[39m=[32m"grid-cell"[39m
                    
[33mcontenteditable[39m=[32m"true"[39m
                    
[33mdata-col-id[39m=[32m"unitCost"[39m
                  [36m>[39m
                    [0m2500[0m
                  [36m</div>[39m
                  [36m<div[39m
                    
[33mclass[39m=[32m"grid-cell"[39m
                    
[33mcontenteditable[39m=[32m"true"[39m
                    
[33mdata-col-id[39m=[32m"quantity"[39m
                  [36m>[39m
                    [0m1[0m
                  [36m</div>[39m
                  [36m<div[39m
                    
[33mclass[39m=[32m"grid-cell"[39m
                    
[33mcontenteditable[39m=[32m"true"[39m
                    
[33mdata-col-id[39m=[32m"supplier"[39m
                  [36m>[39m
                    [0mAutomation Supplier[0m
                  [36m</div>[39m
                  [36m<div[39m
                    
[33mclass[39m=[32m"grid-cell"[39m
                    
[33mcontenteditable[39m=[32m"true"[39m
                    
[33mdata-col-id[39m=[32m"manufacturerPn"[39m
                  [36m>[39m
                    [0m6ES7512-1DK01-0AB0[0m
                  [36m</div>[39m
                  [36m<div[39m
                    
[33mclass[39m=[32m"grid-cell"[39m
                    
[33mcontenteditable[39m=[32m"true"[39m
                    
[33mdata-col-id[39m=[32m"manufacturer"[39m
                  [36m>[39m
                    [0mSiemens[0m
                  [36m</div>[39m
                  [36m<div[39m
                    
[33mclass[39m=[32m"grid-cell"[39m
                    
[33mcontenteditable[39m=[32m"true"[39m
                    
[33mdata-col-id[39m=[32m"description"[39m
                  [36m>[39m
                    [0mSiemens S7-1500 PLC[0m
                  [36m</div>[39m
                  [36m<div[39m
                    
[33mclass[39m=[32m"grid-cell"[39m
                    
[33mcontenteditable[39m=[32m"true"[39m
                    
[33mdata-col-id[39m=[32m"itemType"[39m
                  [36m>[39m
                    [0mcomponent[0m
                  [36m</div>[39m
                  [36m<div[39m
                    
[33mclass[39m=[32m"grid-cell"[39m
                    
[33mdata-col-id[39m=[32m"id"[39m
                  [36m>[39m
                    [0mitem-1[0m
                  [36m</div>[39m
                  [36m<div[39m
                    
[33mclass[39m=[32m"grid-cell"[39m
                  [36m>[39m
                    [36m<button>[39m
                      [0mDelete[0m
                    [36m</button>[39m
                  [36m</div>[39m
                [36m</div>[39m
                [36m<div[39m
                  
[33mclass[39m=[32m"grid-row"[39m
                  
[33mdata-row-id[39m=[32m"item-2"[39m
                  
[33mdata-row-index[39m=[32m"1"[39m
                [36m>[39m
                  [36m<div[39m
                    
[33mclass[39m=[32m"grid-cell"[39m
                    
[33mdata-col-id[39m=[32m"actions"[39m
                  [36m/>[39m
                  [36m<div[39m
                    
[33mclass[39m=[32m"grid-cell"[39m
                    
[33mcontenteditable[39m=[32m"false"[39m
                    
[33mdata-col-id[39m=[32m"totalPrice"[39m
                  [36m>[39m
                    [0m750.00[0m
                  [36m</div>[39m
                  [36m<div[39m
                    
[33mclass[39m=[32m"grid-cell"[39m
                    
[33mcontenteditable[39m=[32m"false"[39m
                    
[33mdata-col-id[39m=[32m"totalCost"[39m
                  [36m>[39m
                    [0m600.00[0m
                  [36m</div>[39m
                  [36m<div[39m
                    
[33mclass[39m=[32m"grid-cell"[39m
                    
[33mcontenteditable[39m=[32m"false"[39m
                    
[33mdata-col-id[39m=[32m"margin"[39m
                  [36m>[39m
                    [0m25%[0m
                  [36m</div>[39m
                  [36m<div[39m
                    
[33mclass[39m=[32m"grid-cell"[39m
                    
[33mcontenteditable[39m=[32m"true"[39m
                    
[33mdata-col-id[39m=[32m"customerPrice"[39m
                  [36m>[39m
                    [0m187.5[0m
                  [36m</div>[39m
                  [36m<div[39m
                    
[33mclass[39m=[32m"grid-cell"[39m
                    
[33mcontenteditable[39m=[32m"true"[39m
                    
[33mdata-col-id[39m=[32m"unitCost"[39m
                  [36m>[39m
                    [0m150[0m
                  [36m</div>[39m
                  [36m<div[39m
                    
[33mclass[39m=[32m"grid-cell"[39m
                    
[33mcontenteditable[39m=[32m"true"[39m
                    
[33mdata-col-id[39m=[32m"quantity"[39m
                  [36m>[39m
                    [0m4[0m
                  [36m</div>[39m
                  [36m<div[39m
                    
[33mclass[39m=[32m"grid-cell"[39m
                    
[33mcontenteditable[39m=[32m"true"[39m
                    
[33mdata-col-id[39m=[32m"supplier"[39m
                  [36m>[39m
                    [0mSensor Supplier[0m
                  [36m</div>[39m
                  [36m<div[39m
                    
[33mclass[39m=[32m"grid-cell"[39m
                    
[33mcontenteditable[39m=[32m"true"[39m
                    
[33mdata-col-id[39m=[32m"manufacturerPn"[39m
                  [36m>[39m
                    [0mQS18VN6D[0m
                  [36m</div>[39m
                  [36m<div[39m
                    
[33mclass[39m=[32m"grid-cell"[39m
                    
[33mcontenteditable[39m=[32m"true"[39m
                    
[33mdata-col-id[39m=[32m"manufacturer"[39m
                  [36m>[39m
                    [0mBanner[0m
                  [36m</div>[39m
                  [36m<div[39m
                    
[33mclass[39m=[32m"grid-cell"[39m
                    
[33mcontenteditable[39m=[32m"true"[39m
                    
[33mdata-col-id[39m=[32m"description"[39m
                  [36m>[39m
                    [0mBanner Photoelectric 
Sensor[0m
                  [36m</div>[39m
                  [36m<div[39m
                    
[33mclass[39m=[32m"grid-cell"[39m
                    
[33mcontenteditable[39m=[32m"true"[39m
                    
[33mdata-col-id[39m=[32m"itemType"[39m
                  [36m>[39m
                    [0mcomponent[0m
                  [36m</div>[39m
                  [36m<div[39m
                    
[33mclass[39m=[32m"grid-cell"[39m
                    
[33mdata-col-id[39m=[32m"id"[39m
                  [36m>[39m
                    [0mitem-2[0m
                  [36m</div>[39m
                  [36m<div[39m
                    
[33mclass[39m=[32m"grid-cell"[39m
                  [36m>[39m
                    [36m<button>[39m
                      [0mDelete[0m
                    [36m</button>[39m
                  [36m</div>[39m
                [36m</div>[39m
                [36m<div[39m
                  
[33mclass[39m=[32m"grid-row"[39m
                  
[33mdata-row-id[39m=[32m"item-3"[39m
                  
[33mdata-row-index[39m=[32m"2"[39m
                [36m>[39m
                  [36m<div[39m
                    
[33mclass[39m=[32m"grid-cell"[39m
                    
[33mdata-col-id[39m=[32m"actions"[39m
                  [36m/>[39m
                  [36m<div[39m
                    
[33mclass[39m=[32m"grid-cell"[39m
                    
[33mcontenteditable[39m=[32m"false"[39m
                    
[33mdata-col-id[39m=[32m"totalPrice"[39m
                  [36m>[39m
                    [0m6500.00[0m
                  [36m</div>[39m
                  [36m<div[39m
                    
[33mclass[39m=[32m"grid-cell"[39m
                    
[33mcontenteditable[39m=[32m"false"[39m
                    
[33mdata-col-id[39m=[32m"totalCost"[39m
                  [36m>[39m
                    [0m5000.00[0m
                  [36m</div>[39m
                  [36m<div[39m
                    
[33mclass[39m=[32m"grid-cell"[39m
                    
[33mcontenteditable[39m=[32m"false"[39m
                    
[33mdata-col-id[39m=[32m"margin"[39m
                  [36m>[39m
                    [0m30%[0m
                  [36m</div>[39m
                  [36m<div[39m
                    
[33mclass[39m=[32m"grid-cell"[39m
                    
[33mcontenteditable[39m=[32m"true"[39m
                    
[33mdata-col-id[39m=[32m"customerPrice"[39m
                  [36m>[39m
                    [0m6500[0m
                  [36m</div>[39m
                  [36m<div[39m
                    
[33mclass[39m=[32m"grid-cell"[39m
                    
[33mcontenteditable[39m=[32m"true"[39m
                    
[33mdata-col-id[39m=[32m"unitCost"[39m
                  [36m>[39m
                    [0m5000[0m
                  [36m</div>[39m
                  [36m<div[39m
                    
[33mclass[39m=[32m"grid-cell"[39m
                    
[33mcontenteditable[39m=[32m"true"[39m
                    
[33mdata-col-id[39m=[32m"quantity"[39m
                  [36m>[39m
                    [0m1[0m
                  [36m</div>[39m
                  [36m<div[39m
                    
[33mclass[39m=[32m"grid-cell"[39m
                    
[33mcontenteditable[39m=[32m"true"[39m
                    
[33mdata-col-id[39m=[32m"supplier"[39m
                  [36m>[39m
                    [0mCustom Builder[0m
                  [36m</div>[39m
                  [36m<div[39m
                    
[33mclass[39m=[32m"grid-cell"[39m
                    
[33mcontenteditable[39m=[32m"true"[39m
                    
[33mdata-col-id[39m=[32m"manufacturerPn"[39m
                  [36m/>[39m
                  [36m<div[39m
                    
[33mclass[39m=[32m"grid-cell"[39m
                    
[33mcontenteditable[39m=[32m"true"[39m
                    
[33mdata-col-id[39m=[32m"manufacturer"[39m
                  [36m>[39m
                    [0mCustom[0m
                  [36m</div>[39m
                  [36m<div[39m
                    
[33mclass[39m=[32m"grid-cell"[39m
                    
[33mcontenteditable[39m=[32m"true"[39m
                    
[33mdata-col-id[39m=[32m"description"[39m
                  [36m>[39m
                    [0mControl Cabinet Assembly[0m
                  [36m</div>[39m
                  [36m<div[39m
                    
[33mclass[39m=[32m"grid-cell"[39m
                    
[33mcontenteditable[39m=[32m"true"[39m
                    
[33mdata-col-id[39m=[32m"itemType"[39m
                  [36m>[39m
                    [0massembly[0m
                  [36m</div>[39m
                  [36m<div[39m
                    
[33mclass[39m=[32m"grid-cell"[39m
                    
[33mdata-col-id[39m=[32m"id"[39m
                  [36m>[39m
                    [0mitem-3[0m
                  [36m</div>[39m
                  [36m<div[39m
                    
[33mclass[39m=[32m"grid-cell"[39m
                  [36m>[39m
                    [36m<button>[39m
                      [0mDelete[0m
                    [36m</button>[39m
                  [36m</div>[39m
                [36m</div>[39m
              [36m</div>[39m
            [36m</div>[39m
          [36m</div>[39m
          [36m<div[39m
            [33mclass[39m=[32m"border-t 
pt-4"[39m
          [36m>[39m
            [36m<div[39m
              [33mclass[39m=[32m"grid 
grid-cols-1 md:grid-cols-4 gap-4"[39m
            [36m>[39m
              [36m<div>[39m
                [36m<div[39m
                  [33mclass[39m=[32m"text-sm 
font-medium text-gray-600"[39m
                [36m>[39m
                  [0mTotal Cost[0m
                [36m</div>[39m
                [36m<div[39m
                  [33mclass[39m=[32m"text-2xl 
font-bold"[39m
                [36m>[39m
                  [0m$8,100.00[0m
                [36m</div>[39m
              [36m</div>[39m
              [36m<div>[39m
                [36m<div[39m
                  [33mclass[39m=[32m"text-sm 
font-medium text-gray-600"[39m
                [36m>[39m
                  [0mTotal Price[0m
                [36m</div>[39m
                [36m<div[39m
                  [33mclass[39m=[32m"text-2xl 
font-bold text-blue-600"[39m
                [36m>[39m
                  [0m$10,375.00[0m
                [36m</div>[39m
              [36m</div>[39m
              [36m<div>[39m
                [36m<div[39m
                  [33mclass[39m=[32m"text-sm 
font-medium text-gray-600"[39m
                [36m>[39m
                  [0mTotal Margin[0m
                [36m</div>[39m
                [36m<div[39m
                  [33mclass[39m=[32m"text-2xl 
font-bold text-green-600"[39m
                [36m>[39m
                  [0m$2,275.00[0m
                [36m</div>[39m
              [36m</div>[39m
              [36m<div>[39m
                [36m<div[39m
                  [33mclass[39m=[32m"text-sm 
font-medium text-gray-600"[39m
                [36m>[39m
                  [0mAverage Margin[0m
                [36m</div>[39m
                [36m<div[39m
                  [33mclass[39m=[32m"text-2xl 
font-bold text-green-600"[39m
                [36m>[39m
                  [0m26.7[0m
                  [0m%[0m
                [36m</div>[39m
              [36m</div>[39m
            [36m</div>[39m
          [36m</div>[39m
        [36m</div>[39m
      [36m</div>[39m
    [36m</div>[39m
  [36m</div>[39m
[36m</body>[39m
[90m [2mΓ¥»[22m Object.getElementError node_modul
es/@testing-library/react/node_modules/@testing-libr
ary/dom/dist/config.js:[2m37:19[22m[39m
[90m [2mΓ¥»[22m node_modules/@testing-library/rea
ct/node_modules/@testing-library/dom/dist/query-help
ers.js:[2m76:38[22m[39m
[90m [2mΓ¥»[22m node_modules/@testing-library/rea
ct/node_modules/@testing-library/dom/dist/query-help
ers.js:[2m52:17[22m[39m
[90m [2mΓ¥»[22m node_modules/@testing-library/rea
ct/node_modules/@testing-library/dom/dist/query-help
ers.js:[2m95:19[22m[39m
[36m [2mΓ¥»[22m src/components/shared/__tests__/B
OMGrid.test.tsx:[2m218:35[22m[39m
    [90m216| [39m      
[34mrender[39m([33m<[39m[33mBOMGrid[39m 
[33m{[39m[33m...[39mdefaultProps[33m}[39m 
[33m/[39m[33m>[39m)[33m;[39m
    [90m217| [39m
    [90m218| [39m      [35mconst[39m 
markupButton [33m=[39m 
screen[33m.[39m[34mgetByText[39m([32m'Apply 
25% Markup'[39m)[33m;[39m
    [90m   | [39m                                 
 [31m^[39m
    [90m219| [39m      [35mawait[39m user[33m.
[39m[34mclick[39m(markupButton)[33m;[39m
    [90m220| [39m

[31m[2mΓÄ»ΓÄ»ΓÄ»ΓÄ»ΓÄ»ΓÄ»ΓÄ»ΓÄ»ΓÄ»ΓÄ»ΓÄ»ΓÄ»ΓÄ»ΓÄ»Γ
Ä»ΓÄ»ΓÄ»ΓÄ»ΓÄ»ΓÄ»ΓÄ»ΓÄ»[30/95]ΓÄ»[22m[39m

[31m[1m[7m FAIL [27m[22m[39m src/components/sh
ared/__tests__/BOMGrid.test.tsx[2m > 
[22mBOMGrid[2m > [22mBOM-Specific Features[2m > 
[22mdisplays item types with correct badges
[31m[1mTestingLibraryElementError[22m[39m: 
Unable to find an element with the text: COMPONENT. 
This could be because the text is broken up by 
multiple elements. In this case, you can provide a 
function for your text matcher to make your matcher 
more flexible.

Ignored nodes: comments, script, style
[36m<body>[39m
  [36m<div>[39m
    [36m<div[39m
      [33mclass[39m=[32m"rounded-lg border 
bg-card text-card-foreground shadow-sm w-full"[39m
    [36m>[39m
      [36m<div[39m
        [33mclass[39m=[32m"flex flex-col 
space-y-1.5 p-6"[39m
      [36m>[39m
        [36m<div[39m
          [33mclass[39m=[32m"flex 
justify-between items-center"[39m
        [36m>[39m
          [36m<h3[39m
            [33mclass[39m=[32m"font-semibold 
tracking-tight text-xl"[39m
          [36m>[39m
            [0mBill of Materials[0m
          [36m</h3>[39m
          [36m<div[39m
            [33mclass[39m=[32m"flex gap-2"[39m
          [36m>[39m
            [36m<button[39m
              [33mclass[39m=[32m"inline-flex 
items-center justify-center whitespace-nowrap 
text-sm font-medium ring-offset-background 
transition-colors focus-visible:outline-none 
focus-visible:ring-2 focus-visible:ring-ring 
focus-visible:ring-offset-2 
disabled:pointer-events-none disabled:opacity-50 
bg-primary text-primary-foreground 
hover:bg-primary/90 h-9 rounded-md px-3"[39m
            [36m>[39m
              [0mPlus[0m
              [0mAdd Item[0m
            [36m</button>[39m
            [36m<button[39m
              [33mclass[39m=[32m"inline-flex 
items-center justify-center whitespace-nowrap 
text-sm font-medium ring-offset-background 
transition-colors focus-visible:outline-none 
focus-visible:ring-2 focus-visible:ring-ring 
focus-visible:ring-offset-2 
disabled:pointer-events-none disabled:opacity-50 
border border-input bg-background hover:bg-accent 
hover:text-accent-foreground h-9 rounded-md 
px-3"[39m
            [36m>[39m
              [0mCalculator[0m
              [0mApply 25% Markup[0m
            [36m</button>[39m
          [36m</div>[39m
        [36m</div>[39m
      [36m</div>[39m
      [36m<div[39m
        [33mclass[39m=[32m"p-6 pt-0"[39m
      [36m>[39m
        [36m<div[39m
          [33mclass[39m=[32m"space-y-4"[39m
        [36m>[39m
          [36m<div[39m
            
[33mclass[39m=[32m"ag-theme-alpine"[39m
            [33mstyle[39m=[32m"height: 400px; 
width: 100%; direction: rtl;"[39m
          [36m>[39m
            [36m<div[39m
              
[33mclass[39m=[32m"ag-theme-alpine"[39m
              
[33mdata-testid[39m=[32m"ag-grid"[39m
            [36m>[39m
              [36m<div[39m
                
[33mclass[39m=[32m"grid-header"[39m
              [36m>[39m
                [36m<div[39m
                  
[33mclass[39m=[32m"grid-header-cell"[39m
                  
[33mdata-col-id[39m=[32m"actions"[39m
                [36m>[39m
                  [0mActions[0m
                [36m</div>[39m
                [36m<div[39m
                  
[33mclass[39m=[32m"grid-header-cell"[39m
                  
[33mdata-col-id[39m=[32m"totalPrice"[39m
                [36m>[39m
                  [0mTotal Price[0m
                [36m</div>[39m
                [36m<div[39m
                  
[33mclass[39m=[32m"grid-header-cell"[39m
                  
[33mdata-col-id[39m=[32m"totalCost"[39m
                [36m>[39m
                  [0mTotal Cost[0m
                [36m</div>[39m
                [36m<div[39m
                  
[33mclass[39m=[32m"grid-header-cell"[39m
                  
[33mdata-col-id[39m=[32m"margin"[39m
                [36m>[39m
                  [0mMargin %[0m
                [36m</div>[39m
                [36m<div[39m
                  
[33mclass[39m=[32m"grid-header-cell"[39m
                  
[33mdata-col-id[39m=[32m"customerPrice"[39m
                [36m>[39m
                  [0mCustomer Price[0m
                [36m</div>[39m
                [36m<div[39m
                  
[33mclass[39m=[32m"grid-header-cell"[39m
                  
[33mdata-col-id[39m=[32m"unitCost"[39m
                [36m>[39m
                  [0mUnit Cost[0m
                [36m</div>[39m
                [36m<div[39m
                  
[33mclass[39m=[32m"grid-header-cell"[39m
                  
[33mdata-col-id[39m=[32m"quantity"[39m
                [36m>[39m
                  [0mQty[0m
                [36m</div>[39m
                [36m<div[39m
                  
[33mclass[39m=[32m"grid-header-cell"[39m
                  
[33mdata-col-id[39m=[32m"supplier"[39m
                [36m>[39m
                  [0mSupplier[0m
                [36m</div>[39m
                [36m<div[39m
                  
[33mclass[39m=[32m"grid-header-cell"[39m
                  
[33mdata-col-id[39m=[32m"manufacturerPn"[39m
                [36m>[39m
                  [0mMFR P/N[0m
                [36m</div>[39m
                [36m<div[39m
                  
[33mclass[39m=[32m"grid-header-cell"[39m
                  
[33mdata-col-id[39m=[32m"manufacturer"[39m
                [36m>[39m
                  [0mManufacturer[0m
                [36m</div>[39m
                [36m<div[39m
                  
[33mclass[39m=[32m"grid-header-cell"[39m
                  
[33mdata-col-id[39m=[32m"description"[39m
                [36m>[39m
                  [0mDescription[0m
                [36m</div>[39m
                [36m<div[39m
                  
[33mclass[39m=[32m"grid-header-cell"[39m
                  
[33mdata-col-id[39m=[32m"itemType"[39m
                [36m>[39m
                  [0mType[0m
                [36m</div>[39m
                [36m<div[39m
                  
[33mclass[39m=[32m"grid-header-cell"[39m
                  
[33mdata-col-id[39m=[32m"id"[39m
                [36m/>[39m
              [36m</div>[39m
              [36m<div[39m
                
[33mclass[39m=[32m"grid-body"[39m
              [36m>[39m
                [36m<div[39m
                  
[33mclass[39m=[32m"grid-row"[39m
                  
[33mdata-row-id[39m=[32m"item-1"[39m
                  
[33mdata-row-index[39m=[32m"0"[39m
                [36m>[39m
                  [36m<div[39m
                    
[33mclass[39m=[32m"grid-cell"[39m
                    
[33mdata-col-id[39m=[32m"actions"[39m
                  [36m/>[39m
                  [36m<div[39m
                    
[33mclass[39m=[32m"grid-cell"[39m
                    
[33mcontenteditable[39m=[32m"false"[39m
                    
[33mdata-col-id[39m=[32m"totalPrice"[39m
                  [36m>[39m
                    [0m3125.00[0m
                  [36m</div>[39m
                  [36m<div[39m
                    
[33mclass[39m=[32m"grid-cell"[39m
                    
[33mcontenteditable[39m=[32m"false"[39m
                    
[33mdata-col-id[39m=[32m"totalCost"[39m
                  [36m>[39m
                    [0m2500.00[0m
                  [36m</div>[39m
                  [36m<div[39m
                    
[33mclass[39m=[32m"grid-cell"[39m
                    
[33mcontenteditable[39m=[32m"false"[39m
                    
[33mdata-col-id[39m=[32m"margin"[39m
                  [36m>[39m
                    [0m25%[0m
                  [36m</div>[39m
                  [36m<div[39m
                    
[33mclass[39m=[32m"grid-cell"[39m
                    
[33mcontenteditable[39m=[32m"true"[39m
                    
[33mdata-col-id[39m=[32m"customerPrice"[39m
                  [36m>[39m
                    [0m3125[0m
                  [36m</div>[39m
                  [36m<div[39m
                    
[33mclass[39m=[32m"grid-cell"[39m
                    
[33mcontenteditable[39m=[32m"true"[39m
                    
[33mdata-col-id[39m=[32m"unitCost"[39m
                  [36m>[39m
                    [0m2500[0m
                  [36m</div>[39m
                  [36m<div[39m
                    
[33mclass[39m=[32m"grid-cell"[39m
                    
[33mcontenteditable[39m=[32m"true"[39m
                    
[33mdata-col-id[39m=[32m"quantity"[39m
                  [36m>[39m
                    [0m1[0m
                  [36m</div>[39m
                  [36m<div[39m
                    
[33mclass[39m=[32m"grid-cell"[39m
                    
[33mcontenteditable[39m=[32m"true"[39m
                    
[33mdata-col-id[39m=[32m"supplier"[39m
                  [36m>[39m
                    [0mAutomation Supplier[0m
                  [36m</div>[39m
                  [36m<div[39m
                    
[33mclass[39m=[32m"grid-cell"[39m
                    
[33mcontenteditable[39m=[32m"true"[39m
                    
[33mdata-col-id[39m=[32m"manufacturerPn"[39m
                  [36m>[39m
                    [0m6ES7512-1DK01-0AB0[0m
                  [36m</div>[39m
                  [36m<div[39m
                    
[33mclass[39m=[32m"grid-cell"[39m
                    
[33mcontenteditable[39m=[32m"true"[39m
                    
[33mdata-col-id[39m=[32m"manufacturer"[39m
                  [36m>[39m
                    [0mSiemens[0m
                  [36m</div>[39m
                  [36m<div[39m
                    
[33mclass[39m=[32m"grid-cell"[39m
                    
[33mcontenteditable[39m=[32m"true"[39m
                    
[33mdata-col-id[39m=[32m"description"[39m
                  [36m>[39m
                    [0mSiemens S7-1500 PLC[0m
                  [36m</div>[39m
                  [36m<div[39m
                    
[33mclass[39m=[32m"grid-cell"[39m
                    
[33mcontenteditable[39m=[32m"true"[39m
                    
[33mdata-col-id[39m=[32m"itemType"[39m
                  [36m>[39m
                    [0mcomponent[0m
                  [36m</div>[39m
                  [36m<div[39m
                    
[33mclass[39m=[32m"grid-cell"[39m
                    
[33mdata-col-id[39m=[32m"id"[39m
                  [36m>[39m
                    [0mitem-1[0m
                  [36m</div>[39m
                  [36m<div[39m
                    
[33mclass[39m=[32m"grid-cell"[39m
                  [36m>[39m
                    [36m<button>[39m
                      [0mDelete[0m
                    [36m</button>[39m
                  [36m</div>[39m
                [36m</div>[39m
                [36m<div[39m
                  
[33mclass[39m=[32m"grid-row"[39m
                  
[33mdata-row-id[39m=[32m"item-2"[39m
                  
[33mdata-row-index[39m=[32m"1"[39m
                [36m>[39m
                  [36m<div[39m
                    
[33mclass[39m=[32m"grid-cell"[39m
                    
[33mdata-col-id[39m=[32m"actions"[39m
                  [36m/>[39m
                  [36m<div[39m
                    
[33mclass[39m=[32m"grid-cell"[39m
                    
[33mcontenteditable[39m=[32m"false"[39m
                    
[33mdata-col-id[39m=[32m"totalPrice"[39m
                  [36m>[39m
                    [0m750.00[0m
                  [36m</div>[39m
                  [36m<div[39m
                    
[33mclass[39m=[32m"grid-cell"[39m
                    
[33mcontenteditable[39m=[32m"false"[39m
                    
[33mdata-col-id[39m=[32m"totalCost"[39m
                  [36m>[39m
                    [0m600.00[0m
                  [36m</div>[39m
                  [36m<div[39m
                    
[33mclass[39m=[32m"grid-cell"[39m
                    
[33mcontenteditable[39m=[32m"false"[39m
                    
[33mdata-col-id[39m=[32m"margin"[39m
                  [36m>[39m
                    [0m25%[0m
                  [36m</div>[39m
                  [36m<div[39m
                    
[33mclass[39m=[32m"grid-cell"[39m
                    
[33mcontenteditable[39m=[32m"true"[39m
                    
[33mdata-col-id[39m=[32m"customerPrice"[39m
                  [36m>[39m
                    [0m187.5[0m
                  [36m</div>[39m
                  [36m<div[39m
                    
[33mclass[39m=[32m"grid-cell"[39m
                    
[33mcontenteditable[39m=[32m"true"[39m
                    
[33mdata-col-id[39m=[32m"unitCost"[39m
                  [36m>[39m
                    [0m150[0m
                  [36m</div>[39m
                  [36m<div[39m
                    
[33mclass[39m=[32m"grid-cell"[39m
                    
[33mcontenteditable[39m=[32m"true"[39m
                    
[33mdata-col-id[39m=[32m"quantity"[39m
                  [36m>[39m
                    [0m4[0m
                  [36m</div>[39m
                  [36m<div[39m
                    
[33mclass[39m=[32m"grid-cell"[39m
                    
[33mcontenteditable[39m=[32m"true"[39m
                    
[33mdata-col-id[39m=[32m"supplier"[39m
                  [36m>[39m
                    [0mSensor Supplier[0m
                  [36m</div>[39m
                  [36m<div[39m
                    
[33mclass[39m=[32m"grid-cell"[39m
                    
[33mcontenteditable[39m=[32m"true"[39m
                    
[33mdata-col-id[39m=[32m"manufacturerPn"[39m
                  [36m>[39m
                    [0mQS18VN6D[0m
                  [36m</div>[39m
                  [36m<div[39m
                    
[33mclass[39m=[32m"grid-cell"[39m
                    
[33mcontenteditable[39m=[32m"true"[39m
                    
[33mdata-col-id[39m=[32m"manufacturer"[39m
                  [36m>[39m
                    [0mBanner[0m
                  [36m</div>[39m
                  [36m<div[39m
                    
[33mclass[39m=[32m"grid-cell"[39m
                    
[33mcontenteditable[39m=[32m"true"[39m
                    
[33mdata-col-id[39m=[32m"description"[39m
                  [36m>[39m
                    [0mBanner Photoelectric 
Sensor[0m
                  [36m</div>[39m
                  [36m<div[39m
                    
[33mclass[39m=[32m"grid-cell"[39m
                    
[33mcontenteditable[39m=[32m"true"[39m
                    
[33mdata-col-id[39m=[32m"itemType"[39m
                  [36m>[39m
                    [0mcomponent[0m
                  [36m</div>[39m
                  [36m<div[39m
                    
[33mclass[39m=[32m"grid-cell"[39m
                    
[33mdata-col-id[39m=[32m"id"[39m
                  [36m>[39m
                    [0mitem-2[0m
                  [36m</div>[39m
                  [36m<div[39m
                    
[33mclass[39m=[32m"grid-cell"[39m
                  [36m>[39m
                    [36m<button>[39m
                      [0mDelete[0m
                    [36m</button>[39m
                  [36m</div>[39m
                [36m</div>[39m
                [36m<div[39m
                  
[33mclass[39m=[32m"grid-row"[39m
                  
[33mdata-row-id[39m=[32m"item-3"[39m
                  
[33mdata-row-index[39m=[32m"2"[39m
                [36m>[39m
                  [36m<div[39m
                    
[33mclass[39m=[32m"grid-cell"[39m
                    
[33mdata-col-id[39m=[32m"actions"[39m
                  [36m/>[39m
                  [36m<div[39m
                    
[33mclass[39m=[32m"grid-cell"[39m
                    
[33mcontenteditable[39m=[32m"false"[39m
                    
[33mdata-col-id[39m=[32m"totalPrice"[39m
                  [36m>[39m
                    [0m6500.00[0m
                  [36m</div>[39m
                  [36m<div[39m
                    
[33mclass[39m=[32m"grid-cell"[39m
                    
[33mcontenteditable[39m=[32m"false"[39m
                    
[33mdata-col-id[39m=[32m"totalCost"[39m
                  [36m>[39m
                    [0m5000.00[0m
                  [36m</div>[39m
                  [36m<div[39m
                    
[33mclass[39m=[32m"grid-cell"[39m
                    
[33mcontenteditable[39m=[32m"false"[39m
                    
[33mdata-col-id[39m=[32m"margin"[39m
                  [36m>[39m
                    [0m30%[0m
                  [36m</div>[39m
                  [36m<div[39m
                    
[33mclass[39m=[32m"grid-cell"[39m
                    
[33mcontenteditable[39m=[32m"true"[39m
                    
[33mdata-col-id[39m=[32m"customerPrice"[39m
                  [36m>[39m
                    [0m6500[0m
                  [36m</div>[39m
                  [36m<div[39m
                    
[33mclass[39m=[32m"grid-cell"[39m
                    
[33mcontenteditable[39m=[32m"true"[39m
                    
[33mdata-col-id[39m=[32m"unitCost"[39m
                  [36m>[39m
                    [0m5000[0m
                  [36m</div>[39m
                  [36m<div[39m
                    
[33mclass[39m=[32m"grid-cell"[39m
                    
[33mcontenteditable[39m=[32m"true"[39m
                    
[33mdata-col-id[39m=[32m"quantity"[39m
                  [36m>[39m
                    [0m1[0m
                  [36m</div>[39m
                  [36m<div[39m
                    
[33mclass[39m=[32m"grid-cell"[39m
                    
[33mcontenteditable[39m=[32m"true"[39m
                    
[33mdata-col-id[39m=[32m"supplier"[39m
                  [36m>[39m
                    [0mCustom Builder[0m
                  [36m</div>[39m
                  [36m<div[39m
                    
[33mclass[39m=[32m"grid-cell"[39m
                    
[33mcontenteditable[39m=[32m"true"[39m
                    
[33mdata-col-id[39m=[32m"manufacturerPn"[39m
                  [36m/>[39m
                  [36m<div[39m
                    
[33mclass[39m=[32m"grid-cell"[39m
                    
[33mcontenteditable[39m=[32m"true"[39m
                    
[33mdata-col-id[39m=[32m"manufacturer"[39m
                  [36m>[39m
                    [0mCustom[0m
                  [36m</div>[39m
                  [36m<div[39m
                    
[33mclass[39m=[32m"grid-cell"[39m
                    
[33mcontenteditable[39m=[32m"true"[39m
                    
[33mdata-col-id[39m=[32m"description"[39m
                  [36m>[39m
                    [0mControl Cabinet Assembly[0m
                  [36m</div>[39m
                  [36m<div[39m
                    
[33mclass[39m=[32m"grid-cell"[39m
                    
[33mcontenteditable[39m=[32m"true"[39m
                    
[33mdata-col-id[39m=[32m"itemType"[39m
                  [36m>[39m
                    [0massembly[0m
                  [36m</div>[39m
                  [36m<div[39m
                    
[33mclass[39m=[32m"grid-cell"[39m
                    
[33mdata-col-id[39m=[32m"id"[39m
                  [36m>[39m
                    [0mitem-3[0m
                  [36m</div>[39m
                  [36m<div[39m
                    
[33mclass[39m=[32m"grid-cell"[39m
                  [36m>[39m
                    [36m<button>[39m
                      [0mDelete[0m
                    [36m</button>[39m
                  [36m</div>[39m
                [36m</div>[39m
              [36m</div>[39m
            [36m</div>[39m
          [36m</div>[39m
          [36m<div[39m
            [33mclass[39m=[32m"border-t 
pt-4"[39m
          [36m>[39m
            [36m<div[39m
              [33mclass[39m=[32m"grid 
grid-cols-1 md:grid-cols-4 gap-4"[39m
            [36m>[39m
              [36m<div>[39m
                [36m<div[39m
                  [33mclass[39m=[32m"text-sm 
font-medium text-gray-600"[39m
                [36m>[39m
                  [0mTotal Cost[0m
                [36m</div>[39m
                [36m<div[39m
                  [33mclass[39m=[32m"text-2xl 
font-bold"[39m
                [36m>[39m
                  [0m$8,100.00[0m
                [36m</div>[39m
              [36m</div>[39m
              [36m<div>[39m
                [36m<div[39m
                  [33mclass[39m=[32m"text-sm 
font-medium text-gray-600"[39m
                [36m>[39m
                  [0mTotal Price[0m
                [36m</div>[39m
                [36m<div[39m
                  [33mclass[39m=[32m"text-2xl 
font-bold text-blue-600"[39m
                [36m>[39m
                  [0m$10,375.00[0m
                [36m</div>[39m
              [36m</div>[39m
              [36m<div>[39m
                [36m<div[39m
                  [33mclass[39m=[32m"text-sm 
font-medium text-gray-600"[39m
                [36m>[39m
                  [0mTotal Margin[0m
                [36m</div>[39m
                [36m<div[39m
                  [33mclass[39m=[32m"text-2xl 
font-bold text-green-600"[39m
                [36m>[39m
                  [0m$2,275.00[0m
                [36m</div>[39m
              [36m</div>[39m
              [36m<div>[39m
                [36m<div[39m
                  [33mclass[39m=[32m"text-sm 
font-medium text-gray-600"[39m
                [36m>[39m
                  [0mAverage Margin[0m
                [36m</div>[39m
                [36m<div[39m
                  [33mclass[39m=[32m"text-2xl 
font-bold text-green-600"[39m
                [36m>[39m
                  [0m26.7[0m
                  [0m%[0m
                [36m</div>[39m
              [36m</div>[39m
            [36m</div>[39m
          [36m</div>[39m
        [36m</div>[39m
      [36m</div>[39m
    [36m</div>[39m
  [36m</div>[39m
[36m</body>[39m
[90m [2mΓ¥»[22m Object.getElementError node_modul
es/@testing-library/react/node_modules/@testing-libr
ary/dom/dist/config.js:[2m37:19[22m[39m
[90m [2mΓ¥»[22m node_modules/@testing-library/rea
ct/node_modules/@testing-library/dom/dist/query-help
ers.js:[2m76:38[22m[39m
[90m [2mΓ¥»[22m node_modules/@testing-library/rea
ct/node_modules/@testing-library/dom/dist/query-help
ers.js:[2m52:17[22m[39m
[90m [2mΓ¥»[22m node_modules/@testing-library/rea
ct/node_modules/@testing-library/dom/dist/query-help
ers.js:[2m95:19[22m[39m
[36m [2mΓ¥»[22m src/components/shared/__tests__/B
OMGrid.test.tsx:[2m271:21[22m[39m
    [90m269| [39m
    [90m270| [39m      [90m// Check that item 
type badges are rendered[39m
    [90m271| [39m      [34mexpect[39m(screen[33
m.[39m[34mgetByText[39m([32m'COMPONENT'[39m))[
33m.[39m[34mtoBeInTheDocument[39m()[33m;[39m
    [90m   | [39m                    [31m^[39m
    [90m272| [39m      [34mexpect[39m(screen[33
m.[39m[34mgetByText[39m([32m'ASSEMBLY'[39m))[3
3m.[39m[34mtoBeInTheDocument[39m()[33m;[39m
    [90m273| [39m    })[33m;[39m

[31m[2mΓÄ»ΓÄ»ΓÄ»ΓÄ»ΓÄ»ΓÄ»ΓÄ»ΓÄ»ΓÄ»ΓÄ»ΓÄ»ΓÄ»ΓÄ»ΓÄ»Γ
Ä»ΓÄ»ΓÄ»ΓÄ»ΓÄ»ΓÄ»ΓÄ»ΓÄ»[31/95]ΓÄ»[22m[39m

[31m[1m[7m FAIL [27m[22m[39m src/components/sh
ared/__tests__/BOMGrid.test.tsx[2m > 
[22mBOMGrid[2m > [22mCustomer Pricing Toggle[2m 
> [22mshows customer pricing columns when 
showCustomerPricing is true
[31m[1mTestingLibraryElementError[22m[39m: 
Found multiple elements with the text: Total Price

Here are the matching elements:

Ignored nodes: comments, script, style
[36m<div[39m
  [33mclass[39m=[32m"grid-header-cell"[39m
  [33mdata-col-id[39m=[32m"totalPrice"[39m
[36m>[39m
  [0mTotal Price[0m
[36m</div>[39m

Ignored nodes: comments, script, style
[36m<div[39m
  [33mclass[39m=[32m"text-sm font-medium 
text-gray-600"[39m
[36m>[39m
  [0mTotal Price[0m
[36m</div>[39m

(If this is intentional, then use the `*AllBy*` 
variant of the query (like `queryAllByText`, 
`getAllByText`, or `findAllByText`)).

Ignored nodes: comments, script, style
[36m<body>[39m
  [36m<div>[39m
    [36m<div[39m
      [33mclass[39m=[32m"rounded-lg border 
bg-card text-card-foreground shadow-sm w-full"[39m
    [36m>[39m
      [36m<div[39m
        [33mclass[39m=[32m"flex flex-col 
space-y-1.5 p-6"[39m
      [36m>[39m
        [36m<div[39m
          [33mclass[39m=[32m"flex 
justify-between items-center"[39m
        [36m>[39m
          [36m<h3[39m
            [33mclass[39m=[32m"font-semibold 
tracking-tight text-xl"[39m
          [36m>[39m
            [0mBill of Materials[0m
          [36m</h3>[39m
          [36m<div[39m
            [33mclass[39m=[32m"flex gap-2"[39m
          [36m>[39m
            [36m<button[39m
              [33mclass[39m=[32m"inline-flex 
items-center justify-center whitespace-nowrap 
text-sm font-medium ring-offset-background 
transition-colors focus-visible:outline-none 
focus-visible:ring-2 focus-visible:ring-ring 
focus-visible:ring-offset-2 
disabled:pointer-events-none disabled:opacity-50 
bg-primary text-primary-foreground 
hover:bg-primary/90 h-9 rounded-md px-3"[39m
            [36m>[39m
              [0mPlus[0m
              [0mAdd Item[0m
            [36m</button>[39m
            [36m<button[39m
              [33mclass[39m=[32m"inline-flex 
items-center justify-center whitespace-nowrap 
text-sm font-medium ring-offset-background 
transition-colors focus-visible:outline-none 
focus-visible:ring-2 focus-visible:ring-ring 
focus-visible:ring-offset-2 
disabled:pointer-events-none disabled:opacity-50 
border border-input bg-background hover:bg-accent 
hover:text-accent-foreground h-9 rounded-md 
px-3"[39m
            [36m>[39m
              [0mCalculator[0m
              [0mApply 25% Markup[0m
            [36m</button>[39m
          [36m</div>[39m
        [36m</div>[39m
      [36m</div>[39m
      [36m<div[39m
        [33mclass[39m=[32m"p-6 pt-0"[39m
      [36m>[39m
        [36m<div[39m
          [33mclass[39m=[32m"space-y-4"[39m
        [36m>[39m
          [36m<div[39m
            
[33mclass[39m=[32m"ag-theme-alpine"[39m
            [33mstyle[39m=[32m"height: 400px; 
width: 100%; direction: rtl;"[39m
          [36m>[39m
            [36m<div[39m
              
[33mclass[39m=[32m"ag-theme-alpine"[39m
              
[33mdata-testid[39m=[32m"ag-grid"[39m
            [36m>[39m
              [36m<div[39m
                
[33mclass[39m=[32m"grid-header"[39m
              [36m>[39m
                [36m<div[39m
                  
[33mclass[39m=[32m"grid-header-cell"[39m
                  
[33mdata-col-id[39m=[32m"actions"[39m
                [36m>[39m
                  [0mActions[0m
                [36m</div>[39m
                [36m<div[39m
                  
[33mclass[39m=[32m"grid-header-cell"[39m
                  
[33mdata-col-id[39m=[32m"totalPrice"[39m
                [36m>[39m
                  [0mTotal Price[0m
                [36m</div>[39m
                [36m<div[39m
                  
[33mclass[39m=[32m"grid-header-cell"[39m
                  
[33mdata-col-id[39m=[32m"totalCost"[39m
                [36m>[39m
                  [0mTotal Cost[0m
                [36m</div>[39m
                [36m<div[39m
                  
[33mclass[39m=[32m"grid-header-cell"[39m
                  
[33mdata-col-id[39m=[32m"margin"[39m
                [36m>[39m
                  [0mMargin %[0m
                [36m</div>[39m
                [36m<div[39m
                  
[33mclass[39m=[32m"grid-header-cell"[39m
                  
[33mdata-col-id[39m=[32m"customerPrice"[39m
                [36m>[39m
                  [0mCustomer Price[0m
                [36m</div>[39m
                [36m<div[39m
                  
[33mclass[39m=[32m"grid-header-cell"[39m
                  
[33mdata-col-id[39m=[32m"unitCost"[39m
                [36m>[39m
                  [0mUnit Cost[0m
                [36m</div>[39m
                [36m<div[39m
                  
[33mclass[39m=[32m"grid-header-cell"[39m
                  
[33mdata-col-id[39m=[32m"quantity"[39m
                [36m>[39m
                  [0mQty[0m
                [36m</div>[39m
                [36m<div[39m
                  
[33mclass[39m=[32m"grid-header-cell"[39m
                  
[33mdata-col-id[39m=[32m"supplier"[39m
                [36m>[39m
                  [0mSupplier[0m
                [36m</div>[39m
                [36m<div[39m
                  
[33mclass[39m=[32m"grid-header-cell"[39m
                  
[33mdata-col-id[39m=[32m"manufacturerPn"[39m
                [36m>[39m
                  [0mMFR P/N[0m
                [36m</div>[39m
                [36m<div[39m
                  
[33mclass[39m=[32m"grid-header-cell"[39m
                  
[33mdata-col-id[39m=[32m"manufacturer"[39m
                [36m>[39m
                  [0mManufacturer[0m
                [36m</div>[39m
                [36m<div[39m
                  
[33mclass[39m=[32m"grid-header-cell"[39m
                  
[33mdata-col-id[39m=[32m"description"[39m
                [36m>[39m
                  [0mDescription[0m
                [36m</div>[39m
                [36m<div[39m
                  
[33mclass[39m=[32m"grid-header-cell"[39m
                  
[33mdata-col-id[39m=[32m"itemType"[39m
                [36m>[39m
                  [0mType[0m
                [36m</div>[39m
                [36m<div[39m
                  
[33mclass[39m=[32m"grid-header-cell"[39m
                  
[33mdata-col-id[39m=[32m"id"[39m
                [36m/>[39m
              [36m</div>[39m
              [36m<div[39m
                
[33mclass[39m=[32m"grid-body"[39m
              [36m>[39m
                [36m<div[39m
                  
[33mclass[39m=[32m"grid-row"[39m
                  
[33mdata-row-id[39m=[32m"item-1"[39m
                  
[33mdata-row-index[39m=[32m"0"[39m
                [36m>[39m
                  [36m<div[39m
                    
[33mclass[39m=[32m"grid-cell"[39m
                    
[33mdata-col-id[39m=[32m"actions"[39m
                  [36m/>[39m
                  [36m<div[39m
                    
[33mclass[39m=[32m"grid-cell"[39m
                    
[33mcontenteditable[39m=[32m"false"[39m
                    
[33mdata-col-id[39m=[32m"totalPrice"[39m
                  [36m>[39m
                    [0m3125.00[0m
                  [36m</div>[39m
                  [36m<div[39m
                    
[33mclass[39m=[32m"grid-cell"[39m
                    
[33mcontenteditable[39m=[32m"false"[39m
                    
[33mdata-col-id[39m=[32m"totalCost"[39m
                  [36m>[39m
                    [0m2500.00[0m
                  [36m</div>[39m
                  [36m<div[39m
                    
[33mclass[39m=[32m"grid-cell"[39m
                    
[33mcontenteditable[39m=[32m"false"[39m
                    
[33mdata-col-id[39m=[32m"margin"[39m
                  [36m>[39m
                    [0m25%[0m
                  [36m</div>[39m
                  [36m<div[39m
                    
[33mclass[39m=[32m"grid-cell"[39m
                    
[33mcontenteditable[39m=[32m"true"[39m
                    
[33mdata-col-id[39m=[32m"customerPrice"[39m
                  [36m>[39m
                    [0m3125[0m
                  [36m</div>[39m
                  [36m<div[39m
                    
[33mclass[39m=[32m"grid-cell"[39m
                    
[33mcontenteditable[39m=[32m"true"[39m
                    
[33mdata-col-id[39m=[32m"unitCost"[39m
                  [36m>[39m
                    [0m2500[0m
                  [36m</div>[39m
                  [36m<div[39m
                    
[33mclass[39m=[32m"grid-cell"[39m
                    
[33mcontenteditable[39m=[32m"true"[39m
                    
[33mdata-col-id[39m=[32m"quantity"[39m
                  [36m>[39m
                    [0m1[0m
                  [36m</div>[39m
                  [36m<div[39m
                    
[33mclass[39m=[32m"grid-cell"[39m
                    
[33mcontenteditable[39m=[32m"true"[39m
                    
[33mdata-col-id[39m=[32m"supplier"[39m
                  [36m>[39m
                    [0mAutomation Supplier[0m
                  [36m</div>[39m
                  [36m<div[39m
                    
[33mclass[39m=[32m"grid-cell"[39m
                    
[33mcontenteditable[39m=[32m"true"[39m
                    
[33mdata-col-id[39m=[32m"manufacturerPn"[39m
                  [36m>[39m
                    [0m6ES7512-1DK01-0AB0[0m
                  [36m</div>[39m
                  [36m<div[39m
                    
[33mclass[39m=[32m"grid-cell"[39m
                    
[33mcontenteditable[39m=[32m"true"[39m
                    
[33mdata-col-id[39m=[32m"manufacturer"[39m
                  [36m>[39m
                    [0mSiemens[0m
                  [36m</div>[39m
                  [36m<div[39m
                    
[33mclass[39m=[32m"grid-cell"[39m
                    
[33mcontenteditable[39m=[32m"true"[39m
                    
[33mdata-col-id[39m=[32m"description"[39m
                  [36m>[39m
                    [0mSiemens S7-1500 PLC[0m
                  [36m</div>[39m
                  [36m<div[39m
                    
[33mclass[39m=[32m"grid-cell"[39m
                    
[33mcontenteditable[39m=[32m"true"[39m
                    
[33mdata-col-id[39m=[32m"itemType"[39m
                  [36m>[39m
                    [0mcomponent[0m
                  [36m</div>[39m
                  [36m<div[39m
                    
[33mclass[39m=[32m"grid-cell"[39m
                    
[33mdata-col-id[39m=[32m"id"[39m
                  [36m>[39m
                    [0mitem-1[0m
                  [36m</div>[39m
                  [36m<div[39m
                    
[33mclass[39m=[32m"grid-cell"[39m
                  [36m>[39m
                    [36m<button>[39m
                      [0mDelete[0m
                    [36m</button>[39m
                  [36m</div>[39m
                [36m</div>[39m
                [36m<div[39m
                  
[33mclass[39m=[32m"grid-row"[39m
                  
[33mdata-row-id[39m=[32m"item-2"[39m
                  
[33mdata-row-index[39m=[32m"1"[39m
                [36m>[39m
                  [36m<div[39m
                    
[33mclass[39m=[32m"grid-cell"[39m
                    
[33mdata-col-id[39m=[32m"actions"[39m
                  [36m/>[39m
                  [36m<div[39m
                    
[33mclass[39m=[32m"grid-cell"[39m
                    
[33mcontenteditable[39m=[32m"false"[39m
                    
[33mdata-col-id[39m=[32m"totalPrice"[39m
                  [36m>[39m
                    [0m750.00[0m
                  [36m</div>[39m
                  [36m<div[39m
                    
[33mclass[39m=[32m"grid-cell"[39m
                    
[33mcontenteditable[39m=[32m"false"[39m
                    
[33mdata-col-id[39m=[32m"totalCost"[39m
                  [36m>[39m
                    [0m600.00[0m
                  [36m</div>[39m
                  [36m<div[39m
                    
[33mclass[39m=[32m"grid-cell"[39m
                    
[33mcontenteditable[39m=[32m"false"[39m
                    
[33mdata-col-id[39m=[32m"margin"[39m
                  [36m>[39m
                    [0m25%[0m
                  [36m</div>[39m
                  [36m<div[39m
                    
[33mclass[39m=[32m"grid-cell"[39m
                    
[33mcontenteditable[39m=[32m"true"[39m
                    
[33mdata-col-id[39m=[32m"customerPrice"[39m
                  [36m>[39m
                    [0m187.5[0m
                  [36m</div>[39m
                  [36m<div[39m
                    
[33mclass[39m=[32m"grid-cell"[39m
                    
[33mcontenteditable[39m=[32m"true"[39m
                    
[33mdata-col-id[39m=[32m"unitCost"[39m
                  [36m>[39m
                    [0m150[0m
                  [36m</div>[39m
                  [36m<div[39m
                    
[33mclass[39m=[32m"grid-cell"[39m
                    
[33mcontenteditable[39m=[32m"true"[39m
                    
[33mdata-col-id[39m=[32m"quantity"[39m
                  [36m>[39m
                    [0m4[0m
                  [36m</div>[39m
                  [36m<div[39m
                    
[33mclass[39m=[32m"grid-cell"[39m
                    
[33mcontenteditable[39m=[32m"true"[39m
                    
[33mdata-col-id[39m=[32m"supplier"[39m
                  [36m>[39m
                    [0mSensor Supplier[0m
                  [36m</div>[39m
                  [36m<div[39m
                    
[33mclass[39m=[32m"grid-cell"[39m
                    
[33mcontenteditable[39m=[32m"true"[39m
                    
[33mdata-col-id[39m=[32m"manufacturerPn"[39m
                  [36m>[39m
                    [0mQS18VN6D[0m
                  [36m</div>[39m
                  [36m<div[39m
                    
[33mclass[39m=[32m"grid-cell"[39m
                    
[33mcontenteditable[39m=[32m"true"[39m
                    
[33mdata-col-id[39m=[32m"manufacturer"[39m
                  [36m>[39m
                    [0mBanner[0m
                  [36m</div>[39m
                  [36m<div[39m
                    
[33mclass[39m=[32m"grid-cell"[39m
                    
[33mcontenteditable[39m=[32m"true"[39m
                    
[33mdata-col-id[39m=[32m"description"[39m
                  [36m>[39m
                    [0mBanner Photoelectric 
Sensor[0m
                  [36m</div>[39m
                  [36m<div[39m
                    
[33mclass[39m=[32m"grid-cell"[39m
                    
[33mcontenteditable[39m=[32m"true"[39m
                    
[33mdata-col-id[39m=[32m"itemType"[39m
                  [36m>[39m
                    [0mcomponent[0m
                  [36m</div>[39m
                  [36m<div[39m
                    
[33mclass[39m=[32m"grid-cell"[39m
                    
[33mdata-col-id[39m=[32m"id"[39m
                  [36m>[39m
                    [0mitem-2[0m
                  [36m</div>[39m
                  [36m<div[39m
                    
[33mclass[39m=[32m"grid-cell"[39m
                  [36m>[39m
                    [36m<button>[39m
                      [0mDelete[0m
                    [36m</button>[39m
                  [36m</div>[39m
                [36m</div>[39m
                [36m<div[39m
                  
[33mclass[39m=[32m"grid-row"[39m
                  
[33mdata-row-id[39m=[32m"item-3"[39m
                  
[33mdata-row-index[39m=[32m"2"[39m
                [36m>[39m
                  [36m<div[39m
                    
[33mclass[39m=[32m"grid-cell"[39m
                    
[33mdata-col-id[39m=[32m"actions"[39m
                  [36m/>[39m
                  [36m<div[39m
                    
[33mclass[39m=[32m"grid-cell"[39m
                    
[33mcontenteditable[39m=[32m"false"[39m
                    
[33mdata-col-id[39m=[32m"totalPrice"[39m
                  [36m>[39m
                    [0m6500.00[0m
                  [36m</div>[39m
                  [36m<div[39m
                    
[33mclass[39m=[32m"grid-cell"[39m
                    
[33mcontenteditable[39m=[32m"false"[39m
                    
[33mdata-col-id[39m=[32m"totalCost"[39m
                  [36m>[39m
                    [0m5000.00[0m
                  [36m</div>[39m
                  [36m<div[39m
                    
[33mclass[39m=[32m"grid-cell"[39m
                    
[33mcontenteditable[39m=[32m"false"[39m
                    
[33mdata-col-id[39m=[32m"margin"[39m
                  [36m>[39m
                    [0m30%[0m
                  [36m</div>[39m
                  [36m<div[39m
                    
[33mclass[39m=[32m"grid-cell"[39m
                    
[33mcontenteditable[39m=[32m"true"[39m
                    
[33mdata-col-id[39m=[32m"customerPrice"[39m
                  [36m>[39m
                    [0m6500[0m
                  [36m</div>[39m
                  [36m<div[39m
                    
[33mclass[39m=[32m"grid-cell"[39m
                    
[33mcontenteditable[39m=[32m"true"[39m
                    
[33mdata-col-id[39m=[32m"unitCost"[39m
                  [36m>[39m
                    [0m5000[0m
                  [36m</div>[39m
                  [36m<div[39m
                    
[33mclass[39m=[32m"grid-cell"[39m
                    
[33mcontenteditable[39m=[32m"true"[39m
                    
[33mdata-col-id[39m=[32m"quantity"[39m
                  [36m>[39m
                    [0m1[0m
                  [36m</div>[39m
                  [36m<div[39m
                    
[33mclass[39m=[32m"grid-cell"[39m
                    
[33mcontenteditable[39m=[32m"true"[39m
                    
[33mdata-col-id[39m=[32m"supplier"[39m
                  [36m>[39m
                    [0mCustom Builder[0m
                  [36m</div>[39m
                  [36m<div[39m
                    
[33mclass[39m=[32m"grid-cell"[39m
                    
[33mcontenteditable[39m=[32m"true"[39m
                    
[33mdata-col-id[39m=[32m"manufacturerPn"[39m
                  [36m/>[39m
                  [36m<div[39m
                    
[33mclass[39m=[32m"grid-cell"[39m
                    
[33mcontenteditable[39m=[32m"true"[39m
                    
[33mdata-col-id[39m=[32m"manufacturer"[39m
                  [36m>[39m
                    [0mCustom[0m
                  [36m</div>[39m
                  [36m<div[39m
                    
[33mclass[39m=[32m"grid-cell"[39m
                    
[33mcontenteditable[39m=[32m"true"[39m
                    
[33mdata-col-id[39m=[32m"description"[39m
                  [36m>[39m
                    [0mControl Cabinet Assembly[0m
                  [36m</div>[39m
                  [36m<div[39m
                    
[33mclass[39m=[32m"grid-cell"[39m
                    
[33mcontenteditable[39m=[32m"true"[39m
                    
[33mdata-col-id[39m=[32m"itemType"[39m
                  [36m>[39m
                    [0massembly[0m
                  [36m</div>[39m
                  [36m<div[39m
                    
[33mclass[39m=[32m"grid-cell"[39m
                    
[33mdata-col-id[39m=[32m"id"[39m
                  [36m>[39m
                    [0mitem-3[0m
                  [36m</div>[39m
                  [36m<div[39m
                    
[33mclass[39m=[32m"grid-cell"[39m
                  [36m>[39m
                    [36m<button>[39m
                      [0mDelete[0m
                    [36m</button>[39m
                  [36m</div>[39m
                [36m</div>[39m
              [36m</div>[39m
            [36m</div>[39m
          [36m</div>[39m
          [36m<div[39m
            [33mclass[39m=[32m"border-t 
pt-4"[39m
          [36m>[39m
            [36m<div[39m
              [33mclass[39m=[32m"grid 
grid-cols-1 md:grid-cols-4 gap-4"[39m
            [36m>[39m
              [36m<div>[39m
                [36m<div[39m
                  [33mclass[39m=[32m"text-sm 
font-medium text-gray-600"[39m
                [36m>[39m
                  [0mTotal Cost[0m
                [36m</div>[39m
                [36m<div[39m
                  [33mclass[39m=[32m"text-2xl 
font-bold"[39m
                [36m>[39m
                  [0m$8,100.00[0m
                [36m</div>[39m
              [36m</div>[39m
              [36m<div>[39m
                [36m<div[39m
                  [33mclass[39m=[32m"text-sm 
font-medium text-gray-600"[39m
                [36m>[39m
                  [0mTotal Price[0m
                [36m</div>[39m
                [36m<div[39m
                  [33mclass[39m=[32m"text-2xl 
font-bold text-blue-600"[39m
                [36m>[39m
                  [0m$10,375.00[0m
                [36m</div>[39m
              [36m</div>[39m
              [36m<div>[39m
                [36m<div[39m
                  [33mclass[39m=[32m"text-sm 
font-medium text-gray-600"[39m
                [36m>[39m
                  [0mTotal Margin[0m
                [36m</div>[39m
                [36m<div[39m
                  [33mclass[39m=[32m"text-2xl 
font-bold text-green-600"[39m
                [36m>[39m
                  [0m$2,275.00[0m
                [36m</div>[39m
              [36m</div>[39m
              [36m<div>[39m
                [36m<div[39m
                  [33mclass[39m=[32m"text-sm 
font-medium text-gray-600"[39m
                [36m>[39m
                  [0mAverage Margin[0m
                [36m</div>[39m
                [36m<div[39m
                  [33mclass[39m=[32m"text-2xl 
font-bold text-green-600"[39m
                [36m>[39m
                  [0m26.7[0m
                  [0m%[0m
                [36m</div>[39m
              [36m</div>[39m
            [36m</div>[39m
          [36m</div>[39m
        [36m</div>[39m
      [36m</div>[39m
    [36m</div>[39m
  [36m</div>[39m
[36m</body>[39m
[90m [2mΓ¥»[22m Object.getElementError node_modul
es/@testing-library/react/node_modules/@testing-libr
ary/dom/dist/config.js:[2m37:19[22m[39m
[90m [2mΓ¥»[22m getElementError node_modules/@tes
ting-library/react/node_modules/@testing-library/dom
/dist/query-helpers.js:[2m20:35[22m[39m
[90m [2mΓ¥»[22m getMultipleElementsFoundError nod
e_modules/@testing-library/react/node_modules/@testi
ng-library/dom/dist/query-helpers.js:[2m23:10[22m
[39m
[90m [2mΓ¥»[22m node_modules/@testing-library/rea
ct/node_modules/@testing-library/dom/dist/query-help
ers.js:[2m55:13[22m[39m
[90m [2mΓ¥»[22m node_modules/@testing-library/rea
ct/node_modules/@testing-library/dom/dist/query-help
ers.js:[2m95:19[22m[39m
[36m [2mΓ¥»[22m src/components/shared/__tests__/B
OMGrid.test.tsx:[2m281:21[22m[39m
    [90m279| [39m
    [90m280| [39m      [34mexpect[39m(screen[33
m.[39m[34mgetByText[39m([32m'Customer Price'[39
m))[33m.[39m[34mtoBeInTheDocument[39m()[33m;[3
9m
    [90m281| [39m      [34mexpect[39m(screen[33
m.[39m[34mgetByText[39m([32m'Total Price'[39m))
[33m.[39m[34mtoBeInTheDocument[39m()[33m;[39m
    [90m   | [39m                    [31m^[39m
    [90m282| [39m    })[33m;[39m
    [90m283| [39m

[31m[2mΓÄ»ΓÄ»ΓÄ»ΓÄ»ΓÄ»ΓÄ»ΓÄ»ΓÄ»ΓÄ»ΓÄ»ΓÄ»ΓÄ»ΓÄ»ΓÄ»Γ
Ä»ΓÄ»ΓÄ»ΓÄ»ΓÄ»ΓÄ»ΓÄ»ΓÄ»[32/95]ΓÄ»[22m[39m

[31m[1m[7m FAIL [27m[22m[39m src/components/sh
ared/__tests__/BOMGrid.test.tsx[2m > 
[22mBOMGrid[2m > [22mAdd and Remove Items[2m > 
[22madds new item when add button is clicked
[31m[1mTestingLibraryElementError[22m[39m: 
Unable to find an element with the text: Add Item. 
This could be because the text is broken up by 
multiple elements. In this case, you can provide a 
function for your text matcher to make your matcher 
more flexible.

Ignored nodes: comments, script, style
[36m<body>[39m
  [36m<div>[39m
    [36m<div[39m
      [33mclass[39m=[32m"rounded-lg border 
bg-card text-card-foreground shadow-sm w-full"[39m
    [36m>[39m
      [36m<div[39m
        [33mclass[39m=[32m"flex flex-col 
space-y-1.5 p-6"[39m
      [36m>[39m
        [36m<div[39m
          [33mclass[39m=[32m"flex 
justify-between items-center"[39m
        [36m>[39m
          [36m<h3[39m
            [33mclass[39m=[32m"font-semibold 
tracking-tight text-xl"[39m
          [36m>[39m
            [0mBill of Materials[0m
          [36m</h3>[39m
          [36m<div[39m
            [33mclass[39m=[32m"flex gap-2"[39m
          [36m>[39m
            [36m<button[39m
              [33mclass[39m=[32m"inline-flex 
items-center justify-center whitespace-nowrap 
text-sm font-medium ring-offset-background 
transition-colors focus-visible:outline-none 
focus-visible:ring-2 focus-visible:ring-ring 
focus-visible:ring-offset-2 
disabled:pointer-events-none disabled:opacity-50 
bg-primary text-primary-foreground 
hover:bg-primary/90 h-9 rounded-md px-3"[39m
            [36m>[39m
              [0mPlus[0m
              [0mAdd Item[0m
            [36m</button>[39m
            [36m<button[39m
              [33mclass[39m=[32m"inline-flex 
items-center justify-center whitespace-nowrap 
text-sm font-medium ring-offset-background 
transition-colors focus-visible:outline-none 
focus-visible:ring-2 focus-visible:ring-ring 
focus-visible:ring-offset-2 
disabled:pointer-events-none disabled:opacity-50 
border border-input bg-background hover:bg-accent 
hover:text-accent-foreground h-9 rounded-md 
px-3"[39m
            [36m>[39m
              [0mCalculator[0m
              [0mApply 25% Markup[0m
            [36m</button>[39m
          [36m</div>[39m
        [36m</div>[39m
      [36m</div>[39m
      [36m<div[39m
        [33mclass[39m=[32m"p-6 pt-0"[39m
      [36m>[39m
        [36m<div[39m
          [33mclass[39m=[32m"space-y-4"[39m
        [36m>[39m
          [36m<div[39m
            
[33mclass[39m=[32m"ag-theme-alpine"[39m
            [33mstyle[39m=[32m"height: 400px; 
width: 100%; direction: rtl;"[39m
          [36m>[39m
            [36m<div[39m
              
[33mclass[39m=[32m"ag-theme-alpine"[39m
              
[33mdata-testid[39m=[32m"ag-grid"[39m
            [36m>[39m
              [36m<div[39m
                
[33mclass[39m=[32m"grid-header"[39m
              [36m>[39m
                [36m<div[39m
                  
[33mclass[39m=[32m"grid-header-cell"[39m
                  
[33mdata-col-id[39m=[32m"actions"[39m
                [36m>[39m
                  [0mActions[0m
                [36m</div>[39m
                [36m<div[39m
                  
[33mclass[39m=[32m"grid-header-cell"[39m
                  
[33mdata-col-id[39m=[32m"totalPrice"[39m
                [36m>[39m
                  [0mTotal Price[0m
                [36m</div>[39m
                [36m<div[39m
                  
[33mclass[39m=[32m"grid-header-cell"[39m
                  
[33mdata-col-id[39m=[32m"totalCost"[39m
                [36m>[39m
                  [0mTotal Cost[0m
                [36m</div>[39m
                [36m<div[39m
                  
[33mclass[39m=[32m"grid-header-cell"[39m
                  
[33mdata-col-id[39m=[32m"margin"[39m
                [36m>[39m
                  [0mMargin %[0m
                [36m</div>[39m
                [36m<div[39m
                  
[33mclass[39m=[32m"grid-header-cell"[39m
                  
[33mdata-col-id[39m=[32m"customerPrice"[39m
                [36m>[39m
                  [0mCustomer Price[0m
                [36m</div>[39m
                [36m<div[39m
                  
[33mclass[39m=[32m"grid-header-cell"[39m
                  
[33mdata-col-id[39m=[32m"unitCost"[39m
                [36m>[39m
                  [0mUnit Cost[0m
                [36m</div>[39m
                [36m<div[39m
                  
[33mclass[39m=[32m"grid-header-cell"[39m
                  
[33mdata-col-id[39m=[32m"quantity"[39m
                [36m>[39m
                  [0mQty[0m
                [36m</div>[39m
                [36m<div[39m
                  
[33mclass[39m=[32m"grid-header-cell"[39m
                  
[33mdata-col-id[39m=[32m"supplier"[39m
                [36m>[39m
                  [0mSupplier[0m
                [36m</div>[39m
                [36m<div[39m
                  
[33mclass[39m=[32m"grid-header-cell"[39m
                  
[33mdata-col-id[39m=[32m"manufacturerPn"[39m
                [36m>[39m
                  [0mMFR P/N[0m
                [36m</div>[39m
                [36m<div[39m
                  
[33mclass[39m=[32m"grid-header-cell"[39m
                  
[33mdata-col-id[39m=[32m"manufacturer"[39m
                [36m>[39m
                  [0mManufacturer[0m
                [36m</div>[39m
                [36m<div[39m
                  
[33mclass[39m=[32m"grid-header-cell"[39m
                  
[33mdata-col-id[39m=[32m"description"[39m
                [36m>[39m
                  [0mDescription[0m
                [36m</div>[39m
                [36m<div[39m
                  
[33mclass[39m=[32m"grid-header-cell"[39m
                  
[33mdata-col-id[39m=[32m"itemType"[39m
                [36m>[39m
                  [0mType[0m
                [36m</div>[39m
                [36m<div[39m
                  
[33mclass[39m=[32m"grid-header-cell"[39m
                  
[33mdata-col-id[39m=[32m"id"[39m
                [36m/>[39m
              [36m</div>[39m
              [36m<div[39m
                
[33mclass[39m=[32m"grid-body"[39m
              [36m>[39m
                [36m<div[39m
                  
[33mclass[39m=[32m"grid-row"[39m
                  
[33mdata-row-id[39m=[32m"item-1"[39m
                  
[33mdata-row-index[39m=[32m"0"[39m
                [36m>[39m
                  [36m<div[39m
                    
[33mclass[39m=[32m"grid-cell"[39m
                    
[33mdata-col-id[39m=[32m"actions"[39m
                  [36m/>[39m
                  [36m<div[39m
                    
[33mclass[39m=[32m"grid-cell"[39m
                    
[33mcontenteditable[39m=[32m"false"[39m
                    
[33mdata-col-id[39m=[32m"totalPrice"[39m
                  [36m>[39m
                    [0m3125.00[0m
                  [36m</div>[39m
                  [36m<div[39m
                    
[33mclass[39m=[32m"grid-cell"[39m
                    
[33mcontenteditable[39m=[32m"false"[39m
                    
[33mdata-col-id[39m=[32m"totalCost"[39m
                  [36m>[39m
                    [0m2500.00[0m
                  [36m</div>[39m
                  [36m<div[39m
                    
[33mclass[39m=[32m"grid-cell"[39m
                    
[33mcontenteditable[39m=[32m"false"[39m
                    
[33mdata-col-id[39m=[32m"margin"[39m
                  [36m>[39m
                    [0m25%[0m
                  [36m</div>[39m
                  [36m<div[39m
                    
[33mclass[39m=[32m"grid-cell"[39m
                    
[33mcontenteditable[39m=[32m"true"[39m
                    
[33mdata-col-id[39m=[32m"customerPrice"[39m
                  [36m>[39m
                    [0m3125[0m
                  [36m</div>[39m
                  [36m<div[39m
                    
[33mclass[39m=[32m"grid-cell"[39m
                    
[33mcontenteditable[39m=[32m"true"[39m
                    
[33mdata-col-id[39m=[32m"unitCost"[39m
                  [36m>[39m
                    [0m2500[0m
                  [36m</div>[39m
                  [36m<div[39m
                    
[33mclass[39m=[32m"grid-cell"[39m
                    
[33mcontenteditable[39m=[32m"true"[39m
                    
[33mdata-col-id[39m=[32m"quantity"[39m
                  [36m>[39m
                    [0m1[0m
                  [36m</div>[39m
                  [36m<div[39m
                    
[33mclass[39m=[32m"grid-cell"[39m
                    
[33mcontenteditable[39m=[32m"true"[39m
                    
[33mdata-col-id[39m=[32m"supplier"[39m
                  [36m>[39m
                    [0mAutomation Supplier[0m
                  [36m</div>[39m
                  [36m<div[39m
                    
[33mclass[39m=[32m"grid-cell"[39m
                    
[33mcontenteditable[39m=[32m"true"[39m
                    
[33mdata-col-id[39m=[32m"manufacturerPn"[39m
                  [36m>[39m
                    [0m6ES7512-1DK01-0AB0[0m
                  [36m</div>[39m
                  [36m<div[39m
                    
[33mclass[39m=[32m"grid-cell"[39m
                    
[33mcontenteditable[39m=[32m"true"[39m
                    
[33mdata-col-id[39m=[32m"manufacturer"[39m
                  [36m>[39m
                    [0mSiemens[0m
                  [36m</div>[39m
                  [36m<div[39m
                    
[33mclass[39m=[32m"grid-cell"[39m
                    
[33mcontenteditable[39m=[32m"true"[39m
                    
[33mdata-col-id[39m=[32m"description"[39m
                  [36m>[39m
                    [0mSiemens S7-1500 PLC[0m
                  [36m</div>[39m
                  [36m<div[39m
                    
[33mclass[39m=[32m"grid-cell"[39m
                    
[33mcontenteditable[39m=[32m"true"[39m
                    
[33mdata-col-id[39m=[32m"itemType"[39m
                  [36m>[39m
                    [0mcomponent[0m
                  [36m</div>[39m
                  [36m<div[39m
                    
[33mclass[39m=[32m"grid-cell"[39m
                    
[33mdata-col-id[39m=[32m"id"[39m
                  [36m>[39m
                    [0mitem-1[0m
                  [36m</div>[39m
                  [36m<div[39m
                    
[33mclass[39m=[32m"grid-cell"[39m
                  [36m>[39m
                    [36m<button>[39m
                      [0mDelete[0m
                    [36m</button>[39m
                  [36m</div>[39m
                [36m</div>[39m
                [36m<div[39m
                  
[33mclass[39m=[32m"grid-row"[39m
                  
[33mdata-row-id[39m=[32m"item-2"[39m
                  
[33mdata-row-index[39m=[32m"1"[39m
                [36m>[39m
                  [36m<div[39m
                    
[33mclass[39m=[32m"grid-cell"[39m
                    
[33mdata-col-id[39m=[32m"actions"[39m
                  [36m/>[39m
                  [36m<div[39m
                    
[33mclass[39m=[32m"grid-cell"[39m
                    
[33mcontenteditable[39m=[32m"false"[39m
                    
[33mdata-col-id[39m=[32m"totalPrice"[39m
                  [36m>[39m
                    [0m750.00[0m
                  [36m</div>[39m
                  [36m<div[39m
                    
[33mclass[39m=[32m"grid-cell"[39m
                    
[33mcontenteditable[39m=[32m"false"[39m
                    
[33mdata-col-id[39m=[32m"totalCost"[39m
                  [36m>[39m
                    [0m600.00[0m
                  [36m</div>[39m
                  [36m<div[39m
                    
[33mclass[39m=[32m"grid-cell"[39m
                    
[33mcontenteditable[39m=[32m"false"[39m
                    
[33mdata-col-id[39m=[32m"margin"[39m
                  [36m>[39m
                    [0m25%[0m
                  [36m</div>[39m
                  [36m<div[39m
                    
[33mclass[39m=[32m"grid-cell"[39m
                    
[33mcontenteditable[39m=[32m"true"[39m
                    
[33mdata-col-id[39m=[32m"customerPrice"[39m
                  [36m>[39m
                    [0m187.5[0m
                  [36m</div>[39m
                  [36m<div[39m
                    
[33mclass[39m=[32m"grid-cell"[39m
                    
[33mcontenteditable[39m=[32m"true"[39m
                    
[33mdata-col-id[39m=[32m"unitCost"[39m
                  [36m>[39m
                    [0m150[0m
                  [36m</div>[39m
                  [36m<div[39m
                    
[33mclass[39m=[32m"grid-cell"[39m
                    
[33mcontenteditable[39m=[32m"true"[39m
                    
[33mdata-col-id[39m=[32m"quantity"[39m
                  [36m>[39m
                    [0m4[0m
                  [36m</div>[39m
                  [36m<div[39m
                    
[33mclass[39m=[32m"grid-cell"[39m
                    
[33mcontenteditable[39m=[32m"true"[39m
                    
[33mdata-col-id[39m=[32m"supplier"[39m
                  [36m>[39m
                    [0mSensor Supplier[0m
                  [36m</div>[39m
                  [36m<div[39m
                    
[33mclass[39m=[32m"grid-cell"[39m
                    
[33mcontenteditable[39m=[32m"true"[39m
                    
[33mdata-col-id[39m=[32m"manufacturerPn"[39m
                  [36m>[39m
                    [0mQS18VN6D[0m
                  [36m</div>[39m
                  [36m<div[39m
                    
[33mclass[39m=[32m"grid-cell"[39m
                    
[33mcontenteditable[39m=[32m"true"[39m
                    
[33mdata-col-id[39m=[32m"manufacturer"[39m
                  [36m>[39m
                    [0mBanner[0m
                  [36m</div>[39m
                  [36m<div[39m
                    
[33mclass[39m=[32m"grid-cell"[39m
                    
[33mcontenteditable[39m=[32m"true"[39m
                    
[33mdata-col-id[39m=[32m"description"[39m
                  [36m>[39m
                    [0mBanner Photoelectric 
Sensor[0m
                  [36m</div>[39m
                  [36m<div[39m
                    
[33mclass[39m=[32m"grid-cell"[39m
                    
[33mcontenteditable[39m=[32m"true"[39m
                    
[33mdata-col-id[39m=[32m"itemType"[39m
                  [36m>[39m
                    [0mcomponent[0m
                  [36m</div>[39m
                  [36m<div[39m
                    
[33mclass[39m=[32m"grid-cell"[39m
                    
[33mdata-col-id[39m=[32m"id"[39m
                  [36m>[39m
                    [0mitem-2[0m
                  [36m</div>[39m
                  [36m<div[39m
                    
[33mclass[39m=[32m"grid-cell"[39m
                  [36m>[39m
                    [36m<button>[39m
                      [0mDelete[0m
                    [36m</button>[39m
                  [36m</div>[39m
                [36m</div>[39m
                [36m<div[39m
                  
[33mclass[39m=[32m"grid-row"[39m
                  
[33mdata-row-id[39m=[32m"item-3"[39m
                  
[33mdata-row-index[39m=[32m"2"[39m
                [36m>[39m
                  [36m<div[39m
                    
[33mclass[39m=[32m"grid-cell"[39m
                    
[33mdata-col-id[39m=[32m"actions"[39m
                  [36m/>[39m
                  [36m<div[39m
                    
[33mclass[39m=[32m"grid-cell"[39m
                    
[33mcontenteditable[39m=[32m"false"[39m
                    
[33mdata-col-id[39m=[32m"totalPrice"[39m
                  [36m>[39m
                    [0m6500.00[0m
                  [36m</div>[39m
                  [36m<div[39m
                    
[33mclass[39m=[32m"grid-cell"[39m
                    
[33mcontenteditable[39m=[32m"false"[39m
                    
[33mdata-col-id[39m=[32m"totalCost"[39m
                  [36m>[39m
                    [0m5000.00[0m
                  [36m</div>[39m
                  [36m<div[39m
                    
[33mclass[39m=[32m"grid-cell"[39m
                    
[33mcontenteditable[39m=[32m"false"[39m
                    
[33mdata-col-id[39m=[32m"margin"[39m
                  [36m>[39m
                    [0m30%[0m
                  [36m</div>[39m
                  [36m<div[39m
                    
[33mclass[39m=[32m"grid-cell"[39m
                    
[33mcontenteditable[39m=[32m"true"[39m
                    
[33mdata-col-id[39m=[32m"customerPrice"[39m
                  [36m>[39m
                    [0m6500[0m
                  [36m</div>[39m
                  [36m<div[39m
                    
[33mclass[39m=[32m"grid-cell"[39m
                    
[33mcontenteditable[39m=[32m"true"[39m
                    
[33mdata-col-id[39m=[32m"unitCost"[39m
                  [36m>[39m
                    [0m5000[0m
                  [36m</div>[39m
                  [36m<div[39m
                    
[33mclass[39m=[32m"grid-cell"[39m
                    
[33mcontenteditable[39m=[32m"true"[39m
                    
[33mdata-col-id[39m=[32m"quantity"[39m
                  [36m>[39m
                    [0m1[0m
                  [36m</div>[39m
                  [36m<div[39m
                    
[33mclass[39m=[32m"grid-cell"[39m
                    
[33mcontenteditable[39m=[32m"true"[39m
                    
[33mdata-col-id[39m=[32m"supplier"[39m
                  [36m>[39m
                    [0mCustom Builder[0m
                  [36m</div>[39m
                  [36m<div[39m
                    
[33mclass[39m=[32m"grid-cell"[39m
                    
[33mcontenteditable[39m=[32m"true"[39m
                    
[33mdata-col-id[39m=[32m"manufacturerPn"[39m
                  [36m/>[39m
                  [36m<div[39m
                    
[33mclass[39m=[32m"grid-cell"[39m
                    
[33mcontenteditable[39m=[32m"true"[39m
                    
[33mdata-col-id[39m=[32m"manufacturer"[39m
                  [36m>[39m
                    [0mCustom[0m
                  [36m</div>[39m
                  [36m<div[39m
                    
[33mclass[39m=[32m"grid-cell"[39m
                    
[33mcontenteditable[39m=[32m"true"[39m
                    
[33mdata-col-id[39m=[32m"description"[39m
                  [36m>[39m
                    [0mControl Cabinet Assembly[0m
                  [36m</div>[39m
                  [36m<div[39m
                    
[33mclass[39m=[32m"grid-cell"[39m
                    
[33mcontenteditable[39m=[32m"true"[39m
                    
[33mdata-col-id[39m=[32m"itemType"[39m
                  [36m>[39m
                    [0massembly[0m
                  [36m</div>[39m
                  [36m<div[39m
                    
[33mclass[39m=[32m"grid-cell"[39m
                    
[33mdata-col-id[39m=[32m"id"[39m
                  [36m>[39m
                    [0mitem-3[0m
                  [36m</div>[39m
                  [36m<div[39m
                    
[33mclass[39m=[32m"grid-cell"[39m
                  [36m>[39m
                    [36m<button>[39m
                      [0mDelete[0m
                    [36m</button>[39m
                  [36m</div>[39m
                [36m</div>[39m
              [36m</div>[39m
            [36m</div>[39m
          [36m</div>[39m
          [36m<div[39m
            [33mclass[39m=[32m"border-t 
pt-4"[39m
          [36m>[39m
            [36m<div[39m
              [33mclass[39m=[32m"grid 
grid-cols-1 md:grid-cols-4 gap-4"[39m
            [36m>[39m
              [36m<div>[39m
                [36m<div[39m
                  [33mclass[39m=[32m"text-sm 
font-medium text-gray-600"[39m
                [36m>[39m
                  [0mTotal Cost[0m
                [36m</div>[39m
                [36m<div[39m
                  [33mclass[39m=[32m"text-2xl 
font-bold"[39m
                [36m>[39m
                  [0m$8,100.00[0m
                [36m</div>[39m
              [36m</div>[39m
              [36m<div>[39m
                [36m<div[39m
                  [33mclass[39m=[32m"text-sm 
font-medium text-gray-600"[39m
                [36m>[39m
                  [0mTotal Price[0m
                [36m</div>[39m
                [36m<div[39m
                  [33mclass[39m=[32m"text-2xl 
font-bold text-blue-600"[39m
                [36m>[39m
                  [0m$10,375.00[0m
                [36m</div>[39m
              [36m</div>[39m
              [36m<div>[39m
                [36m<div[39m
                  [33mclass[39m=[32m"text-sm 
font-medium text-gray-600"[39m
                [36m>[39m
                  [0mTotal Margin[0m
                [36m</div>[39m
                [36m<div[39m
                  [33mclass[39m=[32m"text-2xl 
font-bold text-green-600"[39m
                [36m>[39m
                  [0m$2,275.00[0m
                [36m</div>[39m
              [36m</div>[39m
              [36m<div>[39m
                [36m<div[39m
                  [33mclass[39m=[32m"text-sm 
font-medium text-gray-600"[39m
                [36m>[39m
                  [0mAverage Margin[0m
                [36m</div>[39m
                [36m<div[39m
                  [33mclass[39m=[32m"text-2xl 
font-bold text-green-600"[39m
                [36m>[39m
                  [0m26.7[0m
                  [0m%[0m
                [36m</div>[39m
              [36m</div>[39m
            [36m</div>[39m
          [36m</div>[39m
        [36m</div>[39m
      [36m</div>[39m
    [36m</div>[39m
  [36m</div>[39m
[36m</body>[39m
[90m [2mΓ¥»[22m Object.getElementError node_modul
es/@testing-library/react/node_modules/@testing-libr
ary/dom/dist/config.js:[2m37:19[22m[39m
[90m [2mΓ¥»[22m node_modules/@testing-library/rea
ct/node_modules/@testing-library/dom/dist/query-help
ers.js:[2m76:38[22m[39m
[90m [2mΓ¥»[22m node_modules/@testing-library/rea
ct/node_modules/@testing-library/dom/dist/query-help
ers.js:[2m52:17[22m[39m
[90m [2mΓ¥»[22m node_modules/@testing-library/rea
ct/node_modules/@testing-library/dom/dist/query-help
ers.js:[2m95:19[22m[39m
[36m [2mΓ¥»[22m src/components/shared/__tests__/B
OMGrid.test.tsx:[2m297:32[22m[39m
    [90m295| [39m      
[34mrender[39m([33m<[39m[33mBOMGrid[39m 
[33m{[39m[33m...[39mdefaultProps[33m}[39m 
[33m/[39m[33m>[39m)[33m;[39m
    [90m296| [39m
    [90m297| [39m      [35mconst[39m addButton 
[33m=[39m 
screen[33m.[39m[34mgetByText[39m([32m'Add 
Item'[39m)[33m;[39m
    [90m   | [39m                               
[31m^[39m
    [90m298| [39m      [35mawait[39m 
user[33m.[39m[34mclick[39m(addButton)[33m;[39m
    [90m299| [39m

[31m[2mΓÄ»ΓÄ»ΓÄ»ΓÄ»ΓÄ»ΓÄ»ΓÄ»ΓÄ»ΓÄ»ΓÄ»ΓÄ»ΓÄ»ΓÄ»ΓÄ»Γ
Ä»ΓÄ»ΓÄ»ΓÄ»ΓÄ»ΓÄ»ΓÄ»ΓÄ»[33/95]ΓÄ»[22m[39m

[31m[1m[7m FAIL [27m[22m[39m src/components/sh
ared/__tests__/BOMGrid.test.tsx[2m > 
[22mBOMGrid[2m > [22mAdd and Remove Items[2m > 
[22mremoves item when delete button is clicked
[31m[1mAssertionError[22m: expected "spy" to be 
called at least once[39m
[36m [2mΓ¥»[22m src/components/shared/__tests__/B
OMGrid.test.tsx:[2m323:29[22m[39m
    [90m321| [39m      [35mawait[39m user[33m.
[39m[34mclick[39m(deleteButtons[[34m0[39m])[33m
;[39m
    [90m322| [39m
    [90m323| [39m      [34mexpect[39m(mockBOMCha
nge)[33m.[39m[34mtoHaveBeenCalled[39m()[33m;[3
9m
    [90m   | [39m                            
[31m^[39m
    [90m324| [39m
    [90m325| [39m      [90m// Verify item was 
removed[39m

[31m[2mΓÄ»ΓÄ»ΓÄ»ΓÄ»ΓÄ»ΓÄ»ΓÄ»ΓÄ»ΓÄ»ΓÄ»ΓÄ»ΓÄ»ΓÄ»ΓÄ»Γ
Ä»ΓÄ»ΓÄ»ΓÄ»ΓÄ»ΓÄ»ΓÄ»ΓÄ»[34/95]ΓÄ»[22m[39m

[31m[1m[7m FAIL [27m[22m[39m src/components/sh
ared/__tests__/BOMGrid.test.tsx[2m > 
[22mBOMGrid[2m > [22mCurrency Formatting[2m > 
[22mformats currency values correctly
[31m[1mTestingLibraryElementError[22m[39m: 
Unable to find an element with the text: 
/\$2,500\.00/. This could be because the text is 
broken up by multiple elements. In this case, you 
can provide a function for your text matcher to 
make your matcher more flexible.

Ignored nodes: comments, script, style
[36m<body>[39m
  [36m<div>[39m
    [36m<div[39m
      [33mclass[39m=[32m"rounded-lg border 
bg-card text-card-foreground shadow-sm w-full"[39m
    [36m>[39m
      [36m<div[39m
        [33mclass[39m=[32m"flex flex-col 
space-y-1.5 p-6"[39m
      [36m>[39m
        [36m<div[39m
          [33mclass[39m=[32m"flex 
justify-between items-center"[39m
        [36m>[39m
          [36m<h3[39m
            [33mclass[39m=[32m"font-semibold 
tracking-tight text-xl"[39m
          [36m>[39m
            [0mBill of Materials[0m
          [36m</h3>[39m
          [36m<div[39m
            [33mclass[39m=[32m"flex gap-2"[39m
          [36m>[39m
            [36m<button[39m
              [33mclass[39m=[32m"inline-flex 
items-center justify-center whitespace-nowrap 
text-sm font-medium ring-offset-background 
transition-colors focus-visible:outline-none 
focus-visible:ring-2 focus-visible:ring-ring 
focus-visible:ring-offset-2 
disabled:pointer-events-none disabled:opacity-50 
bg-primary text-primary-foreground 
hover:bg-primary/90 h-9 rounded-md px-3"[39m
            [36m>[39m
              [0mPlus[0m
              [0mAdd Item[0m
            [36m</button>[39m
            [36m<button[39m
              [33mclass[39m=[32m"inline-flex 
items-center justify-center whitespace-nowrap 
text-sm font-medium ring-offset-background 
transition-colors focus-visible:outline-none 
focus-visible:ring-2 focus-visible:ring-ring 
focus-visible:ring-offset-2 
disabled:pointer-events-none disabled:opacity-50 
border border-input bg-background hover:bg-accent 
hover:text-accent-foreground h-9 rounded-md 
px-3"[39m
            [36m>[39m
              [0mCalculator[0m
              [0mApply 25% Markup[0m
            [36m</button>[39m
          [36m</div>[39m
        [36m</div>[39m
      [36m</div>[39m
      [36m<div[39m
        [33mclass[39m=[32m"p-6 pt-0"[39m
      [36m>[39m
        [36m<div[39m
          [33mclass[39m=[32m"space-y-4"[39m
        [36m>[39m
          [36m<div[39m
            
[33mclass[39m=[32m"ag-theme-alpine"[39m
            [33mstyle[39m=[32m"height: 400px; 
width: 100%; direction: rtl;"[39m
          [36m>[39m
            [36m<div[39m
              
[33mclass[39m=[32m"ag-theme-alpine"[39m
              
[33mdata-testid[39m=[32m"ag-grid"[39m
            [36m>[39m
              [36m<div[39m
                
[33mclass[39m=[32m"grid-header"[39m
              [36m>[39m
                [36m<div[39m
                  
[33mclass[39m=[32m"grid-header-cell"[39m
                  
[33mdata-col-id[39m=[32m"actions"[39m
                [36m>[39m
                  [0mActions[0m
                [36m</div>[39m
                [36m<div[39m
                  
[33mclass[39m=[32m"grid-header-cell"[39m
                  
[33mdata-col-id[39m=[32m"totalPrice"[39m
                [36m>[39m
                  [0mTotal Price[0m
                [36m</div>[39m
                [36m<div[39m
                  
[33mclass[39m=[32m"grid-header-cell"[39m
                  
[33mdata-col-id[39m=[32m"totalCost"[39m
                [36m>[39m
                  [0mTotal Cost[0m
                [36m</div>[39m
                [36m<div[39m
                  
[33mclass[39m=[32m"grid-header-cell"[39m
                  
[33mdata-col-id[39m=[32m"margin"[39m
                [36m>[39m
                  [0mMargin %[0m
                [36m</div>[39m
                [36m<div[39m
                  
[33mclass[39m=[32m"grid-header-cell"[39m
                  
[33mdata-col-id[39m=[32m"customerPrice"[39m
                [36m>[39m
                  [0mCustomer Price[0m
                [36m</div>[39m
                [36m<div[39m
                  
[33mclass[39m=[32m"grid-header-cell"[39m
                  
[33mdata-col-id[39m=[32m"unitCost"[39m
                [36m>[39m
                  [0mUnit Cost[0m
                [36m</div>[39m
                [36m<div[39m
                  
[33mclass[39m=[32m"grid-header-cell"[39m
                  
[33mdata-col-id[39m=[32m"quantity"[39m
                [36m>[39m
                  [0mQty[0m
                [36m</div>[39m
                [36m<div[39m
                  
[33mclass[39m=[32m"grid-header-cell"[39m
                  
[33mdata-col-id[39m=[32m"supplier"[39m
                [36m>[39m
                  [0mSupplier[0m
                [36m</div>[39m
                [36m<div[39m
                  
[33mclass[39m=[32m"grid-header-cell"[39m
                  
[33mdata-col-id[39m=[32m"manufacturerPn"[39m
                [36m>[39m
                  [0mMFR P/N[0m
                [36m</div>[39m
                [36m<div[39m
                  
[33mclass[39m=[32m"grid-header-cell"[39m
                  
[33mdata-col-id[39m=[32m"manufacturer"[39m
                [36m>[39m
                  [0mManufacturer[0m
                [36m</div>[39m
                [36m<div[39m
                  
[33mclass[39m=[32m"grid-header-cell"[39m
                  
[33mdata-col-id[39m=[32m"description"[39m
                [36m>[39m
                  [0mDescription[0m
                [36m</div>[39m
                [36m<div[39m
                  
[33mclass[39m=[32m"grid-header-cell"[39m
                  
[33mdata-col-id[39m=[32m"itemType"[39m
                [36m>[39m
                  [0mType[0m
                [36m</div>[39m
                [36m<div[39m
                  
[33mclass[39m=[32m"grid-header-cell"[39m
                  
[33mdata-col-id[39m=[32m"id"[39m
                [36m/>[39m
              [36m</div>[39m
              [36m<div[39m
                
[33mclass[39m=[32m"grid-body"[39m
              [36m>[39m
                [36m<div[39m
                  
[33mclass[39m=[32m"grid-row"[39m
                  
[33mdata-row-id[39m=[32m"item-1"[39m
                  
[33mdata-row-index[39m=[32m"0"[39m
                [36m>[39m
                  [36m<div[39m
                    
[33mclass[39m=[32m"grid-cell"[39m
                    
[33mdata-col-id[39m=[32m"actions"[39m
                  [36m/>[39m
                  [36m<div[39m
                    
[33mclass[39m=[32m"grid-cell"[39m
                    
[33mcontenteditable[39m=[32m"false"[39m
                    
[33mdata-col-id[39m=[32m"totalPrice"[39m
                  [36m>[39m
                    [0m3125.00[0m
                  [36m</div>[39m
                  [36m<div[39m
                    
[33mclass[39m=[32m"grid-cell"[39m
                    
[33mcontenteditable[39m=[32m"false"[39m
                    
[33mdata-col-id[39m=[32m"totalCost"[39m
                  [36m>[39m
                    [0m2500.00[0m
                  [36m</div>[39m
                  [36m<div[39m
                    
[33mclass[39m=[32m"grid-cell"[39m
                    
[33mcontenteditable[39m=[32m"false"[39m
                    
[33mdata-col-id[39m=[32m"margin"[39m
                  [36m>[39m
                    [0m25%[0m
                  [36m</div>[39m
                  [36m<div[39m
                    
[33mclass[39m=[32m"grid-cell"[39m
                    
[33mcontenteditable[39m=[32m"true"[39m
                    
[33mdata-col-id[39m=[32m"customerPrice"[39m
                  [36m>[39m
                    [0m3125[0m
                  [36m</div>[39m
                  [36m<div[39m
                    
[33mclass[39m=[32m"grid-cell"[39m
                    
[33mcontenteditable[39m=[32m"true"[39m
                    
[33mdata-col-id[39m=[32m"unitCost"[39m
                  [36m>[39m
                    [0m2500[0m
                  [36m</div>[39m
                  [36m<div[39m
                    
[33mclass[39m=[32m"grid-cell"[39m
                    
[33mcontenteditable[39m=[32m"true"[39m
                    
[33mdata-col-id[39m=[32m"quantity"[39m
                  [36m>[39m
                    [0m1[0m
                  [36m</div>[39m
                  [36m<div[39m
                    
[33mclass[39m=[32m"grid-cell"[39m
                    
[33mcontenteditable[39m=[32m"true"[39m
                    
[33mdata-col-id[39m=[32m"supplier"[39m
                  [36m>[39m
                    [0mAutomation Supplier[0m
                  [36m</div>[39m
                  [36m<div[39m
                    
[33mclass[39m=[32m"grid-cell"[39m
                    
[33mcontenteditable[39m=[32m"true"[39m
                    
[33mdata-col-id[39m=[32m"manufacturerPn"[39m
                  [36m>[39m
                    [0m6ES7512-1DK01-0AB0[0m
                  [36m</div>[39m
                  [36m<div[39m
                    
[33mclass[39m=[32m"grid-cell"[39m
                    
[33mcontenteditable[39m=[32m"true"[39m
                    
[33mdata-col-id[39m=[32m"manufacturer"[39m
                  [36m>[39m
                    [0mSiemens[0m
                  [36m</div>[39m
                  [36m<div[39m
                    
[33mclass[39m=[32m"grid-cell"[39m
                    
[33mcontenteditable[39m=[32m"true"[39m
                    
[33mdata-col-id[39m=[32m"description"[39m
                  [36m>[39m
                    [0mSiemens S7-1500 PLC[0m
                  [36m</div>[39m
                  [36m<div[39m
                    
[33mclass[39m=[32m"grid-cell"[39m
                    
[33mcontenteditable[39m=[32m"true"[39m
                    
[33mdata-col-id[39m=[32m"itemType"[39m
                  [36m>[39m
                    [0mcomponent[0m
                  [36m</div>[39m
                  [36m<div[39m
                    
[33mclass[39m=[32m"grid-cell"[39m
                    
[33mdata-col-id[39m=[32m"id"[39m
                  [36m>[39m
                    [0mitem-1[0m
                  [36m</div>[39m
                  [36m<div[39m
                    
[33mclass[39m=[32m"grid-cell"[39m
                  [36m>[39m
                    [36m<button>[39m
                      [0mDelete[0m
                    [36m</button>[39m
                  [36m</div>[39m
                [36m</div>[39m
                [36m<div[39m
                  
[33mclass[39m=[32m"grid-row"[39m
                  
[33mdata-row-id[39m=[32m"item-2"[39m
                  
[33mdata-row-index[39m=[32m"1"[39m
                [36m>[39m
                  [36m<div[39m
                    
[33mclass[39m=[32m"grid-cell"[39m
                    
[33mdata-col-id[39m=[32m"actions"[39m
                  [36m/>[39m
                  [36m<div[39m
                    
[33mclass[39m=[32m"grid-cell"[39m
                    
[33mcontenteditable[39m=[32m"false"[39m
                    
[33mdata-col-id[39m=[32m"totalPrice"[39m
                  [36m>[39m
                    [0m750.00[0m
                  [36m</div>[39m
                  [36m<div[39m
                    
[33mclass[39m=[32m"grid-cell"[39m
                    
[33mcontenteditable[39m=[32m"false"[39m
                    
[33mdata-col-id[39m=[32m"totalCost"[39m
                  [36m>[39m
                    [0m600.00[0m
                  [36m</div>[39m
                  [36m<div[39m
                    
[33mclass[39m=[32m"grid-cell"[39m
                    
[33mcontenteditable[39m=[32m"false"[39m
                    
[33mdata-col-id[39m=[32m"margin"[39m
                  [36m>[39m
                    [0m25%[0m
                  [36m</div>[39m
                  [36m<div[39m
                    
[33mclass[39m=[32m"grid-cell"[39m
                    
[33mcontenteditable[39m=[32m"true"[39m
                    
[33mdata-col-id[39m=[32m"customerPrice"[39m
                  [36m>[39m
                    [0m187.5[0m
                  [36m</div>[39m
                  [36m<div[39m
                    
[33mclass[39m=[32m"grid-cell"[39m
                    
[33mcontenteditable[39m=[32m"true"[39m
                    
[33mdata-col-id[39m=[32m"unitCost"[39m
                  [36m>[39m
                    [0m150[0m
                  [36m</div>[39m
                  [36m<div[39m
                    
[33mclass[39m=[32m"grid-cell"[39m
                    
[33mcontenteditable[39m=[32m"true"[39m
                    
[33mdata-col-id[39m=[32m"quantity"[39m
                  [36m>[39m
                    [0m4[0m
                  [36m</div>[39m
                  [36m<div[39m
                    
[33mclass[39m=[32m"grid-cell"[39m
                    
[33mcontenteditable[39m=[32m"true"[39m
                    
[33mdata-col-id[39m=[32m"supplier"[39m
                  [36m>[39m
                    [0mSensor Supplier[0m
                  [36m</div>[39m
                  [36m<div[39m
                    
[33mclass[39m=[32m"grid-cell"[39m
                    
[33mcontenteditable[39m=[32m"true"[39m
                    
[33mdata-col-id[39m=[32m"manufacturerPn"[39m
                  [36m>[39m
                    [0mQS18VN6D[0m
                  [36m</div>[39m
                  [36m<div[39m
                    
[33mclass[39m=[32m"grid-cell"[39m
                    
[33mcontenteditable[39m=[32m"true"[39m
                    
[33mdata-col-id[39m=[32m"manufacturer"[39m
                  [36m>[39m
                    [0mBanner[0m
                  [36m</div>[39m
                  [36m<div[39m
                    
[33mclass[39m=[32m"grid-cell"[39m
                    
[33mcontenteditable[39m=[32m"true"[39m
                    
[33mdata-col-id[39m=[32m"description"[39m
                  [36m>[39m
                    [0mBanner Photoelectric 
Sensor[0m
                  [36m</div>[39m
                  [36m<div[39m
                    
[33mclass[39m=[32m"grid-cell"[39m
                    
[33mcontenteditable[39m=[32m"true"[39m
                    
[33mdata-col-id[39m=[32m"itemType"[39m
                  [36m>[39m
                    [0mcomponent[0m
                  [36m</div>[39m
                  [36m<div[39m
                    
[33mclass[39m=[32m"grid-cell"[39m
                    
[33mdata-col-id[39m=[32m"id"[39m
                  [36m>[39m
                    [0mitem-2[0m
                  [36m</div>[39m
                  [36m<div[39m
                    
[33mclass[39m=[32m"grid-cell"[39m
                  [36m>[39m
                    [36m<button>[39m
                      [0mDelete[0m
                    [36m</button>[39m
                  [36m</div>[39m
                [36m</div>[39m
                [36m<div[39m
                  
[33mclass[39m=[32m"grid-row"[39m
                  
[33mdata-row-id[39m=[32m"item-3"[39m
                  
[33mdata-row-index[39m=[32m"2"[39m
                [36m>[39m
                  [36m<div[39m
                    
[33mclass[39m=[32m"grid-cell"[39m
                    
[33mdata-col-id[39m=[32m"actions"[39m
                  [36m/>[39m
                  [36m<div[39m
                    
[33mclass[39m=[32m"grid-cell"[39m
                    
[33mcontenteditable[39m=[32m"false"[39m
                    
[33mdata-col-id[39m=[32m"totalPrice"[39m
                  [36m>[39m
                    [0m6500.00[0m
                  [36m</div>[39m
                  [36m<div[39m
                    
[33mclass[39m=[32m"grid-cell"[39m
                    
[33mcontenteditable[39m=[32m"false"[39m
                    
[33mdata-col-id[39m=[32m"totalCost"[39m
                  [36m>[39m
                    [0m5000.00[0m
                  [36m</div>[39m
                  [36m<div[39m
                    
[33mclass[39m=[32m"grid-cell"[39m
                    
[33mcontenteditable[39m=[32m"false"[39m
                    
[33mdata-col-id[39m=[32m"margin"[39m
                  [36m>[39m
                    [0m30%[0m
                  [36m</div>[39m
                  [36m<div[39m
                    
[33mclass[39m=[32m"grid-cell"[39m
                    
[33mcontenteditable[39m=[32m"true"[39m
                    
[33mdata-col-id[39m=[32m"customerPrice"[39m
                  [36m>[39m
                    [0m6500[0m
                  [36m</div>[39m
                  [36m<div[39m
                    
[33mclass[39m=[32m"grid-cell"[39m
                    
[33mcontenteditable[39m=[32m"true"[39m
                    
[33mdata-col-id[39m=[32m"unitCost"[39m
                  [36m>[39m
                    [0m5000[0m
                  [36m</div>[39m
                  [36m<div[39m
                    
[33mclass[39m=[32m"grid-cell"[39m
                    
[33mcontenteditable[39m=[32m"true"[39m
                    
[33mdata-col-id[39m=[32m"quantity"[39m
                  [36m>[39m
                    [0m1[0m
                  [36m</div>[39m
                  [36m<div[39m
                    
[33mclass[39m=[32m"grid-cell"[39m
                    
[33mcontenteditable[39m=[32m"true"[39m
                    
[33mdata-col-id[39m=[32m"supplier"[39m
                  [36m>[39m
                    [0mCustom Builder[0m
                  [36m</div>[39m
                  [36m<div[39m
                    
[33mclass[39m=[32m"grid-cell"[39m
                    
[33mcontenteditable[39m=[32m"true"[39m
                    
[33mdata-col-id[39m=[32m"manufacturerPn"[39m
                  [36m/>[39m
                  [36m<div[39m
                    
[33mclass[39m=[32m"grid-cell"[39m
                    
[33mcontenteditable[39m=[32m"true"[39m
                    
[33mdata-col-id[39m=[32m"manufacturer"[39m
                  [36m>[39m
                    [0mCustom[0m
                  [36m</div>[39m
                  [36m<div[39m
                    
[33mclass[39m=[32m"grid-cell"[39m
                    
[33mcontenteditable[39m=[32m"true"[39m
                    
[33mdata-col-id[39m=[32m"description"[39m
                  [36m>[39m
                    [0mControl Cabinet Assembly[0m
                  [36m</div>[39m
                  [36m<div[39m
                    
[33mclass[39m=[32m"grid-cell"[39m
                    
[33mcontenteditable[39m=[32m"true"[39m
                    
[33mdata-col-id[39m=[32m"itemType"[39m
                  [36m>[39m
                    [0massembly[0m
                  [36m</div>[39m
                  [36m<div[39m
                    
[33mclass[39m=[32m"grid-cell"[39m
                    
[33mdata-col-id[39m=[32m"id"[39m
                  [36m>[39m
                    [0mitem-3[0m
                  [36m</div>[39m
                  [36m<div[39m
                    
[33mclass[39m=[32m"grid-cell"[39m
                  [36m>[39m
                    [36m<button>[39m
                      [0mDelete[0m
                    [36m</button>[39m
                  [36m</div>[39m
                [36m</div>[39m
              [36m</div>[39m
            [36m</div>[39m
          [36m</div>[39m
          [36m<div[39m
            [33mclass[39m=[32m"border-t 
pt-4"[39m
          [36m>[39m
            [36m<div[39m
              [33mclass[39m=[32m"grid 
grid-cols-1 md:grid-cols-4 gap-4"[39m
            [36m>[39m
              [36m<div>[39m
                [36m<div[39m
                  [33mclass[39m=[32m"text-sm 
font-medium text-gray-600"[39m
                [36m>[39m
                  [0mTotal Cost[0m
                [36m</div>[39m
                [36m<div[39m
                  [33mclass[39m=[32m"text-2xl 
font-bold"[39m
                [36m>[39m
                  [0m$8,100.00[0m
                [36m</div>[39m
              [36m</div>[39m
              [36m<div>[39m
                [36m<div[39m
                  [33mclass[39m=[32m"text-sm 
font-medium text-gray-600"[39m
                [36m>[39m
                  [0mTotal Price[0m
                [36m</div>[39m
                [36m<div[39m
                  [33mclass[39m=[32m"text-2xl 
font-bold text-blue-600"[39m
                [36m>[39m
                  [0m$10,375.00[0m
                [36m</div>[39m
              [36m</div>[39m
              [36m<div>[39m
                [36m<div[39m
                  [33mclass[39m=[32m"text-sm 
font-medium text-gray-600"[39m
                [36m>[39m
                  [0mTotal Margin[0m
                [36m</div>[39m
                [36m<div[39m
                  [33mclass[39m=[32m"text-2xl 
font-bold text-green-600"[39m
                [36m>[39m
                  [0m$2,275.00[0m
                [36m</div>[39m
              [36m</div>[39m
              [36m<div>[39m
                [36m<div[39m
                  [33mclass[39m=[32m"text-sm 
font-medium text-gray-600"[39m
                [36m>[39m
                  [0mAverage Margin[0m
                [36m</div>[39m
                [36m<div[39m
                  [33mclass[39m=[32m"text-2xl 
font-bold text-green-600"[39m
                [36m>[39m
                  [0m26.7[0m
                  [0m%[0m
                [36m</div>[39m
              [36m</div>[39m
            [36m</div>[39m
          [36m</div>[39m
        [36m</div>[39m
      [36m</div>[39m
    [36m</div>[39m
  [36m</div>[39m
[36m</body>[39m
[90m [2mΓ¥»[22m Object.getElementError node_modul
es/@testing-library/react/node_modules/@testing-libr
ary/dom/dist/config.js:[2m37:19[22m[39m
[90m [2mΓ¥»[22m node_modules/@testing-library/rea
ct/node_modules/@testing-library/dom/dist/query-help
ers.js:[2m76:38[22m[39m
[90m [2mΓ¥»[22m node_modules/@testing-library/rea
ct/node_modules/@testing-library/dom/dist/query-help
ers.js:[2m52:17[22m[39m
[90m [2mΓ¥»[22m node_modules/@testing-library/rea
ct/node_modules/@testing-library/dom/dist/query-help
ers.js:[2m95:19[22m[39m
[36m [2mΓ¥»[22m src/components/shared/__tests__/B
OMGrid.test.tsx:[2m336:21[22m[39m
    [90m334| [39m
    [90m335| [39m      [90m// Check for 
formatted currency values[39m
    [90m336| [39m      [34mexpect[39m(screen[33
m.[39m[34mgetByText[39m([36m/\$2,500\.00/[39m))
[33m.[39m[34mtoBeInTheDocument[39m()[33m;[39m 
[90m// [39mΓÇª
    [90m   | [39m                    [31m^[39m
    [90m337| [39m      [34mexpect[39m(screen[33
m.[39m[34mgetByText[39m([36m/\$3,125\.00/[39m))
[33m.[39m[34mtoBeInTheDocument[39m()[33m;[39m 
[90m// [39mΓÇª
    [90m338| [39m      [34mexpect[39m(screen[33
m.[39m[34mgetByText[39m([36m/\$2,500\.00/[39m))
[33m.[39m[34mtoBeInTheDocument[39m()[33m;[39m 
[90m// [39mΓÇª

[31m[2mΓÄ»ΓÄ»ΓÄ»ΓÄ»ΓÄ»ΓÄ»ΓÄ»ΓÄ»ΓÄ»ΓÄ»ΓÄ»ΓÄ»ΓÄ»ΓÄ»Γ
Ä»ΓÄ»ΓÄ»ΓÄ»ΓÄ»ΓÄ»ΓÄ»ΓÄ»[35/95]ΓÄ»[22m[39m

[31m[1m[7m FAIL [27m[22m[39m src/components/sh
ared/__tests__/BOMGrid.test.tsx[2m > 
[22mBOMGrid[2m > [22mMargin Calculations[2m > 
[22mcalculates margin percentages correctly
[31m[1mTestingLibraryElementError[22m[39m: 
Unable to find an element with the text: 25.0%. 
This could be because the text is broken up by 
multiple elements. In this case, you can provide a 
function for your text matcher to make your matcher 
more flexible.

Ignored nodes: comments, script, style
[36m<body>[39m
  [36m<div>[39m
    [36m<div[39m
      [33mclass[39m=[32m"rounded-lg border 
bg-card text-card-foreground shadow-sm w-full"[39m
    [36m>[39m
      [36m<div[39m
        [33mclass[39m=[32m"flex flex-col 
space-y-1.5 p-6"[39m
      [36m>[39m
        [36m<div[39m
          [33mclass[39m=[32m"flex 
justify-between items-center"[39m
        [36m>[39m
          [36m<h3[39m
            [33mclass[39m=[32m"font-semibold 
tracking-tight text-xl"[39m
          [36m>[39m
            [0mBill of Materials[0m
          [36m</h3>[39m
          [36m<div[39m
            [33mclass[39m=[32m"flex gap-2"[39m
          [36m>[39m
            [36m<button[39m
              [33mclass[39m=[32m"inline-flex 
items-center justify-center whitespace-nowrap 
text-sm font-medium ring-offset-background 
transition-colors focus-visible:outline-none 
focus-visible:ring-2 focus-visible:ring-ring 
focus-visible:ring-offset-2 
disabled:pointer-events-none disabled:opacity-50 
bg-primary text-primary-foreground 
hover:bg-primary/90 h-9 rounded-md px-3"[39m
            [36m>[39m
              [0mPlus[0m
              [0mAdd Item[0m
            [36m</button>[39m
            [36m<button[39m
              [33mclass[39m=[32m"inline-flex 
items-center justify-center whitespace-nowrap 
text-sm font-medium ring-offset-background 
transition-colors focus-visible:outline-none 
focus-visible:ring-2 focus-visible:ring-ring 
focus-visible:ring-offset-2 
disabled:pointer-events-none disabled:opacity-50 
border border-input bg-background hover:bg-accent 
hover:text-accent-foreground h-9 rounded-md 
px-3"[39m
            [36m>[39m
              [0mCalculator[0m
              [0mApply 25% Markup[0m
            [36m</button>[39m
          [36m</div>[39m
        [36m</div>[39m
      [36m</div>[39m
      [36m<div[39m
        [33mclass[39m=[32m"p-6 pt-0"[39m
      [36m>[39m
        [36m<div[39m
          [33mclass[39m=[32m"space-y-4"[39m
        [36m>[39m
          [36m<div[39m
            
[33mclass[39m=[32m"ag-theme-alpine"[39m
            [33mstyle[39m=[32m"height: 400px; 
width: 100%; direction: rtl;"[39m
          [36m>[39m
            [36m<div[39m
              
[33mclass[39m=[32m"ag-theme-alpine"[39m
              
[33mdata-testid[39m=[32m"ag-grid"[39m
            [36m>[39m
              [36m<div[39m
                
[33mclass[39m=[32m"grid-header"[39m
              [36m>[39m
                [36m<div[39m
                  
[33mclass[39m=[32m"grid-header-cell"[39m
                  
[33mdata-col-id[39m=[32m"actions"[39m
                [36m>[39m
                  [0mActions[0m
                [36m</div>[39m
                [36m<div[39m
                  
[33mclass[39m=[32m"grid-header-cell"[39m
                  
[33mdata-col-id[39m=[32m"totalPrice"[39m
                [36m>[39m
                  [0mTotal Price[0m
                [36m</div>[39m
                [36m<div[39m
                  
[33mclass[39m=[32m"grid-header-cell"[39m
                  
[33mdata-col-id[39m=[32m"totalCost"[39m
                [36m>[39m
                  [0mTotal Cost[0m
                [36m</div>[39m
                [36m<div[39m
                  
[33mclass[39m=[32m"grid-header-cell"[39m
                  
[33mdata-col-id[39m=[32m"margin"[39m
                [36m>[39m
                  [0mMargin %[0m
                [36m</div>[39m
                [36m<div[39m
                  
[33mclass[39m=[32m"grid-header-cell"[39m
                  
[33mdata-col-id[39m=[32m"customerPrice"[39m
                [36m>[39m
                  [0mCustomer Price[0m
                [36m</div>[39m
                [36m<div[39m
                  
[33mclass[39m=[32m"grid-header-cell"[39m
                  
[33mdata-col-id[39m=[32m"unitCost"[39m
                [36m>[39m
                  [0mUnit Cost[0m
                [36m</div>[39m
                [36m<div[39m
                  
[33mclass[39m=[32m"grid-header-cell"[39m
                  
[33mdata-col-id[39m=[32m"quantity"[39m
                [36m>[39m
                  [0mQty[0m
                [36m</div>[39m
                [36m<div[39m
                  
[33mclass[39m=[32m"grid-header-cell"[39m
                  
[33mdata-col-id[39m=[32m"supplier"[39m
                [36m>[39m
                  [0mSupplier[0m
                [36m</div>[39m
                [36m<div[39m
                  
[33mclass[39m=[32m"grid-header-cell"[39m
                  
[33mdata-col-id[39m=[32m"manufacturerPn"[39m
                [36m>[39m
                  [0mMFR P/N[0m
                [36m</div>[39m
                [36m<div[39m
                  
[33mclass[39m=[32m"grid-header-cell"[39m
                  
[33mdata-col-id[39m=[32m"manufacturer"[39m
                [36m>[39m
                  [0mManufacturer[0m
                [36m</div>[39m
                [36m<div[39m
                  
[33mclass[39m=[32m"grid-header-cell"[39m
                  
[33mdata-col-id[39m=[32m"description"[39m
                [36m>[39m
                  [0mDescription[0m
                [36m</div>[39m
                [36m<div[39m
                  
[33mclass[39m=[32m"grid-header-cell"[39m
                  
[33mdata-col-id[39m=[32m"itemType"[39m
                [36m>[39m
                  [0mType[0m
                [36m</div>[39m
                [36m<div[39m
                  
[33mclass[39m=[32m"grid-header-cell"[39m
                  
[33mdata-col-id[39m=[32m"id"[39m
                [36m/>[39m
              [36m</div>[39m
              [36m<div[39m
                
[33mclass[39m=[32m"grid-body"[39m
              [36m>[39m
                [36m<div[39m
                  
[33mclass[39m=[32m"grid-row"[39m
                  
[33mdata-row-id[39m=[32m"item-1"[39m
                  
[33mdata-row-index[39m=[32m"0"[39m
                [36m>[39m
                  [36m<div[39m
                    
[33mclass[39m=[32m"grid-cell"[39m
                    
[33mdata-col-id[39m=[32m"actions"[39m
                  [36m/>[39m
                  [36m<div[39m
                    
[33mclass[39m=[32m"grid-cell"[39m
                    
[33mcontenteditable[39m=[32m"false"[39m
                    
[33mdata-col-id[39m=[32m"totalPrice"[39m
                  [36m>[39m
                    [0m3125.00[0m
                  [36m</div>[39m
                  [36m<div[39m
                    
[33mclass[39m=[32m"grid-cell"[39m
                    
[33mcontenteditable[39m=[32m"false"[39m
                    
[33mdata-col-id[39m=[32m"totalCost"[39m
                  [36m>[39m
                    [0m2500.00[0m
                  [36m</div>[39m
                  [36m<div[39m
                    
[33mclass[39m=[32m"grid-cell"[39m
                    
[33mcontenteditable[39m=[32m"false"[39m
                    
[33mdata-col-id[39m=[32m"margin"[39m
                  [36m>[39m
                    [0m25%[0m
                  [36m</div>[39m
                  [36m<div[39m
                    
[33mclass[39m=[32m"grid-cell"[39m
                    
[33mcontenteditable[39m=[32m"true"[39m
                    
[33mdata-col-id[39m=[32m"customerPrice"[39m
                  [36m>[39m
                    [0m3125[0m
                  [36m</div>[39m
                  [36m<div[39m
                    
[33mclass[39m=[32m"grid-cell"[39m
                    
[33mcontenteditable[39m=[32m"true"[39m
                    
[33mdata-col-id[39m=[32m"unitCost"[39m
                  [36m>[39m
                    [0m2500[0m
                  [36m</div>[39m
                  [36m<div[39m
                    
[33mclass[39m=[32m"grid-cell"[39m
                    
[33mcontenteditable[39m=[32m"true"[39m
                    
[33mdata-col-id[39m=[32m"quantity"[39m
                  [36m>[39m
                    [0m1[0m
                  [36m</div>[39m
                  [36m<div[39m
                    
[33mclass[39m=[32m"grid-cell"[39m
                    
[33mcontenteditable[39m=[32m"true"[39m
                    
[33mdata-col-id[39m=[32m"supplier"[39m
                  [36m>[39m
                    [0mAutomation Supplier[0m
                  [36m</div>[39m
                  [36m<div[39m
                    
[33mclass[39m=[32m"grid-cell"[39m
                    
[33mcontenteditable[39m=[32m"true"[39m
                    
[33mdata-col-id[39m=[32m"manufacturerPn"[39m
                  [36m>[39m
                    [0m6ES7512-1DK01-0AB0[0m
                  [36m</div>[39m
                  [36m<div[39m
                    
[33mclass[39m=[32m"grid-cell"[39m
                    
[33mcontenteditable[39m=[32m"true"[39m
                    
[33mdata-col-id[39m=[32m"manufacturer"[39m
                  [36m>[39m
                    [0mSiemens[0m
                  [36m</div>[39m
                  [36m<div[39m
                    
[33mclass[39m=[32m"grid-cell"[39m
                    
[33mcontenteditable[39m=[32m"true"[39m
                    
[33mdata-col-id[39m=[32m"description"[39m
                  [36m>[39m
                    [0mSiemens S7-1500 PLC[0m
                  [36m</div>[39m
                  [36m<div[39m
                    
[33mclass[39m=[32m"grid-cell"[39m
                    
[33mcontenteditable[39m=[32m"true"[39m
                    
[33mdata-col-id[39m=[32m"itemType"[39m
                  [36m>[39m
                    [0mcomponent[0m
                  [36m</div>[39m
                  [36m<div[39m
                    
[33mclass[39m=[32m"grid-cell"[39m
                    
[33mdata-col-id[39m=[32m"id"[39m
                  [36m>[39m
                    [0mitem-1[0m
                  [36m</div>[39m
                  [36m<div[39m
                    
[33mclass[39m=[32m"grid-cell"[39m
                  [36m>[39m
                    [36m<button>[39m
                      [0mDelete[0m
                    [36m</button>[39m
                  [36m</div>[39m
                [36m</div>[39m
                [36m<div[39m
                  
[33mclass[39m=[32m"grid-row"[39m
                  
[33mdata-row-id[39m=[32m"item-2"[39m
                  
[33mdata-row-index[39m=[32m"1"[39m
                [36m>[39m
                  [36m<div[39m
                    
[33mclass[39m=[32m"grid-cell"[39m
                    
[33mdata-col-id[39m=[32m"actions"[39m
                  [36m/>[39m
                  [36m<div[39m
                    
[33mclass[39m=[32m"grid-cell"[39m
                    
[33mcontenteditable[39m=[32m"false"[39m
                    
[33mdata-col-id[39m=[32m"totalPrice"[39m
                  [36m>[39m
                    [0m750.00[0m
                  [36m</div>[39m
                  [36m<div[39m
                    
[33mclass[39m=[32m"grid-cell"[39m
                    
[33mcontenteditable[39m=[32m"false"[39m
                    
[33mdata-col-id[39m=[32m"totalCost"[39m
                  [36m>[39m
                    [0m600.00[0m
                  [36m</div>[39m
                  [36m<div[39m
                    
[33mclass[39m=[32m"grid-cell"[39m
                    
[33mcontenteditable[39m=[32m"false"[39m
                    
[33mdata-col-id[39m=[32m"margin"[39m
                  [36m>[39m
                    [0m25%[0m
                  [36m</div>[39m
                  [36m<div[39m
                    
[33mclass[39m=[32m"grid-cell"[39m
                    
[33mcontenteditable[39m=[32m"true"[39m
                    
[33mdata-col-id[39m=[32m"customerPrice"[39m
                  [36m>[39m
                    [0m187.5[0m
                  [36m</div>[39m
                  [36m<div[39m
                    
[33mclass[39m=[32m"grid-cell"[39m
                    
[33mcontenteditable[39m=[32m"true"[39m
                    
[33mdata-col-id[39m=[32m"unitCost"[39m
                  [36m>[39m
                    [0m150[0m
                  [36m</div>[39m
                  [36m<div[39m
                    
[33mclass[39m=[32m"grid-cell"[39m
                    
[33mcontenteditable[39m=[32m"true"[39m
                    
[33mdata-col-id[39m=[32m"quantity"[39m
                  [36m>[39m
                    [0m4[0m
                  [36m</div>[39m
                  [36m<div[39m
                    
[33mclass[39m=[32m"grid-cell"[39m
                    
[33mcontenteditable[39m=[32m"true"[39m
                    
[33mdata-col-id[39m=[32m"supplier"[39m
                  [36m>[39m
                    [0mSensor Supplier[0m
                  [36m</div>[39m
                  [36m<div[39m
                    
[33mclass[39m=[32m"grid-cell"[39m
                    
[33mcontenteditable[39m=[32m"true"[39m
                    
[33mdata-col-id[39m=[32m"manufacturerPn"[39m
                  [36m>[39m
                    [0mQS18VN6D[0m
                  [36m</div>[39m
                  [36m<div[39m
                    
[33mclass[39m=[32m"grid-cell"[39m
                    
[33mcontenteditable[39m=[32m"true"[39m
                    
[33mdata-col-id[39m=[32m"manufacturer"[39m
                  [36m>[39m
                    [0mBanner[0m
                  [36m</div>[39m
                  [36m<div[39m
                    
[33mclass[39m=[32m"grid-cell"[39m
                    
[33mcontenteditable[39m=[32m"true"[39m
                    
[33mdata-col-id[39m=[32m"description"[39m
                  [36m>[39m
                    [0mBanner Photoelectric 
Sensor[0m
                  [36m</div>[39m
                  [36m<div[39m
                    
[33mclass[39m=[32m"grid-cell"[39m
                    
[33mcontenteditable[39m=[32m"true"[39m
                    
[33mdata-col-id[39m=[32m"itemType"[39m
                  [36m>[39m
                    [0mcomponent[0m
                  [36m</div>[39m
                  [36m<div[39m
                    
[33mclass[39m=[32m"grid-cell"[39m
                    
[33mdata-col-id[39m=[32m"id"[39m
                  [36m>[39m
                    [0mitem-2[0m
                  [36m</div>[39m
                  [36m<div[39m
                    
[33mclass[39m=[32m"grid-cell"[39m
                  [36m>[39m
                    [36m<button>[39m
                      [0mDelete[0m
                    [36m</button>[39m
                  [36m</div>[39m
                [36m</div>[39m
                [36m<div[39m
                  
[33mclass[39m=[32m"grid-row"[39m
                  
[33mdata-row-id[39m=[32m"item-3"[39m
                  
[33mdata-row-index[39m=[32m"2"[39m
                [36m>[39m
                  [36m<div[39m
                    
[33mclass[39m=[32m"grid-cell"[39m
                    
[33mdata-col-id[39m=[32m"actions"[39m
                  [36m/>[39m
                  [36m<div[39m
                    
[33mclass[39m=[32m"grid-cell"[39m
                    
[33mcontenteditable[39m=[32m"false"[39m
                    
[33mdata-col-id[39m=[32m"totalPrice"[39m
                  [36m>[39m
                    [0m6500.00[0m
                  [36m</div>[39m
                  [36m<div[39m
                    
[33mclass[39m=[32m"grid-cell"[39m
                    
[33mcontenteditable[39m=[32m"false"[39m
                    
[33mdata-col-id[39m=[32m"totalCost"[39m
                  [36m>[39m
                    [0m5000.00[0m
                  [36m</div>[39m
                  [36m<div[39m
                    
[33mclass[39m=[32m"grid-cell"[39m
                    
[33mcontenteditable[39m=[32m"false"[39m
                    
[33mdata-col-id[39m=[32m"margin"[39m
                  [36m>[39m
                    [0m30%[0m
                  [36m</div>[39m
                  [36m<div[39m
                    
[33mclass[39m=[32m"grid-cell"[39m
                    
[33mcontenteditable[39m=[32m"true"[39m
                    
[33mdata-col-id[39m=[32m"customerPrice"[39m
                  [36m>[39m
                    [0m6500[0m
                  [36m</div>[39m
                  [36m<div[39m
                    
[33mclass[39m=[32m"grid-cell"[39m
                    
[33mcontenteditable[39m=[32m"true"[39m
                    
[33mdata-col-id[39m=[32m"unitCost"[39m
                  [36m>[39m
                    [0m5000[0m
                  [36m</div>[39m
                  [36m<div[39m
                    
[33mclass[39m=[32m"grid-cell"[39m
                    
[33mcontenteditable[39m=[32m"true"[39m
                    
[33mdata-col-id[39m=[32m"quantity"[39m
                  [36m>[39m
                    [0m1[0m
                  [36m</div>[39m
                  [36m<div[39m
                    
[33mclass[39m=[32m"grid-cell"[39m
                    
[33mcontenteditable[39m=[32m"true"[39m
                    
[33mdata-col-id[39m=[32m"supplier"[39m
                  [36m>[39m
                    [0mCustom Builder[0m
                  [36m</div>[39m
                  [36m<div[39m
                    
[33mclass[39m=[32m"grid-cell"[39m
                    
[33mcontenteditable[39m=[32m"true"[39m
                    
[33mdata-col-id[39m=[32m"manufacturerPn"[39m
                  [36m/>[39m
                  [36m<div[39m
                    
[33mclass[39m=[32m"grid-cell"[39m
                    
[33mcontenteditable[39m=[32m"true"[39m
                    
[33mdata-col-id[39m=[32m"manufacturer"[39m
                  [36m>[39m
                    [0mCustom[0m
                  [36m</div>[39m
                  [36m<div[39m
                    
[33mclass[39m=[32m"grid-cell"[39m
                    
[33mcontenteditable[39m=[32m"true"[39m
                    
[33mdata-col-id[39m=[32m"description"[39m
                  [36m>[39m
                    [0mControl Cabinet Assembly[0m
                  [36m</div>[39m
                  [36m<div[39m
                    
[33mclass[39m=[32m"grid-cell"[39m
                    
[33mcontenteditable[39m=[32m"true"[39m
                    
[33mdata-col-id[39m=[32m"itemType"[39m
                  [36m>[39m
                    [0massembly[0m
                  [36m</div>[39m
                  [36m<div[39m
                    
[33mclass[39m=[32m"grid-cell"[39m
                    
[33mdata-col-id[39m=[32m"id"[39m
                  [36m>[39m
                    [0mitem-3[0m
                  [36m</div>[39m
                  [36m<div[39m
                    
[33mclass[39m=[32m"grid-cell"[39m
                  [36m>[39m
                    [36m<button>[39m
                      [0mDelete[0m
                    [36m</button>[39m
                  [36m</div>[39m
                [36m</div>[39m
              [36m</div>[39m
            [36m</div>[39m
          [36m</div>[39m
          [36m<div[39m
            [33mclass[39m=[32m"border-t 
pt-4"[39m
          [36m>[39m
            [36m<div[39m
              [33mclass[39m=[32m"grid 
grid-cols-1 md:grid-cols-4 gap-4"[39m
            [36m>[39m
              [36m<div>[39m
                [36m<div[39m
                  [33mclass[39m=[32m"text-sm 
font-medium text-gray-600"[39m
                [36m>[39m
                  [0mTotal Cost[0m
                [36m</div>[39m
                [36m<div[39m
                  [33mclass[39m=[32m"text-2xl 
font-bold"[39m
                [36m>[39m
                  [0m$8,100.00[0m
                [36m</div>[39m
              [36m</div>[39m
              [36m<div>[39m
                [36m<div[39m
                  [33mclass[39m=[32m"text-sm 
font-medium text-gray-600"[39m
                [36m>[39m
                  [0mTotal Price[0m
                [36m</div>[39m
                [36m<div[39m
                  [33mclass[39m=[32m"text-2xl 
font-bold text-blue-600"[39m
                [36m>[39m
                  [0m$10,375.00[0m
                [36m</div>[39m
              [36m</div>[39m
              [36m<div>[39m
                [36m<div[39m
                  [33mclass[39m=[32m"text-sm 
font-medium text-gray-600"[39m
                [36m>[39m
                  [0mTotal Margin[0m
                [36m</div>[39m
                [36m<div[39m
                  [33mclass[39m=[32m"text-2xl 
font-bold text-green-600"[39m
                [36m>[39m
                  [0m$2,275.00[0m
                [36m</div>[39m
              [36m</div>[39m
              [36m<div>[39m
                [36m<div[39m
                  [33mclass[39m=[32m"text-sm 
font-medium text-gray-600"[39m
                [36m>[39m
                  [0mAverage Margin[0m
                [36m</div>[39m
                [36m<div[39m
                  [33mclass[39m=[32m"text-2xl 
font-bold text-green-600"[39m
                [36m>[39m
                  [0m26.7[0m
                  [0m%[0m
                [36m</div>[39m
              [36m</div>[39m
            [36m</div>[39m
          [36m</div>[39m
        [36m</div>[39m
      [36m</div>[39m
    [36m</div>[39m
  [36m</div>[39m
[36m</body>[39m
[90m [2mΓ¥»[22m Object.getElementError node_modul
es/@testing-library/react/node_modules/@testing-libr
ary/dom/dist/config.js:[2m37:19[22m[39m
[90m [2mΓ¥»[22m node_modules/@testing-library/rea
ct/node_modules/@testing-library/dom/dist/query-help
ers.js:[2m76:38[22m[39m
[90m [2mΓ¥»[22m node_modules/@testing-library/rea
ct/node_modules/@testing-library/dom/dist/query-help
ers.js:[2m52:17[22m[39m
[90m [2mΓ¥»[22m node_modules/@testing-library/rea
ct/node_modules/@testing-library/dom/dist/query-help
ers.js:[2m95:19[22m[39m
[36m [2mΓ¥»[22m src/components/shared/__tests__/B
OMGrid.test.tsx:[2m347:21[22m[39m
    [90m345| [39m
    [90m346| [39m      [90m// Check margin 
display[39m
    [90m347| [39m      [34mexpect[39m(screen[33
m.[39m[34mgetByText[39m([32m'25.0%'[39m))[33m.
[39m[34mtoBeInTheDocument[39m()[33m;[39m
    [90m   | [39m                    [31m^[39m
    [90m348| [39m    })[33m;[39m
    [90m349| [39m

[31m[2mΓÄ»ΓÄ»ΓÄ»ΓÄ»ΓÄ»ΓÄ»ΓÄ»ΓÄ»ΓÄ»ΓÄ»ΓÄ»ΓÄ»ΓÄ»ΓÄ»Γ
Ä»ΓÄ»ΓÄ»ΓÄ»ΓÄ»ΓÄ»ΓÄ»ΓÄ»[36/95]ΓÄ»[22m[39m

[31m[1m[7m FAIL [27m[22m[39m src/components/sh
ared/__tests__/BOMGrid.test.tsx[2m > 
[22mBOMGrid[2m > [22mMargin Calculations[2m > 
[22mshows margin color coding based on value
[31m[1mTestingLibraryElementError[22m[39m: 
Unable to find an element with the text: 25.0%. 
This could be because the text is broken up by 
multiple elements. In this case, you can provide a 
function for your text matcher to make your matcher 
more flexible.

Ignored nodes: comments, script, style
[36m<body>[39m
  [36m<div>[39m
    [36m<div[39m
      [33mclass[39m=[32m"rounded-lg border 
bg-card text-card-foreground shadow-sm w-full"[39m
    [36m>[39m
      [36m<div[39m
        [33mclass[39m=[32m"flex flex-col 
space-y-1.5 p-6"[39m
      [36m>[39m
        [36m<div[39m
          [33mclass[39m=[32m"flex 
justify-between items-center"[39m
        [36m>[39m
          [36m<h3[39m
            [33mclass[39m=[32m"font-semibold 
tracking-tight text-xl"[39m
          [36m>[39m
            [0mBill of Materials[0m
          [36m</h3>[39m
          [36m<div[39m
            [33mclass[39m=[32m"flex gap-2"[39m
          [36m>[39m
            [36m<button[39m
              [33mclass[39m=[32m"inline-flex 
items-center justify-center whitespace-nowrap 
text-sm font-medium ring-offset-background 
transition-colors focus-visible:outline-none 
focus-visible:ring-2 focus-visible:ring-ring 
focus-visible:ring-offset-2 
disabled:pointer-events-none disabled:opacity-50 
bg-primary text-primary-foreground 
hover:bg-primary/90 h-9 rounded-md px-3"[39m
            [36m>[39m
              [0mPlus[0m
              [0mAdd Item[0m
            [36m</button>[39m
            [36m<button[39m
              [33mclass[39m=[32m"inline-flex 
items-center justify-center whitespace-nowrap 
text-sm font-medium ring-offset-background 
transition-colors focus-visible:outline-none 
focus-visible:ring-2 focus-visible:ring-ring 
focus-visible:ring-offset-2 
disabled:pointer-events-none disabled:opacity-50 
border border-input bg-background hover:bg-accent 
hover:text-accent-foreground h-9 rounded-md 
px-3"[39m
            [36m>[39m
              [0mCalculator[0m
              [0mApply 25% Markup[0m
            [36m</button>[39m
          [36m</div>[39m
        [36m</div>[39m
      [36m</div>[39m
      [36m<div[39m
        [33mclass[39m=[32m"p-6 pt-0"[39m
      [36m>[39m
        [36m<div[39m
          [33mclass[39m=[32m"space-y-4"[39m
        [36m>[39m
          [36m<div[39m
            
[33mclass[39m=[32m"ag-theme-alpine"[39m
            [33mstyle[39m=[32m"height: 400px; 
width: 100%; direction: rtl;"[39m
          [36m>[39m
            [36m<div[39m
              
[33mclass[39m=[32m"ag-theme-alpine"[39m
              
[33mdata-testid[39m=[32m"ag-grid"[39m
            [36m>[39m
              [36m<div[39m
                
[33mclass[39m=[32m"grid-header"[39m
              [36m>[39m
                [36m<div[39m
                  
[33mclass[39m=[32m"grid-header-cell"[39m
                  
[33mdata-col-id[39m=[32m"actions"[39m
                [36m>[39m
                  [0mActions[0m
                [36m</div>[39m
                [36m<div[39m
                  
[33mclass[39m=[32m"grid-header-cell"[39m
                  
[33mdata-col-id[39m=[32m"totalPrice"[39m
                [36m>[39m
                  [0mTotal Price[0m
                [36m</div>[39m
                [36m<div[39m
                  
[33mclass[39m=[32m"grid-header-cell"[39m
                  
[33mdata-col-id[39m=[32m"totalCost"[39m
                [36m>[39m
                  [0mTotal Cost[0m
                [36m</div>[39m
                [36m<div[39m
                  
[33mclass[39m=[32m"grid-header-cell"[39m
                  
[33mdata-col-id[39m=[32m"margin"[39m
                [36m>[39m
                  [0mMargin %[0m
                [36m</div>[39m
                [36m<div[39m
                  
[33mclass[39m=[32m"grid-header-cell"[39m
                  
[33mdata-col-id[39m=[32m"customerPrice"[39m
                [36m>[39m
                  [0mCustomer Price[0m
                [36m</div>[39m
                [36m<div[39m
                  
[33mclass[39m=[32m"grid-header-cell"[39m
                  
[33mdata-col-id[39m=[32m"unitCost"[39m
                [36m>[39m
                  [0mUnit Cost[0m
                [36m</div>[39m
                [36m<div[39m
                  
[33mclass[39m=[32m"grid-header-cell"[39m
                  
[33mdata-col-id[39m=[32m"quantity"[39m
                [36m>[39m
                  [0mQty[0m
                [36m</div>[39m
                [36m<div[39m
                  
[33mclass[39m=[32m"grid-header-cell"[39m
                  
[33mdata-col-id[39m=[32m"supplier"[39m
                [36m>[39m
                  [0mSupplier[0m
                [36m</div>[39m
                [36m<div[39m
                  
[33mclass[39m=[32m"grid-header-cell"[39m
                  
[33mdata-col-id[39m=[32m"manufacturerPn"[39m
                [36m>[39m
                  [0mMFR P/N[0m
                [36m</div>[39m
                [36m<div[39m
                  
[33mclass[39m=[32m"grid-header-cell"[39m
                  
[33mdata-col-id[39m=[32m"manufacturer"[39m
                [36m>[39m
                  [0mManufacturer[0m
                [36m</div>[39m
                [36m<div[39m
                  
[33mclass[39m=[32m"grid-header-cell"[39m
                  
[33mdata-col-id[39m=[32m"description"[39m
                [36m>[39m
                  [0mDescription[0m
                [36m</div>[39m
                [36m<div[39m
                  
[33mclass[39m=[32m"grid-header-cell"[39m
                  
[33mdata-col-id[39m=[32m"itemType"[39m
                [36m>[39m
                  [0mType[0m
                [36m</div>[39m
                [36m<div[39m
                  
[33mclass[39m=[32m"grid-header-cell"[39m
                  
[33mdata-col-id[39m=[32m"id"[39m
                [36m/>[39m
              [36m</div>[39m
              [36m<div[39m
                
[33mclass[39m=[32m"grid-body"[39m
              [36m>[39m
                [36m<div[39m
                  
[33mclass[39m=[32m"grid-row"[39m
                  
[33mdata-row-id[39m=[32m"item-1"[39m
                  
[33mdata-row-index[39m=[32m"0"[39m
                [36m>[39m
                  [36m<div[39m
                    
[33mclass[39m=[32m"grid-cell"[39m
                    
[33mdata-col-id[39m=[32m"actions"[39m
                  [36m/>[39m
                  [36m<div[39m
                    
[33mclass[39m=[32m"grid-cell"[39m
                    
[33mcontenteditable[39m=[32m"false"[39m
                    
[33mdata-col-id[39m=[32m"totalPrice"[39m
                  [36m>[39m
                    [0m3125.00[0m
                  [36m</div>[39m
                  [36m<div[39m
                    
[33mclass[39m=[32m"grid-cell"[39m
                    
[33mcontenteditable[39m=[32m"false"[39m
                    
[33mdata-col-id[39m=[32m"totalCost"[39m
                  [36m>[39m
                    [0m2500.00[0m
                  [36m</div>[39m
                  [36m<div[39m
                    
[33mclass[39m=[32m"grid-cell"[39m
                    
[33mcontenteditable[39m=[32m"false"[39m
                    
[33mdata-col-id[39m=[32m"margin"[39m
                  [36m>[39m
                    [0m25%[0m
                  [36m</div>[39m
                  [36m<div[39m
                    
[33mclass[39m=[32m"grid-cell"[39m
                    
[33mcontenteditable[39m=[32m"true"[39m
                    
[33mdata-col-id[39m=[32m"customerPrice"[39m
                  [36m>[39m
                    [0m3125[0m
                  [36m</div>[39m
                  [36m<div[39m
                    
[33mclass[39m=[32m"grid-cell"[39m
                    
[33mcontenteditable[39m=[32m"true"[39m
                    
[33mdata-col-id[39m=[32m"unitCost"[39m
                  [36m>[39m
                    [0m2500[0m
                  [36m</div>[39m
                  [36m<div[39m
                    
[33mclass[39m=[32m"grid-cell"[39m
                    
[33mcontenteditable[39m=[32m"true"[39m
                    
[33mdata-col-id[39m=[32m"quantity"[39m
                  [36m>[39m
                    [0m1[0m
                  [36m</div>[39m
                  [36m<div[39m
                    
[33mclass[39m=[32m"grid-cell"[39m
                    
[33mcontenteditable[39m=[32m"true"[39m
                    
[33mdata-col-id[39m=[32m"supplier"[39m
                  [36m>[39m
                    [0mAutomation Supplier[0m
                  [36m</div>[39m
                  [36m<div[39m
                    
[33mclass[39m=[32m"grid-cell"[39m
                    
[33mcontenteditable[39m=[32m"true"[39m
                    
[33mdata-col-id[39m=[32m"manufacturerPn"[39m
                  [36m>[39m
                    [0m6ES7512-1DK01-0AB0[0m
                  [36m</div>[39m
                  [36m<div[39m
                    
[33mclass[39m=[32m"grid-cell"[39m
                    
[33mcontenteditable[39m=[32m"true"[39m
                    
[33mdata-col-id[39m=[32m"manufacturer"[39m
                  [36m>[39m
                    [0mSiemens[0m
                  [36m</div>[39m
                  [36m<div[39m
                    
[33mclass[39m=[32m"grid-cell"[39m
                    
[33mcontenteditable[39m=[32m"true"[39m
                    
[33mdata-col-id[39m=[32m"description"[39m
                  [36m>[39m
                    [0mSiemens S7-1500 PLC[0m
                  [36m</div>[39m
                  [36m<div[39m
                    
[33mclass[39m=[32m"grid-cell"[39m
                    
[33mcontenteditable[39m=[32m"true"[39m
                    
[33mdata-col-id[39m=[32m"itemType"[39m
                  [36m>[39m
                    [0mcomponent[0m
                  [36m</div>[39m
                  [36m<div[39m
                    
[33mclass[39m=[32m"grid-cell"[39m
                    
[33mdata-col-id[39m=[32m"id"[39m
                  [36m>[39m
                    [0mitem-1[0m
                  [36m</div>[39m
                  [36m<div[39m
                    
[33mclass[39m=[32m"grid-cell"[39m
                  [36m>[39m
                    [36m<button>[39m
                      [0mDelete[0m
                    [36m</button>[39m
                  [36m</div>[39m
                [36m</div>[39m
                [36m<div[39m
                  
[33mclass[39m=[32m"grid-row"[39m
                  
[33mdata-row-id[39m=[32m"item-2"[39m
                  
[33mdata-row-index[39m=[32m"1"[39m
                [36m>[39m
                  [36m<div[39m
                    
[33mclass[39m=[32m"grid-cell"[39m
                    
[33mdata-col-id[39m=[32m"actions"[39m
                  [36m/>[39m
                  [36m<div[39m
                    
[33mclass[39m=[32m"grid-cell"[39m
                    
[33mcontenteditable[39m=[32m"false"[39m
                    
[33mdata-col-id[39m=[32m"totalPrice"[39m
                  [36m>[39m
                    [0m750.00[0m
                  [36m</div>[39m
                  [36m<div[39m
                    
[33mclass[39m=[32m"grid-cell"[39m
                    
[33mcontenteditable[39m=[32m"false"[39m
                    
[33mdata-col-id[39m=[32m"totalCost"[39m
                  [36m>[39m
                    [0m600.00[0m
                  [36m</div>[39m
                  [36m<div[39m
                    
[33mclass[39m=[32m"grid-cell"[39m
                    
[33mcontenteditable[39m=[32m"false"[39m
                    
[33mdata-col-id[39m=[32m"margin"[39m
                  [36m>[39m
                    [0m25%[0m
                  [36m</div>[39m
                  [36m<div[39m
                    
[33mclass[39m=[32m"grid-cell"[39m
                    
[33mcontenteditable[39m=[32m"true"[39m
                    
[33mdata-col-id[39m=[32m"customerPrice"[39m
                  [36m>[39m
                    [0m187.5[0m
                  [36m</div>[39m
                  [36m<div[39m
                    
[33mclass[39m=[32m"grid-cell"[39m
                    
[33mcontenteditable[39m=[32m"true"[39m
                    
[33mdata-col-id[39m=[32m"unitCost"[39m
                  [36m>[39m
                    [0m150[0m
                  [36m</div>[39m
                  [36m<div[39m
                    
[33mclass[39m=[32m"grid-cell"[39m
                    
[33mcontenteditable[39m=[32m"true"[39m
                    
[33mdata-col-id[39m=[32m"quantity"[39m
                  [36m>[39m
                    [0m4[0m
                  [36m</div>[39m
                  [36m<div[39m
                    
[33mclass[39m=[32m"grid-cell"[39m
                    
[33mcontenteditable[39m=[32m"true"[39m
                    
[33mdata-col-id[39m=[32m"supplier"[39m
                  [36m>[39m
                    [0mSensor Supplier[0m
                  [36m</div>[39m
                  [36m<div[39m
                    
[33mclass[39m=[32m"grid-cell"[39m
                    
[33mcontenteditable[39m=[32m"true"[39m
                    
[33mdata-col-id[39m=[32m"manufacturerPn"[39m
                  [36m>[39m
                    [0mQS18VN6D[0m
                  [36m</div>[39m
                  [36m<div[39m
                    
[33mclass[39m=[32m"grid-cell"[39m
                    
[33mcontenteditable[39m=[32m"true"[39m
                    
[33mdata-col-id[39m=[32m"manufacturer"[39m
                  [36m>[39m
                    [0mBanner[0m
                  [36m</div>[39m
                  [36m<div[39m
                    
[33mclass[39m=[32m"grid-cell"[39m
                    
[33mcontenteditable[39m=[32m"true"[39m
                    
[33mdata-col-id[39m=[32m"description"[39m
                  [36m>[39m
                    [0mBanner Photoelectric 
Sensor[0m
                  [36m</div>[39m
                  [36m<div[39m
                    
[33mclass[39m=[32m"grid-cell"[39m
                    
[33mcontenteditable[39m=[32m"true"[39m
                    
[33mdata-col-id[39m=[32m"itemType"[39m
                  [36m>[39m
                    [0mcomponent[0m
                  [36m</div>[39m
                  [36m<div[39m
                    
[33mclass[39m=[32m"grid-cell"[39m
                    
[33mdata-col-id[39m=[32m"id"[39m
                  [36m>[39m
                    [0mitem-2[0m
                  [36m</div>[39m
                  [36m<div[39m
                    
[33mclass[39m=[32m"grid-cell"[39m
                  [36m>[39m
                    [36m<button>[39m
                      [0mDelete[0m
                    [36m</button>[39m
                  [36m</div>[39m
                [36m</div>[39m
                [36m<div[39m
                  
[33mclass[39m=[32m"grid-row"[39m
                  
[33mdata-row-id[39m=[32m"item-3"[39m
                  
[33mdata-row-index[39m=[32m"2"[39m
                [36m>[39m
                  [36m<div[39m
                    
[33mclass[39m=[32m"grid-cell"[39m
                    
[33mdata-col-id[39m=[32m"actions"[39m
                  [36m/>[39m
                  [36m<div[39m
                    
[33mclass[39m=[32m"grid-cell"[39m
                    
[33mcontenteditable[39m=[32m"false"[39m
                    
[33mdata-col-id[39m=[32m"totalPrice"[39m
                  [36m>[39m
                    [0m6500.00[0m
                  [36m</div>[39m
                  [36m<div[39m
                    
[33mclass[39m=[32m"grid-cell"[39m
                    
[33mcontenteditable[39m=[32m"false"[39m
                    
[33mdata-col-id[39m=[32m"totalCost"[39m
                  [36m>[39m
                    [0m5000.00[0m
                  [36m</div>[39m
                  [36m<div[39m
                    
[33mclass[39m=[32m"grid-cell"[39m
                    
[33mcontenteditable[39m=[32m"false"[39m
                    
[33mdata-col-id[39m=[32m"margin"[39m
                  [36m>[39m
                    [0m30%[0m
                  [36m</div>[39m
                  [36m<div[39m
                    
[33mclass[39m=[32m"grid-cell"[39m
                    
[33mcontenteditable[39m=[32m"true"[39m
                    
[33mdata-col-id[39m=[32m"customerPrice"[39m
                  [36m>[39m
                    [0m6500[0m
                  [36m</div>[39m
                  [36m<div[39m
                    
[33mclass[39m=[32m"grid-cell"[39m
                    
[33mcontenteditable[39m=[32m"true"[39m
                    
[33mdata-col-id[39m=[32m"unitCost"[39m
                  [36m>[39m
                    [0m5000[0m
                  [36m</div>[39m
                  [36m<div[39m
                    
[33mclass[39m=[32m"grid-cell"[39m
                    
[33mcontenteditable[39m=[32m"true"[39m
                    
[33mdata-col-id[39m=[32m"quantity"[39m
                  [36m>[39m
                    [0m1[0m
                  [36m</div>[39m
                  [36m<div[39m
                    
[33mclass[39m=[32m"grid-cell"[39m
                    
[33mcontenteditable[39m=[32m"true"[39m
                    
[33mdata-col-id[39m=[32m"supplier"[39m
                  [36m>[39m
                    [0mCustom Builder[0m
                  [36m</div>[39m
                  [36m<div[39m
                    
[33mclass[39m=[32m"grid-cell"[39m
                    
[33mcontenteditable[39m=[32m"true"[39m
                    
[33mdata-col-id[39m=[32m"manufacturerPn"[39m
                  [36m/>[39m
                  [36m<div[39m
                    
[33mclass[39m=[32m"grid-cell"[39m
                    
[33mcontenteditable[39m=[32m"true"[39m
                    
[33mdata-col-id[39m=[32m"manufacturer"[39m
                  [36m>[39m
                    [0mCustom[0m
                  [36m</div>[39m
                  [36m<div[39m
                    
[33mclass[39m=[32m"grid-cell"[39m
                    
[33mcontenteditable[39m=[32m"true"[39m
                    
[33mdata-col-id[39m=[32m"description"[39m
                  [36m>[39m
                    [0mControl Cabinet Assembly[0m
                  [36m</div>[39m
                  [36m<div[39m
                    
[33mclass[39m=[32m"grid-cell"[39m
                    
[33mcontenteditable[39m=[32m"true"[39m
                    
[33mdata-col-id[39m=[32m"itemType"[39m
                  [36m>[39m
                    [0massembly[0m
                  [36m</div>[39m
                  [36m<div[39m
                    
[33mclass[39m=[32m"grid-cell"[39m
                    
[33mdata-col-id[39m=[32m"id"[39m
                  [36m>[39m
                    [0mitem-3[0m
                  [36m</div>[39m
                  [36m<div[39m
                    
[33mclass[39m=[32m"grid-cell"[39m
                  [36m>[39m
                    [36m<button>[39m
                      [0mDelete[0m
                    [36m</button>[39m
                  [36m</div>[39m
                [36m</div>[39m
              [36m</div>[39m
            [36m</div>[39m
          [36m</div>[39m
          [36m<div[39m
            [33mclass[39m=[32m"border-t 
pt-4"[39m
          [36m>[39m
            [36m<div[39m
              [33mclass[39m=[32m"grid 
grid-cols-1 md:grid-cols-4 gap-4"[39m
            [36m>[39m
              [36m<div>[39m
                [36m<div[39m
                  [33mclass[39m=[32m"text-sm 
font-medium text-gray-600"[39m
                [36m>[39m
                  [0mTotal Cost[0m
                [36m</div>[39m
                [36m<div[39m
                  [33mclass[39m=[32m"text-2xl 
font-bold"[39m
                [36m>[39m
                  [0m$8,100.00[0m
                [36m</div>[39m
              [36m</div>[39m
              [36m<div>[39m
                [36m<div[39m
                  [33mclass[39m=[32m"text-sm 
font-medium text-gray-600"[39m
                [36m>[39m
                  [0mTotal Price[0m
                [36m</div>[39m
                [36m<div[39m
                  [33mclass[39m=[32m"text-2xl 
font-bold text-blue-600"[39m
                [36m>[39m
                  [0m$10,375.00[0m
                [36m</div>[39m
              [36m</div>[39m
              [36m<div>[39m
                [36m<div[39m
                  [33mclass[39m=[32m"text-sm 
font-medium text-gray-600"[39m
                [36m>[39m
                  [0mTotal Margin[0m
                [36m</div>[39m
                [36m<div[39m
                  [33mclass[39m=[32m"text-2xl 
font-bold text-green-600"[39m
                [36m>[39m
                  [0m$2,275.00[0m
                [36m</div>[39m
              [36m</div>[39m
              [36m<div>[39m
                [36m<div[39m
                  [33mclass[39m=[32m"text-sm 
font-medium text-gray-600"[39m
                [36m>[39m
                  [0mAverage Margin[0m
                [36m</div>[39m
                [36m<div[39m
                  [33mclass[39m=[32m"text-2xl 
font-bold text-green-600"[39m
                [36m>[39m
                  [0m26.7[0m
                  [0m%[0m
                [36m</div>[39m
              [36m</div>[39m
            [36m</div>[39m
          [36m</div>[39m
        [36m</div>[39m
      [36m</div>[39m
    [36m</div>[39m
  [36m</div>[39m
[36m</body>[39m
[90m [2mΓ¥»[22m Object.getElementError node_modul
es/@testing-library/react/node_modules/@testing-libr
ary/dom/dist/config.js:[2m37:19[22m[39m
[90m [2mΓ¥»[22m node_modules/@testing-library/rea
ct/node_modules/@testing-library/dom/dist/query-help
ers.js:[2m76:38[22m[39m
[90m [2mΓ¥»[22m node_modules/@testing-library/rea
ct/node_modules/@testing-library/dom/dist/query-help
ers.js:[2m109:15[22m[39m
[36m [2mΓ¥»[22m src/components/shared/__tests__/B
OMGrid.test.tsx:[2m354:34[22m[39m
    [90m352| [39m
    [90m353| [39m      [90m// Check that margin 
cells have appropriate styling[39m
    [90m354| [39m      [35mconst[39m 
marginCells [33m=[39m screen[33m.[39m[34mgetAll
ByText[39m([32m'25.0%'[39m)[33m;[39m
    [90m   | [39m                                 
[31m^[39m
    [90m355| [39m      [34mexpect[39m(marginCell
s[33m.[39mlength)[33m.[39m[34mtoBeGreaterThan[
39m([34m0[39m)[33m;[39m
    [90m356| [39m    })[33m;[39m

[31m[2mΓÄ»ΓÄ»ΓÄ»ΓÄ»ΓÄ»ΓÄ»ΓÄ»ΓÄ»ΓÄ»ΓÄ»ΓÄ»ΓÄ»ΓÄ»ΓÄ»Γ
Ä»ΓÄ»ΓÄ»ΓÄ»ΓÄ»ΓÄ»ΓÄ»ΓÄ»[37/95]ΓÄ»[22m[39m

[31m[1m[7m FAIL [27m[22m[39m src/components/sh
ared/__tests__/BOMGrid.test.tsx[2m > 
[22mBOMGrid[2m > [22mPerformance with Large 
Datasets[2m > [22mhandles large BOM lists 
efficiently
[31m[1mAssertionError[22m: expected 
381.7397999999994 to be less than 100[39m
[36m [2mΓ¥»[22m src/components/shared/__tests__/B
OMGrid.test.tsx:[2m376:35[22m[39m
    [90m374| [39m
    [90m375| [39m      [90m// Should render 
within reasonable time (< 100ms for 100 items)[39m
    [90m376| [39m      [34mexpect[39m(endTime 
[33m-[39m startTime)[33m.[39m[34mtoBeLessThan[
39m([34m100[39m)[33m;[39m
    [90m   | [39m                                 
 [31m^[39m
    [90m377| [39m    })[33m;[39m
    [90m378| [39m  })[33m;[39m

[31m[2mΓÄ»ΓÄ»ΓÄ»ΓÄ»ΓÄ»ΓÄ»ΓÄ»ΓÄ»ΓÄ»ΓÄ»ΓÄ»ΓÄ»ΓÄ»ΓÄ»Γ
Ä»ΓÄ»ΓÄ»ΓÄ»ΓÄ»ΓÄ»ΓÄ»ΓÄ»[38/95]ΓÄ»[22m[39m

[31m[1m[7m FAIL [27m[22m[39m src/components/sh
ared/__tests__/Sidebar.navigation.test.tsx[2m > 
[22mSidebar - Navigation with Quotation Fix[2m > 
[22mshould navigate normally when no quotation is 
open
[31m[1mAssertionError[22m: expected "spy" to be 
called with arguments: [ 'components' ][90m

Received: 

[31m[90m

Number of calls: [1m0[22m
[31m[39m
[36m [2mΓ¥»[22m src/components/shared/__tests__/S
idebar.navigation.test.tsx:[2m44:31[22m[39m
    [90m 42| [39m    [35mawait[39m 
user[33m.[39m[34mclick[39m(componentButton)
    [90m 43| [39m
    [90m 44| [39m    [34mexpect[39m(mockSetActiv
eView)[33m.[39m[34mtoHaveBeenCalledWith[39m([32
m'components'[39m)
    [90m   | [39m                              
[31m^[39m
    [90m 45| [39m    [34mexpect[39m(screen[33m.
[39m[34mqueryByText[39m([32m'╫í╫Æ╫Ö╫¿╫¬ 
╫ö╫ª╫ó╫¬ ╫₧╫ù╫Ö╫¿'[39m))[33m.[39mnot[33m.[39m[
34mtoBeInTheDocumen[39mΓÇª
    [90m 46| [39m  })

[31m[2mΓÄ»ΓÄ»ΓÄ»ΓÄ»ΓÄ»ΓÄ»ΓÄ»ΓÄ»ΓÄ»ΓÄ»ΓÄ»ΓÄ»ΓÄ»ΓÄ»Γ
Ä»ΓÄ»ΓÄ»ΓÄ»ΓÄ»ΓÄ»ΓÄ»ΓÄ»[39/95]ΓÄ»[22m[39m

[31m[1m[7m FAIL [27m[22m[39m src/components/sh
ared/__tests__/Sidebar.navigation.test.tsx[2m > 
[22mSidebar - Navigation with Quotation Fix[2m > 
[22mshould render all navigation items
[31m[1mTestingLibraryElementError[22m: Unable to 
find an element with the text: ╫£╫ò╫ù ╫æ╫º╫¿╫ö. 
This could be because the text is broken up by 
multiple elements. In this case, you can provide a 
function for your text matcher to make your matcher 
more flexible.

Ignored nodes: comments, script, style
[36m<body>[31m
  [36m<div>[31m
    [36m<div[31m
      [33mclass[31m=[32m"flex flex-col bg-card 
border-l border-border transition-all duration-300 
w-64"[31m
    [36m>[31m
      [36m<div[31m
        [33mclass[31m=[32m"bg-primary p-4"[31m
      [36m>[31m
        [36m<div[31m
          [33mclass[31m=[32m"flex items-center 
justify-between"[31m
        [36m>[31m
          [36m<h1[31m
            [33mclass[31m=[32m"text-lg font-bold 
text-primary-foreground w-full text-center"[31m
          [36m>[31m
            [0mRadiaQ AI[0m
          [36m</h1>[31m
          [36m<button[31m
            [33mclass[31m=[32m"p-2 rounded-md 
hover:bg-primary-foreground/10 transition-colors 
flex-shrink-0"[31m
          [36m>[31m
            [0mX[0m
          [36m</button>[31m
        [36m</div>[31m
      [36m</div>[31m
      [36m<nav[31m
        [33mclass[31m=[32m"flex-1 p-4 
space-y-2"[31m
      [36m>[31m
        [36m<button[31m
          [33mclass[31m=[32m"w-full flex 
items-center space-x-reverse space-x-3 px-3 py-2 
rounded-md text-sm font-medium transition-colors 
bg-primary text-primary-foreground"[31m
        [36m>[31m
          [0mLayoutDashboard[0m
          [36m<span[31m
            [33mclass[31m=[32m"truncate"[31m
          [36m>[31m
            [0m╫æ╫Ö╫¬[0m
          [36m</span>[31m
        [36m</button>[31m
        [36m<button[31m
          [33mclass[31m=[32m"w-full flex 
items-center space-x-reverse space-x-3 px-3 py-2 
rounded-md text-sm font-medium transition-colors 
text-muted-foreground hover:bg-accent 
hover:text-foreground"[31m
        [36m>[31m
          [0mFolderOpen[0m
          [36m<span[31m
            [33mclass[31m=[32m"truncate"[31m
          [36m>[31m
            [0m╫ñ╫¿╫ò╫Ö╫º╫ÿ╫Ö╫¥[0m
          [36m</span>[31m
        [36m</button>[31m
        [36m<button[31m
          [33mclass[31m=[32m"w-full flex 
items-center space-x-reverse space-x-3 px-3 py-2 
rounded-md text-sm font-medium transition-colors 
text-muted-foreground hover:bg-accent 
hover:text-foreground"[31m
        [36m>[31m
          [0mCalculator[0m
          [36m<span[31m
            [33mclass[31m=[32m"truncate"[31m
          [36m>[31m
            [0m╫ö╫ª╫ó╫ò╫¬ ╫₧╫ù╫Ö╫¿[0m
          [36m</span>[31m
        [36m</button>[31m
        [36m<button[31m
          [33mclass[31m=[32m"w-full flex 
items-center space-x-reverse space-x-3 px-3 py-2 
rounded-md text-sm font-medium transition-colors 
text-muted-foreground hover:bg-accent 
hover:text-foreground"[31m
        [36m>[31m
          [0mFileText[0m
          [36m<span[31m
            [33mclass[31m=[32m"truncate"[31m
          [36m>[31m
            [0m╫ö╫ª╫ó╫ò╫¬ ╫í╫ñ╫º╫Ö╫¥[0m
          [36m</span>[31m
        [36m</button>[31m
        [36m<button[31m
          [33mclass[31m=[32m"w-full flex 
items-center space-x-reverse space-x-3 px-3 py-2 
rounded-md text-sm font-medium transition-colors 
text-muted-foreground hover:bg-accent 
hover:text-foreground"[31m
        [36m>[31m
          [0mPackage[0m
          [36m<span[31m
            [33mclass[31m=[32m"truncate"[31m
          [36m>[31m
            [0m╫í╫ñ╫¿╫Ö╫Ö╫ö[0m
          [36m</span>[31m
        [36m</button>[31m
        [36m<button[31m
[2m Test Files [22m [1m[31m9 failed[39m[22m[2m | [22m[1m[32m12 passed[39m[22m[90m (21)[39m
[2m      Tests [22m [1m[31m93 failed[39m[22m[2m | [22m[1m[32m430 passed[39m[22m[90m (523)[39m
[2m   Start at [22m 20:20:03
[2m   Duration [22m 25.94s[2m (transform 6.50s, setup 34.31s, collect 40.39s, tests 36.62s, environment 23.51s, prepare 21.51s)[22m


[1m[7m[31m FAIL [39m[27m[22m[31m Tests failed. Watching for file changes...[39m
       [2mpress [22m[1mh[22m[2m to show help[22m[2m, [22m[2mpress [22m[1mq[22m[2m to quit[22m
          [33mclass[31m=[32m"w-full flex 
items-center space-x-reverse space-x-3 px-3 py-2 
rounded-md text-sm font-medium transition-colors 
text-muted-foreground hover:bg-accent 
hover:text-foreground"[31m
        [36m>[31m
          [0mBarChart3[0m
          [36m<span[31m
            [33mclass[31m=[32m"truncate"[31m
          [36m>[31m
            [0m╫á╫Ö╫¬╫ò╫ù╫Ö╫¥[0m
          [36m</span>[31m
        [36m</button>[31m
        [36m<div[31m
          [33mclass[31m=[32m"pt-4 mt-2 border-t 
border-border"[31m
        [36m/>[31m
        [36m<button[31m
          [33mclass[31m=[32m"w-full flex 
items-center space-x-reverse space-x-3 px-3 py-2 
rounded-md text-sm font-medium transition-colors 
text-muted-foreground hover:bg-accent 
hover:text-foreground"[31m
        [36m>[31m
          [0mSettings[0m
          [36m<span[31m
            [33mclass[31m=[32m"truncate"[31m
          [36m>[31m
            [0m╫ö╫Æ╫ô╫¿╫ò╫¬[0m
          [36m</span>[31m
        [36m</button>[31m
      [36m</nav>[31m
    [36m</div>[31m
  [36m</div>[31m
[36m</body>[31m[39m
[90m [2mΓ¥»[22m Object.getElementError node_modul
es/@testing-library/react/node_modules/@testing-libr
ary/dom/dist/config.js:[2m37:19[22m[39m
[90m [2mΓ¥»[22m node_modules/@testing-library/rea
ct/node_modules/@testing-library/dom/dist/query-help
ers.js:[2m76:38[22m[39m
[90m [2mΓ¥»[22m node_modules/@testing-library/rea
ct/node_modules/@testing-library/dom/dist/query-help
ers.js:[2m52:17[22m[39m
[90m [2mΓ¥»[22m node_modules/@testing-library/rea
ct/node_modules/@testing-library/dom/dist/query-help
ers.js:[2m95:19[22m[39m
[36m [2mΓ¥»[22m src/components/shared/__tests__/S
idebar.navigation.test.tsx:[2m81:19[22m[39m
    [90m 79| [39m    
[34mrender[39m([33m<[39m[33mSidebar[39m 
[33m/[39m[33m>[39m)
    [90m 80| [39m
    [90m 81| [39m    [34mexpect[39m(screen[33m.
[39m[34mgetByText[39m([32m'╫£╫ò╫ù ╫æ╫º╫¿╫ö'[39m
))[33m.[39m[34mtoBeInTheDocument[39m()
    [90m   | [39m                  [31m^[39m
    [90m 82| [39m    [34mexpect[39m(screen[33m.
[39m[34mgetByText[39m([32m'╫ö╫ª╫ó╫ò╫¬ ╫í╫ñ╫º╫Ö╫¥
'[39m))[33m.[39m[34mtoBeInTheDocument[39m()
    [90m 83| [39m    [34mexpect[39m(screen[33m.
[39m[34mgetByText[39m([32m'╫ö╫ª╫ó╫ò╫¬ ╫₧╫ù╫Ö╫¿'
[39m))[33m.[39m[34mtoBeInTheDocument[39m()

[31m[2mΓÄ»ΓÄ»ΓÄ»ΓÄ»ΓÄ»ΓÄ»ΓÄ»ΓÄ»ΓÄ»ΓÄ»ΓÄ»ΓÄ»ΓÄ»ΓÄ»Γ
Ä»ΓÄ»ΓÄ»ΓÄ»ΓÄ»ΓÄ»ΓÄ»ΓÄ»[40/95]ΓÄ»[22m[39m

[31mCancelling test run. Press CTRL+c again to exit forcefully.
[39m
